Initialized native services in: C:\Users\leoja\.gradle\native
Initialized jansi services in: C:\Users\leoja\.gradle\native
Received JVM installation metadata from 'C:\Java\jdk-21': {JAVA_HOME=C:\Java\jdk-21, JAVA_VERSION=21.0.8, JAVA_VENDOR=Oracle Corporation, RUNTIME_NAME=Java(TM) SE Runtime Environment, RUNTIME_VERSION=21.0.8+12-LTS-250, VM_NAME=Java HotSpot(TM) 64-Bit Server VM, VM_VERSION=21.0.8+12-LTS-250, VM_VENDOR=Oracle Corporation, OS_ARCH=amd64}
The client will now receive all logging from the daemon (pid: 1064). The daemon log file: C:\Users\leoja\.gradle\daemon\8.5\daemon-1064.out.log
Starting 8th build in daemon [uptime: 32 mins 55.095 secs, performance: 99%, GC rate: 0.00/s, heap usage: 0% of 4 GiB, non-heap usage: 43% of 1 GiB]
Using 8 worker leases.
Now considering [C:\Users\leoja\AndroidStudioProjects\PaleobyLeoRecipes] as hierarchies to watch
Watching the file system is configured to be enabled if available
File system watching is active
Starting Build
Settings evaluated using settings file 'C:\Users\leoja\AndroidStudioProjects\PaleobyLeoRecipes\settings.gradle.kts'.
Projects loaded. Root project using build file 'C:\Users\leoja\AndroidStudioProjects\PaleobyLeoRecipes\build.gradle'.
Included projects: [root project 'PaleoRecipes', project ':app']

> Configure project :
Evaluating root project 'PaleoRecipes' using build file 'C:\Users\leoja\AndroidStudioProjects\PaleobyLeoRecipes\build.gradle'.
Build was configured to prefer settings repositories over project repositories but repository 'Google' was added by build file 'build.gradle'
Build was configured to prefer settings repositories over project repositories but repository 'MavenRepo' was added by build file 'build.gradle'
Build was configured to prefer settings repositories over project repositories but repository 'Google' was added by build file 'build.gradle'
Build was configured to prefer settings repositories over project repositories but repository 'MavenRepo' was added by build file 'build.gradle'
Build was configured to prefer settings repositories over project repositories but repository 'Google2' was added by build file 'build.gradle'
Build was configured to prefer settings repositories over project repositories but repository 'MavenRepo2' was added by build file 'build.gradle'
Build was configured to prefer settings repositories over project repositories but repository 'maven' was added by build file 'build.gradle'
Build was configured to prefer settings repositories over project repositories but repository 'Google2' was added by build file 'build.gradle'
Build was configured to prefer settings repositories over project repositories but repository 'MavenRepo2' was added by build file 'build.gradle'
Build was configured to prefer settings repositories over project repositories but repository 'maven' was added by build file 'build.gradle'

> Configure project :app
Evaluating project ':app' using build file 'C:\Users\leoja\AndroidStudioProjects\PaleobyLeoRecipes\app\build.gradle'.
WARNING: The option setting 'android.enableDexingArtifactTransform=false' is deprecated.
The current default is 'true'.
It will be removed in version 8.2 of the Android Gradle plugin.
Using default execution profile
Using Kotlin Gradle Plugin gradle82 variant
All projects evaluated.
Task name matched 'clean'
Task path ':app:build' matched project ':app'
Task name matched 'build'
Selected primary task 'clean' from project :
Selected primary task 'build' from project :app
Path for java installation 'C:\Users\leoja\.jdks\jbr-17.0.14' (IntelliJ IDEA) does not contain a java executable
Tasks to be executed: [task ':clean', task ':app:clean', task ':app:preBuild', task ':app:preDebugBuild', task ':app:mergeDebugNativeDebugMetadata', task ':app:checkKotlinGradlePluginConfigurationErrors', task ':app:dataBindingMergeDependencyArtifactsDebug', task ':app:generateDebugResValues', task ':app:generateDebugResources', task ':app:mergeDebugResources', task ':app:packageDebugResources', task ':app:parseDebugLocalResources', task ':app:dataBindingGenBaseClassesDebug', task ':app:dataBindingTriggerDebug', task ':app:generateDebugBuildConfig', task ':app:generateSafeArgsDebug', task ':app:checkDebugAarMetadata', task ':app:mapDebugSourceSetPaths', task ':app:createDebugCompatibleScreenManifests', task ':app:extractDeepLinksDebug', task ':app:processDebugMainManifest', task ':app:processDebugManifest', task ':app:processDebugManifestForPackage', task ':app:processDebugResources', task ':app:kaptGenerateStubsDebugKotlin', task ':app:kaptDebugKotlin', task ':app:compileDebugKotlin', task ':app:javaPreCompileDebug', task ':app:compileDebugJavaWithJavac', task ':app:mergeDebugShaders', task ':app:compileDebugShaders', task ':app:generateDebugAssets', task ':app:mergeDebugAssets', task ':app:compressDebugAssets', task ':app:l8DexDesugarLibDebug', task ':app:hiltAggregateDepsDebug', task ':app:hiltJavaCompileDebug', task ':app:transformDebugClassesWithAsm', task ':app:dexBuilderDebug', task ':app:mergeDebugGlobalSynthetics', task ':app:processDebugJavaRes', task ':app:mergeDebugJavaResource', task ':app:checkDebugDuplicateClasses', task ':app:mergeExtDexDebug', task ':app:mergeLibDexDebug', task ':app:mergeProjectDexDebug', task ':app:mergeDebugJniLibFolders', task ':app:mergeDebugNativeLibs', task ':app:stripDebugDebugSymbols', task ':app:validateSigningDebug', task ':app:writeDebugAppMetadata', task ':app:writeDebugSigningConfigVersions', task ':app:packageDebug', task ':app:createDebugApkListingFileRedirect', task ':app:assembleDebug', task ':app:buildKotlinToolingMetadata', task ':app:preReleaseBuild', task ':app:dataBindingMergeDependencyArtifactsRelease', task ':app:generateReleaseResValues', task ':app:generateReleaseResources', task ':app:mergeReleaseResources', task ':app:packageReleaseResources', task ':app:parseReleaseLocalResources', task ':app:dataBindingGenBaseClassesRelease', task ':app:dataBindingTriggerRelease', task ':app:generateReleaseBuildConfig', task ':app:generateSafeArgsRelease', task ':app:checkReleaseAarMetadata', task ':app:mapReleaseSourceSetPaths', task ':app:createReleaseCompatibleScreenManifests', task ':app:extractDeepLinksRelease', task ':app:processReleaseMainManifest', task ':app:processReleaseManifest', task ':app:processReleaseManifestForPackage', task ':app:processReleaseResources', task ':app:kaptGenerateStubsReleaseKotlin', task ':app:kaptReleaseKotlin', task ':app:compileReleaseKotlin', task ':app:javaPreCompileRelease', task ':app:compileReleaseJavaWithJavac', task ':app:extractProguardFiles', task ':app:hiltAggregateDepsRelease', task ':app:hiltJavaCompileRelease', task ':app:lintVitalAnalyzeRelease', task ':app:lintVitalReportRelease', task ':app:lintVitalRelease', task ':app:mergeReleaseJniLibFolders', task ':app:mergeReleaseNativeLibs', task ':app:stripReleaseDebugSymbols', task ':app:extractReleaseNativeSymbolTables', task ':app:mergeReleaseNativeDebugMetadata', task ':app:checkReleaseDuplicateClasses', task ':app:transformReleaseClassesWithAsm', task ':app:dexBuilderRelease', task ':app:mergeExtDexRelease', task ':app:mergeDexRelease', task ':app:l8DexDesugarLibRelease', task ':app:mergeReleaseArtProfile', task ':app:mergeReleaseGlobalSynthetics', task ':app:compileReleaseArtProfile', task ':app:mergeReleaseShaders', task ':app:compileReleaseShaders', task ':app:generateReleaseAssets', task ':app:mergeReleaseAssets', task ':app:compressReleaseAssets', task ':app:processReleaseJavaRes', task ':app:mergeReleaseJavaResource', task ':app:optimizeReleaseResources', task ':app:collectReleaseDependencies', task ':app:sdkReleaseDependencyData', task ':app:writeReleaseAppMetadata', task ':app:writeReleaseSigningConfigVersions', task ':app:packageRelease', task ':app:createReleaseApkListingFileRedirect', task ':app:assembleRelease', task ':app:assemble', task ':app:bundleDebugClassesToCompileJar', task ':app:preDebugAndroidTestBuild', task ':app:generateDebugAndroidTestResValues', task ':app:lintAnalyzeDebug', task ':app:lintReportDebug', task ':app:lintDebug', task ':app:lint', task ':app:bundleDebugClassesToRuntimeJar', task ':app:preDebugUnitTestBuild', task ':app:kaptGenerateStubsDebugUnitTestKotlin', task ':app:kaptDebugUnitTestKotlin', task ':app:compileDebugUnitTestKotlin', task ':app:javaPreCompileDebugUnitTest', task ':app:compileDebugUnitTestJavaWithJavac', task ':app:hiltAggregateDepsDebugUnitTest', task ':app:hiltJavaCompileDebugUnitTest', task ':app:processDebugUnitTestJavaRes', task ':app:transformDebugUnitTestClassesWithAsm', task ':app:testDebugUnitTest', task ':app:bundleReleaseClassesToRuntimeJar', task ':app:preReleaseUnitTestBuild', task ':app:bundleReleaseClassesToCompileJar', task ':app:kaptGenerateStubsReleaseUnitTestKotlin', task ':app:kaptReleaseUnitTestKotlin', task ':app:compileReleaseUnitTestKotlin', task ':app:javaPreCompileReleaseUnitTest', task ':app:compileReleaseUnitTestJavaWithJavac', task ':app:hiltAggregateDepsReleaseUnitTest', task ':app:hiltJavaCompileReleaseUnitTest', task ':app:processReleaseUnitTestJavaRes', task ':app:transformReleaseUnitTestClassesWithAsm', task ':app:testReleaseUnitTest', task ':app:test', task ':app:check', task ':app:build']
Tasks that were excluded: []
Analytics other plugin to proto: Unknown plugin type org.gradle.api.plugins.JvmEcosystemPlugin$Inject expected enum ORG_GRADLE_API_PLUGINS_JVMECOSYSTEMPLUGIN
Analytics other plugin to proto: Unknown plugin type org.gradle.api.plugins.JvmToolchainsPlugin$Inject expected enum ORG_GRADLE_API_PLUGINS_JVMTOOLCHAINSPLUGIN
Analytics other plugin to proto: Unknown plugin type dagger.hilt.android.plugin.HiltGradlePlugin expected enum DAGGER_HILT_ANDROID_PLUGIN_HILTGRADLEPLUGIN
Analytics other plugin to proto: Unknown plugin type androidx.navigation.safeargs.gradle.SafeArgsKotlinPlugin expected enum ANDROIDX_NAVIGATION_SAFEARGS_GRADLE_SAFEARGSKOTLINPLUGIN
work action Parameters of IdentityTransform (Thread[#887,Execution worker,5,main]) started.
work action Parameters of CopyTransform (Thread[#887,Execution worker,5,main]) started.
work action Parameters of AggregatedPackagesTransform (Thread[#887,Execution worker,5,main]) started.
Resolve mutations for :clean (Thread[#893,Execution worker Thread 7,5,main]) started.
:clean (Thread[#893,Execution worker Thread 7,5,main]) started.

> Task :clean UP-TO-DATE
Caching disabled for task ':clean' because:
  Build cache is disabled
Task ':clean' is not up-to-date because:
  Task has not declared any outputs despite executing actions.
Resolve mutations for :app:clean (Thread[#893,Execution worker Thread 7,5,main]) started.
:app:clean (Thread[#893,Execution worker Thread 7,5,main]) started.
destroyer locations for task group 0 (Thread[#887,Execution worker,5,main]) started.

> Task :app:clean
Caching disabled for task ':app:clean' because:
  Build cache is disabled
Task ':app:clean' is not up-to-date because:
  Task has not declared any outputs despite executing actions.
Resolve mutations for :app:preBuild (Thread[#893,Execution worker Thread 7,5,main]) started.
:app:preBuild (Thread[#893,Execution worker Thread 7,5,main]) started.

> Task :app:preBuild UP-TO-DATE
Skipping task ':app:preBuild' as it has no actions.
Resolve mutations for :app:preDebugBuild (Thread[#893,Execution worker Thread 7,5,main]) started.
:app:preDebugBuild (Thread[#893,Execution worker Thread 7,5,main]) started.

> Task :app:preDebugBuild UP-TO-DATE
Skipping task ':app:preDebugBuild' as it has no actions.
Resolve mutations for :app:mergeDebugNativeDebugMetadata (Thread[#893,Execution worker Thread 7,5,main]) started.
:app:mergeDebugNativeDebugMetadata (Thread[#893,Execution worker Thread 7,5,main]) started.

> Task :app:mergeDebugNativeDebugMetadata NO-SOURCE
Skipping task ':app:mergeDebugNativeDebugMetadata' as it has no source files and no previous output files.
Resolve mutations for :app:checkKotlinGradlePluginConfigurationErrors (Thread[#893,Execution worker Thread 7,5,main]) started.
:app:checkKotlinGradlePluginConfigurationErrors (Thread[#893,Execution worker Thread 7,5,main]) started.

> Task :app:checkKotlinGradlePluginConfigurationErrors
Caching disabled for task ':app:checkKotlinGradlePluginConfigurationErrors' because:
  Build cache is disabled
Task ':app:checkKotlinGradlePluginConfigurationErrors' is not up-to-date because:
  Task has not declared any outputs despite executing actions.
Resolve mutations for :app:dataBindingMergeDependencyArtifactsDebug (Thread[#893,Execution worker Thread 7,5,main]) started.
:app:dataBindingMergeDependencyArtifactsDebug (Thread[#893,Execution worker Thread 7,5,main]) started.
Resolve mutations for :app:generateDebugResValues (Thread[#888,Execution worker Thread 2,5,main]) started.
:app:generateDebugResValues (Thread[#888,Execution worker Thread 2,5,main]) started.

> Task :app:generateDebugResValues
Caching disabled for task ':app:generateDebugResValues' because:
  Build cache is disabled
Task ':app:generateDebugResValues' is not up-to-date because:
  Output property 'outputDirectory' file C:\Users\leoja\AndroidStudioProjects\PaleobyLeoRecipes\app\build\generated\res\resValues\debug has been removed.
Resolve mutations for :app:generateDebugResources (Thread[#888,Execution worker Thread 2,5,main]) started.
:app:generateDebugResources (Thread[#888,Execution worker Thread 2,5,main]) started.

> Task :app:generateDebugResources
Skipping task ':app:generateDebugResources' as it has no actions.
Resolve mutations for :app:mergeDebugResources (Thread[#890,Execution worker Thread 4,5,main]) started.
:app:mergeDebugResources (Thread[#890,Execution worker Thread 4,5,main]) started.

> Task :app:dataBindingMergeDependencyArtifactsDebug
Transforming navigation-common-2.7.6.aar (androidx.navigation:navigation-common:2.7.6) with IdentityTransform
Transforming databinding-runtime-8.1.0.aar (androidx.databinding:databinding-runtime:8.1.0) with IdentityTransform
Transforming navigation-common-2.7.6.aar (androidx.navigation:navigation-common:2.7.6) with ExtractAarTransform
Transforming databinding-runtime-8.1.0.aar (androidx.databinding:databinding-runtime:8.1.0) with ExtractAarTransform
Transforming navigation-common-2.7.6.aar (androidx.navigation:navigation-common:2.7.6) with AarTransform
Transforming databinding-runtime-8.1.0.aar (androidx.databinding:databinding-runtime:8.1.0) with AarTransform
Transforming databinding-adapters-8.1.0.aar (androidx.databinding:databinding-adapters:8.1.0) with IdentityTransform
Transforming databinding-adapters-8.1.0.aar (androidx.databinding:databinding-adapters:8.1.0) with ExtractAarTransform
Transforming databinding-adapters-8.1.0.aar (androidx.databinding:databinding-adapters:8.1.0) with AarTransform
Transforming databinding-ktx-8.1.0.aar (androidx.databinding:databinding-ktx:8.1.0) with IdentityTransform
Transforming databinding-ktx-8.1.0.aar (androidx.databinding:databinding-ktx:8.1.0) with ExtractAarTransform
Transforming viewbinding-8.1.0.aar (androidx.databinding:viewbinding:8.1.0) with IdentityTransform
Transforming databinding-ktx-8.1.0.aar (androidx.databinding:databinding-ktx:8.1.0) with AarTransform
Transforming viewbinding-8.1.0.aar (androidx.databinding:viewbinding:8.1.0) with ExtractAarTransform
Transforming navigation-ui-ktx-2.7.6.aar (androidx.navigation:navigation-ui-ktx:2.7.6) with IdentityTransform
Transforming viewbinding-8.1.0.aar (androidx.databinding:viewbinding:8.1.0) with AarTransform
Transforming navigation-common-ktx-2.7.6.aar (androidx.navigation:navigation-common-ktx:2.7.6) with IdentityTransform
Transforming navigation-ui-ktx-2.7.6.aar (androidx.navigation:navigation-ui-ktx:2.7.6) with ExtractAarTransform
Transforming navigation-runtime-2.7.6.aar (androidx.navigation:navigation-runtime:2.7.6) with IdentityTransform
Transforming navigation-ui-ktx-2.7.6.aar (androidx.navigation:navigation-ui-ktx:2.7.6) with AarTransform
Transforming navigation-runtime-2.7.6.aar (androidx.navigation:navigation-runtime:2.7.6) with ExtractAarTransform
Transforming navigation-common-ktx-2.7.6.aar (androidx.navigation:navigation-common-ktx:2.7.6) with ExtractAarTransform
Transforming navigation-runtime-2.7.6.aar (androidx.navigation:navigation-runtime:2.7.6) with AarTransform
Transforming navigation-ui-2.7.6.aar (androidx.navigation:navigation-ui:2.7.6) with IdentityTransform
Transforming material-1.11.0.aar (com.google.android.material:material:1.11.0) with IdentityTransform
Transforming navigation-ui-2.7.6.aar (androidx.navigation:navigation-ui:2.7.6) with ExtractAarTransform
Transforming material-1.11.0.aar (com.google.android.material:material:1.11.0) with ExtractAarTransform
Transforming navigation-common-ktx-2.7.6.aar (androidx.navigation:navigation-common-ktx:2.7.6) with AarTransform
Transforming navigation-runtime-ktx-2.7.6.aar (androidx.navigation:navigation-runtime-ktx:2.7.6) with IdentityTransform
Transforming material-1.11.0.aar (com.google.android.material:material:1.11.0) with AarTransform
Transforming navigation-runtime-ktx-2.7.6.aar (androidx.navigation:navigation-runtime-ktx:2.7.6) with ExtractAarTransform
Transforming navigation-ui-2.7.6.aar (androidx.navigation:navigation-ui:2.7.6) with AarTransform
Transforming navigation-runtime-ktx-2.7.6.aar (androidx.navigation:navigation-runtime-ktx:2.7.6) with AarTransform
Transforming appcompat-1.6.1.aar (androidx.appcompat:appcompat:1.6.1) with IdentityTransform
Transforming appcompat-1.6.1.aar (androidx.appcompat:appcompat:1.6.1) with ExtractAarTransform
Transforming hilt-work-1.0.0.aar (androidx.hilt:hilt-work:1.0.0) with IdentityTransform
Transforming appcompat-1.6.1.aar (androidx.appcompat:appcompat:1.6.1) with AarTransform
Transforming hilt-work-1.0.0.aar (androidx.hilt:hilt-work:1.0.0) with ExtractAarTransform
Transforming hilt-work-1.0.0.aar (androidx.hilt:hilt-work:1.0.0) with AarTransform
Transforming glide-4.16.0.aar (com.github.bumptech.glide:glide:4.16.0) with IdentityTransform
Transforming navigation-fragment-ktx-2.7.6.aar (androidx.navigation:navigation-fragment-ktx:2.7.6) with IdentityTransform
Transforming hilt-android-2.46.1.aar (com.google.dagger:hilt-android:2.46.1) with IdentityTransform
Transforming hilt-android-2.46.1.aar (com.google.dagger:hilt-android:2.46.1) with ExtractAarTransform
Transforming navigation-fragment-ktx-2.7.6.aar (androidx.navigation:navigation-fragment-ktx:2.7.6) with ExtractAarTransform
Transforming fragment-1.6.2.aar (androidx.fragment:fragment:1.6.2) with IdentityTransform
Transforming glide-4.16.0.aar (com.github.bumptech.glide:glide:4.16.0) with ExtractAarTransform
Transforming fragment-1.6.2.aar (androidx.fragment:fragment:1.6.2) with ExtractAarTransform
Transforming glide-4.16.0.aar (com.github.bumptech.glide:glide:4.16.0) with AarTransform
Transforming okhttp3-integration-4.16.0.aar (com.github.bumptech.glide:okhttp3-integration:4.16.0) with IdentityTransform
Transforming okhttp3-integration-4.16.0.aar (com.github.bumptech.glide:okhttp3-integration:4.16.0) with ExtractAarTransform
Transforming fragment-1.6.2.aar (androidx.fragment:fragment:1.6.2) with IdentityTransform
Transforming okhttp3-integration-4.16.0.aar (com.github.bumptech.glide:okhttp3-integration:4.16.0) with AarTransform
Transforming fragment-1.6.2.aar (androidx.fragment:fragment:1.6.2) with ExtractAarTransform
Transforming navigation-fragment-ktx-2.7.6.aar (androidx.navigation:navigation-fragment-ktx:2.7.6) with AarTransform
Transforming hilt-android-2.46.1.aar (com.google.dagger:hilt-android:2.46.1) with AarTransform
Transforming navigation-fragment-2.7.6.aar (androidx.navigation:navigation-fragment:2.7.6) with IdentityTransform
Transforming viewpager2-1.0.0.aar (androidx.viewpager2:viewpager2:1.0.0) with IdentityTransform
Transforming fragment-1.6.2.aar (androidx.fragment:fragment:1.6.2) with AarTransform
Transforming material-ripple-release.aar (androidx.compose.material:material-ripple-android:1.5.4) with IdentityTransform
Transforming fragment-1.6.2.aar (androidx.fragment:fragment:1.6.2) with AarTransform
Transforming material3-1.1.2.aar (androidx.compose.material3:material3:1.1.2) with IdentityTransform
Transforming material3-1.1.2.aar (androidx.compose.material3:material3:1.1.2) with ExtractAarTransform
Transforming material-ripple-release.aar (androidx.compose.material:material-ripple-android:1.5.4) with ExtractAarTransform
Transforming viewpager2-1.0.0.aar (androidx.viewpager2:viewpager2:1.0.0) with ExtractAarTransform
Transforming material-ripple-release.aar (androidx.compose.material:material-ripple-android:1.5.4) with AarTransform
Transforming navigation-fragment-2.7.6.aar (androidx.navigation:navigation-fragment:2.7.6) with ExtractAarTransform
Transforming material-icons-core-release.aar (androidx.compose.material:material-icons-core-android:1.5.4) with IdentityTransform
Transforming fragment-ktx-1.6.2.aar (androidx.fragment:fragment-ktx:1.6.2) with IdentityTransform
Transforming animation-core-release.aar (androidx.compose.animation:animation-core-android:1.5.4) with IdentityTransform
Transforming material-icons-core-release.aar (androidx.compose.material:material-icons-core-android:1.5.4) with ExtractAarTransform
Transforming material-icons-core-release.aar (androidx.compose.material:material-icons-core-android:1.5.4) with AarTransform
Transforming navigation-fragment-2.7.6.aar (androidx.navigation:navigation-fragment:2.7.6) with AarTransform
Transforming viewpager2-1.0.0.aar (androidx.viewpager2:viewpager2:1.0.0) with AarTransform
Transforming animation-release.aar (androidx.compose.animation:animation-android:1.5.4) with IdentityTransform
Transforming material3-1.1.2.aar (androidx.compose.material3:material3:1.1.2) with AarTransform
Transforming animation-release.aar (androidx.compose.animation:animation-android:1.5.4) with ExtractAarTransform
Transforming foundation-release.aar (androidx.compose.foundation:foundation-android:1.5.4) with IdentityTransform
Transforming foundation-layout-release.aar (androidx.compose.foundation:foundation-layout-android:1.5.4) with IdentityTransform
Transforming animation-core-release.aar (androidx.compose.animation:animation-core-android:1.5.4) with ExtractAarTransform
Transforming fragment-ktx-1.6.2.aar (androidx.fragment:fragment-ktx:1.6.2) with ExtractAarTransform
Transforming runtime-saveable-release.aar (androidx.compose.runtime:runtime-saveable-android:1.5.4) with IdentityTransform
Transforming fragment-ktx-1.6.2.aar (androidx.fragment:fragment-ktx:1.6.2) with AarTransform
Transforming runtime-saveable-release.aar (androidx.compose.runtime:runtime-saveable-android:1.5.4) with ExtractAarTransform
Transforming ui-geometry-release.aar (androidx.compose.ui:ui-geometry-android:1.5.4) with IdentityTransform
Transforming animation-core-release.aar (androidx.compose.animation:animation-core-android:1.5.4) with AarTransform
Transforming foundation-layout-release.aar (androidx.compose.foundation:foundation-layout-android:1.5.4) with ExtractAarTransform
Transforming foundation-release.aar (androidx.compose.foundation:foundation-android:1.5.4) with ExtractAarTransform
Transforming ui-unit-release.aar (androidx.compose.ui:ui-unit-android:1.5.4) with IdentityTransform
Transforming animation-release.aar (androidx.compose.animation:animation-android:1.5.4) with AarTransform
Transforming ui-graphics-release.aar (androidx.compose.ui:ui-graphics-android:1.5.4) with IdentityTransform
Transforming ui-unit-release.aar (androidx.compose.ui:ui-unit-android:1.5.4) with ExtractAarTransform
Transforming foundation-release.aar (androidx.compose.foundation:foundation-android:1.5.4) with AarTransform
Transforming foundation-layout-release.aar (androidx.compose.foundation:foundation-layout-android:1.5.4) with AarTransform
Transforming ui-text-release.aar (androidx.compose.ui:ui-text-android:1.5.4) with IdentityTransform
Transforming ui-geometry-release.aar (androidx.compose.ui:ui-geometry-android:1.5.4) with ExtractAarTransform
Transforming runtime-release.aar (androidx.compose.runtime:runtime-android:1.5.4) with IdentityTransform
Transforming runtime-release.aar (androidx.compose.runtime:runtime-android:1.5.4) with ExtractAarTransform
Transforming runtime-release.aar (androidx.compose.runtime:runtime-android:1.5.4) with AarTransform
Transforming runtime-livedata-1.5.4.aar (androidx.compose.runtime:runtime-livedata:1.5.4) with IdentityTransform
Transforming runtime-livedata-1.5.4.aar (androidx.compose.runtime:runtime-livedata:1.5.4) with ExtractAarTransform
Transforming runtime-saveable-release.aar (androidx.compose.runtime:runtime-saveable-android:1.5.4) with AarTransform
Transforming runtime-livedata-1.5.4.aar (androidx.compose.runtime:runtime-livedata:1.5.4) with AarTransform
Transforming lifecycle-livedata-core-2.7.0.aar (androidx.lifecycle:lifecycle-livedata-core:2.7.0) with IdentityTransform
Transforming ui-geometry-release.aar (androidx.compose.ui:ui-geometry-android:1.5.4) with AarTransform
Transforming ui-text-release.aar (androidx.compose.ui:ui-text-android:1.5.4) with ExtractAarTransform
Transforming ui-unit-release.aar (androidx.compose.ui:ui-unit-android:1.5.4) with AarTransform
Transforming lifecycle-viewmodel-savedstate-2.7.0.aar (androidx.lifecycle:lifecycle-viewmodel-savedstate:2.7.0) with IdentityTransform
Transforming ui-tooling-data-release.aar (androidx.compose.ui:ui-tooling-data-android:1.5.4) with IdentityTransform
Transforming ui-graphics-release.aar (androidx.compose.ui:ui-graphics-android:1.5.4) with ExtractAarTransform
Transforming ui-tooling-data-release.aar (androidx.compose.ui:ui-tooling-data-android:1.5.4) with ExtractAarTransform
Transforming lifecycle-viewmodel-savedstate-2.7.0.aar (androidx.lifecycle:lifecycle-viewmodel-savedstate:2.7.0) with ExtractAarTransform
Transforming ui-text-release.aar (androidx.compose.ui:ui-text-android:1.5.4) with AarTransform
Transforming lifecycle-livedata-core-ktx-2.7.0.aar (androidx.lifecycle:lifecycle-livedata-core-ktx:2.7.0) with IdentityTransform
Transforming lifecycle-livedata-core-ktx-2.7.0.aar (androidx.lifecycle:lifecycle-livedata-core-ktx:2.7.0) with ExtractAarTransform
Transforming lifecycle-livedata-core-ktx-2.7.0.aar (androidx.lifecycle:lifecycle-livedata-core-ktx:2.7.0) with AarTransform
Transforming dynamicanimation-1.0.0.aar (androidx.dynamicanimation:dynamicanimation:1.0.0) with IdentityTransform
Transforming lifecycle-livedata-core-2.7.0.aar (androidx.lifecycle:lifecycle-livedata-core:2.7.0) with ExtractAarTransform
Transforming dynamicanimation-1.0.0.aar (androidx.dynamicanimation:dynamicanimation:1.0.0) with ExtractAarTransform
Transforming loader-1.0.0.aar (androidx.loader:loader:1.0.0) with IdentityTransform
Transforming legacy-support-core-utils-1.0.0.aar (androidx.legacy:legacy-support-core-utils:1.0.0) with IdentityTransform
Transforming lifecycle-viewmodel-savedstate-2.7.0.aar (androidx.lifecycle:lifecycle-viewmodel-savedstate:2.7.0) with AarTransform
Transforming ui-tooling-data-release.aar (androidx.compose.ui:ui-tooling-data-android:1.5.4) with AarTransform
Transforming ui-graphics-release.aar (androidx.compose.ui:ui-graphics-android:1.5.4) with AarTransform
Transforming legacy-support-core-utils-1.0.0.aar (androidx.legacy:legacy-support-core-utils:1.0.0) with ExtractAarTransform
Transforming loader-1.0.0.aar (androidx.loader:loader:1.0.0) with ExtractAarTransform
Transforming lifecycle-viewmodel-2.7.0.aar (androidx.lifecycle:lifecycle-viewmodel:2.7.0) with IdentityTransform
Transforming lifecycle-service-2.7.0.aar (androidx.lifecycle:lifecycle-service:2.7.0) with IdentityTransform
Transforming lifecycle-viewmodel-2.7.0.aar (androidx.lifecycle:lifecycle-viewmodel:2.7.0) with ExtractAarTransform
Transforming lifecycle-service-2.7.0.aar (androidx.lifecycle:lifecycle-service:2.7.0) with ExtractAarTransform
Transforming dynamicanimation-1.0.0.aar (androidx.dynamicanimation:dynamicanimation:1.0.0) with AarTransform
Transforming lifecycle-livedata-core-2.7.0.aar (androidx.lifecycle:lifecycle-livedata-core:2.7.0) with AarTransform
Transforming loader-1.0.0.aar (androidx.loader:loader:1.0.0) with IdentityTransform
Transforming lifecycle-viewmodel-2.7.0.aar (androidx.lifecycle:lifecycle-viewmodel:2.7.0) with IdentityTransform
Transforming lifecycle-service-2.7.0.aar (androidx.lifecycle:lifecycle-service:2.7.0) with AarTransform
Transforming lifecycle-process-2.7.0.aar (androidx.lifecycle:lifecycle-process:2.7.0) with IdentityTransform
Transforming lifecycle-viewmodel-2.7.0.aar (androidx.lifecycle:lifecycle-viewmodel:2.7.0) with AarTransform
Transforming loader-1.0.0.aar (androidx.loader:loader:1.0.0) with AarTransform
Transforming legacy-support-core-utils-1.0.0.aar (androidx.legacy:legacy-support-core-utils:1.0.0) with AarTransform
Transforming work-runtime-ktx-2.9.0.aar (androidx.work:work-runtime-ktx:2.9.0) with IdentityTransform
Transforming work-runtime-ktx-2.9.0.aar (androidx.work:work-runtime-ktx:2.9.0) with ExtractAarTransform
Transforming lifecycle-process-2.7.0.aar (androidx.lifecycle:lifecycle-process:2.7.0) with ExtractAarTransform
Transforming lifecycle-process-2.7.0.aar (androidx.lifecycle:lifecycle-process:2.7.0) with AarTransform
Transforming lifecycle-viewmodel-2.7.0.aar (androidx.lifecycle:lifecycle-viewmodel:2.7.0) with ExtractAarTransform
Transforming loader-1.0.0.aar (androidx.loader:loader:1.0.0) with ExtractAarTransform
Transforming lifecycle-viewmodel-2.7.0.aar (androidx.lifecycle:lifecycle-viewmodel:2.7.0) with AarTransform
Transforming loader-1.0.0.aar (androidx.loader:loader:1.0.0) with AarTransform
Transforming lifecycle-runtime-ktx-2.7.0.aar (androidx.lifecycle:lifecycle-runtime-ktx:2.7.0) with IdentityTransform
Transforming work-runtime-ktx-2.9.0.aar (androidx.work:work-runtime-ktx:2.9.0) with AarTransform
Transforming lifecycle-livedata-2.7.0.aar (androidx.lifecycle:lifecycle-livedata:2.7.0) with IdentityTransform
Transforming appcompat-resources-1.6.1.aar (androidx.appcompat:appcompat-resources:1.6.1) with IdentityTransform
Transforming lifecycle-runtime-ktx-2.7.0.aar (androidx.lifecycle:lifecycle-runtime-ktx:2.7.0) with ExtractAarTransform
Transforming work-runtime-2.9.0.aar (androidx.work:work-runtime:2.9.0) with IdentityTransform
Transforming lifecycle-runtime-ktx-2.7.0.aar (androidx.lifecycle:lifecycle-runtime-ktx:2.7.0) with AarTransform
Transforming drawerlayout-1.1.1.aar (androidx.drawerlayout:drawerlayout:1.1.1) with IdentityTransform
Transforming appcompat-resources-1.6.1.aar (androidx.appcompat:appcompat-resources:1.6.1) with ExtractAarTransform
Transforming lifecycle-livedata-2.7.0.aar (androidx.lifecycle:lifecycle-livedata:2.7.0) with ExtractAarTransform
Transforming recyclerview-1.1.0.aar (androidx.recyclerview:recyclerview:1.1.0) with IdentityTransform
Transforming appcompat-resources-1.6.1.aar (androidx.appcompat:appcompat-resources:1.6.1) with AarTransform
Transforming coordinatorlayout-1.1.0.aar (androidx.coordinatorlayout:coordinatorlayout:1.1.0) with IdentityTransform
Transforming drawerlayout-1.1.1.aar (androidx.drawerlayout:drawerlayout:1.1.1) with ExtractAarTransform
Transforming lifecycle-livedata-2.7.0.aar (androidx.lifecycle:lifecycle-livedata:2.7.0) with IdentityTransform
Transforming work-runtime-2.9.0.aar (androidx.work:work-runtime:2.9.0) with ExtractAarTransform
Transforming transition-1.4.1.aar (androidx.transition:transition:1.4.1) with IdentityTransform
Transforming lifecycle-livedata-2.7.0.aar (androidx.lifecycle:lifecycle-livedata:2.7.0) with ExtractAarTransform
Transforming transition-1.4.1.aar (androidx.transition:transition:1.4.1) with ExtractAarTransform
Transforming lifecycle-livedata-2.7.0.aar (androidx.lifecycle:lifecycle-livedata:2.7.0) with AarTransform
Transforming drawerlayout-1.1.1.aar (androidx.drawerlayout:drawerlayout:1.1.1) with AarTransform
Transforming coordinatorlayout-1.1.0.aar (androidx.coordinatorlayout:coordinatorlayout:1.1.0) with ExtractAarTransform
Transforming recyclerview-1.1.0.aar (androidx.recyclerview:recyclerview:1.1.0) with ExtractAarTransform
Transforming lifecycle-livedata-2.7.0.aar (androidx.lifecycle:lifecycle-livedata:2.7.0) with AarTransform
Transforming vectordrawable-animated-1.1.0.aar (androidx.vectordrawable:vectordrawable-animated:1.1.0) with IdentityTransform
Transforming recyclerview-1.1.0.aar (androidx.recyclerview:recyclerview:1.1.0) with IdentityTransform
Transforming vectordrawable-animated-1.1.0.aar (androidx.vectordrawable:vectordrawable-animated:1.1.0) with ExtractAarTransform
Transforming vectordrawable-1.1.0.aar (androidx.vectordrawable:vectordrawable:1.1.0) with IdentityTransform
Transforming recyclerview-1.1.0.aar (androidx.recyclerview:recyclerview:1.1.0) with AarTransform
Transforming coordinatorlayout-1.1.0.aar (androidx.coordinatorlayout:coordinatorlayout:1.1.0) with AarTransform
Transforming transition-1.4.1.aar (androidx.transition:transition:1.4.1) with AarTransform
Transforming work-runtime-2.9.0.aar (androidx.work:work-runtime:2.9.0) with AarTransform
Transforming vectordrawable-1.1.0.aar (androidx.vectordrawable:vectordrawable:1.1.0) with ExtractAarTransform
Transforming viewpager-1.0.0.aar (androidx.viewpager:viewpager:1.0.0) with IdentityTransform
Transforming vectordrawable-animated-1.1.0.aar (androidx.vectordrawable:vectordrawable-animated:1.1.0) with AarTransform
Transforming viewpager-1.0.0.aar (androidx.viewpager:viewpager:1.0.0) with ExtractAarTransform
Transforming slidingpanelayout-1.2.0.aar (androidx.slidingpanelayout:slidingpanelayout:1.2.0) with IdentityTransform
Transforming vectordrawable-1.1.0.aar (androidx.vectordrawable:vectordrawable:1.1.0) with IdentityTransform
Transforming customview-1.1.0.aar (androidx.customview:customview:1.1.0) with IdentityTransform
Transforming customview-1.1.0.aar (androidx.customview:customview:1.1.0) with IdentityTransform
Transforming customview-1.1.0.aar (androidx.customview:customview:1.1.0) with ExtractAarTransform
Transforming recyclerview-1.1.0.aar (androidx.recyclerview:recyclerview:1.1.0) with ExtractAarTransform
Transforming customview-1.1.0.aar (androidx.customview:customview:1.1.0) with AarTransform
Transforming customview-1.1.0.aar (androidx.customview:customview:1.1.0) with ExtractAarTransform
Transforming customview-1.1.0.aar (androidx.customview:customview:1.1.0) with IdentityTransform
Transforming customview-1.1.0.aar (androidx.customview:customview:1.1.0) with AarTransform
Transforming customview-1.1.0.aar (androidx.customview:customview:1.1.0) with ExtractAarTransform
Transforming customview-1.1.0.aar (androidx.customview:customview:1.1.0) with IdentityTransform
Transforming vectordrawable-1.1.0.aar (androidx.vectordrawable:vectordrawable:1.1.0) with ExtractAarTransform
Transforming slidingpanelayout-1.2.0.aar (androidx.slidingpanelayout:slidingpanelayout:1.2.0) with ExtractAarTransform
Transforming viewpager-1.0.0.aar (androidx.viewpager:viewpager:1.0.0) with AarTransform
Transforming vectordrawable-1.1.0.aar (androidx.vectordrawable:vectordrawable:1.1.0) with AarTransform
Transforming slidingpanelayout-1.2.0.aar (androidx.slidingpanelayout:slidingpanelayout:1.2.0) with AarTransform
Transforming core-1.12.0.aar (androidx.core:core:1.12.0) with IdentityTransform
Transforming vectordrawable-1.1.0.aar (androidx.vectordrawable:vectordrawable:1.1.0) with AarTransform
Transforming core-1.12.0.aar (androidx.core:core:1.12.0) with IdentityTransform
Transforming core-1.12.0.aar (androidx.core:core:1.12.0) with IdentityTransform
Transforming core-1.12.0.aar (androidx.core:core:1.12.0) with ExtractAarTransform
Transforming customview-1.1.0.aar (androidx.customview:customview:1.1.0) with ExtractAarTransform
Transforming customview-1.1.0.aar (androidx.customview:customview:1.1.0) with AarTransform
Transforming core-1.12.0.aar (androidx.core:core:1.12.0) with IdentityTransform
Transforming recyclerview-1.1.0.aar (androidx.recyclerview:recyclerview:1.1.0) with AarTransform
Transforming core-1.12.0.aar (androidx.core:core:1.12.0) with ExtractAarTransform
Transforming core-1.12.0.aar (androidx.core:core:1.12.0) with AarTransform
Transforming lifecycle-runtime-2.7.0.aar (androidx.lifecycle:lifecycle-runtime:2.7.0) with IdentityTransform
Transforming lifecycle-runtime-2.7.0.aar (androidx.lifecycle:lifecycle-runtime:2.7.0) with ExtractAarTransform
Transforming lifecycle-runtime-2.7.0.aar (androidx.lifecycle:lifecycle-runtime:2.7.0) with AarTransform
Transforming lifecycle-viewmodel-ktx-2.7.0.aar (androidx.lifecycle:lifecycle-viewmodel-ktx:2.7.0) with IdentityTransform
Transforming lifecycle-viewmodel-ktx-2.7.0.aar (androidx.lifecycle:lifecycle-viewmodel-ktx:2.7.0) with ExtractAarTransform
Transforming lifecycle-viewmodel-ktx-2.7.0.aar (androidx.lifecycle:lifecycle-viewmodel-ktx:2.7.0) with AarTransform
Transforming lifecycle-livedata-ktx-2.7.0.aar (androidx.lifecycle:lifecycle-livedata-ktx:2.7.0) with IdentityTransform
Transforming lifecycle-livedata-ktx-2.7.0.aar (androidx.lifecycle:lifecycle-livedata-ktx:2.7.0) with ExtractAarTransform
Transforming lifecycle-livedata-ktx-2.7.0.aar (androidx.lifecycle:lifecycle-livedata-ktx:2.7.0) with AarTransform
Transforming lifecycle-viewmodel-compose-2.7.0.aar (androidx.lifecycle:lifecycle-viewmodel-compose:2.7.0) with IdentityTransform
Transforming lifecycle-viewmodel-compose-2.7.0.aar (androidx.lifecycle:lifecycle-viewmodel-compose:2.7.0) with ExtractAarTransform
Transforming lifecycle-viewmodel-compose-2.7.0.aar (androidx.lifecycle:lifecycle-viewmodel-compose:2.7.0) with AarTransform
Transforming ui-release.aar (androidx.compose.ui:ui-android:1.5.4) with IdentityTransform
Transforming ui-release.aar (androidx.compose.ui:ui-android:1.5.4) with ExtractAarTransform
Transforming ui-release.aar (androidx.compose.ui:ui-android:1.5.4) with AarTransform
Transforming ui-tooling-preview-release.aar (androidx.compose.ui:ui-tooling-preview-android:1.5.4) with IdentityTransform
Transforming ui-tooling-preview-release.aar (androidx.compose.ui:ui-tooling-preview-android:1.5.4) with ExtractAarTransform
Transforming ui-tooling-preview-release.aar (androidx.compose.ui:ui-tooling-preview-android:1.5.4) with AarTransform
Transforming ui-tooling-release.aar (androidx.compose.ui:ui-tooling-android:1.5.4) with IdentityTransform
Transforming ui-tooling-release.aar (androidx.compose.ui:ui-tooling-android:1.5.4) with ExtractAarTransform
Transforming ui-tooling-release.aar (androidx.compose.ui:ui-tooling-android:1.5.4) with AarTransform
Transforming ui-test-manifest-1.5.4.aar (androidx.compose.ui:ui-test-manifest:1.5.4) with IdentityTransform
Transforming ui-test-manifest-1.5.4.aar (androidx.compose.ui:ui-test-manifest:1.5.4) with ExtractAarTransform
Transforming ui-test-manifest-1.5.4.aar (androidx.compose.ui:ui-test-manifest:1.5.4) with AarTransform
Transforming activity-1.8.2.aar (androidx.activity:activity:1.8.2) with IdentityTransform
Transforming activity-1.8.2.aar (androidx.activity:activity:1.8.2) with ExtractAarTransform
Transforming activity-1.8.2.aar (androidx.activity:activity:1.8.2) with AarTransform
Transforming activity-compose-1.8.2.aar (androidx.activity:activity-compose:1.8.2) with IdentityTransform
Transforming activity-compose-1.8.2.aar (androidx.activity:activity-compose:1.8.2) with ExtractAarTransform
Transforming activity-compose-1.8.2.aar (androidx.activity:activity-compose:1.8.2) with AarTransform
Transforming activity-ktx-1.8.2.aar (androidx.activity:activity-ktx:1.8.2) with IdentityTransform
Transforming activity-ktx-1.8.2.aar (androidx.activity:activity-ktx:1.8.2) with ExtractAarTransform
Transforming activity-ktx-1.8.2.aar (androidx.activity:activity-ktx:1.8.2) with AarTransform
Transforming core-ktx-1.12.0.aar (androidx.core:core-ktx:1.12.0) with IdentityTransform
Transforming core-ktx-1.12.0.aar (androidx.core:core-ktx:1.12.0) with ExtractAarTransform
Transforming core-ktx-1.12.0.aar (androidx.core:core-ktx:1.12.0) with AarTransform
Transforming room-runtime-2.6.1.aar (androidx.room:room-runtime:2.6.1) with IdentityTransform
Transforming room-runtime-2.6.1.aar (androidx.room:room-runtime:2.6.1) with ExtractAarTransform
Transforming room-runtime-2.6.1.aar (androidx.room:room-runtime:2.6.1) with AarTransform
Transforming room-ktx-2.6.1.aar (androidx.room:room-ktx:2.6.1) with IdentityTransform
Transforming room-ktx-2.6.1.aar (androidx.room:room-ktx:2.6.1) with ExtractAarTransform
Transforming room-ktx-2.6.1.aar (androidx.room:room-ktx:2.6.1) with AarTransform
Transforming timber-5.0.1.aar (com.jakewharton.timber:timber:5.0.1) with IdentityTransform
Transforming timber-5.0.1.aar (com.jakewharton.timber:timber:5.0.1) with ExtractAarTransform
Transforming timber-5.0.1.aar (com.jakewharton.timber:timber:5.0.1) with AarTransform
Transforming savedstate-ktx-1.2.1.aar (androidx.savedstate:savedstate-ktx:1.2.1) with IdentityTransform
Transforming savedstate-ktx-1.2.1.aar (androidx.savedstate:savedstate-ktx:1.2.1) with ExtractAarTransform
Transforming savedstate-ktx-1.2.1.aar (androidx.savedstate:savedstate-ktx:1.2.1) with AarTransform
Transforming savedstate-1.2.1.aar (androidx.savedstate:savedstate:1.2.1) with IdentityTransform
Transforming savedstate-1.2.1.aar (androidx.savedstate:savedstate:1.2.1) with ExtractAarTransform
Transforming savedstate-1.2.1.aar (androidx.savedstate:savedstate:1.2.1) with AarTransform
Transforming annotation-experimental-1.3.0.aar (androidx.annotation:annotation-experimental:1.3.0) with IdentityTransform
Transforming annotation-experimental-1.3.0.aar (androidx.annotation:annotation-experimental:1.3.0) with ExtractAarTransform
Transforming annotation-experimental-1.3.0.aar (androidx.annotation:annotation-experimental:1.3.0) with AarTransform
Transforming cursoradapter-1.0.0.aar (androidx.cursoradapter:cursoradapter:1.0.0) with IdentityTransform
Transforming cursoradapter-1.0.0.aar (androidx.cursoradapter:cursoradapter:1.0.0) with ExtractAarTransform
Transforming cursoradapter-1.0.0.aar (androidx.cursoradapter:cursoradapter:1.0.0) with AarTransform
Transforming cardview-1.0.0.aar (androidx.cardview:cardview:1.0.0) with IdentityTransform
Transforming cardview-1.0.0.aar (androidx.cardview:cardview:1.0.0) with ExtractAarTransform
Transforming cardview-1.0.0.aar (androidx.cardview:cardview:1.0.0) with AarTransform
Transforming sqlite-framework-2.4.0.aar (androidx.sqlite:sqlite-framework:2.4.0) with IdentityTransform
Transforming sqlite-framework-2.4.0.aar (androidx.sqlite:sqlite-framework:2.4.0) with ExtractAarTransform
Transforming sqlite-framework-2.4.0.aar (androidx.sqlite:sqlite-framework:2.4.0) with AarTransform
Transforming sqlite-2.4.0.aar (androidx.sqlite:sqlite:2.4.0) with IdentityTransform
Transforming sqlite-2.4.0.aar (androidx.sqlite:sqlite:2.4.0) with ExtractAarTransform
Transforming sqlite-2.4.0.aar (androidx.sqlite:sqlite:2.4.0) with AarTransform
Transforming gifdecoder-4.16.0.aar (com.github.bumptech.glide:gifdecoder:4.16.0) with IdentityTransform
Transforming gifdecoder-4.16.0.aar (com.github.bumptech.glide:gifdecoder:4.16.0) with ExtractAarTransform
Transforming gifdecoder-4.16.0.aar (com.github.bumptech.glide:gifdecoder:4.16.0) with AarTransform
Transforming core-runtime-2.2.0.aar (androidx.arch.core:core-runtime:2.2.0) with IdentityTransform
Transforming core-runtime-2.2.0.aar (androidx.arch.core:core-runtime:2.2.0) with ExtractAarTransform
Transforming core-runtime-2.2.0.aar (androidx.arch.core:core-runtime:2.2.0) with AarTransform
Transforming versionedparcelable-1.1.1.aar (androidx.versionedparcelable:versionedparcelable:1.1.1) with IdentityTransform
Transforming versionedparcelable-1.1.1.aar (androidx.versionedparcelable:versionedparcelable:1.1.1) with ExtractAarTransform
Transforming versionedparcelable-1.1.1.aar (androidx.versionedparcelable:versionedparcelable:1.1.1) with AarTransform
Transforming interpolator-1.0.0.aar (androidx.interpolator:interpolator:1.0.0) with IdentityTransform
Transforming interpolator-1.0.0.aar (androidx.interpolator:interpolator:1.0.0) with ExtractAarTransform
Transforming interpolator-1.0.0.aar (androidx.interpolator:interpolator:1.0.0) with AarTransform
Transforming documentfile-1.0.0.aar (androidx.documentfile:documentfile:1.0.0) with IdentityTransform
Transforming documentfile-1.0.0.aar (androidx.documentfile:documentfile:1.0.0) with ExtractAarTransform
Transforming documentfile-1.0.0.aar (androidx.documentfile:documentfile:1.0.0) with AarTransform
Transforming customview-1.1.0.aar (androidx.customview:customview:1.1.0) with AarTransform
Transforming core-1.12.0.aar (androidx.core:core:1.12.0) with AarTransform
Transforming core-1.12.0.aar (androidx.core:core:1.12.0) with IdentityTransform
Transforming print-1.0.0.aar (androidx.print:print:1.0.0) with IdentityTransform
Transforming core-1.12.0.aar (androidx.core:core:1.12.0) with ExtractAarTransform
Transforming print-1.0.0.aar (androidx.print:print:1.0.0) with ExtractAarTransform
Transforming core-1.12.0.aar (androidx.core:core:1.12.0) with AarTransform
Transforming print-1.0.0.aar (androidx.print:print:1.0.0) with AarTransform
Transforming core-1.12.0.aar (androidx.core:core:1.12.0) with ExtractAarTransform
Transforming core-1.12.0.aar (androidx.core:core:1.12.0) with IdentityTransform
Transforming core-1.12.0.aar (androidx.core:core:1.12.0) with ExtractAarTransform
Transforming core-1.12.0.aar (androidx.core:core:1.12.0) with ExtractAarTransform
Transforming core-1.12.0.aar (androidx.core:core:1.12.0) with AarTransform
Transforming startup-runtime-1.1.1.aar (androidx.startup:startup-runtime:1.1.1) with IdentityTransform
Transforming localbroadcastmanager-1.0.0.aar (androidx.localbroadcastmanager:localbroadcastmanager:1.0.0) with IdentityTransform
Transforming core-1.12.0.aar (androidx.core:core:1.12.0) with IdentityTransform
Transforming localbroadcastmanager-1.0.0.aar (androidx.localbroadcastmanager:localbroadcastmanager:1.0.0) with ExtractAarTransform
Transforming constraintlayout-2.1.4.aar (androidx.constraintlayout:constraintlayout:2.1.4) with IdentityTransform
Transforming startup-runtime-1.1.1.aar (androidx.startup:startup-runtime:1.1.1) with ExtractAarTransform
Transforming core-1.12.0.aar (androidx.core:core:1.12.0) with AarTransform
Transforming tracing-1.0.0.aar (androidx.tracing:tracing:1.0.0) with IdentityTransform
Transforming core-1.12.0.aar (androidx.core:core:1.12.0) with AarTransform
Transforming tracing-1.0.0.aar (androidx.tracing:tracing:1.0.0) with ExtractAarTransform
Transforming startup-runtime-1.1.1.aar (androidx.startup:startup-runtime:1.1.1) with AarTransform
Transforming exifinterface-1.3.6.aar (androidx.exifinterface:exifinterface:1.3.6) with IdentityTransform
Transforming constraintlayout-2.1.4.aar (androidx.constraintlayout:constraintlayout:2.1.4) with ExtractAarTransform
Transforming localbroadcastmanager-1.0.0.aar (androidx.localbroadcastmanager:localbroadcastmanager:1.0.0) with AarTransform
Transforming dagger-lint-aar-2.46.1.aar (com.google.dagger:dagger-lint-aar:2.46.1) with IdentityTransform
Transforming core-1.12.0.aar (androidx.core:core:1.12.0) with ExtractAarTransform
Transforming constraintlayout-2.1.4.aar (androidx.constraintlayout:constraintlayout:2.1.4) with AarTransform
Transforming exifinterface-1.3.6.aar (androidx.exifinterface:exifinterface:1.3.6) with ExtractAarTransform
Transforming tracing-1.0.0.aar (androidx.tracing:tracing:1.0.0) with AarTransform
Transforming exifinterface-1.3.6.aar (androidx.exifinterface:exifinterface:1.3.6) with AarTransform
Transforming core-1.12.0.aar (androidx.core:core:1.12.0) with AarTransform
Transforming dagger-lint-aar-2.46.1.aar (com.google.dagger:dagger-lint-aar:2.46.1) with ExtractAarTransform
Transforming dagger-lint-aar-2.46.1.aar (com.google.dagger:dagger-lint-aar:2.46.1) with AarTransform
Transforming databinding-adapters-8.1.0.aar (androidx.databinding:databinding-adapters:8.1.0) with IdentityTransform
Transforming databinding-adapters-8.1.0.aar (androidx.databinding:databinding-adapters:8.1.0) with ExtractAarTransform
Transforming databinding-adapters-8.1.0.aar (androidx.databinding:databinding-adapters:8.1.0) with AarTransform
Transforming databinding-ktx-8.1.0.aar (androidx.databinding:databinding-ktx:8.1.0) with IdentityTransform
Transforming databinding-ktx-8.1.0.aar (androidx.databinding:databinding-ktx:8.1.0) with ExtractAarTransform
Transforming databinding-ktx-8.1.0.aar (androidx.databinding:databinding-ktx:8.1.0) with AarTransform
Transforming databinding-runtime-8.1.0.aar (androidx.databinding:databinding-runtime:8.1.0) with IdentityTransform
Transforming databinding-runtime-8.1.0.aar (androidx.databinding:databinding-runtime:8.1.0) with ExtractAarTransform
Transforming databinding-runtime-8.1.0.aar (androidx.databinding:databinding-runtime:8.1.0) with AarTransform
Transforming viewbinding-8.1.0.aar (androidx.databinding:viewbinding:8.1.0) with IdentityTransform
Transforming viewbinding-8.1.0.aar (androidx.databinding:viewbinding:8.1.0) with ExtractAarTransform
Transforming viewbinding-8.1.0.aar (androidx.databinding:viewbinding:8.1.0) with AarTransform
Transforming navigation-common-2.7.6.aar (androidx.navigation:navigation-common:2.7.6) with IdentityTransform
Transforming navigation-common-2.7.6.aar (androidx.navigation:navigation-common:2.7.6) with ExtractAarTransform
Transforming navigation-common-2.7.6.aar (androidx.navigation:navigation-common:2.7.6) with AarTransform
Transforming navigation-common-ktx-2.7.6.aar (androidx.navigation:navigation-common-ktx:2.7.6) with IdentityTransform
Transforming navigation-common-ktx-2.7.6.aar (androidx.navigation:navigation-common-ktx:2.7.6) with ExtractAarTransform
Transforming navigation-common-ktx-2.7.6.aar (androidx.navigation:navigation-common-ktx:2.7.6) with AarTransform
Transforming navigation-runtime-2.7.6.aar (androidx.navigation:navigation-runtime:2.7.6) with IdentityTransform
Transforming navigation-runtime-2.7.6.aar (androidx.navigation:navigation-runtime:2.7.6) with ExtractAarTransform
Transforming navigation-runtime-2.7.6.aar (androidx.navigation:navigation-runtime:2.7.6) with AarTransform
Transforming navigation-runtime-ktx-2.7.6.aar (androidx.navigation:navigation-runtime-ktx:2.7.6) with IdentityTransform
Transforming navigation-runtime-ktx-2.7.6.aar (androidx.navigation:navigation-runtime-ktx:2.7.6) with ExtractAarTransform
Transforming navigation-runtime-ktx-2.7.6.aar (androidx.navigation:navigation-runtime-ktx:2.7.6) with AarTransform
Transforming navigation-fragment-2.7.6.aar (androidx.navigation:navigation-fragment:2.7.6) with IdentityTransform
Transforming navigation-fragment-2.7.6.aar (androidx.navigation:navigation-fragment:2.7.6) with ExtractAarTransform
Transforming navigation-fragment-2.7.6.aar (androidx.navigation:navigation-fragment:2.7.6) with AarTransform
Transforming navigation-fragment-ktx-2.7.6.aar (androidx.navigation:navigation-fragment-ktx:2.7.6) with IdentityTransform
Transforming navigation-fragment-ktx-2.7.6.aar (androidx.navigation:navigation-fragment-ktx:2.7.6) with ExtractAarTransform
Transforming navigation-fragment-ktx-2.7.6.aar (androidx.navigation:navigation-fragment-ktx:2.7.6) with AarTransform
Transforming navigation-ui-ktx-2.7.6.aar (androidx.navigation:navigation-ui-ktx:2.7.6) with IdentityTransform
Transforming navigation-ui-ktx-2.7.6.aar (androidx.navigation:navigation-ui-ktx:2.7.6) with ExtractAarTransform
Transforming navigation-ui-ktx-2.7.6.aar (androidx.navigation:navigation-ui-ktx:2.7.6) with AarTransform
Transforming navigation-ui-2.7.6.aar (androidx.navigation:navigation-ui:2.7.6) with IdentityTransform
Transforming navigation-ui-2.7.6.aar (androidx.navigation:navigation-ui:2.7.6) with ExtractAarTransform
Transforming navigation-ui-2.7.6.aar (androidx.navigation:navigation-ui:2.7.6) with AarTransform
Transforming material-1.11.0.aar (com.google.android.material:material:1.11.0) with IdentityTransform
Transforming material-1.11.0.aar (com.google.android.material:material:1.11.0) with ExtractAarTransform
Transforming material-1.11.0.aar (com.google.android.material:material:1.11.0) with AarTransform
Transforming constraintlayout-2.1.4.aar (androidx.constraintlayout:constraintlayout:2.1.4) with IdentityTransform
Transforming constraintlayout-2.1.4.aar (androidx.constraintlayout:constraintlayout:2.1.4) with ExtractAarTransform
Transforming constraintlayout-2.1.4.aar (androidx.constraintlayout:constraintlayout:2.1.4) with AarTransform
Transforming appcompat-resources-1.6.1.aar (androidx.appcompat:appcompat-resources:1.6.1) with IdentityTransform
Transforming appcompat-resources-1.6.1.aar (androidx.appcompat:appcompat-resources:1.6.1) with ExtractAarTransform
Transforming appcompat-resources-1.6.1.aar (androidx.appcompat:appcompat-resources:1.6.1) with AarTransform
Transforming appcompat-1.6.1.aar (androidx.appcompat:appcompat:1.6.1) with IdentityTransform
Transforming appcompat-1.6.1.aar (androidx.appcompat:appcompat:1.6.1) with ExtractAarTransform
Transforming appcompat-1.6.1.aar (androidx.appcompat:appcompat:1.6.1) with AarTransform
Transforming hilt-work-1.0.0.aar (androidx.hilt:hilt-work:1.0.0) with IdentityTransform
Transforming hilt-work-1.0.0.aar (androidx.hilt:hilt-work:1.0.0) with ExtractAarTransform
Transforming hilt-work-1.0.0.aar (androidx.hilt:hilt-work:1.0.0) with AarTransform
Transforming hilt-android-2.46.1.aar (com.google.dagger:hilt-android:2.46.1) with IdentityTransform
Transforming hilt-android-2.46.1.aar (com.google.dagger:hilt-android:2.46.1) with ExtractAarTransform
Transforming hilt-android-2.46.1.aar (com.google.dagger:hilt-android:2.46.1) with AarTransform
Transforming okhttp3-integration-4.16.0.aar (com.github.bumptech.glide:okhttp3-integration:4.16.0) with IdentityTransform
Transforming okhttp3-integration-4.16.0.aar (com.github.bumptech.glide:okhttp3-integration:4.16.0) with ExtractAarTransform
Transforming okhttp3-integration-4.16.0.aar (com.github.bumptech.glide:okhttp3-integration:4.16.0) with AarTransform
Transforming glide-4.16.0.aar (com.github.bumptech.glide:glide:4.16.0) with IdentityTransform
Transforming glide-4.16.0.aar (com.github.bumptech.glide:glide:4.16.0) with ExtractAarTransform
Transforming glide-4.16.0.aar (com.github.bumptech.glide:glide:4.16.0) with AarTransform
Transforming viewpager2-1.0.0.aar (androidx.viewpager2:viewpager2:1.0.0) with IdentityTransform
Transforming viewpager2-1.0.0.aar (androidx.viewpager2:viewpager2:1.0.0) with ExtractAarTransform
Transforming viewpager2-1.0.0.aar (androidx.viewpager2:viewpager2:1.0.0) with AarTransform
Transforming fragment-1.6.2.aar (androidx.fragment:fragment:1.6.2) with IdentityTransform
Transforming fragment-1.6.2.aar (androidx.fragment:fragment:1.6.2) with ExtractAarTransform
Transforming fragment-1.6.2.aar (androidx.fragment:fragment:1.6.2) with AarTransform
Transforming fragment-ktx-1.6.2.aar (androidx.fragment:fragment-ktx:1.6.2) with IdentityTransform
Transforming fragment-ktx-1.6.2.aar (androidx.fragment:fragment-ktx:1.6.2) with ExtractAarTransform
Transforming fragment-ktx-1.6.2.aar (androidx.fragment:fragment-ktx:1.6.2) with AarTransform
Transforming material3-1.1.2.aar (androidx.compose.material3:material3:1.1.2) with IdentityTransform
Transforming material3-1.1.2.aar (androidx.compose.material3:material3:1.1.2) with ExtractAarTransform
Transforming material3-1.1.2.aar (androidx.compose.material3:material3:1.1.2) with AarTransform
Transforming material-ripple-release.aar (androidx.compose.material:material-ripple-android:1.5.4) with IdentityTransform
Transforming material-ripple-release.aar (androidx.compose.material:material-ripple-android:1.5.4) with ExtractAarTransform
Transforming material-ripple-release.aar (androidx.compose.material:material-ripple-android:1.5.4) with AarTransform
Transforming material-icons-core-release.aar (androidx.compose.material:material-icons-core-android:1.5.4) with IdentityTransform
Transforming material-icons-core-release.aar (androidx.compose.material:material-icons-core-android:1.5.4) with ExtractAarTransform
Transforming material-icons-core-release.aar (androidx.compose.material:material-icons-core-android:1.5.4) with AarTransform
Transforming animation-core-release.aar (androidx.compose.animation:animation-core-android:1.5.4) with IdentityTransform
Transforming animation-core-release.aar (androidx.compose.animation:animation-core-android:1.5.4) with ExtractAarTransform
Transforming animation-core-release.aar (androidx.compose.animation:animation-core-android:1.5.4) with AarTransform
Transforming animation-release.aar (androidx.compose.animation:animation-android:1.5.4) with IdentityTransform
Transforming animation-release.aar (androidx.compose.animation:animation-android:1.5.4) with ExtractAarTransform
Transforming animation-release.aar (androidx.compose.animation:animation-android:1.5.4) with AarTransform
Transforming foundation-layout-release.aar (androidx.compose.foundation:foundation-layout-android:1.5.4) with IdentityTransform
Transforming foundation-layout-release.aar (androidx.compose.foundation:foundation-layout-android:1.5.4) with ExtractAarTransform
Transforming foundation-layout-release.aar (androidx.compose.foundation:foundation-layout-android:1.5.4) with AarTransform
Transforming foundation-release.aar (androidx.compose.foundation:foundation-android:1.5.4) with IdentityTransform
Transforming foundation-release.aar (androidx.compose.foundation:foundation-android:1.5.4) with ExtractAarTransform
Transforming foundation-release.aar (androidx.compose.foundation:foundation-android:1.5.4) with AarTransform
Transforming ui-unit-release.aar (androidx.compose.ui:ui-unit-android:1.5.4) with IdentityTransform
Transforming ui-unit-release.aar (androidx.compose.ui:ui-unit-android:1.5.4) with ExtractAarTransform
Transforming ui-unit-release.aar (androidx.compose.ui:ui-unit-android:1.5.4) with AarTransform
Transforming ui-geometry-release.aar (androidx.compose.ui:ui-geometry-android:1.5.4) with IdentityTransform
Transforming ui-geometry-release.aar (androidx.compose.ui:ui-geometry-android:1.5.4) with ExtractAarTransform
Transforming ui-geometry-release.aar (androidx.compose.ui:ui-geometry-android:1.5.4) with AarTransform
Transforming ui-tooling-data-release.aar (androidx.compose.ui:ui-tooling-data-android:1.5.4) with IdentityTransform
Transforming ui-tooling-data-release.aar (androidx.compose.ui:ui-tooling-data-android:1.5.4) with ExtractAarTransform
Transforming ui-tooling-data-release.aar (androidx.compose.ui:ui-tooling-data-android:1.5.4) with AarTransform
Transforming material-release.aar (androidx.compose.material:material-android:1.5.4) with IdentityTransform
Transforming material-release.aar (androidx.compose.material:material-android:1.5.4) with ExtractAarTransform
Transforming material-release.aar (androidx.compose.material:material-android:1.5.4) with AarTransform
Transforming ui-graphics-release.aar (androidx.compose.ui:ui-graphics-android:1.5.4) with IdentityTransform
Transforming ui-graphics-release.aar (androidx.compose.ui:ui-graphics-android:1.5.4) with ExtractAarTransform
Transforming ui-graphics-release.aar (androidx.compose.ui:ui-graphics-android:1.5.4) with AarTransform
Transforming ui-text-release.aar (androidx.compose.ui:ui-text-android:1.5.4) with IdentityTransform
Transforming ui-util-release.aar (androidx.compose.ui:ui-util-android:1.5.4) with IdentityTransform
Transforming ui-util-release.aar (androidx.compose.ui:ui-util-android:1.5.4) with ExtractAarTransform
Transforming ui-util-release.aar (androidx.compose.ui:ui-util-android:1.5.4) with AarTransform
Transforming ui-text-release.aar (androidx.compose.ui:ui-text-android:1.5.4) with ExtractAarTransform
Transforming ui-text-release.aar (androidx.compose.ui:ui-text-android:1.5.4) with AarTransform
Transforming runtime-saveable-release.aar (androidx.compose.runtime:runtime-saveable-android:1.5.4) with IdentityTransform
Transforming runtime-saveable-release.aar (androidx.compose.runtime:runtime-saveable-android:1.5.4) with ExtractAarTransform
Transforming runtime-saveable-release.aar (androidx.compose.runtime:runtime-saveable-android:1.5.4) with AarTransform
Transforming runtime-release.aar (androidx.compose.runtime:runtime-android:1.5.4) with IdentityTransform
Transforming runtime-release.aar (androidx.compose.runtime:runtime-android:1.5.4) with ExtractAarTransform
Transforming runtime-release.aar (androidx.compose.runtime:runtime-android:1.5.4) with AarTransform
Transforming runtime-livedata-1.5.4.aar (androidx.compose.runtime:runtime-livedata:1.5.4) with IdentityTransform
Transforming runtime-livedata-1.5.4.aar (androidx.compose.runtime:runtime-livedata:1.5.4) with ExtractAarTransform
Transforming runtime-livedata-1.5.4.aar (androidx.compose.runtime:runtime-livedata:1.5.4) with AarTransform
Transforming drawerlayout-1.1.1.aar (androidx.drawerlayout:drawerlayout:1.1.1) with IdentityTransform
Transforming drawerlayout-1.1.1.aar (androidx.drawerlayout:drawerlayout:1.1.1) with ExtractAarTransform
Transforming drawerlayout-1.1.1.aar (androidx.drawerlayout:drawerlayout:1.1.1) with AarTransform
Transforming coordinatorlayout-1.1.0.aar (androidx.coordinatorlayout:coordinatorlayout:1.1.0) with IdentityTransform
Transforming coordinatorlayout-1.1.0.aar (androidx.coordinatorlayout:coordinatorlayout:1.1.0) with ExtractAarTransform
Transforming coordinatorlayout-1.1.0.aar (androidx.coordinatorlayout:coordinatorlayout:1.1.0) with AarTransform
Transforming dynamicanimation-1.0.0.aar (androidx.dynamicanimation:dynamicanimation:1.0.0) with IdentityTransform
Transforming dynamicanimation-1.0.0.aar (androidx.dynamicanimation:dynamicanimation:1.0.0) with ExtractAarTransform
Transforming dynamicanimation-1.0.0.aar (androidx.dynamicanimation:dynamicanimation:1.0.0) with AarTransform
Transforming vectordrawable-animated-1.1.0.aar (androidx.vectordrawable:vectordrawable-animated:1.1.0) with IdentityTransform
Transforming vectordrawable-animated-1.1.0.aar (androidx.vectordrawable:vectordrawable-animated:1.1.0) with ExtractAarTransform
Transforming vectordrawable-animated-1.1.0.aar (androidx.vectordrawable:vectordrawable-animated:1.1.0) with AarTransform
Transforming vectordrawable-1.1.0.aar (androidx.vectordrawable:vectordrawable:1.1.0) with IdentityTransform
Transforming vectordrawable-1.1.0.aar (androidx.vectordrawable:vectordrawable:1.1.0) with ExtractAarTransform
Transforming vectordrawable-1.1.0.aar (androidx.vectordrawable:vectordrawable:1.1.0) with AarTransform
Transforming work-runtime-ktx-2.9.0.aar (androidx.work:work-runtime-ktx:2.9.0) with IdentityTransform
Transforming work-runtime-ktx-2.9.0.aar (androidx.work:work-runtime-ktx:2.9.0) with ExtractAarTransform
Transforming work-runtime-ktx-2.9.0.aar (androidx.work:work-runtime-ktx:2.9.0) with AarTransform
Transforming work-runtime-2.9.0.aar (androidx.work:work-runtime:2.9.0) with IdentityTransform
Transforming work-runtime-2.9.0.aar (androidx.work:work-runtime:2.9.0) with ExtractAarTransform
Transforming work-runtime-2.9.0.aar (androidx.work:work-runtime:2.9.0) with AarTransform
Transforming recyclerview-1.1.0.aar (androidx.recyclerview:recyclerview:1.1.0) with IdentityTransform
Transforming recyclerview-1.1.0.aar (androidx.recyclerview:recyclerview:1.1.0) with ExtractAarTransform
Transforming recyclerview-1.1.0.aar (androidx.recyclerview:recyclerview:1.1.0) with AarTransform
Transforming viewpager-1.0.0.aar (androidx.viewpager:viewpager:1.0.0) with IdentityTransform
Transforming viewpager-1.0.0.aar (androidx.viewpager:viewpager:1.0.0) with ExtractAarTransform
Transforming viewpager-1.0.0.aar (androidx.viewpager:viewpager:1.0.0) with AarTransform
Transforming slidingpanelayout-1.2.0.aar (androidx.slidingpanelayout:slidingpanelayout:1.2.0) with IdentityTransform
Transforming slidingpanelayout-1.2.0.aar (androidx.slidingpanelayout:slidingpanelayout:1.2.0) with ExtractAarTransform
Transforming slidingpanelayout-1.2.0.aar (androidx.slidingpanelayout:slidingpanelayout:1.2.0) with AarTransform
Transforming customview-1.1.0.aar (androidx.customview:customview:1.1.0) with IdentityTransform
Transforming customview-1.1.0.aar (androidx.customview:customview:1.1.0) with ExtractAarTransform
Transforming customview-1.1.0.aar (androidx.customview:customview:1.1.0) with AarTransform
Transforming loader-1.0.0.aar (androidx.loader:loader:1.0.0) with IdentityTransform
Transforming loader-1.0.0.aar (androidx.loader:loader:1.0.0) with ExtractAarTransform
Transforming loader-1.0.0.aar (androidx.loader:loader:1.0.0) with AarTransform
Transforming transition-1.4.1.aar (androidx.transition:transition:1.4.1) with IdentityTransform
Transforming transition-1.4.1.aar (androidx.transition:transition:1.4.1) with ExtractAarTransform
Transforming transition-1.4.1.aar (androidx.transition:transition:1.4.1) with AarTransform
Transforming core-1.12.0.aar (androidx.core:core:1.12.0) with IdentityTransform
Transforming core-1.12.0.aar (androidx.core:core:1.12.0) with ExtractAarTransform
Transforming core-1.12.0.aar (androidx.core:core:1.12.0) with AarTransform
Transforming lifecycle-livedata-core-2.7.0.aar (androidx.lifecycle:lifecycle-livedata-core:2.7.0) with IdentityTransform
Transforming lifecycle-livedata-core-2.7.0.aar (androidx.lifecycle:lifecycle-livedata-core:2.7.0) with ExtractAarTransform
Transforming lifecycle-livedata-core-2.7.0.aar (androidx.lifecycle:lifecycle-livedata-core:2.7.0) with AarTransform
Transforming savedstate-ktx-1.2.1.aar (androidx.savedstate:savedstate-ktx:1.2.1) with IdentityTransform
Transforming autofill-1.0.0.aar (androidx.autofill:autofill:1.0.0) with IdentityTransform
Transforming savedstate-ktx-1.2.1.aar (androidx.savedstate:savedstate-ktx:1.2.1) with ExtractAarTransform
Transforming emoji2-views-helper-1.4.0.aar (androidx.emoji2:emoji2-views-helper:1.4.0) with IdentityTransform
Transforming autofill-1.0.0.aar (androidx.autofill:autofill:1.0.0) with ExtractAarTransform
Transforming emoji2-views-helper-1.4.0.aar (androidx.emoji2:emoji2-views-helper:1.4.0) with ExtractAarTransform
Transforming autofill-1.0.0.aar (androidx.autofill:autofill:1.0.0) with AarTransform
Transforming emoji2-views-helper-1.4.0.aar (androidx.emoji2:emoji2-views-helper:1.4.0) with AarTransform
Transforming window-1.0.0.aar (androidx.window:window:1.0.0) with IdentityTransform
Transforming savedstate-ktx-1.2.1.aar (androidx.savedstate:savedstate-ktx:1.2.1) with AarTransform
Transforming window-1.0.0.aar (androidx.window:window:1.0.0) with ExtractAarTransform
Transforming emoji2-1.4.0.aar (androidx.emoji2:emoji2:1.4.0) with IdentityTransform
Transforming window-1.0.0.aar (androidx.window:window:1.0.0) with AarTransform
Transforming savedstate-1.2.1.aar (androidx.savedstate:savedstate:1.2.1) with IdentityTransform
Transforming emoji2-1.4.0.aar (androidx.emoji2:emoji2:1.4.0) with ExtractAarTransform
Transforming savedstate-1.2.1.aar (androidx.savedstate:savedstate:1.2.1) with ExtractAarTransform
Transforming emoji2-1.4.0.aar (androidx.emoji2:emoji2:1.4.0) with AarTransform
Transforming savedstate-1.2.1.aar (androidx.savedstate:savedstate:1.2.1) with AarTransform
Transforming lifecycle-viewmodel-savedstate-2.7.0.aar (androidx.lifecycle:lifecycle-viewmodel-savedstate:2.7.0) with IdentityTransform
Transforming lifecycle-viewmodel-savedstate-2.7.0.aar (androidx.lifecycle:lifecycle-viewmodel-savedstate:2.7.0) with ExtractAarTransform
Transforming lifecycle-viewmodel-savedstate-2.7.0.aar (androidx.lifecycle:lifecycle-viewmodel-savedstate:2.7.0) with AarTransform
Transforming lifecycle-livedata-core-ktx-2.7.0.aar (androidx.lifecycle:lifecycle-livedata-core-ktx:2.7.0) with IdentityTransform
Transforming lifecycle-livedata-core-ktx-2.7.0.aar (androidx.lifecycle:lifecycle-livedata-core-ktx:2.7.0) with ExtractAarTransform
Transforming lifecycle-livedata-core-ktx-2.7.0.aar (androidx.lifecycle:lifecycle-livedata-core-ktx:2.7.0) with AarTransform
Transforming lifecycle-viewmodel-2.7.0.aar (androidx.lifecycle:lifecycle-viewmodel:2.7.0) with IdentityTransform
Transforming lifecycle-viewmodel-2.7.0.aar (androidx.lifecycle:lifecycle-viewmodel:2.7.0) with ExtractAarTransform
Transforming lifecycle-viewmodel-2.7.0.aar (androidx.lifecycle:lifecycle-viewmodel:2.7.0) with AarTransform
Transforming lifecycle-service-2.7.0.aar (androidx.lifecycle:lifecycle-service:2.7.0) with IdentityTransform
Transforming lifecycle-service-2.7.0.aar (androidx.lifecycle:lifecycle-service:2.7.0) with ExtractAarTransform
Transforming lifecycle-service-2.7.0.aar (androidx.lifecycle:lifecycle-service:2.7.0) with AarTransform
Transforming lifecycle-runtime-ktx-2.7.0.aar (androidx.lifecycle:lifecycle-runtime-ktx:2.7.0) with IdentityTransform
Transforming lifecycle-runtime-ktx-2.7.0.aar (androidx.lifecycle:lifecycle-runtime-ktx:2.7.0) with ExtractAarTransform
Transforming lifecycle-runtime-ktx-2.7.0.aar (androidx.lifecycle:lifecycle-runtime-ktx:2.7.0) with AarTransform
Transforming lifecycle-runtime-2.7.0.aar (androidx.lifecycle:lifecycle-runtime:2.7.0) with IdentityTransform
Transforming lifecycle-runtime-2.7.0.aar (androidx.lifecycle:lifecycle-runtime:2.7.0) with ExtractAarTransform
Transforming lifecycle-runtime-2.7.0.aar (androidx.lifecycle:lifecycle-runtime:2.7.0) with AarTransform
Transforming lifecycle-process-2.7.0.aar (androidx.lifecycle:lifecycle-process:2.7.0) with IdentityTransform
Transforming lifecycle-process-2.7.0.aar (androidx.lifecycle:lifecycle-process:2.7.0) with ExtractAarTransform
Transforming lifecycle-process-2.7.0.aar (androidx.lifecycle:lifecycle-process:2.7.0) with AarTransform
Transforming lifecycle-livedata-2.7.0.aar (androidx.lifecycle:lifecycle-livedata:2.7.0) with IdentityTransform
Transforming lifecycle-livedata-2.7.0.aar (androidx.lifecycle:lifecycle-livedata:2.7.0) with ExtractAarTransform
Transforming lifecycle-livedata-2.7.0.aar (androidx.lifecycle:lifecycle-livedata:2.7.0) with AarTransform
Transforming lifecycle-viewmodel-ktx-2.7.0.aar (androidx.lifecycle:lifecycle-viewmodel-ktx:2.7.0) with IdentityTransform
Transforming lifecycle-viewmodel-ktx-2.7.0.aar (androidx.lifecycle:lifecycle-viewmodel-ktx:2.7.0) with ExtractAarTransform
Transforming lifecycle-viewmodel-ktx-2.7.0.aar (androidx.lifecycle:lifecycle-viewmodel-ktx:2.7.0) with AarTransform
Transforming lifecycle-livedata-ktx-2.7.0.aar (androidx.lifecycle:lifecycle-livedata-ktx:2.7.0) with IdentityTransform
Transforming lifecycle-livedata-ktx-2.7.0.aar (androidx.lifecycle:lifecycle-livedata-ktx:2.7.0) with ExtractAarTransform
Transforming lifecycle-livedata-ktx-2.7.0.aar (androidx.lifecycle:lifecycle-livedata-ktx:2.7.0) with AarTransform
Transforming lifecycle-viewmodel-compose-2.7.0.aar (androidx.lifecycle:lifecycle-viewmodel-compose:2.7.0) with IdentityTransform
Transforming lifecycle-viewmodel-compose-2.7.0.aar (androidx.lifecycle:lifecycle-viewmodel-compose:2.7.0) with ExtractAarTransform
Transforming lifecycle-viewmodel-compose-2.7.0.aar (androidx.lifecycle:lifecycle-viewmodel-compose:2.7.0) with AarTransform
Transforming ui-release.aar (androidx.compose.ui:ui-android:1.5.4) with IdentityTransform
Transforming ui-release.aar (androidx.compose.ui:ui-android:1.5.4) with ExtractAarTransform
Transforming ui-release.aar (androidx.compose.ui:ui-android:1.5.4) with AarTransform
Transforming ui-tooling-preview-release.aar (androidx.compose.ui:ui-tooling-preview-android:1.5.4) with IdentityTransform
Transforming ui-tooling-preview-release.aar (androidx.compose.ui:ui-tooling-preview-android:1.5.4) with ExtractAarTransform
Transforming ui-tooling-preview-release.aar (androidx.compose.ui:ui-tooling-preview-android:1.5.4) with AarTransform
Transforming ui-tooling-release.aar (androidx.compose.ui:ui-tooling-android:1.5.4) with IdentityTransform
Transforming ui-tooling-release.aar (androidx.compose.ui:ui-tooling-android:1.5.4) with ExtractAarTransform
Transforming ui-tooling-release.aar (androidx.compose.ui:ui-tooling-android:1.5.4) with AarTransform
Transforming ui-test-manifest-1.5.4.aar (androidx.compose.ui:ui-test-manifest:1.5.4) with IdentityTransform
Transforming ui-test-manifest-1.5.4.aar (androidx.compose.ui:ui-test-manifest:1.5.4) with ExtractAarTransform
Transforming ui-test-manifest-1.5.4.aar (androidx.compose.ui:ui-test-manifest:1.5.4) with AarTransform
Transforming activity-1.8.2.aar (androidx.activity:activity:1.8.2) with IdentityTransform
Transforming activity-1.8.2.aar (androidx.activity:activity:1.8.2) with ExtractAarTransform
Transforming activity-1.8.2.aar (androidx.activity:activity:1.8.2) with AarTransform
Transforming activity-compose-1.8.2.aar (androidx.activity:activity-compose:1.8.2) with IdentityTransform
Transforming activity-compose-1.8.2.aar (androidx.activity:activity-compose:1.8.2) with ExtractAarTransform
Transforming activity-compose-1.8.2.aar (androidx.activity:activity-compose:1.8.2) with AarTransform
Transforming activity-ktx-1.8.2.aar (androidx.activity:activity-ktx:1.8.2) with IdentityTransform
Transforming activity-ktx-1.8.2.aar (androidx.activity:activity-ktx:1.8.2) with ExtractAarTransform
Transforming activity-ktx-1.8.2.aar (androidx.activity:activity-ktx:1.8.2) with AarTransform
Transforming core-ktx-1.12.0.aar (androidx.core:core-ktx:1.12.0) with IdentityTransform
Transforming core-ktx-1.12.0.aar (androidx.core:core-ktx:1.12.0) with ExtractAarTransform
Transforming core-ktx-1.12.0.aar (androidx.core:core-ktx:1.12.0) with AarTransform
Transforming room-runtime-2.6.1.aar (androidx.room:room-runtime:2.6.1) with IdentityTransform
Transforming room-runtime-2.6.1.aar (androidx.room:room-runtime:2.6.1) with ExtractAarTransform
Transforming room-runtime-2.6.1.aar (androidx.room:room-runtime:2.6.1) with AarTransform
Transforming customview-poolingcontainer-1.0.0.aar (androidx.customview:customview-poolingcontainer:1.0.0) with IdentityTransform
Transforming room-ktx-2.6.1.aar (androidx.room:room-ktx:2.6.1) with IdentityTransform
Transforming room-ktx-2.6.1.aar (androidx.room:room-ktx:2.6.1) with ExtractAarTransform
Transforming customview-poolingcontainer-1.0.0.aar (androidx.customview:customview-poolingcontainer:1.0.0) with ExtractAarTransform
Transforming room-ktx-2.6.1.aar (androidx.room:room-ktx:2.6.1) with AarTransform
Transforming customview-poolingcontainer-1.0.0.aar (androidx.customview:customview-poolingcontainer:1.0.0) with AarTransform
Transforming timber-5.0.1.aar (com.jakewharton.timber:timber:5.0.1) with IdentityTransform
Transforming timber-5.0.1.aar (com.jakewharton.timber:timber:5.0.1) with ExtractAarTransform
Transforming timber-5.0.1.aar (com.jakewharton.timber:timber:5.0.1) with AarTransform
Transforming sqlite-framework-2.4.0.aar (androidx.sqlite:sqlite-framework:2.4.0) with IdentityTransform
Transforming sqlite-framework-2.4.0.aar (androidx.sqlite:sqlite-framework:2.4.0) with ExtractAarTransform
Transforming sqlite-framework-2.4.0.aar (androidx.sqlite:sqlite-framework:2.4.0) with AarTransform
Transforming sqlite-2.4.0.aar (androidx.sqlite:sqlite:2.4.0) with IdentityTransform
Transforming sqlite-2.4.0.aar (androidx.sqlite:sqlite:2.4.0) with ExtractAarTransform
Transforming sqlite-2.4.0.aar (androidx.sqlite:sqlite:2.4.0) with AarTransform
Transforming annotation-experimental-1.3.0.aar (androidx.annotation:annotation-experimental:1.3.0) with IdentityTransform
Transforming annotation-experimental-1.3.0.aar (androidx.annotation:annotation-experimental:1.3.0) with ExtractAarTransform
Transforming annotation-experimental-1.3.0.aar (androidx.annotation:annotation-experimental:1.3.0) with AarTransform
Transforming cursoradapter-1.0.0.aar (androidx.cursoradapter:cursoradapter:1.0.0) with IdentityTransform
Transforming cursoradapter-1.0.0.aar (androidx.cursoradapter:cursoradapter:1.0.0) with ExtractAarTransform
Transforming cursoradapter-1.0.0.aar (androidx.cursoradapter:cursoradapter:1.0.0) with AarTransform
Transforming cardview-1.0.0.aar (androidx.cardview:cardview:1.0.0) with IdentityTransform
Transforming cardview-1.0.0.aar (androidx.cardview:cardview:1.0.0) with ExtractAarTransform
Transforming cardview-1.0.0.aar (androidx.cardview:cardview:1.0.0) with AarTransform
Transforming core-runtime-2.2.0.aar (androidx.arch.core:core-runtime:2.2.0) with IdentityTransform
Transforming core-runtime-2.2.0.aar (androidx.arch.core:core-runtime:2.2.0) with ExtractAarTransform
Transforming core-runtime-2.2.0.aar (androidx.arch.core:core-runtime:2.2.0) with AarTransform
Transforming gifdecoder-4.16.0.aar (com.github.bumptech.glide:gifdecoder:4.16.0) with IdentityTransform
Transforming gifdecoder-4.16.0.aar (com.github.bumptech.glide:gifdecoder:4.16.0) with ExtractAarTransform
Transforming gifdecoder-4.16.0.aar (com.github.bumptech.glide:gifdecoder:4.16.0) with AarTransform
Transforming exifinterface-1.3.6.aar (androidx.exifinterface:exifinterface:1.3.6) with IdentityTransform
Transforming exifinterface-1.3.6.aar (androidx.exifinterface:exifinterface:1.3.6) with ExtractAarTransform
Transforming exifinterface-1.3.6.aar (androidx.exifinterface:exifinterface:1.3.6) with AarTransform
Transforming startup-runtime-1.1.1.aar (androidx.startup:startup-runtime:1.1.1) with IdentityTransform
Transforming startup-runtime-1.1.1.aar (androidx.startup:startup-runtime:1.1.1) with ExtractAarTransform
Transforming startup-runtime-1.1.1.aar (androidx.startup:startup-runtime:1.1.1) with AarTransform
Transforming tracing-1.0.0.aar (androidx.tracing:tracing:1.0.0) with IdentityTransform
Transforming tracing-1.0.0.aar (androidx.tracing:tracing:1.0.0) with ExtractAarTransform
Transforming tracing-1.0.0.aar (androidx.tracing:tracing:1.0.0) with AarTransform
Transforming interpolator-1.0.0.aar (androidx.interpolator:interpolator:1.0.0) with IdentityTransform
Transforming interpolator-1.0.0.aar (androidx.interpolator:interpolator:1.0.0) with ExtractAarTransform
Transforming profileinstaller-1.3.0.aar (androidx.profileinstaller:profileinstaller:1.3.0) with IdentityTransform
Transforming interpolator-1.0.0.aar (androidx.interpolator:interpolator:1.0.0) with AarTransform
Transforming profileinstaller-1.3.0.aar (androidx.profileinstaller:profileinstaller:1.3.0) with ExtractAarTransform
Transforming versionedparcelable-1.1.1.aar (androidx.versionedparcelable:versionedparcelable:1.1.1) with IdentityTransform
Transforming profileinstaller-1.3.0.aar (androidx.profileinstaller:profileinstaller:1.3.0) with AarTransform
Transforming versionedparcelable-1.1.1.aar (androidx.versionedparcelable:versionedparcelable:1.1.1) with ExtractAarTransform
Transforming versionedparcelable-1.1.1.aar (androidx.versionedparcelable:versionedparcelable:1.1.1) with AarTransform
Transforming dagger-lint-aar-2.46.1.aar (com.google.dagger:dagger-lint-aar:2.46.1) with IdentityTransform
Transforming dagger-lint-aar-2.46.1.aar (com.google.dagger:dagger-lint-aar:2.46.1) with ExtractAarTransform
Transforming dagger-lint-aar-2.46.1.aar (com.google.dagger:dagger-lint-aar:2.46.1) with AarTransform
Caching disabled for task ':app:dataBindingMergeDependencyArtifactsDebug' because:
  Build cache is disabled
Task ':app:dataBindingMergeDependencyArtifactsDebug' is not up-to-date because:
  Output property 'outFolder' file C:\Users\leoja\AndroidStudioProjects\PaleobyLeoRecipes\app\build\intermediates\data_binding_dependency_artifacts\debug has been removed.
  Output property 'outFolder' file C:\Users\leoja\AndroidStudioProjects\PaleobyLeoRecipes\app\build\intermediates\data_binding_dependency_artifacts\debug\androidx.databinding.library.baseAdapters-br.bin has been removed.
  Output property 'outFolder' file C:\Users\leoja\AndroidStudioProjects\PaleobyLeoRecipes\app\build\intermediates\data_binding_dependency_artifacts\debug\androidx.databinding.library.baseAdapters-setter_store.json has been removed.
Resolve mutations for :app:packageDebugResources (Thread[#891,Execution worker Thread 5,5,main]) started.
:app:packageDebugResources (Thread[#891,Execution worker Thread 5,5,main]) started.

> Task :app:mergeDebugResources
Transforming databinding-adapters-8.1.0.aar (androidx.databinding:databinding-adapters:8.1.0) with IdentityTransform
Transforming databinding-adapters-8.1.0.aar (androidx.databinding:databinding-adapters:8.1.0) with ExtractAarTransform
Transforming databinding-adapters-8.1.0.aar (androidx.databinding:databinding-adapters:8.1.0) with AarTransform
Transforming databinding-ktx-8.1.0.aar (androidx.databinding:databinding-ktx:8.1.0) with IdentityTransform
Transforming databinding-ktx-8.1.0.aar (androidx.databinding:databinding-ktx:8.1.0) with ExtractAarTransform
Transforming databinding-ktx-8.1.0.aar (androidx.databinding:databinding-ktx:8.1.0) with AarTransform
Transforming databinding-runtime-8.1.0.aar (androidx.databinding:databinding-runtime:8.1.0) with IdentityTransform
Transforming databinding-runtime-8.1.0.aar (androidx.databinding:databinding-runtime:8.1.0) with ExtractAarTransform
Transforming databinding-runtime-8.1.0.aar (androidx.databinding:databinding-runtime:8.1.0) with AarTransform
Transforming viewbinding-8.1.0.aar (androidx.databinding:viewbinding:8.1.0) with IdentityTransform
Transforming viewbinding-8.1.0.aar (androidx.databinding:viewbinding:8.1.0) with ExtractAarTransform
Transforming viewbinding-8.1.0.aar (androidx.databinding:viewbinding:8.1.0) with AarTransform
Transforming navigation-common-2.7.6.aar (androidx.navigation:navigation-common:2.7.6) with IdentityTransform
Transforming navigation-common-2.7.6.aar (androidx.navigation:navigation-common:2.7.6) with ExtractAarTransform
Transforming navigation-common-2.7.6.aar (androidx.navigation:navigation-common:2.7.6) with AarTransform
Transforming navigation-common-ktx-2.7.6.aar (androidx.navigation:navigation-common-ktx:2.7.6) with IdentityTransform
Transforming navigation-common-ktx-2.7.6.aar (androidx.navigation:navigation-common-ktx:2.7.6) with ExtractAarTransform
Transforming navigation-common-ktx-2.7.6.aar (androidx.navigation:navigation-common-ktx:2.7.6) with AarTransform
Transforming navigation-runtime-2.7.6.aar (androidx.navigation:navigation-runtime:2.7.6) with IdentityTransform
Transforming navigation-runtime-2.7.6.aar (androidx.navigation:navigation-runtime:2.7.6) with ExtractAarTransform
Transforming navigation-runtime-2.7.6.aar (androidx.navigation:navigation-runtime:2.7.6) with AarTransform
Transforming navigation-runtime-ktx-2.7.6.aar (androidx.navigation:navigation-runtime-ktx:2.7.6) with IdentityTransform
Transforming navigation-runtime-ktx-2.7.6.aar (androidx.navigation:navigation-runtime-ktx:2.7.6) with ExtractAarTransform
Transforming navigation-runtime-ktx-2.7.6.aar (androidx.navigation:navigation-runtime-ktx:2.7.6) with AarTransform
Transforming navigation-fragment-2.7.6.aar (androidx.navigation:navigation-fragment:2.7.6) with IdentityTransform
Transforming navigation-fragment-2.7.6.aar (androidx.navigation:navigation-fragment:2.7.6) with ExtractAarTransform
Transforming navigation-fragment-2.7.6.aar (androidx.navigation:navigation-fragment:2.7.6) with AarTransform
Transforming navigation-fragment-ktx-2.7.6.aar (androidx.navigation:navigation-fragment-ktx:2.7.6) with IdentityTransform
Transforming navigation-fragment-ktx-2.7.6.aar (androidx.navigation:navigation-fragment-ktx:2.7.6) with ExtractAarTransform
Transforming navigation-fragment-ktx-2.7.6.aar (androidx.navigation:navigation-fragment-ktx:2.7.6) with AarTransform
Transforming navigation-ui-ktx-2.7.6.aar (androidx.navigation:navigation-ui-ktx:2.7.6) with IdentityTransform
Transforming navigation-ui-ktx-2.7.6.aar (androidx.navigation:navigation-ui-ktx:2.7.6) with ExtractAarTransform
Transforming navigation-ui-ktx-2.7.6.aar (androidx.navigation:navigation-ui-ktx:2.7.6) with AarTransform
Transforming navigation-ui-2.7.6.aar (androidx.navigation:navigation-ui:2.7.6) with IdentityTransform
Transforming navigation-ui-2.7.6.aar (androidx.navigation:navigation-ui:2.7.6) with ExtractAarTransform
Transforming navigation-ui-2.7.6.aar (androidx.navigation:navigation-ui:2.7.6) with AarTransform
Transforming material-1.11.0.aar (com.google.android.material:material:1.11.0) with IdentityTransform
Transforming material-1.11.0.aar (com.google.android.material:material:1.11.0) with ExtractAarTransform
Transforming material-1.11.0.aar (com.google.android.material:material:1.11.0) with AarTransform
Transforming constraintlayout-2.1.4.aar (androidx.constraintlayout:constraintlayout:2.1.4) with IdentityTransform
Transforming constraintlayout-2.1.4.aar (androidx.constraintlayout:constraintlayout:2.1.4) with ExtractAarTransform
Transforming constraintlayout-2.1.4.aar (androidx.constraintlayout:constraintlayout:2.1.4) with AarTransform
Transforming appcompat-resources-1.6.1.aar (androidx.appcompat:appcompat-resources:1.6.1) with IdentityTransform
Transforming appcompat-resources-1.6.1.aar (androidx.appcompat:appcompat-resources:1.6.1) with ExtractAarTransform
Transforming appcompat-resources-1.6.1.aar (androidx.appcompat:appcompat-resources:1.6.1) with AarTransform
Transforming appcompat-1.6.1.aar (androidx.appcompat:appcompat:1.6.1) with IdentityTransform
Transforming appcompat-1.6.1.aar (androidx.appcompat:appcompat:1.6.1) with ExtractAarTransform
Transforming appcompat-1.6.1.aar (androidx.appcompat:appcompat:1.6.1) with AarTransform
Transforming hilt-work-1.0.0.aar (androidx.hilt:hilt-work:1.0.0) with IdentityTransform
Transforming hilt-work-1.0.0.aar (androidx.hilt:hilt-work:1.0.0) with ExtractAarTransform
Transforming hilt-work-1.0.0.aar (androidx.hilt:hilt-work:1.0.0) with AarTransform
Transforming hilt-android-2.46.1.aar (com.google.dagger:hilt-android:2.46.1) with IdentityTransform
Transforming hilt-android-2.46.1.aar (com.google.dagger:hilt-android:2.46.1) with ExtractAarTransform
Transforming hilt-android-2.46.1.aar (com.google.dagger:hilt-android:2.46.1) with AarTransform
Transforming okhttp3-integration-4.16.0.aar (com.github.bumptech.glide:okhttp3-integration:4.16.0) with IdentityTransform
Transforming okhttp3-integration-4.16.0.aar (com.github.bumptech.glide:okhttp3-integration:4.16.0) with ExtractAarTransform
Transforming okhttp3-integration-4.16.0.aar (com.github.bumptech.glide:okhttp3-integration:4.16.0) with AarTransform
Transforming glide-4.16.0.aar (com.github.bumptech.glide:glide:4.16.0) with IdentityTransform
Transforming glide-4.16.0.aar (com.github.bumptech.glide:glide:4.16.0) with ExtractAarTransform
Transforming glide-4.16.0.aar (com.github.bumptech.glide:glide:4.16.0) with AarTransform
Transforming viewpager2-1.0.0.aar (androidx.viewpager2:viewpager2:1.0.0) with IdentityTransform
Transforming viewpager2-1.0.0.aar (androidx.viewpager2:viewpager2:1.0.0) with ExtractAarTransform
Transforming viewpager2-1.0.0.aar (androidx.viewpager2:viewpager2:1.0.0) with AarTransform
Transforming fragment-1.6.2.aar (androidx.fragment:fragment:1.6.2) with IdentityTransform
Transforming fragment-1.6.2.aar (androidx.fragment:fragment:1.6.2) with ExtractAarTransform
Transforming fragment-1.6.2.aar (androidx.fragment:fragment:1.6.2) with AarTransform
Transforming fragment-1.6.2.aar (androidx.fragment:fragment:1.6.2) with IdentityTransform
Transforming fragment-1.6.2.aar (androidx.fragment:fragment:1.6.2) with ExtractAarTransform
Transforming fragment-1.6.2.aar (androidx.fragment:fragment:1.6.2) with AarTransform
Transforming fragment-ktx-1.6.2.aar (androidx.fragment:fragment-ktx:1.6.2) with IdentityTransform
Transforming fragment-ktx-1.6.2.aar (androidx.fragment:fragment-ktx:1.6.2) with ExtractAarTransform
Transforming fragment-ktx-1.6.2.aar (androidx.fragment:fragment-ktx:1.6.2) with AarTransform
Transforming material3-1.1.2.aar (androidx.compose.material3:material3:1.1.2) with IdentityTransform
Transforming material3-1.1.2.aar (androidx.compose.material3:material3:1.1.2) with ExtractAarTransform
Transforming material3-1.1.2.aar (androidx.compose.material3:material3:1.1.2) with AarTransform
Transforming material-ripple-release.aar (androidx.compose.material:material-ripple-android:1.5.4) with IdentityTransform
Transforming material-ripple-release.aar (androidx.compose.material:material-ripple-android:1.5.4) with ExtractAarTransform
Transforming material-ripple-release.aar (androidx.compose.material:material-ripple-android:1.5.4) with AarTransform
Transforming material-icons-core-release.aar (androidx.compose.material:material-icons-core-android:1.5.4) with IdentityTransform
Transforming material-icons-core-release.aar (androidx.compose.material:material-icons-core-android:1.5.4) with ExtractAarTransform
Transforming material-icons-core-release.aar (androidx.compose.material:material-icons-core-android:1.5.4) with AarTransform
Transforming material-release.aar (androidx.compose.material:material-android:1.5.4) with IdentityTransform
Transforming material-release.aar (androidx.compose.material:material-android:1.5.4) with ExtractAarTransform
Transforming material-release.aar (androidx.compose.material:material-android:1.5.4) with AarTransform
Transforming animation-core-release.aar (androidx.compose.animation:animation-core-android:1.5.4) with IdentityTransform
Transforming animation-core-release.aar (androidx.compose.animation:animation-core-android:1.5.4) with ExtractAarTransform
Transforming animation-core-release.aar (androidx.compose.animation:animation-core-android:1.5.4) with AarTransform
Transforming animation-release.aar (androidx.compose.animation:animation-android:1.5.4) with IdentityTransform
Transforming animation-release.aar (androidx.compose.animation:animation-android:1.5.4) with ExtractAarTransform
Transforming animation-release.aar (androidx.compose.animation:animation-android:1.5.4) with AarTransform
Transforming foundation-layout-release.aar (androidx.compose.foundation:foundation-layout-android:1.5.4) with IdentityTransform
Transforming foundation-layout-release.aar (androidx.compose.foundation:foundation-layout-android:1.5.4) with ExtractAarTransform
Transforming foundation-layout-release.aar (androidx.compose.foundation:foundation-layout-android:1.5.4) with AarTransform
Transforming foundation-release.aar (androidx.compose.foundation:foundation-android:1.5.4) with IdentityTransform
Transforming foundation-release.aar (androidx.compose.foundation:foundation-android:1.5.4) with ExtractAarTransform
Transforming foundation-release.aar (androidx.compose.foundation:foundation-android:1.5.4) with AarTransform
Transforming ui-unit-release.aar (androidx.compose.ui:ui-unit-android:1.5.4) with IdentityTransform
Transforming ui-unit-release.aar (androidx.compose.ui:ui-unit-android:1.5.4) with ExtractAarTransform
Transforming ui-unit-release.aar (androidx.compose.ui:ui-unit-android:1.5.4) with AarTransform
Transforming ui-geometry-release.aar (androidx.compose.ui:ui-geometry-android:1.5.4) with IdentityTransform
Transforming ui-geometry-release.aar (androidx.compose.ui:ui-geometry-android:1.5.4) with ExtractAarTransform
Transforming ui-geometry-release.aar (androidx.compose.ui:ui-geometry-android:1.5.4) with AarTransform
Transforming ui-tooling-data-release.aar (androidx.compose.ui:ui-tooling-data-android:1.5.4) with IdentityTransform
Transforming ui-tooling-data-release.aar (androidx.compose.ui:ui-tooling-data-android:1.5.4) with ExtractAarTransform
Transforming ui-tooling-data-release.aar (androidx.compose.ui:ui-tooling-data-android:1.5.4) with AarTransform
Transforming ui-util-release.aar (androidx.compose.ui:ui-util-android:1.5.4) with IdentityTransform
Transforming ui-util-release.aar (androidx.compose.ui:ui-util-android:1.5.4) with ExtractAarTransform
Transforming ui-util-release.aar (androidx.compose.ui:ui-util-android:1.5.4) with AarTransform
Transforming ui-graphics-release.aar (androidx.compose.ui:ui-graphics-android:1.5.4) with IdentityTransform
Transforming ui-graphics-release.aar (androidx.compose.ui:ui-graphics-android:1.5.4) with ExtractAarTransform
Transforming ui-graphics-release.aar (androidx.compose.ui:ui-graphics-android:1.5.4) with AarTransform
Transforming ui-text-release.aar (androidx.compose.ui:ui-text-android:1.5.4) with IdentityTransform
Transforming ui-text-release.aar (androidx.compose.ui:ui-text-android:1.5.4) with ExtractAarTransform
Transforming ui-text-release.aar (androidx.compose.ui:ui-text-android:1.5.4) with AarTransform
Transforming runtime-saveable-release.aar (androidx.compose.runtime:runtime-saveable-android:1.5.4) with IdentityTransform
Transforming runtime-saveable-release.aar (androidx.compose.runtime:runtime-saveable-android:1.5.4) with ExtractAarTransform
Transforming runtime-saveable-release.aar (androidx.compose.runtime:runtime-saveable-android:1.5.4) with AarTransform
Transforming runtime-release.aar (androidx.compose.runtime:runtime-android:1.5.4) with IdentityTransform
Transforming runtime-release.aar (androidx.compose.runtime:runtime-android:1.5.4) with ExtractAarTransform
Transforming runtime-release.aar (androidx.compose.runtime:runtime-android:1.5.4) with AarTransform
Transforming runtime-livedata-1.5.4.aar (androidx.compose.runtime:runtime-livedata:1.5.4) with IdentityTransform
Transforming runtime-livedata-1.5.4.aar (androidx.compose.runtime:runtime-livedata:1.5.4) with ExtractAarTransform
Transforming runtime-livedata-1.5.4.aar (androidx.compose.runtime:runtime-livedata:1.5.4) with AarTransform
Transforming drawerlayout-1.1.1.aar (androidx.drawerlayout:drawerlayout:1.1.1) with IdentityTransform
Transforming drawerlayout-1.1.1.aar (androidx.drawerlayout:drawerlayout:1.1.1) with ExtractAarTransform
Transforming drawerlayout-1.1.1.aar (androidx.drawerlayout:drawerlayout:1.1.1) with AarTransform
Transforming coordinatorlayout-1.1.0.aar (androidx.coordinatorlayout:coordinatorlayout:1.1.0) with IdentityTransform
Transforming coordinatorlayout-1.1.0.aar (androidx.coordinatorlayout:coordinatorlayout:1.1.0) with ExtractAarTransform
Transforming coordinatorlayout-1.1.0.aar (androidx.coordinatorlayout:coordinatorlayout:1.1.0) with AarTransform
Transforming dynamicanimation-1.0.0.aar (androidx.dynamicanimation:dynamicanimation:1.0.0) with IdentityTransform
Transforming dynamicanimation-1.0.0.aar (androidx.dynamicanimation:dynamicanimation:1.0.0) with ExtractAarTransform
Transforming dynamicanimation-1.0.0.aar (androidx.dynamicanimation:dynamicanimation:1.0.0) with AarTransform
Transforming vectordrawable-animated-1.1.0.aar (androidx.vectordrawable:vectordrawable-animated:1.1.0) with IdentityTransform
Transforming vectordrawable-animated-1.1.0.aar (androidx.vectordrawable:vectordrawable-animated:1.1.0) with ExtractAarTransform
Transforming vectordrawable-animated-1.1.0.aar (androidx.vectordrawable:vectordrawable-animated:1.1.0) with AarTransform
Transforming vectordrawable-1.1.0.aar (androidx.vectordrawable:vectordrawable:1.1.0) with IdentityTransform
Transforming vectordrawable-1.1.0.aar (androidx.vectordrawable:vectordrawable:1.1.0) with ExtractAarTransform
Transforming vectordrawable-1.1.0.aar (androidx.vectordrawable:vectordrawable:1.1.0) with AarTransform
Transforming vectordrawable-1.1.0.aar (androidx.vectordrawable:vectordrawable:1.1.0) with IdentityTransform
Transforming vectordrawable-1.1.0.aar (androidx.vectordrawable:vectordrawable:1.1.0) with ExtractAarTransform
Transforming vectordrawable-1.1.0.aar (androidx.vectordrawable:vectordrawable:1.1.0) with AarTransform
Transforming work-runtime-ktx-2.9.0.aar (androidx.work:work-runtime-ktx:2.9.0) with IdentityTransform
Transforming work-runtime-ktx-2.9.0.aar (androidx.work:work-runtime-ktx:2.9.0) with ExtractAarTransform
Transforming work-runtime-ktx-2.9.0.aar (androidx.work:work-runtime-ktx:2.9.0) with AarTransform
Transforming work-runtime-2.9.0.aar (androidx.work:work-runtime:2.9.0) with IdentityTransform
Transforming work-runtime-2.9.0.aar (androidx.work:work-runtime:2.9.0) with ExtractAarTransform
Transforming work-runtime-2.9.0.aar (androidx.work:work-runtime:2.9.0) with AarTransform
Transforming recyclerview-1.1.0.aar (androidx.recyclerview:recyclerview:1.1.0) with IdentityTransform
Transforming recyclerview-1.1.0.aar (androidx.recyclerview:recyclerview:1.1.0) with ExtractAarTransform
Transforming recyclerview-1.1.0.aar (androidx.recyclerview:recyclerview:1.1.0) with AarTransform
Transforming recyclerview-1.1.0.aar (androidx.recyclerview:recyclerview:1.1.0) with IdentityTransform
Transforming recyclerview-1.1.0.aar (androidx.recyclerview:recyclerview:1.1.0) with ExtractAarTransform
Transforming recyclerview-1.1.0.aar (androidx.recyclerview:recyclerview:1.1.0) with AarTransform
Transforming viewpager-1.0.0.aar (androidx.viewpager:viewpager:1.0.0) with IdentityTransform
Transforming viewpager-1.0.0.aar (androidx.viewpager:viewpager:1.0.0) with ExtractAarTransform
Transforming viewpager-1.0.0.aar (androidx.viewpager:viewpager:1.0.0) with AarTransform
Transforming slidingpanelayout-1.2.0.aar (androidx.slidingpanelayout:slidingpanelayout:1.2.0) with IdentityTransform
Transforming slidingpanelayout-1.2.0.aar (androidx.slidingpanelayout:slidingpanelayout:1.2.0) with ExtractAarTransform
Transforming slidingpanelayout-1.2.0.aar (androidx.slidingpanelayout:slidingpanelayout:1.2.0) with AarTransform
Transforming customview-1.1.0.aar (androidx.customview:customview:1.1.0) with IdentityTransform
Transforming customview-1.1.0.aar (androidx.customview:customview:1.1.0) with ExtractAarTransform
Transforming customview-1.1.0.aar (androidx.customview:customview:1.1.0) with AarTransform
Transforming customview-1.1.0.aar (androidx.customview:customview:1.1.0) with IdentityTransform
Transforming customview-1.1.0.aar (androidx.customview:customview:1.1.0) with ExtractAarTransform
Transforming customview-1.1.0.aar (androidx.customview:customview:1.1.0) with AarTransform
Transforming legacy-support-core-utils-1.0.0.aar (androidx.legacy:legacy-support-core-utils:1.0.0) with IdentityTransform
Transforming legacy-support-core-utils-1.0.0.aar (androidx.legacy:legacy-support-core-utils:1.0.0) with ExtractAarTransform
Transforming legacy-support-core-utils-1.0.0.aar (androidx.legacy:legacy-support-core-utils:1.0.0) with AarTransform
Transforming loader-1.0.0.aar (androidx.loader:loader:1.0.0) with IdentityTransform
Transforming loader-1.0.0.aar (androidx.loader:loader:1.0.0) with ExtractAarTransform
Transforming loader-1.0.0.aar (androidx.loader:loader:1.0.0) with AarTransform
Transforming loader-1.0.0.aar (androidx.loader:loader:1.0.0) with IdentityTransform
Transforming loader-1.0.0.aar (androidx.loader:loader:1.0.0) with ExtractAarTransform
Transforming loader-1.0.0.aar (androidx.loader:loader:1.0.0) with AarTransform
Transforming transition-1.4.1.aar (androidx.transition:transition:1.4.1) with IdentityTransform
Transforming transition-1.4.1.aar (androidx.transition:transition:1.4.1) with ExtractAarTransform
Transforming transition-1.4.1.aar (androidx.transition:transition:1.4.1) with AarTransform
Transforming window-1.0.0.aar (androidx.window:window:1.0.0) with IdentityTransform
Transforming window-1.0.0.aar (androidx.window:window:1.0.0) with ExtractAarTransform
Transforming window-1.0.0.aar (androidx.window:window:1.0.0) with AarTransform
Transforming autofill-1.0.0.aar (androidx.autofill:autofill:1.0.0) with IdentityTransform
Transforming autofill-1.0.0.aar (androidx.autofill:autofill:1.0.0) with ExtractAarTransform
Transforming autofill-1.0.0.aar (androidx.autofill:autofill:1.0.0) with AarTransform
Transforming emoji2-views-helper-1.4.0.aar (androidx.emoji2:emoji2-views-helper:1.4.0) with IdentityTransform
Transforming emoji2-views-helper-1.4.0.aar (androidx.emoji2:emoji2-views-helper:1.4.0) with ExtractAarTransform
Transforming emoji2-views-helper-1.4.0.aar (androidx.emoji2:emoji2-views-helper:1.4.0) with AarTransform
Transforming emoji2-1.4.0.aar (androidx.emoji2:emoji2:1.4.0) with IdentityTransform
Transforming emoji2-1.4.0.aar (androidx.emoji2:emoji2:1.4.0) with ExtractAarTransform
Transforming emoji2-1.4.0.aar (androidx.emoji2:emoji2:1.4.0) with AarTransform
Transforming core-1.12.0.aar (androidx.core:core:1.12.0) with IdentityTransform
Transforming core-1.12.0.aar (androidx.core:core:1.12.0) with ExtractAarTransform
Transforming core-1.12.0.aar (androidx.core:core:1.12.0) with AarTransform
Transforming core-1.12.0.aar (androidx.core:core:1.12.0) with IdentityTransform
Transforming core-1.12.0.aar (androidx.core:core:1.12.0) with ExtractAarTransform
Transforming core-1.12.0.aar (androidx.core:core:1.12.0) with AarTransform
Transforming lifecycle-livedata-core-2.7.0.aar (androidx.lifecycle:lifecycle-livedata-core:2.7.0) with IdentityTransform
Transforming lifecycle-livedata-core-2.7.0.aar (androidx.lifecycle:lifecycle-livedata-core:2.7.0) with ExtractAarTransform
Transforming lifecycle-livedata-core-2.7.0.aar (androidx.lifecycle:lifecycle-livedata-core:2.7.0) with AarTransform
Transforming savedstate-ktx-1.2.1.aar (androidx.savedstate:savedstate-ktx:1.2.1) with IdentityTransform
Transforming savedstate-ktx-1.2.1.aar (androidx.savedstate:savedstate-ktx:1.2.1) with ExtractAarTransform
Transforming savedstate-ktx-1.2.1.aar (androidx.savedstate:savedstate-ktx:1.2.1) with AarTransform
Transforming savedstate-1.2.1.aar (androidx.savedstate:savedstate:1.2.1) with IdentityTransform
Transforming savedstate-1.2.1.aar (androidx.savedstate:savedstate:1.2.1) with ExtractAarTransform
Transforming savedstate-1.2.1.aar (androidx.savedstate:savedstate:1.2.1) with AarTransform
Transforming lifecycle-viewmodel-savedstate-2.7.0.aar (androidx.lifecycle:lifecycle-viewmodel-savedstate:2.7.0) with IdentityTransform
Transforming lifecycle-viewmodel-savedstate-2.7.0.aar (androidx.lifecycle:lifecycle-viewmodel-savedstate:2.7.0) with ExtractAarTransform
Transforming lifecycle-viewmodel-savedstate-2.7.0.aar (androidx.lifecycle:lifecycle-viewmodel-savedstate:2.7.0) with AarTransform
Transforming lifecycle-livedata-core-ktx-2.7.0.aar (androidx.lifecycle:lifecycle-livedata-core-ktx:2.7.0) with IdentityTransform
Transforming lifecycle-livedata-core-ktx-2.7.0.aar (androidx.lifecycle:lifecycle-livedata-core-ktx:2.7.0) with ExtractAarTransform
Transforming lifecycle-livedata-core-ktx-2.7.0.aar (androidx.lifecycle:lifecycle-livedata-core-ktx:2.7.0) with AarTransform
Transforming lifecycle-viewmodel-2.7.0.aar (androidx.lifecycle:lifecycle-viewmodel:2.7.0) with IdentityTransform
Transforming lifecycle-viewmodel-2.7.0.aar (androidx.lifecycle:lifecycle-viewmodel:2.7.0) with ExtractAarTransform
Transforming lifecycle-viewmodel-2.7.0.aar (androidx.lifecycle:lifecycle-viewmodel:2.7.0) with AarTransform
Transforming lifecycle-viewmodel-2.7.0.aar (androidx.lifecycle:lifecycle-viewmodel:2.7.0) with IdentityTransform
Transforming lifecycle-viewmodel-2.7.0.aar (androidx.lifecycle:lifecycle-viewmodel:2.7.0) with ExtractAarTransform
Transforming lifecycle-viewmodel-2.7.0.aar (androidx.lifecycle:lifecycle-viewmodel:2.7.0) with AarTransform
Transforming lifecycle-service-2.7.0.aar (androidx.lifecycle:lifecycle-service:2.7.0) with IdentityTransform
Transforming lifecycle-service-2.7.0.aar (androidx.lifecycle:lifecycle-service:2.7.0) with ExtractAarTransform
Transforming lifecycle-service-2.7.0.aar (androidx.lifecycle:lifecycle-service:2.7.0) with AarTransform
Transforming lifecycle-runtime-ktx-2.7.0.aar (androidx.lifecycle:lifecycle-runtime-ktx:2.7.0) with IdentityTransform
Transforming lifecycle-runtime-ktx-2.7.0.aar (androidx.lifecycle:lifecycle-runtime-ktx:2.7.0) with ExtractAarTransform
Transforming lifecycle-runtime-ktx-2.7.0.aar (androidx.lifecycle:lifecycle-runtime-ktx:2.7.0) with AarTransform
Transforming lifecycle-runtime-2.7.0.aar (androidx.lifecycle:lifecycle-runtime:2.7.0) with IdentityTransform
Transforming lifecycle-runtime-2.7.0.aar (androidx.lifecycle:lifecycle-runtime:2.7.0) with ExtractAarTransform
Transforming lifecycle-runtime-2.7.0.aar (androidx.lifecycle:lifecycle-runtime:2.7.0) with AarTransform
Transforming lifecycle-process-2.7.0.aar (androidx.lifecycle:lifecycle-process:2.7.0) with IdentityTransform
Transforming lifecycle-process-2.7.0.aar (androidx.lifecycle:lifecycle-process:2.7.0) with ExtractAarTransform
Transforming lifecycle-process-2.7.0.aar (androidx.lifecycle:lifecycle-process:2.7.0) with AarTransform
Transforming lifecycle-livedata-2.7.0.aar (androidx.lifecycle:lifecycle-livedata:2.7.0) with IdentityTransform
Transforming lifecycle-livedata-2.7.0.aar (androidx.lifecycle:lifecycle-livedata:2.7.0) with ExtractAarTransform
Transforming lifecycle-livedata-2.7.0.aar (androidx.lifecycle:lifecycle-livedata:2.7.0) with AarTransform
Transforming lifecycle-livedata-2.7.0.aar (androidx.lifecycle:lifecycle-livedata:2.7.0) with IdentityTransform
Transforming lifecycle-livedata-2.7.0.aar (androidx.lifecycle:lifecycle-livedata:2.7.0) with ExtractAarTransform
Transforming lifecycle-livedata-2.7.0.aar (androidx.lifecycle:lifecycle-livedata:2.7.0) with AarTransform
Transforming lifecycle-viewmodel-ktx-2.7.0.aar (androidx.lifecycle:lifecycle-viewmodel-ktx:2.7.0) with IdentityTransform
Transforming lifecycle-viewmodel-ktx-2.7.0.aar (androidx.lifecycle:lifecycle-viewmodel-ktx:2.7.0) with ExtractAarTransform
Transforming lifecycle-viewmodel-ktx-2.7.0.aar (androidx.lifecycle:lifecycle-viewmodel-ktx:2.7.0) with AarTransform
Transforming lifecycle-livedata-ktx-2.7.0.aar (androidx.lifecycle:lifecycle-livedata-ktx:2.7.0) with IdentityTransform
Transforming lifecycle-livedata-ktx-2.7.0.aar (androidx.lifecycle:lifecycle-livedata-ktx:2.7.0) with ExtractAarTransform
Transforming lifecycle-livedata-ktx-2.7.0.aar (androidx.lifecycle:lifecycle-livedata-ktx:2.7.0) with AarTransform
Transforming lifecycle-viewmodel-compose-2.7.0.aar (androidx.lifecycle:lifecycle-viewmodel-compose:2.7.0) with IdentityTransform
Transforming lifecycle-viewmodel-compose-2.7.0.aar (androidx.lifecycle:lifecycle-viewmodel-compose:2.7.0) with ExtractAarTransform
Transforming lifecycle-viewmodel-compose-2.7.0.aar (androidx.lifecycle:lifecycle-viewmodel-compose:2.7.0) with AarTransform
Transforming ui-release.aar (androidx.compose.ui:ui-android:1.5.4) with IdentityTransform
Transforming ui-release.aar (androidx.compose.ui:ui-android:1.5.4) with ExtractAarTransform
Transforming ui-release.aar (androidx.compose.ui:ui-android:1.5.4) with AarTransform
Transforming ui-tooling-preview-release.aar (androidx.compose.ui:ui-tooling-preview-android:1.5.4) with IdentityTransform
Transforming ui-tooling-preview-release.aar (androidx.compose.ui:ui-tooling-preview-android:1.5.4) with ExtractAarTransform
Transforming ui-tooling-preview-release.aar (androidx.compose.ui:ui-tooling-preview-android:1.5.4) with AarTransform
Transforming ui-tooling-release.aar (androidx.compose.ui:ui-tooling-android:1.5.4) with IdentityTransform
Transforming ui-tooling-release.aar (androidx.compose.ui:ui-tooling-android:1.5.4) with ExtractAarTransform
Transforming ui-tooling-release.aar (androidx.compose.ui:ui-tooling-android:1.5.4) with AarTransform
Transforming ui-test-manifest-1.5.4.aar (androidx.compose.ui:ui-test-manifest:1.5.4) with IdentityTransform
Transforming ui-test-manifest-1.5.4.aar (androidx.compose.ui:ui-test-manifest:1.5.4) with ExtractAarTransform
Transforming ui-test-manifest-1.5.4.aar (androidx.compose.ui:ui-test-manifest:1.5.4) with AarTransform
Transforming activity-1.8.2.aar (androidx.activity:activity:1.8.2) with IdentityTransform
Transforming activity-1.8.2.aar (androidx.activity:activity:1.8.2) with ExtractAarTransform
Transforming activity-1.8.2.aar (androidx.activity:activity:1.8.2) with AarTransform
Transforming activity-compose-1.8.2.aar (androidx.activity:activity-compose:1.8.2) with IdentityTransform
Transforming activity-compose-1.8.2.aar (androidx.activity:activity-compose:1.8.2) with ExtractAarTransform
Transforming activity-compose-1.8.2.aar (androidx.activity:activity-compose:1.8.2) with AarTransform
Transforming activity-ktx-1.8.2.aar (androidx.activity:activity-ktx:1.8.2) with IdentityTransform
Transforming activity-ktx-1.8.2.aar (androidx.activity:activity-ktx:1.8.2) with ExtractAarTransform
Transforming activity-ktx-1.8.2.aar (androidx.activity:activity-ktx:1.8.2) with AarTransform
Transforming customview-poolingcontainer-1.0.0.aar (androidx.customview:customview-poolingcontainer:1.0.0) with IdentityTransform
Transforming customview-poolingcontainer-1.0.0.aar (androidx.customview:customview-poolingcontainer:1.0.0) with ExtractAarTransform
Transforming customview-poolingcontainer-1.0.0.aar (androidx.customview:customview-poolingcontainer:1.0.0) with AarTransform
Transforming core-ktx-1.12.0.aar (androidx.core:core-ktx:1.12.0) with IdentityTransform
Transforming core-ktx-1.12.0.aar (androidx.core:core-ktx:1.12.0) with ExtractAarTransform
Transforming core-ktx-1.12.0.aar (androidx.core:core-ktx:1.12.0) with AarTransform
Transforming room-runtime-2.6.1.aar (androidx.room:room-runtime:2.6.1) with IdentityTransform
Transforming room-runtime-2.6.1.aar (androidx.room:room-runtime:2.6.1) with ExtractAarTransform
Transforming room-runtime-2.6.1.aar (androidx.room:room-runtime:2.6.1) with AarTransform
Transforming room-ktx-2.6.1.aar (androidx.room:room-ktx:2.6.1) with IdentityTransform
Transforming room-ktx-2.6.1.aar (androidx.room:room-ktx:2.6.1) with ExtractAarTransform
Transforming room-ktx-2.6.1.aar (androidx.room:room-ktx:2.6.1) with AarTransform
Transforming timber-5.0.1.aar (com.jakewharton.timber:timber:5.0.1) with IdentityTransform
Transforming timber-5.0.1.aar (com.jakewharton.timber:timber:5.0.1) with ExtractAarTransform
Transforming timber-5.0.1.aar (com.jakewharton.timber:timber:5.0.1) with AarTransform
Transforming sqlite-framework-2.4.0.aar (androidx.sqlite:sqlite-framework:2.4.0) with IdentityTransform
Transforming sqlite-framework-2.4.0.aar (androidx.sqlite:sqlite-framework:2.4.0) with ExtractAarTransform
Transforming sqlite-framework-2.4.0.aar (androidx.sqlite:sqlite-framework:2.4.0) with AarTransform
Transforming sqlite-2.4.0.aar (androidx.sqlite:sqlite:2.4.0) with IdentityTransform
Transforming sqlite-2.4.0.aar (androidx.sqlite:sqlite:2.4.0) with ExtractAarTransform
Transforming sqlite-2.4.0.aar (androidx.sqlite:sqlite:2.4.0) with AarTransform
Transforming annotation-experimental-1.3.0.aar (androidx.annotation:annotation-experimental:1.3.0) with IdentityTransform
Transforming annotation-experimental-1.3.0.aar (androidx.annotation:annotation-experimental:1.3.0) with ExtractAarTransform
Transforming annotation-experimental-1.3.0.aar (androidx.annotation:annotation-experimental:1.3.0) with AarTransform
Transforming cursoradapter-1.0.0.aar (androidx.cursoradapter:cursoradapter:1.0.0) with IdentityTransform
Transforming cursoradapter-1.0.0.aar (androidx.cursoradapter:cursoradapter:1.0.0) with ExtractAarTransform
Transforming cursoradapter-1.0.0.aar (androidx.cursoradapter:cursoradapter:1.0.0) with AarTransform
Transforming cardview-1.0.0.aar (androidx.cardview:cardview:1.0.0) with IdentityTransform
Transforming cardview-1.0.0.aar (androidx.cardview:cardview:1.0.0) with ExtractAarTransform
Transforming cardview-1.0.0.aar (androidx.cardview:cardview:1.0.0) with AarTransform
Transforming core-runtime-2.2.0.aar (androidx.arch.core:core-runtime:2.2.0) with IdentityTransform
Transforming core-runtime-2.2.0.aar (androidx.arch.core:core-runtime:2.2.0) with ExtractAarTransform
Transforming core-runtime-2.2.0.aar (androidx.arch.core:core-runtime:2.2.0) with AarTransform
Transforming gifdecoder-4.16.0.aar (com.github.bumptech.glide:gifdecoder:4.16.0) with IdentityTransform
Transforming gifdecoder-4.16.0.aar (com.github.bumptech.glide:gifdecoder:4.16.0) with ExtractAarTransform
Transforming gifdecoder-4.16.0.aar (com.github.bumptech.glide:gifdecoder:4.16.0) with AarTransform
Transforming exifinterface-1.3.6.aar (androidx.exifinterface:exifinterface:1.3.6) with IdentityTransform
Transforming exifinterface-1.3.6.aar (androidx.exifinterface:exifinterface:1.3.6) with ExtractAarTransform
Transforming exifinterface-1.3.6.aar (androidx.exifinterface:exifinterface:1.3.6) with AarTransform
Transforming profileinstaller-1.3.0.aar (androidx.profileinstaller:profileinstaller:1.3.0) with IdentityTransform
Transforming profileinstaller-1.3.0.aar (androidx.profileinstaller:profileinstaller:1.3.0) with ExtractAarTransform
Transforming profileinstaller-1.3.0.aar (androidx.profileinstaller:profileinstaller:1.3.0) with AarTransform
Transforming startup-runtime-1.1.1.aar (androidx.startup:startup-runtime:1.1.1) with IdentityTransform
Transforming startup-runtime-1.1.1.aar (androidx.startup:startup-runtime:1.1.1) with ExtractAarTransform
Transforming startup-runtime-1.1.1.aar (androidx.startup:startup-runtime:1.1.1) with AarTransform
Transforming tracing-1.0.0.aar (androidx.tracing:tracing:1.0.0) with IdentityTransform
Transforming tracing-1.0.0.aar (androidx.tracing:tracing:1.0.0) with ExtractAarTransform
Transforming tracing-1.0.0.aar (androidx.tracing:tracing:1.0.0) with AarTransform
Transforming interpolator-1.0.0.aar (androidx.interpolator:interpolator:1.0.0) with IdentityTransform
Transforming interpolator-1.0.0.aar (androidx.interpolator:interpolator:1.0.0) with ExtractAarTransform
Transforming interpolator-1.0.0.aar (androidx.interpolator:interpolator:1.0.0) with AarTransform
Transforming interpolator-1.0.0.aar (androidx.interpolator:interpolator:1.0.0) with IdentityTransform
Transforming interpolator-1.0.0.aar (androidx.interpolator:interpolator:1.0.0) with ExtractAarTransform
Transforming interpolator-1.0.0.aar (androidx.interpolator:interpolator:1.0.0) with AarTransform
Transforming versionedparcelable-1.1.1.aar (androidx.versionedparcelable:versionedparcelable:1.1.1) with IdentityTransform
Transforming versionedparcelable-1.1.1.aar (androidx.versionedparcelable:versionedparcelable:1.1.1) with ExtractAarTransform
Transforming versionedparcelable-1.1.1.aar (androidx.versionedparcelable:versionedparcelable:1.1.1) with AarTransform
Transforming documentfile-1.0.0.aar (androidx.documentfile:documentfile:1.0.0) with IdentityTransform
Transforming documentfile-1.0.0.aar (androidx.documentfile:documentfile:1.0.0) with ExtractAarTransform
Transforming documentfile-1.0.0.aar (androidx.documentfile:documentfile:1.0.0) with AarTransform
Transforming localbroadcastmanager-1.0.0.aar (androidx.localbroadcastmanager:localbroadcastmanager:1.0.0) with IdentityTransform
Transforming localbroadcastmanager-1.0.0.aar (androidx.localbroadcastmanager:localbroadcastmanager:1.0.0) with ExtractAarTransform
Transforming localbroadcastmanager-1.0.0.aar (androidx.localbroadcastmanager:localbroadcastmanager:1.0.0) with AarTransform
Transforming print-1.0.0.aar (androidx.print:print:1.0.0) with IdentityTransform
Transforming print-1.0.0.aar (androidx.print:print:1.0.0) with ExtractAarTransform
Transforming print-1.0.0.aar (androidx.print:print:1.0.0) with AarTransform
Transforming dagger-lint-aar-2.46.1.aar (com.google.dagger:dagger-lint-aar:2.46.1) with IdentityTransform
Transforming dagger-lint-aar-2.46.1.aar (com.google.dagger:dagger-lint-aar:2.46.1) with ExtractAarTransform
Transforming dagger-lint-aar-2.46.1.aar (com.google.dagger:dagger-lint-aar:2.46.1) with AarTransform
Caching disabled for task ':app:mergeDebugResources' because:
  Build cache is disabled
Task ':app:mergeDebugResources' is not up-to-date because:
  Output property 'blameLogOutputFolder' file C:\Users\leoja\AndroidStudioProjects\PaleobyLeoRecipes\app\build\intermediates\merged_res_blame_folder\debug\out has been removed.
  Output property 'blameLogOutputFolder' file C:\Users\leoja\AndroidStudioProjects\PaleobyLeoRecipes\app\build\intermediates\merged_res_blame_folder\debug\out\multi-v2 has been removed.
  Output property 'blameLogOutputFolder' file C:\Users\leoja\AndroidStudioProjects\PaleobyLeoRecipes\app\build\intermediates\merged_res_blame_folder\debug\out\multi-v2\debug.json has been removed.
  Output property 'blameLogOutputFolder' file C:\Users\leoja\AndroidStudioProjects\PaleobyLeoRecipes\app\build\intermediates\merged_res_blame_folder\debug\out\multi-v2\values-af.json has been removed.
  Output property 'blameLogOutputFolder' file C:\Users\leoja\AndroidStudioProjects\PaleobyLeoRecipes\app\build\intermediates\merged_res_blame_folder\debug\out\multi-v2\values-am.json has been removed.
  Output property 'blameLogOutputFolder' file C:\Users\leoja\AndroidStudioProjects\PaleobyLeoRecipes\app\build\intermediates\merged_res_blame_folder\debug\out\multi-v2\values-ar.json has been removed.
  Output property 'blameLogOutputFolder' file C:\Users\leoja\AndroidStudioProjects\PaleobyLeoRecipes\app\build\intermediates\merged_res_blame_folder\debug\out\multi-v2\values-as.json has been removed.
  Output property 'blameLogOutputFolder' file C:\Users\leoja\AndroidStudioProjects\PaleobyLeoRecipes\app\build\intermediates\merged_res_blame_folder\debug\out\multi-v2\values-az.json has been removed.
  Output property 'blameLogOutputFolder' file C:\Users\leoja\AndroidStudioProjects\PaleobyLeoRecipes\app\build\intermediates\merged_res_blame_folder\debug\out\multi-v2\values-b+es+419.json has been removed.
  Output property 'blameLogOutputFolder' file C:\Users\leoja\AndroidStudioProjects\PaleobyLeoRecipes\app\build\intermediates\merged_res_blame_folder\debug\out\multi-v2\values-b+sr+Latn.json has been removed.
  Output property 'blameLogOutputFolder' file C:\Users\leoja\AndroidStudioProjects\PaleobyLeoRecipes\app\build\intermediates\merged_res_blame_folder\debug\out\multi-v2\values-be.json has been removed.
  Output property 'blameLogOutputFolder' file C:\Users\leoja\AndroidStudioProjects\PaleobyLeoRecipes\app\build\intermediates\merged_res_blame_folder\debug\out\multi-v2\values-bg.json has been removed.
  Output property 'blameLogOutputFolder' file C:\Users\leoja\AndroidStudioProjects\PaleobyLeoRecipes\app\build\intermediates\merged_res_blame_folder\debug\out\multi-v2\values-bn.json has been removed.
  Output property 'blameLogOutputFolder' file C:\Users\leoja\AndroidStudioProjects\PaleobyLeoRecipes\app\build\intermediates\merged_res_blame_folder\debug\out\multi-v2\values-bs.json has been removed.
  Output property 'blameLogOutputFolder' file C:\Users\leoja\AndroidStudioProjects\PaleobyLeoRecipes\app\build\intermediates\merged_res_blame_folder\debug\out\multi-v2\values-ca.json has been removed.
  Output property 'blameLogOutputFolder' file C:\Users\leoja\AndroidStudioProjects\PaleobyLeoRecipes\app\build\intermediates\merged_res_blame_folder\debug\out\multi-v2\values-cs.json has been removed.
  Output property 'blameLogOutputFolder' file C:\Users\leoja\AndroidStudioProjects\PaleobyLeoRecipes\app\build\intermediates\merged_res_blame_folder\debug\out\multi-v2\values-da.json has been removed.
  Output property 'blameLogOutputFolder' file C:\Users\leoja\AndroidStudioProjects\PaleobyLeoRecipes\app\build\intermediates\merged_res_blame_folder\debug\out\multi-v2\values-de.json has been removed.
  Output property 'blameLogOutputFolder' file C:\Users\leoja\AndroidStudioProjects\PaleobyLeoRecipes\app\build\intermediates\merged_res_blame_folder\debug\out\multi-v2\values-el.json has been removed.
  Output property 'blameLogOutputFolder' file C:\Users\leoja\AndroidStudioProjects\PaleobyLeoRecipes\app\build\intermediates\merged_res_blame_folder\debug\out\multi-v2\values-en-rAU.json has been removed.
  Output property 'blameLogOutputFolder' file C:\Users\leoja\AndroidStudioProjects\PaleobyLeoRecipes\app\build\intermediates\merged_res_blame_folder\debug\out\multi-v2\values-en-rCA.json has been removed.
  Output property 'blameLogOutputFolder' file C:\Users\leoja\AndroidStudioProjects\PaleobyLeoRecipes\app\build\intermediates\merged_res_blame_folder\debug\out\multi-v2\values-en-rGB.json has been removed.
  Output property 'blameLogOutputFolder' file C:\Users\leoja\AndroidStudioProjects\PaleobyLeoRecipes\app\build\intermediates\merged_res_blame_folder\debug\out\multi-v2\values-en-rIN.json has been removed.
  Output property 'blameLogOutputFolder' file C:\Users\leoja\AndroidStudioProjects\PaleobyLeoRecipes\app\build\intermediates\merged_res_blame_folder\debug\out\multi-v2\values-en-rXC.json has been removed.
  Output property 'blameLogOutputFolder' file C:\Users\leoja\AndroidStudioProjects\PaleobyLeoRecipes\app\build\intermediates\merged_res_blame_folder\debug\out\multi-v2\values-es-rUS.json has been removed.
  Output property 'blameLogOutputFolder' file C:\Users\leoja\AndroidStudioProjects\PaleobyLeoRecipes\app\build\intermediates\merged_res_blame_folder\debug\out\multi-v2\values-es.json has been removed.
  Output property 'blameLogOutputFolder' file C:\Users\leoja\AndroidStudioProjects\PaleobyLeoRecipes\app\build\intermediates\merged_res_blame_folder\debug\out\multi-v2\values-et.json has been removed.
  Output property 'blameLogOutputFolder' file C:\Users\leoja\AndroidStudioProjects\PaleobyLeoRecipes\app\build\intermediates\merged_res_blame_folder\debug\out\multi-v2\values-eu.json has been removed.
  Output property 'blameLogOutputFolder' file C:\Users\leoja\AndroidStudioProjects\PaleobyLeoRecipes\app\build\intermediates\merged_res_blame_folder\debug\out\multi-v2\values-fa.json has been removed.
  Output property 'blameLogOutputFolder' file C:\Users\leoja\AndroidStudioProjects\PaleobyLeoRecipes\app\build\intermediates\merged_res_blame_folder\debug\out\multi-v2\values-fi.json has been removed.
  Output property 'blameLogOutputFolder' file C:\Users\leoja\AndroidStudioProjects\PaleobyLeoRecipes\app\build\intermediates\merged_res_blame_folder\debug\out\multi-v2\values-fr-rCA.json has been removed.
  Output property 'blameLogOutputFolder' file C:\Users\leoja\AndroidStudioProjects\PaleobyLeoRecipes\app\build\intermediates\merged_res_blame_folder\debug\out\multi-v2\values-fr.json has been removed.
  Output property 'blameLogOutputFolder' file C:\Users\leoja\AndroidStudioProjects\PaleobyLeoRecipes\app\build\intermediates\merged_res_blame_folder\debug\out\multi-v2\values-gl.json has been removed.
  Output property 'blameLogOutputFolder' file C:\Users\leoja\AndroidStudioProjects\PaleobyLeoRecipes\app\build\intermediates\merged_res_blame_folder\debug\out\multi-v2\values-gu.json has been removed.
  Output property 'blameLogOutputFolder' file C:\Users\leoja\AndroidStudioProjects\PaleobyLeoRecipes\app\build\intermediates\merged_res_blame_folder\debug\out\multi-v2\values-h320dp-port-v13.json has been removed.
  Output property 'blameLogOutputFolder' file C:\Users\leoja\AndroidStudioProjects\PaleobyLeoRecipes\app\build\intermediates\merged_res_blame_folder\debug\out\multi-v2\values-h360dp-land-v13.json has been removed.
  Output property 'blameLogOutputFolder' file C:\Users\leoja\AndroidStudioProjects\PaleobyLeoRecipes\app\build\intermediates\merged_res_blame_folder\debug\out\multi-v2\values-h480dp-land-v13.json has been removed.
  Output property 'blameLogOutputFolder' file C:\Users\leoja\AndroidStudioProjects\PaleobyLeoRecipes\app\build\intermediates\merged_res_blame_folder\debug\out\multi-v2\values-h550dp-port-v13.json has been removed.
  Output property 'blameLogOutputFolder' file C:\Users\leoja\AndroidStudioProjects\PaleobyLeoRecipes\app\build\intermediates\merged_res_blame_folder\debug\out\multi-v2\values-h720dp-v13.json has been removed.
  Output property 'blameLogOutputFolder' file C:\Users\leoja\AndroidStudioProjects\PaleobyLeoRecipes\app\build\intermediates\merged_res_blame_folder\debug\out\multi-v2\values-hdpi-v4.json has been removed.
  Output property 'blameLogOutputFolder' file C:\Users\leoja\AndroidStudioProjects\PaleobyLeoRecipes\app\build\intermediates\merged_res_blame_folder\debug\out\multi-v2\values-hi.json has been removed.
  Output property 'blameLogOutputFolder' file C:\Users\leoja\AndroidStudioProjects\PaleobyLeoRecipes\app\build\intermediates\merged_res_blame_folder\debug\out\multi-v2\values-hr.json has been removed.
  Output property 'blameLogOutputFolder' file C:\Users\leoja\AndroidStudioProjects\PaleobyLeoRecipes\app\build\intermediates\merged_res_blame_folder\debug\out\multi-v2\values-hu.json has been removed.
  Output property 'blameLogOutputFolder' file C:\Users\leoja\AndroidStudioProjects\PaleobyLeoRecipes\app\build\intermediates\merged_res_blame_folder\debug\out\multi-v2\values-hy.json has been removed.
  Output property 'blameLogOutputFolder' file C:\Users\leoja\AndroidStudioProjects\PaleobyLeoRecipes\app\build\intermediates\merged_res_blame_folder\debug\out\multi-v2\values-in.json has been removed.
  Output property 'blameLogOutputFolder' file C:\Users\leoja\AndroidStudioProjects\PaleobyLeoRecipes\app\build\intermediates\merged_res_blame_folder\debug\out\multi-v2\values-is.json has been removed.
  Output property 'blameLogOutputFolder' file C:\Users\leoja\AndroidStudioProjects\PaleobyLeoRecipes\app\build\intermediates\merged_res_blame_folder\debug\out\multi-v2\values-it.json has been removed.
  Output property 'blameLogOutputFolder' file C:\Users\leoja\AndroidStudioProjects\PaleobyLeoRecipes\app\build\intermediates\merged_res_blame_folder\debug\out\multi-v2\values-iw.json has been removed.
  Output property 'blameLogOutputFolder' file C:\Users\leoja\AndroidStudioProjects\PaleobyLeoRecipes\app\build\intermediates\merged_res_blame_folder\debug\out\multi-v2\values-ja.json has been removed.
  Output property 'blameLogOutputFolder' file C:\Users\leoja\AndroidStudioProjects\PaleobyLeoRecipes\app\build\intermediates\merged_res_blame_folder\debug\out\multi-v2\values-ka.json has been removed.
  Output property 'blameLogOutputFolder' file C:\Users\leoja\AndroidStudioProjects\PaleobyLeoRecipes\app\build\intermediates\merged_res_blame_folder\debug\out\multi-v2\values-kk.json has been removed.
  Output property 'blameLogOutputFolder' file C:\Users\leoja\AndroidStudioProjects\PaleobyLeoRecipes\app\build\intermediates\merged_res_blame_folder\debug\out\multi-v2\values-km.json has been removed.
  Output property 'blameLogOutputFolder' file C:\Users\leoja\AndroidStudioProjects\PaleobyLeoRecipes\app\build\intermediates\merged_res_blame_folder\debug\out\multi-v2\values-kn.json has been removed.
  Output property 'blameLogOutputFolder' file C:\Users\leoja\AndroidStudioProjects\PaleobyLeoRecipes\app\build\intermediates\merged_res_blame_folder\debug\out\multi-v2\values-ko.json has been removed.
  Output property 'blameLogOutputFolder' file C:\Users\leoja\AndroidStudioProjects\PaleobyLeoRecipes\app\build\intermediates\merged_res_blame_folder\debug\out\multi-v2\values-ky.json has been removed.
  Output property 'blameLogOutputFolder' file C:\Users\leoja\AndroidStudioProjects\PaleobyLeoRecipes\app\build\intermediates\merged_res_blame_folder\debug\out\multi-v2\values-land.json has been removed.
  Output property 'blameLogOutputFolder' file C:\Users\leoja\AndroidStudioProjects\PaleobyLeoRecipes\app\build\intermediates\merged_res_blame_folder\debug\out\multi-v2\values-large-v4.json has been removed.
  Output property 'blameLogOutputFolder' file C:\Users\leoja\AndroidStudioProjects\PaleobyLeoRecipes\app\build\intermediates\merged_res_blame_folder\debug\out\multi-v2\values-ldltr-v21.json has been removed.
  Output property 'blameLogOutputFolder' file C:\Users\leoja\AndroidStudioProjects\PaleobyLeoRecipes\app\build\intermediates\merged_res_blame_folder\debug\out\multi-v2\values-ldrtl-v17.json has been removed.
  Output property 'blameLogOutputFolder' file C:\Users\leoja\AndroidStudioProjects\PaleobyLeoRecipes\app\build\intermediates\merged_res_blame_folder\debug\out\multi-v2\values-lo.json has been removed.
  Output property 'blameLogOutputFolder' file C:\Users\leoja\AndroidStudioProjects\PaleobyLeoRecipes\app\build\intermediates\merged_res_blame_folder\debug\out\multi-v2\values-lt.json has been removed.
  Output property 'blameLogOutputFolder' file C:\Users\leoja\AndroidStudioProjects\PaleobyLeoRecipes\app\build\intermediates\merged_res_blame_folder\debug\out\multi-v2\values-lv.json has been removed.
  Output property 'blameLogOutputFolder' file C:\Users\leoja\AndroidStudioProjects\PaleobyLeoRecipes\app\build\intermediates\merged_res_blame_folder\debug\out\multi-v2\values-mk.json has been removed.
  Output property 'blameLogOutputFolder' file C:\Users\leoja\AndroidStudioProjects\PaleobyLeoRecipes\app\build\intermediates\merged_res_blame_folder\debug\out\multi-v2\values-ml.json has been removed.
  Output property 'blameLogOutputFolder' file C:\Users\leoja\AndroidStudioProjects\PaleobyLeoRecipes\app\build\intermediates\merged_res_blame_folder\debug\out\multi-v2\values-mn.json has been removed.
  Output property 'blameLogOutputFolder' file C:\Users\leoja\AndroidStudioProjects\PaleobyLeoRecipes\app\build\intermediates\merged_res_blame_folder\debug\out\multi-v2\values-mr.json has been removed.
  Output property 'blameLogOutputFolder' file C:\Users\leoja\AndroidStudioProjects\PaleobyLeoRecipes\app\build\intermediates\merged_res_blame_folder\debug\out\multi-v2\values-ms.json has been removed.
  Output property 'blameLogOutputFolder' file C:\Users\leoja\AndroidStudioProjects\PaleobyLeoRecipes\app\build\intermediates\merged_res_blame_folder\debug\out\multi-v2\values-my.json has been removed.
  Output property 'blameLogOutputFolder' file C:\Users\leoja\AndroidStudioProjects\PaleobyLeoRecipes\app\build\intermediates\merged_res_blame_folder\debug\out\multi-v2\values-nb.json has been removed.
  Output property 'blameLogOutputFolder' file C:\Users\leoja\AndroidStudioProjects\PaleobyLeoRecipes\app\build\intermediates\merged_res_blame_folder\debug\out\multi-v2\values-ne.json has been removed.
  Output property 'blameLogOutputFolder' file C:\Users\leoja\AndroidStudioProjects\PaleobyLeoRecipes\app\build\intermediates\merged_res_blame_folder\debug\out\multi-v2\values-night-v8.json has been removed.
  Output property 'blameLogOutputFolder' file C:\Users\leoja\AndroidStudioProjects\PaleobyLeoRecipes\app\build\intermediates\merged_res_blame_folder\debug\out\multi-v2\values-nl.json has been removed.
  Output property 'blameLogOutputFolder' file C:\Users\leoja\AndroidStudioProjects\PaleobyLeoRecipes\app\build\intermediates\merged_res_blame_folder\debug\out\multi-v2\values-or.json has been removed.
  Output property 'blameLogOutputFolder' file C:\Users\leoja\AndroidStudioProjects\PaleobyLeoRecipes\app\build\intermediates\merged_res_blame_folder\debug\out\multi-v2\values-pa.json has been removed.
  Output property 'blameLogOutputFolder' file C:\Users\leoja\AndroidStudioProjects\PaleobyLeoRecipes\app\build\intermediates\merged_res_blame_folder\debug\out\multi-v2\values-pl.json has been removed.
  Output property 'blameLogOutputFolder' file C:\Users\leoja\AndroidStudioProjects\PaleobyLeoRecipes\app\build\intermediates\merged_res_blame_folder\debug\out\multi-v2\values-port.json has been removed.
  Output property 'blameLogOutputFolder' file C:\Users\leoja\AndroidStudioProjects\PaleobyLeoRecipes\app\build\intermediates\merged_res_blame_folder\debug\out\multi-v2\values-pt-rBR.json has been removed.
  Output property 'blameLogOutputFolder' file C:\Users\leoja\AndroidStudioProjects\PaleobyLeoRecipes\app\build\intermediates\merged_res_blame_folder\debug\out\multi-v2\values-pt-rPT.json has been removed.
  Output property 'blameLogOutputFolder' file C:\Users\leoja\AndroidStudioProjects\PaleobyLeoRecipes\app\build\intermediates\merged_res_blame_folder\debug\out\multi-v2\values-pt.json has been removed.
  Output property 'blameLogOutputFolder' file C:\Users\leoja\AndroidStudioProjects\PaleobyLeoRecipes\app\build\intermediates\merged_res_blame_folder\debug\out\multi-v2\values-ro.json has been removed.
  Output property 'blameLogOutputFolder' file C:\Users\leoja\AndroidStudioProjects\PaleobyLeoRecipes\app\build\intermediates\merged_res_blame_folder\debug\out\multi-v2\values-ru.json has been removed.
  Output property 'blameLogOutputFolder' file C:\Users\leoja\AndroidStudioProjects\PaleobyLeoRecipes\app\build\intermediates\merged_res_blame_folder\debug\out\multi-v2\values-si.json has been removed.
  Output property 'blameLogOutputFolder' file C:\Users\leoja\AndroidStudioProjects\PaleobyLeoRecipes\app\build\intermediates\merged_res_blame_folder\debug\out\multi-v2\values-sk.json has been removed.
  Output property 'blameLogOutputFolder' file C:\Users\leoja\AndroidStudioProjects\PaleobyLeoRecipes\app\build\intermediates\merged_res_blame_folder\debug\out\multi-v2\values-sl.json has been removed.
  Output property 'blameLogOutputFolder' file C:\Users\leoja\AndroidStudioProjects\PaleobyLeoRecipes\app\build\intermediates\merged_res_blame_folder\debug\out\multi-v2\values-small-v4.json has been removed.
  Output property 'blameLogOutputFolder' file C:\Users\leoja\AndroidStudioProjects\PaleobyLeoRecipes\app\build\intermediates\merged_res_blame_folder\debug\out\multi-v2\values-sq.json has been removed.
  Output property 'blameLogOutputFolder' file C:\Users\leoja\AndroidStudioProjects\PaleobyLeoRecipes\app\build\intermediates\merged_res_blame_folder\debug\out\multi-v2\values-sr.json has been removed.
  Output property 'blameLogOutputFolder' file C:\Users\leoja\AndroidStudioProjects\PaleobyLeoRecipes\app\build\intermediates\merged_res_blame_folder\debug\out\multi-v2\values-sv.json has been removed.
  Output property 'blameLogOutputFolder' file C:\Users\leoja\AndroidStudioProjects\PaleobyLeoRecipes\app\build\intermediates\merged_res_blame_folder\debug\out\multi-v2\values-sw.json has been removed.
  Output property 'blameLogOutputFolder' file C:\Users\leoja\AndroidStudioProjects\PaleobyLeoRecipes\app\build\intermediates\merged_res_blame_folder\debug\out\multi-v2\values-sw600dp-v13.json has been removed.
  Output property 'blameLogOutputFolder' file C:\Users\leoja\AndroidStudioProjects\PaleobyLeoRecipes\app\build\intermediates\merged_res_blame_folder\debug\out\multi-v2\values-ta.json has been removed.
  Output property 'blameLogOutputFolder' file C:\Users\leoja\AndroidStudioProjects\PaleobyLeoRecipes\app\build\intermediates\merged_res_blame_folder\debug\out\multi-v2\values-te.json has been removed.
  Output property 'blameLogOutputFolder' file C:\Users\leoja\AndroidStudioProjects\PaleobyLeoRecipes\app\build\intermediates\merged_res_blame_folder\debug\out\multi-v2\values-th.json has been removed.
  Output property 'blameLogOutputFolder' file C:\Users\leoja\AndroidStudioProjects\PaleobyLeoRecipes\app\build\intermediates\merged_res_blame_folder\debug\out\multi-v2\values-tl.json has been removed.
  Output property 'blameLogOutputFolder' file C:\Users\leoja\AndroidStudioProjects\PaleobyLeoRecipes\app\build\intermediates\merged_res_blame_folder\debug\out\multi-v2\values-tr.json has been removed.
  Output property 'blameLogOutputFolder' file C:\Users\leoja\AndroidStudioProjects\PaleobyLeoRecipes\app\build\intermediates\merged_res_blame_folder\debug\out\multi-v2\values-uk.json has been removed.
  Output property 'blameLogOutputFolder' file C:\Users\leoja\AndroidStudioProjects\PaleobyLeoRecipes\app\build\intermediates\merged_res_blame_folder\debug\out\multi-v2\values-ur.json has been removed.
  Output property 'blameLogOutputFolder' file C:\Users\leoja\AndroidStudioProjects\PaleobyLeoRecipes\app\build\intermediates\merged_res_blame_folder\debug\out\multi-v2\values-uz.json has been removed.
  Output property 'blameLogOutputFolder' file C:\Users\leoja\AndroidStudioProjects\PaleobyLeoRecipes\app\build\intermediates\merged_res_blame_folder\debug\out\multi-v2\values-v16.json has been removed.
  Output property 'blameLogOutputFolder' file C:\Users\leoja\AndroidStudioProjects\PaleobyLeoRecipes\app\build\intermediates\merged_res_blame_folder\debug\out\multi-v2\values-v17.json has been removed.
  Output property 'blameLogOutputFolder' file C:\Users\leoja\AndroidStudioProjects\PaleobyLeoRecipes\app\build\intermediates\merged_res_blame_folder\debug\out\multi-v2\values-v18.json has been removed.
  Output property 'blameLogOutputFolder' file C:\Users\leoja\AndroidStudioProjects\PaleobyLeoRecipes\app\build\intermediates\merged_res_blame_folder\debug\out\multi-v2\values-v21.json has been removed.
  Output property 'blameLogOutputFolder' file C:\Users\leoja\AndroidStudioProjects\PaleobyLeoRecipes\app\build\intermediates\merged_res_blame_folder\debug\out\multi-v2\values-v22.json has been removed.
  Output property 'blameLogOutputFolder' file C:\Users\leoja\AndroidStudioProjects\PaleobyLeoRecipes\app\build\intermediates\merged_res_blame_folder\debug\out\multi-v2\values-v23.json has been removed.
  Output property 'blameLogOutputFolder' file C:\Users\leoja\AndroidStudioProjects\PaleobyLeoRecipes\app\build\intermediates\merged_res_blame_folder\debug\out\multi-v2\values-v24.json has been removed.
  Output property 'blameLogOutputFolder' file C:\Users\leoja\AndroidStudioProjects\PaleobyLeoRecipes\app\build\intermediates\merged_res_blame_folder\debug\out\multi-v2\values-v25.json has been removed.
  Output property 'blameLogOutputFolder' file C:\Users\leoja\AndroidStudioProjects\PaleobyLeoRecipes\app\build\intermediates\merged_res_blame_folder\debug\out\multi-v2\values-v26.json has been removed.
  Output property 'blameLogOutputFolder' file C:\Users\leoja\AndroidStudioProjects\PaleobyLeoRecipes\app\build\intermediates\merged_res_blame_folder\debug\out\multi-v2\values-v28.json has been removed.
  Output property 'blameLogOutputFolder' file C:\Users\leoja\AndroidStudioProjects\PaleobyLeoRecipes\app\build\intermediates\merged_res_blame_folder\debug\out\multi-v2\values-v31.json has been removed.
  Output property 'blameLogOutputFolder' file C:\Users\leoja\AndroidStudioProjects\PaleobyLeoRecipes\app\build\intermediates\merged_res_blame_folder\debug\out\multi-v2\values-v34.json has been removed.
  Output property 'blameLogOutputFolder' file C:\Users\leoja\AndroidStudioProjects\PaleobyLeoRecipes\app\build\intermediates\merged_res_blame_folder\debug\out\multi-v2\values-vi.json has been removed.
  Output property 'blameLogOutputFolder' file C:\Users\leoja\AndroidStudioProjects\PaleobyLeoRecipes\app\build\intermediates\merged_res_blame_folder\debug\out\multi-v2\values-w320dp-land-v13.json has been removed.
  Output property 'blameLogOutputFolder' file C:\Users\leoja\AndroidStudioProjects\PaleobyLeoRecipes\app\build\intermediates\merged_res_blame_folder\debug\out\multi-v2\values-w360dp-port-v13.json has been removed.
  Output property 'blameLogOutputFolder' file C:\Users\leoja\AndroidStudioProjects\PaleobyLeoRecipes\app\build\intermediates\merged_res_blame_folder\debug\out\multi-v2\values-w400dp-port-v13.json has been removed.
  Output property 'blameLogOutputFolder' file C:\Users\leoja\AndroidStudioProjects\PaleobyLeoRecipes\app\build\intermediates\merged_res_blame_folder\debug\out\multi-v2\values-w600dp-land-v13.json has been removed.
  Output property 'blameLogOutputFolder' file C:\Users\leoja\AndroidStudioProjects\PaleobyLeoRecipes\app\build\intermediates\merged_res_blame_folder\debug\out\multi-v2\values-watch-v20.json has been removed.
  Output property 'blameLogOutputFolder' file C:\Users\leoja\AndroidStudioProjects\PaleobyLeoRecipes\app\build\intermediates\merged_res_blame_folder\debug\out\multi-v2\values-watch-v21.json has been removed.
  Output property 'blameLogOutputFolder' file C:\Users\leoja\AndroidStudioProjects\PaleobyLeoRecipes\app\build\intermediates\merged_res_blame_folder\debug\out\multi-v2\values-xlarge-v4.json has been removed.
  Output property 'blameLogOutputFolder' file C:\Users\leoja\AndroidStudioProjects\PaleobyLeoRecipes\app\build\intermediates\merged_res_blame_folder\debug\out\multi-v2\values-zh-rCN.json has been removed.
  Output property 'blameLogOutputFolder' file C:\Users\leoja\AndroidStudioProjects\PaleobyLeoRecipes\app\build\intermediates\merged_res_blame_folder\debug\out\multi-v2\values-zh-rHK.json has been removed.
  Output property 'blameLogOutputFolder' file C:\Users\leoja\AndroidStudioProjects\PaleobyLeoRecipes\app\build\intermediates\merged_res_blame_folder\debug\out\multi-v2\values-zh-rTW.json has been removed.
  Output property 'blameLogOutputFolder' file C:\Users\leoja\AndroidStudioProjects\PaleobyLeoRecipes\app\build\intermediates\merged_res_blame_folder\debug\out\multi-v2\values-zu.json has been removed.
  Output property 'blameLogOutputFolder' file C:\Users\leoja\AndroidStudioProjects\PaleobyLeoRecipes\app\build\intermediates\merged_res_blame_folder\debug\out\multi-v2\values.json has been removed.
  Output property 'blameLogOutputFolder' file C:\Users\leoja\AndroidStudioProjects\PaleobyLeoRecipes\app\build\intermediates\merged_res_blame_folder\debug\out\single has been removed.
  Output property 'dataBindingLayoutInfoOutFolder' file C:\Users\leoja\AndroidStudioProjects\PaleobyLeoRecipes\app\build\intermediates\data_binding_layout_info_type_merge\debug\out has been removed.
The input changes require a full rebuild for incremental task ':app:mergeDebugResources'.
[MergeResources] Inputs are non-incremental full task action.
Compiling XML table C:\Users\leoja\AndroidStudioProjects\PaleobyLeoRecipes\app\build\intermediates\incremental\debug\mergeDebugResources\merged.dir\values\values.xml to C:\Users\leoja\AndroidStudioProjects\PaleobyLeoRecipes\app\build\intermediates\merged_res\debug\values_values.arsc.flat
Compiling XML table C:\Users\leoja\AndroidStudioProjects\PaleobyLeoRecipes\app\build\intermediates\incremental\debug\mergeDebugResources\merged.dir\values-hi\values-hi.xml to C:\Users\leoja\AndroidStudioProjects\PaleobyLeoRecipes\app\build\intermediates\merged_res\debug\values-hi_values-hi.arsc.flat
Compiling XML table C:\Users\leoja\AndroidStudioProjects\PaleobyLeoRecipes\app\build\intermediates\incremental\debug\mergeDebugResources\merged.dir\values-pt\values-pt.xml to C:\Users\leoja\AndroidStudioProjects\PaleobyLeoRecipes\app\build\intermediates\merged_res\debug\values-pt_values-pt.arsc.flat
Compiling XML table C:\Users\leoja\AndroidStudioProjects\PaleobyLeoRecipes\app\build\intermediates\incremental\debug\mergeDebugResources\merged.dir\values-watch-v21\values-watch-v21.xml to C:\Users\leoja\AndroidStudioProjects\PaleobyLeoRecipes\app\build\intermediates\merged_res\debug\values-watch-v21_values-watch-v21.arsc.flat
Compiling XML table C:\Users\leoja\AndroidStudioProjects\PaleobyLeoRecipes\app\build\intermediates\incremental\debug\mergeDebugResources\merged.dir\values-v17\values-v17.xml to C:\Users\leoja\AndroidStudioProjects\PaleobyLeoRecipes\app\build\intermediates\merged_res\debug\values-v17_values-v17.arsc.flat
Compiling XML table C:\Users\leoja\AndroidStudioProjects\PaleobyLeoRecipes\app\build\intermediates\incremental\debug\mergeDebugResources\merged.dir\values-watch-v20\values-watch-v20.xml to C:\Users\leoja\AndroidStudioProjects\PaleobyLeoRecipes\app\build\intermediates\merged_res\debug\values-watch-v20_values-watch-v20.arsc.flat
Compiling XML table C:\Users\leoja\AndroidStudioProjects\PaleobyLeoRecipes\app\build\intermediates\incremental\debug\mergeDebugResources\merged.dir\values-it\values-it.xml to C:\Users\leoja\AndroidStudioProjects\PaleobyLeoRecipes\app\build\intermediates\merged_res\debug\values-it_values-it.arsc.flat
Compiling XML table C:\Users\leoja\AndroidStudioProjects\PaleobyLeoRecipes\app\build\intermediates\incremental\debug\mergeDebugResources\merged.dir\values-v16\values-v16.xml to C:\Users\leoja\AndroidStudioProjects\PaleobyLeoRecipes\app\build\intermediates\merged_res\debug\values-v16_values-v16.arsc.flat
Compiling XML table C:\Users\leoja\AndroidStudioProjects\PaleobyLeoRecipes\app\build\intermediates\incremental\debug\mergeDebugResources\merged.dir\values-zh-rHK\values-zh-rHK.xml to C:\Users\leoja\AndroidStudioProjects\PaleobyLeoRecipes\app\build\intermediates\merged_res\debug\values-zh-rHK_values-zh-rHK.arsc.flat
Compiling XML table C:\Users\leoja\AndroidStudioProjects\PaleobyLeoRecipes\app\build\intermediates\incremental\debug\mergeDebugResources\merged.dir\values-hr\values-hr.xml to C:\Users\leoja\AndroidStudioProjects\PaleobyLeoRecipes\app\build\intermediates\merged_res\debug\values-hr_values-hr.arsc.flat
Compiling XML table C:\Users\leoja\AndroidStudioProjects\PaleobyLeoRecipes\app\build\intermediates\incremental\debug\mergeDebugResources\merged.dir\values-hu\values-hu.xml to C:\Users\leoja\AndroidStudioProjects\PaleobyLeoRecipes\app\build\intermediates\merged_res\debug\values-hu_values-hu.arsc.flat
Compiling XML table C:\Users\leoja\AndroidStudioProjects\PaleobyLeoRecipes\app\build\intermediates\incremental\debug\mergeDebugResources\merged.dir\values-v18\values-v18.xml to C:\Users\leoja\AndroidStudioProjects\PaleobyLeoRecipes\app\build\intermediates\merged_res\debug\values-v18_values-v18.arsc.flat
Compiling XML table C:\Users\leoja\AndroidStudioProjects\PaleobyLeoRecipes\app\build\intermediates\incremental\debug\mergeDebugResources\merged.dir\values-ldltr-v21\values-ldltr-v21.xml to C:\Users\leoja\AndroidStudioProjects\PaleobyLeoRecipes\app\build\intermediates\merged_res\debug\values-ldltr-v21_values-ldltr-v21.arsc.flat
Compiling XML table C:\Users\leoja\AndroidStudioProjects\PaleobyLeoRecipes\app\build\intermediates\incremental\debug\mergeDebugResources\merged.dir\values-hy\values-hy.xml to C:\Users\leoja\AndroidStudioProjects\PaleobyLeoRecipes\app\build\intermediates\merged_res\debug\values-hy_values-hy.arsc.flat
Compiling XML table C:\Users\leoja\AndroidStudioProjects\PaleobyLeoRecipes\app\build\intermediates\incremental\debug\mergeDebugResources\merged.dir\values-is\values-is.xml to C:\Users\leoja\AndroidStudioProjects\PaleobyLeoRecipes\app\build\intermediates\merged_res\debug\values-is_values-is.arsc.flat
Compiling XML table C:\Users\leoja\AndroidStudioProjects\PaleobyLeoRecipes\app\build\intermediates\incremental\debug\mergeDebugResources\merged.dir\values-v23\values-v23.xml to C:\Users\leoja\AndroidStudioProjects\PaleobyLeoRecipes\app\build\intermediates\merged_res\debug\values-v23_values-v23.arsc.flat
Compiling XML table C:\Users\leoja\AndroidStudioProjects\PaleobyLeoRecipes\app\build\intermediates\incremental\debug\mergeDebugResources\merged.dir\values-v21\values-v21.xml to C:\Users\leoja\AndroidStudioProjects\PaleobyLeoRecipes\app\build\intermediates\merged_res\debug\values-v21_values-v21.arsc.flat
Compiling XML table C:\Users\leoja\AndroidStudioProjects\PaleobyLeoRecipes\app\build\intermediates\incremental\debug\mergeDebugResources\merged.dir\values-am\values-am.xml to C:\Users\leoja\AndroidStudioProjects\PaleobyLeoRecipes\app\build\intermediates\merged_res\debug\values-am_values-am.arsc.flat
Compiling XML table C:\Users\leoja\AndroidStudioProjects\PaleobyLeoRecipes\app\build\intermediates\incremental\debug\mergeDebugResources\merged.dir\values-zu\values-zu.xml to C:\Users\leoja\AndroidStudioProjects\PaleobyLeoRecipes\app\build\intermediates\merged_res\debug\values-zu_values-zu.arsc.flat
Compiling XML table C:\Users\leoja\AndroidStudioProjects\PaleobyLeoRecipes\app\build\intermediates\incremental\debug\mergeDebugResources\merged.dir\values-w360dp-port-v13\values-w360dp-port-v13.xml to C:\Users\leoja\AndroidStudioProjects\PaleobyLeoRecipes\app\build\intermediates\merged_res\debug\values-w360dp-port-v13_values-w360dp-port-v13.arsc.flat
Compiling XML table C:\Users\leoja\AndroidStudioProjects\PaleobyLeoRecipes\app\build\intermediates\incremental\debug\mergeDebugResources\merged.dir\values-es-rUS\values-es-rUS.xml to C:\Users\leoja\AndroidStudioProjects\PaleobyLeoRecipes\app\build\intermediates\merged_res\debug\values-es-rUS_values-es-rUS.arsc.flat
Compiling XML table C:\Users\leoja\AndroidStudioProjects\PaleobyLeoRecipes\app\build\intermediates\incremental\debug\mergeDebugResources\merged.dir\values-ja\values-ja.xml to C:\Users\leoja\AndroidStudioProjects\PaleobyLeoRecipes\app\build\intermediates\merged_res\debug\values-ja_values-ja.arsc.flat
Compiling XML table C:\Users\leoja\AndroidStudioProjects\PaleobyLeoRecipes\app\build\intermediates\incremental\debug\mergeDebugResources\merged.dir\values-b+sr+Latn\values-b+sr+Latn.xml to C:\Users\leoja\AndroidStudioProjects\PaleobyLeoRecipes\app\build\intermediates\merged_res\debug\values-b+sr+Latn_values-b+sr+Latn.arsc.flat
Compiling XML table C:\Users\leoja\AndroidStudioProjects\PaleobyLeoRecipes\app\build\intermediates\incremental\debug\mergeDebugResources\merged.dir\values-h360dp-land-v13\values-h360dp-land-v13.xml to C:\Users\leoja\AndroidStudioProjects\PaleobyLeoRecipes\app\build\intermediates\merged_res\debug\values-h360dp-land-v13_values-h360dp-land-v13.arsc.flat
Compiling XML table C:\Users\leoja\AndroidStudioProjects\PaleobyLeoRecipes\app\build\intermediates\incremental\debug\mergeDebugResources\merged.dir\values-bg\values-bg.xml to C:\Users\leoja\AndroidStudioProjects\PaleobyLeoRecipes\app\build\intermediates\merged_res\debug\values-bg_values-bg.arsc.flat
Compiling XML table C:\Users\leoja\AndroidStudioProjects\PaleobyLeoRecipes\app\build\intermediates\incremental\debug\mergeDebugResources\merged.dir\values-in\values-in.xml to C:\Users\leoja\AndroidStudioProjects\PaleobyLeoRecipes\app\build\intermediates\merged_res\debug\values-in_values-in.arsc.flat
Compiling XML table C:\Users\leoja\AndroidStudioProjects\PaleobyLeoRecipes\app\build\intermediates\incremental\debug\mergeDebugResources\merged.dir\values-pt-rPT\values-pt-rPT.xml to C:\Users\leoja\AndroidStudioProjects\PaleobyLeoRecipes\app\build\intermediates\merged_res\debug\values-pt-rPT_values-pt-rPT.arsc.flat
Compiling XML table C:\Users\leoja\AndroidStudioProjects\PaleobyLeoRecipes\app\build\intermediates\incremental\debug\mergeDebugResources\merged.dir\values-be\values-be.xml to C:\Users\leoja\AndroidStudioProjects\PaleobyLeoRecipes\app\build\intermediates\merged_res\debug\values-be_values-be.arsc.flat
Compiling XML table C:\Users\leoja\AndroidStudioProjects\PaleobyLeoRecipes\app\build\intermediates\incremental\debug\mergeDebugResources\merged.dir\values-v22\values-v22.xml to C:\Users\leoja\AndroidStudioProjects\PaleobyLeoRecipes\app\build\intermediates\merged_res\debug\values-v22_values-v22.arsc.flat
Compiling XML table C:\Users\leoja\AndroidStudioProjects\PaleobyLeoRecipes\app\build\intermediates\incremental\debug\mergeDebugResources\merged.dir\values-sk\values-sk.xml to C:\Users\leoja\AndroidStudioProjects\PaleobyLeoRecipes\app\build\intermediates\merged_res\debug\values-sk_values-sk.arsc.flat
Compiling XML table C:\Users\leoja\AndroidStudioProjects\PaleobyLeoRecipes\app\build\intermediates\incremental\debug\mergeDebugResources\merged.dir\values-v26\values-v26.xml to C:\Users\leoja\AndroidStudioProjects\PaleobyLeoRecipes\app\build\intermediates\merged_res\debug\values-v26_values-v26.arsc.flat
Compiling XML table C:\Users\leoja\AndroidStudioProjects\PaleobyLeoRecipes\app\build\intermediates\incremental\debug\mergeDebugResources\merged.dir\values-h480dp-land-v13\values-h480dp-land-v13.xml to C:\Users\leoja\AndroidStudioProjects\PaleobyLeoRecipes\app\build\intermediates\merged_res\debug\values-h480dp-land-v13_values-h480dp-land-v13.arsc.flat
Compiling XML table C:\Users\leoja\AndroidStudioProjects\PaleobyLeoRecipes\app\build\intermediates\incremental\debug\mergeDebugResources\merged.dir\values-bs\values-bs.xml to C:\Users\leoja\AndroidStudioProjects\PaleobyLeoRecipes\app\build\intermediates\merged_res\debug\values-bs_values-bs.arsc.flat
Compiling XML table C:\Users\leoja\AndroidStudioProjects\PaleobyLeoRecipes\app\build\intermediates\incremental\debug\mergeDebugResources\merged.dir\values-iw\values-iw.xml to C:\Users\leoja\AndroidStudioProjects\PaleobyLeoRecipes\app\build\intermediates\merged_res\debug\values-iw_values-iw.arsc.flat
Compiling XML table C:\Users\leoja\AndroidStudioProjects\PaleobyLeoRecipes\app\build\intermediates\incremental\debug\mergeDebugResources\merged.dir\values-ru\values-ru.xml to C:\Users\leoja\AndroidStudioProjects\PaleobyLeoRecipes\app\build\intermediates\merged_res\debug\values-ru_values-ru.arsc.flat
Compiling XML table C:\Users\leoja\AndroidStudioProjects\PaleobyLeoRecipes\app\build\intermediates\incremental\debug\mergeDebugResources\merged.dir\values-bn\values-bn.xml to C:\Users\leoja\AndroidStudioProjects\PaleobyLeoRecipes\app\build\intermediates\merged_res\debug\values-bn_values-bn.arsc.flat
Compiling XML table C:\Users\leoja\AndroidStudioProjects\PaleobyLeoRecipes\app\build\intermediates\incremental\debug\mergeDebugResources\merged.dir\values-v34\values-v34.xml to C:\Users\leoja\AndroidStudioProjects\PaleobyLeoRecipes\app\build\intermediates\merged_res\debug\values-v34_values-v34.arsc.flat
Compiling XML table C:\Users\leoja\AndroidStudioProjects\PaleobyLeoRecipes\app\build\intermediates\incremental\debug\mergeDebugResources\merged.dir\values-sv\values-sv.xml to C:\Users\leoja\AndroidStudioProjects\PaleobyLeoRecipes\app\build\intermediates\merged_res\debug\values-sv_values-sv.arsc.flat
Compiling XML table C:\Users\leoja\AndroidStudioProjects\PaleobyLeoRecipes\app\build\intermediates\incremental\debug\mergeDebugResources\merged.dir\values-ca\values-ca.xml to C:\Users\leoja\AndroidStudioProjects\PaleobyLeoRecipes\app\build\intermediates\merged_res\debug\values-ca_values-ca.arsc.flat
Compiling XML table C:\Users\leoja\AndroidStudioProjects\PaleobyLeoRecipes\app\build\intermediates\incremental\debug\mergeDebugResources\merged.dir\values-si\values-si.xml to C:\Users\leoja\AndroidStudioProjects\PaleobyLeoRecipes\app\build\intermediates\merged_res\debug\values-si_values-si.arsc.flat
Compiling XML table C:\Users\leoja\AndroidStudioProjects\PaleobyLeoRecipes\app\build\intermediates\incremental\debug\mergeDebugResources\merged.dir\values-v25\values-v25.xml to C:\Users\leoja\AndroidStudioProjects\PaleobyLeoRecipes\app\build\intermediates\merged_res\debug\values-v25_values-v25.arsc.flat
Compiling XML table C:\Users\leoja\AndroidStudioProjects\PaleobyLeoRecipes\app\build\intermediates\incremental\debug\mergeDebugResources\merged.dir\values-sl\values-sl.xml to C:\Users\leoja\AndroidStudioProjects\PaleobyLeoRecipes\app\build\intermediates\merged_res\debug\values-sl_values-sl.arsc.flat
Compiling XML table C:\Users\leoja\AndroidStudioProjects\PaleobyLeoRecipes\app\build\intermediates\incremental\debug\mergeDebugResources\merged.dir\values-km\values-km.xml to C:\Users\leoja\AndroidStudioProjects\PaleobyLeoRecipes\app\build\intermediates\merged_res\debug\values-km_values-km.arsc.flat
Compiling XML table C:\Users\leoja\AndroidStudioProjects\PaleobyLeoRecipes\app\build\intermediates\incremental\debug\mergeDebugResources\merged.dir\values-ro\values-ro.xml to C:\Users\leoja\AndroidStudioProjects\PaleobyLeoRecipes\app\build\intermediates\merged_res\debug\values-ro_values-ro.arsc.flat
Compiling XML table C:\Users\leoja\AndroidStudioProjects\PaleobyLeoRecipes\app\build\intermediates\incremental\debug\mergeDebugResources\merged.dir\values-kn\values-kn.xml to C:\Users\leoja\AndroidStudioProjects\PaleobyLeoRecipes\app\build\intermediates\merged_res\debug\values-kn_values-kn.arsc.flat
Compiling XML table C:\Users\leoja\AndroidStudioProjects\PaleobyLeoRecipes\app\build\intermediates\incremental\debug\mergeDebugResources\merged.dir\values-ko\values-ko.xml to C:\Users\leoja\AndroidStudioProjects\PaleobyLeoRecipes\app\build\intermediates\merged_res\debug\values-ko_values-ko.arsc.flat
Compiling XML table C:\Users\leoja\AndroidStudioProjects\PaleobyLeoRecipes\app\build\intermediates\incremental\debug\mergeDebugResources\merged.dir\values-sw\values-sw.xml to C:\Users\leoja\AndroidStudioProjects\PaleobyLeoRecipes\app\build\intermediates\merged_res\debug\values-sw_values-sw.arsc.flat
Compiling XML table C:\Users\leoja\AndroidStudioProjects\PaleobyLeoRecipes\app\build\intermediates\incremental\debug\mergeDebugResources\merged.dir\values-cs\values-cs.xml to C:\Users\leoja\AndroidStudioProjects\PaleobyLeoRecipes\app\build\intermediates\merged_res\debug\values-cs_values-cs.arsc.flat
Compiling XML table C:\Users\leoja\AndroidStudioProjects\PaleobyLeoRecipes\app\build\intermediates\incremental\debug\mergeDebugResources\merged.dir\values-af\values-af.xml to C:\Users\leoja\AndroidStudioProjects\PaleobyLeoRecipes\app\build\intermediates\merged_res\debug\values-af_values-af.arsc.flat
Compiling XML table C:\Users\leoja\AndroidStudioProjects\PaleobyLeoRecipes\app\build\intermediates\incremental\debug\mergeDebugResources\merged.dir\values-te\values-te.xml to C:\Users\leoja\AndroidStudioProjects\PaleobyLeoRecipes\app\build\intermediates\merged_res\debug\values-te_values-te.arsc.flat
Compiling XML table C:\Users\leoja\AndroidStudioProjects\PaleobyLeoRecipes\app\build\intermediates\incremental\debug\mergeDebugResources\merged.dir\values-en-rCA\values-en-rCA.xml to C:\Users\leoja\AndroidStudioProjects\PaleobyLeoRecipes\app\build\intermediates\merged_res\debug\values-en-rCA_values-en-rCA.arsc.flat
Compiling XML table C:\Users\leoja\AndroidStudioProjects\PaleobyLeoRecipes\app\build\intermediates\incremental\debug\mergeDebugResources\merged.dir\values-th\values-th.xml to C:\Users\leoja\AndroidStudioProjects\PaleobyLeoRecipes\app\build\intermediates\merged_res\debug\values-th_values-th.arsc.flat
Compiling XML table C:\Users\leoja\AndroidStudioProjects\PaleobyLeoRecipes\app\build\intermediates\incremental\debug\mergeDebugResources\merged.dir\values-en-rAU\values-en-rAU.xml to C:\Users\leoja\AndroidStudioProjects\PaleobyLeoRecipes\app\build\intermediates\merged_res\debug\values-en-rAU_values-en-rAU.arsc.flat
Compiling XML table C:\Users\leoja\AndroidStudioProjects\PaleobyLeoRecipes\app\build\intermediates\incremental\debug\mergeDebugResources\merged.dir\values-tl\values-tl.xml to C:\Users\leoja\AndroidStudioProjects\PaleobyLeoRecipes\app\build\intermediates\merged_res\debug\values-tl_values-tl.arsc.flat
Compiling XML table C:\Users\leoja\AndroidStudioProjects\PaleobyLeoRecipes\app\build\intermediates\incremental\debug\mergeDebugResources\merged.dir\values-lo\values-lo.xml to C:\Users\leoja\AndroidStudioProjects\PaleobyLeoRecipes\app\build\intermediates\merged_res\debug\values-lo_values-lo.arsc.flat
Compiling XML table C:\Users\leoja\AndroidStudioProjects\PaleobyLeoRecipes\app\build\intermediates\incremental\debug\mergeDebugResources\merged.dir\values-ar\values-ar.xml to C:\Users\leoja\AndroidStudioProjects\PaleobyLeoRecipes\app\build\intermediates\merged_res\debug\values-ar_values-ar.arsc.flat
Compiling XML table C:\Users\leoja\AndroidStudioProjects\PaleobyLeoRecipes\app\build\intermediates\incremental\debug\mergeDebugResources\merged.dir\values-sq\values-sq.xml to C:\Users\leoja\AndroidStudioProjects\PaleobyLeoRecipes\app\build\intermediates\merged_res\debug\values-sq_values-sq.arsc.flat
Compiling XML table C:\Users\leoja\AndroidStudioProjects\PaleobyLeoRecipes\app\build\intermediates\incremental\debug\mergeDebugResources\merged.dir\values-h720dp-v13\values-h720dp-v13.xml to C:\Users\leoja\AndroidStudioProjects\PaleobyLeoRecipes\app\build\intermediates\merged_res\debug\values-h720dp-v13_values-h720dp-v13.arsc.flat
Compiling XML table C:\Users\leoja\AndroidStudioProjects\PaleobyLeoRecipes\app\build\intermediates\incremental\debug\mergeDebugResources\merged.dir\values-uk\values-uk.xml to C:\Users\leoja\AndroidStudioProjects\PaleobyLeoRecipes\app\build\intermediates\merged_res\debug\values-uk_values-uk.arsc.flat
Compiling XML table C:\Users\leoja\AndroidStudioProjects\PaleobyLeoRecipes\app\build\intermediates\incremental\debug\mergeDebugResources\merged.dir\values-de\values-de.xml to C:\Users\leoja\AndroidStudioProjects\PaleobyLeoRecipes\app\build\intermediates\merged_res\debug\values-de_values-de.arsc.flat
Compiling XML table C:\Users\leoja\AndroidStudioProjects\PaleobyLeoRecipes\app\build\intermediates\incremental\debug\mergeDebugResources\merged.dir\values-lt\values-lt.xml to C:\Users\leoja\AndroidStudioProjects\PaleobyLeoRecipes\app\build\intermediates\merged_res\debug\values-lt_values-lt.arsc.flat
Compiling XML table C:\Users\leoja\AndroidStudioProjects\PaleobyLeoRecipes\app\build\intermediates\incremental\debug\mergeDebugResources\merged.dir\values-mk\values-mk.xml to C:\Users\leoja\AndroidStudioProjects\PaleobyLeoRecipes\app\build\intermediates\merged_res\debug\values-mk_values-mk.arsc.flat
Compiling XML table C:\Users\leoja\AndroidStudioProjects\PaleobyLeoRecipes\app\build\intermediates\incremental\debug\mergeDebugResources\merged.dir\values-az\values-az.xml to C:\Users\leoja\AndroidStudioProjects\PaleobyLeoRecipes\app\build\intermediates\merged_res\debug\values-az_values-az.arsc.flat
Compiling XML table C:\Users\leoja\AndroidStudioProjects\PaleobyLeoRecipes\app\build\intermediates\incremental\debug\mergeDebugResources\merged.dir\values-ta\values-ta.xml to C:\Users\leoja\AndroidStudioProjects\PaleobyLeoRecipes\app\build\intermediates\merged_res\debug\values-ta_values-ta.arsc.flat
Compiling XML table C:\Users\leoja\AndroidStudioProjects\PaleobyLeoRecipes\app\build\intermediates\incremental\debug\mergeDebugResources\merged.dir\values-ms\values-ms.xml to C:\Users\leoja\AndroidStudioProjects\PaleobyLeoRecipes\app\build\intermediates\merged_res\debug\values-ms_values-ms.arsc.flat
Compiling XML table C:\Users\leoja\AndroidStudioProjects\PaleobyLeoRecipes\app\build\intermediates\incremental\debug\mergeDebugResources\merged.dir\values-ur\values-ur.xml to C:\Users\leoja\AndroidStudioProjects\PaleobyLeoRecipes\app\build\intermediates\merged_res\debug\values-ur_values-ur.arsc.flat
Compiling XML table C:\Users\leoja\AndroidStudioProjects\PaleobyLeoRecipes\app\build\intermediates\incremental\debug\mergeDebugResources\merged.dir\values-zh-rTW\values-zh-rTW.xml to C:\Users\leoja\AndroidStudioProjects\PaleobyLeoRecipes\app\build\intermediates\merged_res\debug\values-zh-rTW_values-zh-rTW.arsc.flat
Compiling XML table C:\Users\leoja\AndroidStudioProjects\PaleobyLeoRecipes\app\build\intermediates\incremental\debug\mergeDebugResources\merged.dir\values-ml\values-ml.xml to C:\Users\leoja\AndroidStudioProjects\PaleobyLeoRecipes\app\build\intermediates\merged_res\debug\values-ml_values-ml.arsc.flat
Compiling XML table C:\Users\leoja\AndroidStudioProjects\PaleobyLeoRecipes\app\build\intermediates\incremental\debug\mergeDebugResources\merged.dir\values-lv\values-lv.xml to C:\Users\leoja\AndroidStudioProjects\PaleobyLeoRecipes\app\build\intermediates\merged_res\debug\values-lv_values-lv.arsc.flat
Compiling XML table C:\Users\leoja\AndroidStudioProjects\PaleobyLeoRecipes\app\build\intermediates\incremental\debug\mergeDebugResources\merged.dir\values-xlarge-v4\values-xlarge-v4.xml to C:\Users\leoja\AndroidStudioProjects\PaleobyLeoRecipes\app\build\intermediates\merged_res\debug\values-xlarge-v4_values-xlarge-v4.arsc.flat
Compiling XML table C:\Users\leoja\AndroidStudioProjects\PaleobyLeoRecipes\app\build\intermediates\incremental\debug\mergeDebugResources\merged.dir\values-en-rIN\values-en-rIN.xml to C:\Users\leoja\AndroidStudioProjects\PaleobyLeoRecipes\app\build\intermediates\merged_res\debug\values-en-rIN_values-en-rIN.arsc.flat
Compiling XML table C:\Users\leoja\AndroidStudioProjects\PaleobyLeoRecipes\app\build\intermediates\incremental\debug\mergeDebugResources\merged.dir\values-w400dp-port-v13\values-w400dp-port-v13.xml to C:\Users\leoja\AndroidStudioProjects\PaleobyLeoRecipes\app\build\intermediates\merged_res\debug\values-w400dp-port-v13_values-w400dp-port-v13.arsc.flat
Compiling XML table C:\Users\leoja\AndroidStudioProjects\PaleobyLeoRecipes\app\build\intermediates\incremental\debug\mergeDebugResources\merged.dir\values-el\values-el.xml to C:\Users\leoja\AndroidStudioProjects\PaleobyLeoRecipes\app\build\intermediates\merged_res\debug\values-el_values-el.arsc.flat
Compiling XML table C:\Users\leoja\AndroidStudioProjects\PaleobyLeoRecipes\app\build\intermediates\incremental\debug\mergeDebugResources\merged.dir\values-zh-rCN\values-zh-rCN.xml to C:\Users\leoja\AndroidStudioProjects\PaleobyLeoRecipes\app\build\intermediates\merged_res\debug\values-zh-rCN_values-zh-rCN.arsc.flat
Compiling XML table C:\Users\leoja\AndroidStudioProjects\PaleobyLeoRecipes\app\build\intermediates\incremental\debug\mergeDebugResources\merged.dir\values-v28\values-v28.xml to C:\Users\leoja\AndroidStudioProjects\PaleobyLeoRecipes\app\build\intermediates\merged_res\debug\values-v28_values-v28.arsc.flat
Compiling XML table C:\Users\leoja\AndroidStudioProjects\PaleobyLeoRecipes\app\build\intermediates\incremental\debug\mergeDebugResources\merged.dir\values-my\values-my.xml to C:\Users\leoja\AndroidStudioProjects\PaleobyLeoRecipes\app\build\intermediates\merged_res\debug\values-my_values-my.arsc.flat
Compiling XML table C:\Users\leoja\AndroidStudioProjects\PaleobyLeoRecipes\app\build\intermediates\incremental\debug\mergeDebugResources\merged.dir\values-port\values-port.xml to C:\Users\leoja\AndroidStudioProjects\PaleobyLeoRecipes\app\build\intermediates\merged_res\debug\values-port_values-port.arsc.flat
Compiling XML table C:\Users\leoja\AndroidStudioProjects\PaleobyLeoRecipes\app\build\intermediates\incremental\debug\mergeDebugResources\merged.dir\values-mn\values-mn.xml to C:\Users\leoja\AndroidStudioProjects\PaleobyLeoRecipes\app\build\intermediates\merged_res\debug\values-mn_values-mn.arsc.flat
Compiling XML table C:\Users\leoja\AndroidStudioProjects\PaleobyLeoRecipes\app\build\intermediates\incremental\debug\mergeDebugResources\merged.dir\values-en-rXC\values-en-rXC.xml to C:\Users\leoja\AndroidStudioProjects\PaleobyLeoRecipes\app\build\intermediates\merged_res\debug\values-en-rXC_values-en-rXC.arsc.flat
Compiling XML table C:\Users\leoja\AndroidStudioProjects\PaleobyLeoRecipes\app\build\intermediates\incremental\debug\mergeDebugResources\merged.dir\values-v31\values-v31.xml to C:\Users\leoja\AndroidStudioProjects\PaleobyLeoRecipes\app\build\intermediates\merged_res\debug\values-v31_values-v31.arsc.flat
Compiling XML table C:\Users\leoja\AndroidStudioProjects\PaleobyLeoRecipes\app\build\intermediates\incremental\debug\mergeDebugResources\merged.dir\values-w600dp-land-v13\values-w600dp-land-v13.xml to C:\Users\leoja\AndroidStudioProjects\PaleobyLeoRecipes\app\build\intermediates\merged_res\debug\values-w600dp-land-v13_values-w600dp-land-v13.arsc.flat
Compiling XML table C:\Users\leoja\AndroidStudioProjects\PaleobyLeoRecipes\app\build\intermediates\incremental\debug\mergeDebugResources\merged.dir\values-fr\values-fr.xml to C:\Users\leoja\AndroidStudioProjects\PaleobyLeoRecipes\app\build\intermediates\merged_res\debug\values-fr_values-fr.arsc.flat
Compiling XML table C:\Users\leoja\AndroidStudioProjects\PaleobyLeoRecipes\app\build\intermediates\incremental\debug\mergeDebugResources\merged.dir\values-es\values-es.xml to C:\Users\leoja\AndroidStudioProjects\PaleobyLeoRecipes\app\build\intermediates\merged_res\debug\values-es_values-es.arsc.flat
Compiling XML table C:\Users\leoja\AndroidStudioProjects\PaleobyLeoRecipes\app\build\intermediates\incremental\debug\mergeDebugResources\merged.dir\values-nb\values-nb.xml to C:\Users\leoja\AndroidStudioProjects\PaleobyLeoRecipes\app\build\intermediates\merged_res\debug\values-nb_values-nb.arsc.flat
Compiling XML table C:\Users\leoja\AndroidStudioProjects\PaleobyLeoRecipes\app\build\intermediates\incremental\debug\mergeDebugResources\merged.dir\values-small-v4\values-small-v4.xml to C:\Users\leoja\AndroidStudioProjects\PaleobyLeoRecipes\app\build\intermediates\merged_res\debug\values-small-v4_values-small-v4.arsc.flat
Compiling xml file C:\Users\leoja\AndroidStudioProjects\PaleobyLeoRecipes\app\build\intermediates\incremental\debug\mergeDebugResources\stripped.dir\layout\item_recipe.xml to C:\Users\leoja\AndroidStudioProjects\PaleobyLeoRecipes\app\build\intermediates\merged_res\debug\layout_item_recipe.xml.flat
Compiling XML table C:\Users\leoja\AndroidStudioProjects\PaleobyLeoRecipes\app\build\intermediates\incremental\debug\mergeDebugResources\merged.dir\values-gl\values-gl.xml to C:\Users\leoja\AndroidStudioProjects\PaleobyLeoRecipes\app\build\intermediates\merged_res\debug\values-gl_values-gl.arsc.flat
Compiling XML table C:\Users\leoja\AndroidStudioProjects\PaleobyLeoRecipes\app\build\intermediates\incremental\debug\mergeDebugResources\merged.dir\values-sr\values-sr.xml to C:\Users\leoja\AndroidStudioProjects\PaleobyLeoRecipes\app\build\intermediates\merged_res\debug\values-sr_values-sr.arsc.flat
Compiling XML table C:\Users\leoja\AndroidStudioProjects\PaleobyLeoRecipes\app\build\intermediates\incremental\debug\mergeDebugResources\merged.dir\values-b+es+419\values-b+es+419.xml to C:\Users\leoja\AndroidStudioProjects\PaleobyLeoRecipes\app\build\intermediates\merged_res\debug\values-b+es+419_values-b+es+419.arsc.flat
Compiling xml file C:\Users\leoja\AndroidStudioProjects\PaleobyLeoRecipes\app\src\main\res\mipmap-anydpi-v26\themes.xml to C:\Users\leoja\AndroidStudioProjects\PaleobyLeoRecipes\app\build\intermediates\merged_res\debug\mipmap-anydpi-v26_themes.xml.flat
Compiling XML table C:\Users\leoja\AndroidStudioProjects\PaleobyLeoRecipes\app\build\intermediates\incremental\debug\mergeDebugResources\merged.dir\values-fi\values-fi.xml to C:\Users\leoja\AndroidStudioProjects\PaleobyLeoRecipes\app\build\intermediates\merged_res\debug\values-fi_values-fi.arsc.flat
Compiling XML table C:\Users\leoja\AndroidStudioProjects\PaleobyLeoRecipes\app\build\intermediates\incremental\debug\mergeDebugResources\merged.dir\values-night-v8\values-night-v8.xml to C:\Users\leoja\AndroidStudioProjects\PaleobyLeoRecipes\app\build\intermediates\merged_res\debug\values-night-v8_values-night-v8.arsc.flat
Compiling xml file C:\Users\leoja\AndroidStudioProjects\PaleobyLeoRecipes\app\build\intermediates\incremental\debug\mergeDebugResources\stripped.dir\layout\item_ingredient.xml to C:\Users\leoja\AndroidStudioProjects\PaleobyLeoRecipes\app\build\intermediates\merged_res\debug\layout_item_ingredient.xml.flat
Compiling xml file C:\Users\leoja\AndroidStudioProjects\PaleobyLeoRecipes\app\src\main\res\drawable\rounded_brown_bg.xml to C:\Users\leoja\AndroidStudioProjects\PaleobyLeoRecipes\app\build\intermediates\merged_res\debug\drawable_rounded_brown_bg.xml.flat
Compiling xml file C:\Users\leoja\AndroidStudioProjects\PaleobyLeoRecipes\app\src\main\res\drawable\ic_info.xml to C:\Users\leoja\AndroidStudioProjects\PaleobyLeoRecipes\app\build\intermediates\merged_res\debug\drawable_ic_info.xml.flat
Compiling xml file C:\Users\leoja\AndroidStudioProjects\PaleobyLeoRecipes\app\build\intermediates\incremental\debug\mergeDebugResources\stripped.dir\layout\activity_add_edit_recipe.xml to C:\Users\leoja\AndroidStudioProjects\PaleobyLeoRecipes\app\build\intermediates\merged_res\debug\layout_activity_add_edit_recipe.xml.flat
Compiling XML table C:\Users\leoja\AndroidStudioProjects\PaleobyLeoRecipes\app\build\intermediates\incremental\debug\mergeDebugResources\merged.dir\values-fr-rCA\values-fr-rCA.xml to C:\Users\leoja\AndroidStudioProjects\PaleobyLeoRecipes\app\build\intermediates\merged_res\debug\values-fr-rCA_values-fr-rCA.arsc.flat
Compiling xml file C:\Users\leoja\AndroidStudioProjects\PaleobyLeoRecipes\app\src\main\res\drawable\ic_launcher_background.xml to C:\Users\leoja\AndroidStudioProjects\PaleobyLeoRecipes\app\build\intermediates\merged_res\debug\drawable_ic_launcher_background.xml.flat
Compiling XML table C:\Users\leoja\AndroidStudioProjects\PaleobyLeoRecipes\app\build\intermediates\incremental\debug\mergeDebugResources\merged.dir\values-large-v4\values-large-v4.xml to C:\Users\leoja\AndroidStudioProjects\PaleobyLeoRecipes\app\build\intermediates\merged_res\debug\values-large-v4_values-large-v4.arsc.flat
Compiling xml file C:\Users\leoja\AndroidStudioProjects\PaleobyLeoRecipes\app\build\intermediates\incremental\debug\mergeDebugResources\stripped.dir\layout\activity_recipe_detail.xml to C:\Users\leoja\AndroidStudioProjects\PaleobyLeoRecipes\app\build\intermediates\merged_res\debug\layout_activity_recipe_detail.xml.flat
Compiling XML table C:\Users\leoja\AndroidStudioProjects\PaleobyLeoRecipes\app\build\intermediates\incremental\debug\mergeDebugResources\merged.dir\values-or\values-or.xml to C:\Users\leoja\AndroidStudioProjects\PaleobyLeoRecipes\app\build\intermediates\merged_res\debug\values-or_values-or.arsc.flat
Compiling XML table C:\Users\leoja\AndroidStudioProjects\PaleobyLeoRecipes\app\build\intermediates\incremental\debug\mergeDebugResources\merged.dir\values-et\values-et.xml to C:\Users\leoja\AndroidStudioProjects\PaleobyLeoRecipes\app\build\intermediates\merged_res\debug\values-et_values-et.arsc.flat
Compiling xml file C:\Users\leoja\AndroidStudioProjects\PaleobyLeoRecipes\app\src\main\res\navigation\fridge_nav_graph.xml to C:\Users\leoja\AndroidStudioProjects\PaleobyLeoRecipes\app\build\intermediates\merged_res\debug\navigation_fridge_nav_graph.xml.flat
Compiling XML table C:\Users\leoja\AndroidStudioProjects\PaleobyLeoRecipes\app\build\intermediates\incremental\debug\mergeDebugResources\merged.dir\values-gu\values-gu.xml to C:\Users\leoja\AndroidStudioProjects\PaleobyLeoRecipes\app\build\intermediates\merged_res\debug\values-gu_values-gu.arsc.flat
Compiling xml file C:\Users\leoja\AndroidStudioProjects\PaleobyLeoRecipes\app\src\main\res\drawable\ic_favorite_border.xml to C:\Users\leoja\AndroidStudioProjects\PaleobyLeoRecipes\app\build\intermediates\merged_res\debug\drawable_ic_favorite_border.xml.flat
Compiling xml file C:\Users\leoja\AndroidStudioProjects\PaleobyLeoRecipes\app\src\main\res\drawable\button_background.xml to C:\Users\leoja\AndroidStudioProjects\PaleobyLeoRecipes\app\build\intermediates\merged_res\debug\drawable_button_background.xml.flat
Compiling xml file C:\Users\leoja\AndroidStudioProjects\PaleobyLeoRecipes\app\src\main\res\drawable\paleo_vegetables.xml to C:\Users\leoja\AndroidStudioProjects\PaleobyLeoRecipes\app\build\intermediates\merged_res\debug\drawable_paleo_vegetables.xml.flat
Compiling xml file C:\Users\leoja\AndroidStudioProjects\PaleobyLeoRecipes\app\src\main\res\drawable\section_divider.xml to C:\Users\leoja\AndroidStudioProjects\PaleobyLeoRecipes\app\build\intermediates\merged_res\debug\drawable_section_divider.xml.flat
Compiling xml file C:\Users\leoja\AndroidStudioProjects\PaleobyLeoRecipes\app\src\main\res\drawable\placeholder_image.xml to C:\Users\leoja\AndroidStudioProjects\PaleobyLeoRecipes\app\build\intermediates\merged_res\debug\drawable_placeholder_image.xml.flat
Compiling XML table C:\Users\leoja\AndroidStudioProjects\PaleobyLeoRecipes\app\build\intermediates\incremental\debug\mergeDebugResources\merged.dir\values-ky\values-ky.xml to C:\Users\leoja\AndroidStudioProjects\PaleobyLeoRecipes\app\build\intermediates\merged_res\debug\values-ky_values-ky.arsc.flat
Compiling xml file C:\Users\leoja\AndroidStudioProjects\PaleobyLeoRecipes\app\src\main\res\mipmap-anydpi-v26\ic_launcher_round.xml to C:\Users\leoja\AndroidStudioProjects\PaleobyLeoRecipes\app\build\intermediates\merged_res\debug\mipmap-anydpi-v26_ic_launcher_round.xml.flat
Compiling xml file C:\Users\leoja\AndroidStudioProjects\PaleobyLeoRecipes\app\src\main\res\drawable\rounded_orange_button.xml to C:\Users\leoja\AndroidStudioProjects\PaleobyLeoRecipes\app\build\intermediates\merged_res\debug\drawable_rounded_orange_button.xml.flat
Compiling xml file C:\Users\leoja\AndroidStudioProjects\PaleobyLeoRecipes\app\build\intermediates\incremental\debug\mergeDebugResources\stripped.dir\layout\activity_main.xml to C:\Users\leoja\AndroidStudioProjects\PaleobyLeoRecipes\app\build\intermediates\merged_res\debug\layout_activity_main.xml.flat
Compiling xml file C:\Users\leoja\AndroidStudioProjects\PaleobyLeoRecipes\app\src\main\res\drawable\ic_print_white_24dp.xml to C:\Users\leoja\AndroidStudioProjects\PaleobyLeoRecipes\app\build\intermediates\merged_res\debug\drawable_ic_print_white_24dp.xml.flat
Compiling xml file C:\Users\leoja\AndroidStudioProjects\PaleobyLeoRecipes\app\build\intermediates\incremental\debug\mergeDebugResources\stripped.dir\layout\print_recipe_detail.xml to C:\Users\leoja\AndroidStudioProjects\PaleobyLeoRecipes\app\build\intermediates\merged_res\debug\layout_print_recipe_detail.xml.flat
Compiling XML table C:\Users\leoja\AndroidStudioProjects\PaleobyLeoRecipes\app\build\intermediates\incremental\debug\mergeDebugResources\merged.dir\values-ne\values-ne.xml to C:\Users\leoja\AndroidStudioProjects\PaleobyLeoRecipes\app\build\intermediates\merged_res\debug\values-ne_values-ne.arsc.flat
Compiling xml file C:\Users\leoja\AndroidStudioProjects\PaleobyLeoRecipes\app\src\main\res\drawable\ic_instructions.xml to C:\Users\leoja\AndroidStudioProjects\PaleobyLeoRecipes\app\build\intermediates\merged_res\debug\drawable_ic_instructions.xml.flat
Compiling file C:\Users\leoja\AndroidStudioProjects\PaleobyLeoRecipes\app\src\main\res\mipmap-xxxhdpi\ic_launcher_round.webp to C:\Users\leoja\AndroidStudioProjects\PaleobyLeoRecipes\app\build\intermediates\merged_res\debug\mipmap-xxxhdpi_ic_launcher_round.webp.flat
Compiling xml file C:\Users\leoja\AndroidStudioProjects\PaleobyLeoRecipes\app\src\main\res\xml\backup_rules.xml to C:\Users\leoja\AndroidStudioProjects\PaleobyLeoRecipes\app\build\intermediates\merged_res\debug\xml_backup_rules.xml.flat
Compiling xml file C:\Users\leoja\AndroidStudioProjects\PaleobyLeoRecipes\app\build\intermediates\incremental\debug\mergeDebugResources\stripped.dir\layout\activity_recipe_detail_new.xml to C:\Users\leoja\AndroidStudioProjects\PaleobyLeoRecipes\app\build\intermediates\merged_res\debug\layout_activity_recipe_detail_new.xml.flat
Compiling xml file C:\Users\leoja\AndroidStudioProjects\PaleobyLeoRecipes\app\src\main\res\menu\menu_main.xml to C:\Users\leoja\AndroidStudioProjects\PaleobyLeoRecipes\app\build\intermediates\merged_res\debug\menu_menu_main.xml.flat
Compiling xml file C:\Users\leoja\AndroidStudioProjects\PaleobyLeoRecipes\app\src\main\res\drawable\ic_arrow_back.xml to C:\Users\leoja\AndroidStudioProjects\PaleobyLeoRecipes\app\build\intermediates\merged_res\debug\drawable_ic_arrow_back.xml.flat
Compiling file C:\Users\leoja\AndroidStudioProjects\PaleobyLeoRecipes\app\src\main\res\mipmap-xxhdpi\ic_launcher.webp to C:\Users\leoja\AndroidStudioProjects\PaleobyLeoRecipes\app\build\intermediates\merged_res\debug\mipmap-xxhdpi_ic_launcher.webp.flat
Compiling xml file C:\Users\leoja\AndroidStudioProjects\PaleobyLeoRecipes\app\src\main\res\drawable\search_background.xml to C:\Users\leoja\AndroidStudioProjects\PaleobyLeoRecipes\app\build\intermediates\merged_res\debug\drawable_search_background.xml.flat
Compiling file C:\Users\leoja\AndroidStudioProjects\PaleobyLeoRecipes\app\src\main\res\mipmap-mdpi\ic_launcher.webp to C:\Users\leoja\AndroidStudioProjects\PaleobyLeoRecipes\app\build\intermediates\merged_res\debug\mipmap-mdpi_ic_launcher.webp.flat
Compiling XML table C:\Users\leoja\AndroidStudioProjects\PaleobyLeoRecipes\app\build\intermediates\incremental\debug\mergeDebugResources\merged.dir\values-da\values-da.xml to C:\Users\leoja\AndroidStudioProjects\PaleobyLeoRecipes\app\build\intermediates\merged_res\debug\values-da_values-da.arsc.flat
Compiling xml file C:\Users\leoja\AndroidStudioProjects\PaleobyLeoRecipes\app\src\main\res\drawable\error_image.xml to C:\Users\leoja\AndroidStudioProjects\PaleobyLeoRecipes\app\build\intermediates\merged_res\debug\drawable_error_image.xml.flat
Compiling xml file C:\Users\leoja\AndroidStudioProjects\PaleobyLeoRecipes\app\build\intermediates\incremental\debug\mergeDebugResources\stripped.dir\layout\fragment_recipe_search_list.xml to C:\Users\leoja\AndroidStudioProjects\PaleobyLeoRecipes\app\build\intermediates\merged_res\debug\layout_fragment_recipe_search_list.xml.flat
Compiling xml file C:\Users\leoja\AndroidStudioProjects\PaleobyLeoRecipes\app\build\intermediates\incremental\debug\mergeDebugResources\stripped.dir\layout\fragment_fridge.xml to C:\Users\leoja\AndroidStudioProjects\PaleobyLeoRecipes\app\build\intermediates\merged_res\debug\layout_fragment_fridge.xml.flat
Compiling XML table C:\Users\leoja\AndroidStudioProjects\PaleobyLeoRecipes\app\build\intermediates\incremental\debug\mergeDebugResources\merged.dir\values-hdpi-v4\values-hdpi-v4.xml to C:\Users\leoja\AndroidStudioProjects\PaleobyLeoRecipes\app\build\intermediates\merged_res\debug\values-hdpi-v4_values-hdpi-v4.arsc.flat
Compiling xml file C:\Users\leoja\AndroidStudioProjects\PaleobyLeoRecipes\app\src\main\res\mipmap-anydpi-v26\ic_launcher_foreground.xml to C:\Users\leoja\AndroidStudioProjects\PaleobyLeoRecipes\app\build\intermediates\merged_res\debug\mipmap-anydpi-v26_ic_launcher_foreground.xml.flat
Compiling XML table C:\Users\leoja\AndroidStudioProjects\PaleobyLeoRecipes\app\build\intermediates\incremental\debug\mergeDebugResources\merged.dir\values-h550dp-port-v13\values-h550dp-port-v13.xml to C:\Users\leoja\AndroidStudioProjects\PaleobyLeoRecipes\app\build\intermediates\merged_res\debug\values-h550dp-port-v13_values-h550dp-port-v13.arsc.flat
Compiling xml file C:\Users\leoja\AndroidStudioProjects\PaleobyLeoRecipes\app\build\intermediates\incremental\debug\mergeDebugResources\stripped.dir\layout\activity_add_recipe.xml to C:\Users\leoja\AndroidStudioProjects\PaleobyLeoRecipes\app\build\intermediates\merged_res\debug\layout_activity_add_recipe.xml.flat
Compiling xml file C:\Users\leoja\AndroidStudioProjects\PaleobyLeoRecipes\app\src\main\res\drawable\paleo_meat.xml to C:\Users\leoja\AndroidStudioProjects\PaleobyLeoRecipes\app\build\intermediates\merged_res\debug\drawable_paleo_meat.xml.flat
Compiling xml file C:\Users\leoja\AndroidStudioProjects\PaleobyLeoRecipes\app\build\intermediates\incremental\debug\mergeDebugResources\stripped.dir\layout\activity_splash.xml to C:\Users\leoja\AndroidStudioProjects\PaleobyLeoRecipes\app\build\intermediates\merged_res\debug\layout_activity_splash.xml.flat
Compiling xml file C:\Users\leoja\AndroidStudioProjects\PaleobyLeoRecipes\app\build\intermediates\incremental\debug\mergeDebugResources\stripped.dir\layout\item_recipe_basic.xml to C:\Users\leoja\AndroidStudioProjects\PaleobyLeoRecipes\app\build\intermediates\merged_res\debug\layout_item_recipe_basic.xml.flat
Compiling XML table C:\Users\leoja\AndroidStudioProjects\PaleobyLeoRecipes\app\build\intermediates\incremental\debug\mergeDebugResources\merged.dir\values-uz\values-uz.xml to C:\Users\leoja\AndroidStudioProjects\PaleobyLeoRecipes\app\build\intermediates\merged_res\debug\values-uz_values-uz.arsc.flat
Compiling xml file C:\Users\leoja\AndroidStudioProjects\PaleobyLeoRecipes\app\src\main\res\xml\file_paths.xml to C:\Users\leoja\AndroidStudioProjects\PaleobyLeoRecipes\app\build\intermediates\merged_res\debug\xml_file_paths.xml.flat
Compiling file C:\Users\leoja\AndroidStudioProjects\PaleobyLeoRecipes\app\src\main\res\mipmap-xhdpi\ic_launcher.webp to C:\Users\leoja\AndroidStudioProjects\PaleobyLeoRecipes\app\build\intermediates\merged_res\debug\mipmap-xhdpi_ic_launcher.webp.flat
Compiling xml file C:\Users\leoja\AndroidStudioProjects\PaleobyLeoRecipes\app\src\main\res\drawable\ic_menu.xml to C:\Users\leoja\AndroidStudioProjects\PaleobyLeoRecipes\app\build\intermediates\merged_res\debug\drawable_ic_menu.xml.flat
Compiling image file C:\Users\leoja\AndroidStudioProjects\PaleobyLeoRecipes\app\src\main\res\drawable\paleo_logo.png
Compiling file C:\Users\leoja\AndroidStudioProjects\PaleobyLeoRecipes\app\src\main\res\drawable\paleo_logo.png to C:\Users\leoja\AndroidStudioProjects\PaleobyLeoRecipes\app\build\intermediates\merged_res\debug\drawable_paleo_logo.png.flat
Compiling XML table C:\Users\leoja\AndroidStudioProjects\PaleobyLeoRecipes\app\build\intermediates\incremental\debug\mergeDebugResources\merged.dir\values-pa\values-pa.xml to C:\Users\leoja\AndroidStudioProjects\PaleobyLeoRecipes\app\build\intermediates\merged_res\debug\values-pa_values-pa.arsc.flat
Compiling xml file C:\Users\leoja\AndroidStudioProjects\PaleobyLeoRecipes\app\build\intermediates\incremental\debug\mergeDebugResources\stripped.dir\layout\activity_fridge.xml to C:\Users\leoja\AndroidStudioProjects\PaleobyLeoRecipes\app\build\intermediates\merged_res\debug\layout_activity_fridge.xml.flat
Compiling XML table C:\Users\leoja\AndroidStudioProjects\PaleobyLeoRecipes\app\build\intermediates\incremental\debug\mergeDebugResources\merged.dir\values-eu\values-eu.xml to C:\Users\leoja\AndroidStudioProjects\PaleobyLeoRecipes\app\build\intermediates\merged_res\debug\values-eu_values-eu.arsc.flat
Compiling xml file C:\Users\leoja\AndroidStudioProjects\PaleobyLeoRecipes\app\src\main\res\drawable\edit_text_background.xml to C:\Users\leoja\AndroidStudioProjects\PaleobyLeoRecipes\app\build\intermediates\merged_res\debug\drawable_edit_text_background.xml.flat
Compiling xml file C:\Users\leoja\AndroidStudioProjects\PaleobyLeoRecipes\app\build\intermediates\incremental\debug\mergeDebugResources\stripped.dir\layout\activity_recipe_search_container.xml to C:\Users\leoja\AndroidStudioProjects\PaleobyLeoRecipes\app\build\intermediates\merged_res\debug\layout_activity_recipe_search_container.xml.flat
Compiling xml file C:\Users\leoja\AndroidStudioProjects\PaleobyLeoRecipes\app\src\main\res\drawable\ic_settings.xml to C:\Users\leoja\AndroidStudioProjects\PaleobyLeoRecipes\app\build\intermediates\merged_res\debug\drawable_ic_settings.xml.flat
Compiling xml file C:\Users\leoja\AndroidStudioProjects\PaleobyLeoRecipes\app\src\main\res\drawable\paleo_proteins.xml to C:\Users\leoja\AndroidStudioProjects\PaleobyLeoRecipes\app\build\intermediates\merged_res\debug\drawable_paleo_proteins.xml.flat
Compiling file C:\Users\leoja\AndroidStudioProjects\PaleobyLeoRecipes\app\src\main\res\mipmap-hdpi\ic_launcher.webp to C:\Users\leoja\AndroidStudioProjects\PaleobyLeoRecipes\app\build\intermediates\merged_res\debug\mipmap-hdpi_ic_launcher.webp.flat
Compiling xml file C:\Users\leoja\AndroidStudioProjects\PaleobyLeoRecipes\app\src\main\res\drawable\ic_paleo_essentials.xml to C:\Users\leoja\AndroidStudioProjects\PaleobyLeoRecipes\app\build\intermediates\merged_res\debug\drawable_ic_paleo_essentials.xml.flat
Compiling xml file C:\Users\leoja\AndroidStudioProjects\PaleobyLeoRecipes\app\build\intermediates\incremental\debug\mergeDebugResources\stripped.dir\layout\activity_about_paleo.xml to C:\Users\leoja\AndroidStudioProjects\PaleobyLeoRecipes\app\build\intermediates\merged_res\debug\layout_activity_about_paleo.xml.flat
Compiling XML table C:\Users\leoja\AndroidStudioProjects\PaleobyLeoRecipes\app\build\intermediates\incremental\debug\mergeDebugResources\merged.dir\values-fa\values-fa.xml to C:\Users\leoja\AndroidStudioProjects\PaleobyLeoRecipes\app\build\intermediates\merged_res\debug\values-fa_values-fa.arsc.flat
Compiling xml file C:\Users\leoja\AndroidStudioProjects\PaleobyLeoRecipes\app\build\intermediates\incremental\debug\mergeDebugResources\stripped.dir\layout\custom_popup_menu.xml to C:\Users\leoja\AndroidStudioProjects\PaleobyLeoRecipes\app\build\intermediates\merged_res\debug\layout_custom_popup_menu.xml.flat
Compiling xml file C:\Users\leoja\AndroidStudioProjects\PaleobyLeoRecipes\app\src\main\res\drawable\paleo_header_image.xml to C:\Users\leoja\AndroidStudioProjects\PaleobyLeoRecipes\app\build\intermediates\merged_res\debug\drawable_paleo_header_image.xml.flat
Compiling xml file C:\Users\leoja\AndroidStudioProjects\PaleobyLeoRecipes\app\src\main\res\drawable\header_background.xml to C:\Users\leoja\AndroidStudioProjects\PaleobyLeoRecipes\app\build\intermediates\merged_res\debug\drawable_header_background.xml.flat
Compiling file C:\Users\leoja\AndroidStudioProjects\PaleobyLeoRecipes\app\src\main\res\mipmap-xxxhdpi\ic_launcher.webp to C:\Users\leoja\AndroidStudioProjects\PaleobyLeoRecipes\app\build\intermediates\merged_res\debug\mipmap-xxxhdpi_ic_launcher.webp.flat
Compiling xml file C:\Users\leoja\AndroidStudioProjects\PaleobyLeoRecipes\app\src\main\res\drawable\ic_favorite_filled.xml to C:\Users\leoja\AndroidStudioProjects\PaleobyLeoRecipes\app\build\intermediates\merged_res\debug\drawable_ic_favorite_filled.xml.flat
Compiling XML table C:\Users\leoja\AndroidStudioProjects\PaleobyLeoRecipes\app\build\intermediates\incremental\debug\mergeDebugResources\merged.dir\values-en-rGB\values-en-rGB.xml to C:\Users\leoja\AndroidStudioProjects\PaleobyLeoRecipes\app\build\intermediates\merged_res\debug\values-en-rGB_values-en-rGB.arsc.flat
Compiling xml file C:\Users\leoja\AndroidStudioProjects\PaleobyLeoRecipes\app\src\main\res\drawable\orange_button_background.xml to C:\Users\leoja\AndroidStudioProjects\PaleobyLeoRecipes\app\build\intermediates\merged_res\debug\drawable_orange_button_background.xml.flat
Compiling xml file C:\Users\leoja\AndroidStudioProjects\PaleobyLeoRecipes\app\src\main\res\mipmap-anydpi-v26\ic_launcher.xml to C:\Users\leoja\AndroidStudioProjects\PaleobyLeoRecipes\app\build\intermediates\merged_res\debug\mipmap-anydpi-v26_ic_launcher.xml.flat
Compiling xml file C:\Users\leoja\AndroidStudioProjects\PaleobyLeoRecipes\app\build\intermediates\incremental\debug\mergeDebugResources\stripped.dir\layout\activity_recipe_list.xml to C:\Users\leoja\AndroidStudioProjects\PaleobyLeoRecipes\app\build\intermediates\merged_res\debug\layout_activity_recipe_list.xml.flat
Compiling xml file C:\Users\leoja\AndroidStudioProjects\PaleobyLeoRecipes\app\build\intermediates\incremental\debug\mergeDebugResources\stripped.dir\layout\activity_main_simple.xml to C:\Users\leoja\AndroidStudioProjects\PaleobyLeoRecipes\app\build\intermediates\merged_res\debug\layout_activity_main_simple.xml.flat
Compiling XML table C:\Users\leoja\AndroidStudioProjects\PaleobyLeoRecipes\app\build\intermediates\incremental\debug\mergeDebugResources\merged.dir\values-pl\values-pl.xml to C:\Users\leoja\AndroidStudioProjects\PaleobyLeoRecipes\app\build\intermediates\merged_res\debug\values-pl_values-pl.arsc.flat
Compiling file C:\Users\leoja\AndroidStudioProjects\PaleobyLeoRecipes\app\src\main\res\mipmap-xxhdpi\ic_launcher_round.webp to C:\Users\leoja\AndroidStudioProjects\PaleobyLeoRecipes\app\build\intermediates\merged_res\debug\mipmap-xxhdpi_ic_launcher_round.webp.flat
Compiling XML table C:\Users\leoja\AndroidStudioProjects\PaleobyLeoRecipes\app\build\intermediates\incremental\debug\mergeDebugResources\merged.dir\values-h320dp-port-v13\values-h320dp-port-v13.xml to C:\Users\leoja\AndroidStudioProjects\PaleobyLeoRecipes\app\build\intermediates\merged_res\debug\values-h320dp-port-v13_values-h320dp-port-v13.arsc.flat
Compiling xml file C:\Users\leoja\AndroidStudioProjects\PaleobyLeoRecipes\app\src\main\res\drawable\ic_ingredients.xml to C:\Users\leoja\AndroidStudioProjects\PaleobyLeoRecipes\app\build\intermediates\merged_res\debug\drawable_ic_ingredients.xml.flat
Compiling XML table C:\Users\leoja\AndroidStudioProjects\PaleobyLeoRecipes\app\build\intermediates\incremental\debug\mergeDebugResources\merged.dir\values-w320dp-land-v13\values-w320dp-land-v13.xml to C:\Users\leoja\AndroidStudioProjects\PaleobyLeoRecipes\app\build\intermediates\merged_res\debug\values-w320dp-land-v13_values-w320dp-land-v13.arsc.flat
Compiling xml file C:\Users\leoja\AndroidStudioProjects\PaleobyLeoRecipes\app\src\main\res\drawable\placeholder_recipe.xml to C:\Users\leoja\AndroidStudioProjects\PaleobyLeoRecipes\app\build\intermediates\merged_res\debug\drawable_placeholder_recipe.xml.flat
Compiling file C:\Users\leoja\AndroidStudioProjects\PaleobyLeoRecipes\app\src\main\res\mipmap-mdpi\ic_launcher_round.webp to C:\Users\leoja\AndroidStudioProjects\PaleobyLeoRecipes\app\build\intermediates\merged_res\debug\mipmap-mdpi_ic_launcher_round.webp.flat
Compiling XML table C:\Users\leoja\AndroidStudioProjects\PaleobyLeoRecipes\app\build\intermediates\incremental\debug\mergeDebugResources\merged.dir\values-as\values-as.xml to C:\Users\leoja\AndroidStudioProjects\PaleobyLeoRecipes\app\build\intermediates\merged_res\debug\values-as_values-as.arsc.flat
Compiling xml file C:\Users\leoja\AndroidStudioProjects\PaleobyLeoRecipes\app\build\intermediates\incremental\debug\mergeDebugResources\stripped.dir\layout\fragment_recipe_search.xml to C:\Users\leoja\AndroidStudioProjects\PaleobyLeoRecipes\app\build\intermediates\merged_res\debug\layout_fragment_recipe_search.xml.flat
Compiling xml file C:\Users\leoja\AndroidStudioProjects\PaleobyLeoRecipes\app\src\main\res\xml\data_extraction_rules.xml to C:\Users\leoja\AndroidStudioProjects\PaleobyLeoRecipes\app\build\intermediates\merged_res\debug\xml_data_extraction_rules.xml.flat
Compiling file C:\Users\leoja\AndroidStudioProjects\PaleobyLeoRecipes\app\src\main\res\mipmap-xhdpi\ic_launcher_round.webp to C:\Users\leoja\AndroidStudioProjects\PaleobyLeoRecipes\app\build\intermediates\merged_res\debug\mipmap-xhdpi_ic_launcher_round.webp.flat
Compiling file C:\Users\leoja\AndroidStudioProjects\PaleobyLeoRecipes\app\src\main\res\mipmap-hdpi\ic_launcher_round.webp to C:\Users\leoja\AndroidStudioProjects\PaleobyLeoRecipes\app\build\intermediates\merged_res\debug\mipmap-hdpi_ic_launcher_round.webp.flat
Compiling xml file C:\Users\leoja\AndroidStudioProjects\PaleobyLeoRecipes\app\build\intermediates\incremental\debug\mergeDebugResources\stripped.dir\layout\activity_settings.xml to C:\Users\leoja\AndroidStudioProjects\PaleobyLeoRecipes\app\build\intermediates\merged_res\debug\layout_activity_settings.xml.flat
Compiling XML table C:\Users\leoja\AndroidStudioProjects\PaleobyLeoRecipes\app\build\intermediates\incremental\debug\mergeDebugResources\merged.dir\values-v24\values-v24.xml to C:\Users\leoja\AndroidStudioProjects\PaleobyLeoRecipes\app\build\intermediates\merged_res\debug\values-v24_values-v24.arsc.flat
Compiling XML table C:\Users\leoja\AndroidStudioProjects\PaleobyLeoRecipes\app\build\intermediates\incremental\debug\mergeDebugResources\merged.dir\values-sw600dp-v13\values-sw600dp-v13.xml to C:\Users\leoja\AndroidStudioProjects\PaleobyLeoRecipes\app\build\intermediates\merged_res\debug\values-sw600dp-v13_values-sw600dp-v13.arsc.flat
Compiling xml file C:\Users\leoja\AndroidStudioProjects\PaleobyLeoRecipes\app\src\main\res\drawable\ic_broken_image.xml to C:\Users\leoja\AndroidStudioProjects\PaleobyLeoRecipes\app\build\intermediates\merged_res\debug\drawable_ic_broken_image.xml.flat
Compiling XML table C:\Users\leoja\AndroidStudioProjects\PaleobyLeoRecipes\app\build\intermediates\incremental\debug\mergeDebugResources\merged.dir\values-ka\values-ka.xml to C:\Users\leoja\AndroidStudioProjects\PaleobyLeoRecipes\app\build\intermediates\merged_res\debug\values-ka_values-ka.arsc.flat
Compiling XML table C:\Users\leoja\AndroidStudioProjects\PaleobyLeoRecipes\app\build\intermediates\incremental\debug\mergeDebugResources\merged.dir\values-kk\values-kk.xml to C:\Users\leoja\AndroidStudioProjects\PaleobyLeoRecipes\app\build\intermediates\merged_res\debug\values-kk_values-kk.arsc.flat
Compiling XML table C:\Users\leoja\AndroidStudioProjects\PaleobyLeoRecipes\app\build\intermediates\incremental\debug\mergeDebugResources\merged.dir\values-pt-rBR\values-pt-rBR.xml to C:\Users\leoja\AndroidStudioProjects\PaleobyLeoRecipes\app\build\intermediates\merged_res\debug\values-pt-rBR_values-pt-rBR.arsc.flat
Compiling XML table C:\Users\leoja\AndroidStudioProjects\PaleobyLeoRecipes\app\build\intermediates\incremental\debug\mergeDebugResources\merged.dir\values-tr\values-tr.xml to C:\Users\leoja\AndroidStudioProjects\PaleobyLeoRecipes\app\build\intermediates\merged_res\debug\values-tr_values-tr.arsc.flat
Compiling XML table C:\Users\leoja\AndroidStudioProjects\PaleobyLeoRecipes\app\build\intermediates\incremental\debug\mergeDebugResources\merged.dir\values-ldrtl-v17\values-ldrtl-v17.xml to C:\Users\leoja\AndroidStudioProjects\PaleobyLeoRecipes\app\build\intermediates\merged_res\debug\values-ldrtl-v17_values-ldrtl-v17.arsc.flat
Compiling XML table C:\Users\leoja\AndroidStudioProjects\PaleobyLeoRecipes\app\build\intermediates\incremental\debug\mergeDebugResources\merged.dir\values-mr\values-mr.xml to C:\Users\leoja\AndroidStudioProjects\PaleobyLeoRecipes\app\build\intermediates\merged_res\debug\values-mr_values-mr.arsc.flat
Compiling XML table C:\Users\leoja\AndroidStudioProjects\PaleobyLeoRecipes\app\build\intermediates\incremental\debug\mergeDebugResources\merged.dir\values-vi\values-vi.xml to C:\Users\leoja\AndroidStudioProjects\PaleobyLeoRecipes\app\build\intermediates\merged_res\debug\values-vi_values-vi.arsc.flat
Compiling XML table C:\Users\leoja\AndroidStudioProjects\PaleobyLeoRecipes\app\build\intermediates\incremental\debug\mergeDebugResources\merged.dir\values-nl\values-nl.xml to C:\Users\leoja\AndroidStudioProjects\PaleobyLeoRecipes\app\build\intermediates\merged_res\debug\values-nl_values-nl.arsc.flat
Compiling XML table C:\Users\leoja\AndroidStudioProjects\PaleobyLeoRecipes\app\build\intermediates\incremental\debug\mergeDebugResources\merged.dir\values-land\values-land.xml to C:\Users\leoja\AndroidStudioProjects\PaleobyLeoRecipes\app\build\intermediates\merged_res\debug\values-land_values-land.arsc.flat
Compiling xml file C:\Users\leoja\AndroidStudioProjects\PaleobyLeoRecipes\app\src\main\res\drawable\ic_filter_list.xml to C:\Users\leoja\AndroidStudioProjects\PaleobyLeoRecipes\app\build\intermediates\merged_res\debug\drawable_ic_filter_list.xml.flat
Compiling xml file C:\Users\leoja\AndroidStudioProjects\PaleobyLeoRecipes\app\src\main\res\menu\main_menu.xml to C:\Users\leoja\AndroidStudioProjects\PaleobyLeoRecipes\app\build\intermediates\merged_res\debug\menu_main_menu.xml.flat
Compiling xml file C:\Users\leoja\AndroidStudioProjects\PaleobyLeoRecipes\app\src\main\res\drawable\ic_image_placeholder.xml to C:\Users\leoja\AndroidStudioProjects\PaleobyLeoRecipes\app\build\intermediates\merged_res\debug\drawable_ic_image_placeholder.xml.flat
Compiling xml file C:\Users\leoja\AndroidStudioProjects\PaleobyLeoRecipes\app\src\main\res\drawable\main_background.xml to C:\Users\leoja\AndroidStudioProjects\PaleobyLeoRecipes\app\build\intermediates\merged_res\debug\drawable_main_background.xml.flat
Compiling xml file C:\Users\leoja\AndroidStudioProjects\PaleobyLeoRecipes\app\src\main\res\drawable\recipe_background.xml to C:\Users\leoja\AndroidStudioProjects\PaleobyLeoRecipes\app\build\intermediates\merged_res\debug\drawable_recipe_background.xml.flat
Compiling xml file C:\Users\leoja\AndroidStudioProjects\PaleobyLeoRecipes\app\build\intermediates\incremental\debug\mergeDebugResources\stripped.dir\layout\popup_menu_item.xml to C:\Users\leoja\AndroidStudioProjects\PaleobyLeoRecipes\app\build\intermediates\merged_res\debug\layout_popup_menu_item.xml.flat
Compiling xml file C:\Users\leoja\AndroidStudioProjects\PaleobyLeoRecipes\app\src\main\res\drawable\paleo_avoid.xml to C:\Users\leoja\AndroidStudioProjects\PaleobyLeoRecipes\app\build\intermediates\merged_res\debug\drawable_paleo_avoid.xml.flat
Compiling xml file C:\Users\leoja\AndroidStudioProjects\PaleobyLeoRecipes\app\src\main\res\drawable\paleo_header.xml to C:\Users\leoja\AndroidStudioProjects\PaleobyLeoRecipes\app\build\intermediates\merged_res\debug\drawable_paleo_header.xml.flat
Compiling xml file C:\Users\leoja\AndroidStudioProjects\PaleobyLeoRecipes\app\src\main\res\drawable\delete_button_background.xml to C:\Users\leoja\AndroidStudioProjects\PaleobyLeoRecipes\app\build\intermediates\merged_res\debug\drawable_delete_button_background.xml.flat
Compiling xml file C:\Users\leoja\AndroidStudioProjects\PaleobyLeoRecipes\app\build\intermediates\incremental\debug\mergeDebugResources\stripped.dir\layout\item_recipe_simple.xml to C:\Users\leoja\AndroidStudioProjects\PaleobyLeoRecipes\app\build\intermediates\merged_res\debug\layout_item_recipe_simple.xml.flat

> Task :app:packageDebugResources
Caching disabled for task ':app:packageDebugResources' because:
  Build cache is disabled
Task ':app:packageDebugResources' is not up-to-date because:
  Output property 'dataBindingLayoutInfoOutFolder' file C:\Users\leoja\AndroidStudioProjects\PaleobyLeoRecipes\app\build\intermediates\data_binding_layout_info_type_package\debug\out has been removed.
  Output property 'dataBindingLayoutInfoOutFolder' file C:\Users\leoja\AndroidStudioProjects\PaleobyLeoRecipes\app\build\intermediates\data_binding_layout_info_type_package\debug\out\activity_about_paleo-layout.xml has been removed.
  Output property 'dataBindingLayoutInfoOutFolder' file C:\Users\leoja\AndroidStudioProjects\PaleobyLeoRecipes\app\build\intermediates\data_binding_layout_info_type_package\debug\out\activity_add_edit_recipe-layout.xml has been removed.
  Output property 'dataBindingLayoutInfoOutFolder' file C:\Users\leoja\AndroidStudioProjects\PaleobyLeoRecipes\app\build\intermediates\data_binding_layout_info_type_package\debug\out\activity_add_recipe-layout.xml has been removed.
  Output property 'dataBindingLayoutInfoOutFolder' file C:\Users\leoja\AndroidStudioProjects\PaleobyLeoRecipes\app\build\intermediates\data_binding_layout_info_type_package\debug\out\activity_fridge-layout.xml has been removed.
  Output property 'dataBindingLayoutInfoOutFolder' file C:\Users\leoja\AndroidStudioProjects\PaleobyLeoRecipes\app\build\intermediates\data_binding_layout_info_type_package\debug\out\activity_main-layout.xml has been removed.
  Output property 'dataBindingLayoutInfoOutFolder' file C:\Users\leoja\AndroidStudioProjects\PaleobyLeoRecipes\app\build\intermediates\data_binding_layout_info_type_package\debug\out\activity_main_simple-layout.xml has been removed.
  Output property 'dataBindingLayoutInfoOutFolder' file C:\Users\leoja\AndroidStudioProjects\PaleobyLeoRecipes\app\build\intermediates\data_binding_layout_info_type_package\debug\out\activity_recipe_detail-layout.xml has been removed.
  Output property 'dataBindingLayoutInfoOutFolder' file C:\Users\leoja\AndroidStudioProjects\PaleobyLeoRecipes\app\build\intermediates\data_binding_layout_info_type_package\debug\out\activity_recipe_detail_new-layout.xml has been removed.
  Output property 'dataBindingLayoutInfoOutFolder' file C:\Users\leoja\AndroidStudioProjects\PaleobyLeoRecipes\app\build\intermediates\data_binding_layout_info_type_package\debug\out\activity_recipe_list-layout.xml has been removed.
  Output property 'dataBindingLayoutInfoOutFolder' file C:\Users\leoja\AndroidStudioProjects\PaleobyLeoRecipes\app\build\intermediates\data_binding_layout_info_type_package\debug\out\activity_recipe_search_container-layout.xml has been removed.
  Output property 'dataBindingLayoutInfoOutFolder' file C:\Users\leoja\AndroidStudioProjects\PaleobyLeoRecipes\app\build\intermediates\data_binding_layout_info_type_package\debug\out\activity_settings-layout.xml has been removed.
  Output property 'dataBindingLayoutInfoOutFolder' file C:\Users\leoja\AndroidStudioProjects\PaleobyLeoRecipes\app\build\intermediates\data_binding_layout_info_type_package\debug\out\activity_splash-layout.xml has been removed.
  Output property 'dataBindingLayoutInfoOutFolder' file C:\Users\leoja\AndroidStudioProjects\PaleobyLeoRecipes\app\build\intermediates\data_binding_layout_info_type_package\debug\out\custom_popup_menu-layout.xml has been removed.
  Output property 'dataBindingLayoutInfoOutFolder' file C:\Users\leoja\AndroidStudioProjects\PaleobyLeoRecipes\app\build\intermediates\data_binding_layout_info_type_package\debug\out\fragment_fridge-layout.xml has been removed.
  Output property 'dataBindingLayoutInfoOutFolder' file C:\Users\leoja\AndroidStudioProjects\PaleobyLeoRecipes\app\build\intermediates\data_binding_layout_info_type_package\debug\out\fragment_recipe_search-layout.xml has been removed.
  Output property 'dataBindingLayoutInfoOutFolder' file C:\Users\leoja\AndroidStudioProjects\PaleobyLeoRecipes\app\build\intermediates\data_binding_layout_info_type_package\debug\out\fragment_recipe_search_list-layout.xml has been removed.
  Output property 'dataBindingLayoutInfoOutFolder' file C:\Users\leoja\AndroidStudioProjects\PaleobyLeoRecipes\app\build\intermediates\data_binding_layout_info_type_package\debug\out\item_ingredient-layout.xml has been removed.
  Output property 'dataBindingLayoutInfoOutFolder' file C:\Users\leoja\AndroidStudioProjects\PaleobyLeoRecipes\app\build\intermediates\data_binding_layout_info_type_package\debug\out\item_recipe-layout.xml has been removed.
  Output property 'dataBindingLayoutInfoOutFolder' file C:\Users\leoja\AndroidStudioProjects\PaleobyLeoRecipes\app\build\intermediates\data_binding_layout_info_type_package\debug\out\item_recipe_basic-layout.xml has been removed.
  Output property 'dataBindingLayoutInfoOutFolder' file C:\Users\leoja\AndroidStudioProjects\PaleobyLeoRecipes\app\build\intermediates\data_binding_layout_info_type_package\debug\out\item_recipe_simple-layout.xml has been removed.
  Output property 'dataBindingLayoutInfoOutFolder' file C:\Users\leoja\AndroidStudioProjects\PaleobyLeoRecipes\app\build\intermediates\data_binding_layout_info_type_package\debug\out\popup_menu_item-layout.xml has been removed.
  Output property 'dataBindingLayoutInfoOutFolder' file C:\Users\leoja\AndroidStudioProjects\PaleobyLeoRecipes\app\build\intermediates\data_binding_layout_info_type_package\debug\out\print_recipe_detail-layout.xml has been removed.
  Output property 'incrementalFolder' file C:\Users\leoja\AndroidStudioProjects\PaleobyLeoRecipes\app\build\intermediates\incremental\debug\packageDebugResources has been removed.
The input changes require a full rebuild for incremental task ':app:packageDebugResources'.
[MergeResources] Inputs are non-incremental full task action.
Resolve mutations for :app:parseDebugLocalResources (Thread[#893,Execution worker Thread 7,5,main]) started.
:app:parseDebugLocalResources (Thread[#893,Execution worker Thread 7,5,main]) started.
Resolve mutations for :app:dataBindingTriggerDebug (Thread[#891,Execution worker Thread 5,5,main]) started.
:app:dataBindingTriggerDebug (Thread[#891,Execution worker Thread 5,5,main]) started.

> Task :app:dataBindingTriggerDebug
Caching disabled for task ':app:dataBindingTriggerDebug' because:
  Build cache is disabled
Task ':app:dataBindingTriggerDebug' is not up-to-date because:
  Output property 'triggerDir' file C:\Users\leoja\AndroidStudioProjects\PaleobyLeoRecipes\app\build\generated\data_binding_trigger\debug has been removed.
  Output property 'triggerDir' file C:\Users\leoja\AndroidStudioProjects\PaleobyLeoRecipes\app\build\generated\data_binding_trigger\debug\com has been removed.
  Output property 'triggerDir' file C:\Users\leoja\AndroidStudioProjects\PaleobyLeoRecipes\app\build\generated\data_binding_trigger\debug\com\leo has been removed.
Resolve mutations for :app:generateDebugBuildConfig (Thread[#891,Execution worker Thread 5,5,main]) started.
:app:generateDebugBuildConfig (Thread[#891,Execution worker Thread 5,5,main]) started.

> Task :app:generateDebugBuildConfig
Caching disabled for task ':app:generateDebugBuildConfig' because:
  Build cache is disabled
Task ':app:generateDebugBuildConfig' is not up-to-date because:
  Output property 'sourceOutputDir' file C:\Users\leoja\AndroidStudioProjects\PaleobyLeoRecipes\app\build\generated\source\buildConfig\debug has been removed.
  Output property 'sourceOutputDir' file C:\Users\leoja\AndroidStudioProjects\PaleobyLeoRecipes\app\build\generated\source\buildConfig\debug\com has been removed.
  Output property 'sourceOutputDir' file C:\Users\leoja\AndroidStudioProjects\PaleobyLeoRecipes\app\build\generated\source\buildConfig\debug\com\leo has been removed.
Resolve mutations for :app:generateSafeArgsDebug (Thread[#891,Execution worker Thread 5,5,main]) started.
:app:generateSafeArgsDebug (Thread[#891,Execution worker Thread 5,5,main]) started.

> Task :app:generateSafeArgsDebug
Caching disabled for task ':app:generateSafeArgsDebug' because:
  Build cache is disabled
Task ':app:generateSafeArgsDebug' is not up-to-date because:
  Output property '$1' file C:\Users\leoja\AndroidStudioProjects\PaleobyLeoRecipes\app\build\generated\source\navigation-args\debug has been removed.
  Output property 'incrementalFolder' file C:\Users\leoja\AndroidStudioProjects\PaleobyLeoRecipes\app\build\intermediates\incremental\generateSafeArgsDebug has been removed.
  Output property 'incrementalFolder' file C:\Users\leoja\AndroidStudioProjects\PaleobyLeoRecipes\app\build\intermediates\incremental\generateSafeArgsDebug\file_mappings.json has been removed.
  Output property 'outputDir' file C:\Users\leoja\AndroidStudioProjects\PaleobyLeoRecipes\app\build\generated\source\navigation-args\debug has been removed.
The input changes require a full rebuild for incremental task ':app:generateSafeArgsDebug'.
Unable do incremental execution: full task run
Resolve mutations for :app:checkDebugAarMetadata (Thread[#891,Execution worker Thread 5,5,main]) started.
:app:checkDebugAarMetadata (Thread[#891,Execution worker Thread 5,5,main]) started.
Resolve mutations for :app:mapDebugSourceSetPaths (Thread[#888,Execution worker Thread 2,5,main]) started.
:app:mapDebugSourceSetPaths (Thread[#888,Execution worker Thread 2,5,main]) started.

> Task :app:checkDebugAarMetadata
Transforming databinding-adapters-8.1.0.aar (androidx.databinding:databinding-adapters:8.1.0) with IdentityTransform
Transforming databinding-adapters-8.1.0.aar (androidx.databinding:databinding-adapters:8.1.0) with ExtractAarTransform
Transforming databinding-adapters-8.1.0.aar (androidx.databinding:databinding-adapters:8.1.0) with AarTransform
Transforming databinding-ktx-8.1.0.aar (androidx.databinding:databinding-ktx:8.1.0) with IdentityTransform
Transforming databinding-ktx-8.1.0.aar (androidx.databinding:databinding-ktx:8.1.0) with ExtractAarTransform
Transforming databinding-ktx-8.1.0.aar (androidx.databinding:databinding-ktx:8.1.0) with AarTransform
Transforming databinding-runtime-8.1.0.aar (androidx.databinding:databinding-runtime:8.1.0) with IdentityTransform
Transforming databinding-runtime-8.1.0.aar (androidx.databinding:databinding-runtime:8.1.0) with ExtractAarTransform
Transforming databinding-runtime-8.1.0.aar (androidx.databinding:databinding-runtime:8.1.0) with AarTransform
Transforming viewbinding-8.1.0.aar (androidx.databinding:viewbinding:8.1.0) with IdentityTransform
Transforming viewbinding-8.1.0.aar (androidx.databinding:viewbinding:8.1.0) with ExtractAarTransform
Transforming viewbinding-8.1.0.aar (androidx.databinding:viewbinding:8.1.0) with AarTransform
Transforming navigation-common-2.7.6.aar (androidx.navigation:navigation-common:2.7.6) with IdentityTransform
Transforming navigation-common-2.7.6.aar (androidx.navigation:navigation-common:2.7.6) with ExtractAarTransform
Transforming navigation-common-2.7.6.aar (androidx.navigation:navigation-common:2.7.6) with AarTransform
Transforming navigation-common-ktx-2.7.6.aar (androidx.navigation:navigation-common-ktx:2.7.6) with IdentityTransform
Transforming navigation-common-ktx-2.7.6.aar (androidx.navigation:navigation-common-ktx:2.7.6) with ExtractAarTransform
Transforming navigation-common-ktx-2.7.6.aar (androidx.navigation:navigation-common-ktx:2.7.6) with AarTransform
Transforming navigation-runtime-2.7.6.aar (androidx.navigation:navigation-runtime:2.7.6) with IdentityTransform
Transforming navigation-runtime-2.7.6.aar (androidx.navigation:navigation-runtime:2.7.6) with ExtractAarTransform
Transforming navigation-runtime-2.7.6.aar (androidx.navigation:navigation-runtime:2.7.6) with AarTransform
Transforming navigation-runtime-ktx-2.7.6.aar (androidx.navigation:navigation-runtime-ktx:2.7.6) with IdentityTransform
Transforming navigation-runtime-ktx-2.7.6.aar (androidx.navigation:navigation-runtime-ktx:2.7.6) with ExtractAarTransform
Transforming navigation-runtime-ktx-2.7.6.aar (androidx.navigation:navigation-runtime-ktx:2.7.6) with AarTransform
Transforming navigation-fragment-2.7.6.aar (androidx.navigation:navigation-fragment:2.7.6) with IdentityTransform
Transforming navigation-fragment-2.7.6.aar (androidx.navigation:navigation-fragment:2.7.6) with ExtractAarTransform
Transforming navigation-fragment-2.7.6.aar (androidx.navigation:navigation-fragment:2.7.6) with AarTransform
Transforming navigation-fragment-ktx-2.7.6.aar (androidx.navigation:navigation-fragment-ktx:2.7.6) with IdentityTransform
Transforming navigation-fragment-ktx-2.7.6.aar (androidx.navigation:navigation-fragment-ktx:2.7.6) with ExtractAarTransform
Transforming navigation-fragment-ktx-2.7.6.aar (androidx.navigation:navigation-fragment-ktx:2.7.6) with AarTransform
Transforming navigation-ui-ktx-2.7.6.aar (androidx.navigation:navigation-ui-ktx:2.7.6) with IdentityTransform
Transforming navigation-ui-ktx-2.7.6.aar (androidx.navigation:navigation-ui-ktx:2.7.6) with ExtractAarTransform
Transforming navigation-ui-ktx-2.7.6.aar (androidx.navigation:navigation-ui-ktx:2.7.6) with AarTransform
Transforming navigation-ui-2.7.6.aar (androidx.navigation:navigation-ui:2.7.6) with IdentityTransform
Transforming navigation-ui-2.7.6.aar (androidx.navigation:navigation-ui:2.7.6) with ExtractAarTransform
Transforming navigation-ui-2.7.6.aar (androidx.navigation:navigation-ui:2.7.6) with AarTransform
Transforming material-1.11.0.aar (com.google.android.material:material:1.11.0) with IdentityTransform
Transforming material-1.11.0.aar (com.google.android.material:material:1.11.0) with ExtractAarTransform
Transforming material-1.11.0.aar (com.google.android.material:material:1.11.0) with AarTransform
Transforming constraintlayout-2.1.4.aar (androidx.constraintlayout:constraintlayout:2.1.4) with IdentityTransform
Transforming constraintlayout-2.1.4.aar (androidx.constraintlayout:constraintlayout:2.1.4) with ExtractAarTransform
Transforming constraintlayout-2.1.4.aar (androidx.constraintlayout:constraintlayout:2.1.4) with AarTransform
Transforming appcompat-resources-1.6.1.aar (androidx.appcompat:appcompat-resources:1.6.1) with IdentityTransform
Transforming appcompat-resources-1.6.1.aar (androidx.appcompat:appcompat-resources:1.6.1) with ExtractAarTransform
Transforming appcompat-resources-1.6.1.aar (androidx.appcompat:appcompat-resources:1.6.1) with AarTransform
Transforming appcompat-1.6.1.aar (androidx.appcompat:appcompat:1.6.1) with IdentityTransform
Transforming appcompat-1.6.1.aar (androidx.appcompat:appcompat:1.6.1) with ExtractAarTransform
Transforming appcompat-1.6.1.aar (androidx.appcompat:appcompat:1.6.1) with AarTransform
Transforming hilt-work-1.0.0.aar (androidx.hilt:hilt-work:1.0.0) with IdentityTransform
Transforming hilt-work-1.0.0.aar (androidx.hilt:hilt-work:1.0.0) with ExtractAarTransform
Transforming hilt-work-1.0.0.aar (androidx.hilt:hilt-work:1.0.0) with AarTransform
Transforming hilt-android-2.46.1.aar (com.google.dagger:hilt-android:2.46.1) with IdentityTransform
Transforming hilt-android-2.46.1.aar (com.google.dagger:hilt-android:2.46.1) with ExtractAarTransform
Transforming hilt-android-2.46.1.aar (com.google.dagger:hilt-android:2.46.1) with AarTransform
Transforming okhttp3-integration-4.16.0.aar (com.github.bumptech.glide:okhttp3-integration:4.16.0) with IdentityTransform
Transforming okhttp3-integration-4.16.0.aar (com.github.bumptech.glide:okhttp3-integration:4.16.0) with ExtractAarTransform
Transforming okhttp3-integration-4.16.0.aar (com.github.bumptech.glide:okhttp3-integration:4.16.0) with AarTransform
Transforming glide-4.16.0.aar (com.github.bumptech.glide:glide:4.16.0) with IdentityTransform
Transforming glide-4.16.0.aar (com.github.bumptech.glide:glide:4.16.0) with ExtractAarTransform
Transforming glide-4.16.0.aar (com.github.bumptech.glide:glide:4.16.0) with AarTransform
Transforming viewpager2-1.0.0.aar (androidx.viewpager2:viewpager2:1.0.0) with IdentityTransform
Transforming viewpager2-1.0.0.aar (androidx.viewpager2:viewpager2:1.0.0) with ExtractAarTransform
Transforming viewpager2-1.0.0.aar (androidx.viewpager2:viewpager2:1.0.0) with AarTransform
Transforming fragment-1.6.2.aar (androidx.fragment:fragment:1.6.2) with IdentityTransform
Transforming fragment-1.6.2.aar (androidx.fragment:fragment:1.6.2) with ExtractAarTransform
Transforming fragment-1.6.2.aar (androidx.fragment:fragment:1.6.2) with AarTransform
Transforming fragment-1.6.2.aar (androidx.fragment:fragment:1.6.2) with IdentityTransform
Transforming fragment-1.6.2.aar (androidx.fragment:fragment:1.6.2) with ExtractAarTransform
Transforming fragment-1.6.2.aar (androidx.fragment:fragment:1.6.2) with AarTransform
Transforming fragment-ktx-1.6.2.aar (androidx.fragment:fragment-ktx:1.6.2) with IdentityTransform
Transforming fragment-ktx-1.6.2.aar (androidx.fragment:fragment-ktx:1.6.2) with ExtractAarTransform
Transforming fragment-ktx-1.6.2.aar (androidx.fragment:fragment-ktx:1.6.2) with AarTransform
Transforming material3-1.1.2.aar (androidx.compose.material3:material3:1.1.2) with IdentityTransform
Transforming material3-1.1.2.aar (androidx.compose.material3:material3:1.1.2) with ExtractAarTransform
Transforming material3-1.1.2.aar (androidx.compose.material3:material3:1.1.2) with AarTransform
Transforming material-ripple-release.aar (androidx.compose.material:material-ripple-android:1.5.4) with IdentityTransform
Transforming material-ripple-release.aar (androidx.compose.material:material-ripple-android:1.5.4) with ExtractAarTransform
Transforming material-ripple-release.aar (androidx.compose.material:material-ripple-android:1.5.4) with AarTransform
Transforming material-icons-core-release.aar (androidx.compose.material:material-icons-core-android:1.5.4) with IdentityTransform
Transforming material-icons-core-release.aar (androidx.compose.material:material-icons-core-android:1.5.4) with ExtractAarTransform
Transforming material-icons-core-release.aar (androidx.compose.material:material-icons-core-android:1.5.4) with AarTransform
Transforming material-release.aar (androidx.compose.material:material-android:1.5.4) with IdentityTransform
Transforming material-release.aar (androidx.compose.material:material-android:1.5.4) with ExtractAarTransform
Transforming material-release.aar (androidx.compose.material:material-android:1.5.4) with AarTransform
Transforming animation-core-release.aar (androidx.compose.animation:animation-core-android:1.5.4) with IdentityTransform
Transforming animation-core-release.aar (androidx.compose.animation:animation-core-android:1.5.4) with ExtractAarTransform
Transforming animation-core-release.aar (androidx.compose.animation:animation-core-android:1.5.4) with AarTransform
Transforming animation-release.aar (androidx.compose.animation:animation-android:1.5.4) with IdentityTransform
Transforming animation-release.aar (androidx.compose.animation:animation-android:1.5.4) with ExtractAarTransform
Transforming animation-release.aar (androidx.compose.animation:animation-android:1.5.4) with AarTransform
Transforming foundation-layout-release.aar (androidx.compose.foundation:foundation-layout-android:1.5.4) with IdentityTransform
Transforming foundation-layout-release.aar (androidx.compose.foundation:foundation-layout-android:1.5.4) with ExtractAarTransform
Transforming foundation-layout-release.aar (androidx.compose.foundation:foundation-layout-android:1.5.4) with AarTransform
Transforming foundation-release.aar (androidx.compose.foundation:foundation-android:1.5.4) with IdentityTransform
Transforming foundation-release.aar (androidx.compose.foundation:foundation-android:1.5.4) with ExtractAarTransform
Transforming foundation-release.aar (androidx.compose.foundation:foundation-android:1.5.4) with AarTransform
Transforming ui-unit-release.aar (androidx.compose.ui:ui-unit-android:1.5.4) with IdentityTransform
Transforming ui-unit-release.aar (androidx.compose.ui:ui-unit-android:1.5.4) with ExtractAarTransform
Transforming ui-unit-release.aar (androidx.compose.ui:ui-unit-android:1.5.4) with AarTransform
Transforming ui-geometry-release.aar (androidx.compose.ui:ui-geometry-android:1.5.4) with IdentityTransform
Transforming ui-geometry-release.aar (androidx.compose.ui:ui-geometry-android:1.5.4) with ExtractAarTransform
Transforming ui-geometry-release.aar (androidx.compose.ui:ui-geometry-android:1.5.4) with AarTransform
Transforming ui-tooling-data-release.aar (androidx.compose.ui:ui-tooling-data-android:1.5.4) with IdentityTransform
Transforming ui-tooling-data-release.aar (androidx.compose.ui:ui-tooling-data-android:1.5.4) with ExtractAarTransform
Transforming ui-tooling-data-release.aar (androidx.compose.ui:ui-tooling-data-android:1.5.4) with AarTransform
Transforming ui-util-release.aar (androidx.compose.ui:ui-util-android:1.5.4) with IdentityTransform
Transforming ui-util-release.aar (androidx.compose.ui:ui-util-android:1.5.4) with ExtractAarTransform
Transforming ui-util-release.aar (androidx.compose.ui:ui-util-android:1.5.4) with AarTransform
Transforming ui-graphics-release.aar (androidx.compose.ui:ui-graphics-android:1.5.4) with IdentityTransform
Transforming ui-graphics-release.aar (androidx.compose.ui:ui-graphics-android:1.5.4) with ExtractAarTransform
Transforming ui-graphics-release.aar (androidx.compose.ui:ui-graphics-android:1.5.4) with AarTransform
Transforming ui-text-release.aar (androidx.compose.ui:ui-text-android:1.5.4) with IdentityTransform
Transforming ui-text-release.aar (androidx.compose.ui:ui-text-android:1.5.4) with ExtractAarTransform
Transforming ui-text-release.aar (androidx.compose.ui:ui-text-android:1.5.4) with AarTransform
Transforming runtime-saveable-release.aar (androidx.compose.runtime:runtime-saveable-android:1.5.4) with IdentityTransform
Transforming runtime-saveable-release.aar (androidx.compose.runtime:runtime-saveable-android:1.5.4) with ExtractAarTransform
Transforming runtime-saveable-release.aar (androidx.compose.runtime:runtime-saveable-android:1.5.4) with AarTransform
Transforming runtime-release.aar (androidx.compose.runtime:runtime-android:1.5.4) with IdentityTransform
Transforming runtime-release.aar (androidx.compose.runtime:runtime-android:1.5.4) with ExtractAarTransform
Transforming runtime-release.aar (androidx.compose.runtime:runtime-android:1.5.4) with AarTransform
Transforming runtime-livedata-1.5.4.aar (androidx.compose.runtime:runtime-livedata:1.5.4) with IdentityTransform
Transforming runtime-livedata-1.5.4.aar (androidx.compose.runtime:runtime-livedata:1.5.4) with ExtractAarTransform
Transforming runtime-livedata-1.5.4.aar (androidx.compose.runtime:runtime-livedata:1.5.4) with AarTransform
Transforming drawerlayout-1.1.1.aar (androidx.drawerlayout:drawerlayout:1.1.1) with IdentityTransform
Transforming drawerlayout-1.1.1.aar (androidx.drawerlayout:drawerlayout:1.1.1) with ExtractAarTransform
Transforming drawerlayout-1.1.1.aar (androidx.drawerlayout:drawerlayout:1.1.1) with AarTransform
Transforming coordinatorlayout-1.1.0.aar (androidx.coordinatorlayout:coordinatorlayout:1.1.0) with IdentityTransform
Transforming coordinatorlayout-1.1.0.aar (androidx.coordinatorlayout:coordinatorlayout:1.1.0) with ExtractAarTransform
Transforming coordinatorlayout-1.1.0.aar (androidx.coordinatorlayout:coordinatorlayout:1.1.0) with AarTransform
Transforming dynamicanimation-1.0.0.aar (androidx.dynamicanimation:dynamicanimation:1.0.0) with IdentityTransform
Transforming dynamicanimation-1.0.0.aar (androidx.dynamicanimation:dynamicanimation:1.0.0) with ExtractAarTransform
Transforming dynamicanimation-1.0.0.aar (androidx.dynamicanimation:dynamicanimation:1.0.0) with AarTransform
Transforming vectordrawable-animated-1.1.0.aar (androidx.vectordrawable:vectordrawable-animated:1.1.0) with IdentityTransform
Transforming vectordrawable-animated-1.1.0.aar (androidx.vectordrawable:vectordrawable-animated:1.1.0) with ExtractAarTransform
Transforming vectordrawable-animated-1.1.0.aar (androidx.vectordrawable:vectordrawable-animated:1.1.0) with AarTransform
Transforming vectordrawable-1.1.0.aar (androidx.vectordrawable:vectordrawable:1.1.0) with IdentityTransform
Transforming vectordrawable-1.1.0.aar (androidx.vectordrawable:vectordrawable:1.1.0) with ExtractAarTransform
Transforming vectordrawable-1.1.0.aar (androidx.vectordrawable:vectordrawable:1.1.0) with AarTransform
Transforming vectordrawable-1.1.0.aar (androidx.vectordrawable:vectordrawable:1.1.0) with IdentityTransform
Transforming vectordrawable-1.1.0.aar (androidx.vectordrawable:vectordrawable:1.1.0) with ExtractAarTransform
Transforming vectordrawable-1.1.0.aar (androidx.vectordrawable:vectordrawable:1.1.0) with AarTransform
Transforming work-runtime-ktx-2.9.0.aar (androidx.work:work-runtime-ktx:2.9.0) with IdentityTransform
Transforming work-runtime-ktx-2.9.0.aar (androidx.work:work-runtime-ktx:2.9.0) with ExtractAarTransform
Transforming work-runtime-ktx-2.9.0.aar (androidx.work:work-runtime-ktx:2.9.0) with AarTransform
Transforming work-runtime-2.9.0.aar (androidx.work:work-runtime:2.9.0) with IdentityTransform
Transforming work-runtime-2.9.0.aar (androidx.work:work-runtime:2.9.0) with ExtractAarTransform
Transforming work-runtime-2.9.0.aar (androidx.work:work-runtime:2.9.0) with AarTransform
Transforming recyclerview-1.1.0.aar (androidx.recyclerview:recyclerview:1.1.0) with IdentityTransform
Transforming recyclerview-1.1.0.aar (androidx.recyclerview:recyclerview:1.1.0) with ExtractAarTransform
Transforming recyclerview-1.1.0.aar (androidx.recyclerview:recyclerview:1.1.0) with AarTransform
Transforming recyclerview-1.1.0.aar (androidx.recyclerview:recyclerview:1.1.0) with IdentityTransform
Transforming recyclerview-1.1.0.aar (androidx.recyclerview:recyclerview:1.1.0) with ExtractAarTransform
Transforming recyclerview-1.1.0.aar (androidx.recyclerview:recyclerview:1.1.0) with AarTransform
Transforming viewpager-1.0.0.aar (androidx.viewpager:viewpager:1.0.0) with IdentityTransform
Transforming viewpager-1.0.0.aar (androidx.viewpager:viewpager:1.0.0) with ExtractAarTransform
Transforming viewpager-1.0.0.aar (androidx.viewpager:viewpager:1.0.0) with AarTransform
Transforming slidingpanelayout-1.2.0.aar (androidx.slidingpanelayout:slidingpanelayout:1.2.0) with IdentityTransform
Transforming slidingpanelayout-1.2.0.aar (androidx.slidingpanelayout:slidingpanelayout:1.2.0) with ExtractAarTransform
Transforming slidingpanelayout-1.2.0.aar (androidx.slidingpanelayout:slidingpanelayout:1.2.0) with AarTransform
Transforming customview-1.1.0.aar (androidx.customview:customview:1.1.0) with IdentityTransform
Transforming customview-1.1.0.aar (androidx.customview:customview:1.1.0) with ExtractAarTransform
Transforming customview-1.1.0.aar (androidx.customview:customview:1.1.0) with AarTransform
Transforming customview-1.1.0.aar (androidx.customview:customview:1.1.0) with IdentityTransform
Transforming customview-1.1.0.aar (androidx.customview:customview:1.1.0) with ExtractAarTransform
Transforming customview-1.1.0.aar (androidx.customview:customview:1.1.0) with AarTransform
Transforming legacy-support-core-utils-1.0.0.aar (androidx.legacy:legacy-support-core-utils:1.0.0) with IdentityTransform
Transforming legacy-support-core-utils-1.0.0.aar (androidx.legacy:legacy-support-core-utils:1.0.0) with ExtractAarTransform
Transforming legacy-support-core-utils-1.0.0.aar (androidx.legacy:legacy-support-core-utils:1.0.0) with AarTransform
Transforming loader-1.0.0.aar (androidx.loader:loader:1.0.0) with IdentityTransform
Transforming loader-1.0.0.aar (androidx.loader:loader:1.0.0) with ExtractAarTransform
Transforming loader-1.0.0.aar (androidx.loader:loader:1.0.0) with AarTransform
Transforming loader-1.0.0.aar (androidx.loader:loader:1.0.0) with IdentityTransform
Transforming loader-1.0.0.aar (androidx.loader:loader:1.0.0) with ExtractAarTransform
Transforming loader-1.0.0.aar (androidx.loader:loader:1.0.0) with AarTransform
Transforming transition-1.4.1.aar (androidx.transition:transition:1.4.1) with IdentityTransform
Transforming transition-1.4.1.aar (androidx.transition:transition:1.4.1) with ExtractAarTransform
Transforming transition-1.4.1.aar (androidx.transition:transition:1.4.1) with AarTransform
Transforming window-1.0.0.aar (androidx.window:window:1.0.0) with IdentityTransform
Transforming window-1.0.0.aar (androidx.window:window:1.0.0) with ExtractAarTransform
Transforming window-1.0.0.aar (androidx.window:window:1.0.0) with AarTransform
Transforming autofill-1.0.0.aar (androidx.autofill:autofill:1.0.0) with IdentityTransform
Transforming autofill-1.0.0.aar (androidx.autofill:autofill:1.0.0) with ExtractAarTransform
Transforming autofill-1.0.0.aar (androidx.autofill:autofill:1.0.0) with AarTransform
Transforming emoji2-views-helper-1.4.0.aar (androidx.emoji2:emoji2-views-helper:1.4.0) with IdentityTransform
Transforming emoji2-views-helper-1.4.0.aar (androidx.emoji2:emoji2-views-helper:1.4.0) with ExtractAarTransform
Transforming emoji2-views-helper-1.4.0.aar (androidx.emoji2:emoji2-views-helper:1.4.0) with AarTransform
Transforming emoji2-1.4.0.aar (androidx.emoji2:emoji2:1.4.0) with IdentityTransform
Transforming emoji2-1.4.0.aar (androidx.emoji2:emoji2:1.4.0) with ExtractAarTransform
Transforming emoji2-1.4.0.aar (androidx.emoji2:emoji2:1.4.0) with AarTransform
Transforming core-1.12.0.aar (androidx.core:core:1.12.0) with IdentityTransform
Transforming core-1.12.0.aar (androidx.core:core:1.12.0) with ExtractAarTransform
Transforming core-1.12.0.aar (androidx.core:core:1.12.0) with AarTransform
Transforming core-1.12.0.aar (androidx.core:core:1.12.0) with IdentityTransform
Transforming core-1.12.0.aar (androidx.core:core:1.12.0) with ExtractAarTransform
Transforming core-1.12.0.aar (androidx.core:core:1.12.0) with AarTransform
Transforming lifecycle-livedata-core-2.7.0.aar (androidx.lifecycle:lifecycle-livedata-core:2.7.0) with IdentityTransform
Transforming lifecycle-livedata-core-2.7.0.aar (androidx.lifecycle:lifecycle-livedata-core:2.7.0) with ExtractAarTransform
Transforming lifecycle-livedata-core-2.7.0.aar (androidx.lifecycle:lifecycle-livedata-core:2.7.0) with AarTransform
Transforming savedstate-ktx-1.2.1.aar (androidx.savedstate:savedstate-ktx:1.2.1) with IdentityTransform
Transforming savedstate-ktx-1.2.1.aar (androidx.savedstate:savedstate-ktx:1.2.1) with ExtractAarTransform
Transforming savedstate-ktx-1.2.1.aar (androidx.savedstate:savedstate-ktx:1.2.1) with AarTransform
Transforming savedstate-1.2.1.aar (androidx.savedstate:savedstate:1.2.1) with IdentityTransform
Transforming savedstate-1.2.1.aar (androidx.savedstate:savedstate:1.2.1) with ExtractAarTransform
Transforming savedstate-1.2.1.aar (androidx.savedstate:savedstate:1.2.1) with AarTransform
Transforming lifecycle-viewmodel-savedstate-2.7.0.aar (androidx.lifecycle:lifecycle-viewmodel-savedstate:2.7.0) with IdentityTransform
Transforming lifecycle-viewmodel-savedstate-2.7.0.aar (androidx.lifecycle:lifecycle-viewmodel-savedstate:2.7.0) with ExtractAarTransform
Transforming lifecycle-viewmodel-savedstate-2.7.0.aar (androidx.lifecycle:lifecycle-viewmodel-savedstate:2.7.0) with AarTransform
Transforming lifecycle-livedata-core-ktx-2.7.0.aar (androidx.lifecycle:lifecycle-livedata-core-ktx:2.7.0) with IdentityTransform
Transforming lifecycle-livedata-core-ktx-2.7.0.aar (androidx.lifecycle:lifecycle-livedata-core-ktx:2.7.0) with ExtractAarTransform
Transforming lifecycle-livedata-core-ktx-2.7.0.aar (androidx.lifecycle:lifecycle-livedata-core-ktx:2.7.0) with AarTransform
Transforming lifecycle-viewmodel-2.7.0.aar (androidx.lifecycle:lifecycle-viewmodel:2.7.0) with IdentityTransform
Transforming lifecycle-viewmodel-2.7.0.aar (androidx.lifecycle:lifecycle-viewmodel:2.7.0) with ExtractAarTransform
Transforming lifecycle-viewmodel-2.7.0.aar (androidx.lifecycle:lifecycle-viewmodel:2.7.0) with AarTransform
Transforming lifecycle-viewmodel-2.7.0.aar (androidx.lifecycle:lifecycle-viewmodel:2.7.0) with IdentityTransform
Transforming lifecycle-viewmodel-2.7.0.aar (androidx.lifecycle:lifecycle-viewmodel:2.7.0) with ExtractAarTransform
Transforming lifecycle-viewmodel-2.7.0.aar (androidx.lifecycle:lifecycle-viewmodel:2.7.0) with AarTransform
Transforming lifecycle-service-2.7.0.aar (androidx.lifecycle:lifecycle-service:2.7.0) with IdentityTransform
Transforming lifecycle-service-2.7.0.aar (androidx.lifecycle:lifecycle-service:2.7.0) with ExtractAarTransform
Transforming lifecycle-service-2.7.0.aar (androidx.lifecycle:lifecycle-service:2.7.0) with AarTransform
Transforming lifecycle-runtime-ktx-2.7.0.aar (androidx.lifecycle:lifecycle-runtime-ktx:2.7.0) with IdentityTransform
Transforming lifecycle-runtime-ktx-2.7.0.aar (androidx.lifecycle:lifecycle-runtime-ktx:2.7.0) with ExtractAarTransform
Transforming lifecycle-runtime-ktx-2.7.0.aar (androidx.lifecycle:lifecycle-runtime-ktx:2.7.0) with AarTransform
Transforming lifecycle-runtime-2.7.0.aar (androidx.lifecycle:lifecycle-runtime:2.7.0) with IdentityTransform
Transforming lifecycle-runtime-2.7.0.aar (androidx.lifecycle:lifecycle-runtime:2.7.0) with ExtractAarTransform
Transforming lifecycle-runtime-2.7.0.aar (androidx.lifecycle:lifecycle-runtime:2.7.0) with AarTransform
Transforming lifecycle-process-2.7.0.aar (androidx.lifecycle:lifecycle-process:2.7.0) with IdentityTransform
Transforming lifecycle-process-2.7.0.aar (androidx.lifecycle:lifecycle-process:2.7.0) with ExtractAarTransform
Transforming lifecycle-process-2.7.0.aar (androidx.lifecycle:lifecycle-process:2.7.0) with AarTransform
Transforming lifecycle-livedata-2.7.0.aar (androidx.lifecycle:lifecycle-livedata:2.7.0) with IdentityTransform
Transforming lifecycle-livedata-2.7.0.aar (androidx.lifecycle:lifecycle-livedata:2.7.0) with ExtractAarTransform
Transforming lifecycle-livedata-2.7.0.aar (androidx.lifecycle:lifecycle-livedata:2.7.0) with AarTransform
Transforming lifecycle-livedata-2.7.0.aar (androidx.lifecycle:lifecycle-livedata:2.7.0) with IdentityTransform
Transforming lifecycle-livedata-2.7.0.aar (androidx.lifecycle:lifecycle-livedata:2.7.0) with ExtractAarTransform
Transforming lifecycle-livedata-2.7.0.aar (androidx.lifecycle:lifecycle-livedata:2.7.0) with AarTransform
Transforming lifecycle-viewmodel-ktx-2.7.0.aar (androidx.lifecycle:lifecycle-viewmodel-ktx:2.7.0) with IdentityTransform
Transforming lifecycle-viewmodel-ktx-2.7.0.aar (androidx.lifecycle:lifecycle-viewmodel-ktx:2.7.0) with ExtractAarTransform
Transforming lifecycle-viewmodel-ktx-2.7.0.aar (androidx.lifecycle:lifecycle-viewmodel-ktx:2.7.0) with AarTransform
Transforming lifecycle-livedata-ktx-2.7.0.aar (androidx.lifecycle:lifecycle-livedata-ktx:2.7.0) with IdentityTransform
Transforming lifecycle-livedata-ktx-2.7.0.aar (androidx.lifecycle:lifecycle-livedata-ktx:2.7.0) with ExtractAarTransform
Transforming lifecycle-livedata-ktx-2.7.0.aar (androidx.lifecycle:lifecycle-livedata-ktx:2.7.0) with AarTransform
Transforming lifecycle-viewmodel-compose-2.7.0.aar (androidx.lifecycle:lifecycle-viewmodel-compose:2.7.0) with IdentityTransform
Transforming lifecycle-viewmodel-compose-2.7.0.aar (androidx.lifecycle:lifecycle-viewmodel-compose:2.7.0) with ExtractAarTransform
Transforming lifecycle-viewmodel-compose-2.7.0.aar (androidx.lifecycle:lifecycle-viewmodel-compose:2.7.0) with AarTransform
Transforming ui-release.aar (androidx.compose.ui:ui-android:1.5.4) with IdentityTransform
Transforming ui-release.aar (androidx.compose.ui:ui-android:1.5.4) with ExtractAarTransform
Transforming ui-release.aar (androidx.compose.ui:ui-android:1.5.4) with AarTransform
Transforming ui-tooling-preview-release.aar (androidx.compose.ui:ui-tooling-preview-android:1.5.4) with IdentityTransform
Transforming ui-tooling-preview-release.aar (androidx.compose.ui:ui-tooling-preview-android:1.5.4) with ExtractAarTransform
Transforming ui-tooling-preview-release.aar (androidx.compose.ui:ui-tooling-preview-android:1.5.4) with AarTransform
Transforming ui-tooling-release.aar (androidx.compose.ui:ui-tooling-android:1.5.4) with IdentityTransform
Transforming ui-tooling-release.aar (androidx.compose.ui:ui-tooling-android:1.5.4) with ExtractAarTransform
Transforming ui-tooling-release.aar (androidx.compose.ui:ui-tooling-android:1.5.4) with AarTransform
Transforming ui-test-manifest-1.5.4.aar (androidx.compose.ui:ui-test-manifest:1.5.4) with IdentityTransform
Transforming ui-test-manifest-1.5.4.aar (androidx.compose.ui:ui-test-manifest:1.5.4) with ExtractAarTransform
Transforming ui-test-manifest-1.5.4.aar (androidx.compose.ui:ui-test-manifest:1.5.4) with AarTransform
Transforming activity-1.8.2.aar (androidx.activity:activity:1.8.2) with IdentityTransform
Transforming activity-1.8.2.aar (androidx.activity:activity:1.8.2) with ExtractAarTransform
Transforming activity-1.8.2.aar (androidx.activity:activity:1.8.2) with AarTransform
Transforming activity-compose-1.8.2.aar (androidx.activity:activity-compose:1.8.2) with IdentityTransform
Transforming activity-compose-1.8.2.aar (androidx.activity:activity-compose:1.8.2) with ExtractAarTransform
Transforming activity-compose-1.8.2.aar (androidx.activity:activity-compose:1.8.2) with AarTransform
Transforming activity-ktx-1.8.2.aar (androidx.activity:activity-ktx:1.8.2) with IdentityTransform
Transforming activity-ktx-1.8.2.aar (androidx.activity:activity-ktx:1.8.2) with ExtractAarTransform
Transforming activity-ktx-1.8.2.aar (androidx.activity:activity-ktx:1.8.2) with AarTransform
Transforming customview-poolingcontainer-1.0.0.aar (androidx.customview:customview-poolingcontainer:1.0.0) with IdentityTransform
Transforming customview-poolingcontainer-1.0.0.aar (androidx.customview:customview-poolingcontainer:1.0.0) with ExtractAarTransform
Transforming customview-poolingcontainer-1.0.0.aar (androidx.customview:customview-poolingcontainer:1.0.0) with AarTransform
Transforming core-ktx-1.12.0.aar (androidx.core:core-ktx:1.12.0) with IdentityTransform
Transforming core-ktx-1.12.0.aar (androidx.core:core-ktx:1.12.0) with ExtractAarTransform
Transforming core-ktx-1.12.0.aar (androidx.core:core-ktx:1.12.0) with AarTransform
Transforming room-runtime-2.6.1.aar (androidx.room:room-runtime:2.6.1) with IdentityTransform
Transforming room-runtime-2.6.1.aar (androidx.room:room-runtime:2.6.1) with ExtractAarTransform
Transforming room-runtime-2.6.1.aar (androidx.room:room-runtime:2.6.1) with AarTransform
Transforming room-ktx-2.6.1.aar (androidx.room:room-ktx:2.6.1) with IdentityTransform
Transforming room-ktx-2.6.1.aar (androidx.room:room-ktx:2.6.1) with ExtractAarTransform
Transforming room-ktx-2.6.1.aar (androidx.room:room-ktx:2.6.1) with AarTransform
Transforming timber-5.0.1.aar (com.jakewharton.timber:timber:5.0.1) with IdentityTransform
Transforming timber-5.0.1.aar (com.jakewharton.timber:timber:5.0.1) with ExtractAarTransform
Transforming timber-5.0.1.aar (com.jakewharton.timber:timber:5.0.1) with AarTransform
Transforming sqlite-framework-2.4.0.aar (androidx.sqlite:sqlite-framework:2.4.0) with IdentityTransform
Transforming sqlite-framework-2.4.0.aar (androidx.sqlite:sqlite-framework:2.4.0) with ExtractAarTransform
Transforming sqlite-framework-2.4.0.aar (androidx.sqlite:sqlite-framework:2.4.0) with AarTransform
Transforming sqlite-2.4.0.aar (androidx.sqlite:sqlite:2.4.0) with IdentityTransform
Transforming sqlite-2.4.0.aar (androidx.sqlite:sqlite:2.4.0) with ExtractAarTransform
Transforming sqlite-2.4.0.aar (androidx.sqlite:sqlite:2.4.0) with AarTransform
Transforming annotation-experimental-1.3.0.aar (androidx.annotation:annotation-experimental:1.3.0) with IdentityTransform
Transforming annotation-experimental-1.3.0.aar (androidx.annotation:annotation-experimental:1.3.0) with ExtractAarTransform
Transforming annotation-experimental-1.3.0.aar (androidx.annotation:annotation-experimental:1.3.0) with AarTransform
Transforming cursoradapter-1.0.0.aar (androidx.cursoradapter:cursoradapter:1.0.0) with IdentityTransform
Transforming cursoradapter-1.0.0.aar (androidx.cursoradapter:cursoradapter:1.0.0) with ExtractAarTransform
Transforming cursoradapter-1.0.0.aar (androidx.cursoradapter:cursoradapter:1.0.0) with AarTransform
Transforming cardview-1.0.0.aar (androidx.cardview:cardview:1.0.0) with IdentityTransform
Transforming cardview-1.0.0.aar (androidx.cardview:cardview:1.0.0) with ExtractAarTransform
Transforming cardview-1.0.0.aar (androidx.cardview:cardview:1.0.0) with AarTransform
Transforming core-runtime-2.2.0.aar (androidx.arch.core:core-runtime:2.2.0) with IdentityTransform
Transforming core-runtime-2.2.0.aar (androidx.arch.core:core-runtime:2.2.0) with ExtractAarTransform
Transforming core-runtime-2.2.0.aar (androidx.arch.core:core-runtime:2.2.0) with AarTransform
Transforming gifdecoder-4.16.0.aar (com.github.bumptech.glide:gifdecoder:4.16.0) with IdentityTransform
Transforming gifdecoder-4.16.0.aar (com.github.bumptech.glide:gifdecoder:4.16.0) with ExtractAarTransform
Transforming gifdecoder-4.16.0.aar (com.github.bumptech.glide:gifdecoder:4.16.0) with AarTransform
Transforming exifinterface-1.3.6.aar (androidx.exifinterface:exifinterface:1.3.6) with IdentityTransform
Transforming exifinterface-1.3.6.aar (androidx.exifinterface:exifinterface:1.3.6) with ExtractAarTransform
Transforming exifinterface-1.3.6.aar (androidx.exifinterface:exifinterface:1.3.6) with AarTransform
Transforming profileinstaller-1.3.0.aar (androidx.profileinstaller:profileinstaller:1.3.0) with IdentityTransform
Transforming profileinstaller-1.3.0.aar (androidx.profileinstaller:profileinstaller:1.3.0) with ExtractAarTransform
Transforming profileinstaller-1.3.0.aar (androidx.profileinstaller:profileinstaller:1.3.0) with AarTransform
Transforming startup-runtime-1.1.1.aar (androidx.startup:startup-runtime:1.1.1) with IdentityTransform
Transforming startup-runtime-1.1.1.aar (androidx.startup:startup-runtime:1.1.1) with ExtractAarTransform
Transforming startup-runtime-1.1.1.aar (androidx.startup:startup-runtime:1.1.1) with AarTransform
Transforming tracing-1.0.0.aar (androidx.tracing:tracing:1.0.0) with IdentityTransform
Transforming tracing-1.0.0.aar (androidx.tracing:tracing:1.0.0) with ExtractAarTransform
Transforming tracing-1.0.0.aar (androidx.tracing:tracing:1.0.0) with AarTransform
Transforming interpolator-1.0.0.aar (androidx.interpolator:interpolator:1.0.0) with IdentityTransform
Transforming interpolator-1.0.0.aar (androidx.interpolator:interpolator:1.0.0) with ExtractAarTransform
Transforming interpolator-1.0.0.aar (androidx.interpolator:interpolator:1.0.0) with AarTransform
Transforming interpolator-1.0.0.aar (androidx.interpolator:interpolator:1.0.0) with IdentityTransform
Transforming interpolator-1.0.0.aar (androidx.interpolator:interpolator:1.0.0) with ExtractAarTransform
Transforming interpolator-1.0.0.aar (androidx.interpolator:interpolator:1.0.0) with AarTransform
Transforming versionedparcelable-1.1.1.aar (androidx.versionedparcelable:versionedparcelable:1.1.1) with IdentityTransform
Transforming versionedparcelable-1.1.1.aar (androidx.versionedparcelable:versionedparcelable:1.1.1) with ExtractAarTransform
Transforming versionedparcelable-1.1.1.aar (androidx.versionedparcelable:versionedparcelable:1.1.1) with AarTransform
Transforming documentfile-1.0.0.aar (androidx.documentfile:documentfile:1.0.0) with IdentityTransform
Transforming documentfile-1.0.0.aar (androidx.documentfile:documentfile:1.0.0) with ExtractAarTransform
Transforming documentfile-1.0.0.aar (androidx.documentfile:documentfile:1.0.0) with AarTransform
Transforming localbroadcastmanager-1.0.0.aar (androidx.localbroadcastmanager:localbroadcastmanager:1.0.0) with IdentityTransform
Transforming localbroadcastmanager-1.0.0.aar (androidx.localbroadcastmanager:localbroadcastmanager:1.0.0) with ExtractAarTransform
Transforming localbroadcastmanager-1.0.0.aar (androidx.localbroadcastmanager:localbroadcastmanager:1.0.0) with AarTransform
Transforming print-1.0.0.aar (androidx.print:print:1.0.0) with IdentityTransform
Transforming print-1.0.0.aar (androidx.print:print:1.0.0) with ExtractAarTransform
Transforming print-1.0.0.aar (androidx.print:print:1.0.0) with AarTransform
Transforming dagger-lint-aar-2.46.1.aar (com.google.dagger:dagger-lint-aar:2.46.1) with IdentityTransform
Transforming dagger-lint-aar-2.46.1.aar (com.google.dagger:dagger-lint-aar:2.46.1) with ExtractAarTransform
Transforming dagger-lint-aar-2.46.1.aar (com.google.dagger:dagger-lint-aar:2.46.1) with AarTransform
Caching disabled for task ':app:checkDebugAarMetadata' because:
  Build cache is disabled
Task ':app:checkDebugAarMetadata' is not up-to-date because:
  Output property 'dummyOutputDirectory' file C:\Users\leoja\AndroidStudioProjects\PaleobyLeoRecipes\app\build\intermediates\aar_metadata_check\debug has been removed.

> Task :app:mapDebugSourceSetPaths
Caching disabled for task ':app:mapDebugSourceSetPaths' because:
  Build cache is disabled
Task ':app:mapDebugSourceSetPaths' is not up-to-date because:
  Output property 'filepathMappingFile' file C:\Users\leoja\AndroidStudioProjects\PaleobyLeoRecipes\app\build\intermediates\source_set_path_map\debug\file-map.txt has been removed.
Resolve mutations for :app:createDebugCompatibleScreenManifests (Thread[#888,Execution worker Thread 2,5,main]) started.
:app:createDebugCompatibleScreenManifests (Thread[#888,Execution worker Thread 2,5,main]) started.

> Task :app:createDebugCompatibleScreenManifests
Caching disabled for task ':app:createDebugCompatibleScreenManifests' because:
  Build cache is disabled
Task ':app:createDebugCompatibleScreenManifests' is not up-to-date because:
  Output property 'outputFolder' file C:\Users\leoja\AndroidStudioProjects\PaleobyLeoRecipes\app\build\intermediates\compatible_screen_manifest\debug has been removed.
  Output property 'outputFolder' file C:\Users\leoja\AndroidStudioProjects\PaleobyLeoRecipes\app\build\intermediates\compatible_screen_manifest\debug\output-metadata.json has been removed.
Resolve mutations for :app:extractDeepLinksDebug (Thread[#888,Execution worker Thread 2,5,main]) started.
:app:extractDeepLinksDebug (Thread[#888,Execution worker Thread 2,5,main]) started.

> Task :app:extractDeepLinksDebug
Caching disabled for task ':app:extractDeepLinksDebug' because:
  Build cache is disabled
Task ':app:extractDeepLinksDebug' is not up-to-date because:
  Output property 'navigationJson' file C:\Users\leoja\AndroidStudioProjects\PaleobyLeoRecipes\app\build\intermediates\navigation_json\debug\navigation.json has been removed.
Resolve mutations for :app:processDebugMainManifest (Thread[#888,Execution worker Thread 2,5,main]) started.
:app:processDebugMainManifest (Thread[#888,Execution worker Thread 2,5,main]) started.

> Task :app:processDebugMainManifest
Transforming databinding-adapters-8.1.0.aar (androidx.databinding:databinding-adapters:8.1.0) with IdentityTransform
Transforming databinding-adapters-8.1.0.aar (androidx.databinding:databinding-adapters:8.1.0) with ExtractAarTransform
Transforming databinding-adapters-8.1.0.aar (androidx.databinding:databinding-adapters:8.1.0) with AarTransform
Transforming databinding-ktx-8.1.0.aar (androidx.databinding:databinding-ktx:8.1.0) with IdentityTransform
Transforming databinding-ktx-8.1.0.aar (androidx.databinding:databinding-ktx:8.1.0) with ExtractAarTransform
Transforming databinding-ktx-8.1.0.aar (androidx.databinding:databinding-ktx:8.1.0) with AarTransform
Transforming databinding-runtime-8.1.0.aar (androidx.databinding:databinding-runtime:8.1.0) with IdentityTransform
Transforming databinding-runtime-8.1.0.aar (androidx.databinding:databinding-runtime:8.1.0) with ExtractAarTransform
Transforming databinding-runtime-8.1.0.aar (androidx.databinding:databinding-runtime:8.1.0) with AarTransform
Transforming viewbinding-8.1.0.aar (androidx.databinding:viewbinding:8.1.0) with IdentityTransform
Transforming viewbinding-8.1.0.aar (androidx.databinding:viewbinding:8.1.0) with ExtractAarTransform
Transforming viewbinding-8.1.0.aar (androidx.databinding:viewbinding:8.1.0) with AarTransform
Transforming navigation-common-2.7.6.aar (androidx.navigation:navigation-common:2.7.6) with IdentityTransform
Transforming navigation-common-2.7.6.aar (androidx.navigation:navigation-common:2.7.6) with ExtractAarTransform
Transforming navigation-common-2.7.6.aar (androidx.navigation:navigation-common:2.7.6) with AarTransform
Transforming navigation-common-ktx-2.7.6.aar (androidx.navigation:navigation-common-ktx:2.7.6) with IdentityTransform
Transforming navigation-common-ktx-2.7.6.aar (androidx.navigation:navigation-common-ktx:2.7.6) with ExtractAarTransform
Transforming navigation-common-ktx-2.7.6.aar (androidx.navigation:navigation-common-ktx:2.7.6) with AarTransform
Transforming navigation-runtime-2.7.6.aar (androidx.navigation:navigation-runtime:2.7.6) with IdentityTransform
Transforming navigation-runtime-2.7.6.aar (androidx.navigation:navigation-runtime:2.7.6) with ExtractAarTransform
Transforming navigation-runtime-2.7.6.aar (androidx.navigation:navigation-runtime:2.7.6) with AarTransform
Transforming navigation-runtime-ktx-2.7.6.aar (androidx.navigation:navigation-runtime-ktx:2.7.6) with IdentityTransform
Transforming navigation-runtime-ktx-2.7.6.aar (androidx.navigation:navigation-runtime-ktx:2.7.6) with ExtractAarTransform
Transforming navigation-runtime-ktx-2.7.6.aar (androidx.navigation:navigation-runtime-ktx:2.7.6) with AarTransform
Transforming navigation-fragment-2.7.6.aar (androidx.navigation:navigation-fragment:2.7.6) with IdentityTransform
Transforming navigation-fragment-2.7.6.aar (androidx.navigation:navigation-fragment:2.7.6) with ExtractAarTransform
Transforming navigation-fragment-2.7.6.aar (androidx.navigation:navigation-fragment:2.7.6) with AarTransform
Transforming navigation-fragment-ktx-2.7.6.aar (androidx.navigation:navigation-fragment-ktx:2.7.6) with IdentityTransform
Transforming navigation-fragment-ktx-2.7.6.aar (androidx.navigation:navigation-fragment-ktx:2.7.6) with ExtractAarTransform
Transforming navigation-fragment-ktx-2.7.6.aar (androidx.navigation:navigation-fragment-ktx:2.7.6) with AarTransform
Transforming navigation-ui-ktx-2.7.6.aar (androidx.navigation:navigation-ui-ktx:2.7.6) with IdentityTransform
Transforming navigation-ui-ktx-2.7.6.aar (androidx.navigation:navigation-ui-ktx:2.7.6) with ExtractAarTransform
Transforming navigation-ui-ktx-2.7.6.aar (androidx.navigation:navigation-ui-ktx:2.7.6) with AarTransform
Transforming navigation-ui-2.7.6.aar (androidx.navigation:navigation-ui:2.7.6) with IdentityTransform
Transforming navigation-ui-2.7.6.aar (androidx.navigation:navigation-ui:2.7.6) with ExtractAarTransform
Transforming navigation-ui-2.7.6.aar (androidx.navigation:navigation-ui:2.7.6) with AarTransform
Transforming material-1.11.0.aar (com.google.android.material:material:1.11.0) with IdentityTransform
Transforming material-1.11.0.aar (com.google.android.material:material:1.11.0) with ExtractAarTransform
Transforming material-1.11.0.aar (com.google.android.material:material:1.11.0) with AarTransform
Transforming constraintlayout-2.1.4.aar (androidx.constraintlayout:constraintlayout:2.1.4) with IdentityTransform
Transforming constraintlayout-2.1.4.aar (androidx.constraintlayout:constraintlayout:2.1.4) with ExtractAarTransform
Transforming constraintlayout-2.1.4.aar (androidx.constraintlayout:constraintlayout:2.1.4) with AarTransform
Transforming appcompat-resources-1.6.1.aar (androidx.appcompat:appcompat-resources:1.6.1) with IdentityTransform
Transforming appcompat-resources-1.6.1.aar (androidx.appcompat:appcompat-resources:1.6.1) with ExtractAarTransform
Transforming appcompat-resources-1.6.1.aar (androidx.appcompat:appcompat-resources:1.6.1) with AarTransform
Transforming appcompat-1.6.1.aar (androidx.appcompat:appcompat:1.6.1) with IdentityTransform
Transforming appcompat-1.6.1.aar (androidx.appcompat:appcompat:1.6.1) with ExtractAarTransform
Transforming appcompat-1.6.1.aar (androidx.appcompat:appcompat:1.6.1) with AarTransform
Transforming hilt-work-1.0.0.aar (androidx.hilt:hilt-work:1.0.0) with IdentityTransform
Transforming hilt-work-1.0.0.aar (androidx.hilt:hilt-work:1.0.0) with ExtractAarTransform
Transforming hilt-work-1.0.0.aar (androidx.hilt:hilt-work:1.0.0) with AarTransform
Transforming hilt-android-2.46.1.aar (com.google.dagger:hilt-android:2.46.1) with IdentityTransform
Transforming hilt-android-2.46.1.aar (com.google.dagger:hilt-android:2.46.1) with ExtractAarTransform
Transforming hilt-android-2.46.1.aar (com.google.dagger:hilt-android:2.46.1) with AarTransform
Transforming okhttp3-integration-4.16.0.aar (com.github.bumptech.glide:okhttp3-integration:4.16.0) with IdentityTransform
Transforming okhttp3-integration-4.16.0.aar (com.github.bumptech.glide:okhttp3-integration:4.16.0) with ExtractAarTransform
Transforming okhttp3-integration-4.16.0.aar (com.github.bumptech.glide:okhttp3-integration:4.16.0) with AarTransform
Transforming glide-4.16.0.aar (com.github.bumptech.glide:glide:4.16.0) with IdentityTransform
Transforming glide-4.16.0.aar (com.github.bumptech.glide:glide:4.16.0) with ExtractAarTransform
Transforming glide-4.16.0.aar (com.github.bumptech.glide:glide:4.16.0) with AarTransform
Transforming viewpager2-1.0.0.aar (androidx.viewpager2:viewpager2:1.0.0) with IdentityTransform
Transforming viewpager2-1.0.0.aar (androidx.viewpager2:viewpager2:1.0.0) with ExtractAarTransform
Transforming viewpager2-1.0.0.aar (androidx.viewpager2:viewpager2:1.0.0) with AarTransform
Transforming fragment-1.6.2.aar (androidx.fragment:fragment:1.6.2) with IdentityTransform
Transforming fragment-1.6.2.aar (androidx.fragment:fragment:1.6.2) with ExtractAarTransform
Transforming fragment-1.6.2.aar (androidx.fragment:fragment:1.6.2) with AarTransform
Transforming fragment-1.6.2.aar (androidx.fragment:fragment:1.6.2) with IdentityTransform
Transforming fragment-1.6.2.aar (androidx.fragment:fragment:1.6.2) with ExtractAarTransform
Transforming fragment-1.6.2.aar (androidx.fragment:fragment:1.6.2) with AarTransform
Transforming fragment-ktx-1.6.2.aar (androidx.fragment:fragment-ktx:1.6.2) with IdentityTransform
Transforming fragment-ktx-1.6.2.aar (androidx.fragment:fragment-ktx:1.6.2) with ExtractAarTransform
Transforming fragment-ktx-1.6.2.aar (androidx.fragment:fragment-ktx:1.6.2) with AarTransform
Transforming material3-1.1.2.aar (androidx.compose.material3:material3:1.1.2) with IdentityTransform
Transforming material3-1.1.2.aar (androidx.compose.material3:material3:1.1.2) with ExtractAarTransform
Transforming material3-1.1.2.aar (androidx.compose.material3:material3:1.1.2) with AarTransform
Transforming material-ripple-release.aar (androidx.compose.material:material-ripple-android:1.5.4) with IdentityTransform
Transforming material-ripple-release.aar (androidx.compose.material:material-ripple-android:1.5.4) with ExtractAarTransform
Transforming material-ripple-release.aar (androidx.compose.material:material-ripple-android:1.5.4) with AarTransform
Transforming material-icons-core-release.aar (androidx.compose.material:material-icons-core-android:1.5.4) with IdentityTransform
Transforming material-icons-core-release.aar (androidx.compose.material:material-icons-core-android:1.5.4) with ExtractAarTransform
Transforming material-icons-core-release.aar (androidx.compose.material:material-icons-core-android:1.5.4) with AarTransform
Transforming material-release.aar (androidx.compose.material:material-android:1.5.4) with IdentityTransform
Transforming material-release.aar (androidx.compose.material:material-android:1.5.4) with ExtractAarTransform
Transforming material-release.aar (androidx.compose.material:material-android:1.5.4) with AarTransform
Transforming animation-core-release.aar (androidx.compose.animation:animation-core-android:1.5.4) with IdentityTransform
Transforming animation-core-release.aar (androidx.compose.animation:animation-core-android:1.5.4) with ExtractAarTransform
Transforming animation-core-release.aar (androidx.compose.animation:animation-core-android:1.5.4) with AarTransform
Transforming animation-release.aar (androidx.compose.animation:animation-android:1.5.4) with IdentityTransform
Transforming animation-release.aar (androidx.compose.animation:animation-android:1.5.4) with ExtractAarTransform
Transforming animation-release.aar (androidx.compose.animation:animation-android:1.5.4) with AarTransform
Transforming foundation-layout-release.aar (androidx.compose.foundation:foundation-layout-android:1.5.4) with IdentityTransform
Transforming foundation-layout-release.aar (androidx.compose.foundation:foundation-layout-android:1.5.4) with ExtractAarTransform
Transforming foundation-layout-release.aar (androidx.compose.foundation:foundation-layout-android:1.5.4) with AarTransform
Transforming foundation-release.aar (androidx.compose.foundation:foundation-android:1.5.4) with IdentityTransform
Transforming foundation-release.aar (androidx.compose.foundation:foundation-android:1.5.4) with ExtractAarTransform
Transforming foundation-release.aar (androidx.compose.foundation:foundation-android:1.5.4) with AarTransform
Transforming ui-unit-release.aar (androidx.compose.ui:ui-unit-android:1.5.4) with IdentityTransform
Transforming ui-unit-release.aar (androidx.compose.ui:ui-unit-android:1.5.4) with ExtractAarTransform
Transforming ui-unit-release.aar (androidx.compose.ui:ui-unit-android:1.5.4) with AarTransform
Transforming ui-geometry-release.aar (androidx.compose.ui:ui-geometry-android:1.5.4) with IdentityTransform
Transforming ui-geometry-release.aar (androidx.compose.ui:ui-geometry-android:1.5.4) with ExtractAarTransform
Transforming ui-geometry-release.aar (androidx.compose.ui:ui-geometry-android:1.5.4) with AarTransform
Transforming ui-tooling-data-release.aar (androidx.compose.ui:ui-tooling-data-android:1.5.4) with IdentityTransform
Transforming ui-tooling-data-release.aar (androidx.compose.ui:ui-tooling-data-android:1.5.4) with ExtractAarTransform
Transforming ui-tooling-data-release.aar (androidx.compose.ui:ui-tooling-data-android:1.5.4) with AarTransform
Transforming ui-util-release.aar (androidx.compose.ui:ui-util-android:1.5.4) with IdentityTransform
Transforming ui-util-release.aar (androidx.compose.ui:ui-util-android:1.5.4) with ExtractAarTransform
Transforming ui-util-release.aar (androidx.compose.ui:ui-util-android:1.5.4) with AarTransform
Transforming ui-graphics-release.aar (androidx.compose.ui:ui-graphics-android:1.5.4) with IdentityTransform
Transforming ui-graphics-release.aar (androidx.compose.ui:ui-graphics-android:1.5.4) with ExtractAarTransform
Transforming ui-graphics-release.aar (androidx.compose.ui:ui-graphics-android:1.5.4) with AarTransform
Transforming ui-text-release.aar (androidx.compose.ui:ui-text-android:1.5.4) with IdentityTransform
Transforming ui-text-release.aar (androidx.compose.ui:ui-text-android:1.5.4) with ExtractAarTransform
Transforming ui-text-release.aar (androidx.compose.ui:ui-text-android:1.5.4) with AarTransform
Transforming runtime-saveable-release.aar (androidx.compose.runtime:runtime-saveable-android:1.5.4) with IdentityTransform
Transforming runtime-saveable-release.aar (androidx.compose.runtime:runtime-saveable-android:1.5.4) with ExtractAarTransform
Transforming runtime-saveable-release.aar (androidx.compose.runtime:runtime-saveable-android:1.5.4) with AarTransform
Transforming runtime-release.aar (androidx.compose.runtime:runtime-android:1.5.4) with IdentityTransform
Transforming runtime-release.aar (androidx.compose.runtime:runtime-android:1.5.4) with ExtractAarTransform
Transforming runtime-release.aar (androidx.compose.runtime:runtime-android:1.5.4) with AarTransform
Transforming runtime-livedata-1.5.4.aar (androidx.compose.runtime:runtime-livedata:1.5.4) with IdentityTransform
Transforming runtime-livedata-1.5.4.aar (androidx.compose.runtime:runtime-livedata:1.5.4) with ExtractAarTransform
Transforming runtime-livedata-1.5.4.aar (androidx.compose.runtime:runtime-livedata:1.5.4) with AarTransform
Transforming drawerlayout-1.1.1.aar (androidx.drawerlayout:drawerlayout:1.1.1) with IdentityTransform
Transforming drawerlayout-1.1.1.aar (androidx.drawerlayout:drawerlayout:1.1.1) with ExtractAarTransform
Transforming drawerlayout-1.1.1.aar (androidx.drawerlayout:drawerlayout:1.1.1) with AarTransform
Transforming coordinatorlayout-1.1.0.aar (androidx.coordinatorlayout:coordinatorlayout:1.1.0) with IdentityTransform
Transforming coordinatorlayout-1.1.0.aar (androidx.coordinatorlayout:coordinatorlayout:1.1.0) with ExtractAarTransform
Transforming coordinatorlayout-1.1.0.aar (androidx.coordinatorlayout:coordinatorlayout:1.1.0) with AarTransform
Transforming dynamicanimation-1.0.0.aar (androidx.dynamicanimation:dynamicanimation:1.0.0) with IdentityTransform
Transforming dynamicanimation-1.0.0.aar (androidx.dynamicanimation:dynamicanimation:1.0.0) with ExtractAarTransform
Transforming dynamicanimation-1.0.0.aar (androidx.dynamicanimation:dynamicanimation:1.0.0) with AarTransform
Transforming vectordrawable-animated-1.1.0.aar (androidx.vectordrawable:vectordrawable-animated:1.1.0) with IdentityTransform
Transforming vectordrawable-animated-1.1.0.aar (androidx.vectordrawable:vectordrawable-animated:1.1.0) with ExtractAarTransform
Transforming vectordrawable-animated-1.1.0.aar (androidx.vectordrawable:vectordrawable-animated:1.1.0) with AarTransform
Transforming vectordrawable-1.1.0.aar (androidx.vectordrawable:vectordrawable:1.1.0) with IdentityTransform
Transforming vectordrawable-1.1.0.aar (androidx.vectordrawable:vectordrawable:1.1.0) with ExtractAarTransform
Transforming vectordrawable-1.1.0.aar (androidx.vectordrawable:vectordrawable:1.1.0) with AarTransform
Transforming vectordrawable-1.1.0.aar (androidx.vectordrawable:vectordrawable:1.1.0) with IdentityTransform
Transforming vectordrawable-1.1.0.aar (androidx.vectordrawable:vectordrawable:1.1.0) with ExtractAarTransform
Transforming vectordrawable-1.1.0.aar (androidx.vectordrawable:vectordrawable:1.1.0) with AarTransform
Transforming work-runtime-ktx-2.9.0.aar (androidx.work:work-runtime-ktx:2.9.0) with IdentityTransform
Transforming work-runtime-ktx-2.9.0.aar (androidx.work:work-runtime-ktx:2.9.0) with ExtractAarTransform
Transforming work-runtime-ktx-2.9.0.aar (androidx.work:work-runtime-ktx:2.9.0) with AarTransform
Transforming work-runtime-2.9.0.aar (androidx.work:work-runtime:2.9.0) with IdentityTransform
Transforming work-runtime-2.9.0.aar (androidx.work:work-runtime:2.9.0) with ExtractAarTransform
Transforming work-runtime-2.9.0.aar (androidx.work:work-runtime:2.9.0) with AarTransform
Transforming recyclerview-1.1.0.aar (androidx.recyclerview:recyclerview:1.1.0) with IdentityTransform
Transforming recyclerview-1.1.0.aar (androidx.recyclerview:recyclerview:1.1.0) with ExtractAarTransform
Transforming recyclerview-1.1.0.aar (androidx.recyclerview:recyclerview:1.1.0) with AarTransform
Transforming recyclerview-1.1.0.aar (androidx.recyclerview:recyclerview:1.1.0) with IdentityTransform
Transforming recyclerview-1.1.0.aar (androidx.recyclerview:recyclerview:1.1.0) with ExtractAarTransform
Transforming recyclerview-1.1.0.aar (androidx.recyclerview:recyclerview:1.1.0) with AarTransform
Transforming viewpager-1.0.0.aar (androidx.viewpager:viewpager:1.0.0) with IdentityTransform
Transforming viewpager-1.0.0.aar (androidx.viewpager:viewpager:1.0.0) with ExtractAarTransform
Transforming viewpager-1.0.0.aar (androidx.viewpager:viewpager:1.0.0) with AarTransform
Transforming slidingpanelayout-1.2.0.aar (androidx.slidingpanelayout:slidingpanelayout:1.2.0) with IdentityTransform
Transforming slidingpanelayout-1.2.0.aar (androidx.slidingpanelayout:slidingpanelayout:1.2.0) with ExtractAarTransform
Transforming slidingpanelayout-1.2.0.aar (androidx.slidingpanelayout:slidingpanelayout:1.2.0) with AarTransform
Transforming customview-1.1.0.aar (androidx.customview:customview:1.1.0) with IdentityTransform
Transforming customview-1.1.0.aar (androidx.customview:customview:1.1.0) with ExtractAarTransform
Transforming customview-1.1.0.aar (androidx.customview:customview:1.1.0) with AarTransform
Transforming customview-1.1.0.aar (androidx.customview:customview:1.1.0) with IdentityTransform
Transforming customview-1.1.0.aar (androidx.customview:customview:1.1.0) with ExtractAarTransform
Transforming customview-1.1.0.aar (androidx.customview:customview:1.1.0) with AarTransform
Transforming legacy-support-core-utils-1.0.0.aar (androidx.legacy:legacy-support-core-utils:1.0.0) with IdentityTransform
Transforming legacy-support-core-utils-1.0.0.aar (androidx.legacy:legacy-support-core-utils:1.0.0) with ExtractAarTransform
Transforming legacy-support-core-utils-1.0.0.aar (androidx.legacy:legacy-support-core-utils:1.0.0) with AarTransform
Transforming loader-1.0.0.aar (androidx.loader:loader:1.0.0) with IdentityTransform
Transforming loader-1.0.0.aar (androidx.loader:loader:1.0.0) with ExtractAarTransform
Transforming loader-1.0.0.aar (androidx.loader:loader:1.0.0) with AarTransform
Transforming loader-1.0.0.aar (androidx.loader:loader:1.0.0) with IdentityTransform
Transforming loader-1.0.0.aar (androidx.loader:loader:1.0.0) with ExtractAarTransform
Transforming loader-1.0.0.aar (androidx.loader:loader:1.0.0) with AarTransform
Transforming transition-1.4.1.aar (androidx.transition:transition:1.4.1) with IdentityTransform
Transforming transition-1.4.1.aar (androidx.transition:transition:1.4.1) with ExtractAarTransform
Transforming transition-1.4.1.aar (androidx.transition:transition:1.4.1) with AarTransform
Transforming window-1.0.0.aar (androidx.window:window:1.0.0) with IdentityTransform
Transforming window-1.0.0.aar (androidx.window:window:1.0.0) with ExtractAarTransform
Transforming window-1.0.0.aar (androidx.window:window:1.0.0) with AarTransform
Transforming autofill-1.0.0.aar (androidx.autofill:autofill:1.0.0) with IdentityTransform
Transforming autofill-1.0.0.aar (androidx.autofill:autofill:1.0.0) with ExtractAarTransform
Transforming autofill-1.0.0.aar (androidx.autofill:autofill:1.0.0) with AarTransform
Transforming emoji2-views-helper-1.4.0.aar (androidx.emoji2:emoji2-views-helper:1.4.0) with IdentityTransform
Transforming emoji2-views-helper-1.4.0.aar (androidx.emoji2:emoji2-views-helper:1.4.0) with ExtractAarTransform
Transforming emoji2-views-helper-1.4.0.aar (androidx.emoji2:emoji2-views-helper:1.4.0) with AarTransform
Transforming emoji2-1.4.0.aar (androidx.emoji2:emoji2:1.4.0) with IdentityTransform
Transforming emoji2-1.4.0.aar (androidx.emoji2:emoji2:1.4.0) with ExtractAarTransform
Transforming emoji2-1.4.0.aar (androidx.emoji2:emoji2:1.4.0) with AarTransform
Transforming core-1.12.0.aar (androidx.core:core:1.12.0) with IdentityTransform
Transforming core-1.12.0.aar (androidx.core:core:1.12.0) with ExtractAarTransform
Transforming core-1.12.0.aar (androidx.core:core:1.12.0) with AarTransform
Transforming core-1.12.0.aar (androidx.core:core:1.12.0) with IdentityTransform
Transforming core-1.12.0.aar (androidx.core:core:1.12.0) with ExtractAarTransform
Transforming core-1.12.0.aar (androidx.core:core:1.12.0) with AarTransform
Transforming lifecycle-livedata-core-2.7.0.aar (androidx.lifecycle:lifecycle-livedata-core:2.7.0) with IdentityTransform
Transforming lifecycle-livedata-core-2.7.0.aar (androidx.lifecycle:lifecycle-livedata-core:2.7.0) with ExtractAarTransform
Transforming lifecycle-livedata-core-2.7.0.aar (androidx.lifecycle:lifecycle-livedata-core:2.7.0) with AarTransform
Transforming savedstate-ktx-1.2.1.aar (androidx.savedstate:savedstate-ktx:1.2.1) with IdentityTransform
Transforming savedstate-ktx-1.2.1.aar (androidx.savedstate:savedstate-ktx:1.2.1) with ExtractAarTransform
Transforming savedstate-ktx-1.2.1.aar (androidx.savedstate:savedstate-ktx:1.2.1) with AarTransform
Transforming savedstate-1.2.1.aar (androidx.savedstate:savedstate:1.2.1) with IdentityTransform
Transforming savedstate-1.2.1.aar (androidx.savedstate:savedstate:1.2.1) with ExtractAarTransform
Transforming savedstate-1.2.1.aar (androidx.savedstate:savedstate:1.2.1) with AarTransform
Transforming lifecycle-viewmodel-savedstate-2.7.0.aar (androidx.lifecycle:lifecycle-viewmodel-savedstate:2.7.0) with IdentityTransform
Transforming lifecycle-viewmodel-savedstate-2.7.0.aar (androidx.lifecycle:lifecycle-viewmodel-savedstate:2.7.0) with ExtractAarTransform
Transforming lifecycle-viewmodel-savedstate-2.7.0.aar (androidx.lifecycle:lifecycle-viewmodel-savedstate:2.7.0) with AarTransform
Transforming lifecycle-livedata-core-ktx-2.7.0.aar (androidx.lifecycle:lifecycle-livedata-core-ktx:2.7.0) with IdentityTransform
Transforming lifecycle-livedata-core-ktx-2.7.0.aar (androidx.lifecycle:lifecycle-livedata-core-ktx:2.7.0) with ExtractAarTransform
Transforming lifecycle-livedata-core-ktx-2.7.0.aar (androidx.lifecycle:lifecycle-livedata-core-ktx:2.7.0) with AarTransform
Transforming lifecycle-viewmodel-2.7.0.aar (androidx.lifecycle:lifecycle-viewmodel:2.7.0) with IdentityTransform
Transforming lifecycle-viewmodel-2.7.0.aar (androidx.lifecycle:lifecycle-viewmodel:2.7.0) with ExtractAarTransform
Transforming lifecycle-viewmodel-2.7.0.aar (androidx.lifecycle:lifecycle-viewmodel:2.7.0) with AarTransform
Transforming lifecycle-viewmodel-2.7.0.aar (androidx.lifecycle:lifecycle-viewmodel:2.7.0) with IdentityTransform
Transforming lifecycle-viewmodel-2.7.0.aar (androidx.lifecycle:lifecycle-viewmodel:2.7.0) with ExtractAarTransform
Transforming lifecycle-viewmodel-2.7.0.aar (androidx.lifecycle:lifecycle-viewmodel:2.7.0) with AarTransform
Transforming lifecycle-service-2.7.0.aar (androidx.lifecycle:lifecycle-service:2.7.0) with IdentityTransform
Transforming lifecycle-service-2.7.0.aar (androidx.lifecycle:lifecycle-service:2.7.0) with ExtractAarTransform
Transforming lifecycle-service-2.7.0.aar (androidx.lifecycle:lifecycle-service:2.7.0) with AarTransform
Transforming lifecycle-runtime-ktx-2.7.0.aar (androidx.lifecycle:lifecycle-runtime-ktx:2.7.0) with IdentityTransform
Transforming lifecycle-runtime-ktx-2.7.0.aar (androidx.lifecycle:lifecycle-runtime-ktx:2.7.0) with ExtractAarTransform
Transforming lifecycle-runtime-ktx-2.7.0.aar (androidx.lifecycle:lifecycle-runtime-ktx:2.7.0) with AarTransform
Transforming lifecycle-runtime-2.7.0.aar (androidx.lifecycle:lifecycle-runtime:2.7.0) with IdentityTransform
Transforming lifecycle-runtime-2.7.0.aar (androidx.lifecycle:lifecycle-runtime:2.7.0) with ExtractAarTransform
Transforming lifecycle-runtime-2.7.0.aar (androidx.lifecycle:lifecycle-runtime:2.7.0) with AarTransform
Transforming lifecycle-process-2.7.0.aar (androidx.lifecycle:lifecycle-process:2.7.0) with IdentityTransform
Transforming lifecycle-process-2.7.0.aar (androidx.lifecycle:lifecycle-process:2.7.0) with ExtractAarTransform
Transforming lifecycle-process-2.7.0.aar (androidx.lifecycle:lifecycle-process:2.7.0) with AarTransform
Transforming lifecycle-livedata-2.7.0.aar (androidx.lifecycle:lifecycle-livedata:2.7.0) with IdentityTransform
Transforming lifecycle-livedata-2.7.0.aar (androidx.lifecycle:lifecycle-livedata:2.7.0) with ExtractAarTransform
Transforming lifecycle-livedata-2.7.0.aar (androidx.lifecycle:lifecycle-livedata:2.7.0) with AarTransform
Transforming lifecycle-livedata-2.7.0.aar (androidx.lifecycle:lifecycle-livedata:2.7.0) with IdentityTransform
Transforming lifecycle-livedata-2.7.0.aar (androidx.lifecycle:lifecycle-livedata:2.7.0) with ExtractAarTransform
Transforming lifecycle-livedata-2.7.0.aar (androidx.lifecycle:lifecycle-livedata:2.7.0) with AarTransform
Transforming lifecycle-viewmodel-ktx-2.7.0.aar (androidx.lifecycle:lifecycle-viewmodel-ktx:2.7.0) with IdentityTransform
Transforming lifecycle-viewmodel-ktx-2.7.0.aar (androidx.lifecycle:lifecycle-viewmodel-ktx:2.7.0) with ExtractAarTransform
Transforming lifecycle-viewmodel-ktx-2.7.0.aar (androidx.lifecycle:lifecycle-viewmodel-ktx:2.7.0) with AarTransform
Transforming lifecycle-livedata-ktx-2.7.0.aar (androidx.lifecycle:lifecycle-livedata-ktx:2.7.0) with IdentityTransform
Transforming lifecycle-livedata-ktx-2.7.0.aar (androidx.lifecycle:lifecycle-livedata-ktx:2.7.0) with ExtractAarTransform
Transforming lifecycle-livedata-ktx-2.7.0.aar (androidx.lifecycle:lifecycle-livedata-ktx:2.7.0) with AarTransform
Transforming lifecycle-viewmodel-compose-2.7.0.aar (androidx.lifecycle:lifecycle-viewmodel-compose:2.7.0) with IdentityTransform
Transforming lifecycle-viewmodel-compose-2.7.0.aar (androidx.lifecycle:lifecycle-viewmodel-compose:2.7.0) with ExtractAarTransform
Transforming lifecycle-viewmodel-compose-2.7.0.aar (androidx.lifecycle:lifecycle-viewmodel-compose:2.7.0) with AarTransform
Transforming ui-release.aar (androidx.compose.ui:ui-android:1.5.4) with IdentityTransform
Transforming ui-release.aar (androidx.compose.ui:ui-android:1.5.4) with ExtractAarTransform
Transforming ui-release.aar (androidx.compose.ui:ui-android:1.5.4) with AarTransform
Transforming ui-tooling-preview-release.aar (androidx.compose.ui:ui-tooling-preview-android:1.5.4) with IdentityTransform
Transforming ui-tooling-preview-release.aar (androidx.compose.ui:ui-tooling-preview-android:1.5.4) with ExtractAarTransform
Transforming ui-tooling-preview-release.aar (androidx.compose.ui:ui-tooling-preview-android:1.5.4) with AarTransform
Transforming ui-tooling-release.aar (androidx.compose.ui:ui-tooling-android:1.5.4) with IdentityTransform
Transforming ui-tooling-release.aar (androidx.compose.ui:ui-tooling-android:1.5.4) with ExtractAarTransform
Transforming ui-tooling-release.aar (androidx.compose.ui:ui-tooling-android:1.5.4) with AarTransform
Transforming ui-test-manifest-1.5.4.aar (androidx.compose.ui:ui-test-manifest:1.5.4) with IdentityTransform
Transforming ui-test-manifest-1.5.4.aar (androidx.compose.ui:ui-test-manifest:1.5.4) with ExtractAarTransform
Transforming ui-test-manifest-1.5.4.aar (androidx.compose.ui:ui-test-manifest:1.5.4) with AarTransform
Transforming activity-1.8.2.aar (androidx.activity:activity:1.8.2) with IdentityTransform
Transforming activity-1.8.2.aar (androidx.activity:activity:1.8.2) with ExtractAarTransform
Transforming activity-1.8.2.aar (androidx.activity:activity:1.8.2) with AarTransform
Transforming activity-compose-1.8.2.aar (androidx.activity:activity-compose:1.8.2) with IdentityTransform
Transforming activity-compose-1.8.2.aar (androidx.activity:activity-compose:1.8.2) with ExtractAarTransform
Transforming activity-compose-1.8.2.aar (androidx.activity:activity-compose:1.8.2) with AarTransform
Transforming activity-ktx-1.8.2.aar (androidx.activity:activity-ktx:1.8.2) with IdentityTransform
Transforming activity-ktx-1.8.2.aar (androidx.activity:activity-ktx:1.8.2) with ExtractAarTransform
Transforming activity-ktx-1.8.2.aar (androidx.activity:activity-ktx:1.8.2) with AarTransform
Transforming customview-poolingcontainer-1.0.0.aar (androidx.customview:customview-poolingcontainer:1.0.0) with IdentityTransform
Transforming customview-poolingcontainer-1.0.0.aar (androidx.customview:customview-poolingcontainer:1.0.0) with ExtractAarTransform
Transforming customview-poolingcontainer-1.0.0.aar (androidx.customview:customview-poolingcontainer:1.0.0) with AarTransform
Transforming core-ktx-1.12.0.aar (androidx.core:core-ktx:1.12.0) with IdentityTransform
Transforming core-ktx-1.12.0.aar (androidx.core:core-ktx:1.12.0) with ExtractAarTransform
Transforming core-ktx-1.12.0.aar (androidx.core:core-ktx:1.12.0) with AarTransform
Transforming room-runtime-2.6.1.aar (androidx.room:room-runtime:2.6.1) with IdentityTransform
Transforming room-runtime-2.6.1.aar (androidx.room:room-runtime:2.6.1) with ExtractAarTransform
Transforming room-runtime-2.6.1.aar (androidx.room:room-runtime:2.6.1) with AarTransform
Transforming room-ktx-2.6.1.aar (androidx.room:room-ktx:2.6.1) with IdentityTransform
Transforming room-ktx-2.6.1.aar (androidx.room:room-ktx:2.6.1) with ExtractAarTransform
Transforming room-ktx-2.6.1.aar (androidx.room:room-ktx:2.6.1) with AarTransform
Transforming timber-5.0.1.aar (com.jakewharton.timber:timber:5.0.1) with IdentityTransform
Transforming timber-5.0.1.aar (com.jakewharton.timber:timber:5.0.1) with ExtractAarTransform
Transforming timber-5.0.1.aar (com.jakewharton.timber:timber:5.0.1) with AarTransform
Transforming sqlite-framework-2.4.0.aar (androidx.sqlite:sqlite-framework:2.4.0) with IdentityTransform
Transforming sqlite-framework-2.4.0.aar (androidx.sqlite:sqlite-framework:2.4.0) with ExtractAarTransform
Transforming sqlite-framework-2.4.0.aar (androidx.sqlite:sqlite-framework:2.4.0) with AarTransform
Transforming sqlite-2.4.0.aar (androidx.sqlite:sqlite:2.4.0) with IdentityTransform
Transforming sqlite-2.4.0.aar (androidx.sqlite:sqlite:2.4.0) with ExtractAarTransform
Transforming sqlite-2.4.0.aar (androidx.sqlite:sqlite:2.4.0) with AarTransform
Transforming annotation-experimental-1.3.0.aar (androidx.annotation:annotation-experimental:1.3.0) with IdentityTransform
Transforming annotation-experimental-1.3.0.aar (androidx.annotation:annotation-experimental:1.3.0) with ExtractAarTransform
Transforming annotation-experimental-1.3.0.aar (androidx.annotation:annotation-experimental:1.3.0) with AarTransform
Transforming cursoradapter-1.0.0.aar (androidx.cursoradapter:cursoradapter:1.0.0) with IdentityTransform
Transforming cursoradapter-1.0.0.aar (androidx.cursoradapter:cursoradapter:1.0.0) with ExtractAarTransform
Transforming cursoradapter-1.0.0.aar (androidx.cursoradapter:cursoradapter:1.0.0) with AarTransform
Transforming cardview-1.0.0.aar (androidx.cardview:cardview:1.0.0) with IdentityTransform
Transforming cardview-1.0.0.aar (androidx.cardview:cardview:1.0.0) with ExtractAarTransform
Transforming cardview-1.0.0.aar (androidx.cardview:cardview:1.0.0) with AarTransform
Transforming core-runtime-2.2.0.aar (androidx.arch.core:core-runtime:2.2.0) with IdentityTransform
Transforming core-runtime-2.2.0.aar (androidx.arch.core:core-runtime:2.2.0) with ExtractAarTransform
Transforming core-runtime-2.2.0.aar (androidx.arch.core:core-runtime:2.2.0) with AarTransform
Transforming gifdecoder-4.16.0.aar (com.github.bumptech.glide:gifdecoder:4.16.0) with IdentityTransform
Transforming gifdecoder-4.16.0.aar (com.github.bumptech.glide:gifdecoder:4.16.0) with ExtractAarTransform
Transforming gifdecoder-4.16.0.aar (com.github.bumptech.glide:gifdecoder:4.16.0) with AarTransform
Transforming exifinterface-1.3.6.aar (androidx.exifinterface:exifinterface:1.3.6) with IdentityTransform
Transforming exifinterface-1.3.6.aar (androidx.exifinterface:exifinterface:1.3.6) with ExtractAarTransform
Transforming exifinterface-1.3.6.aar (androidx.exifinterface:exifinterface:1.3.6) with AarTransform
Transforming profileinstaller-1.3.0.aar (androidx.profileinstaller:profileinstaller:1.3.0) with IdentityTransform
Transforming profileinstaller-1.3.0.aar (androidx.profileinstaller:profileinstaller:1.3.0) with ExtractAarTransform
Transforming profileinstaller-1.3.0.aar (androidx.profileinstaller:profileinstaller:1.3.0) with AarTransform
Transforming startup-runtime-1.1.1.aar (androidx.startup:startup-runtime:1.1.1) with IdentityTransform
Transforming startup-runtime-1.1.1.aar (androidx.startup:startup-runtime:1.1.1) with ExtractAarTransform
Transforming startup-runtime-1.1.1.aar (androidx.startup:startup-runtime:1.1.1) with AarTransform
Transforming tracing-1.0.0.aar (androidx.tracing:tracing:1.0.0) with IdentityTransform
Transforming tracing-1.0.0.aar (androidx.tracing:tracing:1.0.0) with ExtractAarTransform
Transforming tracing-1.0.0.aar (androidx.tracing:tracing:1.0.0) with AarTransform
Transforming interpolator-1.0.0.aar (androidx.interpolator:interpolator:1.0.0) with IdentityTransform
Transforming interpolator-1.0.0.aar (androidx.interpolator:interpolator:1.0.0) with ExtractAarTransform
Transforming interpolator-1.0.0.aar (androidx.interpolator:interpolator:1.0.0) with AarTransform
Transforming interpolator-1.0.0.aar (androidx.interpolator:interpolator:1.0.0) with IdentityTransform
Transforming interpolator-1.0.0.aar (androidx.interpolator:interpolator:1.0.0) with ExtractAarTransform
Transforming interpolator-1.0.0.aar (androidx.interpolator:interpolator:1.0.0) with AarTransform
Transforming versionedparcelable-1.1.1.aar (androidx.versionedparcelable:versionedparcelable:1.1.1) with IdentityTransform
Transforming versionedparcelable-1.1.1.aar (androidx.versionedparcelable:versionedparcelable:1.1.1) with ExtractAarTransform
Transforming versionedparcelable-1.1.1.aar (androidx.versionedparcelable:versionedparcelable:1.1.1) with AarTransform
Transforming documentfile-1.0.0.aar (androidx.documentfile:documentfile:1.0.0) with IdentityTransform
Transforming documentfile-1.0.0.aar (androidx.documentfile:documentfile:1.0.0) with ExtractAarTransform
Transforming documentfile-1.0.0.aar (androidx.documentfile:documentfile:1.0.0) with AarTransform
Transforming localbroadcastmanager-1.0.0.aar (androidx.localbroadcastmanager:localbroadcastmanager:1.0.0) with IdentityTransform
Transforming localbroadcastmanager-1.0.0.aar (androidx.localbroadcastmanager:localbroadcastmanager:1.0.0) with ExtractAarTransform
Transforming localbroadcastmanager-1.0.0.aar (androidx.localbroadcastmanager:localbroadcastmanager:1.0.0) with AarTransform
Transforming print-1.0.0.aar (androidx.print:print:1.0.0) with IdentityTransform
Transforming print-1.0.0.aar (androidx.print:print:1.0.0) with ExtractAarTransform
Transforming print-1.0.0.aar (androidx.print:print:1.0.0) with AarTransform
Transforming dagger-lint-aar-2.46.1.aar (com.google.dagger:dagger-lint-aar:2.46.1) with IdentityTransform
Transforming dagger-lint-aar-2.46.1.aar (com.google.dagger:dagger-lint-aar:2.46.1) with ExtractAarTransform
Transforming dagger-lint-aar-2.46.1.aar (com.google.dagger:dagger-lint-aar:2.46.1) with AarTransform
Transforming databinding-adapters-8.1.0.aar (androidx.databinding:databinding-adapters:8.1.0) with IdentityTransform
Transforming databinding-adapters-8.1.0.aar (androidx.databinding:databinding-adapters:8.1.0) with ExtractAarTransform
Transforming databinding-adapters-8.1.0.aar (androidx.databinding:databinding-adapters:8.1.0) with AarTransform
Transforming databinding-ktx-8.1.0.aar (androidx.databinding:databinding-ktx:8.1.0) with IdentityTransform
Transforming databinding-ktx-8.1.0.aar (androidx.databinding:databinding-ktx:8.1.0) with ExtractAarTransform
Transforming databinding-ktx-8.1.0.aar (androidx.databinding:databinding-ktx:8.1.0) with AarTransform
Transforming databinding-runtime-8.1.0.aar (androidx.databinding:databinding-runtime:8.1.0) with IdentityTransform
Transforming databinding-runtime-8.1.0.aar (androidx.databinding:databinding-runtime:8.1.0) with ExtractAarTransform
Transforming databinding-runtime-8.1.0.aar (androidx.databinding:databinding-runtime:8.1.0) with AarTransform
Transforming viewbinding-8.1.0.aar (androidx.databinding:viewbinding:8.1.0) with IdentityTransform
Transforming viewbinding-8.1.0.aar (androidx.databinding:viewbinding:8.1.0) with ExtractAarTransform
Transforming viewbinding-8.1.0.aar (androidx.databinding:viewbinding:8.1.0) with AarTransform
Transforming navigation-common-2.7.6.aar (androidx.navigation:navigation-common:2.7.6) with IdentityTransform
Transforming navigation-common-2.7.6.aar (androidx.navigation:navigation-common:2.7.6) with ExtractAarTransform
Transforming navigation-common-2.7.6.aar (androidx.navigation:navigation-common:2.7.6) with AarTransform
Transforming navigation-common-ktx-2.7.6.aar (androidx.navigation:navigation-common-ktx:2.7.6) with IdentityTransform
Transforming navigation-common-ktx-2.7.6.aar (androidx.navigation:navigation-common-ktx:2.7.6) with ExtractAarTransform
Transforming navigation-common-ktx-2.7.6.aar (androidx.navigation:navigation-common-ktx:2.7.6) with AarTransform
Transforming navigation-runtime-2.7.6.aar (androidx.navigation:navigation-runtime:2.7.6) with IdentityTransform
Transforming navigation-runtime-2.7.6.aar (androidx.navigation:navigation-runtime:2.7.6) with ExtractAarTransform
Transforming navigation-runtime-2.7.6.aar (androidx.navigation:navigation-runtime:2.7.6) with AarTransform
Transforming navigation-runtime-ktx-2.7.6.aar (androidx.navigation:navigation-runtime-ktx:2.7.6) with IdentityTransform
Transforming navigation-runtime-ktx-2.7.6.aar (androidx.navigation:navigation-runtime-ktx:2.7.6) with ExtractAarTransform
Transforming navigation-runtime-ktx-2.7.6.aar (androidx.navigation:navigation-runtime-ktx:2.7.6) with AarTransform
Transforming navigation-fragment-2.7.6.aar (androidx.navigation:navigation-fragment:2.7.6) with IdentityTransform
Transforming navigation-fragment-2.7.6.aar (androidx.navigation:navigation-fragment:2.7.6) with ExtractAarTransform
Transforming navigation-fragment-2.7.6.aar (androidx.navigation:navigation-fragment:2.7.6) with AarTransform
Transforming navigation-fragment-ktx-2.7.6.aar (androidx.navigation:navigation-fragment-ktx:2.7.6) with IdentityTransform
Transforming navigation-fragment-ktx-2.7.6.aar (androidx.navigation:navigation-fragment-ktx:2.7.6) with ExtractAarTransform
Transforming navigation-fragment-ktx-2.7.6.aar (androidx.navigation:navigation-fragment-ktx:2.7.6) with AarTransform
Transforming navigation-ui-ktx-2.7.6.aar (androidx.navigation:navigation-ui-ktx:2.7.6) with IdentityTransform
Transforming navigation-ui-ktx-2.7.6.aar (androidx.navigation:navigation-ui-ktx:2.7.6) with ExtractAarTransform
Transforming navigation-ui-ktx-2.7.6.aar (androidx.navigation:navigation-ui-ktx:2.7.6) with AarTransform
Transforming navigation-ui-2.7.6.aar (androidx.navigation:navigation-ui:2.7.6) with IdentityTransform
Transforming navigation-ui-2.7.6.aar (androidx.navigation:navigation-ui:2.7.6) with ExtractAarTransform
Transforming navigation-ui-2.7.6.aar (androidx.navigation:navigation-ui:2.7.6) with AarTransform
Transforming material-1.11.0.aar (com.google.android.material:material:1.11.0) with IdentityTransform
Transforming material-1.11.0.aar (com.google.android.material:material:1.11.0) with ExtractAarTransform
Transforming material-1.11.0.aar (com.google.android.material:material:1.11.0) with AarTransform
Transforming constraintlayout-2.1.4.aar (androidx.constraintlayout:constraintlayout:2.1.4) with IdentityTransform
Transforming constraintlayout-2.1.4.aar (androidx.constraintlayout:constraintlayout:2.1.4) with ExtractAarTransform
Transforming constraintlayout-2.1.4.aar (androidx.constraintlayout:constraintlayout:2.1.4) with AarTransform
Transforming appcompat-resources-1.6.1.aar (androidx.appcompat:appcompat-resources:1.6.1) with IdentityTransform
Transforming appcompat-resources-1.6.1.aar (androidx.appcompat:appcompat-resources:1.6.1) with ExtractAarTransform
Transforming appcompat-resources-1.6.1.aar (androidx.appcompat:appcompat-resources:1.6.1) with AarTransform
Transforming appcompat-1.6.1.aar (androidx.appcompat:appcompat:1.6.1) with IdentityTransform
Transforming appcompat-1.6.1.aar (androidx.appcompat:appcompat:1.6.1) with ExtractAarTransform
Transforming appcompat-1.6.1.aar (androidx.appcompat:appcompat:1.6.1) with AarTransform
Transforming hilt-work-1.0.0.aar (androidx.hilt:hilt-work:1.0.0) with IdentityTransform
Transforming hilt-work-1.0.0.aar (androidx.hilt:hilt-work:1.0.0) with ExtractAarTransform
Transforming hilt-work-1.0.0.aar (androidx.hilt:hilt-work:1.0.0) with AarTransform
Transforming hilt-android-2.46.1.aar (com.google.dagger:hilt-android:2.46.1) with IdentityTransform
Transforming hilt-android-2.46.1.aar (com.google.dagger:hilt-android:2.46.1) with ExtractAarTransform
Transforming hilt-android-2.46.1.aar (com.google.dagger:hilt-android:2.46.1) with AarTransform
Transforming okhttp3-integration-4.16.0.aar (com.github.bumptech.glide:okhttp3-integration:4.16.0) with IdentityTransform
Transforming okhttp3-integration-4.16.0.aar (com.github.bumptech.glide:okhttp3-integration:4.16.0) with ExtractAarTransform
Transforming okhttp3-integration-4.16.0.aar (com.github.bumptech.glide:okhttp3-integration:4.16.0) with AarTransform
Transforming glide-4.16.0.aar (com.github.bumptech.glide:glide:4.16.0) with IdentityTransform
Transforming glide-4.16.0.aar (com.github.bumptech.glide:glide:4.16.0) with ExtractAarTransform
Transforming glide-4.16.0.aar (com.github.bumptech.glide:glide:4.16.0) with AarTransform
Transforming viewpager2-1.0.0.aar (androidx.viewpager2:viewpager2:1.0.0) with IdentityTransform
Transforming viewpager2-1.0.0.aar (androidx.viewpager2:viewpager2:1.0.0) with ExtractAarTransform
Transforming viewpager2-1.0.0.aar (androidx.viewpager2:viewpager2:1.0.0) with AarTransform
Transforming fragment-1.6.2.aar (androidx.fragment:fragment:1.6.2) with IdentityTransform
Transforming fragment-1.6.2.aar (androidx.fragment:fragment:1.6.2) with ExtractAarTransform
Transforming fragment-1.6.2.aar (androidx.fragment:fragment:1.6.2) with AarTransform
Transforming fragment-1.6.2.aar (androidx.fragment:fragment:1.6.2) with IdentityTransform
Transforming fragment-1.6.2.aar (androidx.fragment:fragment:1.6.2) with ExtractAarTransform
Transforming fragment-1.6.2.aar (androidx.fragment:fragment:1.6.2) with AarTransform
Transforming fragment-ktx-1.6.2.aar (androidx.fragment:fragment-ktx:1.6.2) with IdentityTransform
Transforming fragment-ktx-1.6.2.aar (androidx.fragment:fragment-ktx:1.6.2) with ExtractAarTransform
Transforming fragment-ktx-1.6.2.aar (androidx.fragment:fragment-ktx:1.6.2) with AarTransform
Transforming material3-1.1.2.aar (androidx.compose.material3:material3:1.1.2) with IdentityTransform
Transforming material3-1.1.2.aar (androidx.compose.material3:material3:1.1.2) with ExtractAarTransform
Transforming material3-1.1.2.aar (androidx.compose.material3:material3:1.1.2) with AarTransform
Transforming material-ripple-release.aar (androidx.compose.material:material-ripple-android:1.5.4) with IdentityTransform
Transforming material-ripple-release.aar (androidx.compose.material:material-ripple-android:1.5.4) with ExtractAarTransform
Transforming material-ripple-release.aar (androidx.compose.material:material-ripple-android:1.5.4) with AarTransform
Transforming material-icons-core-release.aar (androidx.compose.material:material-icons-core-android:1.5.4) with IdentityTransform
Transforming material-icons-core-release.aar (androidx.compose.material:material-icons-core-android:1.5.4) with ExtractAarTransform
Transforming material-icons-core-release.aar (androidx.compose.material:material-icons-core-android:1.5.4) with AarTransform
Transforming material-release.aar (androidx.compose.material:material-android:1.5.4) with IdentityTransform
Transforming material-release.aar (androidx.compose.material:material-android:1.5.4) with ExtractAarTransform
Transforming material-release.aar (androidx.compose.material:material-android:1.5.4) with AarTransform
Transforming animation-core-release.aar (androidx.compose.animation:animation-core-android:1.5.4) with IdentityTransform
Transforming animation-core-release.aar (androidx.compose.animation:animation-core-android:1.5.4) with ExtractAarTransform
Transforming animation-core-release.aar (androidx.compose.animation:animation-core-android:1.5.4) with AarTransform
Transforming animation-release.aar (androidx.compose.animation:animation-android:1.5.4) with IdentityTransform
Transforming animation-release.aar (androidx.compose.animation:animation-android:1.5.4) with ExtractAarTransform
Transforming animation-release.aar (androidx.compose.animation:animation-android:1.5.4) with AarTransform
Transforming foundation-layout-release.aar (androidx.compose.foundation:foundation-layout-android:1.5.4) with IdentityTransform
Transforming foundation-layout-release.aar (androidx.compose.foundation:foundation-layout-android:1.5.4) with ExtractAarTransform
Transforming foundation-layout-release.aar (androidx.compose.foundation:foundation-layout-android:1.5.4) with AarTransform
Transforming foundation-release.aar (androidx.compose.foundation:foundation-android:1.5.4) with IdentityTransform
Transforming foundation-release.aar (androidx.compose.foundation:foundation-android:1.5.4) with ExtractAarTransform
Transforming foundation-release.aar (androidx.compose.foundation:foundation-android:1.5.4) with AarTransform
Transforming ui-unit-release.aar (androidx.compose.ui:ui-unit-android:1.5.4) with IdentityTransform
Transforming ui-unit-release.aar (androidx.compose.ui:ui-unit-android:1.5.4) with ExtractAarTransform
Transforming ui-unit-release.aar (androidx.compose.ui:ui-unit-android:1.5.4) with AarTransform
Transforming ui-geometry-release.aar (androidx.compose.ui:ui-geometry-android:1.5.4) with IdentityTransform
Transforming ui-geometry-release.aar (androidx.compose.ui:ui-geometry-android:1.5.4) with ExtractAarTransform
Transforming ui-geometry-release.aar (androidx.compose.ui:ui-geometry-android:1.5.4) with AarTransform
Transforming ui-tooling-data-release.aar (androidx.compose.ui:ui-tooling-data-android:1.5.4) with IdentityTransform
Transforming ui-tooling-data-release.aar (androidx.compose.ui:ui-tooling-data-android:1.5.4) with ExtractAarTransform
Transforming ui-tooling-data-release.aar (androidx.compose.ui:ui-tooling-data-android:1.5.4) with AarTransform
Transforming ui-util-release.aar (androidx.compose.ui:ui-util-android:1.5.4) with IdentityTransform
Transforming ui-util-release.aar (androidx.compose.ui:ui-util-android:1.5.4) with ExtractAarTransform
Transforming ui-util-release.aar (androidx.compose.ui:ui-util-android:1.5.4) with AarTransform
Transforming ui-graphics-release.aar (androidx.compose.ui:ui-graphics-android:1.5.4) with IdentityTransform
Transforming ui-graphics-release.aar (androidx.compose.ui:ui-graphics-android:1.5.4) with ExtractAarTransform
Transforming ui-graphics-release.aar (androidx.compose.ui:ui-graphics-android:1.5.4) with AarTransform
Transforming ui-text-release.aar (androidx.compose.ui:ui-text-android:1.5.4) with IdentityTransform
Transforming ui-text-release.aar (androidx.compose.ui:ui-text-android:1.5.4) with ExtractAarTransform
Transforming ui-text-release.aar (androidx.compose.ui:ui-text-android:1.5.4) with AarTransform
Transforming runtime-saveable-release.aar (androidx.compose.runtime:runtime-saveable-android:1.5.4) with IdentityTransform
Transforming runtime-saveable-release.aar (androidx.compose.runtime:runtime-saveable-android:1.5.4) with ExtractAarTransform
Transforming runtime-saveable-release.aar (androidx.compose.runtime:runtime-saveable-android:1.5.4) with AarTransform
Transforming runtime-release.aar (androidx.compose.runtime:runtime-android:1.5.4) with IdentityTransform
Transforming runtime-release.aar (androidx.compose.runtime:runtime-android:1.5.4) with ExtractAarTransform
Transforming runtime-release.aar (androidx.compose.runtime:runtime-android:1.5.4) with AarTransform
Transforming runtime-livedata-1.5.4.aar (androidx.compose.runtime:runtime-livedata:1.5.4) with IdentityTransform
Transforming runtime-livedata-1.5.4.aar (androidx.compose.runtime:runtime-livedata:1.5.4) with ExtractAarTransform
Transforming runtime-livedata-1.5.4.aar (androidx.compose.runtime:runtime-livedata:1.5.4) with AarTransform
Transforming drawerlayout-1.1.1.aar (androidx.drawerlayout:drawerlayout:1.1.1) with IdentityTransform
Transforming drawerlayout-1.1.1.aar (androidx.drawerlayout:drawerlayout:1.1.1) with ExtractAarTransform
Transforming drawerlayout-1.1.1.aar (androidx.drawerlayout:drawerlayout:1.1.1) with AarTransform
Transforming coordinatorlayout-1.1.0.aar (androidx.coordinatorlayout:coordinatorlayout:1.1.0) with IdentityTransform
Transforming coordinatorlayout-1.1.0.aar (androidx.coordinatorlayout:coordinatorlayout:1.1.0) with ExtractAarTransform
Transforming coordinatorlayout-1.1.0.aar (androidx.coordinatorlayout:coordinatorlayout:1.1.0) with AarTransform
Transforming dynamicanimation-1.0.0.aar (androidx.dynamicanimation:dynamicanimation:1.0.0) with IdentityTransform
Transforming dynamicanimation-1.0.0.aar (androidx.dynamicanimation:dynamicanimation:1.0.0) with ExtractAarTransform
Transforming dynamicanimation-1.0.0.aar (androidx.dynamicanimation:dynamicanimation:1.0.0) with AarTransform
Transforming vectordrawable-animated-1.1.0.aar (androidx.vectordrawable:vectordrawable-animated:1.1.0) with IdentityTransform
Transforming vectordrawable-animated-1.1.0.aar (androidx.vectordrawable:vectordrawable-animated:1.1.0) with ExtractAarTransform
Transforming vectordrawable-animated-1.1.0.aar (androidx.vectordrawable:vectordrawable-animated:1.1.0) with AarTransform
Transforming vectordrawable-1.1.0.aar (androidx.vectordrawable:vectordrawable:1.1.0) with IdentityTransform
Transforming vectordrawable-1.1.0.aar (androidx.vectordrawable:vectordrawable:1.1.0) with ExtractAarTransform
Transforming vectordrawable-1.1.0.aar (androidx.vectordrawable:vectordrawable:1.1.0) with AarTransform
Transforming vectordrawable-1.1.0.aar (androidx.vectordrawable:vectordrawable:1.1.0) with IdentityTransform
Transforming vectordrawable-1.1.0.aar (androidx.vectordrawable:vectordrawable:1.1.0) with ExtractAarTransform
Transforming vectordrawable-1.1.0.aar (androidx.vectordrawable:vectordrawable:1.1.0) with AarTransform
Transforming work-runtime-ktx-2.9.0.aar (androidx.work:work-runtime-ktx:2.9.0) with IdentityTransform
Transforming work-runtime-ktx-2.9.0.aar (androidx.work:work-runtime-ktx:2.9.0) with ExtractAarTransform
Transforming work-runtime-ktx-2.9.0.aar (androidx.work:work-runtime-ktx:2.9.0) with AarTransform
Transforming work-runtime-2.9.0.aar (androidx.work:work-runtime:2.9.0) with IdentityTransform
Transforming work-runtime-2.9.0.aar (androidx.work:work-runtime:2.9.0) with ExtractAarTransform
Transforming work-runtime-2.9.0.aar (androidx.work:work-runtime:2.9.0) with AarTransform
Transforming recyclerview-1.1.0.aar (androidx.recyclerview:recyclerview:1.1.0) with IdentityTransform
Transforming recyclerview-1.1.0.aar (androidx.recyclerview:recyclerview:1.1.0) with ExtractAarTransform
Transforming recyclerview-1.1.0.aar (androidx.recyclerview:recyclerview:1.1.0) with AarTransform
Transforming recyclerview-1.1.0.aar (androidx.recyclerview:recyclerview:1.1.0) with IdentityTransform
Transforming recyclerview-1.1.0.aar (androidx.recyclerview:recyclerview:1.1.0) with ExtractAarTransform
Transforming recyclerview-1.1.0.aar (androidx.recyclerview:recyclerview:1.1.0) with AarTransform
Transforming viewpager-1.0.0.aar (androidx.viewpager:viewpager:1.0.0) with IdentityTransform
Transforming viewpager-1.0.0.aar (androidx.viewpager:viewpager:1.0.0) with ExtractAarTransform
Transforming viewpager-1.0.0.aar (androidx.viewpager:viewpager:1.0.0) with AarTransform
Transforming slidingpanelayout-1.2.0.aar (androidx.slidingpanelayout:slidingpanelayout:1.2.0) with IdentityTransform
Transforming slidingpanelayout-1.2.0.aar (androidx.slidingpanelayout:slidingpanelayout:1.2.0) with ExtractAarTransform
Transforming slidingpanelayout-1.2.0.aar (androidx.slidingpanelayout:slidingpanelayout:1.2.0) with AarTransform
Transforming customview-1.1.0.aar (androidx.customview:customview:1.1.0) with IdentityTransform
Transforming customview-1.1.0.aar (androidx.customview:customview:1.1.0) with ExtractAarTransform
Transforming customview-1.1.0.aar (androidx.customview:customview:1.1.0) with AarTransform
Transforming customview-1.1.0.aar (androidx.customview:customview:1.1.0) with IdentityTransform
Transforming customview-1.1.0.aar (androidx.customview:customview:1.1.0) with ExtractAarTransform
Transforming customview-1.1.0.aar (androidx.customview:customview:1.1.0) with AarTransform
Transforming legacy-support-core-utils-1.0.0.aar (androidx.legacy:legacy-support-core-utils:1.0.0) with IdentityTransform
Transforming legacy-support-core-utils-1.0.0.aar (androidx.legacy:legacy-support-core-utils:1.0.0) with ExtractAarTransform
Transforming legacy-support-core-utils-1.0.0.aar (androidx.legacy:legacy-support-core-utils:1.0.0) with AarTransform
Transforming loader-1.0.0.aar (androidx.loader:loader:1.0.0) with IdentityTransform
Transforming loader-1.0.0.aar (androidx.loader:loader:1.0.0) with ExtractAarTransform
Transforming loader-1.0.0.aar (androidx.loader:loader:1.0.0) with AarTransform
Transforming loader-1.0.0.aar (androidx.loader:loader:1.0.0) with IdentityTransform
Transforming loader-1.0.0.aar (androidx.loader:loader:1.0.0) with ExtractAarTransform
Transforming loader-1.0.0.aar (androidx.loader:loader:1.0.0) with AarTransform
Transforming transition-1.4.1.aar (androidx.transition:transition:1.4.1) with IdentityTransform
Transforming transition-1.4.1.aar (androidx.transition:transition:1.4.1) with ExtractAarTransform
Transforming transition-1.4.1.aar (androidx.transition:transition:1.4.1) with AarTransform
Transforming window-1.0.0.aar (androidx.window:window:1.0.0) with IdentityTransform
Transforming window-1.0.0.aar (androidx.window:window:1.0.0) with ExtractAarTransform
Transforming window-1.0.0.aar (androidx.window:window:1.0.0) with AarTransform
Transforming autofill-1.0.0.aar (androidx.autofill:autofill:1.0.0) with IdentityTransform
Transforming autofill-1.0.0.aar (androidx.autofill:autofill:1.0.0) with ExtractAarTransform
Transforming autofill-1.0.0.aar (androidx.autofill:autofill:1.0.0) with AarTransform
Transforming emoji2-views-helper-1.4.0.aar (androidx.emoji2:emoji2-views-helper:1.4.0) with IdentityTransform
Transforming emoji2-views-helper-1.4.0.aar (androidx.emoji2:emoji2-views-helper:1.4.0) with ExtractAarTransform
Transforming emoji2-views-helper-1.4.0.aar (androidx.emoji2:emoji2-views-helper:1.4.0) with AarTransform
Transforming emoji2-1.4.0.aar (androidx.emoji2:emoji2:1.4.0) with IdentityTransform
Transforming emoji2-1.4.0.aar (androidx.emoji2:emoji2:1.4.0) with ExtractAarTransform
Transforming emoji2-1.4.0.aar (androidx.emoji2:emoji2:1.4.0) with AarTransform
Transforming core-1.12.0.aar (androidx.core:core:1.12.0) with IdentityTransform
Transforming core-1.12.0.aar (androidx.core:core:1.12.0) with ExtractAarTransform
Transforming core-1.12.0.aar (androidx.core:core:1.12.0) with AarTransform
Transforming core-1.12.0.aar (androidx.core:core:1.12.0) with IdentityTransform
Transforming core-1.12.0.aar (androidx.core:core:1.12.0) with ExtractAarTransform
Transforming core-1.12.0.aar (androidx.core:core:1.12.0) with AarTransform
Transforming lifecycle-livedata-core-2.7.0.aar (androidx.lifecycle:lifecycle-livedata-core:2.7.0) with IdentityTransform
Transforming lifecycle-livedata-core-2.7.0.aar (androidx.lifecycle:lifecycle-livedata-core:2.7.0) with ExtractAarTransform
Transforming lifecycle-livedata-core-2.7.0.aar (androidx.lifecycle:lifecycle-livedata-core:2.7.0) with AarTransform
Transforming savedstate-ktx-1.2.1.aar (androidx.savedstate:savedstate-ktx:1.2.1) with IdentityTransform
Transforming savedstate-ktx-1.2.1.aar (androidx.savedstate:savedstate-ktx:1.2.1) with ExtractAarTransform
Transforming savedstate-ktx-1.2.1.aar (androidx.savedstate:savedstate-ktx:1.2.1) with AarTransform
Transforming savedstate-1.2.1.aar (androidx.savedstate:savedstate:1.2.1) with IdentityTransform
Transforming savedstate-1.2.1.aar (androidx.savedstate:savedstate:1.2.1) with ExtractAarTransform
Transforming savedstate-1.2.1.aar (androidx.savedstate:savedstate:1.2.1) with AarTransform
Transforming lifecycle-viewmodel-savedstate-2.7.0.aar (androidx.lifecycle:lifecycle-viewmodel-savedstate:2.7.0) with IdentityTransform
Transforming lifecycle-viewmodel-savedstate-2.7.0.aar (androidx.lifecycle:lifecycle-viewmodel-savedstate:2.7.0) with ExtractAarTransform
Transforming lifecycle-viewmodel-savedstate-2.7.0.aar (androidx.lifecycle:lifecycle-viewmodel-savedstate:2.7.0) with AarTransform
Transforming lifecycle-livedata-core-ktx-2.7.0.aar (androidx.lifecycle:lifecycle-livedata-core-ktx:2.7.0) with IdentityTransform
Transforming lifecycle-livedata-core-ktx-2.7.0.aar (androidx.lifecycle:lifecycle-livedata-core-ktx:2.7.0) with ExtractAarTransform
Transforming lifecycle-livedata-core-ktx-2.7.0.aar (androidx.lifecycle:lifecycle-livedata-core-ktx:2.7.0) with AarTransform
Transforming lifecycle-viewmodel-2.7.0.aar (androidx.lifecycle:lifecycle-viewmodel:2.7.0) with IdentityTransform
Transforming lifecycle-viewmodel-2.7.0.aar (androidx.lifecycle:lifecycle-viewmodel:2.7.0) with ExtractAarTransform
Transforming lifecycle-viewmodel-2.7.0.aar (androidx.lifecycle:lifecycle-viewmodel:2.7.0) with AarTransform
Transforming lifecycle-viewmodel-2.7.0.aar (androidx.lifecycle:lifecycle-viewmodel:2.7.0) with IdentityTransform
Transforming lifecycle-viewmodel-2.7.0.aar (androidx.lifecycle:lifecycle-viewmodel:2.7.0) with ExtractAarTransform
Transforming lifecycle-viewmodel-2.7.0.aar (androidx.lifecycle:lifecycle-viewmodel:2.7.0) with AarTransform
Transforming lifecycle-service-2.7.0.aar (androidx.lifecycle:lifecycle-service:2.7.0) with IdentityTransform
Transforming lifecycle-service-2.7.0.aar (androidx.lifecycle:lifecycle-service:2.7.0) with ExtractAarTransform
Transforming lifecycle-service-2.7.0.aar (androidx.lifecycle:lifecycle-service:2.7.0) with AarTransform
Transforming lifecycle-runtime-ktx-2.7.0.aar (androidx.lifecycle:lifecycle-runtime-ktx:2.7.0) with IdentityTransform
Transforming lifecycle-runtime-ktx-2.7.0.aar (androidx.lifecycle:lifecycle-runtime-ktx:2.7.0) with ExtractAarTransform
Transforming lifecycle-runtime-ktx-2.7.0.aar (androidx.lifecycle:lifecycle-runtime-ktx:2.7.0) with AarTransform
Transforming lifecycle-runtime-2.7.0.aar (androidx.lifecycle:lifecycle-runtime:2.7.0) with IdentityTransform
Transforming lifecycle-runtime-2.7.0.aar (androidx.lifecycle:lifecycle-runtime:2.7.0) with ExtractAarTransform
Transforming lifecycle-runtime-2.7.0.aar (androidx.lifecycle:lifecycle-runtime:2.7.0) with AarTransform
Transforming lifecycle-process-2.7.0.aar (androidx.lifecycle:lifecycle-process:2.7.0) with IdentityTransform
Transforming lifecycle-process-2.7.0.aar (androidx.lifecycle:lifecycle-process:2.7.0) with ExtractAarTransform
Transforming lifecycle-process-2.7.0.aar (androidx.lifecycle:lifecycle-process:2.7.0) with AarTransform
Transforming lifecycle-livedata-2.7.0.aar (androidx.lifecycle:lifecycle-livedata:2.7.0) with IdentityTransform
Transforming lifecycle-livedata-2.7.0.aar (androidx.lifecycle:lifecycle-livedata:2.7.0) with ExtractAarTransform
Transforming lifecycle-livedata-2.7.0.aar (androidx.lifecycle:lifecycle-livedata:2.7.0) with AarTransform
Transforming lifecycle-livedata-2.7.0.aar (androidx.lifecycle:lifecycle-livedata:2.7.0) with IdentityTransform
Transforming lifecycle-livedata-2.7.0.aar (androidx.lifecycle:lifecycle-livedata:2.7.0) with ExtractAarTransform
Transforming lifecycle-livedata-2.7.0.aar (androidx.lifecycle:lifecycle-livedata:2.7.0) with AarTransform
Transforming lifecycle-viewmodel-ktx-2.7.0.aar (androidx.lifecycle:lifecycle-viewmodel-ktx:2.7.0) with IdentityTransform
Transforming lifecycle-viewmodel-ktx-2.7.0.aar (androidx.lifecycle:lifecycle-viewmodel-ktx:2.7.0) with ExtractAarTransform
Transforming lifecycle-viewmodel-ktx-2.7.0.aar (androidx.lifecycle:lifecycle-viewmodel-ktx:2.7.0) with AarTransform
Transforming lifecycle-livedata-ktx-2.7.0.aar (androidx.lifecycle:lifecycle-livedata-ktx:2.7.0) with IdentityTransform
Transforming lifecycle-livedata-ktx-2.7.0.aar (androidx.lifecycle:lifecycle-livedata-ktx:2.7.0) with ExtractAarTransform
Transforming lifecycle-livedata-ktx-2.7.0.aar (androidx.lifecycle:lifecycle-livedata-ktx:2.7.0) with AarTransform
Transforming lifecycle-viewmodel-compose-2.7.0.aar (androidx.lifecycle:lifecycle-viewmodel-compose:2.7.0) with IdentityTransform
Transforming lifecycle-viewmodel-compose-2.7.0.aar (androidx.lifecycle:lifecycle-viewmodel-compose:2.7.0) with ExtractAarTransform
Transforming lifecycle-viewmodel-compose-2.7.0.aar (androidx.lifecycle:lifecycle-viewmodel-compose:2.7.0) with AarTransform
Transforming ui-release.aar (androidx.compose.ui:ui-android:1.5.4) with IdentityTransform
Transforming ui-release.aar (androidx.compose.ui:ui-android:1.5.4) with ExtractAarTransform
Transforming ui-release.aar (androidx.compose.ui:ui-android:1.5.4) with AarTransform
Transforming ui-tooling-preview-release.aar (androidx.compose.ui:ui-tooling-preview-android:1.5.4) with IdentityTransform
Transforming ui-tooling-preview-release.aar (androidx.compose.ui:ui-tooling-preview-android:1.5.4) with ExtractAarTransform
Transforming ui-tooling-preview-release.aar (androidx.compose.ui:ui-tooling-preview-android:1.5.4) with AarTransform
Transforming ui-tooling-release.aar (androidx.compose.ui:ui-tooling-android:1.5.4) with IdentityTransform
Transforming ui-tooling-release.aar (androidx.compose.ui:ui-tooling-android:1.5.4) with ExtractAarTransform
Transforming ui-tooling-release.aar (androidx.compose.ui:ui-tooling-android:1.5.4) with AarTransform
Transforming ui-test-manifest-1.5.4.aar (androidx.compose.ui:ui-test-manifest:1.5.4) with IdentityTransform
Transforming ui-test-manifest-1.5.4.aar (androidx.compose.ui:ui-test-manifest:1.5.4) with ExtractAarTransform
Transforming ui-test-manifest-1.5.4.aar (androidx.compose.ui:ui-test-manifest:1.5.4) with AarTransform
Transforming activity-1.8.2.aar (androidx.activity:activity:1.8.2) with IdentityTransform
Transforming activity-1.8.2.aar (androidx.activity:activity:1.8.2) with ExtractAarTransform
Transforming activity-1.8.2.aar (androidx.activity:activity:1.8.2) with AarTransform
Transforming activity-compose-1.8.2.aar (androidx.activity:activity-compose:1.8.2) with IdentityTransform
Transforming activity-compose-1.8.2.aar (androidx.activity:activity-compose:1.8.2) with ExtractAarTransform
Transforming activity-compose-1.8.2.aar (androidx.activity:activity-compose:1.8.2) with AarTransform
Transforming activity-ktx-1.8.2.aar (androidx.activity:activity-ktx:1.8.2) with IdentityTransform
Transforming activity-ktx-1.8.2.aar (androidx.activity:activity-ktx:1.8.2) with ExtractAarTransform
Transforming activity-ktx-1.8.2.aar (androidx.activity:activity-ktx:1.8.2) with AarTransform
Transforming customview-poolingcontainer-1.0.0.aar (androidx.customview:customview-poolingcontainer:1.0.0) with IdentityTransform
Transforming customview-poolingcontainer-1.0.0.aar (androidx.customview:customview-poolingcontainer:1.0.0) with ExtractAarTransform
Transforming customview-poolingcontainer-1.0.0.aar (androidx.customview:customview-poolingcontainer:1.0.0) with AarTransform
Transforming core-ktx-1.12.0.aar (androidx.core:core-ktx:1.12.0) with IdentityTransform
Transforming core-ktx-1.12.0.aar (androidx.core:core-ktx:1.12.0) with ExtractAarTransform
Transforming core-ktx-1.12.0.aar (androidx.core:core-ktx:1.12.0) with AarTransform
Transforming room-runtime-2.6.1.aar (androidx.room:room-runtime:2.6.1) with IdentityTransform
Transforming room-runtime-2.6.1.aar (androidx.room:room-runtime:2.6.1) with ExtractAarTransform
Transforming room-runtime-2.6.1.aar (androidx.room:room-runtime:2.6.1) with AarTransform
Transforming room-ktx-2.6.1.aar (androidx.room:room-ktx:2.6.1) with IdentityTransform
Transforming room-ktx-2.6.1.aar (androidx.room:room-ktx:2.6.1) with ExtractAarTransform
Transforming room-ktx-2.6.1.aar (androidx.room:room-ktx:2.6.1) with AarTransform
Transforming timber-5.0.1.aar (com.jakewharton.timber:timber:5.0.1) with IdentityTransform
Transforming timber-5.0.1.aar (com.jakewharton.timber:timber:5.0.1) with ExtractAarTransform
Transforming timber-5.0.1.aar (com.jakewharton.timber:timber:5.0.1) with AarTransform
Transforming sqlite-framework-2.4.0.aar (androidx.sqlite:sqlite-framework:2.4.0) with IdentityTransform
Transforming sqlite-framework-2.4.0.aar (androidx.sqlite:sqlite-framework:2.4.0) with ExtractAarTransform
Transforming sqlite-framework-2.4.0.aar (androidx.sqlite:sqlite-framework:2.4.0) with AarTransform
Transforming sqlite-2.4.0.aar (androidx.sqlite:sqlite:2.4.0) with IdentityTransform
Transforming sqlite-2.4.0.aar (androidx.sqlite:sqlite:2.4.0) with ExtractAarTransform
Transforming sqlite-2.4.0.aar (androidx.sqlite:sqlite:2.4.0) with AarTransform
Transforming annotation-experimental-1.3.0.aar (androidx.annotation:annotation-experimental:1.3.0) with IdentityTransform
Transforming annotation-experimental-1.3.0.aar (androidx.annotation:annotation-experimental:1.3.0) with ExtractAarTransform
Transforming annotation-experimental-1.3.0.aar (androidx.annotation:annotation-experimental:1.3.0) with AarTransform
Transforming cursoradapter-1.0.0.aar (androidx.cursoradapter:cursoradapter:1.0.0) with IdentityTransform
Transforming cursoradapter-1.0.0.aar (androidx.cursoradapter:cursoradapter:1.0.0) with ExtractAarTransform
Transforming cursoradapter-1.0.0.aar (androidx.cursoradapter:cursoradapter:1.0.0) with AarTransform
Transforming cardview-1.0.0.aar (androidx.cardview:cardview:1.0.0) with IdentityTransform
Transforming cardview-1.0.0.aar (androidx.cardview:cardview:1.0.0) with ExtractAarTransform
Transforming cardview-1.0.0.aar (androidx.cardview:cardview:1.0.0) with AarTransform
Transforming core-runtime-2.2.0.aar (androidx.arch.core:core-runtime:2.2.0) with IdentityTransform
Transforming core-runtime-2.2.0.aar (androidx.arch.core:core-runtime:2.2.0) with ExtractAarTransform
Transforming core-runtime-2.2.0.aar (androidx.arch.core:core-runtime:2.2.0) with AarTransform
Transforming gifdecoder-4.16.0.aar (com.github.bumptech.glide:gifdecoder:4.16.0) with IdentityTransform
Transforming gifdecoder-4.16.0.aar (com.github.bumptech.glide:gifdecoder:4.16.0) with ExtractAarTransform
Transforming gifdecoder-4.16.0.aar (com.github.bumptech.glide:gifdecoder:4.16.0) with AarTransform
Transforming exifinterface-1.3.6.aar (androidx.exifinterface:exifinterface:1.3.6) with IdentityTransform
Transforming exifinterface-1.3.6.aar (androidx.exifinterface:exifinterface:1.3.6) with ExtractAarTransform
Transforming exifinterface-1.3.6.aar (androidx.exifinterface:exifinterface:1.3.6) with AarTransform
Transforming profileinstaller-1.3.0.aar (androidx.profileinstaller:profileinstaller:1.3.0) with IdentityTransform
Transforming profileinstaller-1.3.0.aar (androidx.profileinstaller:profileinstaller:1.3.0) with ExtractAarTransform
Transforming profileinstaller-1.3.0.aar (androidx.profileinstaller:profileinstaller:1.3.0) with AarTransform
Transforming startup-runtime-1.1.1.aar (androidx.startup:startup-runtime:1.1.1) with IdentityTransform
Transforming startup-runtime-1.1.1.aar (androidx.startup:startup-runtime:1.1.1) with ExtractAarTransform
Transforming startup-runtime-1.1.1.aar (androidx.startup:startup-runtime:1.1.1) with AarTransform
Transforming tracing-1.0.0.aar (androidx.tracing:tracing:1.0.0) with IdentityTransform
Transforming tracing-1.0.0.aar (androidx.tracing:tracing:1.0.0) with ExtractAarTransform
Transforming tracing-1.0.0.aar (androidx.tracing:tracing:1.0.0) with AarTransform
Transforming interpolator-1.0.0.aar (androidx.interpolator:interpolator:1.0.0) with IdentityTransform
Transforming interpolator-1.0.0.aar (androidx.interpolator:interpolator:1.0.0) with ExtractAarTransform
Transforming interpolator-1.0.0.aar (androidx.interpolator:interpolator:1.0.0) with AarTransform
Transforming interpolator-1.0.0.aar (androidx.interpolator:interpolator:1.0.0) with IdentityTransform
Transforming interpolator-1.0.0.aar (androidx.interpolator:interpolator:1.0.0) with ExtractAarTransform
Transforming interpolator-1.0.0.aar (androidx.interpolator:interpolator:1.0.0) with AarTransform
Transforming versionedparcelable-1.1.1.aar (androidx.versionedparcelable:versionedparcelable:1.1.1) with IdentityTransform
Transforming versionedparcelable-1.1.1.aar (androidx.versionedparcelable:versionedparcelable:1.1.1) with ExtractAarTransform
Transforming versionedparcelable-1.1.1.aar (androidx.versionedparcelable:versionedparcelable:1.1.1) with AarTransform
Transforming documentfile-1.0.0.aar (androidx.documentfile:documentfile:1.0.0) with IdentityTransform
Transforming documentfile-1.0.0.aar (androidx.documentfile:documentfile:1.0.0) with ExtractAarTransform
Transforming documentfile-1.0.0.aar (androidx.documentfile:documentfile:1.0.0) with AarTransform
Transforming localbroadcastmanager-1.0.0.aar (androidx.localbroadcastmanager:localbroadcastmanager:1.0.0) with IdentityTransform
Transforming localbroadcastmanager-1.0.0.aar (androidx.localbroadcastmanager:localbroadcastmanager:1.0.0) with ExtractAarTransform
Transforming localbroadcastmanager-1.0.0.aar (androidx.localbroadcastmanager:localbroadcastmanager:1.0.0) with AarTransform
Transforming print-1.0.0.aar (androidx.print:print:1.0.0) with IdentityTransform
Transforming print-1.0.0.aar (androidx.print:print:1.0.0) with ExtractAarTransform
Transforming print-1.0.0.aar (androidx.print:print:1.0.0) with AarTransform
Transforming dagger-lint-aar-2.46.1.aar (com.google.dagger:dagger-lint-aar:2.46.1) with IdentityTransform
Transforming dagger-lint-aar-2.46.1.aar (com.google.dagger:dagger-lint-aar:2.46.1) with ExtractAarTransform
Transforming dagger-lint-aar-2.46.1.aar (com.google.dagger:dagger-lint-aar:2.46.1) with AarTransform
Caching disabled for task ':app:processDebugMainManifest' because:
  Build cache is disabled
Task ':app:processDebugMainManifest' is not up-to-date because:
  Output property 'mergeBlameFile' file C:\Users\leoja\AndroidStudioProjects\PaleobyLeoRecipes\app\build\intermediates\manifest_merge_blame_file\debug\manifest-merger-blame-debug-report.txt has been removed.
  Output property 'mergedManifest' file C:\Users\leoja\AndroidStudioProjects\PaleobyLeoRecipes\app\build\intermediates\merged_manifest\debug\AndroidManifest.xml has been removed.
  Output property 'reportFile' file C:\Users\leoja\AndroidStudioProjects\PaleobyLeoRecipes\app\build\outputs\logs\manifest-merger-debug-report.txt has been removed.
package="com.leo.paleorecipes" found in source AndroidManifest.xml: C:\Users\leoja\AndroidStudioProjects\PaleobyLeoRecipes\app\src\main\AndroidManifest.xml.
Setting the namespace via the package attribute in the source AndroidManifest.xml is no longer supported, and the value is ignored.
Recommendation: remove package="com.leo.paleorecipes" from the source AndroidManifest.xml: C:\Users\leoja\AndroidStudioProjects\PaleobyLeoRecipes\app\src\main\AndroidManifest.xml.
Loading library manifest C:\Users\leoja\.gradle\caches\transforms-3\14064e201b1de40fda9b081377f6e488\transformed\databinding-adapters-8.1.0\AndroidManifest.xml
Loading library manifest C:\Users\leoja\.gradle\caches\transforms-3\cc6ca4f675f959110c93daa8cee02d1b\transformed\databinding-ktx-8.1.0\AndroidManifest.xml
Loading library manifest C:\Users\leoja\.gradle\caches\transforms-3\e470f82a1f0c4178035e20ce08c12ca9\transformed\databinding-runtime-8.1.0\AndroidManifest.xml
Loading library manifest C:\Users\leoja\.gradle\caches\transforms-3\5e0b2380f6d7d68cc9df053b94ac9992\transformed\viewbinding-8.1.0\AndroidManifest.xml
Loading library manifest C:\Users\leoja\.gradle\caches\transforms-3\2714c82a082737ffa9da01780c26150c\transformed\navigation-common-2.7.6\AndroidManifest.xml
Loading library manifest C:\Users\leoja\.gradle\caches\transforms-3\a1d5e3d967f2708e976cef78cf5f76e3\transformed\navigation-common-ktx-2.7.6\AndroidManifest.xml
Loading library manifest C:\Users\leoja\.gradle\caches\transforms-3\236c83e332d5a4423522aee5e46e7dec\transformed\navigation-runtime-2.7.6\AndroidManifest.xml
Loading library manifest C:\Users\leoja\.gradle\caches\transforms-3\8cf60be7da10adcd129c91a3ce3ca29b\transformed\navigation-runtime-ktx-2.7.6\AndroidManifest.xml
Loading library manifest C:\Users\leoja\.gradle\caches\transforms-3\d10f0b356b2af4f00d07bb1656a0481b\transformed\navigation-fragment-2.7.6\AndroidManifest.xml
Loading library manifest C:\Users\leoja\.gradle\caches\transforms-3\5712002f34f19e09a609bf55fcfbd31d\transformed\navigation-fragment-ktx-2.7.6\AndroidManifest.xml
Loading library manifest C:\Users\leoja\.gradle\caches\transforms-3\e3aa5abe28a97ef123fa97800f7f6a29\transformed\navigation-ui-ktx-2.7.6\AndroidManifest.xml
Loading library manifest C:\Users\leoja\.gradle\caches\transforms-3\b296f4a7191d092a465fb651af9ac43b\transformed\navigation-ui-2.7.6\AndroidManifest.xml
Loading library manifest C:\Users\leoja\.gradle\caches\transforms-3\b3a63a9a2b774a8b17f1b32495aae9b3\transformed\material-1.11.0\AndroidManifest.xml
Loading library manifest C:\Users\leoja\.gradle\caches\transforms-3\d7e8fed87d67aba9aa6b8a88dae0e7eb\transformed\constraintlayout-2.1.4\AndroidManifest.xml
Loading library manifest C:\Users\leoja\.gradle\caches\transforms-3\3459a60bb437fc421a277d0fdf0f3916\transformed\appcompat-resources-1.6.1\AndroidManifest.xml
Loading library manifest C:\Users\leoja\.gradle\caches\transforms-3\cbf131f77e13308a0d9bf62592249a9e\transformed\appcompat-1.6.1\AndroidManifest.xml
Loading library manifest C:\Users\leoja\.gradle\caches\transforms-3\504e4670a3037f0daebc63c2f3598d5c\transformed\hilt-work-1.0.0\AndroidManifest.xml
Loading library manifest C:\Users\leoja\.gradle\caches\transforms-3\7c806d19067bb21bc32d2fc921fb2e48\transformed\hilt-android-2.46.1\AndroidManifest.xml
Loading library manifest C:\Users\leoja\.gradle\caches\transforms-3\5ce0cff40e3c2af0dcb58b65ecfe8dd0\transformed\okhttp3-integration-4.16.0\AndroidManifest.xml
Loading library manifest C:\Users\leoja\.gradle\caches\transforms-3\d4bae34c4bfbfbfb2fb8a61530ba7227\transformed\glide-4.16.0\AndroidManifest.xml
Loading library manifest C:\Users\leoja\.gradle\caches\transforms-3\d6a8e293de5d35461ab5d490347f7736\transformed\viewpager2-1.0.0\AndroidManifest.xml
Loading library manifest C:\Users\leoja\.gradle\caches\transforms-3\d0f7169f96f0bdb9ffc229f564133a0f\transformed\fragment-1.6.2\AndroidManifest.xml
Loading library manifest C:\Users\leoja\.gradle\caches\transforms-3\2e5b0b9eab0449692cb84fc57b78244e\transformed\fragment-ktx-1.6.2\AndroidManifest.xml
Loading library manifest C:\Users\leoja\.gradle\caches\transforms-3\419e3e1901e32b15482f3b29062c90b4\transformed\material3-1.1.2\AndroidManifest.xml
Loading library manifest C:\Users\leoja\.gradle\caches\transforms-3\93361739f3567c836c4671fe5206c901\transformed\material-ripple-release\AndroidManifest.xml
Loading library manifest C:\Users\leoja\.gradle\caches\transforms-3\8b07cc7a9040ccdb94156807ca1b0311\transformed\material-icons-core-release\AndroidManifest.xml
Loading library manifest C:\Users\leoja\.gradle\caches\transforms-3\0935b0b18cddf767902ca12c649c9eb6\transformed\material-release\AndroidManifest.xml
Loading library manifest C:\Users\leoja\.gradle\caches\transforms-3\c239755b7c1ca447474875f25a0a4c3c\transformed\animation-core-release\AndroidManifest.xml
Loading library manifest C:\Users\leoja\.gradle\caches\transforms-3\78e6802418a39279b8ae2d9b8bceb1de\transformed\animation-release\AndroidManifest.xml
Loading library manifest C:\Users\leoja\.gradle\caches\transforms-3\78a012b46ce69061eaf40cbc8c173806\transformed\foundation-layout-release\AndroidManifest.xml
Loading library manifest C:\Users\leoja\.gradle\caches\transforms-3\8077e1434be1177b43bba538535eb908\transformed\foundation-release\AndroidManifest.xml
Loading library manifest C:\Users\leoja\.gradle\caches\transforms-3\f10a5347b1d9a15d81d4f9c1bf78c34c\transformed\ui-unit-release\AndroidManifest.xml
Loading library manifest C:\Users\leoja\.gradle\caches\transforms-3\100beba33468d35b16c0b1fc86e1d178\transformed\ui-geometry-release\AndroidManifest.xml
Loading library manifest C:\Users\leoja\.gradle\caches\transforms-3\1e0b6e48685f0ed77c2dc8aa58c8c968\transformed\ui-tooling-data-release\AndroidManifest.xml
Loading library manifest C:\Users\leoja\.gradle\caches\transforms-3\288bbda3d8dbf1f06f77d247821ba199\transformed\ui-util-release\AndroidManifest.xml
Loading library manifest C:\Users\leoja\.gradle\caches\transforms-3\04cd932421d6a27b9b5a43d874924c89\transformed\ui-graphics-release\AndroidManifest.xml
Loading library manifest C:\Users\leoja\.gradle\caches\transforms-3\9fe93ab869f50532ae0623f60abd6036\transformed\ui-text-release\AndroidManifest.xml
Loading library manifest C:\Users\leoja\.gradle\caches\transforms-3\dd1be727feadbd9092e23b75c0a3cfd9\transformed\runtime-saveable-release\AndroidManifest.xml
Loading library manifest C:\Users\leoja\.gradle\caches\transforms-3\8f3e3add6d5b411df13554f3bf7a7e2c\transformed\runtime-release\AndroidManifest.xml
Loading library manifest C:\Users\leoja\.gradle\caches\transforms-3\d6b82455e4b6383a77f14cf2e17f7999\transformed\runtime-livedata-1.5.4\AndroidManifest.xml
Loading library manifest C:\Users\leoja\.gradle\caches\transforms-3\7eb36a90c111ba05d00b7dc6c5a24bee\transformed\drawerlayout-1.1.1\AndroidManifest.xml
Loading library manifest C:\Users\leoja\.gradle\caches\transforms-3\3f004df402b28b88c0e1e6be4b24b216\transformed\coordinatorlayout-1.1.0\AndroidManifest.xml
Loading library manifest C:\Users\leoja\.gradle\caches\transforms-3\b6ab90af8a6554a65ffc71ef22e696bd\transformed\dynamicanimation-1.0.0\AndroidManifest.xml
Loading library manifest C:\Users\leoja\.gradle\caches\transforms-3\43e612189affbe41167bc736dc61ea0d\transformed\vectordrawable-animated-1.1.0\AndroidManifest.xml
Loading library manifest C:\Users\leoja\.gradle\caches\transforms-3\b60d9776a318f803d2f6a0e13b53b7a6\transformed\vectordrawable-1.1.0\AndroidManifest.xml
Loading library manifest C:\Users\leoja\.gradle\caches\transforms-3\74cfe666c5924228ee847b885ee91921\transformed\work-runtime-ktx-2.9.0\AndroidManifest.xml
Loading library manifest C:\Users\leoja\.gradle\caches\transforms-3\706a100263659bc74b0458d975b414a2\transformed\work-runtime-2.9.0\AndroidManifest.xml
Loading library manifest C:\Users\leoja\.gradle\caches\transforms-3\0580b914d69a876aa72a464764e45420\transformed\recyclerview-1.1.0\AndroidManifest.xml
Loading library manifest C:\Users\leoja\.gradle\caches\transforms-3\20d971b17385f950352804dd8a0530bf\transformed\viewpager-1.0.0\AndroidManifest.xml
Loading library manifest C:\Users\leoja\.gradle\caches\transforms-3\68f5aaa3c8a4f6059d56dbc04ef022bd\transformed\slidingpanelayout-1.2.0\AndroidManifest.xml
Loading library manifest C:\Users\leoja\.gradle\caches\transforms-3\fb2ba697ca56d6dbac1550cd27fdcbf4\transformed\customview-1.1.0\AndroidManifest.xml
Loading library manifest C:\Users\leoja\.gradle\caches\transforms-3\bb49a71f1ceeaec0a3dcb124add14214\transformed\legacy-support-core-utils-1.0.0\AndroidManifest.xml
Loading library manifest C:\Users\leoja\.gradle\caches\transforms-3\a3a3c80d634a443849d6b0904dee80c5\transformed\loader-1.0.0\AndroidManifest.xml
Loading library manifest C:\Users\leoja\.gradle\caches\transforms-3\a4cddad19bdc0b96cc867edbdf821bf1\transformed\transition-1.4.1\AndroidManifest.xml
Loading library manifest C:\Users\leoja\.gradle\caches\transforms-3\47776d6760bbd0443caff3d2f36791e9\transformed\window-1.0.0\AndroidManifest.xml
Loading library manifest C:\Users\leoja\.gradle\caches\transforms-3\aea32d68f2110664717df451b2a1584f\transformed\autofill-1.0.0\AndroidManifest.xml
Loading library manifest C:\Users\leoja\.gradle\caches\transforms-3\1624012b3125f91d36156e267ad5d786\transformed\emoji2-views-helper-1.4.0\AndroidManifest.xml
Loading library manifest C:\Users\leoja\.gradle\caches\transforms-3\272ec94fde1d246c280a28c1d7a1ceea\transformed\emoji2-1.4.0\AndroidManifest.xml
Loading library manifest C:\Users\leoja\.gradle\caches\transforms-3\088eb212d646f389c825bd4c5e7fdd1f\transformed\core-1.12.0\AndroidManifest.xml
Loading library manifest C:\Users\leoja\.gradle\caches\transforms-3\9e7c597810c729a9eb628ac3df661e98\transformed\lifecycle-livedata-core-2.7.0\AndroidManifest.xml
Loading library manifest C:\Users\leoja\.gradle\caches\transforms-3\17f0647cfea601c4e7ea4c729e91f882\transformed\savedstate-ktx-1.2.1\AndroidManifest.xml
Loading library manifest C:\Users\leoja\.gradle\caches\transforms-3\25915f7941d3fb28bd51d744d1b4e871\transformed\savedstate-1.2.1\AndroidManifest.xml
Loading library manifest C:\Users\leoja\.gradle\caches\transforms-3\fad89d2e8895aa78ed833a9f1cdf82d3\transformed\lifecycle-viewmodel-savedstate-2.7.0\AndroidManifest.xml
Loading library manifest C:\Users\leoja\.gradle\caches\transforms-3\2d192b39c45c9be12e3e86c25822c88f\transformed\lifecycle-livedata-core-ktx-2.7.0\AndroidManifest.xml
Loading library manifest C:\Users\leoja\.gradle\caches\transforms-3\210b2a5eaabd6ad65a445499a19d4f71\transformed\lifecycle-viewmodel-2.7.0\AndroidManifest.xml
Loading library manifest C:\Users\leoja\.gradle\caches\transforms-3\4914f753452d965e8097e1e73f6182da\transformed\lifecycle-service-2.7.0\AndroidManifest.xml
Loading library manifest C:\Users\leoja\.gradle\caches\transforms-3\cb927df543541c8a216d0eb92f8cc21d\transformed\lifecycle-runtime-ktx-2.7.0\AndroidManifest.xml
Loading library manifest C:\Users\leoja\.gradle\caches\transforms-3\48a73b44c8dc6709438b9e5780f4b74c\transformed\lifecycle-runtime-2.7.0\AndroidManifest.xml
Loading library manifest C:\Users\leoja\.gradle\caches\transforms-3\cd1c1fd4bf9e122c9195ada44580b602\transformed\lifecycle-process-2.7.0\AndroidManifest.xml
Loading library manifest C:\Users\leoja\.gradle\caches\transforms-3\96e7c4ab22517041953379849284f5e5\transformed\lifecycle-livedata-2.7.0\AndroidManifest.xml
Loading library manifest C:\Users\leoja\.gradle\caches\transforms-3\467f039e2704c87efb939d04037abec3\transformed\lifecycle-viewmodel-ktx-2.7.0\AndroidManifest.xml
Loading library manifest C:\Users\leoja\.gradle\caches\transforms-3\070fd23a21a49c3cd4a4f207870371f8\transformed\lifecycle-livedata-ktx-2.7.0\AndroidManifest.xml
Loading library manifest C:\Users\leoja\.gradle\caches\transforms-3\5a5f440cd906c4e3146eae0e72143633\transformed\lifecycle-viewmodel-compose-2.7.0\AndroidManifest.xml
Loading library manifest C:\Users\leoja\.gradle\caches\transforms-3\315ac174f239147d5fc7262c22fe26ab\transformed\ui-release\AndroidManifest.xml
Loading library manifest C:\Users\leoja\.gradle\caches\transforms-3\3dbd9cc583d8f3ad2b6379db92c5feac\transformed\ui-tooling-preview-release\AndroidManifest.xml
Loading library manifest C:\Users\leoja\.gradle\caches\transforms-3\339cec59f7a2c4f1528e40fba520aa5f\transformed\ui-tooling-release\AndroidManifest.xml
Loading library manifest C:\Users\leoja\.gradle\caches\transforms-3\d897fd73dc0a47cd66cdd5ac2467bcc4\transformed\ui-test-manifest-1.5.4\AndroidManifest.xml
Loading library manifest C:\Users\leoja\.gradle\caches\transforms-3\436160d5767548f280ad36cfa07ab224\transformed\activity-1.8.2\AndroidManifest.xml
Loading library manifest C:\Users\leoja\.gradle\caches\transforms-3\901d195ce9e85f1f12ef9ccd55a4bd80\transformed\activity-compose-1.8.2\AndroidManifest.xml
Loading library manifest C:\Users\leoja\.gradle\caches\transforms-3\d7eb4f146a7165dabe8edf10daacf97e\transformed\activity-ktx-1.8.2\AndroidManifest.xml
Loading library manifest C:\Users\leoja\.gradle\caches\transforms-3\2efabd8139cdc9d00f5f071a41f31a1a\transformed\customview-poolingcontainer-1.0.0\AndroidManifest.xml
Loading library manifest C:\Users\leoja\.gradle\caches\transforms-3\5673a2e71ac3fc12d5fd78fe396c1755\transformed\core-ktx-1.12.0\AndroidManifest.xml
Loading library manifest C:\Users\leoja\.gradle\caches\transforms-3\8186126d8c71cdd25c37a60a16a75937\transformed\room-runtime-2.6.1\AndroidManifest.xml
Loading library manifest C:\Users\leoja\.gradle\caches\transforms-3\e95fcc200bf0b45e9f304baf490fbaef\transformed\room-ktx-2.6.1\AndroidManifest.xml
Loading library manifest C:\Users\leoja\.gradle\caches\transforms-3\7e0c9d8a03659f0df04779d02b68a930\transformed\timber-5.0.1\AndroidManifest.xml
Loading library manifest C:\Users\leoja\.gradle\caches\transforms-3\d5353131e86f74baf27c8efbcd863d74\transformed\sqlite-framework-2.4.0\AndroidManifest.xml
Loading library manifest C:\Users\leoja\.gradle\caches\transforms-3\b7d5ce0362de9abaac6fd1119f60b5ac\transformed\sqlite-2.4.0\AndroidManifest.xml
Loading library manifest C:\Users\leoja\.gradle\caches\transforms-3\78cf9a6ba524318a5f1c6d5fc6035ec2\transformed\annotation-experimental-1.3.0\AndroidManifest.xml
Loading library manifest C:\Users\leoja\.gradle\caches\transforms-3\d8e8421553691949d3028ac40e01d759\transformed\cursoradapter-1.0.0\AndroidManifest.xml
Loading library manifest C:\Users\leoja\.gradle\caches\transforms-3\ec1826456eb96ae2401a1557fe84222e\transformed\cardview-1.0.0\AndroidManifest.xml
Loading library manifest C:\Users\leoja\.gradle\caches\transforms-3\1c19c85ee82b8b862a8393752b070335\transformed\core-runtime-2.2.0\AndroidManifest.xml
Loading library manifest C:\Users\leoja\.gradle\caches\transforms-3\0b7ba2b2e61e7ad4878f12873d849fe4\transformed\gifdecoder-4.16.0\AndroidManifest.xml
Loading library manifest C:\Users\leoja\.gradle\caches\transforms-3\55ec07be550d84b7ca0c6b36a1c0281a\transformed\exifinterface-1.3.6\AndroidManifest.xml
Loading library manifest C:\Users\leoja\.gradle\caches\transforms-3\82b9ff31f05292c4c837ee6a01220b3e\transformed\profileinstaller-1.3.0\AndroidManifest.xml
Loading library manifest C:\Users\leoja\.gradle\caches\transforms-3\49d75f2284c2086643173a5813040094\transformed\startup-runtime-1.1.1\AndroidManifest.xml
Loading library manifest C:\Users\leoja\.gradle\caches\transforms-3\b5c3517e648ce9dbc63a8ee357538a5c\transformed\tracing-1.0.0\AndroidManifest.xml
Loading library manifest C:\Users\leoja\.gradle\caches\transforms-3\dce9f319ad73877eb6368e795fb550aa\transformed\interpolator-1.0.0\AndroidManifest.xml
Loading library manifest C:\Users\leoja\.gradle\caches\transforms-3\2fc8e72975edb238ddf6f525e75f99f5\transformed\versionedparcelable-1.1.1\AndroidManifest.xml
Loading library manifest C:\Users\leoja\.gradle\caches\transforms-3\cb20ea70c54887042eb826a65a1a9c8e\transformed\documentfile-1.0.0\AndroidManifest.xml
Loading library manifest C:\Users\leoja\.gradle\caches\transforms-3\35968ac95bd8b03eb8dc8460a247890a\transformed\localbroadcastmanager-1.0.0\AndroidManifest.xml
Loading library manifest C:\Users\leoja\.gradle\caches\transforms-3\10bd21a96d9950d86856966722785910\transformed\print-1.0.0\AndroidManifest.xml
Loading library manifest C:\Users\leoja\.gradle\caches\transforms-3\eb15450c3846bb42514ee0db524fa39c\transformed\dagger-lint-aar-2.46.1\AndroidManifest.xml
Merging main manifest C:\Users\leoja\AndroidStudioProjects\PaleobyLeoRecipes\app\src\main\AndroidManifest.xml

Merging library manifest C:\Users\leoja\.gradle\caches\transforms-3\14064e201b1de40fda9b081377f6e488\transformed\databinding-adapters-8.1.0\AndroidManifest.xml
Merging manifest with lower [androidx.databinding:databinding-adapters:8.1.0] AndroidManifest.xml:2:1-7:12
uses-sdk defined in both files...
Merging uses-sdk with lower [androidx.databinding:databinding-adapters:8.1.0] AndroidManifest.xml:5:5-44
Merging library manifest C:\Users\leoja\.gradle\caches\transforms-3\cc6ca4f675f959110c93daa8cee02d1b\transformed\databinding-ktx-8.1.0\AndroidManifest.xml
Merging manifest with lower [androidx.databinding:databinding-ktx:8.1.0] AndroidManifest.xml:2:1-7:12
uses-sdk defined in both files...
Merging uses-sdk with lower [androidx.databinding:databinding-ktx:8.1.0] AndroidManifest.xml:5:5-44
Merging library manifest C:\Users\leoja\.gradle\caches\transforms-3\e470f82a1f0c4178035e20ce08c12ca9\transformed\databinding-runtime-8.1.0\AndroidManifest.xml
Merging manifest with lower [androidx.databinding:databinding-runtime:8.1.0] AndroidManifest.xml:2:1-7:12
uses-sdk defined in both files...
Merging uses-sdk with lower [androidx.databinding:databinding-runtime:8.1.0] AndroidManifest.xml:5:5-44
Merging library manifest C:\Users\leoja\.gradle\caches\transforms-3\5e0b2380f6d7d68cc9df053b94ac9992\transformed\viewbinding-8.1.0\AndroidManifest.xml
Merging manifest with lower [androidx.databinding:viewbinding:8.1.0] AndroidManifest.xml:2:1-7:12
uses-sdk defined in both files...
Merging uses-sdk with lower [androidx.databinding:viewbinding:8.1.0] AndroidManifest.xml:5:5-44
Merging library manifest C:\Users\leoja\.gradle\caches\transforms-3\2714c82a082737ffa9da01780c26150c\transformed\navigation-common-2.7.6\AndroidManifest.xml
Merging manifest with lower [androidx.navigation:navigation-common:2.7.6] AndroidManifest.xml:17:1-22:12
uses-sdk defined in both files...
Merging uses-sdk with lower [androidx.navigation:navigation-common:2.7.6] AndroidManifest.xml:20:5-44
Merging library manifest C:\Users\leoja\.gradle\caches\transforms-3\a1d5e3d967f2708e976cef78cf5f76e3\transformed\navigation-common-ktx-2.7.6\AndroidManifest.xml
Merging manifest with lower [androidx.navigation:navigation-common-ktx:2.7.6] AndroidManifest.xml:2:1-7:12
uses-sdk defined in both files...
Merging uses-sdk with lower [androidx.navigation:navigation-common-ktx:2.7.6] AndroidManifest.xml:5:5-44
Merging library manifest C:\Users\leoja\.gradle\caches\transforms-3\236c83e332d5a4423522aee5e46e7dec\transformed\navigation-runtime-2.7.6\AndroidManifest.xml
Merging manifest with lower [androidx.navigation:navigation-runtime:2.7.6] AndroidManifest.xml:17:1-22:12
uses-sdk defined in both files...
Merging uses-sdk with lower [androidx.navigation:navigation-runtime:2.7.6] AndroidManifest.xml:20:5-44
Merging library manifest C:\Users\leoja\.gradle\caches\transforms-3\8cf60be7da10adcd129c91a3ce3ca29b\transformed\navigation-runtime-ktx-2.7.6\AndroidManifest.xml
Merging manifest with lower [androidx.navigation:navigation-runtime-ktx:2.7.6] AndroidManifest.xml:2:1-7:12
uses-sdk defined in both files...
Merging uses-sdk with lower [androidx.navigation:navigation-runtime-ktx:2.7.6] AndroidManifest.xml:5:5-44
Merging library manifest C:\Users\leoja\.gradle\caches\transforms-3\d10f0b356b2af4f00d07bb1656a0481b\transformed\navigation-fragment-2.7.6\AndroidManifest.xml
Merging manifest with lower [androidx.navigation:navigation-fragment:2.7.6] AndroidManifest.xml:17:1-22:12
uses-sdk defined in both files...
Merging uses-sdk with lower [androidx.navigation:navigation-fragment:2.7.6] AndroidManifest.xml:20:5-44
Merging library manifest C:\Users\leoja\.gradle\caches\transforms-3\5712002f34f19e09a609bf55fcfbd31d\transformed\navigation-fragment-ktx-2.7.6\AndroidManifest.xml
Merging manifest with lower [androidx.navigation:navigation-fragment-ktx:2.7.6] AndroidManifest.xml:2:1-7:12
uses-sdk defined in both files...
Merging uses-sdk with lower [androidx.navigation:navigation-fragment-ktx:2.7.6] AndroidManifest.xml:5:5-44
Merging library manifest C:\Users\leoja\.gradle\caches\transforms-3\e3aa5abe28a97ef123fa97800f7f6a29\transformed\navigation-ui-ktx-2.7.6\AndroidManifest.xml
Merging manifest with lower [androidx.navigation:navigation-ui-ktx:2.7.6] AndroidManifest.xml:2:1-7:12
uses-sdk defined in both files...
Merging uses-sdk with lower [androidx.navigation:navigation-ui-ktx:2.7.6] AndroidManifest.xml:5:5-44
Merging library manifest C:\Users\leoja\.gradle\caches\transforms-3\b296f4a7191d092a465fb651af9ac43b\transformed\navigation-ui-2.7.6\AndroidManifest.xml
Merging manifest with lower [androidx.navigation:navigation-ui:2.7.6] AndroidManifest.xml:17:1-22:12
uses-sdk defined in both files...
Merging uses-sdk with lower [androidx.navigation:navigation-ui:2.7.6] AndroidManifest.xml:20:5-44
Merging library manifest C:\Users\leoja\.gradle\caches\transforms-3\b3a63a9a2b774a8b17f1b32495aae9b3\transformed\material-1.11.0\AndroidManifest.xml
Merging manifest with lower [com.google.android.material:material:1.11.0] AndroidManifest.xml:17:1-24:12
uses-sdk defined in both files...
Merging uses-sdk with lower [com.google.android.material:material:1.11.0] AndroidManifest.xml:20:5-44
application defined in both files...
Merging application with lower [com.google.android.material:material:1.11.0] AndroidManifest.xml:22:5-20
Merging library manifest C:\Users\leoja\.gradle\caches\transforms-3\d7e8fed87d67aba9aa6b8a88dae0e7eb\transformed\constraintlayout-2.1.4\AndroidManifest.xml
Merging manifest with lower [androidx.constraintlayout:constraintlayout:2.1.4] AndroidManifest.xml:2:1-11:12
uses-sdk defined in both files...
Merging uses-sdk with lower [androidx.constraintlayout:constraintlayout:2.1.4] AndroidManifest.xml:5:5-7:41
application defined in both files...
Merging application with lower [androidx.constraintlayout:constraintlayout:2.1.4] AndroidManifest.xml:9:5-20
Merging library manifest C:\Users\leoja\.gradle\caches\transforms-3\3459a60bb437fc421a277d0fdf0f3916\transformed\appcompat-resources-1.6.1\AndroidManifest.xml
Merging manifest with lower [androidx.appcompat:appcompat-resources:1.6.1] AndroidManifest.xml:17:1-22:12
uses-sdk defined in both files...
Merging uses-sdk with lower [androidx.appcompat:appcompat-resources:1.6.1] AndroidManifest.xml:20:5-44
Merging library manifest C:\Users\leoja\.gradle\caches\transforms-3\cbf131f77e13308a0d9bf62592249a9e\transformed\appcompat-1.6.1\AndroidManifest.xml
Merging manifest with lower [androidx.appcompat:appcompat:1.6.1] AndroidManifest.xml:17:1-22:12
uses-sdk defined in both files...
Merging uses-sdk with lower [androidx.appcompat:appcompat:1.6.1] AndroidManifest.xml:20:5-44
Merging library manifest C:\Users\leoja\.gradle\caches\transforms-3\504e4670a3037f0daebc63c2f3598d5c\transformed\hilt-work-1.0.0\AndroidManifest.xml
Merging manifest with lower [androidx.hilt:hilt-work:1.0.0] AndroidManifest.xml:17:1-24:12
uses-sdk defined in both files...
Merging uses-sdk with lower [androidx.hilt:hilt-work:1.0.0] AndroidManifest.xml:20:5-22:41
Merging library manifest C:\Users\leoja\.gradle\caches\transforms-3\7c806d19067bb21bc32d2fc921fb2e48\transformed\hilt-android-2.46.1\AndroidManifest.xml
Merging manifest with lower [com.google.dagger:hilt-android:2.46.1] AndroidManifest.xml:16:1-19:12
uses-sdk defined in both files...
Merging uses-sdk with lower [com.google.dagger:hilt-android:2.46.1] AndroidManifest.xml:18:3-42
Merging library manifest C:\Users\leoja\.gradle\caches\transforms-3\5ce0cff40e3c2af0dcb58b65ecfe8dd0\transformed\okhttp3-integration-4.16.0\AndroidManifest.xml
Merging manifest with lower [com.github.bumptech.glide:okhttp3-integration:4.16.0] AndroidManifest.xml:2:1-15:12
uses-sdk defined in both files...
Merging uses-sdk with lower [com.github.bumptech.glide:okhttp3-integration:4.16.0] AndroidManifest.xml:5:5-7:41
application defined in both files...
Merging application with lower [com.github.bumptech.glide:okhttp3-integration:4.16.0] AndroidManifest.xml:9:5-13:19
Adopted [meta-data: null]
Merging library manifest C:\Users\leoja\.gradle\caches\transforms-3\d4bae34c4bfbfbfb2fb8a61530ba7227\transformed\glide-4.16.0\AndroidManifest.xml
Merging manifest with lower [com.github.bumptech.glide:glide:4.16.0] AndroidManifest.xml:2:1-9:12
uses-sdk defined in both files...
Merging uses-sdk with lower [com.github.bumptech.glide:glide:4.16.0] AndroidManifest.xml:5:5-7:41
Merging library manifest C:\Users\leoja\.gradle\caches\transforms-3\d6a8e293de5d35461ab5d490347f7736\transformed\viewpager2-1.0.0\AndroidManifest.xml
Merging manifest with lower [androidx.viewpager2:viewpager2:1.0.0] AndroidManifest.xml:17:1-24:12
uses-sdk defined in both files...
Merging uses-sdk with lower [androidx.viewpager2:viewpager2:1.0.0] AndroidManifest.xml:20:5-22:41
Merging library manifest C:\Users\leoja\.gradle\caches\transforms-3\d0f7169f96f0bdb9ffc229f564133a0f\transformed\fragment-1.6.2\AndroidManifest.xml
Merging manifest with lower [androidx.fragment:fragment:1.6.2] AndroidManifest.xml:17:1-22:12
uses-sdk defined in both files...
Merging uses-sdk with lower [androidx.fragment:fragment:1.6.2] AndroidManifest.xml:20:5-44
Merging library manifest C:\Users\leoja\.gradle\caches\transforms-3\2e5b0b9eab0449692cb84fc57b78244e\transformed\fragment-ktx-1.6.2\AndroidManifest.xml
Merging manifest with lower [androidx.fragment:fragment-ktx:1.6.2] AndroidManifest.xml:17:1-22:12
uses-sdk defined in both files...
Merging uses-sdk with lower [androidx.fragment:fragment-ktx:1.6.2] AndroidManifest.xml:20:5-44
Merging library manifest C:\Users\leoja\.gradle\caches\transforms-3\419e3e1901e32b15482f3b29062c90b4\transformed\material3-1.1.2\AndroidManifest.xml
Merging manifest with lower [androidx.compose.material3:material3:1.1.2] AndroidManifest.xml:17:1-22:12
uses-sdk defined in both files...
Merging uses-sdk with lower [androidx.compose.material3:material3:1.1.2] AndroidManifest.xml:20:5-44
Merging library manifest C:\Users\leoja\.gradle\caches\transforms-3\93361739f3567c836c4671fe5206c901\transformed\material-ripple-release\AndroidManifest.xml
Merging manifest with lower [androidx.compose.material:material-ripple-android:1.5.4] AndroidManifest.xml:2:1-7:12
uses-sdk defined in both files...
Merging uses-sdk with lower [androidx.compose.material:material-ripple-android:1.5.4] AndroidManifest.xml:5:5-44
Merging library manifest C:\Users\leoja\.gradle\caches\transforms-3\8b07cc7a9040ccdb94156807ca1b0311\transformed\material-icons-core-release\AndroidManifest.xml
Merging manifest with lower [androidx.compose.material:material-icons-core-android:1.5.4] AndroidManifest.xml:2:1-7:12
uses-sdk defined in both files...
Merging uses-sdk with lower [androidx.compose.material:material-icons-core-android:1.5.4] AndroidManifest.xml:5:5-44
Merging library manifest C:\Users\leoja\.gradle\caches\transforms-3\0935b0b18cddf767902ca12c649c9eb6\transformed\material-release\AndroidManifest.xml
Merging manifest with lower [androidx.compose.material:material-android:1.5.4] AndroidManifest.xml:2:1-7:12
uses-sdk defined in both files...
Merging uses-sdk with lower [androidx.compose.material:material-android:1.5.4] AndroidManifest.xml:5:5-44
Merging library manifest C:\Users\leoja\.gradle\caches\transforms-3\c239755b7c1ca447474875f25a0a4c3c\transformed\animation-core-release\AndroidManifest.xml
Merging manifest with lower [androidx.compose.animation:animation-core-android:1.5.4] AndroidManifest.xml:2:1-7:12
uses-sdk defined in both files...
Merging uses-sdk with lower [androidx.compose.animation:animation-core-android:1.5.4] AndroidManifest.xml:5:5-44
Merging library manifest C:\Users\leoja\.gradle\caches\transforms-3\78e6802418a39279b8ae2d9b8bceb1de\transformed\animation-release\AndroidManifest.xml
Merging manifest with lower [androidx.compose.animation:animation-android:1.5.4] AndroidManifest.xml:2:1-7:12
uses-sdk defined in both files...
Merging uses-sdk with lower [androidx.compose.animation:animation-android:1.5.4] AndroidManifest.xml:5:5-44
Merging library manifest C:\Users\leoja\.gradle\caches\transforms-3\78a012b46ce69061eaf40cbc8c173806\transformed\foundation-layout-release\AndroidManifest.xml
Merging manifest with lower [androidx.compose.foundation:foundation-layout-android:1.5.4] AndroidManifest.xml:2:1-7:12
uses-sdk defined in both files...
Merging uses-sdk with lower [androidx.compose.foundation:foundation-layout-android:1.5.4] AndroidManifest.xml:5:5-44
Merging library manifest C:\Users\leoja\.gradle\caches\transforms-3\8077e1434be1177b43bba538535eb908\transformed\foundation-release\AndroidManifest.xml
Merging manifest with lower [androidx.compose.foundation:foundation-android:1.5.4] AndroidManifest.xml:2:1-7:12
uses-sdk defined in both files...
Merging uses-sdk with lower [androidx.compose.foundation:foundation-android:1.5.4] AndroidManifest.xml:5:5-44
Merging library manifest C:\Users\leoja\.gradle\caches\transforms-3\f10a5347b1d9a15d81d4f9c1bf78c34c\transformed\ui-unit-release\AndroidManifest.xml
Merging manifest with lower [androidx.compose.ui:ui-unit-android:1.5.4] AndroidManifest.xml:2:1-7:12
uses-sdk defined in both files...
Merging uses-sdk with lower [androidx.compose.ui:ui-unit-android:1.5.4] AndroidManifest.xml:5:5-44
Merging library manifest C:\Users\leoja\.gradle\caches\transforms-3\100beba33468d35b16c0b1fc86e1d178\transformed\ui-geometry-release\AndroidManifest.xml
Merging manifest with lower [androidx.compose.ui:ui-geometry-android:1.5.4] AndroidManifest.xml:2:1-7:12
uses-sdk defined in both files...
Merging uses-sdk with lower [androidx.compose.ui:ui-geometry-android:1.5.4] AndroidManifest.xml:5:5-44
Merging library manifest C:\Users\leoja\.gradle\caches\transforms-3\1e0b6e48685f0ed77c2dc8aa58c8c968\transformed\ui-tooling-data-release\AndroidManifest.xml
Merging manifest with lower [androidx.compose.ui:ui-tooling-data-android:1.5.4] AndroidManifest.xml:2:1-7:12
uses-sdk defined in both files...
Merging uses-sdk with lower [androidx.compose.ui:ui-tooling-data-android:1.5.4] AndroidManifest.xml:5:5-44
Merging library manifest C:\Users\leoja\.gradle\caches\transforms-3\288bbda3d8dbf1f06f77d247821ba199\transformed\ui-util-release\AndroidManifest.xml
Merging manifest with lower [androidx.compose.ui:ui-util-android:1.5.4] AndroidManifest.xml:2:1-7:12
uses-sdk defined in both files...
Merging uses-sdk with lower [androidx.compose.ui:ui-util-android:1.5.4] AndroidManifest.xml:5:5-44
Merging library manifest C:\Users\leoja\.gradle\caches\transforms-3\04cd932421d6a27b9b5a43d874924c89\transformed\ui-graphics-release\AndroidManifest.xml
Merging manifest with lower [androidx.compose.ui:ui-graphics-android:1.5.4] AndroidManifest.xml:2:1-7:12
uses-sdk defined in both files...
Merging uses-sdk with lower [androidx.compose.ui:ui-graphics-android:1.5.4] AndroidManifest.xml:5:5-44
Merging library manifest C:\Users\leoja\.gradle\caches\transforms-3\9fe93ab869f50532ae0623f60abd6036\transformed\ui-text-release\AndroidManifest.xml
Merging manifest with lower [androidx.compose.ui:ui-text-android:1.5.4] AndroidManifest.xml:2:1-7:12
uses-sdk defined in both files...
Merging uses-sdk with lower [androidx.compose.ui:ui-text-android:1.5.4] AndroidManifest.xml:5:5-44
Merging library manifest C:\Users\leoja\.gradle\caches\transforms-3\dd1be727feadbd9092e23b75c0a3cfd9\transformed\runtime-saveable-release\AndroidManifest.xml
Merging manifest with lower [androidx.compose.runtime:runtime-saveable-android:1.5.4] AndroidManifest.xml:2:1-7:12
uses-sdk defined in both files...
Merging uses-sdk with lower [androidx.compose.runtime:runtime-saveable-android:1.5.4] AndroidManifest.xml:5:5-44
Merging library manifest C:\Users\leoja\.gradle\caches\transforms-3\8f3e3add6d5b411df13554f3bf7a7e2c\transformed\runtime-release\AndroidManifest.xml
Merging manifest with lower [androidx.compose.runtime:runtime-android:1.5.4] AndroidManifest.xml:2:1-7:12
uses-sdk defined in both files...
Merging uses-sdk with lower [androidx.compose.runtime:runtime-android:1.5.4] AndroidManifest.xml:5:5-44
Merging library manifest C:\Users\leoja\.gradle\caches\transforms-3\d6b82455e4b6383a77f14cf2e17f7999\transformed\runtime-livedata-1.5.4\AndroidManifest.xml
Merging manifest with lower [androidx.compose.runtime:runtime-livedata:1.5.4] AndroidManifest.xml:2:1-7:12
uses-sdk defined in both files...
Merging uses-sdk with lower [androidx.compose.runtime:runtime-livedata:1.5.4] AndroidManifest.xml:5:5-44
Merging library manifest C:\Users\leoja\.gradle\caches\transforms-3\7eb36a90c111ba05d00b7dc6c5a24bee\transformed\drawerlayout-1.1.1\AndroidManifest.xml
Merging manifest with lower [androidx.drawerlayout:drawerlayout:1.1.1] AndroidManifest.xml:17:1-24:12
uses-sdk defined in both files...
Merging uses-sdk with lower [androidx.drawerlayout:drawerlayout:1.1.1] AndroidManifest.xml:20:5-22:41
Merging library manifest C:\Users\leoja\.gradle\caches\transforms-3\3f004df402b28b88c0e1e6be4b24b216\transformed\coordinatorlayout-1.1.0\AndroidManifest.xml
Merging manifest with lower [androidx.coordinatorlayout:coordinatorlayout:1.1.0] AndroidManifest.xml:17:1-24:12
uses-sdk defined in both files...
Merging uses-sdk with lower [androidx.coordinatorlayout:coordinatorlayout:1.1.0] AndroidManifest.xml:20:5-22:41
Merging library manifest C:\Users\leoja\.gradle\caches\transforms-3\b6ab90af8a6554a65ffc71ef22e696bd\transformed\dynamicanimation-1.0.0\AndroidManifest.xml
Merging manifest with lower [androidx.dynamicanimation:dynamicanimation:1.0.0] AndroidManifest.xml:17:1-22:12
uses-sdk defined in both files...
Merging uses-sdk with lower [androidx.dynamicanimation:dynamicanimation:1.0.0] AndroidManifest.xml:20:5-44
Merging library manifest C:\Users\leoja\.gradle\caches\transforms-3\43e612189affbe41167bc736dc61ea0d\transformed\vectordrawable-animated-1.1.0\AndroidManifest.xml
Merging manifest with lower [androidx.vectordrawable:vectordrawable-animated:1.1.0] AndroidManifest.xml:17:1-24:12
uses-sdk defined in both files...
Merging uses-sdk with lower [androidx.vectordrawable:vectordrawable-animated:1.1.0] AndroidManifest.xml:20:5-22:41
Merging library manifest C:\Users\leoja\.gradle\caches\transforms-3\b60d9776a318f803d2f6a0e13b53b7a6\transformed\vectordrawable-1.1.0\AndroidManifest.xml
Merging manifest with lower [androidx.vectordrawable:vectordrawable:1.1.0] AndroidManifest.xml:17:1-24:12
uses-sdk defined in both files...
Merging uses-sdk with lower [androidx.vectordrawable:vectordrawable:1.1.0] AndroidManifest.xml:20:5-22:41
Merging library manifest C:\Users\leoja\.gradle\caches\transforms-3\74cfe666c5924228ee847b885ee91921\transformed\work-runtime-ktx-2.9.0\AndroidManifest.xml
Merging manifest with lower [androidx.work:work-runtime-ktx:2.9.0] AndroidManifest.xml:17:1-22:12
uses-sdk defined in both files...
Merging uses-sdk with lower [androidx.work:work-runtime-ktx:2.9.0] AndroidManifest.xml:20:5-44
Merging library manifest C:\Users\leoja\.gradle\caches\transforms-3\706a100263659bc74b0458d975b414a2\transformed\work-runtime-2.9.0\AndroidManifest.xml
Merging manifest with lower [androidx.work:work-runtime:2.9.0] AndroidManifest.xml:17:1-145:12
uses-sdk defined in both files...
Merging uses-sdk with lower [androidx.work:work-runtime:2.9.0] AndroidManifest.xml:21:5-44
Adopted [uses-permission: null]
uses-permission#android.permission.ACCESS_NETWORK_STATE defined in both files...
Merging uses-permission#android.permission.ACCESS_NETWORK_STATE with lower [androidx.work:work-runtime:2.9.0] AndroidManifest.xml:24:5-79
Adopted [uses-permission: null]
Adopted [uses-permission: null]
application defined in both files...
Merging application with lower [androidx.work:work-runtime:2.9.0] AndroidManifest.xml:28:5-143:19
provider#androidx.startup.InitializationProvider defined in both files...
Merging provider#androidx.startup.InitializationProvider with lower [androidx.work:work-runtime:2.9.0] AndroidManifest.xml:29:9-37:20
meta-data#androidx.work.WorkManagerInitializer defined in both files...
Adopted [service: null]
Adopted [service: null]
Adopted [service: null]
Adopted [receiver: null]
Adopted [receiver: null]
Adopted [receiver: null]
Adopted [receiver: null]
Adopted [receiver: null]
Adopted [receiver: null]
Adopted [receiver: null]
Adopted [receiver: null]
Merging library manifest C:\Users\leoja\.gradle\caches\transforms-3\0580b914d69a876aa72a464764e45420\transformed\recyclerview-1.1.0\AndroidManifest.xml
Merging manifest with lower [androidx.recyclerview:recyclerview:1.1.0] AndroidManifest.xml:17:1-24:12
uses-sdk defined in both files...
Merging uses-sdk with lower [androidx.recyclerview:recyclerview:1.1.0] AndroidManifest.xml:20:5-22:41
Merging library manifest C:\Users\leoja\.gradle\caches\transforms-3\20d971b17385f950352804dd8a0530bf\transformed\viewpager-1.0.0\AndroidManifest.xml
Merging manifest with lower [androidx.viewpager:viewpager:1.0.0] AndroidManifest.xml:17:1-22:12
uses-sdk defined in both files...
Merging uses-sdk with lower [androidx.viewpager:viewpager:1.0.0] AndroidManifest.xml:20:5-44
Merging library manifest C:\Users\leoja\.gradle\caches\transforms-3\68f5aaa3c8a4f6059d56dbc04ef022bd\transformed\slidingpanelayout-1.2.0\AndroidManifest.xml
Merging manifest with lower [androidx.slidingpanelayout:slidingpanelayout:1.2.0] AndroidManifest.xml:17:1-24:12
uses-sdk defined in both files...
Merging uses-sdk with lower [androidx.slidingpanelayout:slidingpanelayout:1.2.0] AndroidManifest.xml:20:5-22:41
Merging library manifest C:\Users\leoja\.gradle\caches\transforms-3\fb2ba697ca56d6dbac1550cd27fdcbf4\transformed\customview-1.1.0\AndroidManifest.xml
Merging manifest with lower [androidx.customview:customview:1.1.0] AndroidManifest.xml:17:1-24:12
uses-sdk defined in both files...
Merging uses-sdk with lower [androidx.customview:customview:1.1.0] AndroidManifest.xml:20:5-22:41
Merging library manifest C:\Users\leoja\.gradle\caches\transforms-3\bb49a71f1ceeaec0a3dcb124add14214\transformed\legacy-support-core-utils-1.0.0\AndroidManifest.xml
Merging manifest with lower [androidx.legacy:legacy-support-core-utils:1.0.0] AndroidManifest.xml:17:1-22:12
uses-sdk defined in both files...
Merging uses-sdk with lower [androidx.legacy:legacy-support-core-utils:1.0.0] AndroidManifest.xml:20:5-44
Merging library manifest C:\Users\leoja\.gradle\caches\transforms-3\a3a3c80d634a443849d6b0904dee80c5\transformed\loader-1.0.0\AndroidManifest.xml
Merging manifest with lower [androidx.loader:loader:1.0.0] AndroidManifest.xml:17:1-22:12
uses-sdk defined in both files...
Merging uses-sdk with lower [androidx.loader:loader:1.0.0] AndroidManifest.xml:20:5-44
Merging library manifest C:\Users\leoja\.gradle\caches\transforms-3\a4cddad19bdc0b96cc867edbdf821bf1\transformed\transition-1.4.1\AndroidManifest.xml
Merging manifest with lower [androidx.transition:transition:1.4.1] AndroidManifest.xml:17:1-24:12
uses-sdk defined in both files...
Merging uses-sdk with lower [androidx.transition:transition:1.4.1] AndroidManifest.xml:20:5-22:41
Merging library manifest C:\Users\leoja\.gradle\caches\transforms-3\47776d6760bbd0443caff3d2f36791e9\transformed\window-1.0.0\AndroidManifest.xml
Merging manifest with lower [androidx.window:window:1.0.0] AndroidManifest.xml:17:1-33:12
uses-sdk defined in both files...
Merging uses-sdk with lower [androidx.window:window:1.0.0] AndroidManifest.xml:20:5-22:41
application defined in both files...
Merging application with lower [androidx.window:window:1.0.0] AndroidManifest.xml:24:5-31:19
Adopted [uses-library: null]
Adopted [uses-library: null]
Merging library manifest C:\Users\leoja\.gradle\caches\transforms-3\aea32d68f2110664717df451b2a1584f\transformed\autofill-1.0.0\AndroidManifest.xml
Merging manifest with lower [androidx.autofill:autofill:1.0.0] AndroidManifest.xml:17:1-24:12
uses-sdk defined in both files...
Merging uses-sdk with lower [androidx.autofill:autofill:1.0.0] AndroidManifest.xml:20:5-22:41
Merging library manifest C:\Users\leoja\.gradle\caches\transforms-3\1624012b3125f91d36156e267ad5d786\transformed\emoji2-views-helper-1.4.0\AndroidManifest.xml
Merging manifest with lower [androidx.emoji2:emoji2-views-helper:1.4.0] AndroidManifest.xml:2:1-7:12
uses-sdk defined in both files...
Merging uses-sdk with lower [androidx.emoji2:emoji2-views-helper:1.4.0] AndroidManifest.xml:5:5-44
Merging library manifest C:\Users\leoja\.gradle\caches\transforms-3\272ec94fde1d246c280a28c1d7a1ceea\transformed\emoji2-1.4.0\AndroidManifest.xml
Merging manifest with lower [androidx.emoji2:emoji2:1.4.0] AndroidManifest.xml:17:1-35:12
uses-sdk defined in both files...
Merging uses-sdk with lower [androidx.emoji2:emoji2:1.4.0] AndroidManifest.xml:21:5-44
application defined in both files...
Merging application with lower [androidx.emoji2:emoji2:1.4.0] AndroidManifest.xml:23:5-33:19
provider#androidx.startup.InitializationProvider defined in both files...
Merging provider#androidx.startup.InitializationProvider with lower [androidx.emoji2:emoji2:1.4.0] AndroidManifest.xml:24:9-32:20
Adopted [meta-data: null]
Merging library manifest C:\Users\leoja\.gradle\caches\transforms-3\088eb212d646f389c825bd4c5e7fdd1f\transformed\core-1.12.0\AndroidManifest.xml
Merging manifest with lower [androidx.core:core:1.12.0] AndroidManifest.xml:17:1-30:12
uses-sdk defined in both files...
Merging uses-sdk with lower [androidx.core:core:1.12.0] AndroidManifest.xml:20:5-44
Adopted [permission: null]
Adopted [uses-permission: null]
application defined in both files...
Merging application with lower [androidx.core:core:1.12.0] AndroidManifest.xml:28:5-89
Merging library manifest C:\Users\leoja\.gradle\caches\transforms-3\9e7c597810c729a9eb628ac3df661e98\transformed\lifecycle-livedata-core-2.7.0\AndroidManifest.xml
Merging manifest with lower [androidx.lifecycle:lifecycle-livedata-core:2.7.0] AndroidManifest.xml:17:1-22:12
uses-sdk defined in both files...
Merging uses-sdk with lower [androidx.lifecycle:lifecycle-livedata-core:2.7.0] AndroidManifest.xml:20:5-44
Merging library manifest C:\Users\leoja\.gradle\caches\transforms-3\17f0647cfea601c4e7ea4c729e91f882\transformed\savedstate-ktx-1.2.1\AndroidManifest.xml
Merging manifest with lower [androidx.savedstate:savedstate-ktx:1.2.1] AndroidManifest.xml:17:1-22:12
uses-sdk defined in both files...
Merging uses-sdk with lower [androidx.savedstate:savedstate-ktx:1.2.1] AndroidManifest.xml:20:5-44
Merging library manifest C:\Users\leoja\.gradle\caches\transforms-3\25915f7941d3fb28bd51d744d1b4e871\transformed\savedstate-1.2.1\AndroidManifest.xml
Merging manifest with lower [androidx.savedstate:savedstate:1.2.1] AndroidManifest.xml:17:1-22:12
uses-sdk defined in both files...
Merging uses-sdk with lower [androidx.savedstate:savedstate:1.2.1] AndroidManifest.xml:20:5-44
Merging library manifest C:\Users\leoja\.gradle\caches\transforms-3\fad89d2e8895aa78ed833a9f1cdf82d3\transformed\lifecycle-viewmodel-savedstate-2.7.0\AndroidManifest.xml
Merging manifest with lower [androidx.lifecycle:lifecycle-viewmodel-savedstate:2.7.0] AndroidManifest.xml:17:1-22:12
uses-sdk defined in both files...
Merging uses-sdk with lower [androidx.lifecycle:lifecycle-viewmodel-savedstate:2.7.0] AndroidManifest.xml:20:5-44
Merging library manifest C:\Users\leoja\.gradle\caches\transforms-3\2d192b39c45c9be12e3e86c25822c88f\transformed\lifecycle-livedata-core-ktx-2.7.0\AndroidManifest.xml
Merging manifest with lower [androidx.lifecycle:lifecycle-livedata-core-ktx:2.7.0] AndroidManifest.xml:2:1-7:12
uses-sdk defined in both files...
Merging uses-sdk with lower [androidx.lifecycle:lifecycle-livedata-core-ktx:2.7.0] AndroidManifest.xml:5:5-44
Merging library manifest C:\Users\leoja\.gradle\caches\transforms-3\210b2a5eaabd6ad65a445499a19d4f71\transformed\lifecycle-viewmodel-2.7.0\AndroidManifest.xml
Merging manifest with lower [androidx.lifecycle:lifecycle-viewmodel:2.7.0] AndroidManifest.xml:17:1-22:12
uses-sdk defined in both files...
Merging uses-sdk with lower [androidx.lifecycle:lifecycle-viewmodel:2.7.0] AndroidManifest.xml:20:5-44
Merging library manifest C:\Users\leoja\.gradle\caches\transforms-3\4914f753452d965e8097e1e73f6182da\transformed\lifecycle-service-2.7.0\AndroidManifest.xml
Merging manifest with lower [androidx.lifecycle:lifecycle-service:2.7.0] AndroidManifest.xml:2:1-7:12
uses-sdk defined in both files...
Merging uses-sdk with lower [androidx.lifecycle:lifecycle-service:2.7.0] AndroidManifest.xml:5:5-44
Merging library manifest C:\Users\leoja\.gradle\caches\transforms-3\cb927df543541c8a216d0eb92f8cc21d\transformed\lifecycle-runtime-ktx-2.7.0\AndroidManifest.xml
Merging manifest with lower [androidx.lifecycle:lifecycle-runtime-ktx:2.7.0] AndroidManifest.xml:17:1-22:12
uses-sdk defined in both files...
Merging uses-sdk with lower [androidx.lifecycle:lifecycle-runtime-ktx:2.7.0] AndroidManifest.xml:20:5-44
Merging library manifest C:\Users\leoja\.gradle\caches\transforms-3\48a73b44c8dc6709438b9e5780f4b74c\transformed\lifecycle-runtime-2.7.0\AndroidManifest.xml
Merging manifest with lower [androidx.lifecycle:lifecycle-runtime:2.7.0] AndroidManifest.xml:2:1-7:12
uses-sdk defined in both files...
Merging uses-sdk with lower [androidx.lifecycle:lifecycle-runtime:2.7.0] AndroidManifest.xml:5:5-44
Merging library manifest C:\Users\leoja\.gradle\caches\transforms-3\cd1c1fd4bf9e122c9195ada44580b602\transformed\lifecycle-process-2.7.0\AndroidManifest.xml
Merging manifest with lower [androidx.lifecycle:lifecycle-process:2.7.0] AndroidManifest.xml:17:1-35:12
uses-sdk defined in both files...
Merging uses-sdk with lower [androidx.lifecycle:lifecycle-process:2.7.0] AndroidManifest.xml:21:5-44
application defined in both files...
Merging application with lower [androidx.lifecycle:lifecycle-process:2.7.0] AndroidManifest.xml:23:5-33:19
provider#androidx.startup.InitializationProvider defined in both files...
Merging provider#androidx.startup.InitializationProvider with lower [androidx.lifecycle:lifecycle-process:2.7.0] AndroidManifest.xml:24:9-32:20
Adopted [meta-data: null]
Merging library manifest C:\Users\leoja\.gradle\caches\transforms-3\96e7c4ab22517041953379849284f5e5\transformed\lifecycle-livedata-2.7.0\AndroidManifest.xml
Merging manifest with lower [androidx.lifecycle:lifecycle-livedata:2.7.0] AndroidManifest.xml:17:1-22:12
uses-sdk defined in both files...
Merging uses-sdk with lower [androidx.lifecycle:lifecycle-livedata:2.7.0] AndroidManifest.xml:20:5-44
Merging library manifest C:\Users\leoja\.gradle\caches\transforms-3\467f039e2704c87efb939d04037abec3\transformed\lifecycle-viewmodel-ktx-2.7.0\AndroidManifest.xml
Merging manifest with lower [androidx.lifecycle:lifecycle-viewmodel-ktx:2.7.0] AndroidManifest.xml:2:1-7:12
uses-sdk defined in both files...
Merging uses-sdk with lower [androidx.lifecycle:lifecycle-viewmodel-ktx:2.7.0] AndroidManifest.xml:5:5-44
Merging library manifest C:\Users\leoja\.gradle\caches\transforms-3\070fd23a21a49c3cd4a4f207870371f8\transformed\lifecycle-livedata-ktx-2.7.0\AndroidManifest.xml
Merging manifest with lower [androidx.lifecycle:lifecycle-livedata-ktx:2.7.0] AndroidManifest.xml:2:1-7:12
uses-sdk defined in both files...
Merging uses-sdk with lower [androidx.lifecycle:lifecycle-livedata-ktx:2.7.0] AndroidManifest.xml:5:5-44
Merging library manifest C:\Users\leoja\.gradle\caches\transforms-3\5a5f440cd906c4e3146eae0e72143633\transformed\lifecycle-viewmodel-compose-2.7.0\AndroidManifest.xml
Merging manifest with lower [androidx.lifecycle:lifecycle-viewmodel-compose:2.7.0] AndroidManifest.xml:2:1-7:12
uses-sdk defined in both files...
Merging uses-sdk with lower [androidx.lifecycle:lifecycle-viewmodel-compose:2.7.0] AndroidManifest.xml:5:5-44
Merging library manifest C:\Users\leoja\.gradle\caches\transforms-3\315ac174f239147d5fc7262c22fe26ab\transformed\ui-release\AndroidManifest.xml
Merging manifest with lower [androidx.compose.ui:ui-android:1.5.4] AndroidManifest.xml:2:1-7:12
uses-sdk defined in both files...
Merging uses-sdk with lower [androidx.compose.ui:ui-android:1.5.4] AndroidManifest.xml:5:5-44
Merging library manifest C:\Users\leoja\.gradle\caches\transforms-3\3dbd9cc583d8f3ad2b6379db92c5feac\transformed\ui-tooling-preview-release\AndroidManifest.xml
Merging manifest with lower [androidx.compose.ui:ui-tooling-preview-android:1.5.4] AndroidManifest.xml:17:1-22:12
uses-sdk defined in both files...
Merging uses-sdk with lower [androidx.compose.ui:ui-tooling-preview-android:1.5.4] AndroidManifest.xml:20:5-44
Merging library manifest C:\Users\leoja\.gradle\caches\transforms-3\339cec59f7a2c4f1528e40fba520aa5f\transformed\ui-tooling-release\AndroidManifest.xml
Merging manifest with lower [androidx.compose.ui:ui-tooling-android:1.5.4] AndroidManifest.xml:17:1-28:12
uses-sdk defined in both files...
Merging uses-sdk with lower [androidx.compose.ui:ui-tooling-android:1.5.4] AndroidManifest.xml:20:5-44
application defined in both files...
Merging application with lower [androidx.compose.ui:ui-tooling-android:1.5.4] AndroidManifest.xml:22:5-26:19
Adopted [activity: null]
Merging library manifest C:\Users\leoja\.gradle\caches\transforms-3\d897fd73dc0a47cd66cdd5ac2467bcc4\transformed\ui-test-manifest-1.5.4\AndroidManifest.xml
Merging manifest with lower [androidx.compose.ui:ui-test-manifest:1.5.4] AndroidManifest.xml:17:1-28:12
uses-sdk defined in both files...
Merging uses-sdk with lower [androidx.compose.ui:ui-test-manifest:1.5.4] AndroidManifest.xml:20:5-44
application defined in both files...
Merging application with lower [androidx.compose.ui:ui-test-manifest:1.5.4] AndroidManifest.xml:22:5-26:19
Adopted [activity: null]
Merging library manifest C:\Users\leoja\.gradle\caches\transforms-3\436160d5767548f280ad36cfa07ab224\transformed\activity-1.8.2\AndroidManifest.xml
Merging manifest with lower [androidx.activity:activity:1.8.2] AndroidManifest.xml:17:1-22:12
uses-sdk defined in both files...
Merging uses-sdk with lower [androidx.activity:activity:1.8.2] AndroidManifest.xml:20:5-44
Merging library manifest C:\Users\leoja\.gradle\caches\transforms-3\901d195ce9e85f1f12ef9ccd55a4bd80\transformed\activity-compose-1.8.2\AndroidManifest.xml
Merging manifest with lower [androidx.activity:activity-compose:1.8.2] AndroidManifest.xml:2:1-7:12
uses-sdk defined in both files...
Merging uses-sdk with lower [androidx.activity:activity-compose:1.8.2] AndroidManifest.xml:5:5-44
Merging library manifest C:\Users\leoja\.gradle\caches\transforms-3\d7eb4f146a7165dabe8edf10daacf97e\transformed\activity-ktx-1.8.2\AndroidManifest.xml
Merging manifest with lower [androidx.activity:activity-ktx:1.8.2] AndroidManifest.xml:2:1-7:12
uses-sdk defined in both files...
Merging uses-sdk with lower [androidx.activity:activity-ktx:1.8.2] AndroidManifest.xml:5:5-44
Merging library manifest C:\Users\leoja\.gradle\caches\transforms-3\2efabd8139cdc9d00f5f071a41f31a1a\transformed\customview-poolingcontainer-1.0.0\AndroidManifest.xml
Merging manifest with lower [androidx.customview:customview-poolingcontainer:1.0.0] AndroidManifest.xml:17:1-23:12
uses-sdk defined in both files...
Merging uses-sdk with lower [androidx.customview:customview-poolingcontainer:1.0.0] AndroidManifest.xml:20:5-21:38
Merging library manifest C:\Users\leoja\.gradle\caches\transforms-3\5673a2e71ac3fc12d5fd78fe396c1755\transformed\core-ktx-1.12.0\AndroidManifest.xml
Merging manifest with lower [androidx.core:core-ktx:1.12.0] AndroidManifest.xml:2:1-7:12
uses-sdk defined in both files...
Merging uses-sdk with lower [androidx.core:core-ktx:1.12.0] AndroidManifest.xml:5:5-44
Merging library manifest C:\Users\leoja\.gradle\caches\transforms-3\8186126d8c71cdd25c37a60a16a75937\transformed\room-runtime-2.6.1\AndroidManifest.xml
Merging manifest with lower [androidx.room:room-runtime:2.6.1] AndroidManifest.xml:17:1-31:12
uses-sdk defined in both files...
Merging uses-sdk with lower [androidx.room:room-runtime:2.6.1] AndroidManifest.xml:21:5-44
application defined in both files...
Merging application with lower [androidx.room:room-runtime:2.6.1] AndroidManifest.xml:23:5-29:19
Adopted [service: null]
Merging library manifest C:\Users\leoja\.gradle\caches\transforms-3\e95fcc200bf0b45e9f304baf490fbaef\transformed\room-ktx-2.6.1\AndroidManifest.xml
Merging manifest with lower [androidx.room:room-ktx:2.6.1] AndroidManifest.xml:17:1-22:12
uses-sdk defined in both files...
Merging uses-sdk with lower [androidx.room:room-ktx:2.6.1] AndroidManifest.xml:20:5-44
Merging library manifest C:\Users\leoja\.gradle\caches\transforms-3\7e0c9d8a03659f0df04779d02b68a930\transformed\timber-5.0.1\AndroidManifest.xml
Merging manifest with lower [com.jakewharton.timber:timber:5.0.1] AndroidManifest.xml:2:1-9:12
uses-sdk defined in both files...
Merging uses-sdk with lower [com.jakewharton.timber:timber:5.0.1] AndroidManifest.xml:5:5-44
application defined in both files...
Merging application with lower [com.jakewharton.timber:timber:5.0.1] AndroidManifest.xml:7:5-20
Merging library manifest C:\Users\leoja\.gradle\caches\transforms-3\d5353131e86f74baf27c8efbcd863d74\transformed\sqlite-framework-2.4.0\AndroidManifest.xml
Merging manifest with lower [androidx.sqlite:sqlite-framework:2.4.0] AndroidManifest.xml:17:1-22:12
uses-sdk defined in both files...
Merging uses-sdk with lower [androidx.sqlite:sqlite-framework:2.4.0] AndroidManifest.xml:20:5-44
Merging library manifest C:\Users\leoja\.gradle\caches\transforms-3\b7d5ce0362de9abaac6fd1119f60b5ac\transformed\sqlite-2.4.0\AndroidManifest.xml
Merging manifest with lower [androidx.sqlite:sqlite:2.4.0] AndroidManifest.xml:17:1-22:12
uses-sdk defined in both files...
Merging uses-sdk with lower [androidx.sqlite:sqlite:2.4.0] AndroidManifest.xml:20:5-44
Merging library manifest C:\Users\leoja\.gradle\caches\transforms-3\78cf9a6ba524318a5f1c6d5fc6035ec2\transformed\annotation-experimental-1.3.0\AndroidManifest.xml
Merging manifest with lower [androidx.annotation:annotation-experimental:1.3.0] AndroidManifest.xml:17:1-22:12
uses-sdk defined in both files...
Merging uses-sdk with lower [androidx.annotation:annotation-experimental:1.3.0] AndroidManifest.xml:20:5-44
Merging library manifest C:\Users\leoja\.gradle\caches\transforms-3\d8e8421553691949d3028ac40e01d759\transformed\cursoradapter-1.0.0\AndroidManifest.xml
Merging manifest with lower [androidx.cursoradapter:cursoradapter:1.0.0] AndroidManifest.xml:17:1-22:12
uses-sdk defined in both files...
Merging uses-sdk with lower [androidx.cursoradapter:cursoradapter:1.0.0] AndroidManifest.xml:20:5-44
Merging library manifest C:\Users\leoja\.gradle\caches\transforms-3\ec1826456eb96ae2401a1557fe84222e\transformed\cardview-1.0.0\AndroidManifest.xml
Merging manifest with lower [androidx.cardview:cardview:1.0.0] AndroidManifest.xml:17:1-22:12
uses-sdk defined in both files...
Merging uses-sdk with lower [androidx.cardview:cardview:1.0.0] AndroidManifest.xml:20:5-44
Merging library manifest C:\Users\leoja\.gradle\caches\transforms-3\1c19c85ee82b8b862a8393752b070335\transformed\core-runtime-2.2.0\AndroidManifest.xml
Merging manifest with lower [androidx.arch.core:core-runtime:2.2.0] AndroidManifest.xml:17:1-22:12
uses-sdk defined in both files...
Merging uses-sdk with lower [androidx.arch.core:core-runtime:2.2.0] AndroidManifest.xml:20:5-44
Merging library manifest C:\Users\leoja\.gradle\caches\transforms-3\0b7ba2b2e61e7ad4878f12873d849fe4\transformed\gifdecoder-4.16.0\AndroidManifest.xml
Merging manifest with lower [com.github.bumptech.glide:gifdecoder:4.16.0] AndroidManifest.xml:2:1-9:12
uses-sdk defined in both files...
Merging uses-sdk with lower [com.github.bumptech.glide:gifdecoder:4.16.0] AndroidManifest.xml:5:5-7:41
Merging library manifest C:\Users\leoja\.gradle\caches\transforms-3\55ec07be550d84b7ca0c6b36a1c0281a\transformed\exifinterface-1.3.6\AndroidManifest.xml
Merging manifest with lower [androidx.exifinterface:exifinterface:1.3.6] AndroidManifest.xml:17:1-24:12
uses-sdk defined in both files...
Merging uses-sdk with lower [androidx.exifinterface:exifinterface:1.3.6] AndroidManifest.xml:20:5-22:41
Merging library manifest C:\Users\leoja\.gradle\caches\transforms-3\82b9ff31f05292c4c837ee6a01220b3e\transformed\profileinstaller-1.3.0\AndroidManifest.xml
Merging manifest with lower [androidx.profileinstaller:profileinstaller:1.3.0] AndroidManifest.xml:17:1-55:12
uses-sdk defined in both files...
Merging uses-sdk with lower [androidx.profileinstaller:profileinstaller:1.3.0] AndroidManifest.xml:21:5-44
application defined in both files...
Merging application with lower [androidx.profileinstaller:profileinstaller:1.3.0] AndroidManifest.xml:23:5-53:19
provider#androidx.startup.InitializationProvider defined in both files...
Merging provider#androidx.startup.InitializationProvider with lower [androidx.profileinstaller:profileinstaller:1.3.0] AndroidManifest.xml:24:9-32:20
Adopted [meta-data: null]
Adopted [receiver: null]
Merging library manifest C:\Users\leoja\.gradle\caches\transforms-3\49d75f2284c2086643173a5813040094\transformed\startup-runtime-1.1.1\AndroidManifest.xml
Merging manifest with lower [androidx.startup:startup-runtime:1.1.1] AndroidManifest.xml:17:1-33:12
uses-sdk defined in both files...
Merging uses-sdk with lower [androidx.startup:startup-runtime:1.1.1] AndroidManifest.xml:21:5-23:41
application defined in both files...
Merging application with lower [androidx.startup:startup-runtime:1.1.1] AndroidManifest.xml:25:5-31:19
provider#androidx.startup.InitializationProvider defined in both files...
Merging provider#androidx.startup.InitializationProvider with lower [androidx.startup:startup-runtime:1.1.1] AndroidManifest.xml:26:9-30:34
Merging library manifest C:\Users\leoja\.gradle\caches\transforms-3\b5c3517e648ce9dbc63a8ee357538a5c\transformed\tracing-1.0.0\AndroidManifest.xml
Merging manifest with lower [androidx.tracing:tracing:1.0.0] AndroidManifest.xml:17:1-24:12
uses-sdk defined in both files...
Merging uses-sdk with lower [androidx.tracing:tracing:1.0.0] AndroidManifest.xml:20:5-22:41
Merging library manifest C:\Users\leoja\.gradle\caches\transforms-3\dce9f319ad73877eb6368e795fb550aa\transformed\interpolator-1.0.0\AndroidManifest.xml
Merging manifest with lower [androidx.interpolator:interpolator:1.0.0] AndroidManifest.xml:17:1-22:12
uses-sdk defined in both files...
Merging uses-sdk with lower [androidx.interpolator:interpolator:1.0.0] AndroidManifest.xml:20:5-44
Merging library manifest C:\Users\leoja\.gradle\caches\transforms-3\2fc8e72975edb238ddf6f525e75f99f5\transformed\versionedparcelable-1.1.1\AndroidManifest.xml
Merging manifest with lower [androidx.versionedparcelable:versionedparcelable:1.1.1] AndroidManifest.xml:17:1-27:12
uses-sdk defined in both files...
Merging uses-sdk with lower [androidx.versionedparcelable:versionedparcelable:1.1.1] AndroidManifest.xml:20:5-22:41
application defined in both files...
Merging application with lower [androidx.versionedparcelable:versionedparcelable:1.1.1] AndroidManifest.xml:24:5-25:19
Merging library manifest C:\Users\leoja\.gradle\caches\transforms-3\cb20ea70c54887042eb826a65a1a9c8e\transformed\documentfile-1.0.0\AndroidManifest.xml
Merging manifest with lower [androidx.documentfile:documentfile:1.0.0] AndroidManifest.xml:17:1-22:12
uses-sdk defined in both files...
Merging uses-sdk with lower [androidx.documentfile:documentfile:1.0.0] AndroidManifest.xml:20:5-44
Merging library manifest C:\Users\leoja\.gradle\caches\transforms-3\35968ac95bd8b03eb8dc8460a247890a\transformed\localbroadcastmanager-1.0.0\AndroidManifest.xml
Merging manifest with lower [androidx.localbroadcastmanager:localbroadcastmanager:1.0.0] AndroidManifest.xml:17:1-22:12
uses-sdk defined in both files...
Merging uses-sdk with lower [androidx.localbroadcastmanager:localbroadcastmanager:1.0.0] AndroidManifest.xml:20:5-44
Merging library manifest C:\Users\leoja\.gradle\caches\transforms-3\10bd21a96d9950d86856966722785910\transformed\print-1.0.0\AndroidManifest.xml
Merging manifest with lower [androidx.print:print:1.0.0] AndroidManifest.xml:17:1-22:12
uses-sdk defined in both files...
Merging uses-sdk with lower [androidx.print:print:1.0.0] AndroidManifest.xml:20:5-44
Merging library manifest C:\Users\leoja\.gradle\caches\transforms-3\eb15450c3846bb42514ee0db524fa39c\transformed\dagger-lint-aar-2.46.1\AndroidManifest.xml
Merging manifest with lower [com.google.dagger:dagger-lint-aar:2.46.1] AndroidManifest.xml:16:1-19:12
uses-sdk defined in both files...
Merging uses-sdk with lower [com.google.dagger:dagger-lint-aar:2.46.1] AndroidManifest.xml:18:3-42
Merging result: SUCCESS
1<?xml version="1.0" encoding="utf-8"?>
2<manifest xmlns:android="http://schemas.android.com/apk/res/android"
3    package="com.leo.paleorecipes"
4    android:versionCode="1"
5    android:versionName="1.0" >
6
7    <uses-sdk
8        android:minSdkVersion="24"
9        android:targetSdkVersion="34" />
10
11    <!-- Permissions for all Android versions -->
12    <uses-permission
12-->C:\Users\leoja\AndroidStudioProjects\PaleobyLeoRecipes\app\src\main\AndroidManifest.xml:8:5-10:40
13        android:name="android.permission.READ_EXTERNAL_STORAGE"
13-->C:\Users\leoja\AndroidStudioProjects\PaleobyLeoRecipes\app\src\main\AndroidManifest.xml:8:22-77
14        android:maxSdkVersion="32" />
14-->C:\Users\leoja\AndroidStudioProjects\PaleobyLeoRecipes\app\src\main\AndroidManifest.xml:9:9-35
15    <uses-permission
15-->C:\Users\leoja\AndroidStudioProjects\PaleobyLeoRecipes\app\src\main\AndroidManifest.xml:11:5-13:40
16        android:name="android.permission.WRITE_EXTERNAL_STORAGE"
16-->C:\Users\leoja\AndroidStudioProjects\PaleobyLeoRecipes\app\src\main\AndroidManifest.xml:11:22-78
17        android:maxSdkVersion="28" />
17-->C:\Users\leoja\AndroidStudioProjects\PaleobyLeoRecipes\app\src\main\AndroidManifest.xml:12:9-35
18
19    <!-- For Android 13+ -->
20    <uses-permission android:name="android.permission.READ_MEDIA_IMAGES" />
20-->C:\Users\leoja\AndroidStudioProjects\PaleobyLeoRecipes\app\src\main\AndroidManifest.xml:16:5-76
20-->C:\Users\leoja\AndroidStudioProjects\PaleobyLeoRecipes\app\src\main\AndroidManifest.xml:16:22-73
21    <uses-permission android:name="android.permission.READ_MEDIA_VIDEO" />
21-->C:\Users\leoja\AndroidStudioProjects\PaleobyLeoRecipes\app\src\main\AndroidManifest.xml:17:5-75
21-->C:\Users\leoja\AndroidStudioProjects\PaleobyLeoRecipes\app\src\main\AndroidManifest.xml:17:22-72
22
23    <!-- Internet and network permissions -->
24    <uses-permission android:name="android.permission.INTERNET" />
24-->C:\Users\leoja\AndroidStudioProjects\PaleobyLeoRecipes\app\src\main\AndroidManifest.xml:20:5-67
24-->C:\Users\leoja\AndroidStudioProjects\PaleobyLeoRecipes\app\src\main\AndroidManifest.xml:20:22-64
25    <uses-permission android:name="android.permission.ACCESS_NETWORK_STATE" />
25-->C:\Users\leoja\AndroidStudioProjects\PaleobyLeoRecipes\app\src\main\AndroidManifest.xml:21:5-79
25-->C:\Users\leoja\AndroidStudioProjects\PaleobyLeoRecipes\app\src\main\AndroidManifest.xml:21:22-76
26    <uses-permission android:name="android.permission.ACCESS_WIFI_STATE" />
26-->C:\Users\leoja\AndroidStudioProjects\PaleobyLeoRecipes\app\src\main\AndroidManifest.xml:22:5-76
26-->C:\Users\leoja\AndroidStudioProjects\PaleobyLeoRecipes\app\src\main\AndroidManifest.xml:22:22-73
27    <uses-permission android:name="android.permission.WAKE_LOCK" />
27-->[androidx.work:work-runtime:2.9.0] C:\Users\leoja\.gradle\caches\transforms-3\706a100263659bc74b0458d975b414a2\transformed\work-runtime-2.9.0\AndroidManifest.xml:23:5-68
27-->[androidx.work:work-runtime:2.9.0] C:\Users\leoja\.gradle\caches\transforms-3\706a100263659bc74b0458d975b414a2\transformed\work-runtime-2.9.0\AndroidManifest.xml:23:22-65
28    <uses-permission android:name="android.permission.RECEIVE_BOOT_COMPLETED" />
28-->[androidx.work:work-runtime:2.9.0] C:\Users\leoja\.gradle\caches\transforms-3\706a100263659bc74b0458d975b414a2\transformed\work-runtime-2.9.0\AndroidManifest.xml:25:5-81
28-->[androidx.work:work-runtime:2.9.0] C:\Users\leoja\.gradle\caches\transforms-3\706a100263659bc74b0458d975b414a2\transformed\work-runtime-2.9.0\AndroidManifest.xml:25:22-78
29    <uses-permission android:name="android.permission.FOREGROUND_SERVICE" />
29-->[androidx.work:work-runtime:2.9.0] C:\Users\leoja\.gradle\caches\transforms-3\706a100263659bc74b0458d975b414a2\transformed\work-runtime-2.9.0\AndroidManifest.xml:26:5-77
29-->[androidx.work:work-runtime:2.9.0] C:\Users\leoja\.gradle\caches\transforms-3\706a100263659bc74b0458d975b414a2\transformed\work-runtime-2.9.0\AndroidManifest.xml:26:22-74
30
31    <permission
31-->[androidx.core:core:1.12.0] C:\Users\leoja\.gradle\caches\transforms-3\088eb212d646f389c825bd4c5e7fdd1f\transformed\core-1.12.0\AndroidManifest.xml:22:5-24:47
32        android:name="com.leo.paleorecipes.DYNAMIC_RECEIVER_NOT_EXPORTED_PERMISSION"
32-->[androidx.core:core:1.12.0] C:\Users\leoja\.gradle\caches\transforms-3\088eb212d646f389c825bd4c5e7fdd1f\transformed\core-1.12.0\AndroidManifest.xml:23:9-81
33        android:protectionLevel="signature" />
33-->[androidx.core:core:1.12.0] C:\Users\leoja\.gradle\caches\transforms-3\088eb212d646f389c825bd4c5e7fdd1f\transformed\core-1.12.0\AndroidManifest.xml:24:9-44
34
35    <uses-permission android:name="com.leo.paleorecipes.DYNAMIC_RECEIVER_NOT_EXPORTED_PERMISSION" />
35-->[androidx.core:core:1.12.0] C:\Users\leoja\.gradle\caches\transforms-3\088eb212d646f389c825bd4c5e7fdd1f\transformed\core-1.12.0\AndroidManifest.xml:26:5-97
35-->[androidx.core:core:1.12.0] C:\Users\leoja\.gradle\caches\transforms-3\088eb212d646f389c825bd4c5e7fdd1f\transformed\core-1.12.0\AndroidManifest.xml:26:22-94
36
37    <application
37-->C:\Users\leoja\AndroidStudioProjects\PaleobyLeoRecipes\app\src\main\AndroidManifest.xml:24:5-107:19
38        android:name="com.leo.paleorecipes.PaleoRecipesApplication"
38-->C:\Users\leoja\AndroidStudioProjects\PaleobyLeoRecipes\app\src\main\AndroidManifest.xml:25:9-48
39        android:allowBackup="true"
39-->C:\Users\leoja\AndroidStudioProjects\PaleobyLeoRecipes\app\src\main\AndroidManifest.xml:26:9-35
40        android:appComponentFactory="androidx.core.app.CoreComponentFactory"
40-->[androidx.core:core:1.12.0] C:\Users\leoja\.gradle\caches\transforms-3\088eb212d646f389c825bd4c5e7fdd1f\transformed\core-1.12.0\AndroidManifest.xml:28:18-86
41        android:dataExtractionRules="@xml/data_extraction_rules"
41-->C:\Users\leoja\AndroidStudioProjects\PaleobyLeoRecipes\app\src\main\AndroidManifest.xml:27:9-65
42        android:debuggable="true"
43        android:extractNativeLibs="false"
44        android:fullBackupContent="@xml/backup_rules"
44-->C:\Users\leoja\AndroidStudioProjects\PaleobyLeoRecipes\app\src\main\AndroidManifest.xml:28:9-54
45        android:icon="@mipmap/ic_launcher"
45-->C:\Users\leoja\AndroidStudioProjects\PaleobyLeoRecipes\app\src\main\AndroidManifest.xml:29:9-43
46        android:label="@string/app_name"
46-->C:\Users\leoja\AndroidStudioProjects\PaleobyLeoRecipes\app\src\main\AndroidManifest.xml:30:9-41
47        android:requestLegacyExternalStorage="true"
47-->C:\Users\leoja\AndroidStudioProjects\PaleobyLeoRecipes\app\src\main\AndroidManifest.xml:31:9-52
48        android:roundIcon="@mipmap/ic_launcher_round"
48-->C:\Users\leoja\AndroidStudioProjects\PaleobyLeoRecipes\app\src\main\AndroidManifest.xml:32:9-54
49        android:supportsRtl="true"
49-->C:\Users\leoja\AndroidStudioProjects\PaleobyLeoRecipes\app\src\main\AndroidManifest.xml:33:9-35
50        android:theme="@style/Theme.PaleoRecipes"
50-->C:\Users\leoja\AndroidStudioProjects\PaleobyLeoRecipes\app\src\main\AndroidManifest.xml:34:9-50
51        android:usesCleartextTraffic="true" >
51-->C:\Users\leoja\AndroidStudioProjects\PaleobyLeoRecipes\app\src\main\AndroidManifest.xml:35:9-44
52
53        <!-- Hilt's work manager configuration -->
54        <provider
55            android:name="androidx.startup.InitializationProvider"
55-->C:\Users\leoja\AndroidStudioProjects\PaleobyLeoRecipes\app\src\main\AndroidManifest.xml:40:13-67
56            android:authorities="com.leo.paleorecipes.androidx-startup"
56-->C:\Users\leoja\AndroidStudioProjects\PaleobyLeoRecipes\app\src\main\AndroidManifest.xml:41:13-68
57            android:exported="false" >
57-->C:\Users\leoja\AndroidStudioProjects\PaleobyLeoRecipes\app\src\main\AndroidManifest.xml:42:13-37
58            <meta-data
58-->[androidx.emoji2:emoji2:1.4.0] C:\Users\leoja\.gradle\caches\transforms-3\272ec94fde1d246c280a28c1d7a1ceea\transformed\emoji2-1.4.0\AndroidManifest.xml:29:13-31:52
59                android:name="androidx.emoji2.text.EmojiCompatInitializer"
59-->[androidx.emoji2:emoji2:1.4.0] C:\Users\leoja\.gradle\caches\transforms-3\272ec94fde1d246c280a28c1d7a1ceea\transformed\emoji2-1.4.0\AndroidManifest.xml:30:17-75
60                android:value="androidx.startup" />
60-->[androidx.emoji2:emoji2:1.4.0] C:\Users\leoja\.gradle\caches\transforms-3\272ec94fde1d246c280a28c1d7a1ceea\transformed\emoji2-1.4.0\AndroidManifest.xml:31:17-49
61            <meta-data
61-->[androidx.lifecycle:lifecycle-process:2.7.0] C:\Users\leoja\.gradle\caches\transforms-3\cd1c1fd4bf9e122c9195ada44580b602\transformed\lifecycle-process-2.7.0\AndroidManifest.xml:29:13-31:52
62                android:name="androidx.lifecycle.ProcessLifecycleInitializer"
62-->[androidx.lifecycle:lifecycle-process:2.7.0] C:\Users\leoja\.gradle\caches\transforms-3\cd1c1fd4bf9e122c9195ada44580b602\transformed\lifecycle-process-2.7.0\AndroidManifest.xml:30:17-78
63                android:value="androidx.startup" />
63-->[androidx.lifecycle:lifecycle-process:2.7.0] C:\Users\leoja\.gradle\caches\transforms-3\cd1c1fd4bf9e122c9195ada44580b602\transformed\lifecycle-process-2.7.0\AndroidManifest.xml:31:17-49
64            <meta-data
64-->[androidx.profileinstaller:profileinstaller:1.3.0] C:\Users\leoja\.gradle\caches\transforms-3\82b9ff31f05292c4c837ee6a01220b3e\transformed\profileinstaller-1.3.0\AndroidManifest.xml:29:13-31:52
65                android:name="androidx.profileinstaller.ProfileInstallerInitializer"
65-->[androidx.profileinstaller:profileinstaller:1.3.0] C:\Users\leoja\.gradle\caches\transforms-3\82b9ff31f05292c4c837ee6a01220b3e\transformed\profileinstaller-1.3.0\AndroidManifest.xml:30:17-85
66                android:value="androidx.startup" />
66-->[androidx.profileinstaller:profileinstaller:1.3.0] C:\Users\leoja\.gradle\caches\transforms-3\82b9ff31f05292c4c837ee6a01220b3e\transformed\profileinstaller-1.3.0\AndroidManifest.xml:31:17-49
67        </provider>
68
69        <activity
69-->C:\Users\leoja\AndroidStudioProjects\PaleobyLeoRecipes\app\src\main\AndroidManifest.xml:50:9-53:58
70            android:name="com.leo.paleorecipes.MainActivity"
70-->C:\Users\leoja\AndroidStudioProjects\PaleobyLeoRecipes\app\src\main\AndroidManifest.xml:51:13-41
71            android:exported="false"
71-->C:\Users\leoja\AndroidStudioProjects\PaleobyLeoRecipes\app\src\main\AndroidManifest.xml:52:13-37
72            android:windowSoftInputMode="adjustResize" />
72-->C:\Users\leoja\AndroidStudioProjects\PaleobyLeoRecipes\app\src\main\AndroidManifest.xml:53:13-55
73        <activity
73-->C:\Users\leoja\AndroidStudioProjects\PaleobyLeoRecipes\app\src\main\AndroidManifest.xml:55:9-64:20
74            android:name="com.leo.paleorecipes.MainActivityCompose"
74-->C:\Users\leoja\AndroidStudioProjects\PaleobyLeoRecipes\app\src\main\AndroidManifest.xml:56:13-48
75            android:exported="true"
75-->C:\Users\leoja\AndroidStudioProjects\PaleobyLeoRecipes\app\src\main\AndroidManifest.xml:57:13-36
76            android:theme="@style/Theme.PaleoRecipes"
76-->C:\Users\leoja\AndroidStudioProjects\PaleobyLeoRecipes\app\src\main\AndroidManifest.xml:59:13-54
77            android:windowSoftInputMode="adjustResize" >
77-->C:\Users\leoja\AndroidStudioProjects\PaleobyLeoRecipes\app\src\main\AndroidManifest.xml:58:13-55
78            <intent-filter>
78-->C:\Users\leoja\AndroidStudioProjects\PaleobyLeoRecipes\app\src\main\AndroidManifest.xml:60:13-63:29
79                <action android:name="android.intent.action.MAIN" />
79-->C:\Users\leoja\AndroidStudioProjects\PaleobyLeoRecipes\app\src\main\AndroidManifest.xml:61:17-69
79-->C:\Users\leoja\AndroidStudioProjects\PaleobyLeoRecipes\app\src\main\AndroidManifest.xml:61:25-66
80
81                <category android:name="android.intent.category.LAUNCHER" />
81-->C:\Users\leoja\AndroidStudioProjects\PaleobyLeoRecipes\app\src\main\AndroidManifest.xml:62:17-77
81-->C:\Users\leoja\AndroidStudioProjects\PaleobyLeoRecipes\app\src\main\AndroidManifest.xml:62:27-74
82            </intent-filter>
83        </activity>
84        <activity android:name="com.leo.paleorecipes.AboutPaleoActivity" />
84-->C:\Users\leoja\AndroidStudioProjects\PaleobyLeoRecipes\app\src\main\AndroidManifest.xml:66:9-56
84-->C:\Users\leoja\AndroidStudioProjects\PaleobyLeoRecipes\app\src\main\AndroidManifest.xml:66:19-53
85        <activity android:name="com.leo.paleorecipes.RecipeListActivity" />
85-->C:\Users\leoja\AndroidStudioProjects\PaleobyLeoRecipes\app\src\main\AndroidManifest.xml:67:9-56
85-->C:\Users\leoja\AndroidStudioProjects\PaleobyLeoRecipes\app\src\main\AndroidManifest.xml:67:19-53
86        <activity android:name="com.leo.paleorecipes.AddEditRecipeActivity" />
86-->C:\Users\leoja\AndroidStudioProjects\PaleobyLeoRecipes\app\src\main\AndroidManifest.xml:68:9-59
86-->C:\Users\leoja\AndroidStudioProjects\PaleobyLeoRecipes\app\src\main\AndroidManifest.xml:68:19-56
87        <activity
87-->C:\Users\leoja\AndroidStudioProjects\PaleobyLeoRecipes\app\src\main\AndroidManifest.xml:69:9-76:20
88            android:name="com.leo.paleorecipes.RecipeDetailActivity"
88-->C:\Users\leoja\AndroidStudioProjects\PaleobyLeoRecipes\app\src\main\AndroidManifest.xml:70:13-49
89            android:exported="false"
89-->C:\Users\leoja\AndroidStudioProjects\PaleobyLeoRecipes\app\src\main\AndroidManifest.xml:71:13-37
90            android:parentActivityName="com.leo.paleorecipes.RecipeListActivity" >
90-->C:\Users\leoja\AndroidStudioProjects\PaleobyLeoRecipes\app\src\main\AndroidManifest.xml:72:13-61
91            <meta-data
91-->C:\Users\leoja\AndroidStudioProjects\PaleobyLeoRecipes\app\src\main\AndroidManifest.xml:73:13-75:55
92                android:name="android.support.PARENT_ACTIVITY"
92-->C:\Users\leoja\AndroidStudioProjects\PaleobyLeoRecipes\app\src\main\AndroidManifest.xml:74:17-63
93                android:value=".RecipeListActivity" />
93-->C:\Users\leoja\AndroidStudioProjects\PaleobyLeoRecipes\app\src\main\AndroidManifest.xml:75:17-52
94        </activity>
95        <activity
95-->C:\Users\leoja\AndroidStudioProjects\PaleobyLeoRecipes\app\src\main\AndroidManifest.xml:78:9-85:20
96            android:name="com.leo.paleorecipes.FridgeActivity"
96-->C:\Users\leoja\AndroidStudioProjects\PaleobyLeoRecipes\app\src\main\AndroidManifest.xml:79:13-43
97            android:exported="false"
97-->C:\Users\leoja\AndroidStudioProjects\PaleobyLeoRecipes\app\src\main\AndroidManifest.xml:80:13-37
98            android:parentActivityName="com.leo.paleorecipes.MainActivity" >
98-->C:\Users\leoja\AndroidStudioProjects\PaleobyLeoRecipes\app\src\main\AndroidManifest.xml:81:13-55
99            <meta-data
99-->C:\Users\leoja\AndroidStudioProjects\PaleobyLeoRecipes\app\src\main\AndroidManifest.xml:73:13-75:55
100                android:name="android.support.PARENT_ACTIVITY"
100-->C:\Users\leoja\AndroidStudioProjects\PaleobyLeoRecipes\app\src\main\AndroidManifest.xml:74:17-63
101                android:value=".MainActivity" />
101-->C:\Users\leoja\AndroidStudioProjects\PaleobyLeoRecipes\app\src\main\AndroidManifest.xml:75:17-52
102        </activity>
103        <activity
103-->C:\Users\leoja\AndroidStudioProjects\PaleobyLeoRecipes\app\src\main\AndroidManifest.xml:87:9-95:20
104            android:name="com.leo.paleorecipes.ui.search.RecipeSearchActivity"
104-->C:\Users\leoja\AndroidStudioProjects\PaleobyLeoRecipes\app\src\main\AndroidManifest.xml:88:13-59
105            android:exported="false"
105-->C:\Users\leoja\AndroidStudioProjects\PaleobyLeoRecipes\app\src\main\AndroidManifest.xml:89:13-37
106            android:parentActivityName="com.leo.paleorecipes.FridgeActivity"
106-->C:\Users\leoja\AndroidStudioProjects\PaleobyLeoRecipes\app\src\main\AndroidManifest.xml:90:13-57
107            android:theme="@style/Theme.PaleoRecipes" >
107-->C:\Users\leoja\AndroidStudioProjects\PaleobyLeoRecipes\app\src\main\AndroidManifest.xml:91:13-54
108            <meta-data
108-->C:\Users\leoja\AndroidStudioProjects\PaleobyLeoRecipes\app\src\main\AndroidManifest.xml:73:13-75:55
109                android:name="android.support.PARENT_ACTIVITY"
109-->C:\Users\leoja\AndroidStudioProjects\PaleobyLeoRecipes\app\src\main\AndroidManifest.xml:74:17-63
110                android:value=".FridgeActivity" />
110-->C:\Users\leoja\AndroidStudioProjects\PaleobyLeoRecipes\app\src\main\AndroidManifest.xml:75:17-52
111        </activity>
112
113        <!-- FileProvider for sharing files -->
114        <provider
115            android:name="androidx.core.content.FileProvider"
115-->C:\Users\leoja\AndroidStudioProjects\PaleobyLeoRecipes\app\src\main\AndroidManifest.xml:99:13-62
116            android:authorities="com.leo.paleorecipes.fileprovider"
116-->C:\Users\leoja\AndroidStudioProjects\PaleobyLeoRecipes\app\src\main\AndroidManifest.xml:100:13-64
117            android:exported="false"
117-->C:\Users\leoja\AndroidStudioProjects\PaleobyLeoRecipes\app\src\main\AndroidManifest.xml:101:13-37
118            android:grantUriPermissions="true" >
118-->C:\Users\leoja\AndroidStudioProjects\PaleobyLeoRecipes\app\src\main\AndroidManifest.xml:102:13-47
119            <meta-data
119-->C:\Users\leoja\AndroidStudioProjects\PaleobyLeoRecipes\app\src\main\AndroidManifest.xml:103:13-105:54
120                android:name="android.support.FILE_PROVIDER_PATHS"
120-->C:\Users\leoja\AndroidStudioProjects\PaleobyLeoRecipes\app\src\main\AndroidManifest.xml:104:17-67
121                android:resource="@xml/file_paths" />
121-->C:\Users\leoja\AndroidStudioProjects\PaleobyLeoRecipes\app\src\main\AndroidManifest.xml:105:17-51
122        </provider>
123
124        <meta-data
124-->[com.github.bumptech.glide:okhttp3-integration:4.16.0] C:\Users\leoja\.gradle\caches\transforms-3\5ce0cff40e3c2af0dcb58b65ecfe8dd0\transformed\okhttp3-integration-4.16.0\AndroidManifest.xml:10:9-12:43
125            android:name="com.bumptech.glide.integration.okhttp3.OkHttpGlideModule"
125-->[com.github.bumptech.glide:okhttp3-integration:4.16.0] C:\Users\leoja\.gradle\caches\transforms-3\5ce0cff40e3c2af0dcb58b65ecfe8dd0\transformed\okhttp3-integration-4.16.0\AndroidManifest.xml:11:13-84
126            android:value="GlideModule" />
126-->[com.github.bumptech.glide:okhttp3-integration:4.16.0] C:\Users\leoja\.gradle\caches\transforms-3\5ce0cff40e3c2af0dcb58b65ecfe8dd0\transformed\okhttp3-integration-4.16.0\AndroidManifest.xml:12:13-40
127
128        <service
128-->[androidx.work:work-runtime:2.9.0] C:\Users\leoja\.gradle\caches\transforms-3\706a100263659bc74b0458d975b414a2\transformed\work-runtime-2.9.0\AndroidManifest.xml:39:9-45:35
129            android:name="androidx.work.impl.background.systemalarm.SystemAlarmService"
129-->[androidx.work:work-runtime:2.9.0] C:\Users\leoja\.gradle\caches\transforms-3\706a100263659bc74b0458d975b414a2\transformed\work-runtime-2.9.0\AndroidManifest.xml:40:13-88
130            android:directBootAware="false"
130-->[androidx.work:work-runtime:2.9.0] C:\Users\leoja\.gradle\caches\transforms-3\706a100263659bc74b0458d975b414a2\transformed\work-runtime-2.9.0\AndroidManifest.xml:41:13-44
131            android:enabled="@bool/enable_system_alarm_service_default"
131-->[androidx.work:work-runtime:2.9.0] C:\Users\leoja\.gradle\caches\transforms-3\706a100263659bc74b0458d975b414a2\transformed\work-runtime-2.9.0\AndroidManifest.xml:42:13-72
132            android:exported="false" />
132-->[androidx.work:work-runtime:2.9.0] C:\Users\leoja\.gradle\caches\transforms-3\706a100263659bc74b0458d975b414a2\transformed\work-runtime-2.9.0\AndroidManifest.xml:43:13-37
133        <service
133-->[androidx.work:work-runtime:2.9.0] C:\Users\leoja\.gradle\caches\transforms-3\706a100263659bc74b0458d975b414a2\transformed\work-runtime-2.9.0\AndroidManifest.xml:46:9-52:35
134            android:name="androidx.work.impl.background.systemjob.SystemJobService"
134-->[androidx.work:work-runtime:2.9.0] C:\Users\leoja\.gradle\caches\transforms-3\706a100263659bc74b0458d975b414a2\transformed\work-runtime-2.9.0\AndroidManifest.xml:47:13-84
135            android:directBootAware="false"
135-->[androidx.work:work-runtime:2.9.0] C:\Users\leoja\.gradle\caches\transforms-3\706a100263659bc74b0458d975b414a2\transformed\work-runtime-2.9.0\AndroidManifest.xml:48:13-44
136            android:enabled="@bool/enable_system_job_service_default"
136-->[androidx.work:work-runtime:2.9.0] C:\Users\leoja\.gradle\caches\transforms-3\706a100263659bc74b0458d975b414a2\transformed\work-runtime-2.9.0\AndroidManifest.xml:49:13-70
137            android:exported="true"
137-->[androidx.work:work-runtime:2.9.0] C:\Users\leoja\.gradle\caches\transforms-3\706a100263659bc74b0458d975b414a2\transformed\work-runtime-2.9.0\AndroidManifest.xml:50:13-36
138            android:permission="android.permission.BIND_JOB_SERVICE" />
138-->[androidx.work:work-runtime:2.9.0] C:\Users\leoja\.gradle\caches\transforms-3\706a100263659bc74b0458d975b414a2\transformed\work-runtime-2.9.0\AndroidManifest.xml:51:13-69
139        <service
139-->[androidx.work:work-runtime:2.9.0] C:\Users\leoja\.gradle\caches\transforms-3\706a100263659bc74b0458d975b414a2\transformed\work-runtime-2.9.0\AndroidManifest.xml:53:9-59:35
140            android:name="androidx.work.impl.foreground.SystemForegroundService"
140-->[androidx.work:work-runtime:2.9.0] C:\Users\leoja\.gradle\caches\transforms-3\706a100263659bc74b0458d975b414a2\transformed\work-runtime-2.9.0\AndroidManifest.xml:54:13-81
141            android:directBootAware="false"
141-->[androidx.work:work-runtime:2.9.0] C:\Users\leoja\.gradle\caches\transforms-3\706a100263659bc74b0458d975b414a2\transformed\work-runtime-2.9.0\AndroidManifest.xml:55:13-44
142            android:enabled="@bool/enable_system_foreground_service_default"
142-->[androidx.work:work-runtime:2.9.0] C:\Users\leoja\.gradle\caches\transforms-3\706a100263659bc74b0458d975b414a2\transformed\work-runtime-2.9.0\AndroidManifest.xml:56:13-77
143            android:exported="false" />
143-->[androidx.work:work-runtime:2.9.0] C:\Users\leoja\.gradle\caches\transforms-3\706a100263659bc74b0458d975b414a2\transformed\work-runtime-2.9.0\AndroidManifest.xml:57:13-37
144
145        <receiver
145-->[androidx.work:work-runtime:2.9.0] C:\Users\leoja\.gradle\caches\transforms-3\706a100263659bc74b0458d975b414a2\transformed\work-runtime-2.9.0\AndroidManifest.xml:61:9-66:35
146            android:name="androidx.work.impl.utils.ForceStopRunnable$BroadcastReceiver"
146-->[androidx.work:work-runtime:2.9.0] C:\Users\leoja\.gradle\caches\transforms-3\706a100263659bc74b0458d975b414a2\transformed\work-runtime-2.9.0\AndroidManifest.xml:62:13-88
147            android:directBootAware="false"
147-->[androidx.work:work-runtime:2.9.0] C:\Users\leoja\.gradle\caches\transforms-3\706a100263659bc74b0458d975b414a2\transformed\work-runtime-2.9.0\AndroidManifest.xml:63:13-44
148            android:enabled="true"
148-->[androidx.work:work-runtime:2.9.0] C:\Users\leoja\.gradle\caches\transforms-3\706a100263659bc74b0458d975b414a2\transformed\work-runtime-2.9.0\AndroidManifest.xml:64:13-35
149            android:exported="false" />
149-->[androidx.work:work-runtime:2.9.0] C:\Users\leoja\.gradle\caches\transforms-3\706a100263659bc74b0458d975b414a2\transformed\work-runtime-2.9.0\AndroidManifest.xml:65:13-37
150        <receiver
150-->[androidx.work:work-runtime:2.9.0] C:\Users\leoja\.gradle\caches\transforms-3\706a100263659bc74b0458d975b414a2\transformed\work-runtime-2.9.0\AndroidManifest.xml:67:9-77:20
151            android:name="androidx.work.impl.background.systemalarm.ConstraintProxy$BatteryChargingProxy"
151-->[androidx.work:work-runtime:2.9.0] C:\Users\leoja\.gradle\caches\transforms-3\706a100263659bc74b0458d975b414a2\transformed\work-runtime-2.9.0\AndroidManifest.xml:68:13-106
152            android:directBootAware="false"
152-->[androidx.work:work-runtime:2.9.0] C:\Users\leoja\.gradle\caches\transforms-3\706a100263659bc74b0458d975b414a2\transformed\work-runtime-2.9.0\AndroidManifest.xml:69:13-44
153            android:enabled="false"
153-->[androidx.work:work-runtime:2.9.0] C:\Users\leoja\.gradle\caches\transforms-3\706a100263659bc74b0458d975b414a2\transformed\work-runtime-2.9.0\AndroidManifest.xml:70:13-36
154            android:exported="false" >
154-->[androidx.work:work-runtime:2.9.0] C:\Users\leoja\.gradle\caches\transforms-3\706a100263659bc74b0458d975b414a2\transformed\work-runtime-2.9.0\AndroidManifest.xml:71:13-37
155            <intent-filter>
155-->[androidx.work:work-runtime:2.9.0] C:\Users\leoja\.gradle\caches\transforms-3\706a100263659bc74b0458d975b414a2\transformed\work-runtime-2.9.0\AndroidManifest.xml:73:13-76:29
156                <action android:name="android.intent.action.ACTION_POWER_CONNECTED" />
156-->[androidx.work:work-runtime:2.9.0] C:\Users\leoja\.gradle\caches\transforms-3\706a100263659bc74b0458d975b414a2\transformed\work-runtime-2.9.0\AndroidManifest.xml:74:17-87
156-->[androidx.work:work-runtime:2.9.0] C:\Users\leoja\.gradle\caches\transforms-3\706a100263659bc74b0458d975b414a2\transformed\work-runtime-2.9.0\AndroidManifest.xml:74:25-84
157                <action android:name="android.intent.action.ACTION_POWER_DISCONNECTED" />
157-->[androidx.work:work-runtime:2.9.0] C:\Users\leoja\.gradle\caches\transforms-3\706a100263659bc74b0458d975b414a2\transformed\work-runtime-2.9.0\AndroidManifest.xml:75:17-90
157-->[androidx.work:work-runtime:2.9.0] C:\Users\leoja\.gradle\caches\transforms-3\706a100263659bc74b0458d975b414a2\transformed\work-runtime-2.9.0\AndroidManifest.xml:75:25-87
158            </intent-filter>
159        </receiver>
160        <receiver
160-->[androidx.work:work-runtime:2.9.0] C:\Users\leoja\.gradle\caches\transforms-3\706a100263659bc74b0458d975b414a2\transformed\work-runtime-2.9.0\AndroidManifest.xml:78:9-88:20
161            android:name="androidx.work.impl.background.systemalarm.ConstraintProxy$BatteryNotLowProxy"
161-->[androidx.work:work-runtime:2.9.0] C:\Users\leoja\.gradle\caches\transforms-3\706a100263659bc74b0458d975b414a2\transformed\work-runtime-2.9.0\AndroidManifest.xml:79:13-104
162            android:directBootAware="false"
162-->[androidx.work:work-runtime:2.9.0] C:\Users\leoja\.gradle\caches\transforms-3\706a100263659bc74b0458d975b414a2\transformed\work-runtime-2.9.0\AndroidManifest.xml:80:13-44
163            android:enabled="false"
163-->[androidx.work:work-runtime:2.9.0] C:\Users\leoja\.gradle\caches\transforms-3\706a100263659bc74b0458d975b414a2\transformed\work-runtime-2.9.0\AndroidManifest.xml:81:13-36
164            android:exported="false" >
164-->[androidx.work:work-runtime:2.9.0] C:\Users\leoja\.gradle\caches\transforms-3\706a100263659bc74b0458d975b414a2\transformed\work-runtime-2.9.0\AndroidManifest.xml:82:13-37
165            <intent-filter>
165-->[androidx.work:work-runtime:2.9.0] C:\Users\leoja\.gradle\caches\transforms-3\706a100263659bc74b0458d975b414a2\transformed\work-runtime-2.9.0\AndroidManifest.xml:84:13-87:29
166                <action android:name="android.intent.action.BATTERY_OKAY" />
166-->[androidx.work:work-runtime:2.9.0] C:\Users\leoja\.gradle\caches\transforms-3\706a100263659bc74b0458d975b414a2\transformed\work-runtime-2.9.0\AndroidManifest.xml:85:17-77
166-->[androidx.work:work-runtime:2.9.0] C:\Users\leoja\.gradle\caches\transforms-3\706a100263659bc74b0458d975b414a2\transformed\work-runtime-2.9.0\AndroidManifest.xml:85:25-74
167                <action android:name="android.intent.action.BATTERY_LOW" />
167-->[androidx.work:work-runtime:2.9.0] C:\Users\leoja\.gradle\caches\transforms-3\706a100263659bc74b0458d975b414a2\transformed\work-runtime-2.9.0\AndroidManifest.xml:86:17-76
167-->[androidx.work:work-runtime:2.9.0] C:\Users\leoja\.gradle\caches\transforms-3\706a100263659bc74b0458d975b414a2\transformed\work-runtime-2.9.0\AndroidManifest.xml:86:25-73
168            </intent-filter>
169        </receiver>
170        <receiver
170-->[androidx.work:work-runtime:2.9.0] C:\Users\leoja\.gradle\caches\transforms-3\706a100263659bc74b0458d975b414a2\transformed\work-runtime-2.9.0\AndroidManifest.xml:89:9-99:20
171            android:name="androidx.work.impl.background.systemalarm.ConstraintProxy$StorageNotLowProxy"
171-->[androidx.work:work-runtime:2.9.0] C:\Users\leoja\.gradle\caches\transforms-3\706a100263659bc74b0458d975b414a2\transformed\work-runtime-2.9.0\AndroidManifest.xml:90:13-104
172            android:directBootAware="false"
172-->[androidx.work:work-runtime:2.9.0] C:\Users\leoja\.gradle\caches\transforms-3\706a100263659bc74b0458d975b414a2\transformed\work-runtime-2.9.0\AndroidManifest.xml:91:13-44
173            android:enabled="false"
173-->[androidx.work:work-runtime:2.9.0] C:\Users\leoja\.gradle\caches\transforms-3\706a100263659bc74b0458d975b414a2\transformed\work-runtime-2.9.0\AndroidManifest.xml:92:13-36
174            android:exported="false" >
174-->[androidx.work:work-runtime:2.9.0] C:\Users\leoja\.gradle\caches\transforms-3\706a100263659bc74b0458d975b414a2\transformed\work-runtime-2.9.0\AndroidManifest.xml:93:13-37
175            <intent-filter>
175-->[androidx.work:work-runtime:2.9.0] C:\Users\leoja\.gradle\caches\transforms-3\706a100263659bc74b0458d975b414a2\transformed\work-runtime-2.9.0\AndroidManifest.xml:95:13-98:29
176                <action android:name="android.intent.action.DEVICE_STORAGE_LOW" />
176-->[androidx.work:work-runtime:2.9.0] C:\Users\leoja\.gradle\caches\transforms-3\706a100263659bc74b0458d975b414a2\transformed\work-runtime-2.9.0\AndroidManifest.xml:96:17-83
176-->[androidx.work:work-runtime:2.9.0] C:\Users\leoja\.gradle\caches\transforms-3\706a100263659bc74b0458d975b414a2\transformed\work-runtime-2.9.0\AndroidManifest.xml:96:25-80
177                <action android:name="android.intent.action.DEVICE_STORAGE_OK" />
177-->[androidx.work:work-runtime:2.9.0] C:\Users\leoja\.gradle\caches\transforms-3\706a100263659bc74b0458d975b414a2\transformed\work-runtime-2.9.0\AndroidManifest.xml:97:17-82
177-->[androidx.work:work-runtime:2.9.0] C:\Users\leoja\.gradle\caches\transforms-3\706a100263659bc74b0458d975b414a2\transformed\work-runtime-2.9.0\AndroidManifest.xml:97:25-79
178            </intent-filter>
179        </receiver>
180        <receiver
180-->[androidx.work:work-runtime:2.9.0] C:\Users\leoja\.gradle\caches\transforms-3\706a100263659bc74b0458d975b414a2\transformed\work-runtime-2.9.0\AndroidManifest.xml:100:9-109:20
181            android:name="androidx.work.impl.background.systemalarm.ConstraintProxy$NetworkStateProxy"
181-->[androidx.work:work-runtime:2.9.0] C:\Users\leoja\.gradle\caches\transforms-3\706a100263659bc74b0458d975b414a2\transformed\work-runtime-2.9.0\AndroidManifest.xml:101:13-103
182            android:directBootAware="false"
182-->[androidx.work:work-runtime:2.9.0] C:\Users\leoja\.gradle\caches\transforms-3\706a100263659bc74b0458d975b414a2\transformed\work-runtime-2.9.0\AndroidManifest.xml:102:13-44
183            android:enabled="false"
183-->[androidx.work:work-runtime:2.9.0] C:\Users\leoja\.gradle\caches\transforms-3\706a100263659bc74b0458d975b414a2\transformed\work-runtime-2.9.0\AndroidManifest.xml:103:13-36
184            android:exported="false" >
184-->[androidx.work:work-runtime:2.9.0] C:\Users\leoja\.gradle\caches\transforms-3\706a100263659bc74b0458d975b414a2\transformed\work-runtime-2.9.0\AndroidManifest.xml:104:13-37
185            <intent-filter>
185-->[androidx.work:work-runtime:2.9.0] C:\Users\leoja\.gradle\caches\transforms-3\706a100263659bc74b0458d975b414a2\transformed\work-runtime-2.9.0\AndroidManifest.xml:106:13-108:29
186                <action android:name="android.net.conn.CONNECTIVITY_CHANGE" />
186-->[androidx.work:work-runtime:2.9.0] C:\Users\leoja\.gradle\caches\transforms-3\706a100263659bc74b0458d975b414a2\transformed\work-runtime-2.9.0\AndroidManifest.xml:107:17-79
186-->[androidx.work:work-runtime:2.9.0] C:\Users\leoja\.gradle\caches\transforms-3\706a100263659bc74b0458d975b414a2\transformed\work-runtime-2.9.0\AndroidManifest.xml:107:25-76
187            </intent-filter>
188        </receiver>
189        <receiver
189-->[androidx.work:work-runtime:2.9.0] C:\Users\leoja\.gradle\caches\transforms-3\706a100263659bc74b0458d975b414a2\transformed\work-runtime-2.9.0\AndroidManifest.xml:110:9-121:20
190            android:name="androidx.work.impl.background.systemalarm.RescheduleReceiver"
190-->[androidx.work:work-runtime:2.9.0] C:\Users\leoja\.gradle\caches\transforms-3\706a100263659bc74b0458d975b414a2\transformed\work-runtime-2.9.0\AndroidManifest.xml:111:13-88
191            android:directBootAware="false"
191-->[androidx.work:work-runtime:2.9.0] C:\Users\leoja\.gradle\caches\transforms-3\706a100263659bc74b0458d975b414a2\transformed\work-runtime-2.9.0\AndroidManifest.xml:112:13-44
192            android:enabled="false"
192-->[androidx.work:work-runtime:2.9.0] C:\Users\leoja\.gradle\caches\transforms-3\706a100263659bc74b0458d975b414a2\transformed\work-runtime-2.9.0\AndroidManifest.xml:113:13-36
193            android:exported="false" >
193-->[androidx.work:work-runtime:2.9.0] C:\Users\leoja\.gradle\caches\transforms-3\706a100263659bc74b0458d975b414a2\transformed\work-runtime-2.9.0\AndroidManifest.xml:114:13-37
194            <intent-filter>
194-->[androidx.work:work-runtime:2.9.0] C:\Users\leoja\.gradle\caches\transforms-3\706a100263659bc74b0458d975b414a2\transformed\work-runtime-2.9.0\AndroidManifest.xml:116:13-120:29
195                <action android:name="android.intent.action.BOOT_COMPLETED" />
195-->[androidx.work:work-runtime:2.9.0] C:\Users\leoja\.gradle\caches\transforms-3\706a100263659bc74b0458d975b414a2\transformed\work-runtime-2.9.0\AndroidManifest.xml:117:17-79
195-->[androidx.work:work-runtime:2.9.0] C:\Users\leoja\.gradle\caches\transforms-3\706a100263659bc74b0458d975b414a2\transformed\work-runtime-2.9.0\AndroidManifest.xml:117:25-76
196                <action android:name="android.intent.action.TIME_SET" />
196-->[androidx.work:work-runtime:2.9.0] C:\Users\leoja\.gradle\caches\transforms-3\706a100263659bc74b0458d975b414a2\transformed\work-runtime-2.9.0\AndroidManifest.xml:118:17-73
196-->[androidx.work:work-runtime:2.9.0] C:\Users\leoja\.gradle\caches\transforms-3\706a100263659bc74b0458d975b414a2\transformed\work-runtime-2.9.0\AndroidManifest.xml:118:25-70
197                <action android:name="android.intent.action.TIMEZONE_CHANGED" />
197-->[androidx.work:work-runtime:2.9.0] C:\Users\leoja\.gradle\caches\transforms-3\706a100263659bc74b0458d975b414a2\transformed\work-runtime-2.9.0\AndroidManifest.xml:119:17-81
197-->[androidx.work:work-runtime:2.9.0] C:\Users\leoja\.gradle\caches\transforms-3\706a100263659bc74b0458d975b414a2\transformed\work-runtime-2.9.0\AndroidManifest.xml:119:25-78
198            </intent-filter>
199        </receiver>
200        <receiver
200-->[androidx.work:work-runtime:2.9.0] C:\Users\leoja\.gradle\caches\transforms-3\706a100263659bc74b0458d975b414a2\transformed\work-runtime-2.9.0\AndroidManifest.xml:122:9-131:20
201            android:name="androidx.work.impl.background.systemalarm.ConstraintProxyUpdateReceiver"
201-->[androidx.work:work-runtime:2.9.0] C:\Users\leoja\.gradle\caches\transforms-3\706a100263659bc74b0458d975b414a2\transformed\work-runtime-2.9.0\AndroidManifest.xml:123:13-99
202            android:directBootAware="false"
202-->[androidx.work:work-runtime:2.9.0] C:\Users\leoja\.gradle\caches\transforms-3\706a100263659bc74b0458d975b414a2\transformed\work-runtime-2.9.0\AndroidManifest.xml:124:13-44
203            android:enabled="@bool/enable_system_alarm_service_default"
203-->[androidx.work:work-runtime:2.9.0] C:\Users\leoja\.gradle\caches\transforms-3\706a100263659bc74b0458d975b414a2\transformed\work-runtime-2.9.0\AndroidManifest.xml:125:13-72
204            android:exported="false" >
204-->[androidx.work:work-runtime:2.9.0] C:\Users\leoja\.gradle\caches\transforms-3\706a100263659bc74b0458d975b414a2\transformed\work-runtime-2.9.0\AndroidManifest.xml:126:13-37
205            <intent-filter>
205-->[androidx.work:work-runtime:2.9.0] C:\Users\leoja\.gradle\caches\transforms-3\706a100263659bc74b0458d975b414a2\transformed\work-runtime-2.9.0\AndroidManifest.xml:128:13-130:29
206                <action android:name="androidx.work.impl.background.systemalarm.UpdateProxies" />
206-->[androidx.work:work-runtime:2.9.0] C:\Users\leoja\.gradle\caches\transforms-3\706a100263659bc74b0458d975b414a2\transformed\work-runtime-2.9.0\AndroidManifest.xml:129:17-98
206-->[androidx.work:work-runtime:2.9.0] C:\Users\leoja\.gradle\caches\transforms-3\706a100263659bc74b0458d975b414a2\transformed\work-runtime-2.9.0\AndroidManifest.xml:129:25-95
207            </intent-filter>
208        </receiver>
209        <receiver
209-->[androidx.work:work-runtime:2.9.0] C:\Users\leoja\.gradle\caches\transforms-3\706a100263659bc74b0458d975b414a2\transformed\work-runtime-2.9.0\AndroidManifest.xml:132:9-142:20
210            android:name="androidx.work.impl.diagnostics.DiagnosticsReceiver"
210-->[androidx.work:work-runtime:2.9.0] C:\Users\leoja\.gradle\caches\transforms-3\706a100263659bc74b0458d975b414a2\transformed\work-runtime-2.9.0\AndroidManifest.xml:133:13-78
211            android:directBootAware="false"
211-->[androidx.work:work-runtime:2.9.0] C:\Users\leoja\.gradle\caches\transforms-3\706a100263659bc74b0458d975b414a2\transformed\work-runtime-2.9.0\AndroidManifest.xml:134:13-44
212            android:enabled="true"
212-->[androidx.work:work-runtime:2.9.0] C:\Users\leoja\.gradle\caches\transforms-3\706a100263659bc74b0458d975b414a2\transformed\work-runtime-2.9.0\AndroidManifest.xml:135:13-35
213            android:exported="true"
213-->[androidx.work:work-runtime:2.9.0] C:\Users\leoja\.gradle\caches\transforms-3\706a100263659bc74b0458d975b414a2\transformed\work-runtime-2.9.0\AndroidManifest.xml:136:13-36
214            android:permission="android.permission.DUMP" >
214-->[androidx.work:work-runtime:2.9.0] C:\Users\leoja\.gradle\caches\transforms-3\706a100263659bc74b0458d975b414a2\transformed\work-runtime-2.9.0\AndroidManifest.xml:137:13-57
215            <intent-filter>
215-->[androidx.work:work-runtime:2.9.0] C:\Users\leoja\.gradle\caches\transforms-3\706a100263659bc74b0458d975b414a2\transformed\work-runtime-2.9.0\AndroidManifest.xml:139:13-141:29
216                <action android:name="androidx.work.diagnostics.REQUEST_DIAGNOSTICS" />
216-->[androidx.work:work-runtime:2.9.0] C:\Users\leoja\.gradle\caches\transforms-3\706a100263659bc74b0458d975b414a2\transformed\work-runtime-2.9.0\AndroidManifest.xml:140:17-88
216-->[androidx.work:work-runtime:2.9.0] C:\Users\leoja\.gradle\caches\transforms-3\706a100263659bc74b0458d975b414a2\transformed\work-runtime-2.9.0\AndroidManifest.xml:140:25-85
217            </intent-filter>
218        </receiver>
219
220        <uses-library
220-->[androidx.window:window:1.0.0] C:\Users\leoja\.gradle\caches\transforms-3\47776d6760bbd0443caff3d2f36791e9\transformed\window-1.0.0\AndroidManifest.xml:25:9-27:40
221            android:name="androidx.window.extensions"
221-->[androidx.window:window:1.0.0] C:\Users\leoja\.gradle\caches\transforms-3\47776d6760bbd0443caff3d2f36791e9\transformed\window-1.0.0\AndroidManifest.xml:26:13-54
222            android:required="false" />
222-->[androidx.window:window:1.0.0] C:\Users\leoja\.gradle\caches\transforms-3\47776d6760bbd0443caff3d2f36791e9\transformed\window-1.0.0\AndroidManifest.xml:27:13-37
223        <uses-library
223-->[androidx.window:window:1.0.0] C:\Users\leoja\.gradle\caches\transforms-3\47776d6760bbd0443caff3d2f36791e9\transformed\window-1.0.0\AndroidManifest.xml:28:9-30:40
224            android:name="androidx.window.sidecar"
224-->[androidx.window:window:1.0.0] C:\Users\leoja\.gradle\caches\transforms-3\47776d6760bbd0443caff3d2f36791e9\transformed\window-1.0.0\AndroidManifest.xml:29:13-51
225            android:required="false" />
225-->[androidx.window:window:1.0.0] C:\Users\leoja\.gradle\caches\transforms-3\47776d6760bbd0443caff3d2f36791e9\transformed\window-1.0.0\AndroidManifest.xml:30:13-37
226
227        <activity
227-->[androidx.compose.ui:ui-tooling-android:1.5.4] C:\Users\leoja\.gradle\caches\transforms-3\339cec59f7a2c4f1528e40fba520aa5f\transformed\ui-tooling-release\AndroidManifest.xml:23:9-25:39
228            android:name="androidx.compose.ui.tooling.PreviewActivity"
228-->[androidx.compose.ui:ui-tooling-android:1.5.4] C:\Users\leoja\.gradle\caches\transforms-3\339cec59f7a2c4f1528e40fba520aa5f\transformed\ui-tooling-release\AndroidManifest.xml:24:13-71
229            android:exported="true" />
229-->[androidx.compose.ui:ui-tooling-android:1.5.4] C:\Users\leoja\.gradle\caches\transforms-3\339cec59f7a2c4f1528e40fba520aa5f\transformed\ui-tooling-release\AndroidManifest.xml:25:13-36
230        <activity
230-->[androidx.compose.ui:ui-test-manifest:1.5.4] C:\Users\leoja\.gradle\caches\transforms-3\d897fd73dc0a47cd66cdd5ac2467bcc4\transformed\ui-test-manifest-1.5.4\AndroidManifest.xml:23:9-25:39
231            android:name="androidx.activity.ComponentActivity"
231-->[androidx.compose.ui:ui-test-manifest:1.5.4] C:\Users\leoja\.gradle\caches\transforms-3\d897fd73dc0a47cd66cdd5ac2467bcc4\transformed\ui-test-manifest-1.5.4\AndroidManifest.xml:24:13-63
232            android:exported="true" />
232-->[androidx.compose.ui:ui-test-manifest:1.5.4] C:\Users\leoja\.gradle\caches\transforms-3\d897fd73dc0a47cd66cdd5ac2467bcc4\transformed\ui-test-manifest-1.5.4\AndroidManifest.xml:25:13-36
233
234        <service
234-->[androidx.room:room-runtime:2.6.1] C:\Users\leoja\.gradle\caches\transforms-3\8186126d8c71cdd25c37a60a16a75937\transformed\room-runtime-2.6.1\AndroidManifest.xml:24:9-28:63
235            android:name="androidx.room.MultiInstanceInvalidationService"
235-->[androidx.room:room-runtime:2.6.1] C:\Users\leoja\.gradle\caches\transforms-3\8186126d8c71cdd25c37a60a16a75937\transformed\room-runtime-2.6.1\AndroidManifest.xml:25:13-74
236            android:directBootAware="true"
236-->[androidx.room:room-runtime:2.6.1] C:\Users\leoja\.gradle\caches\transforms-3\8186126d8c71cdd25c37a60a16a75937\transformed\room-runtime-2.6.1\AndroidManifest.xml:26:13-43
237            android:exported="false" />
237-->[androidx.room:room-runtime:2.6.1] C:\Users\leoja\.gradle\caches\transforms-3\8186126d8c71cdd25c37a60a16a75937\transformed\room-runtime-2.6.1\AndroidManifest.xml:27:13-37
238
239        <receiver
239-->[androidx.profileinstaller:profileinstaller:1.3.0] C:\Users\leoja\.gradle\caches\transforms-3\82b9ff31f05292c4c837ee6a01220b3e\transformed\profileinstaller-1.3.0\AndroidManifest.xml:34:9-52:20
240            android:name="androidx.profileinstaller.ProfileInstallReceiver"
240-->[androidx.profileinstaller:profileinstaller:1.3.0] C:\Users\leoja\.gradle\caches\transforms-3\82b9ff31f05292c4c837ee6a01220b3e\transformed\profileinstaller-1.3.0\AndroidManifest.xml:35:13-76
241            android:directBootAware="false"
241-->[androidx.profileinstaller:profileinstaller:1.3.0] C:\Users\leoja\.gradle\caches\transforms-3\82b9ff31f05292c4c837ee6a01220b3e\transformed\profileinstaller-1.3.0\AndroidManifest.xml:36:13-44
242            android:enabled="true"
242-->[androidx.profileinstaller:profileinstaller:1.3.0] C:\Users\leoja\.gradle\caches\transforms-3\82b9ff31f05292c4c837ee6a01220b3e\transformed\profileinstaller-1.3.0\AndroidManifest.xml:37:13-35
243            android:exported="true"
243-->[androidx.profileinstaller:profileinstaller:1.3.0] C:\Users\leoja\.gradle\caches\transforms-3\82b9ff31f05292c4c837ee6a01220b3e\transformed\profileinstaller-1.3.0\AndroidManifest.xml:38:13-36
244            android:permission="android.permission.DUMP" >
244-->[androidx.profileinstaller:profileinstaller:1.3.0] C:\Users\leoja\.gradle\caches\transforms-3\82b9ff31f05292c4c837ee6a01220b3e\transformed\profileinstaller-1.3.0\AndroidManifest.xml:39:13-57
245            <intent-filter>
245-->[androidx.profileinstaller:profileinstaller:1.3.0] C:\Users\leoja\.gradle\caches\transforms-3\82b9ff31f05292c4c837ee6a01220b3e\transformed\profileinstaller-1.3.0\AndroidManifest.xml:40:13-42:29
246                <action android:name="androidx.profileinstaller.action.INSTALL_PROFILE" />
246-->[androidx.profileinstaller:profileinstaller:1.3.0] C:\Users\leoja\.gradle\caches\transforms-3\82b9ff31f05292c4c837ee6a01220b3e\transformed\profileinstaller-1.3.0\AndroidManifest.xml:41:17-91
246-->[androidx.profileinstaller:profileinstaller:1.3.0] C:\Users\leoja\.gradle\caches\transforms-3\82b9ff31f05292c4c837ee6a01220b3e\transformed\profileinstaller-1.3.0\AndroidManifest.xml:41:25-88
247            </intent-filter>
248            <intent-filter>
248-->[androidx.profileinstaller:profileinstaller:1.3.0] C:\Users\leoja\.gradle\caches\transforms-3\82b9ff31f05292c4c837ee6a01220b3e\transformed\profileinstaller-1.3.0\AndroidManifest.xml:43:13-45:29
249                <action android:name="androidx.profileinstaller.action.SKIP_FILE" />
249-->[androidx.profileinstaller:profileinstaller:1.3.0] C:\Users\leoja\.gradle\caches\transforms-3\82b9ff31f05292c4c837ee6a01220b3e\transformed\profileinstaller-1.3.0\AndroidManifest.xml:44:17-85
249-->[androidx.profileinstaller:profileinstaller:1.3.0] C:\Users\leoja\.gradle\caches\transforms-3\82b9ff31f05292c4c837ee6a01220b3e\transformed\profileinstaller-1.3.0\AndroidManifest.xml:44:25-82
250            </intent-filter>
251            <intent-filter>
251-->[androidx.profileinstaller:profileinstaller:1.3.0] C:\Users\leoja\.gradle\caches\transforms-3\82b9ff31f05292c4c837ee6a01220b3e\transformed\profileinstaller-1.3.0\AndroidManifest.xml:46:13-48:29
252                <action android:name="androidx.profileinstaller.action.SAVE_PROFILE" />
252-->[androidx.profileinstaller:profileinstaller:1.3.0] C:\Users\leoja\.gradle\caches\transforms-3\82b9ff31f05292c4c837ee6a01220b3e\transformed\profileinstaller-1.3.0\AndroidManifest.xml:47:17-88
252-->[androidx.profileinstaller:profileinstaller:1.3.0] C:\Users\leoja\.gradle\caches\transforms-3\82b9ff31f05292c4c837ee6a01220b3e\transformed\profileinstaller-1.3.0\AndroidManifest.xml:47:25-85
253            </intent-filter>
254            <intent-filter>
254-->[androidx.profileinstaller:profileinstaller:1.3.0] C:\Users\leoja\.gradle\caches\transforms-3\82b9ff31f05292c4c837ee6a01220b3e\transformed\profileinstaller-1.3.0\AndroidManifest.xml:49:13-51:29
255                <action android:name="androidx.profileinstaller.action.BENCHMARK_OPERATION" />
255-->[androidx.profileinstaller:profileinstaller:1.3.0] C:\Users\leoja\.gradle\caches\transforms-3\82b9ff31f05292c4c837ee6a01220b3e\transformed\profileinstaller-1.3.0\AndroidManifest.xml:50:17-95
255-->[androidx.profileinstaller:profileinstaller:1.3.0] C:\Users\leoja\.gradle\caches\transforms-3\82b9ff31f05292c4c837ee6a01220b3e\transformed\profileinstaller-1.3.0\AndroidManifest.xml:50:25-92
256            </intent-filter>
257        </receiver>
258    </application>
259
260</manifest>

Merged manifest saved to C:\Users\leoja\AndroidStudioProjects\PaleobyLeoRecipes\app\build\intermediates\merged_manifest\debug\AndroidManifest.xml
Resolve mutations for :app:processDebugManifest (Thread[#888,Execution worker Thread 2,5,main]) started.
:app:processDebugManifest (Thread[#888,Execution worker Thread 2,5,main]) started.

> Task :app:processDebugManifest
Caching disabled for task ':app:processDebugManifest' because:
  Build cache is disabled
Task ':app:processDebugManifest' is not up-to-date because:
  Output property 'multiApkManifestOutputDirectory' file C:\Users\leoja\AndroidStudioProjects\PaleobyLeoRecipes\app\build\intermediates\merged_manifests\debug has been removed.
  Output property 'multiApkManifestOutputDirectory' file C:\Users\leoja\AndroidStudioProjects\PaleobyLeoRecipes\app\build\intermediates\merged_manifests\debug\AndroidManifest.xml has been removed.
  Output property 'multiApkManifestOutputDirectory' file C:\Users\leoja\AndroidStudioProjects\PaleobyLeoRecipes\app\build\intermediates\merged_manifests\debug\output-metadata.json has been removed.
Resolve mutations for :app:processDebugManifestForPackage (Thread[#888,Execution worker Thread 2,5,main]) started.
:app:processDebugManifestForPackage (Thread[#888,Execution worker Thread 2,5,main]) started.
Resolve mutations for :app:javaPreCompileDebug (Thread[#891,Execution worker Thread 5,5,main]) started.
:app:javaPreCompileDebug (Thread[#891,Execution worker Thread 5,5,main]) started.
Resolve mutations for :app:mergeDebugShaders (Thread[#886,included builds,5,main]) started.
:app:mergeDebugShaders (Thread[#886,included builds,5,main]) started.

> Task :app:mergeDebugShaders
Caching disabled for task ':app:mergeDebugShaders' because:
  Build cache is disabled
Task ':app:mergeDebugShaders' is not up-to-date because:
  Output property 'outputDir' file C:\Users\leoja\AndroidStudioProjects\PaleobyLeoRecipes\app\build\intermediates\merged_shaders\debug\out has been removed.
The input changes require a full rebuild for incremental task ':app:mergeDebugShaders'.
Resolve mutations for :app:compileDebugShaders (Thread[#886,included builds,5,main]) started.
:app:compileDebugShaders (Thread[#886,included builds,5,main]) started.

> Task :app:compileDebugShaders NO-SOURCE
Skipping task ':app:compileDebugShaders' as it has no source files and no previous output files.
Resolve mutations for :app:generateDebugAssets (Thread[#886,included builds,5,main]) started.
:app:generateDebugAssets (Thread[#886,included builds,5,main]) started.

> Task :app:generateDebugAssets UP-TO-DATE
Skipping task ':app:generateDebugAssets' as it has no actions.
Resolve mutations for :app:mergeDebugAssets (Thread[#886,included builds,5,main]) started.
:app:mergeDebugAssets (Thread[#886,included builds,5,main]) started.

> Task :app:javaPreCompileDebug
Transforming databinding-adapters-8.1.0.aar (androidx.databinding:databinding-adapters:8.1.0) with IdentityTransform
Transforming databinding-adapters-8.1.0.aar (androidx.databinding:databinding-adapters:8.1.0) with ExtractAarTransform
Transforming databinding-adapters-8.1.0.aar (androidx.databinding:databinding-adapters:8.1.0) with LibrarySymbolTableTransform
Transforming databinding-ktx-8.1.0.aar (androidx.databinding:databinding-ktx:8.1.0) with IdentityTransform
Transforming databinding-ktx-8.1.0.aar (androidx.databinding:databinding-ktx:8.1.0) with ExtractAarTransform
Transforming databinding-ktx-8.1.0.aar (androidx.databinding:databinding-ktx:8.1.0) with LibrarySymbolTableTransform
Transforming databinding-runtime-8.1.0.aar (androidx.databinding:databinding-runtime:8.1.0) with IdentityTransform
Transforming databinding-runtime-8.1.0.aar (androidx.databinding:databinding-runtime:8.1.0) with ExtractAarTransform
Transforming databinding-runtime-8.1.0.aar (androidx.databinding:databinding-runtime:8.1.0) with LibrarySymbolTableTransform
Transforming viewbinding-8.1.0.aar (androidx.databinding:viewbinding:8.1.0) with IdentityTransform
Transforming viewbinding-8.1.0.aar (androidx.databinding:viewbinding:8.1.0) with ExtractAarTransform
Transforming viewbinding-8.1.0.aar (androidx.databinding:viewbinding:8.1.0) with LibrarySymbolTableTransform
Transforming navigation-common-2.7.6.aar (androidx.navigation:navigation-common:2.7.6) with IdentityTransform
Transforming navigation-common-2.7.6.aar (androidx.navigation:navigation-common:2.7.6) with ExtractAarTransform
Transforming navigation-common-2.7.6.aar (androidx.navigation:navigation-common:2.7.6) with LibrarySymbolTableTransform
Transforming navigation-common-ktx-2.7.6.aar (androidx.navigation:navigation-common-ktx:2.7.6) with IdentityTransform
Transforming navigation-common-ktx-2.7.6.aar (androidx.navigation:navigation-common-ktx:2.7.6) with ExtractAarTransform
Transforming navigation-common-ktx-2.7.6.aar (androidx.navigation:navigation-common-ktx:2.7.6) with LibrarySymbolTableTransform
Transforming navigation-runtime-2.7.6.aar (androidx.navigation:navigation-runtime:2.7.6) with IdentityTransform
Transforming navigation-runtime-2.7.6.aar (androidx.navigation:navigation-runtime:2.7.6) with ExtractAarTransform
Transforming navigation-runtime-2.7.6.aar (androidx.navigation:navigation-runtime:2.7.6) with LibrarySymbolTableTransform
Transforming navigation-runtime-ktx-2.7.6.aar (androidx.navigation:navigation-runtime-ktx:2.7.6) with IdentityTransform
Transforming navigation-runtime-ktx-2.7.6.aar (androidx.navigation:navigation-runtime-ktx:2.7.6) with ExtractAarTransform
Transforming navigation-runtime-ktx-2.7.6.aar (androidx.navigation:navigation-runtime-ktx:2.7.6) with LibrarySymbolTableTransform
Transforming navigation-fragment-2.7.6.aar (androidx.navigation:navigation-fragment:2.7.6) with IdentityTransform
Transforming navigation-fragment-2.7.6.aar (androidx.navigation:navigation-fragment:2.7.6) with ExtractAarTransform
Transforming navigation-fragment-2.7.6.aar (androidx.navigation:navigation-fragment:2.7.6) with LibrarySymbolTableTransform
Transforming navigation-fragment-ktx-2.7.6.aar (androidx.navigation:navigation-fragment-ktx:2.7.6) with IdentityTransform
Transforming navigation-fragment-ktx-2.7.6.aar (androidx.navigation:navigation-fragment-ktx:2.7.6) with ExtractAarTransform
Transforming navigation-fragment-ktx-2.7.6.aar (androidx.navigation:navigation-fragment-ktx:2.7.6) with LibrarySymbolTableTransform
Transforming navigation-ui-ktx-2.7.6.aar (androidx.navigation:navigation-ui-ktx:2.7.6) with IdentityTransform
Transforming navigation-ui-ktx-2.7.6.aar (androidx.navigation:navigation-ui-ktx:2.7.6) with ExtractAarTransform
Transforming navigation-ui-ktx-2.7.6.aar (androidx.navigation:navigation-ui-ktx:2.7.6) with LibrarySymbolTableTransform
Transforming navigation-ui-2.7.6.aar (androidx.navigation:navigation-ui:2.7.6) with IdentityTransform
Transforming navigation-ui-2.7.6.aar (androidx.navigation:navigation-ui:2.7.6) with ExtractAarTransform
Transforming navigation-ui-2.7.6.aar (androidx.navigation:navigation-ui:2.7.6) with LibrarySymbolTableTransform
Transforming material-1.11.0.aar (com.google.android.material:material:1.11.0) with IdentityTransform
Transforming material-1.11.0.aar (com.google.android.material:material:1.11.0) with ExtractAarTransform
Transforming material-1.11.0.aar (com.google.android.material:material:1.11.0) with LibrarySymbolTableTransform
Transforming constraintlayout-2.1.4.aar (androidx.constraintlayout:constraintlayout:2.1.4) with IdentityTransform
Transforming constraintlayout-2.1.4.aar (androidx.constraintlayout:constraintlayout:2.1.4) with ExtractAarTransform
Transforming constraintlayout-2.1.4.aar (androidx.constraintlayout:constraintlayout:2.1.4) with LibrarySymbolTableTransform
Transforming appcompat-resources-1.6.1.aar (androidx.appcompat:appcompat-resources:1.6.1) with IdentityTransform
Transforming appcompat-resources-1.6.1.aar (androidx.appcompat:appcompat-resources:1.6.1) with ExtractAarTransform
Transforming appcompat-resources-1.6.1.aar (androidx.appcompat:appcompat-resources:1.6.1) with LibrarySymbolTableTransform
Transforming appcompat-1.6.1.aar (androidx.appcompat:appcompat:1.6.1) with IdentityTransform
Transforming appcompat-1.6.1.aar (androidx.appcompat:appcompat:1.6.1) with ExtractAarTransform
Transforming appcompat-1.6.1.aar (androidx.appcompat:appcompat:1.6.1) with LibrarySymbolTableTransform
Transforming hilt-work-1.0.0.aar (androidx.hilt:hilt-work:1.0.0) with IdentityTransform
Transforming hilt-work-1.0.0.aar (androidx.hilt:hilt-work:1.0.0) with ExtractAarTransform
Transforming hilt-work-1.0.0.aar (androidx.hilt:hilt-work:1.0.0) with LibrarySymbolTableTransform
Transforming hilt-android-2.46.1.aar (com.google.dagger:hilt-android:2.46.1) with IdentityTransform
Transforming hilt-android-2.46.1.aar (com.google.dagger:hilt-android:2.46.1) with ExtractAarTransform
Transforming hilt-android-2.46.1.aar (com.google.dagger:hilt-android:2.46.1) with LibrarySymbolTableTransform
Transforming okhttp3-integration-4.16.0.aar (com.github.bumptech.glide:okhttp3-integration:4.16.0) with IdentityTransform
Transforming okhttp3-integration-4.16.0.aar (com.github.bumptech.glide:okhttp3-integration:4.16.0) with ExtractAarTransform
Transforming okhttp3-integration-4.16.0.aar (com.github.bumptech.glide:okhttp3-integration:4.16.0) with LibrarySymbolTableTransform
Transforming glide-4.16.0.aar (com.github.bumptech.glide:glide:4.16.0) with IdentityTransform
Transforming glide-4.16.0.aar (com.github.bumptech.glide:glide:4.16.0) with ExtractAarTransform
Transforming glide-4.16.0.aar (com.github.bumptech.glide:glide:4.16.0) with LibrarySymbolTableTransform
Transforming viewpager2-1.0.0.aar (androidx.viewpager2:viewpager2:1.0.0) with IdentityTransform
Transforming viewpager2-1.0.0.aar (androidx.viewpager2:viewpager2:1.0.0) with ExtractAarTransform
Transforming viewpager2-1.0.0.aar (androidx.viewpager2:viewpager2:1.0.0) with LibrarySymbolTableTransform
Transforming fragment-1.6.2.aar (androidx.fragment:fragment:1.6.2) with IdentityTransform
Transforming fragment-1.6.2.aar (androidx.fragment:fragment:1.6.2) with ExtractAarTransform
Transforming fragment-1.6.2.aar (androidx.fragment:fragment:1.6.2) with LibrarySymbolTableTransform
Transforming fragment-1.6.2.aar (androidx.fragment:fragment:1.6.2) with IdentityTransform
Transforming fragment-1.6.2.aar (androidx.fragment:fragment:1.6.2) with ExtractAarTransform
Transforming fragment-1.6.2.aar (androidx.fragment:fragment:1.6.2) with LibrarySymbolTableTransform
Transforming fragment-ktx-1.6.2.aar (androidx.fragment:fragment-ktx:1.6.2) with IdentityTransform
Transforming fragment-ktx-1.6.2.aar (androidx.fragment:fragment-ktx:1.6.2) with ExtractAarTransform
Transforming fragment-ktx-1.6.2.aar (androidx.fragment:fragment-ktx:1.6.2) with LibrarySymbolTableTransform
Transforming material3-1.1.2.aar (androidx.compose.material3:material3:1.1.2) with IdentityTransform
Transforming material3-1.1.2.aar (androidx.compose.material3:material3:1.1.2) with ExtractAarTransform
Transforming material3-1.1.2.aar (androidx.compose.material3:material3:1.1.2) with LibrarySymbolTableTransform
Transforming material-ripple-release.aar (androidx.compose.material:material-ripple-android:1.5.4) with IdentityTransform
Transforming material-ripple-release.aar (androidx.compose.material:material-ripple-android:1.5.4) with ExtractAarTransform
Transforming material-ripple-release.aar (androidx.compose.material:material-ripple-android:1.5.4) with LibrarySymbolTableTransform
Transforming material-icons-core-release.aar (androidx.compose.material:material-icons-core-android:1.5.4) with IdentityTransform
Transforming material-icons-core-release.aar (androidx.compose.material:material-icons-core-android:1.5.4) with ExtractAarTransform
Transforming material-icons-core-release.aar (androidx.compose.material:material-icons-core-android:1.5.4) with LibrarySymbolTableTransform
Transforming material-release.aar (androidx.compose.material:material-android:1.5.4) with IdentityTransform
Transforming material-release.aar (androidx.compose.material:material-android:1.5.4) with ExtractAarTransform
Transforming material-release.aar (androidx.compose.material:material-android:1.5.4) with LibrarySymbolTableTransform
Transforming animation-core-release.aar (androidx.compose.animation:animation-core-android:1.5.4) with IdentityTransform
Transforming animation-core-release.aar (androidx.compose.animation:animation-core-android:1.5.4) with ExtractAarTransform
Transforming animation-core-release.aar (androidx.compose.animation:animation-core-android:1.5.4) with LibrarySymbolTableTransform
Transforming animation-release.aar (androidx.compose.animation:animation-android:1.5.4) with IdentityTransform
Transforming animation-release.aar (androidx.compose.animation:animation-android:1.5.4) with ExtractAarTransform
Transforming animation-release.aar (androidx.compose.animation:animation-android:1.5.4) with LibrarySymbolTableTransform
Transforming foundation-layout-release.aar (androidx.compose.foundation:foundation-layout-android:1.5.4) with IdentityTransform
Transforming foundation-layout-release.aar (androidx.compose.foundation:foundation-layout-android:1.5.4) with ExtractAarTransform
Transforming foundation-layout-release.aar (androidx.compose.foundation:foundation-layout-android:1.5.4) with LibrarySymbolTableTransform
Transforming foundation-release.aar (androidx.compose.foundation:foundation-android:1.5.4) with IdentityTransform
Transforming foundation-release.aar (androidx.compose.foundation:foundation-android:1.5.4) with ExtractAarTransform
Transforming foundation-release.aar (androidx.compose.foundation:foundation-android:1.5.4) with LibrarySymbolTableTransform
Transforming ui-unit-release.aar (androidx.compose.ui:ui-unit-android:1.5.4) with IdentityTransform
Transforming ui-unit-release.aar (androidx.compose.ui:ui-unit-android:1.5.4) with ExtractAarTransform
Transforming ui-unit-release.aar (androidx.compose.ui:ui-unit-android:1.5.4) with LibrarySymbolTableTransform
Transforming ui-geometry-release.aar (androidx.compose.ui:ui-geometry-android:1.5.4) with IdentityTransform
Transforming ui-geometry-release.aar (androidx.compose.ui:ui-geometry-android:1.5.4) with ExtractAarTransform
Transforming ui-geometry-release.aar (androidx.compose.ui:ui-geometry-android:1.5.4) with LibrarySymbolTableTransform
Transforming ui-tooling-data-release.aar (androidx.compose.ui:ui-tooling-data-android:1.5.4) with IdentityTransform
Transforming ui-tooling-data-release.aar (androidx.compose.ui:ui-tooling-data-android:1.5.4) with ExtractAarTransform
Transforming ui-tooling-data-release.aar (androidx.compose.ui:ui-tooling-data-android:1.5.4) with LibrarySymbolTableTransform
Transforming ui-util-release.aar (androidx.compose.ui:ui-util-android:1.5.4) with IdentityTransform
Transforming ui-util-release.aar (androidx.compose.ui:ui-util-android:1.5.4) with ExtractAarTransform
Transforming ui-util-release.aar (androidx.compose.ui:ui-util-android:1.5.4) with LibrarySymbolTableTransform
Transforming ui-graphics-release.aar (androidx.compose.ui:ui-graphics-android:1.5.4) with IdentityTransform
Transforming ui-graphics-release.aar (androidx.compose.ui:ui-graphics-android:1.5.4) with ExtractAarTransform
Transforming ui-graphics-release.aar (androidx.compose.ui:ui-graphics-android:1.5.4) with LibrarySymbolTableTransform
Transforming ui-text-release.aar (androidx.compose.ui:ui-text-android:1.5.4) with IdentityTransform
Transforming ui-text-release.aar (androidx.compose.ui:ui-text-android:1.5.4) with ExtractAarTransform
Transforming ui-text-release.aar (androidx.compose.ui:ui-text-android:1.5.4) with LibrarySymbolTableTransform
Transforming runtime-saveable-release.aar (androidx.compose.runtime:runtime-saveable-android:1.5.4) with IdentityTransform
Transforming runtime-saveable-release.aar (androidx.compose.runtime:runtime-saveable-android:1.5.4) with ExtractAarTransform
Transforming runtime-saveable-release.aar (androidx.compose.runtime:runtime-saveable-android:1.5.4) with LibrarySymbolTableTransform
Transforming runtime-release.aar (androidx.compose.runtime:runtime-android:1.5.4) with IdentityTransform
Transforming runtime-release.aar (androidx.compose.runtime:runtime-android:1.5.4) with ExtractAarTransform
Transforming runtime-release.aar (androidx.compose.runtime:runtime-android:1.5.4) with LibrarySymbolTableTransform
Transforming runtime-livedata-1.5.4.aar (androidx.compose.runtime:runtime-livedata:1.5.4) with IdentityTransform
Transforming runtime-livedata-1.5.4.aar (androidx.compose.runtime:runtime-livedata:1.5.4) with ExtractAarTransform
Transforming runtime-livedata-1.5.4.aar (androidx.compose.runtime:runtime-livedata:1.5.4) with LibrarySymbolTableTransform
Transforming drawerlayout-1.1.1.aar (androidx.drawerlayout:drawerlayout:1.1.1) with IdentityTransform
Transforming drawerlayout-1.1.1.aar (androidx.drawerlayout:drawerlayout:1.1.1) with ExtractAarTransform
Transforming drawerlayout-1.1.1.aar (androidx.drawerlayout:drawerlayout:1.1.1) with LibrarySymbolTableTransform
Transforming coordinatorlayout-1.1.0.aar (androidx.coordinatorlayout:coordinatorlayout:1.1.0) with IdentityTransform
Transforming coordinatorlayout-1.1.0.aar (androidx.coordinatorlayout:coordinatorlayout:1.1.0) with ExtractAarTransform
Transforming coordinatorlayout-1.1.0.aar (androidx.coordinatorlayout:coordinatorlayout:1.1.0) with LibrarySymbolTableTransform
Transforming dynamicanimation-1.0.0.aar (androidx.dynamicanimation:dynamicanimation:1.0.0) with IdentityTransform
Transforming dynamicanimation-1.0.0.aar (androidx.dynamicanimation:dynamicanimation:1.0.0) with ExtractAarTransform
Transforming dynamicanimation-1.0.0.aar (androidx.dynamicanimation:dynamicanimation:1.0.0) with LibrarySymbolTableTransform
Transforming vectordrawable-animated-1.1.0.aar (androidx.vectordrawable:vectordrawable-animated:1.1.0) with IdentityTransform
Transforming vectordrawable-animated-1.1.0.aar (androidx.vectordrawable:vectordrawable-animated:1.1.0) with ExtractAarTransform
Transforming vectordrawable-animated-1.1.0.aar (androidx.vectordrawable:vectordrawable-animated:1.1.0) with LibrarySymbolTableTransform
Transforming vectordrawable-1.1.0.aar (androidx.vectordrawable:vectordrawable:1.1.0) with IdentityTransform
Transforming vectordrawable-1.1.0.aar (androidx.vectordrawable:vectordrawable:1.1.0) with ExtractAarTransform
Transforming vectordrawable-1.1.0.aar (androidx.vectordrawable:vectordrawable:1.1.0) with LibrarySymbolTableTransform
Transforming vectordrawable-1.1.0.aar (androidx.vectordrawable:vectordrawable:1.1.0) with IdentityTransform
Transforming vectordrawable-1.1.0.aar (androidx.vectordrawable:vectordrawable:1.1.0) with ExtractAarTransform
Transforming vectordrawable-1.1.0.aar (androidx.vectordrawable:vectordrawable:1.1.0) with LibrarySymbolTableTransform
Transforming work-runtime-ktx-2.9.0.aar (androidx.work:work-runtime-ktx:2.9.0) with IdentityTransform
Transforming work-runtime-ktx-2.9.0.aar (androidx.work:work-runtime-ktx:2.9.0) with ExtractAarTransform
Transforming work-runtime-ktx-2.9.0.aar (androidx.work:work-runtime-ktx:2.9.0) with LibrarySymbolTableTransform
Transforming work-runtime-2.9.0.aar (androidx.work:work-runtime:2.9.0) with IdentityTransform
Transforming work-runtime-2.9.0.aar (androidx.work:work-runtime:2.9.0) with ExtractAarTransform
Transforming work-runtime-2.9.0.aar (androidx.work:work-runtime:2.9.0) with LibrarySymbolTableTransform
Transforming recyclerview-1.1.0.aar (androidx.recyclerview:recyclerview:1.1.0) with IdentityTransform
Transforming recyclerview-1.1.0.aar (androidx.recyclerview:recyclerview:1.1.0) with ExtractAarTransform
Transforming recyclerview-1.1.0.aar (androidx.recyclerview:recyclerview:1.1.0) with LibrarySymbolTableTransform
Transforming recyclerview-1.1.0.aar (androidx.recyclerview:recyclerview:1.1.0) with IdentityTransform
Transforming recyclerview-1.1.0.aar (androidx.recyclerview:recyclerview:1.1.0) with ExtractAarTransform
Transforming recyclerview-1.1.0.aar (androidx.recyclerview:recyclerview:1.1.0) with LibrarySymbolTableTransform
Transforming viewpager-1.0.0.aar (androidx.viewpager:viewpager:1.0.0) with IdentityTransform
Transforming viewpager-1.0.0.aar (androidx.viewpager:viewpager:1.0.0) with ExtractAarTransform
Transforming viewpager-1.0.0.aar (androidx.viewpager:viewpager:1.0.0) with LibrarySymbolTableTransform
Transforming slidingpanelayout-1.2.0.aar (androidx.slidingpanelayout:slidingpanelayout:1.2.0) with IdentityTransform
Transforming slidingpanelayout-1.2.0.aar (androidx.slidingpanelayout:slidingpanelayout:1.2.0) with ExtractAarTransform
Transforming slidingpanelayout-1.2.0.aar (androidx.slidingpanelayout:slidingpanelayout:1.2.0) with LibrarySymbolTableTransform
Transforming customview-1.1.0.aar (androidx.customview:customview:1.1.0) with IdentityTransform
Transforming customview-1.1.0.aar (androidx.customview:customview:1.1.0) with ExtractAarTransform
Transforming customview-1.1.0.aar (androidx.customview:customview:1.1.0) with LibrarySymbolTableTransform
Transforming customview-1.1.0.aar (androidx.customview:customview:1.1.0) with IdentityTransform
Transforming customview-1.1.0.aar (androidx.customview:customview:1.1.0) with ExtractAarTransform
Transforming customview-1.1.0.aar (androidx.customview:customview:1.1.0) with LibrarySymbolTableTransform
Transforming legacy-support-core-utils-1.0.0.aar (androidx.legacy:legacy-support-core-utils:1.0.0) with IdentityTransform
Transforming legacy-support-core-utils-1.0.0.aar (androidx.legacy:legacy-support-core-utils:1.0.0) with ExtractAarTransform
Transforming legacy-support-core-utils-1.0.0.aar (androidx.legacy:legacy-support-core-utils:1.0.0) with LibrarySymbolTableTransform
Transforming loader-1.0.0.aar (androidx.loader:loader:1.0.0) with IdentityTransform
Transforming loader-1.0.0.aar (androidx.loader:loader:1.0.0) with ExtractAarTransform
Transforming loader-1.0.0.aar (androidx.loader:loader:1.0.0) with LibrarySymbolTableTransform
Transforming loader-1.0.0.aar (androidx.loader:loader:1.0.0) with IdentityTransform
Transforming loader-1.0.0.aar (androidx.loader:loader:1.0.0) with ExtractAarTransform
Transforming loader-1.0.0.aar (androidx.loader:loader:1.0.0) with LibrarySymbolTableTransform
Transforming transition-1.4.1.aar (androidx.transition:transition:1.4.1) with IdentityTransform
Transforming transition-1.4.1.aar (androidx.transition:transition:1.4.1) with ExtractAarTransform
Transforming transition-1.4.1.aar (androidx.transition:transition:1.4.1) with LibrarySymbolTableTransform
Transforming window-1.0.0.aar (androidx.window:window:1.0.0) with IdentityTransform
Transforming window-1.0.0.aar (androidx.window:window:1.0.0) with ExtractAarTransform
Transforming window-1.0.0.aar (androidx.window:window:1.0.0) with LibrarySymbolTableTransform
Transforming autofill-1.0.0.aar (androidx.autofill:autofill:1.0.0) with IdentityTransform
Transforming autofill-1.0.0.aar (androidx.autofill:autofill:1.0.0) with ExtractAarTransform
Transforming autofill-1.0.0.aar (androidx.autofill:autofill:1.0.0) with LibrarySymbolTableTransform
Transforming emoji2-views-helper-1.4.0.aar (androidx.emoji2:emoji2-views-helper:1.4.0) with IdentityTransform
Transforming emoji2-views-helper-1.4.0.aar (androidx.emoji2:emoji2-views-helper:1.4.0) with ExtractAarTransform
Transforming emoji2-views-helper-1.4.0.aar (androidx.emoji2:emoji2-views-helper:1.4.0) with LibrarySymbolTableTransform
Transforming emoji2-1.4.0.aar (androidx.emoji2:emoji2:1.4.0) with IdentityTransform
Transforming emoji2-1.4.0.aar (androidx.emoji2:emoji2:1.4.0) with ExtractAarTransform
Transforming emoji2-1.4.0.aar (androidx.emoji2:emoji2:1.4.0) with LibrarySymbolTableTransform
Transforming core-1.12.0.aar (androidx.core:core:1.12.0) with IdentityTransform
Transforming core-1.12.0.aar (androidx.core:core:1.12.0) with ExtractAarTransform
Transforming core-1.12.0.aar (androidx.core:core:1.12.0) with LibrarySymbolTableTransform
Transforming core-1.12.0.aar (androidx.core:core:1.12.0) with IdentityTransform
Transforming core-1.12.0.aar (androidx.core:core:1.12.0) with ExtractAarTransform
Transforming core-1.12.0.aar (androidx.core:core:1.12.0) with LibrarySymbolTableTransform
Transforming lifecycle-livedata-core-2.7.0.aar (androidx.lifecycle:lifecycle-livedata-core:2.7.0) with IdentityTransform
Transforming lifecycle-livedata-core-2.7.0.aar (androidx.lifecycle:lifecycle-livedata-core:2.7.0) with ExtractAarTransform
Transforming lifecycle-livedata-core-2.7.0.aar (androidx.lifecycle:lifecycle-livedata-core:2.7.0) with LibrarySymbolTableTransform
Transforming savedstate-ktx-1.2.1.aar (androidx.savedstate:savedstate-ktx:1.2.1) with IdentityTransform
Transforming savedstate-ktx-1.2.1.aar (androidx.savedstate:savedstate-ktx:1.2.1) with ExtractAarTransform
Transforming savedstate-ktx-1.2.1.aar (androidx.savedstate:savedstate-ktx:1.2.1) with LibrarySymbolTableTransform
Transforming savedstate-1.2.1.aar (androidx.savedstate:savedstate:1.2.1) with IdentityTransform
Transforming savedstate-1.2.1.aar (androidx.savedstate:savedstate:1.2.1) with ExtractAarTransform
Transforming savedstate-1.2.1.aar (androidx.savedstate:savedstate:1.2.1) with LibrarySymbolTableTransform
Transforming lifecycle-viewmodel-savedstate-2.7.0.aar (androidx.lifecycle:lifecycle-viewmodel-savedstate:2.7.0) with IdentityTransform
Transforming lifecycle-viewmodel-savedstate-2.7.0.aar (androidx.lifecycle:lifecycle-viewmodel-savedstate:2.7.0) with ExtractAarTransform
Transforming lifecycle-viewmodel-savedstate-2.7.0.aar (androidx.lifecycle:lifecycle-viewmodel-savedstate:2.7.0) with LibrarySymbolTableTransform
Transforming lifecycle-livedata-core-ktx-2.7.0.aar (androidx.lifecycle:lifecycle-livedata-core-ktx:2.7.0) with IdentityTransform
Transforming lifecycle-livedata-core-ktx-2.7.0.aar (androidx.lifecycle:lifecycle-livedata-core-ktx:2.7.0) with ExtractAarTransform
Transforming lifecycle-livedata-core-ktx-2.7.0.aar (androidx.lifecycle:lifecycle-livedata-core-ktx:2.7.0) with LibrarySymbolTableTransform
Transforming lifecycle-viewmodel-2.7.0.aar (androidx.lifecycle:lifecycle-viewmodel:2.7.0) with IdentityTransform
Transforming lifecycle-viewmodel-2.7.0.aar (androidx.lifecycle:lifecycle-viewmodel:2.7.0) with ExtractAarTransform
Transforming lifecycle-viewmodel-2.7.0.aar (androidx.lifecycle:lifecycle-viewmodel:2.7.0) with LibrarySymbolTableTransform
Transforming lifecycle-viewmodel-2.7.0.aar (androidx.lifecycle:lifecycle-viewmodel:2.7.0) with IdentityTransform
Transforming lifecycle-viewmodel-2.7.0.aar (androidx.lifecycle:lifecycle-viewmodel:2.7.0) with ExtractAarTransform
Transforming lifecycle-viewmodel-2.7.0.aar (androidx.lifecycle:lifecycle-viewmodel:2.7.0) with LibrarySymbolTableTransform
Transforming lifecycle-service-2.7.0.aar (androidx.lifecycle:lifecycle-service:2.7.0) with IdentityTransform
Transforming lifecycle-service-2.7.0.aar (androidx.lifecycle:lifecycle-service:2.7.0) with ExtractAarTransform
Transforming lifecycle-service-2.7.0.aar (androidx.lifecycle:lifecycle-service:2.7.0) with LibrarySymbolTableTransform
Transforming lifecycle-runtime-ktx-2.7.0.aar (androidx.lifecycle:lifecycle-runtime-ktx:2.7.0) with IdentityTransform
Transforming lifecycle-runtime-ktx-2.7.0.aar (androidx.lifecycle:lifecycle-runtime-ktx:2.7.0) with ExtractAarTransform
Transforming lifecycle-runtime-ktx-2.7.0.aar (androidx.lifecycle:lifecycle-runtime-ktx:2.7.0) with LibrarySymbolTableTransform
Transforming lifecycle-runtime-2.7.0.aar (androidx.lifecycle:lifecycle-runtime:2.7.0) with IdentityTransform
Transforming lifecycle-runtime-2.7.0.aar (androidx.lifecycle:lifecycle-runtime:2.7.0) with ExtractAarTransform
Transforming lifecycle-runtime-2.7.0.aar (androidx.lifecycle:lifecycle-runtime:2.7.0) with LibrarySymbolTableTransform
Transforming lifecycle-process-2.7.0.aar (androidx.lifecycle:lifecycle-process:2.7.0) with IdentityTransform
Transforming lifecycle-process-2.7.0.aar (androidx.lifecycle:lifecycle-process:2.7.0) with ExtractAarTransform
Transforming lifecycle-process-2.7.0.aar (androidx.lifecycle:lifecycle-process:2.7.0) with LibrarySymbolTableTransform
Transforming lifecycle-livedata-2.7.0.aar (androidx.lifecycle:lifecycle-livedata:2.7.0) with IdentityTransform
Transforming lifecycle-livedata-2.7.0.aar (androidx.lifecycle:lifecycle-livedata:2.7.0) with ExtractAarTransform
Transforming lifecycle-livedata-2.7.0.aar (androidx.lifecycle:lifecycle-livedata:2.7.0) with LibrarySymbolTableTransform
Transforming lifecycle-livedata-2.7.0.aar (androidx.lifecycle:lifecycle-livedata:2.7.0) with IdentityTransform
Transforming lifecycle-livedata-2.7.0.aar (androidx.lifecycle:lifecycle-livedata:2.7.0) with ExtractAarTransform
Transforming lifecycle-livedata-2.7.0.aar (androidx.lifecycle:lifecycle-livedata:2.7.0) with LibrarySymbolTableTransform
Transforming lifecycle-viewmodel-ktx-2.7.0.aar (androidx.lifecycle:lifecycle-viewmodel-ktx:2.7.0) with IdentityTransform
Transforming lifecycle-viewmodel-ktx-2.7.0.aar (androidx.lifecycle:lifecycle-viewmodel-ktx:2.7.0) with ExtractAarTransform
Transforming lifecycle-viewmodel-ktx-2.7.0.aar (androidx.lifecycle:lifecycle-viewmodel-ktx:2.7.0) with LibrarySymbolTableTransform
Transforming lifecycle-livedata-ktx-2.7.0.aar (androidx.lifecycle:lifecycle-livedata-ktx:2.7.0) with IdentityTransform
Transforming lifecycle-livedata-ktx-2.7.0.aar (androidx.lifecycle:lifecycle-livedata-ktx:2.7.0) with ExtractAarTransform
Transforming lifecycle-livedata-ktx-2.7.0.aar (androidx.lifecycle:lifecycle-livedata-ktx:2.7.0) with LibrarySymbolTableTransform
Transforming lifecycle-viewmodel-compose-2.7.0.aar (androidx.lifecycle:lifecycle-viewmodel-compose:2.7.0) with IdentityTransform
Transforming lifecycle-viewmodel-compose-2.7.0.aar (androidx.lifecycle:lifecycle-viewmodel-compose:2.7.0) with ExtractAarTransform
Transforming lifecycle-viewmodel-compose-2.7.0.aar (androidx.lifecycle:lifecycle-viewmodel-compose:2.7.0) with LibrarySymbolTableTransform
Transforming ui-release.aar (androidx.compose.ui:ui-android:1.5.4) with IdentityTransform
Transforming ui-release.aar (androidx.compose.ui:ui-android:1.5.4) with ExtractAarTransform
Transforming ui-release.aar (androidx.compose.ui:ui-android:1.5.4) with LibrarySymbolTableTransform
Transforming ui-tooling-preview-release.aar (androidx.compose.ui:ui-tooling-preview-android:1.5.4) with IdentityTransform
Transforming ui-tooling-preview-release.aar (androidx.compose.ui:ui-tooling-preview-android:1.5.4) with ExtractAarTransform
Transforming ui-tooling-preview-release.aar (androidx.compose.ui:ui-tooling-preview-android:1.5.4) with LibrarySymbolTableTransform
Transforming ui-tooling-release.aar (androidx.compose.ui:ui-tooling-android:1.5.4) with IdentityTransform
Transforming ui-tooling-release.aar (androidx.compose.ui:ui-tooling-android:1.5.4) with ExtractAarTransform
Transforming ui-tooling-release.aar (androidx.compose.ui:ui-tooling-android:1.5.4) with LibrarySymbolTableTransform
Transforming ui-test-manifest-1.5.4.aar (androidx.compose.ui:ui-test-manifest:1.5.4) with IdentityTransform
Transforming ui-test-manifest-1.5.4.aar (androidx.compose.ui:ui-test-manifest:1.5.4) with ExtractAarTransform
Transforming ui-test-manifest-1.5.4.aar (androidx.compose.ui:ui-test-manifest:1.5.4) with LibrarySymbolTableTransform
Transforming activity-1.8.2.aar (androidx.activity:activity:1.8.2) with IdentityTransform
Transforming activity-1.8.2.aar (androidx.activity:activity:1.8.2) with ExtractAarTransform
Transforming activity-1.8.2.aar (androidx.activity:activity:1.8.2) with LibrarySymbolTableTransform
Transforming activity-compose-1.8.2.aar (androidx.activity:activity-compose:1.8.2) with IdentityTransform
Transforming activity-compose-1.8.2.aar (androidx.activity:activity-compose:1.8.2) with ExtractAarTransform
Transforming activity-compose-1.8.2.aar (androidx.activity:activity-compose:1.8.2) with LibrarySymbolTableTransform
Transforming activity-ktx-1.8.2.aar (androidx.activity:activity-ktx:1.8.2) with IdentityTransform
Transforming activity-ktx-1.8.2.aar (androidx.activity:activity-ktx:1.8.2) with ExtractAarTransform
Transforming activity-ktx-1.8.2.aar (androidx.activity:activity-ktx:1.8.2) with LibrarySymbolTableTransform
Transforming customview-poolingcontainer-1.0.0.aar (androidx.customview:customview-poolingcontainer:1.0.0) with IdentityTransform
Transforming customview-poolingcontainer-1.0.0.aar (androidx.customview:customview-poolingcontainer:1.0.0) with ExtractAarTransform
Transforming customview-poolingcontainer-1.0.0.aar (androidx.customview:customview-poolingcontainer:1.0.0) with LibrarySymbolTableTransform
Transforming core-ktx-1.12.0.aar (androidx.core:core-ktx:1.12.0) with IdentityTransform
Transforming core-ktx-1.12.0.aar (androidx.core:core-ktx:1.12.0) with ExtractAarTransform
Transforming core-ktx-1.12.0.aar (androidx.core:core-ktx:1.12.0) with LibrarySymbolTableTransform
Transforming room-runtime-2.6.1.aar (androidx.room:room-runtime:2.6.1) with IdentityTransform
Transforming room-runtime-2.6.1.aar (androidx.room:room-runtime:2.6.1) with ExtractAarTransform
Transforming room-runtime-2.6.1.aar (androidx.room:room-runtime:2.6.1) with LibrarySymbolTableTransform
Transforming room-ktx-2.6.1.aar (androidx.room:room-ktx:2.6.1) with IdentityTransform
Transforming room-ktx-2.6.1.aar (androidx.room:room-ktx:2.6.1) with ExtractAarTransform
Transforming room-ktx-2.6.1.aar (androidx.room:room-ktx:2.6.1) with LibrarySymbolTableTransform
Transforming timber-5.0.1.aar (com.jakewharton.timber:timber:5.0.1) with IdentityTransform
Transforming timber-5.0.1.aar (com.jakewharton.timber:timber:5.0.1) with ExtractAarTransform
Transforming timber-5.0.1.aar (com.jakewharton.timber:timber:5.0.1) with LibrarySymbolTableTransform
Transforming sqlite-framework-2.4.0.aar (androidx.sqlite:sqlite-framework:2.4.0) with IdentityTransform
Transforming sqlite-framework-2.4.0.aar (androidx.sqlite:sqlite-framework:2.4.0) with ExtractAarTransform
Transforming sqlite-framework-2.4.0.aar (androidx.sqlite:sqlite-framework:2.4.0) with LibrarySymbolTableTransform
Transforming sqlite-2.4.0.aar (androidx.sqlite:sqlite:2.4.0) with IdentityTransform
Transforming sqlite-2.4.0.aar (androidx.sqlite:sqlite:2.4.0) with ExtractAarTransform
Transforming sqlite-2.4.0.aar (androidx.sqlite:sqlite:2.4.0) with LibrarySymbolTableTransform
Transforming annotation-experimental-1.3.0.aar (androidx.annotation:annotation-experimental:1.3.0) with IdentityTransform
Transforming annotation-experimental-1.3.0.aar (androidx.annotation:annotation-experimental:1.3.0) with ExtractAarTransform
Transforming annotation-experimental-1.3.0.aar (androidx.annotation:annotation-experimental:1.3.0) with LibrarySymbolTableTransform
Transforming cursoradapter-1.0.0.aar (androidx.cursoradapter:cursoradapter:1.0.0) with IdentityTransform
Transforming cursoradapter-1.0.0.aar (androidx.cursoradapter:cursoradapter:1.0.0) with ExtractAarTransform
Transforming cursoradapter-1.0.0.aar (androidx.cursoradapter:cursoradapter:1.0.0) with LibrarySymbolTableTransform
Transforming cardview-1.0.0.aar (androidx.cardview:cardview:1.0.0) with IdentityTransform
Transforming cardview-1.0.0.aar (androidx.cardview:cardview:1.0.0) with ExtractAarTransform
Transforming cardview-1.0.0.aar (androidx.cardview:cardview:1.0.0) with LibrarySymbolTableTransform
Transforming core-runtime-2.2.0.aar (androidx.arch.core:core-runtime:2.2.0) with IdentityTransform
Transforming core-runtime-2.2.0.aar (androidx.arch.core:core-runtime:2.2.0) with ExtractAarTransform
Transforming core-runtime-2.2.0.aar (androidx.arch.core:core-runtime:2.2.0) with LibrarySymbolTableTransform
Transforming gifdecoder-4.16.0.aar (com.github.bumptech.glide:gifdecoder:4.16.0) with IdentityTransform
Transforming gifdecoder-4.16.0.aar (com.github.bumptech.glide:gifdecoder:4.16.0) with ExtractAarTransform
Transforming gifdecoder-4.16.0.aar (com.github.bumptech.glide:gifdecoder:4.16.0) with LibrarySymbolTableTransform
Transforming exifinterface-1.3.6.aar (androidx.exifinterface:exifinterface:1.3.6) with IdentityTransform
Transforming exifinterface-1.3.6.aar (androidx.exifinterface:exifinterface:1.3.6) with ExtractAarTransform
Transforming exifinterface-1.3.6.aar (androidx.exifinterface:exifinterface:1.3.6) with LibrarySymbolTableTransform
Transforming profileinstaller-1.3.0.aar (androidx.profileinstaller:profileinstaller:1.3.0) with IdentityTransform
Transforming profileinstaller-1.3.0.aar (androidx.profileinstaller:profileinstaller:1.3.0) with ExtractAarTransform
Transforming profileinstaller-1.3.0.aar (androidx.profileinstaller:profileinstaller:1.3.0) with LibrarySymbolTableTransform
Transforming startup-runtime-1.1.1.aar (androidx.startup:startup-runtime:1.1.1) with IdentityTransform
Transforming startup-runtime-1.1.1.aar (androidx.startup:startup-runtime:1.1.1) with ExtractAarTransform
Transforming startup-runtime-1.1.1.aar (androidx.startup:startup-runtime:1.1.1) with LibrarySymbolTableTransform
Transforming tracing-1.0.0.aar (androidx.tracing:tracing:1.0.0) with IdentityTransform
Transforming tracing-1.0.0.aar (androidx.tracing:tracing:1.0.0) with ExtractAarTransform
Transforming tracing-1.0.0.aar (androidx.tracing:tracing:1.0.0) with LibrarySymbolTableTransform
Transforming interpolator-1.0.0.aar (androidx.interpolator:interpolator:1.0.0) with IdentityTransform
Transforming interpolator-1.0.0.aar (androidx.interpolator:interpolator:1.0.0) with ExtractAarTransform
Transforming interpolator-1.0.0.aar (androidx.interpolator:interpolator:1.0.0) with LibrarySymbolTableTransform
Transforming interpolator-1.0.0.aar (androidx.interpolator:interpolator:1.0.0) with IdentityTransform
Transforming interpolator-1.0.0.aar (androidx.interpolator:interpolator:1.0.0) with ExtractAarTransform
Transforming interpolator-1.0.0.aar (androidx.interpolator:interpolator:1.0.0) with LibrarySymbolTableTransform
Transforming versionedparcelable-1.1.1.aar (androidx.versionedparcelable:versionedparcelable:1.1.1) with IdentityTransform
Transforming versionedparcelable-1.1.1.aar (androidx.versionedparcelable:versionedparcelable:1.1.1) with ExtractAarTransform
Transforming versionedparcelable-1.1.1.aar (androidx.versionedparcelable:versionedparcelable:1.1.1) with LibrarySymbolTableTransform
Transforming documentfile-1.0.0.aar (androidx.documentfile:documentfile:1.0.0) with IdentityTransform
Transforming documentfile-1.0.0.aar (androidx.documentfile:documentfile:1.0.0) with ExtractAarTransform
Transforming documentfile-1.0.0.aar (androidx.documentfile:documentfile:1.0.0) with LibrarySymbolTableTransform
Transforming localbroadcastmanager-1.0.0.aar (androidx.localbroadcastmanager:localbroadcastmanager:1.0.0) with IdentityTransform
Transforming localbroadcastmanager-1.0.0.aar (androidx.localbroadcastmanager:localbroadcastmanager:1.0.0) with ExtractAarTransform
Transforming localbroadcastmanager-1.0.0.aar (androidx.localbroadcastmanager:localbroadcastmanager:1.0.0) with LibrarySymbolTableTransform
Transforming print-1.0.0.aar (androidx.print:print:1.0.0) with IdentityTransform
Transforming print-1.0.0.aar (androidx.print:print:1.0.0) with ExtractAarTransform
Transforming print-1.0.0.aar (androidx.print:print:1.0.0) with LibrarySymbolTableTransform
Transforming dagger-lint-aar-2.46.1.aar (com.google.dagger:dagger-lint-aar:2.46.1) with IdentityTransform
Transforming dagger-lint-aar-2.46.1.aar (com.google.dagger:dagger-lint-aar:2.46.1) with ExtractAarTransform
Transforming dagger-lint-aar-2.46.1.aar (com.google.dagger:dagger-lint-aar:2.46.1) with LibrarySymbolTableTransform
Caching disabled for task ':app:javaPreCompileDebug' because:
  Build cache is disabled
Task ':app:javaPreCompileDebug' is not up-to-date because:
  Output property 'annotationProcessorListFile' file C:\Users\leoja\AndroidStudioProjects\PaleobyLeoRecipes\app\build\intermediates\annotation_processor_list\debug\annotationProcessors.json has been removed.

> Task :app:mergeDebugAssets
Transforming databinding-adapters-8.1.0.aar (androidx.databinding:databinding-adapters:8.1.0) with IdentityTransform
Transforming databinding-adapters-8.1.0.aar (androidx.databinding:databinding-adapters:8.1.0) with ExtractAarTransform
Transforming databinding-adapters-8.1.0.aar (androidx.databinding:databinding-adapters:8.1.0) with AarTransform
Transforming databinding-ktx-8.1.0.aar (androidx.databinding:databinding-ktx:8.1.0) with IdentityTransform
Transforming databinding-ktx-8.1.0.aar (androidx.databinding:databinding-ktx:8.1.0) with ExtractAarTransform
Transforming databinding-ktx-8.1.0.aar (androidx.databinding:databinding-ktx:8.1.0) with AarTransform
Transforming databinding-runtime-8.1.0.aar (androidx.databinding:databinding-runtime:8.1.0) with IdentityTransform
Transforming databinding-runtime-8.1.0.aar (androidx.databinding:databinding-runtime:8.1.0) with ExtractAarTransform
Transforming databinding-runtime-8.1.0.aar (androidx.databinding:databinding-runtime:8.1.0) with AarTransform
Transforming viewbinding-8.1.0.aar (androidx.databinding:viewbinding:8.1.0) with IdentityTransform
Transforming viewbinding-8.1.0.aar (androidx.databinding:viewbinding:8.1.0) with ExtractAarTransform
Transforming viewbinding-8.1.0.aar (androidx.databinding:viewbinding:8.1.0) with AarTransform
Transforming navigation-common-2.7.6.aar (androidx.navigation:navigation-common:2.7.6) with IdentityTransform
Transforming navigation-common-2.7.6.aar (androidx.navigation:navigation-common:2.7.6) with ExtractAarTransform
Transforming navigation-common-2.7.6.aar (androidx.navigation:navigation-common:2.7.6) with AarTransform
Transforming navigation-common-ktx-2.7.6.aar (androidx.navigation:navigation-common-ktx:2.7.6) with IdentityTransform
Transforming navigation-common-ktx-2.7.6.aar (androidx.navigation:navigation-common-ktx:2.7.6) with ExtractAarTransform
Transforming navigation-common-ktx-2.7.6.aar (androidx.navigation:navigation-common-ktx:2.7.6) with AarTransform
Transforming navigation-runtime-2.7.6.aar (androidx.navigation:navigation-runtime:2.7.6) with IdentityTransform
Transforming navigation-runtime-2.7.6.aar (androidx.navigation:navigation-runtime:2.7.6) with ExtractAarTransform
Transforming navigation-runtime-2.7.6.aar (androidx.navigation:navigation-runtime:2.7.6) with AarTransform
Transforming navigation-runtime-ktx-2.7.6.aar (androidx.navigation:navigation-runtime-ktx:2.7.6) with IdentityTransform
Transforming navigation-runtime-ktx-2.7.6.aar (androidx.navigation:navigation-runtime-ktx:2.7.6) with ExtractAarTransform
Transforming navigation-runtime-ktx-2.7.6.aar (androidx.navigation:navigation-runtime-ktx:2.7.6) with AarTransform
Transforming navigation-fragment-2.7.6.aar (androidx.navigation:navigation-fragment:2.7.6) with IdentityTransform
Transforming navigation-fragment-2.7.6.aar (androidx.navigation:navigation-fragment:2.7.6) with ExtractAarTransform
Transforming navigation-fragment-2.7.6.aar (androidx.navigation:navigation-fragment:2.7.6) with AarTransform
Transforming navigation-fragment-ktx-2.7.6.aar (androidx.navigation:navigation-fragment-ktx:2.7.6) with IdentityTransform
Transforming navigation-fragment-ktx-2.7.6.aar (androidx.navigation:navigation-fragment-ktx:2.7.6) with ExtractAarTransform
Transforming navigation-fragment-ktx-2.7.6.aar (androidx.navigation:navigation-fragment-ktx:2.7.6) with AarTransform
Transforming navigation-ui-ktx-2.7.6.aar (androidx.navigation:navigation-ui-ktx:2.7.6) with IdentityTransform
Transforming navigation-ui-ktx-2.7.6.aar (androidx.navigation:navigation-ui-ktx:2.7.6) with ExtractAarTransform
Transforming navigation-ui-ktx-2.7.6.aar (androidx.navigation:navigation-ui-ktx:2.7.6) with AarTransform
Transforming navigation-ui-2.7.6.aar (androidx.navigation:navigation-ui:2.7.6) with IdentityTransform
Transforming navigation-ui-2.7.6.aar (androidx.navigation:navigation-ui:2.7.6) with ExtractAarTransform
Transforming navigation-ui-2.7.6.aar (androidx.navigation:navigation-ui:2.7.6) with AarTransform
Transforming material-1.11.0.aar (com.google.android.material:material:1.11.0) with IdentityTransform
Transforming material-1.11.0.aar (com.google.android.material:material:1.11.0) with ExtractAarTransform
Transforming material-1.11.0.aar (com.google.android.material:material:1.11.0) with AarTransform
Transforming constraintlayout-2.1.4.aar (androidx.constraintlayout:constraintlayout:2.1.4) with IdentityTransform
Transforming constraintlayout-2.1.4.aar (androidx.constraintlayout:constraintlayout:2.1.4) with ExtractAarTransform
Transforming constraintlayout-2.1.4.aar (androidx.constraintlayout:constraintlayout:2.1.4) with AarTransform
Transforming appcompat-resources-1.6.1.aar (androidx.appcompat:appcompat-resources:1.6.1) with IdentityTransform
Transforming appcompat-resources-1.6.1.aar (androidx.appcompat:appcompat-resources:1.6.1) with ExtractAarTransform
Transforming appcompat-resources-1.6.1.aar (androidx.appcompat:appcompat-resources:1.6.1) with AarTransform
Transforming appcompat-1.6.1.aar (androidx.appcompat:appcompat:1.6.1) with IdentityTransform
Transforming appcompat-1.6.1.aar (androidx.appcompat:appcompat:1.6.1) with ExtractAarTransform
Transforming appcompat-1.6.1.aar (androidx.appcompat:appcompat:1.6.1) with AarTransform
Transforming hilt-work-1.0.0.aar (androidx.hilt:hilt-work:1.0.0) with IdentityTransform
Transforming hilt-work-1.0.0.aar (androidx.hilt:hilt-work:1.0.0) with ExtractAarTransform
Transforming hilt-work-1.0.0.aar (androidx.hilt:hilt-work:1.0.0) with AarTransform
Transforming hilt-android-2.46.1.aar (com.google.dagger:hilt-android:2.46.1) with IdentityTransform
Transforming hilt-android-2.46.1.aar (com.google.dagger:hilt-android:2.46.1) with ExtractAarTransform
Transforming hilt-android-2.46.1.aar (com.google.dagger:hilt-android:2.46.1) with AarTransform
Transforming okhttp3-integration-4.16.0.aar (com.github.bumptech.glide:okhttp3-integration:4.16.0) with IdentityTransform
Transforming okhttp3-integration-4.16.0.aar (com.github.bumptech.glide:okhttp3-integration:4.16.0) with ExtractAarTransform
Transforming okhttp3-integration-4.16.0.aar (com.github.bumptech.glide:okhttp3-integration:4.16.0) with AarTransform
Transforming glide-4.16.0.aar (com.github.bumptech.glide:glide:4.16.0) with IdentityTransform
Transforming glide-4.16.0.aar (com.github.bumptech.glide:glide:4.16.0) with ExtractAarTransform
Transforming glide-4.16.0.aar (com.github.bumptech.glide:glide:4.16.0) with AarTransform
Transforming viewpager2-1.0.0.aar (androidx.viewpager2:viewpager2:1.0.0) with IdentityTransform
Transforming viewpager2-1.0.0.aar (androidx.viewpager2:viewpager2:1.0.0) with ExtractAarTransform
Transforming viewpager2-1.0.0.aar (androidx.viewpager2:viewpager2:1.0.0) with AarTransform
Transforming fragment-1.6.2.aar (androidx.fragment:fragment:1.6.2) with IdentityTransform
Transforming fragment-1.6.2.aar (androidx.fragment:fragment:1.6.2) with ExtractAarTransform
Transforming fragment-1.6.2.aar (androidx.fragment:fragment:1.6.2) with AarTransform
Transforming fragment-1.6.2.aar (androidx.fragment:fragment:1.6.2) with IdentityTransform
Transforming fragment-1.6.2.aar (androidx.fragment:fragment:1.6.2) with ExtractAarTransform
Transforming fragment-1.6.2.aar (androidx.fragment:fragment:1.6.2) with AarTransform
Transforming fragment-ktx-1.6.2.aar (androidx.fragment:fragment-ktx:1.6.2) with IdentityTransform
Transforming fragment-ktx-1.6.2.aar (androidx.fragment:fragment-ktx:1.6.2) with ExtractAarTransform
Transforming fragment-ktx-1.6.2.aar (androidx.fragment:fragment-ktx:1.6.2) with AarTransform
Transforming material3-1.1.2.aar (androidx.compose.material3:material3:1.1.2) with IdentityTransform
Transforming material3-1.1.2.aar (androidx.compose.material3:material3:1.1.2) with ExtractAarTransform
Transforming material3-1.1.2.aar (androidx.compose.material3:material3:1.1.2) with AarTransform
Transforming material-ripple-release.aar (androidx.compose.material:material-ripple-android:1.5.4) with IdentityTransform
Transforming material-ripple-release.aar (androidx.compose.material:material-ripple-android:1.5.4) with ExtractAarTransform
Transforming material-ripple-release.aar (androidx.compose.material:material-ripple-android:1.5.4) with AarTransform
Transforming material-icons-core-release.aar (androidx.compose.material:material-icons-core-android:1.5.4) with IdentityTransform
Transforming material-icons-core-release.aar (androidx.compose.material:material-icons-core-android:1.5.4) with ExtractAarTransform
Transforming material-icons-core-release.aar (androidx.compose.material:material-icons-core-android:1.5.4) with AarTransform
Transforming material-release.aar (androidx.compose.material:material-android:1.5.4) with IdentityTransform
Transforming material-release.aar (androidx.compose.material:material-android:1.5.4) with ExtractAarTransform
Transforming material-release.aar (androidx.compose.material:material-android:1.5.4) with AarTransform
Transforming animation-core-release.aar (androidx.compose.animation:animation-core-android:1.5.4) with IdentityTransform
Transforming animation-core-release.aar (androidx.compose.animation:animation-core-android:1.5.4) with ExtractAarTransform
Transforming animation-core-release.aar (androidx.compose.animation:animation-core-android:1.5.4) with AarTransform
Transforming animation-release.aar (androidx.compose.animation:animation-android:1.5.4) with IdentityTransform
Transforming animation-release.aar (androidx.compose.animation:animation-android:1.5.4) with ExtractAarTransform
Transforming animation-release.aar (androidx.compose.animation:animation-android:1.5.4) with AarTransform
Transforming foundation-layout-release.aar (androidx.compose.foundation:foundation-layout-android:1.5.4) with IdentityTransform
Transforming foundation-layout-release.aar (androidx.compose.foundation:foundation-layout-android:1.5.4) with ExtractAarTransform
Transforming foundation-layout-release.aar (androidx.compose.foundation:foundation-layout-android:1.5.4) with AarTransform
Transforming foundation-release.aar (androidx.compose.foundation:foundation-android:1.5.4) with IdentityTransform
Transforming foundation-release.aar (androidx.compose.foundation:foundation-android:1.5.4) with ExtractAarTransform
Transforming foundation-release.aar (androidx.compose.foundation:foundation-android:1.5.4) with AarTransform
Transforming ui-unit-release.aar (androidx.compose.ui:ui-unit-android:1.5.4) with IdentityTransform
Transforming ui-unit-release.aar (androidx.compose.ui:ui-unit-android:1.5.4) with ExtractAarTransform
Transforming ui-unit-release.aar (androidx.compose.ui:ui-unit-android:1.5.4) with AarTransform
Transforming ui-geometry-release.aar (androidx.compose.ui:ui-geometry-android:1.5.4) with IdentityTransform
Transforming ui-geometry-release.aar (androidx.compose.ui:ui-geometry-android:1.5.4) with ExtractAarTransform
Transforming ui-geometry-release.aar (androidx.compose.ui:ui-geometry-android:1.5.4) with AarTransform
Transforming ui-tooling-data-release.aar (androidx.compose.ui:ui-tooling-data-android:1.5.4) with IdentityTransform
Transforming ui-tooling-data-release.aar (androidx.compose.ui:ui-tooling-data-android:1.5.4) with ExtractAarTransform
Transforming ui-tooling-data-release.aar (androidx.compose.ui:ui-tooling-data-android:1.5.4) with AarTransform
Transforming ui-util-release.aar (androidx.compose.ui:ui-util-android:1.5.4) with IdentityTransform
Transforming ui-util-release.aar (androidx.compose.ui:ui-util-android:1.5.4) with ExtractAarTransform
Transforming ui-util-release.aar (androidx.compose.ui:ui-util-android:1.5.4) with AarTransform
Transforming ui-graphics-release.aar (androidx.compose.ui:ui-graphics-android:1.5.4) with IdentityTransform
Transforming ui-graphics-release.aar (androidx.compose.ui:ui-graphics-android:1.5.4) with ExtractAarTransform
Transforming ui-graphics-release.aar (androidx.compose.ui:ui-graphics-android:1.5.4) with AarTransform
Transforming ui-text-release.aar (androidx.compose.ui:ui-text-android:1.5.4) with IdentityTransform
Transforming ui-text-release.aar (androidx.compose.ui:ui-text-android:1.5.4) with ExtractAarTransform
Transforming ui-text-release.aar (androidx.compose.ui:ui-text-android:1.5.4) with AarTransform
Transforming runtime-saveable-release.aar (androidx.compose.runtime:runtime-saveable-android:1.5.4) with IdentityTransform
Transforming runtime-saveable-release.aar (androidx.compose.runtime:runtime-saveable-android:1.5.4) with ExtractAarTransform
Transforming runtime-saveable-release.aar (androidx.compose.runtime:runtime-saveable-android:1.5.4) with AarTransform
Transforming runtime-release.aar (androidx.compose.runtime:runtime-android:1.5.4) with IdentityTransform
Transforming runtime-release.aar (androidx.compose.runtime:runtime-android:1.5.4) with ExtractAarTransform
Transforming runtime-release.aar (androidx.compose.runtime:runtime-android:1.5.4) with AarTransform
Transforming runtime-livedata-1.5.4.aar (androidx.compose.runtime:runtime-livedata:1.5.4) with IdentityTransform
Transforming runtime-livedata-1.5.4.aar (androidx.compose.runtime:runtime-livedata:1.5.4) with ExtractAarTransform
Transforming runtime-livedata-1.5.4.aar (androidx.compose.runtime:runtime-livedata:1.5.4) with AarTransform
Transforming drawerlayout-1.1.1.aar (androidx.drawerlayout:drawerlayout:1.1.1) with IdentityTransform
Transforming drawerlayout-1.1.1.aar (androidx.drawerlayout:drawerlayout:1.1.1) with ExtractAarTransform
Transforming drawerlayout-1.1.1.aar (androidx.drawerlayout:drawerlayout:1.1.1) with AarTransform
Transforming coordinatorlayout-1.1.0.aar (androidx.coordinatorlayout:coordinatorlayout:1.1.0) with IdentityTransform
Transforming coordinatorlayout-1.1.0.aar (androidx.coordinatorlayout:coordinatorlayout:1.1.0) with ExtractAarTransform
Transforming coordinatorlayout-1.1.0.aar (androidx.coordinatorlayout:coordinatorlayout:1.1.0) with AarTransform
Transforming dynamicanimation-1.0.0.aar (androidx.dynamicanimation:dynamicanimation:1.0.0) with IdentityTransform
Transforming dynamicanimation-1.0.0.aar (androidx.dynamicanimation:dynamicanimation:1.0.0) with ExtractAarTransform
Transforming dynamicanimation-1.0.0.aar (androidx.dynamicanimation:dynamicanimation:1.0.0) with AarTransform
Transforming vectordrawable-animated-1.1.0.aar (androidx.vectordrawable:vectordrawable-animated:1.1.0) with IdentityTransform
Transforming vectordrawable-animated-1.1.0.aar (androidx.vectordrawable:vectordrawable-animated:1.1.0) with ExtractAarTransform
Transforming vectordrawable-animated-1.1.0.aar (androidx.vectordrawable:vectordrawable-animated:1.1.0) with AarTransform
Transforming vectordrawable-1.1.0.aar (androidx.vectordrawable:vectordrawable:1.1.0) with IdentityTransform
Transforming vectordrawable-1.1.0.aar (androidx.vectordrawable:vectordrawable:1.1.0) with ExtractAarTransform
Transforming vectordrawable-1.1.0.aar (androidx.vectordrawable:vectordrawable:1.1.0) with AarTransform
Transforming vectordrawable-1.1.0.aar (androidx.vectordrawable:vectordrawable:1.1.0) with IdentityTransform
Transforming vectordrawable-1.1.0.aar (androidx.vectordrawable:vectordrawable:1.1.0) with ExtractAarTransform
Transforming vectordrawable-1.1.0.aar (androidx.vectordrawable:vectordrawable:1.1.0) with AarTransform
Transforming work-runtime-ktx-2.9.0.aar (androidx.work:work-runtime-ktx:2.9.0) with IdentityTransform
Transforming work-runtime-ktx-2.9.0.aar (androidx.work:work-runtime-ktx:2.9.0) with ExtractAarTransform
Transforming work-runtime-ktx-2.9.0.aar (androidx.work:work-runtime-ktx:2.9.0) with AarTransform
Transforming work-runtime-2.9.0.aar (androidx.work:work-runtime:2.9.0) with IdentityTransform
Transforming work-runtime-2.9.0.aar (androidx.work:work-runtime:2.9.0) with ExtractAarTransform
Transforming work-runtime-2.9.0.aar (androidx.work:work-runtime:2.9.0) with AarTransform
Transforming recyclerview-1.1.0.aar (androidx.recyclerview:recyclerview:1.1.0) with IdentityTransform
Transforming recyclerview-1.1.0.aar (androidx.recyclerview:recyclerview:1.1.0) with ExtractAarTransform
Transforming recyclerview-1.1.0.aar (androidx.recyclerview:recyclerview:1.1.0) with AarTransform
Transforming recyclerview-1.1.0.aar (androidx.recyclerview:recyclerview:1.1.0) with IdentityTransform
Transforming recyclerview-1.1.0.aar (androidx.recyclerview:recyclerview:1.1.0) with ExtractAarTransform
Transforming recyclerview-1.1.0.aar (androidx.recyclerview:recyclerview:1.1.0) with AarTransform
Transforming viewpager-1.0.0.aar (androidx.viewpager:viewpager:1.0.0) with IdentityTransform
Transforming viewpager-1.0.0.aar (androidx.viewpager:viewpager:1.0.0) with ExtractAarTransform
Transforming viewpager-1.0.0.aar (androidx.viewpager:viewpager:1.0.0) with AarTransform
Transforming slidingpanelayout-1.2.0.aar (androidx.slidingpanelayout:slidingpanelayout:1.2.0) with IdentityTransform
Transforming slidingpanelayout-1.2.0.aar (androidx.slidingpanelayout:slidingpanelayout:1.2.0) with ExtractAarTransform
Transforming slidingpanelayout-1.2.0.aar (androidx.slidingpanelayout:slidingpanelayout:1.2.0) with AarTransform
Transforming customview-1.1.0.aar (androidx.customview:customview:1.1.0) with IdentityTransform
Transforming customview-1.1.0.aar (androidx.customview:customview:1.1.0) with ExtractAarTransform
Transforming customview-1.1.0.aar (androidx.customview:customview:1.1.0) with AarTransform
Transforming customview-1.1.0.aar (androidx.customview:customview:1.1.0) with IdentityTransform
Transforming customview-1.1.0.aar (androidx.customview:customview:1.1.0) with ExtractAarTransform
Transforming customview-1.1.0.aar (androidx.customview:customview:1.1.0) with AarTransform
Transforming legacy-support-core-utils-1.0.0.aar (androidx.legacy:legacy-support-core-utils:1.0.0) with IdentityTransform
Transforming legacy-support-core-utils-1.0.0.aar (androidx.legacy:legacy-support-core-utils:1.0.0) with ExtractAarTransform
Transforming legacy-support-core-utils-1.0.0.aar (androidx.legacy:legacy-support-core-utils:1.0.0) with AarTransform
Transforming loader-1.0.0.aar (androidx.loader:loader:1.0.0) with IdentityTransform
Transforming loader-1.0.0.aar (androidx.loader:loader:1.0.0) with ExtractAarTransform
Transforming loader-1.0.0.aar (androidx.loader:loader:1.0.0) with AarTransform
Transforming loader-1.0.0.aar (androidx.loader:loader:1.0.0) with IdentityTransform
Transforming loader-1.0.0.aar (androidx.loader:loader:1.0.0) with ExtractAarTransform
Transforming loader-1.0.0.aar (androidx.loader:loader:1.0.0) with AarTransform
Transforming transition-1.4.1.aar (androidx.transition:transition:1.4.1) with IdentityTransform
Transforming transition-1.4.1.aar (androidx.transition:transition:1.4.1) with ExtractAarTransform
Transforming transition-1.4.1.aar (androidx.transition:transition:1.4.1) with AarTransform
Transforming window-1.0.0.aar (androidx.window:window:1.0.0) with IdentityTransform
Transforming window-1.0.0.aar (androidx.window:window:1.0.0) with ExtractAarTransform
Transforming window-1.0.0.aar (androidx.window:window:1.0.0) with AarTransform
Transforming autofill-1.0.0.aar (androidx.autofill:autofill:1.0.0) with IdentityTransform
Transforming autofill-1.0.0.aar (androidx.autofill:autofill:1.0.0) with ExtractAarTransform
Transforming autofill-1.0.0.aar (androidx.autofill:autofill:1.0.0) with AarTransform
Transforming emoji2-views-helper-1.4.0.aar (androidx.emoji2:emoji2-views-helper:1.4.0) with IdentityTransform
Transforming emoji2-views-helper-1.4.0.aar (androidx.emoji2:emoji2-views-helper:1.4.0) with ExtractAarTransform
Transforming emoji2-views-helper-1.4.0.aar (androidx.emoji2:emoji2-views-helper:1.4.0) with AarTransform
Transforming emoji2-1.4.0.aar (androidx.emoji2:emoji2:1.4.0) with IdentityTransform
Transforming emoji2-1.4.0.aar (androidx.emoji2:emoji2:1.4.0) with ExtractAarTransform
Transforming emoji2-1.4.0.aar (androidx.emoji2:emoji2:1.4.0) with AarTransform
Transforming core-1.12.0.aar (androidx.core:core:1.12.0) with IdentityTransform
Transforming core-1.12.0.aar (androidx.core:core:1.12.0) with ExtractAarTransform
Transforming core-1.12.0.aar (androidx.core:core:1.12.0) with AarTransform
Transforming core-1.12.0.aar (androidx.core:core:1.12.0) with IdentityTransform
Transforming core-1.12.0.aar (androidx.core:core:1.12.0) with ExtractAarTransform
Transforming core-1.12.0.aar (androidx.core:core:1.12.0) with AarTransform
Transforming lifecycle-livedata-core-2.7.0.aar (androidx.lifecycle:lifecycle-livedata-core:2.7.0) with IdentityTransform
Transforming lifecycle-livedata-core-2.7.0.aar (androidx.lifecycle:lifecycle-livedata-core:2.7.0) with ExtractAarTransform
Transforming lifecycle-livedata-core-2.7.0.aar (androidx.lifecycle:lifecycle-livedata-core:2.7.0) with AarTransform
Transforming savedstate-ktx-1.2.1.aar (androidx.savedstate:savedstate-ktx:1.2.1) with IdentityTransform
Transforming savedstate-ktx-1.2.1.aar (androidx.savedstate:savedstate-ktx:1.2.1) with ExtractAarTransform
Transforming savedstate-ktx-1.2.1.aar (androidx.savedstate:savedstate-ktx:1.2.1) with AarTransform
Transforming savedstate-1.2.1.aar (androidx.savedstate:savedstate:1.2.1) with IdentityTransform
Transforming savedstate-1.2.1.aar (androidx.savedstate:savedstate:1.2.1) with ExtractAarTransform
Transforming savedstate-1.2.1.aar (androidx.savedstate:savedstate:1.2.1) with AarTransform
Transforming lifecycle-viewmodel-savedstate-2.7.0.aar (androidx.lifecycle:lifecycle-viewmodel-savedstate:2.7.0) with IdentityTransform
Transforming lifecycle-viewmodel-savedstate-2.7.0.aar (androidx.lifecycle:lifecycle-viewmodel-savedstate:2.7.0) with ExtractAarTransform
Transforming lifecycle-viewmodel-savedstate-2.7.0.aar (androidx.lifecycle:lifecycle-viewmodel-savedstate:2.7.0) with AarTransform
Transforming lifecycle-livedata-core-ktx-2.7.0.aar (androidx.lifecycle:lifecycle-livedata-core-ktx:2.7.0) with IdentityTransform
Transforming lifecycle-livedata-core-ktx-2.7.0.aar (androidx.lifecycle:lifecycle-livedata-core-ktx:2.7.0) with ExtractAarTransform
Transforming lifecycle-livedata-core-ktx-2.7.0.aar (androidx.lifecycle:lifecycle-livedata-core-ktx:2.7.0) with AarTransform
Transforming lifecycle-viewmodel-2.7.0.aar (androidx.lifecycle:lifecycle-viewmodel:2.7.0) with IdentityTransform
Transforming lifecycle-viewmodel-2.7.0.aar (androidx.lifecycle:lifecycle-viewmodel:2.7.0) with ExtractAarTransform
Transforming lifecycle-viewmodel-2.7.0.aar (androidx.lifecycle:lifecycle-viewmodel:2.7.0) with AarTransform
Transforming lifecycle-viewmodel-2.7.0.aar (androidx.lifecycle:lifecycle-viewmodel:2.7.0) with IdentityTransform
Transforming lifecycle-viewmodel-2.7.0.aar (androidx.lifecycle:lifecycle-viewmodel:2.7.0) with ExtractAarTransform
Transforming lifecycle-viewmodel-2.7.0.aar (androidx.lifecycle:lifecycle-viewmodel:2.7.0) with AarTransform
Transforming lifecycle-service-2.7.0.aar (androidx.lifecycle:lifecycle-service:2.7.0) with IdentityTransform
Transforming lifecycle-service-2.7.0.aar (androidx.lifecycle:lifecycle-service:2.7.0) with ExtractAarTransform
Transforming lifecycle-service-2.7.0.aar (androidx.lifecycle:lifecycle-service:2.7.0) with AarTransform
Transforming lifecycle-runtime-ktx-2.7.0.aar (androidx.lifecycle:lifecycle-runtime-ktx:2.7.0) with IdentityTransform
Transforming lifecycle-runtime-ktx-2.7.0.aar (androidx.lifecycle:lifecycle-runtime-ktx:2.7.0) with ExtractAarTransform
Transforming lifecycle-runtime-ktx-2.7.0.aar (androidx.lifecycle:lifecycle-runtime-ktx:2.7.0) with AarTransform
Transforming lifecycle-runtime-2.7.0.aar (androidx.lifecycle:lifecycle-runtime:2.7.0) with IdentityTransform
Transforming lifecycle-runtime-2.7.0.aar (androidx.lifecycle:lifecycle-runtime:2.7.0) with ExtractAarTransform
Transforming lifecycle-runtime-2.7.0.aar (androidx.lifecycle:lifecycle-runtime:2.7.0) with AarTransform
Transforming lifecycle-process-2.7.0.aar (androidx.lifecycle:lifecycle-process:2.7.0) with IdentityTransform
Transforming lifecycle-process-2.7.0.aar (androidx.lifecycle:lifecycle-process:2.7.0) with ExtractAarTransform
Transforming lifecycle-process-2.7.0.aar (androidx.lifecycle:lifecycle-process:2.7.0) with AarTransform
Transforming lifecycle-livedata-2.7.0.aar (androidx.lifecycle:lifecycle-livedata:2.7.0) with IdentityTransform
Transforming lifecycle-livedata-2.7.0.aar (androidx.lifecycle:lifecycle-livedata:2.7.0) with ExtractAarTransform
Transforming lifecycle-livedata-2.7.0.aar (androidx.lifecycle:lifecycle-livedata:2.7.0) with AarTransform
Transforming lifecycle-livedata-2.7.0.aar (androidx.lifecycle:lifecycle-livedata:2.7.0) with IdentityTransform
Transforming lifecycle-livedata-2.7.0.aar (androidx.lifecycle:lifecycle-livedata:2.7.0) with ExtractAarTransform
Transforming lifecycle-livedata-2.7.0.aar (androidx.lifecycle:lifecycle-livedata:2.7.0) with AarTransform
Transforming lifecycle-viewmodel-ktx-2.7.0.aar (androidx.lifecycle:lifecycle-viewmodel-ktx:2.7.0) with IdentityTransform
Transforming lifecycle-viewmodel-ktx-2.7.0.aar (androidx.lifecycle:lifecycle-viewmodel-ktx:2.7.0) with ExtractAarTransform
Transforming lifecycle-viewmodel-ktx-2.7.0.aar (androidx.lifecycle:lifecycle-viewmodel-ktx:2.7.0) with AarTransform
Transforming lifecycle-livedata-ktx-2.7.0.aar (androidx.lifecycle:lifecycle-livedata-ktx:2.7.0) with IdentityTransform
Transforming lifecycle-livedata-ktx-2.7.0.aar (androidx.lifecycle:lifecycle-livedata-ktx:2.7.0) with ExtractAarTransform
Transforming lifecycle-livedata-ktx-2.7.0.aar (androidx.lifecycle:lifecycle-livedata-ktx:2.7.0) with AarTransform
Transforming lifecycle-viewmodel-compose-2.7.0.aar (androidx.lifecycle:lifecycle-viewmodel-compose:2.7.0) with IdentityTransform
Transforming lifecycle-viewmodel-compose-2.7.0.aar (androidx.lifecycle:lifecycle-viewmodel-compose:2.7.0) with ExtractAarTransform
Transforming lifecycle-viewmodel-compose-2.7.0.aar (androidx.lifecycle:lifecycle-viewmodel-compose:2.7.0) with AarTransform
Transforming ui-release.aar (androidx.compose.ui:ui-android:1.5.4) with IdentityTransform
Transforming ui-release.aar (androidx.compose.ui:ui-android:1.5.4) with ExtractAarTransform
Transforming ui-release.aar (androidx.compose.ui:ui-android:1.5.4) with AarTransform
Transforming ui-tooling-preview-release.aar (androidx.compose.ui:ui-tooling-preview-android:1.5.4) with IdentityTransform
Transforming ui-tooling-preview-release.aar (androidx.compose.ui:ui-tooling-preview-android:1.5.4) with ExtractAarTransform
Transforming ui-tooling-preview-release.aar (androidx.compose.ui:ui-tooling-preview-android:1.5.4) with AarTransform
Transforming ui-tooling-release.aar (androidx.compose.ui:ui-tooling-android:1.5.4) with IdentityTransform
Transforming ui-tooling-release.aar (androidx.compose.ui:ui-tooling-android:1.5.4) with ExtractAarTransform
Transforming ui-tooling-release.aar (androidx.compose.ui:ui-tooling-android:1.5.4) with AarTransform
Transforming ui-test-manifest-1.5.4.aar (androidx.compose.ui:ui-test-manifest:1.5.4) with IdentityTransform
Transforming ui-test-manifest-1.5.4.aar (androidx.compose.ui:ui-test-manifest:1.5.4) with ExtractAarTransform
Transforming ui-test-manifest-1.5.4.aar (androidx.compose.ui:ui-test-manifest:1.5.4) with AarTransform
Transforming activity-1.8.2.aar (androidx.activity:activity:1.8.2) with IdentityTransform
Transforming activity-1.8.2.aar (androidx.activity:activity:1.8.2) with ExtractAarTransform
Transforming activity-1.8.2.aar (androidx.activity:activity:1.8.2) with AarTransform
Transforming activity-compose-1.8.2.aar (androidx.activity:activity-compose:1.8.2) with IdentityTransform
Transforming activity-compose-1.8.2.aar (androidx.activity:activity-compose:1.8.2) with ExtractAarTransform
Transforming activity-compose-1.8.2.aar (androidx.activity:activity-compose:1.8.2) with AarTransform
Transforming activity-ktx-1.8.2.aar (androidx.activity:activity-ktx:1.8.2) with IdentityTransform
Transforming activity-ktx-1.8.2.aar (androidx.activity:activity-ktx:1.8.2) with ExtractAarTransform
Transforming activity-ktx-1.8.2.aar (androidx.activity:activity-ktx:1.8.2) with AarTransform
Transforming customview-poolingcontainer-1.0.0.aar (androidx.customview:customview-poolingcontainer:1.0.0) with IdentityTransform
Transforming customview-poolingcontainer-1.0.0.aar (androidx.customview:customview-poolingcontainer:1.0.0) with ExtractAarTransform
Transforming customview-poolingcontainer-1.0.0.aar (androidx.customview:customview-poolingcontainer:1.0.0) with AarTransform
Transforming core-ktx-1.12.0.aar (androidx.core:core-ktx:1.12.0) with IdentityTransform
Transforming core-ktx-1.12.0.aar (androidx.core:core-ktx:1.12.0) with ExtractAarTransform
Transforming core-ktx-1.12.0.aar (androidx.core:core-ktx:1.12.0) with AarTransform
Transforming room-runtime-2.6.1.aar (androidx.room:room-runtime:2.6.1) with IdentityTransform
Transforming room-runtime-2.6.1.aar (androidx.room:room-runtime:2.6.1) with ExtractAarTransform
Transforming room-runtime-2.6.1.aar (androidx.room:room-runtime:2.6.1) with AarTransform
Transforming room-ktx-2.6.1.aar (androidx.room:room-ktx:2.6.1) with IdentityTransform
Transforming room-ktx-2.6.1.aar (androidx.room:room-ktx:2.6.1) with ExtractAarTransform
Transforming room-ktx-2.6.1.aar (androidx.room:room-ktx:2.6.1) with AarTransform
Transforming timber-5.0.1.aar (com.jakewharton.timber:timber:5.0.1) with IdentityTransform
Transforming timber-5.0.1.aar (com.jakewharton.timber:timber:5.0.1) with ExtractAarTransform
Transforming timber-5.0.1.aar (com.jakewharton.timber:timber:5.0.1) with AarTransform
Transforming sqlite-framework-2.4.0.aar (androidx.sqlite:sqlite-framework:2.4.0) with IdentityTransform
Transforming sqlite-framework-2.4.0.aar (androidx.sqlite:sqlite-framework:2.4.0) with ExtractAarTransform
Transforming sqlite-framework-2.4.0.aar (androidx.sqlite:sqlite-framework:2.4.0) with AarTransform
Transforming sqlite-2.4.0.aar (androidx.sqlite:sqlite:2.4.0) with IdentityTransform
Transforming sqlite-2.4.0.aar (androidx.sqlite:sqlite:2.4.0) with ExtractAarTransform
Transforming sqlite-2.4.0.aar (androidx.sqlite:sqlite:2.4.0) with AarTransform
Transforming annotation-experimental-1.3.0.aar (androidx.annotation:annotation-experimental:1.3.0) with IdentityTransform
Transforming annotation-experimental-1.3.0.aar (androidx.annotation:annotation-experimental:1.3.0) with ExtractAarTransform
Transforming annotation-experimental-1.3.0.aar (androidx.annotation:annotation-experimental:1.3.0) with AarTransform
Transforming cursoradapter-1.0.0.aar (androidx.cursoradapter:cursoradapter:1.0.0) with IdentityTransform
Transforming cursoradapter-1.0.0.aar (androidx.cursoradapter:cursoradapter:1.0.0) with ExtractAarTransform
Transforming cursoradapter-1.0.0.aar (androidx.cursoradapter:cursoradapter:1.0.0) with AarTransform
Transforming cardview-1.0.0.aar (androidx.cardview:cardview:1.0.0) with IdentityTransform
Transforming cardview-1.0.0.aar (androidx.cardview:cardview:1.0.0) with ExtractAarTransform
Transforming cardview-1.0.0.aar (androidx.cardview:cardview:1.0.0) with AarTransform
Transforming core-runtime-2.2.0.aar (androidx.arch.core:core-runtime:2.2.0) with IdentityTransform
Transforming core-runtime-2.2.0.aar (androidx.arch.core:core-runtime:2.2.0) with ExtractAarTransform
Transforming core-runtime-2.2.0.aar (androidx.arch.core:core-runtime:2.2.0) with AarTransform
Transforming gifdecoder-4.16.0.aar (com.github.bumptech.glide:gifdecoder:4.16.0) with IdentityTransform
Transforming gifdecoder-4.16.0.aar (com.github.bumptech.glide:gifdecoder:4.16.0) with ExtractAarTransform
Transforming gifdecoder-4.16.0.aar (com.github.bumptech.glide:gifdecoder:4.16.0) with AarTransform
Transforming exifinterface-1.3.6.aar (androidx.exifinterface:exifinterface:1.3.6) with IdentityTransform
Transforming exifinterface-1.3.6.aar (androidx.exifinterface:exifinterface:1.3.6) with ExtractAarTransform
Transforming exifinterface-1.3.6.aar (androidx.exifinterface:exifinterface:1.3.6) with AarTransform
Transforming profileinstaller-1.3.0.aar (androidx.profileinstaller:profileinstaller:1.3.0) with IdentityTransform
Transforming profileinstaller-1.3.0.aar (androidx.profileinstaller:profileinstaller:1.3.0) with ExtractAarTransform
Transforming profileinstaller-1.3.0.aar (androidx.profileinstaller:profileinstaller:1.3.0) with AarTransform
Transforming startup-runtime-1.1.1.aar (androidx.startup:startup-runtime:1.1.1) with IdentityTransform
Transforming startup-runtime-1.1.1.aar (androidx.startup:startup-runtime:1.1.1) with ExtractAarTransform
Transforming startup-runtime-1.1.1.aar (androidx.startup:startup-runtime:1.1.1) with AarTransform
Transforming tracing-1.0.0.aar (androidx.tracing:tracing:1.0.0) with IdentityTransform
Transforming tracing-1.0.0.aar (androidx.tracing:tracing:1.0.0) with ExtractAarTransform
Transforming tracing-1.0.0.aar (androidx.tracing:tracing:1.0.0) with AarTransform
Transforming interpolator-1.0.0.aar (androidx.interpolator:interpolator:1.0.0) with IdentityTransform
Transforming interpolator-1.0.0.aar (androidx.interpolator:interpolator:1.0.0) with ExtractAarTransform
Transforming interpolator-1.0.0.aar (androidx.interpolator:interpolator:1.0.0) with AarTransform
Transforming interpolator-1.0.0.aar (androidx.interpolator:interpolator:1.0.0) with IdentityTransform
Transforming interpolator-1.0.0.aar (androidx.interpolator:interpolator:1.0.0) with ExtractAarTransform
Transforming interpolator-1.0.0.aar (androidx.interpolator:interpolator:1.0.0) with AarTransform
Transforming versionedparcelable-1.1.1.aar (androidx.versionedparcelable:versionedparcelable:1.1.1) with IdentityTransform
Transforming versionedparcelable-1.1.1.aar (androidx.versionedparcelable:versionedparcelable:1.1.1) with ExtractAarTransform
Transforming versionedparcelable-1.1.1.aar (androidx.versionedparcelable:versionedparcelable:1.1.1) with AarTransform
Transforming documentfile-1.0.0.aar (androidx.documentfile:documentfile:1.0.0) with IdentityTransform
Transforming documentfile-1.0.0.aar (androidx.documentfile:documentfile:1.0.0) with ExtractAarTransform
Transforming documentfile-1.0.0.aar (androidx.documentfile:documentfile:1.0.0) with AarTransform
Transforming localbroadcastmanager-1.0.0.aar (androidx.localbroadcastmanager:localbroadcastmanager:1.0.0) with IdentityTransform
Transforming localbroadcastmanager-1.0.0.aar (androidx.localbroadcastmanager:localbroadcastmanager:1.0.0) with ExtractAarTransform
Transforming localbroadcastmanager-1.0.0.aar (androidx.localbroadcastmanager:localbroadcastmanager:1.0.0) with AarTransform
Transforming print-1.0.0.aar (androidx.print:print:1.0.0) with IdentityTransform
Transforming print-1.0.0.aar (androidx.print:print:1.0.0) with ExtractAarTransform
Transforming print-1.0.0.aar (androidx.print:print:1.0.0) with AarTransform
Transforming dagger-lint-aar-2.46.1.aar (com.google.dagger:dagger-lint-aar:2.46.1) with IdentityTransform
Transforming dagger-lint-aar-2.46.1.aar (com.google.dagger:dagger-lint-aar:2.46.1) with ExtractAarTransform
Transforming dagger-lint-aar-2.46.1.aar (com.google.dagger:dagger-lint-aar:2.46.1) with AarTransform
Caching disabled for task ':app:mergeDebugAssets' because:
  Build cache is disabled
Task ':app:mergeDebugAssets' is not up-to-date because:
  Output property 'outputDir' file C:\Users\leoja\AndroidStudioProjects\PaleobyLeoRecipes\app\build\intermediates\assets\debug has been removed.
The input changes require a full rebuild for incremental task ':app:mergeDebugAssets'.
Resolve mutations for :app:compressDebugAssets (Thread[#886,included builds,5,main]) started.
:app:compressDebugAssets (Thread[#886,included builds,5,main]) started.

> Task :app:compressDebugAssets
Caching disabled for task ':app:compressDebugAssets' because:
  Build cache is disabled
Task ':app:compressDebugAssets' is not up-to-date because:
  Output property 'outputDir' file C:\Users\leoja\AndroidStudioProjects\PaleobyLeoRecipes\app\build\intermediates\compressed_assets\debug\out has been removed.
The input changes require a full rebuild for incremental task ':app:compressDebugAssets'.
Resolve mutations for :app:l8DexDesugarLibDebug (Thread[#886,included builds,5,main]) started.
:app:l8DexDesugarLibDebug (Thread[#891,Execution worker Thread 5,5,main]) started.

> Task :app:parseDebugLocalResources
Transforming android.jar with PlatformAttrTransform
Transforming android.jar with PlatformAttrTransform
Caching disabled for task ':app:parseDebugLocalResources' because:
  Build cache is disabled
Task ':app:parseDebugLocalResources' is not up-to-date because:
  Output property 'librarySymbolsFile' file C:\Users\leoja\AndroidStudioProjects\PaleobyLeoRecipes\app\build\intermediates\local_only_symbol_list\debug\R-def.txt has been removed.
The input changes require a full rebuild for incremental task ':app:parseDebugLocalResources'.
Transforming android.jar with PlatformAttrTransform
Resolve mutations for :app:checkDebugDuplicateClasses (Thread[#893,Execution worker Thread 7,5,main]) started.
:app:checkDebugDuplicateClasses (Thread[#893,Execution worker Thread 7,5,main]) started.

> Task :app:processDebugManifestForPackage
Caching disabled for task ':app:processDebugManifestForPackage' because:
  Build cache is disabled
Task ':app:processDebugManifestForPackage' is not up-to-date because:
  Output property 'packageManifests' file C:\Users\leoja\AndroidStudioProjects\PaleobyLeoRecipes\app\build\intermediates\packaged_manifests\debug has been removed.
  Output property 'packageManifests' file C:\Users\leoja\AndroidStudioProjects\PaleobyLeoRecipes\app\build\intermediates\packaged_manifests\debug\AndroidManifest.xml has been removed.
  Output property 'packageManifests' file C:\Users\leoja\AndroidStudioProjects\PaleobyLeoRecipes\app\build\intermediates\packaged_manifests\debug\output-metadata.json has been removed.
Resolve mutations for :app:mergeDebugJniLibFolders (Thread[#888,Execution worker Thread 2,5,main]) started.
:app:mergeDebugJniLibFolders (Thread[#888,Execution worker Thread 2,5,main]) started.

> Task :app:checkDebugDuplicateClasses
Transforming databinding-adapters-8.1.0.aar (androidx.databinding:databinding-adapters:8.1.0) with IdentityTransform
Transforming databinding-adapters-8.1.0.aar (androidx.databinding:databinding-adapters:8.1.0) with AarToClassTransform
Transforming databinding-adapters-8.1.0.aar (androidx.databinding:databinding-adapters:8.1.0) with EnumerateClassesTransform
Transforming databinding-ktx-8.1.0.aar (androidx.databinding:databinding-ktx:8.1.0) with IdentityTransform
Transforming databinding-ktx-8.1.0.aar (androidx.databinding:databinding-ktx:8.1.0) with AarToClassTransform
Transforming databinding-ktx-8.1.0.aar (androidx.databinding:databinding-ktx:8.1.0) with EnumerateClassesTransform
Transforming databinding-runtime-8.1.0.aar (androidx.databinding:databinding-runtime:8.1.0) with IdentityTransform
Transforming databinding-runtime-8.1.0.aar (androidx.databinding:databinding-runtime:8.1.0) with AarToClassTransform
Transforming databinding-runtime-8.1.0.aar (androidx.databinding:databinding-runtime:8.1.0) with EnumerateClassesTransform
Transforming viewbinding-8.1.0.aar (androidx.databinding:viewbinding:8.1.0) with IdentityTransform
Transforming viewbinding-8.1.0.aar (androidx.databinding:viewbinding:8.1.0) with AarToClassTransform
Transforming viewbinding-8.1.0.aar (androidx.databinding:viewbinding:8.1.0) with EnumerateClassesTransform
Transforming databinding-common-8.1.0.jar (androidx.databinding:databinding-common:8.1.0) with IdentityTransform
Transforming databinding-common-8.1.0.jar (androidx.databinding:databinding-common:8.1.0) with IdentityTransform
Transforming databinding-common-8.1.0.jar (androidx.databinding:databinding-common:8.1.0) with EnumerateClassesTransform
Transforming navigation-common-2.7.6.aar (androidx.navigation:navigation-common:2.7.6) with IdentityTransform
Transforming navigation-common-2.7.6.aar (androidx.navigation:navigation-common:2.7.6) with AarToClassTransform
Transforming navigation-common-2.7.6.aar (androidx.navigation:navigation-common:2.7.6) with EnumerateClassesTransform
Transforming navigation-common-ktx-2.7.6.aar (androidx.navigation:navigation-common-ktx:2.7.6) with IdentityTransform
Transforming navigation-common-ktx-2.7.6.aar (androidx.navigation:navigation-common-ktx:2.7.6) with AarToClassTransform
Transforming navigation-common-ktx-2.7.6.aar (androidx.navigation:navigation-common-ktx:2.7.6) with EnumerateClassesTransform
Transforming navigation-runtime-2.7.6.aar (androidx.navigation:navigation-runtime:2.7.6) with IdentityTransform
Transforming navigation-runtime-2.7.6.aar (androidx.navigation:navigation-runtime:2.7.6) with AarToClassTransform
Transforming navigation-runtime-2.7.6.aar (androidx.navigation:navigation-runtime:2.7.6) with EnumerateClassesTransform
Transforming navigation-runtime-ktx-2.7.6.aar (androidx.navigation:navigation-runtime-ktx:2.7.6) with IdentityTransform
Transforming navigation-runtime-ktx-2.7.6.aar (androidx.navigation:navigation-runtime-ktx:2.7.6) with AarToClassTransform
Transforming navigation-runtime-ktx-2.7.6.aar (androidx.navigation:navigation-runtime-ktx:2.7.6) with EnumerateClassesTransform
Transforming navigation-fragment-2.7.6.aar (androidx.navigation:navigation-fragment:2.7.6) with IdentityTransform
Transforming navigation-fragment-2.7.6.aar (androidx.navigation:navigation-fragment:2.7.6) with AarToClassTransform
Transforming navigation-fragment-2.7.6.aar (androidx.navigation:navigation-fragment:2.7.6) with EnumerateClassesTransform
Transforming navigation-fragment-ktx-2.7.6.aar (androidx.navigation:navigation-fragment-ktx:2.7.6) with IdentityTransform
Transforming navigation-fragment-ktx-2.7.6.aar (androidx.navigation:navigation-fragment-ktx:2.7.6) with AarToClassTransform
Transforming navigation-fragment-ktx-2.7.6.aar (androidx.navigation:navigation-fragment-ktx:2.7.6) with EnumerateClassesTransform
Transforming navigation-ui-ktx-2.7.6.aar (androidx.navigation:navigation-ui-ktx:2.7.6) with IdentityTransform
Transforming navigation-ui-ktx-2.7.6.aar (androidx.navigation:navigation-ui-ktx:2.7.6) with AarToClassTransform
Transforming navigation-ui-ktx-2.7.6.aar (androidx.navigation:navigation-ui-ktx:2.7.6) with EnumerateClassesTransform
Transforming navigation-ui-2.7.6.aar (androidx.navigation:navigation-ui:2.7.6) with IdentityTransform
Transforming navigation-ui-2.7.6.aar (androidx.navigation:navigation-ui:2.7.6) with AarToClassTransform
Transforming navigation-ui-2.7.6.aar (androidx.navigation:navigation-ui:2.7.6) with EnumerateClassesTransform
Transforming material-1.11.0.aar (com.google.android.material:material:1.11.0) with IdentityTransform
Transforming material-1.11.0.aar (com.google.android.material:material:1.11.0) with AarToClassTransform
Transforming material-1.11.0.aar (com.google.android.material:material:1.11.0) with EnumerateClassesTransform
Transforming constraintlayout-2.1.4.aar (androidx.constraintlayout:constraintlayout:2.1.4) with IdentityTransform
Transforming constraintlayout-2.1.4.aar (androidx.constraintlayout:constraintlayout:2.1.4) with AarToClassTransform
Transforming constraintlayout-2.1.4.aar (androidx.constraintlayout:constraintlayout:2.1.4) with EnumerateClassesTransform
Transforming appcompat-resources-1.6.1.aar (androidx.appcompat:appcompat-resources:1.6.1) with IdentityTransform
Transforming appcompat-resources-1.6.1.aar (androidx.appcompat:appcompat-resources:1.6.1) with AarToClassTransform
Transforming appcompat-resources-1.6.1.aar (androidx.appcompat:appcompat-resources:1.6.1) with EnumerateClassesTransform
Transforming appcompat-1.6.1.aar (androidx.appcompat:appcompat:1.6.1) with IdentityTransform
Transforming appcompat-1.6.1.aar (androidx.appcompat:appcompat:1.6.1) with AarToClassTransform
Transforming appcompat-1.6.1.aar (androidx.appcompat:appcompat:1.6.1) with EnumerateClassesTransform
Transforming hilt-work-1.0.0.aar (androidx.hilt:hilt-work:1.0.0) with IdentityTransform
Transforming hilt-work-1.0.0.aar (androidx.hilt:hilt-work:1.0.0) with AarToClassTransform
Transforming hilt-work-1.0.0.aar (androidx.hilt:hilt-work:1.0.0) with EnumerateClassesTransform
Transforming hilt-android-2.46.1.aar (com.google.dagger:hilt-android:2.46.1) with IdentityTransform
Transforming hilt-android-2.46.1.aar (com.google.dagger:hilt-android:2.46.1) with AarToClassTransform
Transforming hilt-android-2.46.1.aar (com.google.dagger:hilt-android:2.46.1) with EnumerateClassesTransform
Transforming okhttp3-integration-4.16.0.aar (com.github.bumptech.glide:okhttp3-integration:4.16.0) with IdentityTransform
Transforming okhttp3-integration-4.16.0.aar (com.github.bumptech.glide:okhttp3-integration:4.16.0) with AarToClassTransform
Transforming okhttp3-integration-4.16.0.aar (com.github.bumptech.glide:okhttp3-integration:4.16.0) with EnumerateClassesTransform
Transforming glide-4.16.0.aar (com.github.bumptech.glide:glide:4.16.0) with IdentityTransform
Transforming glide-4.16.0.aar (com.github.bumptech.glide:glide:4.16.0) with AarToClassTransform
Transforming glide-4.16.0.aar (com.github.bumptech.glide:glide:4.16.0) with EnumerateClassesTransform
Transforming viewpager2-1.0.0.aar (androidx.viewpager2:viewpager2:1.0.0) with IdentityTransform
Transforming viewpager2-1.0.0.aar (androidx.viewpager2:viewpager2:1.0.0) with AarToClassTransform
Transforming viewpager2-1.0.0.aar (androidx.viewpager2:viewpager2:1.0.0) with EnumerateClassesTransform
Transforming fragment-1.6.2.aar (androidx.fragment:fragment:1.6.2) with IdentityTransform
Transforming fragment-1.6.2.aar (androidx.fragment:fragment:1.6.2) with AarToClassTransform
Transforming fragment-1.6.2.aar (androidx.fragment:fragment:1.6.2) with EnumerateClassesTransform
Transforming fragment-1.6.2.aar (androidx.fragment:fragment:1.6.2) with IdentityTransform
Transforming fragment-1.6.2.aar (androidx.fragment:fragment:1.6.2) with AarToClassTransform
Transforming fragment-1.6.2.aar (androidx.fragment:fragment:1.6.2) with EnumerateClassesTransform
Transforming fragment-ktx-1.6.2.aar (androidx.fragment:fragment-ktx:1.6.2) with IdentityTransform
Transforming fragment-ktx-1.6.2.aar (androidx.fragment:fragment-ktx:1.6.2) with AarToClassTransform
Transforming fragment-ktx-1.6.2.aar (androidx.fragment:fragment-ktx:1.6.2) with EnumerateClassesTransform
Transforming material3-1.1.2.aar (androidx.compose.material3:material3:1.1.2) with IdentityTransform
Transforming material3-1.1.2.aar (androidx.compose.material3:material3:1.1.2) with AarToClassTransform
Transforming material3-1.1.2.aar (androidx.compose.material3:material3:1.1.2) with EnumerateClassesTransform
Transforming material-ripple-release.aar (androidx.compose.material:material-ripple-android:1.5.4) with IdentityTransform
Transforming material-ripple-release.aar (androidx.compose.material:material-ripple-android:1.5.4) with AarToClassTransform
Transforming material-ripple-release.aar (androidx.compose.material:material-ripple-android:1.5.4) with EnumerateClassesTransform
Transforming material-icons-core-release.aar (androidx.compose.material:material-icons-core-android:1.5.4) with IdentityTransform
Transforming material-icons-core-release.aar (androidx.compose.material:material-icons-core-android:1.5.4) with AarToClassTransform
Transforming material-icons-core-release.aar (androidx.compose.material:material-icons-core-android:1.5.4) with EnumerateClassesTransform
Transforming material-release.aar (androidx.compose.material:material-android:1.5.4) with IdentityTransform
Transforming material-release.aar (androidx.compose.material:material-android:1.5.4) with AarToClassTransform
Transforming material-release.aar (androidx.compose.material:material-android:1.5.4) with EnumerateClassesTransform
Transforming animation-core-release.aar (androidx.compose.animation:animation-core-android:1.5.4) with IdentityTransform
Transforming animation-core-release.aar (androidx.compose.animation:animation-core-android:1.5.4) with AarToClassTransform
Transforming animation-core-release.aar (androidx.compose.animation:animation-core-android:1.5.4) with EnumerateClassesTransform
Transforming animation-release.aar (androidx.compose.animation:animation-android:1.5.4) with IdentityTransform
Transforming animation-release.aar (androidx.compose.animation:animation-android:1.5.4) with AarToClassTransform
Transforming animation-release.aar (androidx.compose.animation:animation-android:1.5.4) with EnumerateClassesTransform
Transforming foundation-layout-release.aar (androidx.compose.foundation:foundation-layout-android:1.5.4) with IdentityTransform
Transforming foundation-layout-release.aar (androidx.compose.foundation:foundation-layout-android:1.5.4) with AarToClassTransform
Transforming foundation-layout-release.aar (androidx.compose.foundation:foundation-layout-android:1.5.4) with EnumerateClassesTransform
Transforming foundation-release.aar (androidx.compose.foundation:foundation-android:1.5.4) with IdentityTransform
Transforming foundation-release.aar (androidx.compose.foundation:foundation-android:1.5.4) with AarToClassTransform
Transforming foundation-release.aar (androidx.compose.foundation:foundation-android:1.5.4) with EnumerateClassesTransform
Transforming ui-unit-release.aar (androidx.compose.ui:ui-unit-android:1.5.4) with IdentityTransform
Transforming ui-unit-release.aar (androidx.compose.ui:ui-unit-android:1.5.4) with AarToClassTransform
Transforming ui-unit-release.aar (androidx.compose.ui:ui-unit-android:1.5.4) with EnumerateClassesTransform
Transforming ui-geometry-release.aar (androidx.compose.ui:ui-geometry-android:1.5.4) with IdentityTransform
Transforming ui-geometry-release.aar (androidx.compose.ui:ui-geometry-android:1.5.4) with AarToClassTransform
Transforming ui-geometry-release.aar (androidx.compose.ui:ui-geometry-android:1.5.4) with EnumerateClassesTransform
Transforming ui-tooling-data-release.aar (androidx.compose.ui:ui-tooling-data-android:1.5.4) with IdentityTransform
Transforming ui-tooling-data-release.aar (androidx.compose.ui:ui-tooling-data-android:1.5.4) with AarToClassTransform
Transforming ui-tooling-data-release.aar (androidx.compose.ui:ui-tooling-data-android:1.5.4) with EnumerateClassesTransform
Transforming ui-util-release.aar (androidx.compose.ui:ui-util-android:1.5.4) with IdentityTransform
Transforming ui-util-release.aar (androidx.compose.ui:ui-util-android:1.5.4) with AarToClassTransform
Transforming ui-util-release.aar (androidx.compose.ui:ui-util-android:1.5.4) with EnumerateClassesTransform
Transforming ui-graphics-release.aar (androidx.compose.ui:ui-graphics-android:1.5.4) with IdentityTransform
Transforming ui-graphics-release.aar (androidx.compose.ui:ui-graphics-android:1.5.4) with AarToClassTransform
Transforming ui-graphics-release.aar (androidx.compose.ui:ui-graphics-android:1.5.4) with EnumerateClassesTransform
Transforming ui-text-release.aar (androidx.compose.ui:ui-text-android:1.5.4) with IdentityTransform
Transforming ui-text-release.aar (androidx.compose.ui:ui-text-android:1.5.4) with AarToClassTransform
Transforming ui-text-release.aar (androidx.compose.ui:ui-text-android:1.5.4) with EnumerateClassesTransform
Transforming runtime-saveable-release.aar (androidx.compose.runtime:runtime-saveable-android:1.5.4) with IdentityTransform
Transforming runtime-saveable-release.aar (androidx.compose.runtime:runtime-saveable-android:1.5.4) with AarToClassTransform
Transforming runtime-saveable-release.aar (androidx.compose.runtime:runtime-saveable-android:1.5.4) with EnumerateClassesTransform
Transforming runtime-release.aar (androidx.compose.runtime:runtime-android:1.5.4) with IdentityTransform
Transforming runtime-release.aar (androidx.compose.runtime:runtime-android:1.5.4) with AarToClassTransform
Transforming runtime-release.aar (androidx.compose.runtime:runtime-android:1.5.4) with EnumerateClassesTransform
Transforming runtime-livedata-1.5.4.aar (androidx.compose.runtime:runtime-livedata:1.5.4) with IdentityTransform
Transforming runtime-livedata-1.5.4.aar (androidx.compose.runtime:runtime-livedata:1.5.4) with AarToClassTransform
Transforming runtime-livedata-1.5.4.aar (androidx.compose.runtime:runtime-livedata:1.5.4) with EnumerateClassesTransform
Transforming drawerlayout-1.1.1.aar (androidx.drawerlayout:drawerlayout:1.1.1) with IdentityTransform
Transforming drawerlayout-1.1.1.aar (androidx.drawerlayout:drawerlayout:1.1.1) with AarToClassTransform
Transforming drawerlayout-1.1.1.aar (androidx.drawerlayout:drawerlayout:1.1.1) with EnumerateClassesTransform
Transforming coordinatorlayout-1.1.0.aar (androidx.coordinatorlayout:coordinatorlayout:1.1.0) with IdentityTransform
Transforming coordinatorlayout-1.1.0.aar (androidx.coordinatorlayout:coordinatorlayout:1.1.0) with AarToClassTransform
Transforming coordinatorlayout-1.1.0.aar (androidx.coordinatorlayout:coordinatorlayout:1.1.0) with EnumerateClassesTransform
Transforming dynamicanimation-1.0.0.aar (androidx.dynamicanimation:dynamicanimation:1.0.0) with IdentityTransform
Transforming dynamicanimation-1.0.0.aar (androidx.dynamicanimation:dynamicanimation:1.0.0) with AarToClassTransform
Transforming dynamicanimation-1.0.0.aar (androidx.dynamicanimation:dynamicanimation:1.0.0) with EnumerateClassesTransform
Transforming vectordrawable-animated-1.1.0.aar (androidx.vectordrawable:vectordrawable-animated:1.1.0) with IdentityTransform
Transforming vectordrawable-animated-1.1.0.aar (androidx.vectordrawable:vectordrawable-animated:1.1.0) with AarToClassTransform
Transforming vectordrawable-animated-1.1.0.aar (androidx.vectordrawable:vectordrawable-animated:1.1.0) with EnumerateClassesTransform
Transforming vectordrawable-1.1.0.aar (androidx.vectordrawable:vectordrawable:1.1.0) with IdentityTransform
Transforming vectordrawable-1.1.0.aar (androidx.vectordrawable:vectordrawable:1.1.0) with AarToClassTransform
Transforming vectordrawable-1.1.0.aar (androidx.vectordrawable:vectordrawable:1.1.0) with EnumerateClassesTransform
Transforming vectordrawable-1.1.0.aar (androidx.vectordrawable:vectordrawable:1.1.0) with IdentityTransform
Transforming vectordrawable-1.1.0.aar (androidx.vectordrawable:vectordrawable:1.1.0) with AarToClassTransform
Transforming vectordrawable-1.1.0.aar (androidx.vectordrawable:vectordrawable:1.1.0) with EnumerateClassesTransform
Transforming work-runtime-ktx-2.9.0.aar (androidx.work:work-runtime-ktx:2.9.0) with IdentityTransform
Transforming work-runtime-ktx-2.9.0.aar (androidx.work:work-runtime-ktx:2.9.0) with AarToClassTransform
Transforming work-runtime-ktx-2.9.0.aar (androidx.work:work-runtime-ktx:2.9.0) with EnumerateClassesTransform
Transforming work-runtime-2.9.0.aar (androidx.work:work-runtime:2.9.0) with IdentityTransform
Transforming work-runtime-2.9.0.aar (androidx.work:work-runtime:2.9.0) with AarToClassTransform
Transforming work-runtime-2.9.0.aar (androidx.work:work-runtime:2.9.0) with EnumerateClassesTransform
Transforming recyclerview-1.1.0.aar (androidx.recyclerview:recyclerview:1.1.0) with IdentityTransform
Transforming recyclerview-1.1.0.aar (androidx.recyclerview:recyclerview:1.1.0) with AarToClassTransform
Transforming recyclerview-1.1.0.aar (androidx.recyclerview:recyclerview:1.1.0) with EnumerateClassesTransform
Transforming recyclerview-1.1.0.aar (androidx.recyclerview:recyclerview:1.1.0) with IdentityTransform
Transforming recyclerview-1.1.0.aar (androidx.recyclerview:recyclerview:1.1.0) with AarToClassTransform
Transforming recyclerview-1.1.0.aar (androidx.recyclerview:recyclerview:1.1.0) with EnumerateClassesTransform
Transforming viewpager-1.0.0.aar (androidx.viewpager:viewpager:1.0.0) with IdentityTransform
Transforming viewpager-1.0.0.aar (androidx.viewpager:viewpager:1.0.0) with AarToClassTransform
Transforming viewpager-1.0.0.aar (androidx.viewpager:viewpager:1.0.0) with EnumerateClassesTransform
Transforming slidingpanelayout-1.2.0.aar (androidx.slidingpanelayout:slidingpanelayout:1.2.0) with IdentityTransform
Transforming slidingpanelayout-1.2.0.aar (androidx.slidingpanelayout:slidingpanelayout:1.2.0) with AarToClassTransform
Transforming slidingpanelayout-1.2.0.aar (androidx.slidingpanelayout:slidingpanelayout:1.2.0) with EnumerateClassesTransform
Transforming customview-1.1.0.aar (androidx.customview:customview:1.1.0) with IdentityTransform
Transforming customview-1.1.0.aar (androidx.customview:customview:1.1.0) with AarToClassTransform
Transforming customview-1.1.0.aar (androidx.customview:customview:1.1.0) with EnumerateClassesTransform
Transforming customview-1.1.0.aar (androidx.customview:customview:1.1.0) with IdentityTransform
Transforming customview-1.1.0.aar (androidx.customview:customview:1.1.0) with AarToClassTransform
Transforming customview-1.1.0.aar (androidx.customview:customview:1.1.0) with EnumerateClassesTransform
Transforming legacy-support-core-utils-1.0.0.aar (androidx.legacy:legacy-support-core-utils:1.0.0) with IdentityTransform
Transforming legacy-support-core-utils-1.0.0.aar (androidx.legacy:legacy-support-core-utils:1.0.0) with AarToClassTransform
Transforming legacy-support-core-utils-1.0.0.aar (androidx.legacy:legacy-support-core-utils:1.0.0) with EnumerateClassesTransform
Transforming loader-1.0.0.aar (androidx.loader:loader:1.0.0) with IdentityTransform
Transforming loader-1.0.0.aar (androidx.loader:loader:1.0.0) with AarToClassTransform
Transforming loader-1.0.0.aar (androidx.loader:loader:1.0.0) with EnumerateClassesTransform
Transforming loader-1.0.0.aar (androidx.loader:loader:1.0.0) with IdentityTransform
Transforming loader-1.0.0.aar (androidx.loader:loader:1.0.0) with AarToClassTransform
Transforming loader-1.0.0.aar (androidx.loader:loader:1.0.0) with EnumerateClassesTransform
Transforming transition-1.4.1.aar (androidx.transition:transition:1.4.1) with IdentityTransform
Transforming transition-1.4.1.aar (androidx.transition:transition:1.4.1) with AarToClassTransform
Transforming transition-1.4.1.aar (androidx.transition:transition:1.4.1) with EnumerateClassesTransform
Transforming window-1.0.0.aar (androidx.window:window:1.0.0) with IdentityTransform
Transforming window-1.0.0.aar (androidx.window:window:1.0.0) with AarToClassTransform
Transforming window-1.0.0.aar (androidx.window:window:1.0.0) with EnumerateClassesTransform
Transforming autofill-1.0.0.aar (androidx.autofill:autofill:1.0.0) with IdentityTransform
Transforming autofill-1.0.0.aar (androidx.autofill:autofill:1.0.0) with AarToClassTransform
Transforming autofill-1.0.0.aar (androidx.autofill:autofill:1.0.0) with EnumerateClassesTransform
Transforming emoji2-views-helper-1.4.0.aar (androidx.emoji2:emoji2-views-helper:1.4.0) with IdentityTransform
Transforming emoji2-views-helper-1.4.0.aar (androidx.emoji2:emoji2-views-helper:1.4.0) with AarToClassTransform
Transforming emoji2-views-helper-1.4.0.aar (androidx.emoji2:emoji2-views-helper:1.4.0) with EnumerateClassesTransform
Transforming emoji2-1.4.0.aar (androidx.emoji2:emoji2:1.4.0) with IdentityTransform
Transforming emoji2-1.4.0.aar (androidx.emoji2:emoji2:1.4.0) with AarToClassTransform
Transforming emoji2-1.4.0.aar (androidx.emoji2:emoji2:1.4.0) with EnumerateClassesTransform
Transforming core-1.12.0.aar (androidx.core:core:1.12.0) with IdentityTransform
Transforming core-1.12.0.aar (androidx.core:core:1.12.0) with AarToClassTransform
Transforming core-1.12.0.aar (androidx.core:core:1.12.0) with EnumerateClassesTransform
Transforming core-1.12.0.aar (androidx.core:core:1.12.0) with IdentityTransform
Transforming core-1.12.0.aar (androidx.core:core:1.12.0) with AarToClassTransform
Transforming core-1.12.0.aar (androidx.core:core:1.12.0) with EnumerateClassesTransform
Transforming lifecycle-livedata-core-2.7.0.aar (androidx.lifecycle:lifecycle-livedata-core:2.7.0) with IdentityTransform
Transforming lifecycle-livedata-core-2.7.0.aar (androidx.lifecycle:lifecycle-livedata-core:2.7.0) with AarToClassTransform
Transforming lifecycle-livedata-core-2.7.0.aar (androidx.lifecycle:lifecycle-livedata-core:2.7.0) with EnumerateClassesTransform
Transforming savedstate-ktx-1.2.1.aar (androidx.savedstate:savedstate-ktx:1.2.1) with IdentityTransform
Transforming savedstate-ktx-1.2.1.aar (androidx.savedstate:savedstate-ktx:1.2.1) with AarToClassTransform
Transforming savedstate-ktx-1.2.1.aar (androidx.savedstate:savedstate-ktx:1.2.1) with EnumerateClassesTransform
Transforming savedstate-1.2.1.aar (androidx.savedstate:savedstate:1.2.1) with IdentityTransform
Transforming savedstate-1.2.1.aar (androidx.savedstate:savedstate:1.2.1) with AarToClassTransform
Transforming savedstate-1.2.1.aar (androidx.savedstate:savedstate:1.2.1) with EnumerateClassesTransform
Transforming lifecycle-viewmodel-savedstate-2.7.0.aar (androidx.lifecycle:lifecycle-viewmodel-savedstate:2.7.0) with IdentityTransform
Transforming lifecycle-viewmodel-savedstate-2.7.0.aar (androidx.lifecycle:lifecycle-viewmodel-savedstate:2.7.0) with AarToClassTransform
Transforming lifecycle-viewmodel-savedstate-2.7.0.aar (androidx.lifecycle:lifecycle-viewmodel-savedstate:2.7.0) with EnumerateClassesTransform
Transforming lifecycle-livedata-core-ktx-2.7.0.aar (androidx.lifecycle:lifecycle-livedata-core-ktx:2.7.0) with IdentityTransform
Transforming lifecycle-livedata-core-ktx-2.7.0.aar (androidx.lifecycle:lifecycle-livedata-core-ktx:2.7.0) with AarToClassTransform
Transforming lifecycle-livedata-core-ktx-2.7.0.aar (androidx.lifecycle:lifecycle-livedata-core-ktx:2.7.0) with EnumerateClassesTransform
Transforming lifecycle-viewmodel-2.7.0.aar (androidx.lifecycle:lifecycle-viewmodel:2.7.0) with IdentityTransform
Transforming lifecycle-viewmodel-2.7.0.aar (androidx.lifecycle:lifecycle-viewmodel:2.7.0) with AarToClassTransform
Transforming lifecycle-viewmodel-2.7.0.aar (androidx.lifecycle:lifecycle-viewmodel:2.7.0) with EnumerateClassesTransform
Transforming lifecycle-common-2.7.0.jar (androidx.lifecycle:lifecycle-common:2.7.0) with IdentityTransform
Transforming lifecycle-viewmodel-2.7.0.aar (androidx.lifecycle:lifecycle-viewmodel:2.7.0) with IdentityTransform
Transforming lifecycle-common-2.7.0.jar (androidx.lifecycle:lifecycle-common:2.7.0) with IdentityTransform
Transforming lifecycle-common-java8-2.7.0.jar (androidx.lifecycle:lifecycle-common-java8:2.7.0) with IdentityTransform
Transforming lifecycle-viewmodel-2.7.0.aar (androidx.lifecycle:lifecycle-viewmodel:2.7.0) with AarToClassTransform
Transforming lifecycle-common-java8-2.7.0.jar (androidx.lifecycle:lifecycle-common-java8:2.7.0) with IdentityTransform
Transforming lifecycle-common-2.7.0.jar (androidx.lifecycle:lifecycle-common:2.7.0) with EnumerateClassesTransform
Transforming lifecycle-common-java8-2.7.0.jar (androidx.lifecycle:lifecycle-common-java8:2.7.0) with EnumerateClassesTransform
Transforming lifecycle-viewmodel-2.7.0.aar (androidx.lifecycle:lifecycle-viewmodel:2.7.0) with EnumerateClassesTransform
Transforming lifecycle-service-2.7.0.aar (androidx.lifecycle:lifecycle-service:2.7.0) with IdentityTransform
Transforming lifecycle-service-2.7.0.aar (androidx.lifecycle:lifecycle-service:2.7.0) with AarToClassTransform
Transforming lifecycle-service-2.7.0.aar (androidx.lifecycle:lifecycle-service:2.7.0) with EnumerateClassesTransform
Transforming lifecycle-runtime-ktx-2.7.0.aar (androidx.lifecycle:lifecycle-runtime-ktx:2.7.0) with IdentityTransform
Transforming lifecycle-runtime-ktx-2.7.0.aar (androidx.lifecycle:lifecycle-runtime-ktx:2.7.0) with AarToClassTransform
Transforming lifecycle-runtime-ktx-2.7.0.aar (androidx.lifecycle:lifecycle-runtime-ktx:2.7.0) with EnumerateClassesTransform
Transforming lifecycle-runtime-2.7.0.aar (androidx.lifecycle:lifecycle-runtime:2.7.0) with IdentityTransform
Transforming lifecycle-runtime-2.7.0.aar (androidx.lifecycle:lifecycle-runtime:2.7.0) with AarToClassTransform
Transforming lifecycle-runtime-2.7.0.aar (androidx.lifecycle:lifecycle-runtime:2.7.0) with EnumerateClassesTransform
Transforming lifecycle-process-2.7.0.aar (androidx.lifecycle:lifecycle-process:2.7.0) with IdentityTransform
Transforming lifecycle-process-2.7.0.aar (androidx.lifecycle:lifecycle-process:2.7.0) with AarToClassTransform
Transforming lifecycle-process-2.7.0.aar (androidx.lifecycle:lifecycle-process:2.7.0) with EnumerateClassesTransform
Transforming lifecycle-livedata-2.7.0.aar (androidx.lifecycle:lifecycle-livedata:2.7.0) with IdentityTransform
Transforming lifecycle-livedata-2.7.0.aar (androidx.lifecycle:lifecycle-livedata:2.7.0) with AarToClassTransform
Transforming lifecycle-livedata-2.7.0.aar (androidx.lifecycle:lifecycle-livedata:2.7.0) with EnumerateClassesTransform
Transforming lifecycle-livedata-2.7.0.aar (androidx.lifecycle:lifecycle-livedata:2.7.0) with IdentityTransform
Transforming lifecycle-livedata-2.7.0.aar (androidx.lifecycle:lifecycle-livedata:2.7.0) with AarToClassTransform
Transforming lifecycle-livedata-2.7.0.aar (androidx.lifecycle:lifecycle-livedata:2.7.0) with EnumerateClassesTransform
Transforming lifecycle-viewmodel-ktx-2.7.0.aar (androidx.lifecycle:lifecycle-viewmodel-ktx:2.7.0) with IdentityTransform
Transforming lifecycle-viewmodel-ktx-2.7.0.aar (androidx.lifecycle:lifecycle-viewmodel-ktx:2.7.0) with AarToClassTransform
Transforming lifecycle-viewmodel-ktx-2.7.0.aar (androidx.lifecycle:lifecycle-viewmodel-ktx:2.7.0) with EnumerateClassesTransform
Transforming lifecycle-livedata-ktx-2.7.0.aar (androidx.lifecycle:lifecycle-livedata-ktx:2.7.0) with IdentityTransform
Transforming lifecycle-livedata-ktx-2.7.0.aar (androidx.lifecycle:lifecycle-livedata-ktx:2.7.0) with AarToClassTransform
Transforming lifecycle-livedata-ktx-2.7.0.aar (androidx.lifecycle:lifecycle-livedata-ktx:2.7.0) with EnumerateClassesTransform
Transforming lifecycle-viewmodel-compose-2.7.0.aar (androidx.lifecycle:lifecycle-viewmodel-compose:2.7.0) with IdentityTransform
Transforming lifecycle-viewmodel-compose-2.7.0.aar (androidx.lifecycle:lifecycle-viewmodel-compose:2.7.0) with AarToClassTransform
Transforming lifecycle-viewmodel-compose-2.7.0.aar (androidx.lifecycle:lifecycle-viewmodel-compose:2.7.0) with EnumerateClassesTransform
Transforming ui-release.aar (androidx.compose.ui:ui-android:1.5.4) with IdentityTransform
Transforming ui-release.aar (androidx.compose.ui:ui-android:1.5.4) with AarToClassTransform
Transforming ui-release.aar (androidx.compose.ui:ui-android:1.5.4) with EnumerateClassesTransform
Transforming ui-tooling-preview-release.aar (androidx.compose.ui:ui-tooling-preview-android:1.5.4) with IdentityTransform
Transforming ui-tooling-preview-release.aar (androidx.compose.ui:ui-tooling-preview-android:1.5.4) with AarToClassTransform
Transforming ui-tooling-preview-release.aar (androidx.compose.ui:ui-tooling-preview-android:1.5.4) with EnumerateClassesTransform
Transforming ui-tooling-release.aar (androidx.compose.ui:ui-tooling-android:1.5.4) with IdentityTransform
Transforming ui-tooling-release.aar (androidx.compose.ui:ui-tooling-android:1.5.4) with AarToClassTransform
Transforming ui-tooling-release.aar (androidx.compose.ui:ui-tooling-android:1.5.4) with EnumerateClassesTransform
Transforming ui-test-manifest-1.5.4.aar (androidx.compose.ui:ui-test-manifest:1.5.4) with IdentityTransform
Transforming ui-test-manifest-1.5.4.aar (androidx.compose.ui:ui-test-manifest:1.5.4) with AarToClassTransform
Transforming ui-test-manifest-1.5.4.aar (androidx.compose.ui:ui-test-manifest:1.5.4) with EnumerateClassesTransform
Transforming activity-1.8.2.aar (androidx.activity:activity:1.8.2) with IdentityTransform
Transforming activity-1.8.2.aar (androidx.activity:activity:1.8.2) with AarToClassTransform
Transforming activity-1.8.2.aar (androidx.activity:activity:1.8.2) with EnumerateClassesTransform
Transforming activity-compose-1.8.2.aar (androidx.activity:activity-compose:1.8.2) with IdentityTransform
Transforming activity-compose-1.8.2.aar (androidx.activity:activity-compose:1.8.2) with AarToClassTransform
Transforming activity-compose-1.8.2.aar (androidx.activity:activity-compose:1.8.2) with EnumerateClassesTransform
Transforming activity-ktx-1.8.2.aar (androidx.activity:activity-ktx:1.8.2) with IdentityTransform
Transforming activity-ktx-1.8.2.aar (androidx.activity:activity-ktx:1.8.2) with AarToClassTransform
Transforming activity-ktx-1.8.2.aar (androidx.activity:activity-ktx:1.8.2) with EnumerateClassesTransform
Transforming customview-poolingcontainer-1.0.0.aar (androidx.customview:customview-poolingcontainer:1.0.0) with IdentityTransform
Transforming customview-poolingcontainer-1.0.0.aar (androidx.customview:customview-poolingcontainer:1.0.0) with AarToClassTransform
Transforming customview-poolingcontainer-1.0.0.aar (androidx.customview:customview-poolingcontainer:1.0.0) with EnumerateClassesTransform
Transforming core-ktx-1.12.0.aar (androidx.core:core-ktx:1.12.0) with IdentityTransform
Transforming core-ktx-1.12.0.aar (androidx.core:core-ktx:1.12.0) with AarToClassTransform
Transforming core-ktx-1.12.0.aar (androidx.core:core-ktx:1.12.0) with EnumerateClassesTransform
Transforming room-common-2.6.1.jar (androidx.room:room-common:2.6.1) with IdentityTransform
Transforming room-common-2.6.1.jar (androidx.room:room-common:2.6.1) with IdentityTransform
Transforming room-common-2.6.1.jar (androidx.room:room-common:2.6.1) with EnumerateClassesTransform
Transforming room-runtime-2.6.1.aar (androidx.room:room-runtime:2.6.1) with IdentityTransform
Transforming room-runtime-2.6.1.aar (androidx.room:room-runtime:2.6.1) with AarToClassTransform
Transforming room-runtime-2.6.1.aar (androidx.room:room-runtime:2.6.1) with EnumerateClassesTransform
Transforming room-ktx-2.6.1.aar (androidx.room:room-ktx:2.6.1) with IdentityTransform
Transforming room-ktx-2.6.1.aar (androidx.room:room-ktx:2.6.1) with AarToClassTransform
Transforming room-ktx-2.6.1.aar (androidx.room:room-ktx:2.6.1) with EnumerateClassesTransform
Transforming timber-5.0.1.aar (com.jakewharton.timber:timber:5.0.1) with IdentityTransform
Transforming timber-5.0.1.aar (com.jakewharton.timber:timber:5.0.1) with AarToClassTransform
Transforming timber-5.0.1.aar (com.jakewharton.timber:timber:5.0.1) with EnumerateClassesTransform
Transforming sqlite-framework-2.4.0.aar (androidx.sqlite:sqlite-framework:2.4.0) with IdentityTransform
Transforming sqlite-framework-2.4.0.aar (androidx.sqlite:sqlite-framework:2.4.0) with AarToClassTransform
Transforming sqlite-framework-2.4.0.aar (androidx.sqlite:sqlite-framework:2.4.0) with EnumerateClassesTransform
Transforming sqlite-2.4.0.aar (androidx.sqlite:sqlite:2.4.0) with IdentityTransform
Transforming sqlite-2.4.0.aar (androidx.sqlite:sqlite:2.4.0) with AarToClassTransform
Transforming sqlite-2.4.0.aar (androidx.sqlite:sqlite:2.4.0) with EnumerateClassesTransform
Transforming annotation-experimental-1.3.0.aar (androidx.annotation:annotation-experimental:1.3.0) with IdentityTransform
Transforming annotation-experimental-1.3.0.aar (androidx.annotation:annotation-experimental:1.3.0) with AarToClassTransform
Transforming annotation-experimental-1.3.0.aar (androidx.annotation:annotation-experimental:1.3.0) with EnumerateClassesTransform
Transforming collection-ktx-1.1.0.jar (androidx.collection:collection-ktx:1.1.0) with IdentityTransform
Transforming collection-ktx-1.1.0.jar (androidx.collection:collection-ktx:1.1.0) with IdentityTransform
Transforming collection-ktx-1.1.0.jar (androidx.collection:collection-ktx:1.1.0) with EnumerateClassesTransform
Transforming cursoradapter-1.0.0.aar (androidx.cursoradapter:cursoradapter:1.0.0) with IdentityTransform
Transforming cursoradapter-1.0.0.aar (androidx.cursoradapter:cursoradapter:1.0.0) with AarToClassTransform
Transforming cursoradapter-1.0.0.aar (androidx.cursoradapter:cursoradapter:1.0.0) with EnumerateClassesTransform
Transforming cardview-1.0.0.aar (androidx.cardview:cardview:1.0.0) with IdentityTransform
Transforming cardview-1.0.0.aar (androidx.cardview:cardview:1.0.0) with AarToClassTransform
Transforming cardview-1.0.0.aar (androidx.cardview:cardview:1.0.0) with EnumerateClassesTransform
Transforming kotlinx-coroutines-android-1.7.1.jar (org.jetbrains.kotlinx:kotlinx-coroutines-android:1.7.1) with IdentityTransform
Transforming kotlinx-coroutines-android-1.7.1.jar (org.jetbrains.kotlinx:kotlinx-coroutines-android:1.7.1) with IdentityTransform
Transforming core-runtime-2.2.0.aar (androidx.arch.core:core-runtime:2.2.0) with IdentityTransform
Transforming kotlinx-coroutines-android-1.7.1.jar (org.jetbrains.kotlinx:kotlinx-coroutines-android:1.7.1) with EnumerateClassesTransform
Transforming core-runtime-2.2.0.aar (androidx.arch.core:core-runtime:2.2.0) with AarToClassTransform
Transforming kotlinx-coroutines-core-jvm-1.7.1.jar (org.jetbrains.kotlinx:kotlinx-coroutines-core-jvm:1.7.1) with IdentityTransform
Transforming core-runtime-2.2.0.aar (androidx.arch.core:core-runtime:2.2.0) with EnumerateClassesTransform
Transforming kotlinx-coroutines-core-jvm-1.7.1.jar (org.jetbrains.kotlinx:kotlinx-coroutines-core-jvm:1.7.1) with IdentityTransform
Transforming gifdecoder-4.16.0.aar (com.github.bumptech.glide:gifdecoder:4.16.0) with IdentityTransform
Transforming kotlinx-coroutines-core-jvm-1.7.1.jar (org.jetbrains.kotlinx:kotlinx-coroutines-core-jvm:1.7.1) with EnumerateClassesTransform
Transforming converter-gson-2.9.0.jar (com.squareup.retrofit2:converter-gson:2.9.0) with IdentityTransform
Transforming logging-interceptor-4.12.0.jar (com.squareup.okhttp3:logging-interceptor:4.12.0) with IdentityTransform
Transforming converter-gson-2.9.0.jar (com.squareup.retrofit2:converter-gson:2.9.0) with IdentityTransform
Transforming gifdecoder-4.16.0.aar (com.github.bumptech.glide:gifdecoder:4.16.0) with AarToClassTransform
Transforming converter-gson-2.9.0.jar (com.squareup.retrofit2:converter-gson:2.9.0) with EnumerateClassesTransform
Transforming gifdecoder-4.16.0.aar (com.github.bumptech.glide:gifdecoder:4.16.0) with EnumerateClassesTransform
Transforming okhttp-4.12.0.jar (com.squareup.okhttp3:okhttp:4.12.0) with IdentityTransform
Transforming logging-interceptor-4.12.0.jar (com.squareup.okhttp3:logging-interceptor:4.12.0) with IdentityTransform
Transforming okhttp-4.12.0.jar (com.squareup.okhttp3:okhttp:4.12.0) with IdentityTransform
Transforming logging-interceptor-4.12.0.jar (com.squareup.okhttp3:logging-interceptor:4.12.0) with EnumerateClassesTransform
Transforming exifinterface-1.3.6.aar (androidx.exifinterface:exifinterface:1.3.6) with IdentityTransform
Transforming retrofit-2.9.0.jar (com.squareup.retrofit2:retrofit:2.9.0) with IdentityTransform
Transforming exifinterface-1.3.6.aar (androidx.exifinterface:exifinterface:1.3.6) with AarToClassTransform
Transforming retrofit-2.9.0.jar (com.squareup.retrofit2:retrofit:2.9.0) with IdentityTransform
Transforming exifinterface-1.3.6.aar (androidx.exifinterface:exifinterface:1.3.6) with EnumerateClassesTransform
Transforming retrofit-2.9.0.jar (com.squareup.retrofit2:retrofit:2.9.0) with EnumerateClassesTransform
Transforming profileinstaller-1.3.0.aar (androidx.profileinstaller:profileinstaller:1.3.0) with IdentityTransform
Transforming resourceinspection-annotation-1.0.1.jar (androidx.resourceinspection:resourceinspection-annotation:1.0.1) with IdentityTransform
Transforming okhttp-4.12.0.jar (com.squareup.okhttp3:okhttp:4.12.0) with EnumerateClassesTransform
Transforming resourceinspection-annotation-1.0.1.jar (androidx.resourceinspection:resourceinspection-annotation:1.0.1) with IdentityTransform
Transforming okio-jvm-3.6.0.jar (com.squareup.okio:okio-jvm:3.6.0) with IdentityTransform
Transforming resourceinspection-annotation-1.0.1.jar (androidx.resourceinspection:resourceinspection-annotation:1.0.1) with EnumerateClassesTransform
Transforming profileinstaller-1.3.0.aar (androidx.profileinstaller:profileinstaller:1.3.0) with AarToClassTransform
Transforming profileinstaller-1.3.0.aar (androidx.profileinstaller:profileinstaller:1.3.0) with EnumerateClassesTransform
Transforming okio-jvm-3.6.0.jar (com.squareup.okio:okio-jvm:3.6.0) with IdentityTransform
Transforming startup-runtime-1.1.1.aar (androidx.startup:startup-runtime:1.1.1) with IdentityTransform
Transforming startup-runtime-1.1.1.aar (androidx.startup:startup-runtime:1.1.1) with AarToClassTransform
Transforming okio-jvm-3.6.0.jar (com.squareup.okio:okio-jvm:3.6.0) with EnumerateClassesTransform
Transforming startup-runtime-1.1.1.aar (androidx.startup:startup-runtime:1.1.1) with EnumerateClassesTransform
Transforming tracing-1.0.0.aar (androidx.tracing:tracing:1.0.0) with IdentityTransform
Transforming tracing-1.0.0.aar (androidx.tracing:tracing:1.0.0) with AarToClassTransform
Transforming tracing-1.0.0.aar (androidx.tracing:tracing:1.0.0) with EnumerateClassesTransform
Transforming interpolator-1.0.0.aar (androidx.interpolator:interpolator:1.0.0) with IdentityTransform
Transforming interpolator-1.0.0.aar (androidx.interpolator:interpolator:1.0.0) with AarToClassTransform
Transforming interpolator-1.0.0.aar (androidx.interpolator:interpolator:1.0.0) with EnumerateClassesTransform
Transforming interpolator-1.0.0.aar (androidx.interpolator:interpolator:1.0.0) with IdentityTransform
Transforming interpolator-1.0.0.aar (androidx.interpolator:interpolator:1.0.0) with AarToClassTransform
Transforming interpolator-1.0.0.aar (androidx.interpolator:interpolator:1.0.0) with EnumerateClassesTransform
Transforming versionedparcelable-1.1.1.aar (androidx.versionedparcelable:versionedparcelable:1.1.1) with IdentityTransform
Transforming versionedparcelable-1.1.1.aar (androidx.versionedparcelable:versionedparcelable:1.1.1) with AarToClassTransform
Transforming versionedparcelable-1.1.1.aar (androidx.versionedparcelable:versionedparcelable:1.1.1) with EnumerateClassesTransform
Transforming documentfile-1.0.0.aar (androidx.documentfile:documentfile:1.0.0) with IdentityTransform
Transforming documentfile-1.0.0.aar (androidx.documentfile:documentfile:1.0.0) with AarToClassTransform
Transforming documentfile-1.0.0.aar (androidx.documentfile:documentfile:1.0.0) with EnumerateClassesTransform
Transforming collection-1.1.0.jar (androidx.collection:collection:1.1.0) with IdentityTransform
Transforming collection-1.1.0.jar (androidx.collection:collection:1.1.0) with IdentityTransform
Transforming localbroadcastmanager-1.0.0.aar (androidx.localbroadcastmanager:localbroadcastmanager:1.0.0) with IdentityTransform
Transforming collection-1.1.0.jar (androidx.collection:collection:1.1.0) with EnumerateClassesTransform
Transforming core-common-2.2.0.jar (androidx.arch.core:core-common:2.2.0) with IdentityTransform
Transforming localbroadcastmanager-1.0.0.aar (androidx.localbroadcastmanager:localbroadcastmanager:1.0.0) with AarToClassTransform
Transforming core-common-2.2.0.jar (androidx.arch.core:core-common:2.2.0) with IdentityTransform
Transforming localbroadcastmanager-1.0.0.aar (androidx.localbroadcastmanager:localbroadcastmanager:1.0.0) with EnumerateClassesTransform
Transforming print-1.0.0.aar (androidx.print:print:1.0.0) with IdentityTransform
Transforming core-common-2.2.0.jar (androidx.arch.core:core-common:2.2.0) with EnumerateClassesTransform
Transforming print-1.0.0.aar (androidx.print:print:1.0.0) with AarToClassTransform
Transforming print-1.0.0.aar (androidx.print:print:1.0.0) with EnumerateClassesTransform
Transforming annotations-4.16.0.jar (com.github.bumptech.glide:annotations:4.16.0) with IdentityTransform
Transforming annotations-4.16.0.jar (com.github.bumptech.glide:annotations:4.16.0) with IdentityTransform
Transforming annotations-4.16.0.jar (com.github.bumptech.glide:annotations:4.16.0) with EnumerateClassesTransform
Transforming dagger-2.46.1.jar (com.google.dagger:dagger:2.46.1) with IdentityTransform
Transforming dagger-2.46.1.jar (com.google.dagger:dagger:2.46.1) with IdentityTransform
Transforming concurrent-futures-1.1.0.jar (androidx.concurrent:concurrent-futures:1.1.0) with IdentityTransform
Transforming dagger-2.46.1.jar (com.google.dagger:dagger:2.46.1) with EnumerateClassesTransform
Transforming concurrent-futures-1.1.0.jar (androidx.concurrent:concurrent-futures:1.1.0) with IdentityTransform
Transforming annotation-jvm-1.6.0.jar (androidx.annotation:annotation-jvm:1.6.0) with IdentityTransform
Transforming annotation-jvm-1.6.0.jar (androidx.annotation:annotation-jvm:1.6.0) with IdentityTransform
Transforming dagger-lint-aar-2.46.1.aar (com.google.dagger:dagger-lint-aar:2.46.1) with IdentityTransform
Transforming kotlin-stdlib-jdk8-1.9.10.jar (org.jetbrains.kotlin:kotlin-stdlib-jdk8:1.9.10) with IdentityTransform
Transforming annotation-jvm-1.6.0.jar (androidx.annotation:annotation-jvm:1.6.0) with EnumerateClassesTransform
Transforming kotlin-stdlib-jdk7-1.9.10.jar (org.jetbrains.kotlin:kotlin-stdlib-jdk7:1.9.10) with IdentityTransform
Transforming kotlin-stdlib-jdk7-1.9.10.jar (org.jetbrains.kotlin:kotlin-stdlib-jdk7:1.9.10) with IdentityTransform
Transforming kotlin-stdlib-jdk7-1.9.10.jar (org.jetbrains.kotlin:kotlin-stdlib-jdk7:1.9.10) with EnumerateClassesTransform
Transforming kotlin-stdlib-1.9.21.jar (org.jetbrains.kotlin:kotlin-stdlib:1.9.21) with IdentityTransform
Transforming constraintlayout-core-1.0.4.jar (androidx.constraintlayout:constraintlayout-core:1.0.4) with IdentityTransform
Transforming concurrent-futures-1.1.0.jar (androidx.concurrent:concurrent-futures:1.1.0) with EnumerateClassesTransform
Transforming constraintlayout-core-1.0.4.jar (androidx.constraintlayout:constraintlayout-core:1.0.4) with IdentityTransform
Transforming constraintlayout-core-1.0.4.jar (androidx.constraintlayout:constraintlayout-core:1.0.4) with EnumerateClassesTransform
Transforming hilt-common-1.0.0.jar (androidx.hilt:hilt-common:1.0.0) with IdentityTransform
Transforming kotlin-stdlib-1.9.21.jar (org.jetbrains.kotlin:kotlin-stdlib:1.9.21) with IdentityTransform
Transforming hilt-common-1.0.0.jar (androidx.hilt:hilt-common:1.0.0) with IdentityTransform
Transforming kotlin-stdlib-1.9.21.jar (org.jetbrains.kotlin:kotlin-stdlib:1.9.21) with EnumerateClassesTransform
Transforming kotlin-stdlib-jdk8-1.9.10.jar (org.jetbrains.kotlin:kotlin-stdlib-jdk8:1.9.10) with IdentityTransform
Transforming dagger-lint-aar-2.46.1.aar (com.google.dagger:dagger-lint-aar:2.46.1) with AarToClassTransform
Transforming hilt-core-2.46.1.jar (com.google.dagger:hilt-core:2.46.1) with IdentityTransform
Transforming kotlin-stdlib-jdk8-1.9.10.jar (org.jetbrains.kotlin:kotlin-stdlib-jdk8:1.9.10) with EnumerateClassesTransform
Transforming error_prone_annotations-2.15.0.jar (com.google.errorprone:error_prone_annotations:2.15.0) with IdentityTransform
Transforming error_prone_annotations-2.15.0.jar (com.google.errorprone:error_prone_annotations:2.15.0) with IdentityTransform
Transforming error_prone_annotations-2.15.0.jar (com.google.errorprone:error_prone_annotations:2.15.0) with EnumerateClassesTransform
Transforming hilt-common-1.0.0.jar (androidx.hilt:hilt-common:1.0.0) with EnumerateClassesTransform
Transforming annotations-23.0.0.jar (org.jetbrains:annotations:23.0.0) with IdentityTransform
Transforming hilt-core-2.46.1.jar (com.google.dagger:hilt-core:2.46.1) with IdentityTransform
Transforming dagger-lint-aar-2.46.1.aar (com.google.dagger:dagger-lint-aar:2.46.1) with EnumerateClassesTransform
Transforming hilt-core-2.46.1.jar (com.google.dagger:hilt-core:2.46.1) with EnumerateClassesTransform
Transforming jsr305-3.0.2.jar (com.google.code.findbugs:jsr305:3.0.2) with IdentityTransform
Transforming annotations-23.0.0.jar (org.jetbrains:annotations:23.0.0) with IdentityTransform
Transforming jsr305-3.0.2.jar (com.google.code.findbugs:jsr305:3.0.2) with IdentityTransform
Transforming annotations-23.0.0.jar (org.jetbrains:annotations:23.0.0) with EnumerateClassesTransform
Transforming jsr305-3.0.2.jar (com.google.code.findbugs:jsr305:3.0.2) with EnumerateClassesTransform
Transforming javax.inject-1.jar (javax.inject:javax.inject:1) with IdentityTransform
Transforming javax.inject-1.jar (javax.inject:javax.inject:1) with IdentityTransform
Transforming javax.inject-1.jar (javax.inject:javax.inject:1) with EnumerateClassesTransform
Transforming disklrucache-4.16.0.jar (com.github.bumptech.glide:disklrucache:4.16.0) with IdentityTransform
Transforming disklrucache-4.16.0.jar (com.github.bumptech.glide:disklrucache:4.16.0) with IdentityTransform
Transforming disklrucache-4.16.0.jar (com.github.bumptech.glide:disklrucache:4.16.0) with EnumerateClassesTransform
Transforming listenablefuture-1.0.jar (com.google.guava:listenablefuture:1.0) with IdentityTransform
Transforming listenablefuture-1.0.jar (com.google.guava:listenablefuture:1.0) with IdentityTransform
Transforming listenablefuture-1.0.jar (com.google.guava:listenablefuture:1.0) with EnumerateClassesTransform
Transforming gson-2.8.5.jar (com.google.code.gson:gson:2.8.5) with IdentityTransform
Transforming gson-2.8.5.jar (com.google.code.gson:gson:2.8.5) with IdentityTransform
Transforming gson-2.8.5.jar (com.google.code.gson:gson:2.8.5) with EnumerateClassesTransform
Caching disabled for task ':app:checkDebugDuplicateClasses' because:
  Build cache is disabled
Task ':app:checkDebugDuplicateClasses' is not up-to-date because:
  Output property 'dummyOutputDirectory' file C:\Users\leoja\AndroidStudioProjects\PaleobyLeoRecipes\app\build\intermediates\duplicate_classes_check\debug has been removed.

> Task :app:mergeDebugJniLibFolders
Caching disabled for task ':app:mergeDebugJniLibFolders' because:
  Build cache is disabled
Task ':app:mergeDebugJniLibFolders' is not up-to-date because:
  Output property 'outputDir' file C:\Users\leoja\AndroidStudioProjects\PaleobyLeoRecipes\app\build\intermediates\merged_jni_libs\debug\out has been removed.
The input changes require a full rebuild for incremental task ':app:mergeDebugJniLibFolders'.
Resolve mutations for :app:mergeDebugNativeLibs (Thread[#888,Execution worker Thread 2,5,main]) started.
:app:mergeDebugNativeLibs (Thread[#888,Execution worker Thread 2,5,main]) started.

> Task :app:mergeDebugNativeLibs NO-SOURCE
Transforming databinding-adapters-8.1.0.aar (androidx.databinding:databinding-adapters:8.1.0) with IdentityTransform
Transforming databinding-adapters-8.1.0.aar (androidx.databinding:databinding-adapters:8.1.0) with ExtractAarTransform
Transforming databinding-adapters-8.1.0.aar (androidx.databinding:databinding-adapters:8.1.0) with AarTransform
Transforming databinding-ktx-8.1.0.aar (androidx.databinding:databinding-ktx:8.1.0) with IdentityTransform
Transforming databinding-ktx-8.1.0.aar (androidx.databinding:databinding-ktx:8.1.0) with ExtractAarTransform
Transforming databinding-ktx-8.1.0.aar (androidx.databinding:databinding-ktx:8.1.0) with AarTransform
Transforming databinding-runtime-8.1.0.aar (androidx.databinding:databinding-runtime:8.1.0) with IdentityTransform
Transforming databinding-runtime-8.1.0.aar (androidx.databinding:databinding-runtime:8.1.0) with ExtractAarTransform
Transforming databinding-runtime-8.1.0.aar (androidx.databinding:databinding-runtime:8.1.0) with AarTransform
Transforming viewbinding-8.1.0.aar (androidx.databinding:viewbinding:8.1.0) with IdentityTransform
Transforming viewbinding-8.1.0.aar (androidx.databinding:viewbinding:8.1.0) with ExtractAarTransform
Transforming viewbinding-8.1.0.aar (androidx.databinding:viewbinding:8.1.0) with AarTransform
Transforming databinding-common-8.1.0.jar (androidx.databinding:databinding-common:8.1.0) with IdentityTransform
Transforming databinding-common-8.1.0.jar (androidx.databinding:databinding-common:8.1.0) with ExtractJniTransform
Transforming navigation-common-2.7.6.aar (androidx.navigation:navigation-common:2.7.6) with IdentityTransform
Transforming navigation-common-2.7.6.aar (androidx.navigation:navigation-common:2.7.6) with ExtractAarTransform
Transforming navigation-common-2.7.6.aar (androidx.navigation:navigation-common:2.7.6) with AarTransform
Transforming navigation-common-ktx-2.7.6.aar (androidx.navigation:navigation-common-ktx:2.7.6) with IdentityTransform
Transforming navigation-common-ktx-2.7.6.aar (androidx.navigation:navigation-common-ktx:2.7.6) with ExtractAarTransform
Transforming navigation-common-ktx-2.7.6.aar (androidx.navigation:navigation-common-ktx:2.7.6) with AarTransform
Transforming navigation-runtime-2.7.6.aar (androidx.navigation:navigation-runtime:2.7.6) with IdentityTransform
Transforming navigation-runtime-2.7.6.aar (androidx.navigation:navigation-runtime:2.7.6) with ExtractAarTransform
Transforming navigation-runtime-2.7.6.aar (androidx.navigation:navigation-runtime:2.7.6) with AarTransform
Transforming navigation-runtime-ktx-2.7.6.aar (androidx.navigation:navigation-runtime-ktx:2.7.6) with IdentityTransform
Transforming navigation-runtime-ktx-2.7.6.aar (androidx.navigation:navigation-runtime-ktx:2.7.6) with ExtractAarTransform
Transforming navigation-runtime-ktx-2.7.6.aar (androidx.navigation:navigation-runtime-ktx:2.7.6) with AarTransform
Transforming navigation-fragment-2.7.6.aar (androidx.navigation:navigation-fragment:2.7.6) with IdentityTransform
Transforming navigation-fragment-2.7.6.aar (androidx.navigation:navigation-fragment:2.7.6) with ExtractAarTransform
Transforming navigation-fragment-2.7.6.aar (androidx.navigation:navigation-fragment:2.7.6) with AarTransform
Transforming navigation-fragment-ktx-2.7.6.aar (androidx.navigation:navigation-fragment-ktx:2.7.6) with IdentityTransform
Transforming navigation-fragment-ktx-2.7.6.aar (androidx.navigation:navigation-fragment-ktx:2.7.6) with ExtractAarTransform
Transforming navigation-fragment-ktx-2.7.6.aar (androidx.navigation:navigation-fragment-ktx:2.7.6) with AarTransform
Transforming navigation-ui-ktx-2.7.6.aar (androidx.navigation:navigation-ui-ktx:2.7.6) with IdentityTransform
Transforming navigation-ui-ktx-2.7.6.aar (androidx.navigation:navigation-ui-ktx:2.7.6) with ExtractAarTransform
Transforming navigation-ui-ktx-2.7.6.aar (androidx.navigation:navigation-ui-ktx:2.7.6) with AarTransform
Transforming navigation-ui-2.7.6.aar (androidx.navigation:navigation-ui:2.7.6) with IdentityTransform
Transforming navigation-ui-2.7.6.aar (androidx.navigation:navigation-ui:2.7.6) with ExtractAarTransform
Transforming navigation-ui-2.7.6.aar (androidx.navigation:navigation-ui:2.7.6) with AarTransform
Transforming material-1.11.0.aar (com.google.android.material:material:1.11.0) with IdentityTransform
Transforming material-1.11.0.aar (com.google.android.material:material:1.11.0) with ExtractAarTransform
Transforming material-1.11.0.aar (com.google.android.material:material:1.11.0) with AarTransform
Transforming constraintlayout-2.1.4.aar (androidx.constraintlayout:constraintlayout:2.1.4) with IdentityTransform
Transforming constraintlayout-2.1.4.aar (androidx.constraintlayout:constraintlayout:2.1.4) with ExtractAarTransform
Transforming constraintlayout-2.1.4.aar (androidx.constraintlayout:constraintlayout:2.1.4) with AarTransform
Transforming appcompat-resources-1.6.1.aar (androidx.appcompat:appcompat-resources:1.6.1) with IdentityTransform
Transforming appcompat-resources-1.6.1.aar (androidx.appcompat:appcompat-resources:1.6.1) with ExtractAarTransform
Transforming appcompat-resources-1.6.1.aar (androidx.appcompat:appcompat-resources:1.6.1) with AarTransform
Transforming appcompat-1.6.1.aar (androidx.appcompat:appcompat:1.6.1) with IdentityTransform
Transforming appcompat-1.6.1.aar (androidx.appcompat:appcompat:1.6.1) with ExtractAarTransform
Transforming appcompat-1.6.1.aar (androidx.appcompat:appcompat:1.6.1) with AarTransform
Transforming hilt-work-1.0.0.aar (androidx.hilt:hilt-work:1.0.0) with IdentityTransform
Transforming hilt-work-1.0.0.aar (androidx.hilt:hilt-work:1.0.0) with ExtractAarTransform
Transforming hilt-work-1.0.0.aar (androidx.hilt:hilt-work:1.0.0) with AarTransform
Transforming hilt-android-2.46.1.aar (com.google.dagger:hilt-android:2.46.1) with IdentityTransform
Transforming hilt-android-2.46.1.aar (com.google.dagger:hilt-android:2.46.1) with ExtractAarTransform
Transforming hilt-android-2.46.1.aar (com.google.dagger:hilt-android:2.46.1) with AarTransform
Transforming okhttp3-integration-4.16.0.aar (com.github.bumptech.glide:okhttp3-integration:4.16.0) with IdentityTransform
Transforming okhttp3-integration-4.16.0.aar (com.github.bumptech.glide:okhttp3-integration:4.16.0) with ExtractAarTransform
Transforming okhttp3-integration-4.16.0.aar (com.github.bumptech.glide:okhttp3-integration:4.16.0) with AarTransform
Transforming glide-4.16.0.aar (com.github.bumptech.glide:glide:4.16.0) with IdentityTransform
Transforming glide-4.16.0.aar (com.github.bumptech.glide:glide:4.16.0) with ExtractAarTransform
Transforming glide-4.16.0.aar (com.github.bumptech.glide:glide:4.16.0) with AarTransform
Transforming viewpager2-1.0.0.aar (androidx.viewpager2:viewpager2:1.0.0) with IdentityTransform
Transforming viewpager2-1.0.0.aar (androidx.viewpager2:viewpager2:1.0.0) with ExtractAarTransform
Transforming viewpager2-1.0.0.aar (androidx.viewpager2:viewpager2:1.0.0) with AarTransform
Transforming fragment-1.6.2.aar (androidx.fragment:fragment:1.6.2) with IdentityTransform
Transforming fragment-1.6.2.aar (androidx.fragment:fragment:1.6.2) with ExtractAarTransform
Transforming fragment-1.6.2.aar (androidx.fragment:fragment:1.6.2) with AarTransform
Transforming fragment-1.6.2.aar (androidx.fragment:fragment:1.6.2) with IdentityTransform
Transforming fragment-1.6.2.aar (androidx.fragment:fragment:1.6.2) with ExtractAarTransform
Transforming fragment-1.6.2.aar (androidx.fragment:fragment:1.6.2) with AarTransform
Transforming fragment-ktx-1.6.2.aar (androidx.fragment:fragment-ktx:1.6.2) with IdentityTransform
Transforming fragment-ktx-1.6.2.aar (androidx.fragment:fragment-ktx:1.6.2) with ExtractAarTransform
Transforming fragment-ktx-1.6.2.aar (androidx.fragment:fragment-ktx:1.6.2) with AarTransform
Transforming material3-1.1.2.aar (androidx.compose.material3:material3:1.1.2) with IdentityTransform
Transforming material3-1.1.2.aar (androidx.compose.material3:material3:1.1.2) with ExtractAarTransform
Transforming material3-1.1.2.aar (androidx.compose.material3:material3:1.1.2) with AarTransform
Transforming material-ripple-release.aar (androidx.compose.material:material-ripple-android:1.5.4) with IdentityTransform
Transforming material-ripple-release.aar (androidx.compose.material:material-ripple-android:1.5.4) with ExtractAarTransform
Transforming material-ripple-release.aar (androidx.compose.material:material-ripple-android:1.5.4) with AarTransform
Transforming material-icons-core-release.aar (androidx.compose.material:material-icons-core-android:1.5.4) with IdentityTransform
Transforming material-icons-core-release.aar (androidx.compose.material:material-icons-core-android:1.5.4) with ExtractAarTransform
Transforming material-icons-core-release.aar (androidx.compose.material:material-icons-core-android:1.5.4) with AarTransform
Transforming material-release.aar (androidx.compose.material:material-android:1.5.4) with IdentityTransform
Transforming material-release.aar (androidx.compose.material:material-android:1.5.4) with ExtractAarTransform
Transforming material-release.aar (androidx.compose.material:material-android:1.5.4) with AarTransform
Transforming animation-core-release.aar (androidx.compose.animation:animation-core-android:1.5.4) with IdentityTransform
Transforming animation-core-release.aar (androidx.compose.animation:animation-core-android:1.5.4) with ExtractAarTransform
Transforming animation-core-release.aar (androidx.compose.animation:animation-core-android:1.5.4) with AarTransform
Transforming animation-release.aar (androidx.compose.animation:animation-android:1.5.4) with IdentityTransform
Transforming animation-release.aar (androidx.compose.animation:animation-android:1.5.4) with ExtractAarTransform
Transforming animation-release.aar (androidx.compose.animation:animation-android:1.5.4) with AarTransform
Transforming foundation-layout-release.aar (androidx.compose.foundation:foundation-layout-android:1.5.4) with IdentityTransform
Transforming foundation-layout-release.aar (androidx.compose.foundation:foundation-layout-android:1.5.4) with ExtractAarTransform
Transforming foundation-layout-release.aar (androidx.compose.foundation:foundation-layout-android:1.5.4) with AarTransform
Transforming foundation-release.aar (androidx.compose.foundation:foundation-android:1.5.4) with IdentityTransform
Transforming foundation-release.aar (androidx.compose.foundation:foundation-android:1.5.4) with ExtractAarTransform
Transforming foundation-release.aar (androidx.compose.foundation:foundation-android:1.5.4) with AarTransform
Transforming ui-unit-release.aar (androidx.compose.ui:ui-unit-android:1.5.4) with IdentityTransform
Transforming ui-unit-release.aar (androidx.compose.ui:ui-unit-android:1.5.4) with ExtractAarTransform
Transforming ui-unit-release.aar (androidx.compose.ui:ui-unit-android:1.5.4) with AarTransform
Transforming ui-geometry-release.aar (androidx.compose.ui:ui-geometry-android:1.5.4) with IdentityTransform
Transforming ui-geometry-release.aar (androidx.compose.ui:ui-geometry-android:1.5.4) with ExtractAarTransform
Transforming ui-geometry-release.aar (androidx.compose.ui:ui-geometry-android:1.5.4) with AarTransform
Transforming ui-tooling-data-release.aar (androidx.compose.ui:ui-tooling-data-android:1.5.4) with IdentityTransform
Transforming ui-tooling-data-release.aar (androidx.compose.ui:ui-tooling-data-android:1.5.4) with ExtractAarTransform
Transforming ui-tooling-data-release.aar (androidx.compose.ui:ui-tooling-data-android:1.5.4) with AarTransform
Transforming ui-util-release.aar (androidx.compose.ui:ui-util-android:1.5.4) with IdentityTransform
Transforming ui-util-release.aar (androidx.compose.ui:ui-util-android:1.5.4) with ExtractAarTransform
Transforming ui-util-release.aar (androidx.compose.ui:ui-util-android:1.5.4) with AarTransform
Transforming ui-graphics-release.aar (androidx.compose.ui:ui-graphics-android:1.5.4) with IdentityTransform
Transforming ui-graphics-release.aar (androidx.compose.ui:ui-graphics-android:1.5.4) with ExtractAarTransform
Transforming ui-graphics-release.aar (androidx.compose.ui:ui-graphics-android:1.5.4) with AarTransform
Transforming ui-text-release.aar (androidx.compose.ui:ui-text-android:1.5.4) with IdentityTransform
Transforming ui-text-release.aar (androidx.compose.ui:ui-text-android:1.5.4) with ExtractAarTransform
Transforming ui-text-release.aar (androidx.compose.ui:ui-text-android:1.5.4) with AarTransform
Transforming runtime-saveable-release.aar (androidx.compose.runtime:runtime-saveable-android:1.5.4) with IdentityTransform
Transforming runtime-saveable-release.aar (androidx.compose.runtime:runtime-saveable-android:1.5.4) with ExtractAarTransform
Transforming runtime-saveable-release.aar (androidx.compose.runtime:runtime-saveable-android:1.5.4) with AarTransform
Transforming runtime-release.aar (androidx.compose.runtime:runtime-android:1.5.4) with IdentityTransform
Transforming runtime-release.aar (androidx.compose.runtime:runtime-android:1.5.4) with ExtractAarTransform
Transforming runtime-release.aar (androidx.compose.runtime:runtime-android:1.5.4) with AarTransform
Transforming runtime-livedata-1.5.4.aar (androidx.compose.runtime:runtime-livedata:1.5.4) with IdentityTransform
Transforming runtime-livedata-1.5.4.aar (androidx.compose.runtime:runtime-livedata:1.5.4) with ExtractAarTransform
Transforming runtime-livedata-1.5.4.aar (androidx.compose.runtime:runtime-livedata:1.5.4) with AarTransform
Transforming drawerlayout-1.1.1.aar (androidx.drawerlayout:drawerlayout:1.1.1) with IdentityTransform
Transforming drawerlayout-1.1.1.aar (androidx.drawerlayout:drawerlayout:1.1.1) with ExtractAarTransform
Transforming drawerlayout-1.1.1.aar (androidx.drawerlayout:drawerlayout:1.1.1) with AarTransform
Transforming coordinatorlayout-1.1.0.aar (androidx.coordinatorlayout:coordinatorlayout:1.1.0) with IdentityTransform
Transforming coordinatorlayout-1.1.0.aar (androidx.coordinatorlayout:coordinatorlayout:1.1.0) with ExtractAarTransform
Transforming coordinatorlayout-1.1.0.aar (androidx.coordinatorlayout:coordinatorlayout:1.1.0) with AarTransform
Transforming dynamicanimation-1.0.0.aar (androidx.dynamicanimation:dynamicanimation:1.0.0) with IdentityTransform
Transforming dynamicanimation-1.0.0.aar (androidx.dynamicanimation:dynamicanimation:1.0.0) with ExtractAarTransform
Transforming dynamicanimation-1.0.0.aar (androidx.dynamicanimation:dynamicanimation:1.0.0) with AarTransform
Transforming vectordrawable-animated-1.1.0.aar (androidx.vectordrawable:vectordrawable-animated:1.1.0) with IdentityTransform
Transforming vectordrawable-animated-1.1.0.aar (androidx.vectordrawable:vectordrawable-animated:1.1.0) with ExtractAarTransform
Transforming vectordrawable-animated-1.1.0.aar (androidx.vectordrawable:vectordrawable-animated:1.1.0) with AarTransform
Transforming vectordrawable-1.1.0.aar (androidx.vectordrawable:vectordrawable:1.1.0) with IdentityTransform
Transforming vectordrawable-1.1.0.aar (androidx.vectordrawable:vectordrawable:1.1.0) with ExtractAarTransform
Transforming vectordrawable-1.1.0.aar (androidx.vectordrawable:vectordrawable:1.1.0) with AarTransform
Transforming vectordrawable-1.1.0.aar (androidx.vectordrawable:vectordrawable:1.1.0) with IdentityTransform
Transforming vectordrawable-1.1.0.aar (androidx.vectordrawable:vectordrawable:1.1.0) with ExtractAarTransform
Transforming vectordrawable-1.1.0.aar (androidx.vectordrawable:vectordrawable:1.1.0) with AarTransform
Transforming work-runtime-ktx-2.9.0.aar (androidx.work:work-runtime-ktx:2.9.0) with IdentityTransform
Transforming work-runtime-ktx-2.9.0.aar (androidx.work:work-runtime-ktx:2.9.0) with ExtractAarTransform
Transforming work-runtime-ktx-2.9.0.aar (androidx.work:work-runtime-ktx:2.9.0) with AarTransform
Transforming work-runtime-2.9.0.aar (androidx.work:work-runtime:2.9.0) with IdentityTransform
Transforming work-runtime-2.9.0.aar (androidx.work:work-runtime:2.9.0) with ExtractAarTransform
Transforming work-runtime-2.9.0.aar (androidx.work:work-runtime:2.9.0) with AarTransform
Transforming recyclerview-1.1.0.aar (androidx.recyclerview:recyclerview:1.1.0) with IdentityTransform
Transforming recyclerview-1.1.0.aar (androidx.recyclerview:recyclerview:1.1.0) with ExtractAarTransform
Transforming recyclerview-1.1.0.aar (androidx.recyclerview:recyclerview:1.1.0) with AarTransform
Transforming recyclerview-1.1.0.aar (androidx.recyclerview:recyclerview:1.1.0) with IdentityTransform
Transforming recyclerview-1.1.0.aar (androidx.recyclerview:recyclerview:1.1.0) with ExtractAarTransform
Transforming recyclerview-1.1.0.aar (androidx.recyclerview:recyclerview:1.1.0) with AarTransform
Transforming viewpager-1.0.0.aar (androidx.viewpager:viewpager:1.0.0) with IdentityTransform
Transforming viewpager-1.0.0.aar (androidx.viewpager:viewpager:1.0.0) with ExtractAarTransform
Transforming viewpager-1.0.0.aar (androidx.viewpager:viewpager:1.0.0) with AarTransform
Transforming slidingpanelayout-1.2.0.aar (androidx.slidingpanelayout:slidingpanelayout:1.2.0) with IdentityTransform
Transforming slidingpanelayout-1.2.0.aar (androidx.slidingpanelayout:slidingpanelayout:1.2.0) with ExtractAarTransform
Transforming slidingpanelayout-1.2.0.aar (androidx.slidingpanelayout:slidingpanelayout:1.2.0) with AarTransform
Transforming customview-1.1.0.aar (androidx.customview:customview:1.1.0) with IdentityTransform
Transforming customview-1.1.0.aar (androidx.customview:customview:1.1.0) with ExtractAarTransform
Transforming customview-1.1.0.aar (androidx.customview:customview:1.1.0) with AarTransform
Transforming customview-1.1.0.aar (androidx.customview:customview:1.1.0) with IdentityTransform
Transforming customview-1.1.0.aar (androidx.customview:customview:1.1.0) with ExtractAarTransform
Transforming customview-1.1.0.aar (androidx.customview:customview:1.1.0) with AarTransform
Transforming legacy-support-core-utils-1.0.0.aar (androidx.legacy:legacy-support-core-utils:1.0.0) with IdentityTransform
Transforming legacy-support-core-utils-1.0.0.aar (androidx.legacy:legacy-support-core-utils:1.0.0) with ExtractAarTransform
Transforming legacy-support-core-utils-1.0.0.aar (androidx.legacy:legacy-support-core-utils:1.0.0) with AarTransform
Transforming loader-1.0.0.aar (androidx.loader:loader:1.0.0) with IdentityTransform
Transforming loader-1.0.0.aar (androidx.loader:loader:1.0.0) with ExtractAarTransform
Transforming loader-1.0.0.aar (androidx.loader:loader:1.0.0) with AarTransform
Transforming loader-1.0.0.aar (androidx.loader:loader:1.0.0) with IdentityTransform
Transforming loader-1.0.0.aar (androidx.loader:loader:1.0.0) with ExtractAarTransform
Transforming loader-1.0.0.aar (androidx.loader:loader:1.0.0) with AarTransform
Transforming transition-1.4.1.aar (androidx.transition:transition:1.4.1) with IdentityTransform
Transforming transition-1.4.1.aar (androidx.transition:transition:1.4.1) with ExtractAarTransform
Transforming transition-1.4.1.aar (androidx.transition:transition:1.4.1) with AarTransform
Transforming window-1.0.0.aar (androidx.window:window:1.0.0) with IdentityTransform
Transforming window-1.0.0.aar (androidx.window:window:1.0.0) with ExtractAarTransform
Transforming window-1.0.0.aar (androidx.window:window:1.0.0) with AarTransform
Transforming autofill-1.0.0.aar (androidx.autofill:autofill:1.0.0) with IdentityTransform
Transforming autofill-1.0.0.aar (androidx.autofill:autofill:1.0.0) with ExtractAarTransform
Transforming autofill-1.0.0.aar (androidx.autofill:autofill:1.0.0) with AarTransform
Transforming emoji2-views-helper-1.4.0.aar (androidx.emoji2:emoji2-views-helper:1.4.0) with IdentityTransform
Transforming emoji2-views-helper-1.4.0.aar (androidx.emoji2:emoji2-views-helper:1.4.0) with ExtractAarTransform
Transforming emoji2-views-helper-1.4.0.aar (androidx.emoji2:emoji2-views-helper:1.4.0) with AarTransform
Transforming emoji2-1.4.0.aar (androidx.emoji2:emoji2:1.4.0) with IdentityTransform
Transforming emoji2-1.4.0.aar (androidx.emoji2:emoji2:1.4.0) with ExtractAarTransform
Transforming emoji2-1.4.0.aar (androidx.emoji2:emoji2:1.4.0) with AarTransform
Transforming core-1.12.0.aar (androidx.core:core:1.12.0) with IdentityTransform
Transforming core-1.12.0.aar (androidx.core:core:1.12.0) with ExtractAarTransform
Transforming core-1.12.0.aar (androidx.core:core:1.12.0) with AarTransform
Transforming core-1.12.0.aar (androidx.core:core:1.12.0) with IdentityTransform
Transforming core-1.12.0.aar (androidx.core:core:1.12.0) with ExtractAarTransform
Transforming core-1.12.0.aar (androidx.core:core:1.12.0) with AarTransform
Transforming lifecycle-livedata-core-2.7.0.aar (androidx.lifecycle:lifecycle-livedata-core:2.7.0) with IdentityTransform
Transforming lifecycle-livedata-core-2.7.0.aar (androidx.lifecycle:lifecycle-livedata-core:2.7.0) with ExtractAarTransform
Transforming lifecycle-livedata-core-2.7.0.aar (androidx.lifecycle:lifecycle-livedata-core:2.7.0) with AarTransform
Transforming savedstate-ktx-1.2.1.aar (androidx.savedstate:savedstate-ktx:1.2.1) with IdentityTransform
Transforming savedstate-ktx-1.2.1.aar (androidx.savedstate:savedstate-ktx:1.2.1) with ExtractAarTransform
Transforming savedstate-ktx-1.2.1.aar (androidx.savedstate:savedstate-ktx:1.2.1) with AarTransform
Transforming savedstate-1.2.1.aar (androidx.savedstate:savedstate:1.2.1) with IdentityTransform
Transforming savedstate-1.2.1.aar (androidx.savedstate:savedstate:1.2.1) with ExtractAarTransform
Transforming savedstate-1.2.1.aar (androidx.savedstate:savedstate:1.2.1) with AarTransform
Transforming lifecycle-common-2.7.0.jar (androidx.lifecycle:lifecycle-common:2.7.0) with IdentityTransform
Transforming lifecycle-common-2.7.0.jar (androidx.lifecycle:lifecycle-common:2.7.0) with ExtractJniTransform
Transforming lifecycle-viewmodel-savedstate-2.7.0.aar (androidx.lifecycle:lifecycle-viewmodel-savedstate:2.7.0) with IdentityTransform
Transforming lifecycle-viewmodel-savedstate-2.7.0.aar (androidx.lifecycle:lifecycle-viewmodel-savedstate:2.7.0) with ExtractAarTransform
Transforming lifecycle-viewmodel-savedstate-2.7.0.aar (androidx.lifecycle:lifecycle-viewmodel-savedstate:2.7.0) with AarTransform
Transforming lifecycle-common-java8-2.7.0.jar (androidx.lifecycle:lifecycle-common-java8:2.7.0) with IdentityTransform
Transforming lifecycle-common-java8-2.7.0.jar (androidx.lifecycle:lifecycle-common-java8:2.7.0) with ExtractJniTransform
Transforming lifecycle-livedata-core-ktx-2.7.0.aar (androidx.lifecycle:lifecycle-livedata-core-ktx:2.7.0) with IdentityTransform
Transforming lifecycle-livedata-core-ktx-2.7.0.aar (androidx.lifecycle:lifecycle-livedata-core-ktx:2.7.0) with ExtractAarTransform
Transforming lifecycle-livedata-core-ktx-2.7.0.aar (androidx.lifecycle:lifecycle-livedata-core-ktx:2.7.0) with AarTransform
Transforming lifecycle-viewmodel-2.7.0.aar (androidx.lifecycle:lifecycle-viewmodel:2.7.0) with IdentityTransform
Transforming lifecycle-viewmodel-2.7.0.aar (androidx.lifecycle:lifecycle-viewmodel:2.7.0) with ExtractAarTransform
Transforming lifecycle-viewmodel-2.7.0.aar (androidx.lifecycle:lifecycle-viewmodel:2.7.0) with AarTransform
Transforming lifecycle-viewmodel-2.7.0.aar (androidx.lifecycle:lifecycle-viewmodel:2.7.0) with IdentityTransform
Transforming lifecycle-viewmodel-2.7.0.aar (androidx.lifecycle:lifecycle-viewmodel:2.7.0) with ExtractAarTransform
Transforming lifecycle-viewmodel-2.7.0.aar (androidx.lifecycle:lifecycle-viewmodel:2.7.0) with AarTransform
Transforming lifecycle-service-2.7.0.aar (androidx.lifecycle:lifecycle-service:2.7.0) with IdentityTransform
Transforming lifecycle-service-2.7.0.aar (androidx.lifecycle:lifecycle-service:2.7.0) with ExtractAarTransform
Transforming lifecycle-service-2.7.0.aar (androidx.lifecycle:lifecycle-service:2.7.0) with AarTransform
Transforming lifecycle-runtime-ktx-2.7.0.aar (androidx.lifecycle:lifecycle-runtime-ktx:2.7.0) with IdentityTransform
Transforming lifecycle-runtime-ktx-2.7.0.aar (androidx.lifecycle:lifecycle-runtime-ktx:2.7.0) with ExtractAarTransform
Transforming lifecycle-runtime-ktx-2.7.0.aar (androidx.lifecycle:lifecycle-runtime-ktx:2.7.0) with AarTransform
Transforming lifecycle-runtime-2.7.0.aar (androidx.lifecycle:lifecycle-runtime:2.7.0) with IdentityTransform
Transforming lifecycle-runtime-2.7.0.aar (androidx.lifecycle:lifecycle-runtime:2.7.0) with ExtractAarTransform
Transforming lifecycle-runtime-2.7.0.aar (androidx.lifecycle:lifecycle-runtime:2.7.0) with AarTransform
Transforming lifecycle-process-2.7.0.aar (androidx.lifecycle:lifecycle-process:2.7.0) with IdentityTransform
Transforming lifecycle-process-2.7.0.aar (androidx.lifecycle:lifecycle-process:2.7.0) with ExtractAarTransform
Transforming lifecycle-process-2.7.0.aar (androidx.lifecycle:lifecycle-process:2.7.0) with AarTransform
Transforming lifecycle-livedata-2.7.0.aar (androidx.lifecycle:lifecycle-livedata:2.7.0) with IdentityTransform
Transforming lifecycle-livedata-2.7.0.aar (androidx.lifecycle:lifecycle-livedata:2.7.0) with ExtractAarTransform
Transforming lifecycle-livedata-2.7.0.aar (androidx.lifecycle:lifecycle-livedata:2.7.0) with AarTransform
Transforming lifecycle-livedata-2.7.0.aar (androidx.lifecycle:lifecycle-livedata:2.7.0) with IdentityTransform
Transforming lifecycle-livedata-2.7.0.aar (androidx.lifecycle:lifecycle-livedata:2.7.0) with ExtractAarTransform
Transforming lifecycle-livedata-2.7.0.aar (androidx.lifecycle:lifecycle-livedata:2.7.0) with AarTransform
Transforming lifecycle-viewmodel-ktx-2.7.0.aar (androidx.lifecycle:lifecycle-viewmodel-ktx:2.7.0) with IdentityTransform
Transforming lifecycle-viewmodel-ktx-2.7.0.aar (androidx.lifecycle:lifecycle-viewmodel-ktx:2.7.0) with ExtractAarTransform
Transforming lifecycle-viewmodel-ktx-2.7.0.aar (androidx.lifecycle:lifecycle-viewmodel-ktx:2.7.0) with AarTransform
Transforming lifecycle-livedata-ktx-2.7.0.aar (androidx.lifecycle:lifecycle-livedata-ktx:2.7.0) with IdentityTransform
Transforming lifecycle-livedata-ktx-2.7.0.aar (androidx.lifecycle:lifecycle-livedata-ktx:2.7.0) with ExtractAarTransform
Transforming lifecycle-livedata-ktx-2.7.0.aar (androidx.lifecycle:lifecycle-livedata-ktx:2.7.0) with AarTransform
Transforming lifecycle-viewmodel-compose-2.7.0.aar (androidx.lifecycle:lifecycle-viewmodel-compose:2.7.0) with IdentityTransform
Transforming lifecycle-viewmodel-compose-2.7.0.aar (androidx.lifecycle:lifecycle-viewmodel-compose:2.7.0) with ExtractAarTransform
Transforming lifecycle-viewmodel-compose-2.7.0.aar (androidx.lifecycle:lifecycle-viewmodel-compose:2.7.0) with AarTransform
Transforming ui-release.aar (androidx.compose.ui:ui-android:1.5.4) with IdentityTransform
Transforming ui-release.aar (androidx.compose.ui:ui-android:1.5.4) with ExtractAarTransform
Transforming ui-release.aar (androidx.compose.ui:ui-android:1.5.4) with AarTransform
Transforming ui-tooling-preview-release.aar (androidx.compose.ui:ui-tooling-preview-android:1.5.4) with IdentityTransform
Transforming ui-tooling-preview-release.aar (androidx.compose.ui:ui-tooling-preview-android:1.5.4) with ExtractAarTransform
Transforming ui-tooling-preview-release.aar (androidx.compose.ui:ui-tooling-preview-android:1.5.4) with AarTransform
Transforming ui-tooling-release.aar (androidx.compose.ui:ui-tooling-android:1.5.4) with IdentityTransform
Transforming ui-tooling-release.aar (androidx.compose.ui:ui-tooling-android:1.5.4) with ExtractAarTransform
Transforming ui-tooling-release.aar (androidx.compose.ui:ui-tooling-android:1.5.4) with AarTransform
Transforming ui-test-manifest-1.5.4.aar (androidx.compose.ui:ui-test-manifest:1.5.4) with IdentityTransform
Transforming ui-test-manifest-1.5.4.aar (androidx.compose.ui:ui-test-manifest:1.5.4) with ExtractAarTransform
Transforming ui-test-manifest-1.5.4.aar (androidx.compose.ui:ui-test-manifest:1.5.4) with AarTransform
Transforming activity-1.8.2.aar (androidx.activity:activity:1.8.2) with IdentityTransform
Transforming activity-1.8.2.aar (androidx.activity:activity:1.8.2) with ExtractAarTransform
Transforming activity-1.8.2.aar (androidx.activity:activity:1.8.2) with AarTransform
Transforming activity-compose-1.8.2.aar (androidx.activity:activity-compose:1.8.2) with IdentityTransform
Transforming activity-compose-1.8.2.aar (androidx.activity:activity-compose:1.8.2) with ExtractAarTransform
Transforming activity-compose-1.8.2.aar (androidx.activity:activity-compose:1.8.2) with AarTransform
Transforming activity-ktx-1.8.2.aar (androidx.activity:activity-ktx:1.8.2) with IdentityTransform
Transforming activity-ktx-1.8.2.aar (androidx.activity:activity-ktx:1.8.2) with ExtractAarTransform
Transforming activity-ktx-1.8.2.aar (androidx.activity:activity-ktx:1.8.2) with AarTransform
Transforming customview-poolingcontainer-1.0.0.aar (androidx.customview:customview-poolingcontainer:1.0.0) with IdentityTransform
Transforming customview-poolingcontainer-1.0.0.aar (androidx.customview:customview-poolingcontainer:1.0.0) with ExtractAarTransform
Transforming customview-poolingcontainer-1.0.0.aar (androidx.customview:customview-poolingcontainer:1.0.0) with AarTransform
Transforming core-ktx-1.12.0.aar (androidx.core:core-ktx:1.12.0) with IdentityTransform
Transforming core-ktx-1.12.0.aar (androidx.core:core-ktx:1.12.0) with ExtractAarTransform
Transforming core-ktx-1.12.0.aar (androidx.core:core-ktx:1.12.0) with AarTransform
Transforming room-common-2.6.1.jar (androidx.room:room-common:2.6.1) with IdentityTransform
Transforming room-common-2.6.1.jar (androidx.room:room-common:2.6.1) with ExtractJniTransform
Transforming room-runtime-2.6.1.aar (androidx.room:room-runtime:2.6.1) with IdentityTransform
Transforming room-runtime-2.6.1.aar (androidx.room:room-runtime:2.6.1) with ExtractAarTransform
Transforming room-runtime-2.6.1.aar (androidx.room:room-runtime:2.6.1) with AarTransform
Transforming room-ktx-2.6.1.aar (androidx.room:room-ktx:2.6.1) with IdentityTransform
Transforming room-ktx-2.6.1.aar (androidx.room:room-ktx:2.6.1) with ExtractAarTransform
Transforming room-ktx-2.6.1.aar (androidx.room:room-ktx:2.6.1) with AarTransform
Transforming timber-5.0.1.aar (com.jakewharton.timber:timber:5.0.1) with IdentityTransform
Transforming timber-5.0.1.aar (com.jakewharton.timber:timber:5.0.1) with ExtractAarTransform
Transforming timber-5.0.1.aar (com.jakewharton.timber:timber:5.0.1) with AarTransform
Transforming collection-ktx-1.1.0.jar (androidx.collection:collection-ktx:1.1.0) with IdentityTransform
Transforming collection-ktx-1.1.0.jar (androidx.collection:collection-ktx:1.1.0) with ExtractJniTransform
Transforming sqlite-framework-2.4.0.aar (androidx.sqlite:sqlite-framework:2.4.0) with IdentityTransform
Transforming sqlite-framework-2.4.0.aar (androidx.sqlite:sqlite-framework:2.4.0) with ExtractAarTransform
Transforming sqlite-framework-2.4.0.aar (androidx.sqlite:sqlite-framework:2.4.0) with AarTransform
Transforming sqlite-2.4.0.aar (androidx.sqlite:sqlite:2.4.0) with IdentityTransform
Transforming sqlite-2.4.0.aar (androidx.sqlite:sqlite:2.4.0) with ExtractAarTransform
Transforming sqlite-2.4.0.aar (androidx.sqlite:sqlite:2.4.0) with AarTransform
Transforming annotation-experimental-1.3.0.aar (androidx.annotation:annotation-experimental:1.3.0) with IdentityTransform
Transforming annotation-experimental-1.3.0.aar (androidx.annotation:annotation-experimental:1.3.0) with ExtractAarTransform
Transforming annotation-experimental-1.3.0.aar (androidx.annotation:annotation-experimental:1.3.0) with AarTransform
Transforming kotlinx-coroutines-android-1.7.1.jar (org.jetbrains.kotlinx:kotlinx-coroutines-android:1.7.1) with IdentityTransform
Transforming kotlinx-coroutines-android-1.7.1.jar (org.jetbrains.kotlinx:kotlinx-coroutines-android:1.7.1) with ExtractJniTransform
Transforming kotlinx-coroutines-core-jvm-1.7.1.jar (org.jetbrains.kotlinx:kotlinx-coroutines-core-jvm:1.7.1) with IdentityTransform
Transforming kotlinx-coroutines-core-jvm-1.7.1.jar (org.jetbrains.kotlinx:kotlinx-coroutines-core-jvm:1.7.1) with ExtractJniTransform
Transforming converter-gson-2.9.0.jar (com.squareup.retrofit2:converter-gson:2.9.0) with IdentityTransform
Transforming converter-gson-2.9.0.jar (com.squareup.retrofit2:converter-gson:2.9.0) with ExtractJniTransform
Transforming retrofit-2.9.0.jar (com.squareup.retrofit2:retrofit:2.9.0) with IdentityTransform
Transforming retrofit-2.9.0.jar (com.squareup.retrofit2:retrofit:2.9.0) with ExtractJniTransform
Transforming logging-interceptor-4.12.0.jar (com.squareup.okhttp3:logging-interceptor:4.12.0) with IdentityTransform
Transforming logging-interceptor-4.12.0.jar (com.squareup.okhttp3:logging-interceptor:4.12.0) with ExtractJniTransform
Transforming okhttp-4.12.0.jar (com.squareup.okhttp3:okhttp:4.12.0) with IdentityTransform
Transforming okhttp-4.12.0.jar (com.squareup.okhttp3:okhttp:4.12.0) with ExtractJniTransform
Transforming okio-jvm-3.6.0.jar (com.squareup.okio:okio-jvm:3.6.0) with IdentityTransform
Transforming okio-jvm-3.6.0.jar (com.squareup.okio:okio-jvm:3.6.0) with ExtractJniTransform
Transforming cursoradapter-1.0.0.aar (androidx.cursoradapter:cursoradapter:1.0.0) with IdentityTransform
Transforming cursoradapter-1.0.0.aar (androidx.cursoradapter:cursoradapter:1.0.0) with ExtractAarTransform
Transforming cursoradapter-1.0.0.aar (androidx.cursoradapter:cursoradapter:1.0.0) with AarTransform
Transforming resourceinspection-annotation-1.0.1.jar (androidx.resourceinspection:resourceinspection-annotation:1.0.1) with IdentityTransform
Transforming resourceinspection-annotation-1.0.1.jar (androidx.resourceinspection:resourceinspection-annotation:1.0.1) with ExtractJniTransform
Transforming cardview-1.0.0.aar (androidx.cardview:cardview:1.0.0) with IdentityTransform
Transforming cardview-1.0.0.aar (androidx.cardview:cardview:1.0.0) with ExtractAarTransform
Transforming cardview-1.0.0.aar (androidx.cardview:cardview:1.0.0) with AarTransform
Transforming core-runtime-2.2.0.aar (androidx.arch.core:core-runtime:2.2.0) with IdentityTransform
Transforming core-runtime-2.2.0.aar (androidx.arch.core:core-runtime:2.2.0) with ExtractAarTransform
Transforming core-runtime-2.2.0.aar (androidx.arch.core:core-runtime:2.2.0) with AarTransform
Transforming gifdecoder-4.16.0.aar (com.github.bumptech.glide:gifdecoder:4.16.0) with IdentityTransform
Transforming gifdecoder-4.16.0.aar (com.github.bumptech.glide:gifdecoder:4.16.0) with ExtractAarTransform
Transforming gifdecoder-4.16.0.aar (com.github.bumptech.glide:gifdecoder:4.16.0) with AarTransform
Transforming exifinterface-1.3.6.aar (androidx.exifinterface:exifinterface:1.3.6) with IdentityTransform
Transforming exifinterface-1.3.6.aar (androidx.exifinterface:exifinterface:1.3.6) with ExtractAarTransform
Transforming exifinterface-1.3.6.aar (androidx.exifinterface:exifinterface:1.3.6) with AarTransform
Transforming profileinstaller-1.3.0.aar (androidx.profileinstaller:profileinstaller:1.3.0) with IdentityTransform
Transforming profileinstaller-1.3.0.aar (androidx.profileinstaller:profileinstaller:1.3.0) with ExtractAarTransform
Transforming profileinstaller-1.3.0.aar (androidx.profileinstaller:profileinstaller:1.3.0) with AarTransform
Transforming startup-runtime-1.1.1.aar (androidx.startup:startup-runtime:1.1.1) with IdentityTransform
Transforming startup-runtime-1.1.1.aar (androidx.startup:startup-runtime:1.1.1) with ExtractAarTransform
Transforming startup-runtime-1.1.1.aar (androidx.startup:startup-runtime:1.1.1) with AarTransform
Transforming tracing-1.0.0.aar (androidx.tracing:tracing:1.0.0) with IdentityTransform
Transforming tracing-1.0.0.aar (androidx.tracing:tracing:1.0.0) with ExtractAarTransform
Transforming tracing-1.0.0.aar (androidx.tracing:tracing:1.0.0) with AarTransform
Transforming interpolator-1.0.0.aar (androidx.interpolator:interpolator:1.0.0) with IdentityTransform
Transforming interpolator-1.0.0.aar (androidx.interpolator:interpolator:1.0.0) with ExtractAarTransform
Transforming interpolator-1.0.0.aar (androidx.interpolator:interpolator:1.0.0) with AarTransform
Transforming interpolator-1.0.0.aar (androidx.interpolator:interpolator:1.0.0) with IdentityTransform
Transforming interpolator-1.0.0.aar (androidx.interpolator:interpolator:1.0.0) with ExtractAarTransform
Transforming interpolator-1.0.0.aar (androidx.interpolator:interpolator:1.0.0) with AarTransform
Transforming versionedparcelable-1.1.1.aar (androidx.versionedparcelable:versionedparcelable:1.1.1) with IdentityTransform
Transforming versionedparcelable-1.1.1.aar (androidx.versionedparcelable:versionedparcelable:1.1.1) with ExtractAarTransform
Transforming versionedparcelable-1.1.1.aar (androidx.versionedparcelable:versionedparcelable:1.1.1) with AarTransform
Transforming collection-1.1.0.jar (androidx.collection:collection:1.1.0) with IdentityTransform
Transforming collection-1.1.0.jar (androidx.collection:collection:1.1.0) with ExtractJniTransform
Transforming core-common-2.2.0.jar (androidx.arch.core:core-common:2.2.0) with IdentityTransform
Transforming core-common-2.2.0.jar (androidx.arch.core:core-common:2.2.0) with ExtractJniTransform
Transforming documentfile-1.0.0.aar (androidx.documentfile:documentfile:1.0.0) with IdentityTransform
Transforming documentfile-1.0.0.aar (androidx.documentfile:documentfile:1.0.0) with ExtractAarTransform
Transforming documentfile-1.0.0.aar (androidx.documentfile:documentfile:1.0.0) with AarTransform
Transforming localbroadcastmanager-1.0.0.aar (androidx.localbroadcastmanager:localbroadcastmanager:1.0.0) with IdentityTransform
Transforming localbroadcastmanager-1.0.0.aar (androidx.localbroadcastmanager:localbroadcastmanager:1.0.0) with ExtractAarTransform
Transforming localbroadcastmanager-1.0.0.aar (androidx.localbroadcastmanager:localbroadcastmanager:1.0.0) with AarTransform
Transforming print-1.0.0.aar (androidx.print:print:1.0.0) with IdentityTransform
Transforming print-1.0.0.aar (androidx.print:print:1.0.0) with ExtractAarTransform
Transforming print-1.0.0.aar (androidx.print:print:1.0.0) with AarTransform
Transforming concurrent-futures-1.1.0.jar (androidx.concurrent:concurrent-futures:1.1.0) with IdentityTransform
Transforming concurrent-futures-1.1.0.jar (androidx.concurrent:concurrent-futures:1.1.0) with ExtractJniTransform
Transforming annotation-jvm-1.6.0.jar (androidx.annotation:annotation-jvm:1.6.0) with IdentityTransform
Transforming annotation-jvm-1.6.0.jar (androidx.annotation:annotation-jvm:1.6.0) with ExtractJniTransform
Transforming kotlin-stdlib-jdk8-1.9.10.jar (org.jetbrains.kotlin:kotlin-stdlib-jdk8:1.9.10) with IdentityTransform
Transforming kotlin-stdlib-jdk8-1.9.10.jar (org.jetbrains.kotlin:kotlin-stdlib-jdk8:1.9.10) with ExtractJniTransform
Transforming kotlin-stdlib-jdk7-1.9.10.jar (org.jetbrains.kotlin:kotlin-stdlib-jdk7:1.9.10) with IdentityTransform
Transforming kotlin-stdlib-jdk7-1.9.10.jar (org.jetbrains.kotlin:kotlin-stdlib-jdk7:1.9.10) with ExtractJniTransform
Transforming kotlin-stdlib-1.9.21.jar (org.jetbrains.kotlin:kotlin-stdlib:1.9.21) with IdentityTransform
Transforming kotlin-stdlib-1.9.21.jar (org.jetbrains.kotlin:kotlin-stdlib:1.9.21) with ExtractJniTransform
Transforming annotations-4.16.0.jar (com.github.bumptech.glide:annotations:4.16.0) with IdentityTransform
Transforming annotations-4.16.0.jar (com.github.bumptech.glide:annotations:4.16.0) with ExtractJniTransform
Transforming annotations-23.0.0.jar (org.jetbrains:annotations:23.0.0) with IdentityTransform
Transforming annotations-23.0.0.jar (org.jetbrains:annotations:23.0.0) with ExtractJniTransform
Transforming error_prone_annotations-2.15.0.jar (com.google.errorprone:error_prone_annotations:2.15.0) with IdentityTransform
Transforming error_prone_annotations-2.15.0.jar (com.google.errorprone:error_prone_annotations:2.15.0) with ExtractJniTransform
Transforming constraintlayout-core-1.0.4.jar (androidx.constraintlayout:constraintlayout-core:1.0.4) with IdentityTransform
Transforming constraintlayout-core-1.0.4.jar (androidx.constraintlayout:constraintlayout-core:1.0.4) with ExtractJniTransform
Transforming hilt-common-1.0.0.jar (androidx.hilt:hilt-common:1.0.0) with IdentityTransform
Transforming hilt-common-1.0.0.jar (androidx.hilt:hilt-common:1.0.0) with ExtractJniTransform
Transforming hilt-core-2.46.1.jar (com.google.dagger:hilt-core:2.46.1) with IdentityTransform
Transforming hilt-core-2.46.1.jar (com.google.dagger:hilt-core:2.46.1) with ExtractJniTransform
Transforming dagger-2.46.1.jar (com.google.dagger:dagger:2.46.1) with IdentityTransform
Transforming dagger-2.46.1.jar (com.google.dagger:dagger:2.46.1) with ExtractJniTransform
Transforming dagger-lint-aar-2.46.1.aar (com.google.dagger:dagger-lint-aar:2.46.1) with IdentityTransform
Transforming dagger-lint-aar-2.46.1.aar (com.google.dagger:dagger-lint-aar:2.46.1) with ExtractAarTransform
Transforming dagger-lint-aar-2.46.1.aar (com.google.dagger:dagger-lint-aar:2.46.1) with AarTransform
Transforming jsr305-3.0.2.jar (com.google.code.findbugs:jsr305:3.0.2) with IdentityTransform
Transforming jsr305-3.0.2.jar (com.google.code.findbugs:jsr305:3.0.2) with ExtractJniTransform
Transforming javax.inject-1.jar (javax.inject:javax.inject:1) with IdentityTransform
Transforming javax.inject-1.jar (javax.inject:javax.inject:1) with ExtractJniTransform
Transforming disklrucache-4.16.0.jar (com.github.bumptech.glide:disklrucache:4.16.0) with IdentityTransform
Transforming disklrucache-4.16.0.jar (com.github.bumptech.glide:disklrucache:4.16.0) with ExtractJniTransform
Transforming gson-2.8.5.jar (com.google.code.gson:gson:2.8.5) with IdentityTransform
Transforming gson-2.8.5.jar (com.google.code.gson:gson:2.8.5) with ExtractJniTransform
Transforming listenablefuture-1.0.jar (com.google.guava:listenablefuture:1.0) with IdentityTransform
Transforming listenablefuture-1.0.jar (com.google.guava:listenablefuture:1.0) with ExtractJniTransform
Skipping task ':app:mergeDebugNativeLibs' as it has no source files and no previous output files.
Resolve mutations for :app:stripDebugDebugSymbols (Thread[#888,Execution worker Thread 2,5,main]) started.
:app:stripDebugDebugSymbols (Thread[#888,Execution worker Thread 2,5,main]) started.

> Task :app:stripDebugDebugSymbols NO-SOURCE
Skipping task ':app:stripDebugDebugSymbols' as it has no source files and no previous output files.
Resolve mutations for :app:validateSigningDebug (Thread[#888,Execution worker Thread 2,5,main]) started.
:app:validateSigningDebug (Thread[#888,Execution worker Thread 2,5,main]) started.

> Task :app:validateSigningDebug
Caching disabled for task ':app:validateSigningDebug' because:
  Build cache is disabled
Task ':app:validateSigningDebug' is not up-to-date because:
  Output property 'dummyOutputDirectory' file C:\Users\leoja\AndroidStudioProjects\PaleobyLeoRecipes\app\build\intermediates\validate_signing_config\debug has been removed.
Resolve mutations for :app:writeDebugAppMetadata (Thread[#888,Execution worker Thread 2,5,main]) started.
:app:writeDebugAppMetadata (Thread[#888,Execution worker Thread 2,5,main]) started.

> Task :app:writeDebugAppMetadata
Caching disabled for task ':app:writeDebugAppMetadata' because:
  Build cache is disabled
Task ':app:writeDebugAppMetadata' is not up-to-date because:
  Output property 'outputFile' file C:\Users\leoja\AndroidStudioProjects\PaleobyLeoRecipes\app\build\intermediates\app_metadata\debug\app-metadata.properties has been removed.
Resolve mutations for :app:writeDebugSigningConfigVersions (Thread[#888,Execution worker Thread 2,5,main]) started.
:app:writeDebugSigningConfigVersions (Thread[#888,Execution worker Thread 2,5,main]) started.

> Task :app:writeDebugSigningConfigVersions
Caching disabled for task ':app:writeDebugSigningConfigVersions' because:
  Build cache is disabled
Task ':app:writeDebugSigningConfigVersions' is not up-to-date because:
  Output property 'outputFile' file C:\Users\leoja\AndroidStudioProjects\PaleobyLeoRecipes\app\build\intermediates\signing_config_versions\debug\signing-config-versions.json has been removed.
Resolve mutations for :app:buildKotlinToolingMetadata (Thread[#888,Execution worker Thread 2,5,main]) started.
:app:buildKotlinToolingMetadata (Thread[#888,Execution worker Thread 2,5,main]) started.

> Task :app:buildKotlinToolingMetadata
Caching disabled for task ':app:buildKotlinToolingMetadata' because:
  Build cache is disabled
Task ':app:buildKotlinToolingMetadata' is not up-to-date because:
  Output property 'outputDirectory' file C:\Users\leoja\AndroidStudioProjects\PaleobyLeoRecipes\app\build\kotlinToolingMetadata has been removed.
  Output property 'outputDirectory' file C:\Users\leoja\AndroidStudioProjects\PaleobyLeoRecipes\app\build\kotlinToolingMetadata\kotlin-tooling-metadata.json has been removed.
Resolve mutations for :app:preReleaseBuild (Thread[#888,Execution worker Thread 2,5,main]) started.
:app:preReleaseBuild (Thread[#888,Execution worker Thread 2,5,main]) started.

> Task :app:preReleaseBuild UP-TO-DATE
Skipping task ':app:preReleaseBuild' as it has no actions.
Resolve mutations for :app:dataBindingMergeDependencyArtifactsRelease (Thread[#888,Execution worker Thread 2,5,main]) started.
:app:dataBindingMergeDependencyArtifactsRelease (Thread[#888,Execution worker Thread 2,5,main]) started.
Resolve mutations for :app:generateReleaseResValues (Thread[#889,Execution worker Thread 3,5,main]) started.
:app:generateReleaseResValues (Thread[#889,Execution worker Thread 3,5,main]) started.

> Task :app:generateReleaseResValues
Caching disabled for task ':app:generateReleaseResValues' because:
  Build cache is disabled
Task ':app:generateReleaseResValues' is not up-to-date because:
  Output property 'outputDirectory' file C:\Users\leoja\AndroidStudioProjects\PaleobyLeoRecipes\app\build\generated\res\resValues\release has been removed.
Resolve mutations for :app:generateReleaseResources (Thread[#889,Execution worker Thread 3,5,main]) started.
:app:generateReleaseResources (Thread[#889,Execution worker Thread 3,5,main]) started.

> Task :app:generateReleaseResources
Skipping task ':app:generateReleaseResources' as it has no actions.
Resolve mutations for :app:mergeReleaseResources (Thread[#889,Execution worker Thread 3,5,main]) started.
:app:mergeReleaseResources (Thread[#889,Execution worker Thread 3,5,main]) started.

> Task :app:dataBindingMergeDependencyArtifactsRelease
Caching disabled for task ':app:dataBindingMergeDependencyArtifactsRelease' because:
  Build cache is disabled
Task ':app:dataBindingMergeDependencyArtifactsRelease' is not up-to-date because:
  Output property 'outFolder' file C:\Users\leoja\AndroidStudioProjects\PaleobyLeoRecipes\app\build\intermediates\data_binding_dependency_artifacts\release has been removed.
  Output property 'outFolder' file C:\Users\leoja\AndroidStudioProjects\PaleobyLeoRecipes\app\build\intermediates\data_binding_dependency_artifacts\release\androidx.databinding.library.baseAdapters-br.bin has been removed.
  Output property 'outFolder' file C:\Users\leoja\AndroidStudioProjects\PaleobyLeoRecipes\app\build\intermediates\data_binding_dependency_artifacts\release\androidx.databinding.library.baseAdapters-setter_store.json has been removed.

> Task :app:l8DexDesugarLibDebug
Transforming desugar_jdk_libs-2.0.4.jar (com.android.tools:desugar_jdk_libs:2.0.4) with DesugarLibConfigExtractor
Transforming desugar_jdk_libs_configuration-2.0.4.jar (com.android.tools:desugar_jdk_libs_configuration:2.0.4) with DesugarLibConfigExtractor
Caching disabled for task ':app:l8DexDesugarLibDebug' because:
  Build cache is disabled
Task ':app:l8DexDesugarLibDebug' is not up-to-date because:
  Output property 'desugarLibDex' file C:\Users\leoja\AndroidStudioProjects\PaleobyLeoRecipes\app\build\intermediates\desugar_lib_dex\debug has been removed.
  Output property 'desugarLibDex' file C:\Users\leoja\AndroidStudioProjects\PaleobyLeoRecipes\app\build\intermediates\desugar_lib_dex\debug\classes1000.dex has been removed.

Resolve mutations for :app:packageReleaseResources (Thread[#888,Execution worker Thread 2,5,main]) started.
:app:packageReleaseResources (Thread[#888,Execution worker Thread 2,5,main]) started.

> Task :app:packageReleaseResources
Caching disabled for task ':app:packageReleaseResources' because:
  Build cache is disabled
Task ':app:packageReleaseResources' is not up-to-date because:
  Output property 'dataBindingLayoutInfoOutFolder' file C:\Users\leoja\AndroidStudioProjects\PaleobyLeoRecipes\app\build\intermediates\data_binding_layout_info_type_package\release\out has been removed.
  Output property 'dataBindingLayoutInfoOutFolder' file C:\Users\leoja\AndroidStudioProjects\PaleobyLeoRecipes\app\build\intermediates\data_binding_layout_info_type_package\release\out\activity_about_paleo-layout.xml has been removed.
  Output property 'dataBindingLayoutInfoOutFolder' file C:\Users\leoja\AndroidStudioProjects\PaleobyLeoRecipes\app\build\intermediates\data_binding_layout_info_type_package\release\out\activity_add_edit_recipe-layout.xml has been removed.
  Output property 'dataBindingLayoutInfoOutFolder' file C:\Users\leoja\AndroidStudioProjects\PaleobyLeoRecipes\app\build\intermediates\data_binding_layout_info_type_package\release\out\activity_add_recipe-layout.xml has been removed.
  Output property 'dataBindingLayoutInfoOutFolder' file C:\Users\leoja\AndroidStudioProjects\PaleobyLeoRecipes\app\build\intermediates\data_binding_layout_info_type_package\release\out\activity_fridge-layout.xml has been removed.
  Output property 'dataBindingLayoutInfoOutFolder' file C:\Users\leoja\AndroidStudioProjects\PaleobyLeoRecipes\app\build\intermediates\data_binding_layout_info_type_package\release\out\activity_main-layout.xml has been removed.
  Output property 'dataBindingLayoutInfoOutFolder' file C:\Users\leoja\AndroidStudioProjects\PaleobyLeoRecipes\app\build\intermediates\data_binding_layout_info_type_package\release\out\activity_main_simple-layout.xml has been removed.
  Output property 'dataBindingLayoutInfoOutFolder' file C:\Users\leoja\AndroidStudioProjects\PaleobyLeoRecipes\app\build\intermediates\data_binding_layout_info_type_package\release\out\activity_recipe_detail-layout.xml has been removed.
  Output property 'dataBindingLayoutInfoOutFolder' file C:\Users\leoja\AndroidStudioProjects\PaleobyLeoRecipes\app\build\intermediates\data_binding_layout_info_type_package\release\out\activity_recipe_detail_new-layout.xml has been removed.
  Output property 'dataBindingLayoutInfoOutFolder' file C:\Users\leoja\AndroidStudioProjects\PaleobyLeoRecipes\app\build\intermediates\data_binding_layout_info_type_package\release\out\activity_recipe_list-layout.xml has been removed.
  Output property 'dataBindingLayoutInfoOutFolder' file C:\Users\leoja\AndroidStudioProjects\PaleobyLeoRecipes\app\build\intermediates\data_binding_layout_info_type_package\release\out\activity_recipe_search_container-layout.xml has been removed.
  Output property 'dataBindingLayoutInfoOutFolder' file C:\Users\leoja\AndroidStudioProjects\PaleobyLeoRecipes\app\build\intermediates\data_binding_layout_info_type_package\release\out\activity_settings-layout.xml has been removed.
  Output property 'dataBindingLayoutInfoOutFolder' file C:\Users\leoja\AndroidStudioProjects\PaleobyLeoRecipes\app\build\intermediates\data_binding_layout_info_type_package\release\out\activity_splash-layout.xml has been removed.
  Output property 'dataBindingLayoutInfoOutFolder' file C:\Users\leoja\AndroidStudioProjects\PaleobyLeoRecipes\app\build\intermediates\data_binding_layout_info_type_package\release\out\custom_popup_menu-layout.xml has been removed.
  Output property 'dataBindingLayoutInfoOutFolder' file C:\Users\leoja\AndroidStudioProjects\PaleobyLeoRecipes\app\build\intermediates\data_binding_layout_info_type_package\release\out\fragment_fridge-layout.xml has been removed.
  Output property 'dataBindingLayoutInfoOutFolder' file C:\Users\leoja\AndroidStudioProjects\PaleobyLeoRecipes\app\build\intermediates\data_binding_layout_info_type_package\release\out\fragment_recipe_search-layout.xml has been removed.
  Output property 'dataBindingLayoutInfoOutFolder' file C:\Users\leoja\AndroidStudioProjects\PaleobyLeoRecipes\app\build\intermediates\data_binding_layout_info_type_package\release\out\fragment_recipe_search_list-layout.xml has been removed.
  Output property 'dataBindingLayoutInfoOutFolder' file C:\Users\leoja\AndroidStudioProjects\PaleobyLeoRecipes\app\build\intermediates\data_binding_layout_info_type_package\release\out\item_ingredient-layout.xml has been removed.
  Output property 'dataBindingLayoutInfoOutFolder' file C:\Users\leoja\AndroidStudioProjects\PaleobyLeoRecipes\app\build\intermediates\data_binding_layout_info_type_package\release\out\item_recipe-layout.xml has been removed.
  Output property 'dataBindingLayoutInfoOutFolder' file C:\Users\leoja\AndroidStudioProjects\PaleobyLeoRecipes\app\build\intermediates\data_binding_layout_info_type_package\release\out\item_recipe_basic-layout.xml has been removed.
  Output property 'dataBindingLayoutInfoOutFolder' file C:\Users\leoja\AndroidStudioProjects\PaleobyLeoRecipes\app\build\intermediates\data_binding_layout_info_type_package\release\out\item_recipe_simple-layout.xml has been removed.
  Output property 'dataBindingLayoutInfoOutFolder' file C:\Users\leoja\AndroidStudioProjects\PaleobyLeoRecipes\app\build\intermediates\data_binding_layout_info_type_package\release\out\popup_menu_item-layout.xml has been removed.
  Output property 'dataBindingLayoutInfoOutFolder' file C:\Users\leoja\AndroidStudioProjects\PaleobyLeoRecipes\app\build\intermediates\data_binding_layout_info_type_package\release\out\print_recipe_detail-layout.xml has been removed.
  Output property 'incrementalFolder' file C:\Users\leoja\AndroidStudioProjects\PaleobyLeoRecipes\app\build\intermediates\incremental\release\packageReleaseResources has been removed.
The input changes require a full rebuild for incremental task ':app:packageReleaseResources'.
[MergeResources] Inputs are non-incremental full task action.
Resolve mutations for :app:parseReleaseLocalResources (Thread[#888,Execution worker Thread 2,5,main]) started.
:app:parseReleaseLocalResources (Thread[#888,Execution worker Thread 2,5,main]) started.
Resolve mutations for :app:dataBindingTriggerRelease (Thread[#893,Execution worker Thread 7,5,main]) started.
:app:dataBindingTriggerRelease (Thread[#893,Execution worker Thread 7,5,main]) started.

> Task :app:dataBindingTriggerRelease
Caching disabled for task ':app:dataBindingTriggerRelease' because:
  Build cache is disabled
Task ':app:dataBindingTriggerRelease' is not up-to-date because:
  Output property 'triggerDir' file C:\Users\leoja\AndroidStudioProjects\PaleobyLeoRecipes\app\build\generated\data_binding_trigger\release has been removed.
  Output property 'triggerDir' file C:\Users\leoja\AndroidStudioProjects\PaleobyLeoRecipes\app\build\generated\data_binding_trigger\release\com has been removed.
  Output property 'triggerDir' file C:\Users\leoja\AndroidStudioProjects\PaleobyLeoRecipes\app\build\generated\data_binding_trigger\release\com\leo has been removed.
Resolve mutations for :app:generateReleaseBuildConfig (Thread[#893,Execution worker Thread 7,5,main]) started.
:app:generateReleaseBuildConfig (Thread[#893,Execution worker Thread 7,5,main]) started.

> Task :app:generateReleaseBuildConfig
Caching disabled for task ':app:generateReleaseBuildConfig' because:
  Build cache is disabled
Task ':app:generateReleaseBuildConfig' is not up-to-date because:
  Output property 'sourceOutputDir' file C:\Users\leoja\AndroidStudioProjects\PaleobyLeoRecipes\app\build\generated\source\buildConfig\release has been removed.
  Output property 'sourceOutputDir' file C:\Users\leoja\AndroidStudioProjects\PaleobyLeoRecipes\app\build\generated\source\buildConfig\release\com has been removed.
  Output property 'sourceOutputDir' file C:\Users\leoja\AndroidStudioProjects\PaleobyLeoRecipes\app\build\generated\source\buildConfig\release\com\leo has been removed.
Resolve mutations for :app:generateSafeArgsRelease (Thread[#893,Execution worker Thread 7,5,main]) started.
:app:generateSafeArgsRelease (Thread[#893,Execution worker Thread 7,5,main]) started.

> Task :app:generateSafeArgsRelease
Caching disabled for task ':app:generateSafeArgsRelease' because:
  Build cache is disabled
Task ':app:generateSafeArgsRelease' is not up-to-date because:
  Output property '$1' file C:\Users\leoja\AndroidStudioProjects\PaleobyLeoRecipes\app\build\generated\source\navigation-args\release has been removed.
  Output property 'incrementalFolder' file C:\Users\leoja\AndroidStudioProjects\PaleobyLeoRecipes\app\build\intermediates\incremental\generateSafeArgsRelease has been removed.
  Output property 'incrementalFolder' file C:\Users\leoja\AndroidStudioProjects\PaleobyLeoRecipes\app\build\intermediates\incremental\generateSafeArgsRelease\file_mappings.json has been removed.
  Output property 'outputDir' file C:\Users\leoja\AndroidStudioProjects\PaleobyLeoRecipes\app\build\generated\source\navigation-args\release has been removed.
The input changes require a full rebuild for incremental task ':app:generateSafeArgsRelease'.
Unable do incremental execution: full task run
Resolve mutations for :app:checkReleaseAarMetadata (Thread[#893,Execution worker Thread 7,5,main]) started.
:app:checkReleaseAarMetadata (Thread[#893,Execution worker Thread 7,5,main]) started.
Resolve mutations for :app:mapReleaseSourceSetPaths (Thread[#886,included builds,5,main]) started.
:app:mapReleaseSourceSetPaths (Thread[#886,included builds,5,main]) started.

> Task :app:checkReleaseAarMetadata
Caching disabled for task ':app:checkReleaseAarMetadata' because:
  Build cache is disabled
Task ':app:checkReleaseAarMetadata' is not up-to-date because:
  Output property 'dummyOutputDirectory' file C:\Users\leoja\AndroidStudioProjects\PaleobyLeoRecipes\app\build\intermediates\aar_metadata_check\release has been removed.

> Task :app:mapReleaseSourceSetPaths
Caching disabled for task ':app:mapReleaseSourceSetPaths' because:
  Build cache is disabled
Task ':app:mapReleaseSourceSetPaths' is not up-to-date because:
  Output property 'filepathMappingFile' file C:\Users\leoja\AndroidStudioProjects\PaleobyLeoRecipes\app\build\intermediates\source_set_path_map\release\file-map.txt has been removed.
Resolve mutations for :app:createReleaseCompatibleScreenManifests (Thread[#886,included builds,5,main]) started.
:app:createReleaseCompatibleScreenManifests (Thread[#886,included builds,5,main]) started.

> Task :app:mergeReleaseResources
Caching disabled for task ':app:mergeReleaseResources' because:
  Build cache is disabled
Task ':app:mergeReleaseResources' is not up-to-date because:
  Output property 'blameLogOutputFolder' file C:\Users\leoja\AndroidStudioProjects\PaleobyLeoRecipes\app\build\intermediates\merged_res_blame_folder\release\out has been removed.
  Output property 'blameLogOutputFolder' file C:\Users\leoja\AndroidStudioProjects\PaleobyLeoRecipes\app\build\intermediates\merged_res_blame_folder\release\out\multi-v2 has been removed.
  Output property 'blameLogOutputFolder' file C:\Users\leoja\AndroidStudioProjects\PaleobyLeoRecipes\app\build\intermediates\merged_res_blame_folder\release\out\multi-v2\release.json has been removed.
  Output property 'blameLogOutputFolder' file C:\Users\leoja\AndroidStudioProjects\PaleobyLeoRecipes\app\build\intermediates\merged_res_blame_folder\release\out\multi-v2\values-af.json has been removed.
  Output property 'blameLogOutputFolder' file C:\Users\leoja\AndroidStudioProjects\PaleobyLeoRecipes\app\build\intermediates\merged_res_blame_folder\release\out\multi-v2\values-am.json has been removed.
  Output property 'blameLogOutputFolder' file C:\Users\leoja\AndroidStudioProjects\PaleobyLeoRecipes\app\build\intermediates\merged_res_blame_folder\release\out\multi-v2\values-ar.json has been removed.
  Output property 'blameLogOutputFolder' file C:\Users\leoja\AndroidStudioProjects\PaleobyLeoRecipes\app\build\intermediates\merged_res_blame_folder\release\out\multi-v2\values-as.json has been removed.
  Output property 'blameLogOutputFolder' file C:\Users\leoja\AndroidStudioProjects\PaleobyLeoRecipes\app\build\intermediates\merged_res_blame_folder\release\out\multi-v2\values-az.json has been removed.
  Output property 'blameLogOutputFolder' file C:\Users\leoja\AndroidStudioProjects\PaleobyLeoRecipes\app\build\intermediates\merged_res_blame_folder\release\out\multi-v2\values-b+es+419.json has been removed.
  Output property 'blameLogOutputFolder' file C:\Users\leoja\AndroidStudioProjects\PaleobyLeoRecipes\app\build\intermediates\merged_res_blame_folder\release\out\multi-v2\values-b+sr+Latn.json has been removed.
  Output property 'blameLogOutputFolder' file C:\Users\leoja\AndroidStudioProjects\PaleobyLeoRecipes\app\build\intermediates\merged_res_blame_folder\release\out\multi-v2\values-be.json has been removed.
  Output property 'blameLogOutputFolder' file C:\Users\leoja\AndroidStudioProjects\PaleobyLeoRecipes\app\build\intermediates\merged_res_blame_folder\release\out\multi-v2\values-bg.json has been removed.
  Output property 'blameLogOutputFolder' file C:\Users\leoja\AndroidStudioProjects\PaleobyLeoRecipes\app\build\intermediates\merged_res_blame_folder\release\out\multi-v2\values-bn.json has been removed.
  Output property 'blameLogOutputFolder' file C:\Users\leoja\AndroidStudioProjects\PaleobyLeoRecipes\app\build\intermediates\merged_res_blame_folder\release\out\multi-v2\values-bs.json has been removed.
  Output property 'blameLogOutputFolder' file C:\Users\leoja\AndroidStudioProjects\PaleobyLeoRecipes\app\build\intermediates\merged_res_blame_folder\release\out\multi-v2\values-ca.json has been removed.
  Output property 'blameLogOutputFolder' file C:\Users\leoja\AndroidStudioProjects\PaleobyLeoRecipes\app\build\intermediates\merged_res_blame_folder\release\out\multi-v2\values-cs.json has been removed.
  Output property 'blameLogOutputFolder' file C:\Users\leoja\AndroidStudioProjects\PaleobyLeoRecipes\app\build\intermediates\merged_res_blame_folder\release\out\multi-v2\values-da.json has been removed.
  Output property 'blameLogOutputFolder' file C:\Users\leoja\AndroidStudioProjects\PaleobyLeoRecipes\app\build\intermediates\merged_res_blame_folder\release\out\multi-v2\values-de.json has been removed.
  Output property 'blameLogOutputFolder' file C:\Users\leoja\AndroidStudioProjects\PaleobyLeoRecipes\app\build\intermediates\merged_res_blame_folder\release\out\multi-v2\values-el.json has been removed.
  Output property 'blameLogOutputFolder' file C:\Users\leoja\AndroidStudioProjects\PaleobyLeoRecipes\app\build\intermediates\merged_res_blame_folder\release\out\multi-v2\values-en-rAU.json has been removed.
  Output property 'blameLogOutputFolder' file C:\Users\leoja\AndroidStudioProjects\PaleobyLeoRecipes\app\build\intermediates\merged_res_blame_folder\release\out\multi-v2\values-en-rCA.json has been removed.
  Output property 'blameLogOutputFolder' file C:\Users\leoja\AndroidStudioProjects\PaleobyLeoRecipes\app\build\intermediates\merged_res_blame_folder\release\out\multi-v2\values-en-rGB.json has been removed.
  Output property 'blameLogOutputFolder' file C:\Users\leoja\AndroidStudioProjects\PaleobyLeoRecipes\app\build\intermediates\merged_res_blame_folder\release\out\multi-v2\values-en-rIN.json has been removed.
  Output property 'blameLogOutputFolder' file C:\Users\leoja\AndroidStudioProjects\PaleobyLeoRecipes\app\build\intermediates\merged_res_blame_folder\release\out\multi-v2\values-en-rXC.json has been removed.
  Output property 'blameLogOutputFolder' file C:\Users\leoja\AndroidStudioProjects\PaleobyLeoRecipes\app\build\intermediates\merged_res_blame_folder\release\out\multi-v2\values-es-rUS.json has been removed.
  Output property 'blameLogOutputFolder' file C:\Users\leoja\AndroidStudioProjects\PaleobyLeoRecipes\app\build\intermediates\merged_res_blame_folder\release\out\multi-v2\values-es.json has been removed.
  Output property 'blameLogOutputFolder' file C:\Users\leoja\AndroidStudioProjects\PaleobyLeoRecipes\app\build\intermediates\merged_res_blame_folder\release\out\multi-v2\values-et.json has been removed.
  Output property 'blameLogOutputFolder' file C:\Users\leoja\AndroidStudioProjects\PaleobyLeoRecipes\app\build\intermediates\merged_res_blame_folder\release\out\multi-v2\values-eu.json has been removed.
  Output property 'blameLogOutputFolder' file C:\Users\leoja\AndroidStudioProjects\PaleobyLeoRecipes\app\build\intermediates\merged_res_blame_folder\release\out\multi-v2\values-fa.json has been removed.
  Output property 'blameLogOutputFolder' file C:\Users\leoja\AndroidStudioProjects\PaleobyLeoRecipes\app\build\intermediates\merged_res_blame_folder\release\out\multi-v2\values-fi.json has been removed.
  Output property 'blameLogOutputFolder' file C:\Users\leoja\AndroidStudioProjects\PaleobyLeoRecipes\app\build\intermediates\merged_res_blame_folder\release\out\multi-v2\values-fr-rCA.json has been removed.
  Output property 'blameLogOutputFolder' file C:\Users\leoja\AndroidStudioProjects\PaleobyLeoRecipes\app\build\intermediates\merged_res_blame_folder\release\out\multi-v2\values-fr.json has been removed.
  Output property 'blameLogOutputFolder' file C:\Users\leoja\AndroidStudioProjects\PaleobyLeoRecipes\app\build\intermediates\merged_res_blame_folder\release\out\multi-v2\values-gl.json has been removed.
  Output property 'blameLogOutputFolder' file C:\Users\leoja\AndroidStudioProjects\PaleobyLeoRecipes\app\build\intermediates\merged_res_blame_folder\release\out\multi-v2\values-gu.json has been removed.
  Output property 'blameLogOutputFolder' file C:\Users\leoja\AndroidStudioProjects\PaleobyLeoRecipes\app\build\intermediates\merged_res_blame_folder\release\out\multi-v2\values-h320dp-port-v13.json has been removed.
  Output property 'blameLogOutputFolder' file C:\Users\leoja\AndroidStudioProjects\PaleobyLeoRecipes\app\build\intermediates\merged_res_blame_folder\release\out\multi-v2\values-h360dp-land-v13.json has been removed.
  Output property 'blameLogOutputFolder' file C:\Users\leoja\AndroidStudioProjects\PaleobyLeoRecipes\app\build\intermediates\merged_res_blame_folder\release\out\multi-v2\values-h480dp-land-v13.json has been removed.
  Output property 'blameLogOutputFolder' file C:\Users\leoja\AndroidStudioProjects\PaleobyLeoRecipes\app\build\intermediates\merged_res_blame_folder\release\out\multi-v2\values-h550dp-port-v13.json has been removed.
  Output property 'blameLogOutputFolder' file C:\Users\leoja\AndroidStudioProjects\PaleobyLeoRecipes\app\build\intermediates\merged_res_blame_folder\release\out\multi-v2\values-h720dp-v13.json has been removed.
  Output property 'blameLogOutputFolder' file C:\Users\leoja\AndroidStudioProjects\PaleobyLeoRecipes\app\build\intermediates\merged_res_blame_folder\release\out\multi-v2\values-hdpi-v4.json has been removed.
  Output property 'blameLogOutputFolder' file C:\Users\leoja\AndroidStudioProjects\PaleobyLeoRecipes\app\build\intermediates\merged_res_blame_folder\release\out\multi-v2\values-hi.json has been removed.
  Output property 'blameLogOutputFolder' file C:\Users\leoja\AndroidStudioProjects\PaleobyLeoRecipes\app\build\intermediates\merged_res_blame_folder\release\out\multi-v2\values-hr.json has been removed.
  Output property 'blameLogOutputFolder' file C:\Users\leoja\AndroidStudioProjects\PaleobyLeoRecipes\app\build\intermediates\merged_res_blame_folder\release\out\multi-v2\values-hu.json has been removed.
  Output property 'blameLogOutputFolder' file C:\Users\leoja\AndroidStudioProjects\PaleobyLeoRecipes\app\build\intermediates\merged_res_blame_folder\release\out\multi-v2\values-hy.json has been removed.
  Output property 'blameLogOutputFolder' file C:\Users\leoja\AndroidStudioProjects\PaleobyLeoRecipes\app\build\intermediates\merged_res_blame_folder\release\out\multi-v2\values-in.json has been removed.
  Output property 'blameLogOutputFolder' file C:\Users\leoja\AndroidStudioProjects\PaleobyLeoRecipes\app\build\intermediates\merged_res_blame_folder\release\out\multi-v2\values-is.json has been removed.
  Output property 'blameLogOutputFolder' file C:\Users\leoja\AndroidStudioProjects\PaleobyLeoRecipes\app\build\intermediates\merged_res_blame_folder\release\out\multi-v2\values-it.json has been removed.
  Output property 'blameLogOutputFolder' file C:\Users\leoja\AndroidStudioProjects\PaleobyLeoRecipes\app\build\intermediates\merged_res_blame_folder\release\out\multi-v2\values-iw.json has been removed.
  Output property 'blameLogOutputFolder' file C:\Users\leoja\AndroidStudioProjects\PaleobyLeoRecipes\app\build\intermediates\merged_res_blame_folder\release\out\multi-v2\values-ja.json has been removed.
  Output property 'blameLogOutputFolder' file C:\Users\leoja\AndroidStudioProjects\PaleobyLeoRecipes\app\build\intermediates\merged_res_blame_folder\release\out\multi-v2\values-ka.json has been removed.
  Output property 'blameLogOutputFolder' file C:\Users\leoja\AndroidStudioProjects\PaleobyLeoRecipes\app\build\intermediates\merged_res_blame_folder\release\out\multi-v2\values-kk.json has been removed.
  Output property 'blameLogOutputFolder' file C:\Users\leoja\AndroidStudioProjects\PaleobyLeoRecipes\app\build\intermediates\merged_res_blame_folder\release\out\multi-v2\values-km.json has been removed.
  Output property 'blameLogOutputFolder' file C:\Users\leoja\AndroidStudioProjects\PaleobyLeoRecipes\app\build\intermediates\merged_res_blame_folder\release\out\multi-v2\values-kn.json has been removed.
  Output property 'blameLogOutputFolder' file C:\Users\leoja\AndroidStudioProjects\PaleobyLeoRecipes\app\build\intermediates\merged_res_blame_folder\release\out\multi-v2\values-ko.json has been removed.
  Output property 'blameLogOutputFolder' file C:\Users\leoja\AndroidStudioProjects\PaleobyLeoRecipes\app\build\intermediates\merged_res_blame_folder\release\out\multi-v2\values-ky.json has been removed.
  Output property 'blameLogOutputFolder' file C:\Users\leoja\AndroidStudioProjects\PaleobyLeoRecipes\app\build\intermediates\merged_res_blame_folder\release\out\multi-v2\values-land.json has been removed.
  Output property 'blameLogOutputFolder' file C:\Users\leoja\AndroidStudioProjects\PaleobyLeoRecipes\app\build\intermediates\merged_res_blame_folder\release\out\multi-v2\values-large-v4.json has been removed.
  Output property 'blameLogOutputFolder' file C:\Users\leoja\AndroidStudioProjects\PaleobyLeoRecipes\app\build\intermediates\merged_res_blame_folder\release\out\multi-v2\values-ldltr-v21.json has been removed.
  Output property 'blameLogOutputFolder' file C:\Users\leoja\AndroidStudioProjects\PaleobyLeoRecipes\app\build\intermediates\merged_res_blame_folder\release\out\multi-v2\values-ldrtl-v17.json has been removed.
  Output property 'blameLogOutputFolder' file C:\Users\leoja\AndroidStudioProjects\PaleobyLeoRecipes\app\build\intermediates\merged_res_blame_folder\release\out\multi-v2\values-lo.json has been removed.
  Output property 'blameLogOutputFolder' file C:\Users\leoja\AndroidStudioProjects\PaleobyLeoRecipes\app\build\intermediates\merged_res_blame_folder\release\out\multi-v2\values-lt.json has been removed.
  Output property 'blameLogOutputFolder' file C:\Users\leoja\AndroidStudioProjects\PaleobyLeoRecipes\app\build\intermediates\merged_res_blame_folder\release\out\multi-v2\values-lv.json has been removed.
  Output property 'blameLogOutputFolder' file C:\Users\leoja\AndroidStudioProjects\PaleobyLeoRecipes\app\build\intermediates\merged_res_blame_folder\release\out\multi-v2\values-mk.json has been removed.
  Output property 'blameLogOutputFolder' file C:\Users\leoja\AndroidStudioProjects\PaleobyLeoRecipes\app\build\intermediates\merged_res_blame_folder\release\out\multi-v2\values-ml.json has been removed.
  Output property 'blameLogOutputFolder' file C:\Users\leoja\AndroidStudioProjects\PaleobyLeoRecipes\app\build\intermediates\merged_res_blame_folder\release\out\multi-v2\values-mn.json has been removed.
  Output property 'blameLogOutputFolder' file C:\Users\leoja\AndroidStudioProjects\PaleobyLeoRecipes\app\build\intermediates\merged_res_blame_folder\release\out\multi-v2\values-mr.json has been removed.
  Output property 'blameLogOutputFolder' file C:\Users\leoja\AndroidStudioProjects\PaleobyLeoRecipes\app\build\intermediates\merged_res_blame_folder\release\out\multi-v2\values-ms.json has been removed.
  Output property 'blameLogOutputFolder' file C:\Users\leoja\AndroidStudioProjects\PaleobyLeoRecipes\app\build\intermediates\merged_res_blame_folder\release\out\multi-v2\values-my.json has been removed.
  Output property 'blameLogOutputFolder' file C:\Users\leoja\AndroidStudioProjects\PaleobyLeoRecipes\app\build\intermediates\merged_res_blame_folder\release\out\multi-v2\values-nb.json has been removed.
  Output property 'blameLogOutputFolder' file C:\Users\leoja\AndroidStudioProjects\PaleobyLeoRecipes\app\build\intermediates\merged_res_blame_folder\release\out\multi-v2\values-ne.json has been removed.
  Output property 'blameLogOutputFolder' file C:\Users\leoja\AndroidStudioProjects\PaleobyLeoRecipes\app\build\intermediates\merged_res_blame_folder\release\out\multi-v2\values-night-v8.json has been removed.
  Output property 'blameLogOutputFolder' file C:\Users\leoja\AndroidStudioProjects\PaleobyLeoRecipes\app\build\intermediates\merged_res_blame_folder\release\out\multi-v2\values-nl.json has been removed.
  Output property 'blameLogOutputFolder' file C:\Users\leoja\AndroidStudioProjects\PaleobyLeoRecipes\app\build\intermediates\merged_res_blame_folder\release\out\multi-v2\values-or.json has been removed.
  Output property 'blameLogOutputFolder' file C:\Users\leoja\AndroidStudioProjects\PaleobyLeoRecipes\app\build\intermediates\merged_res_blame_folder\release\out\multi-v2\values-pa.json has been removed.
  Output property 'blameLogOutputFolder' file C:\Users\leoja\AndroidStudioProjects\PaleobyLeoRecipes\app\build\intermediates\merged_res_blame_folder\release\out\multi-v2\values-pl.json has been removed.
  Output property 'blameLogOutputFolder' file C:\Users\leoja\AndroidStudioProjects\PaleobyLeoRecipes\app\build\intermediates\merged_res_blame_folder\release\out\multi-v2\values-port.json has been removed.
  Output property 'blameLogOutputFolder' file C:\Users\leoja\AndroidStudioProjects\PaleobyLeoRecipes\app\build\intermediates\merged_res_blame_folder\release\out\multi-v2\values-pt-rBR.json has been removed.
  Output property 'blameLogOutputFolder' file C:\Users\leoja\AndroidStudioProjects\PaleobyLeoRecipes\app\build\intermediates\merged_res_blame_folder\release\out\multi-v2\values-pt-rPT.json has been removed.
  Output property 'blameLogOutputFolder' file C:\Users\leoja\AndroidStudioProjects\PaleobyLeoRecipes\app\build\intermediates\merged_res_blame_folder\release\out\multi-v2\values-pt.json has been removed.
  Output property 'blameLogOutputFolder' file C:\Users\leoja\AndroidStudioProjects\PaleobyLeoRecipes\app\build\intermediates\merged_res_blame_folder\release\out\multi-v2\values-ro.json has been removed.
  Output property 'blameLogOutputFolder' file C:\Users\leoja\AndroidStudioProjects\PaleobyLeoRecipes\app\build\intermediates\merged_res_blame_folder\release\out\multi-v2\values-ru.json has been removed.
  Output property 'blameLogOutputFolder' file C:\Users\leoja\AndroidStudioProjects\PaleobyLeoRecipes\app\build\intermediates\merged_res_blame_folder\release\out\multi-v2\values-si.json has been removed.
  Output property 'blameLogOutputFolder' file C:\Users\leoja\AndroidStudioProjects\PaleobyLeoRecipes\app\build\intermediates\merged_res_blame_folder\release\out\multi-v2\values-sk.json has been removed.
  Output property 'blameLogOutputFolder' file C:\Users\leoja\AndroidStudioProjects\PaleobyLeoRecipes\app\build\intermediates\merged_res_blame_folder\release\out\multi-v2\values-sl.json has been removed.
  Output property 'blameLogOutputFolder' file C:\Users\leoja\AndroidStudioProjects\PaleobyLeoRecipes\app\build\intermediates\merged_res_blame_folder\release\out\multi-v2\values-small-v4.json has been removed.
  Output property 'blameLogOutputFolder' file C:\Users\leoja\AndroidStudioProjects\PaleobyLeoRecipes\app\build\intermediates\merged_res_blame_folder\release\out\multi-v2\values-sq.json has been removed.
  Output property 'blameLogOutputFolder' file C:\Users\leoja\AndroidStudioProjects\PaleobyLeoRecipes\app\build\intermediates\merged_res_blame_folder\release\out\multi-v2\values-sr.json has been removed.
  Output property 'blameLogOutputFolder' file C:\Users\leoja\AndroidStudioProjects\PaleobyLeoRecipes\app\build\intermediates\merged_res_blame_folder\release\out\multi-v2\values-sv.json has been removed.
  Output property 'blameLogOutputFolder' file C:\Users\leoja\AndroidStudioProjects\PaleobyLeoRecipes\app\build\intermediates\merged_res_blame_folder\release\out\multi-v2\values-sw.json has been removed.
  Output property 'blameLogOutputFolder' file C:\Users\leoja\AndroidStudioProjects\PaleobyLeoRecipes\app\build\intermediates\merged_res_blame_folder\release\out\multi-v2\values-sw600dp-v13.json has been removed.
  Output property 'blameLogOutputFolder' file C:\Users\leoja\AndroidStudioProjects\PaleobyLeoRecipes\app\build\intermediates\merged_res_blame_folder\release\out\multi-v2\values-ta.json has been removed.
  Output property 'blameLogOutputFolder' file C:\Users\leoja\AndroidStudioProjects\PaleobyLeoRecipes\app\build\intermediates\merged_res_blame_folder\release\out\multi-v2\values-te.json has been removed.
  Output property 'blameLogOutputFolder' file C:\Users\leoja\AndroidStudioProjects\PaleobyLeoRecipes\app\build\intermediates\merged_res_blame_folder\release\out\multi-v2\values-th.json has been removed.
  Output property 'blameLogOutputFolder' file C:\Users\leoja\AndroidStudioProjects\PaleobyLeoRecipes\app\build\intermediates\merged_res_blame_folder\release\out\multi-v2\values-tl.json has been removed.
  Output property 'blameLogOutputFolder' file C:\Users\leoja\AndroidStudioProjects\PaleobyLeoRecipes\app\build\intermediates\merged_res_blame_folder\release\out\multi-v2\values-tr.json has been removed.
  Output property 'blameLogOutputFolder' file C:\Users\leoja\AndroidStudioProjects\PaleobyLeoRecipes\app\build\intermediates\merged_res_blame_folder\release\out\multi-v2\values-uk.json has been removed.
  Output property 'blameLogOutputFolder' file C:\Users\leoja\AndroidStudioProjects\PaleobyLeoRecipes\app\build\intermediates\merged_res_blame_folder\release\out\multi-v2\values-ur.json has been removed.
  Output property 'blameLogOutputFolder' file C:\Users\leoja\AndroidStudioProjects\PaleobyLeoRecipes\app\build\intermediates\merged_res_blame_folder\release\out\multi-v2\values-uz.json has been removed.
  Output property 'blameLogOutputFolder' file C:\Users\leoja\AndroidStudioProjects\PaleobyLeoRecipes\app\build\intermediates\merged_res_blame_folder\release\out\multi-v2\values-v16.json has been removed.
  Output property 'blameLogOutputFolder' file C:\Users\leoja\AndroidStudioProjects\PaleobyLeoRecipes\app\build\intermediates\merged_res_blame_folder\release\out\multi-v2\values-v17.json has been removed.
  Output property 'blameLogOutputFolder' file C:\Users\leoja\AndroidStudioProjects\PaleobyLeoRecipes\app\build\intermediates\merged_res_blame_folder\release\out\multi-v2\values-v18.json has been removed.
  Output property 'blameLogOutputFolder' file C:\Users\leoja\AndroidStudioProjects\PaleobyLeoRecipes\app\build\intermediates\merged_res_blame_folder\release\out\multi-v2\values-v21.json has been removed.
  Output property 'blameLogOutputFolder' file C:\Users\leoja\AndroidStudioProjects\PaleobyLeoRecipes\app\build\intermediates\merged_res_blame_folder\release\out\multi-v2\values-v22.json has been removed.
  Output property 'blameLogOutputFolder' file C:\Users\leoja\AndroidStudioProjects\PaleobyLeoRecipes\app\build\intermediates\merged_res_blame_folder\release\out\multi-v2\values-v23.json has been removed.
  Output property 'blameLogOutputFolder' file C:\Users\leoja\AndroidStudioProjects\PaleobyLeoRecipes\app\build\intermediates\merged_res_blame_folder\release\out\multi-v2\values-v24.json has been removed.
  Output property 'blameLogOutputFolder' file C:\Users\leoja\AndroidStudioProjects\PaleobyLeoRecipes\app\build\intermediates\merged_res_blame_folder\release\out\multi-v2\values-v25.json has been removed.
  Output property 'blameLogOutputFolder' file C:\Users\leoja\AndroidStudioProjects\PaleobyLeoRecipes\app\build\intermediates\merged_res_blame_folder\release\out\multi-v2\values-v26.json has been removed.
  Output property 'blameLogOutputFolder' file C:\Users\leoja\AndroidStudioProjects\PaleobyLeoRecipes\app\build\intermediates\merged_res_blame_folder\release\out\multi-v2\values-v28.json has been removed.
  Output property 'blameLogOutputFolder' file C:\Users\leoja\AndroidStudioProjects\PaleobyLeoRecipes\app\build\intermediates\merged_res_blame_folder\release\out\multi-v2\values-v31.json has been removed.
  Output property 'blameLogOutputFolder' file C:\Users\leoja\AndroidStudioProjects\PaleobyLeoRecipes\app\build\intermediates\merged_res_blame_folder\release\out\multi-v2\values-v34.json has been removed.
  Output property 'blameLogOutputFolder' file C:\Users\leoja\AndroidStudioProjects\PaleobyLeoRecipes\app\build\intermediates\merged_res_blame_folder\release\out\multi-v2\values-vi.json has been removed.
  Output property 'blameLogOutputFolder' file C:\Users\leoja\AndroidStudioProjects\PaleobyLeoRecipes\app\build\intermediates\merged_res_blame_folder\release\out\multi-v2\values-w320dp-land-v13.json has been removed.
  Output property 'blameLogOutputFolder' file C:\Users\leoja\AndroidStudioProjects\PaleobyLeoRecipes\app\build\intermediates\merged_res_blame_folder\release\out\multi-v2\values-w360dp-port-v13.json has been removed.
  Output property 'blameLogOutputFolder' file C:\Users\leoja\AndroidStudioProjects\PaleobyLeoRecipes\app\build\intermediates\merged_res_blame_folder\release\out\multi-v2\values-w400dp-port-v13.json has been removed.
  Output property 'blameLogOutputFolder' file C:\Users\leoja\AndroidStudioProjects\PaleobyLeoRecipes\app\build\intermediates\merged_res_blame_folder\release\out\multi-v2\values-w600dp-land-v13.json has been removed.
  Output property 'blameLogOutputFolder' file C:\Users\leoja\AndroidStudioProjects\PaleobyLeoRecipes\app\build\intermediates\merged_res_blame_folder\release\out\multi-v2\values-watch-v20.json has been removed.
  Output property 'blameLogOutputFolder' file C:\Users\leoja\AndroidStudioProjects\PaleobyLeoRecipes\app\build\intermediates\merged_res_blame_folder\release\out\multi-v2\values-watch-v21.json has been removed.
  Output property 'blameLogOutputFolder' file C:\Users\leoja\AndroidStudioProjects\PaleobyLeoRecipes\app\build\intermediates\merged_res_blame_folder\release\out\multi-v2\values-xlarge-v4.json has been removed.
  Output property 'blameLogOutputFolder' file C:\Users\leoja\AndroidStudioProjects\PaleobyLeoRecipes\app\build\intermediates\merged_res_blame_folder\release\out\multi-v2\values-zh-rCN.json has been removed.
  Output property 'blameLogOutputFolder' file C:\Users\leoja\AndroidStudioProjects\PaleobyLeoRecipes\app\build\intermediates\merged_res_blame_folder\release\out\multi-v2\values-zh-rHK.json has been removed.
  Output property 'blameLogOutputFolder' file C:\Users\leoja\AndroidStudioProjects\PaleobyLeoRecipes\app\build\intermediates\merged_res_blame_folder\release\out\multi-v2\values-zh-rTW.json has been removed.
  Output property 'blameLogOutputFolder' file C:\Users\leoja\AndroidStudioProjects\PaleobyLeoRecipes\app\build\intermediates\merged_res_blame_folder\release\out\multi-v2\values-zu.json has been removed.
  Output property 'blameLogOutputFolder' file C:\Users\leoja\AndroidStudioProjects\PaleobyLeoRecipes\app\build\intermediates\merged_res_blame_folder\release\out\multi-v2\values.json has been removed.
  Output property 'blameLogOutputFolder' file C:\Users\leoja\AndroidStudioProjects\PaleobyLeoRecipes\app\build\intermediates\merged_res_blame_folder\release\out\single has been removed.
  Output property 'dataBindingLayoutInfoOutFolder' file C:\Users\leoja\AndroidStudioProjects\PaleobyLeoRecipes\app\build\intermediates\data_binding_layout_info_type_merge\release\out has been removed.
The input changes require a full rebuild for incremental task ':app:mergeReleaseResources'.
[MergeResources] Inputs are non-incremental full task action.
Compiling XML table C:\Users\leoja\AndroidStudioProjects\PaleobyLeoRecipes\app\build\intermediates\incremental\release\mergeReleaseResources\merged.dir\values-hi\values-hi.xml to C:\Users\leoja\AndroidStudioProjects\PaleobyLeoRecipes\app\build\intermediates\merged_res\release\values-hi_values-hi.arsc.flat
Compiling XML table C:\Users\leoja\AndroidStudioProjects\PaleobyLeoRecipes\app\build\intermediates\incremental\release\mergeReleaseResources\merged.dir\values\values.xml to C:\Users\leoja\AndroidStudioProjects\PaleobyLeoRecipes\app\build\intermediates\merged_res\release\values_values.arsc.flat
Compiling XML table C:\Users\leoja\AndroidStudioProjects\PaleobyLeoRecipes\app\build\intermediates\incremental\release\mergeReleaseResources\merged.dir\values-pt\values-pt.xml to C:\Users\leoja\AndroidStudioProjects\PaleobyLeoRecipes\app\build\intermediates\merged_res\release\values-pt_values-pt.arsc.flat
Compiling XML table C:\Users\leoja\AndroidStudioProjects\PaleobyLeoRecipes\app\build\intermediates\incremental\release\mergeReleaseResources\merged.dir\values-watch-v21\values-watch-v21.xml to C:\Users\leoja\AndroidStudioProjects\PaleobyLeoRecipes\app\build\intermediates\merged_res\release\values-watch-v21_values-watch-v21.arsc.flat
Compiling XML table C:\Users\leoja\AndroidStudioProjects\PaleobyLeoRecipes\app\build\intermediates\incremental\release\mergeReleaseResources\merged.dir\values-v17\values-v17.xml to C:\Users\leoja\AndroidStudioProjects\PaleobyLeoRecipes\app\build\intermediates\merged_res\release\values-v17_values-v17.arsc.flat
Compiling XML table C:\Users\leoja\AndroidStudioProjects\PaleobyLeoRecipes\app\build\intermediates\incremental\release\mergeReleaseResources\merged.dir\values-it\values-it.xml to C:\Users\leoja\AndroidStudioProjects\PaleobyLeoRecipes\app\build\intermediates\merged_res\release\values-it_values-it.arsc.flat
Compiling XML table C:\Users\leoja\AndroidStudioProjects\PaleobyLeoRecipes\app\build\intermediates\incremental\release\mergeReleaseResources\merged.dir\values-watch-v20\values-watch-v20.xml to C:\Users\leoja\AndroidStudioProjects\PaleobyLeoRecipes\app\build\intermediates\merged_res\release\values-watch-v20_values-watch-v20.arsc.flat
Compiling XML table C:\Users\leoja\AndroidStudioProjects\PaleobyLeoRecipes\app\build\intermediates\incremental\release\mergeReleaseResources\merged.dir\values-v16\values-v16.xml to C:\Users\leoja\AndroidStudioProjects\PaleobyLeoRecipes\app\build\intermediates\merged_res\release\values-v16_values-v16.arsc.flat
Compiling XML table C:\Users\leoja\AndroidStudioProjects\PaleobyLeoRecipes\app\build\intermediates\incremental\release\mergeReleaseResources\merged.dir\values-ldltr-v21\values-ldltr-v21.xml to C:\Users\leoja\AndroidStudioProjects\PaleobyLeoRecipes\app\build\intermediates\merged_res\release\values-ldltr-v21_values-ldltr-v21.arsc.flat
Compiling XML table C:\Users\leoja\AndroidStudioProjects\PaleobyLeoRecipes\app\build\intermediates\incremental\release\mergeReleaseResources\merged.dir\values-zh-rHK\values-zh-rHK.xml to C:\Users\leoja\AndroidStudioProjects\PaleobyLeoRecipes\app\build\intermediates\merged_res\release\values-zh-rHK_values-zh-rHK.arsc.flat
Compiling XML table C:\Users\leoja\AndroidStudioProjects\PaleobyLeoRecipes\app\build\intermediates\incremental\release\mergeReleaseResources\merged.dir\values-v18\values-v18.xml to C:\Users\leoja\AndroidStudioProjects\PaleobyLeoRecipes\app\build\intermediates\merged_res\release\values-v18_values-v18.arsc.flat
Compiling XML table C:\Users\leoja\AndroidStudioProjects\PaleobyLeoRecipes\app\build\intermediates\incremental\release\mergeReleaseResources\merged.dir\values-am\values-am.xml to C:\Users\leoja\AndroidStudioProjects\PaleobyLeoRecipes\app\build\intermediates\merged_res\release\values-am_values-am.arsc.flat
Compiling XML table C:\Users\leoja\AndroidStudioProjects\PaleobyLeoRecipes\app\build\intermediates\incremental\release\mergeReleaseResources\merged.dir\values-is\values-is.xml to C:\Users\leoja\AndroidStudioProjects\PaleobyLeoRecipes\app\build\intermediates\merged_res\release\values-is_values-is.arsc.flat
Compiling XML table C:\Users\leoja\AndroidStudioProjects\PaleobyLeoRecipes\app\build\intermediates\incremental\release\mergeReleaseResources\merged.dir\values-v23\values-v23.xml to C:\Users\leoja\AndroidStudioProjects\PaleobyLeoRecipes\app\build\intermediates\merged_res\release\values-v23_values-v23.arsc.flat
Compiling XML table C:\Users\leoja\AndroidStudioProjects\PaleobyLeoRecipes\app\build\intermediates\incremental\release\mergeReleaseResources\merged.dir\values-zu\values-zu.xml to C:\Users\leoja\AndroidStudioProjects\PaleobyLeoRecipes\app\build\intermediates\merged_res\release\values-zu_values-zu.arsc.flat
Compiling XML table C:\Users\leoja\AndroidStudioProjects\PaleobyLeoRecipes\app\build\intermediates\incremental\release\mergeReleaseResources\merged.dir\values-ja\values-ja.xml to C:\Users\leoja\AndroidStudioProjects\PaleobyLeoRecipes\app\build\intermediates\merged_res\release\values-ja_values-ja.arsc.flat
Compiling XML table C:\Users\leoja\AndroidStudioProjects\PaleobyLeoRecipes\app\build\intermediates\incremental\release\mergeReleaseResources\merged.dir\values-v21\values-v21.xml to C:\Users\leoja\AndroidStudioProjects\PaleobyLeoRecipes\app\build\intermediates\merged_res\release\values-v21_values-v21.arsc.flat
Compiling XML table C:\Users\leoja\AndroidStudioProjects\PaleobyLeoRecipes\app\build\intermediates\incremental\release\mergeReleaseResources\merged.dir\values-v26\values-v26.xml to C:\Users\leoja\AndroidStudioProjects\PaleobyLeoRecipes\app\build\intermediates\merged_res\release\values-v26_values-v26.arsc.flat
Compiling XML table C:\Users\leoja\AndroidStudioProjects\PaleobyLeoRecipes\app\build\intermediates\incremental\release\mergeReleaseResources\merged.dir\values-bg\values-bg.xml to C:\Users\leoja\AndroidStudioProjects\PaleobyLeoRecipes\app\build\intermediates\merged_res\release\values-bg_values-bg.arsc.flat
Compiling XML table C:\Users\leoja\AndroidStudioProjects\PaleobyLeoRecipes\app\build\intermediates\incremental\release\mergeReleaseResources\merged.dir\values-bn\values-bn.xml to C:\Users\leoja\AndroidStudioProjects\PaleobyLeoRecipes\app\build\intermediates\merged_res\release\values-bn_values-bn.arsc.flat
Compiling XML table C:\Users\leoja\AndroidStudioProjects\PaleobyLeoRecipes\app\build\intermediates\incremental\release\mergeReleaseResources\merged.dir\values-es-rUS\values-es-rUS.xml to C:\Users\leoja\AndroidStudioProjects\PaleobyLeoRecipes\app\build\intermediates\merged_res\release\values-es-rUS_values-es-rUS.arsc.flat
Compiling XML table C:\Users\leoja\AndroidStudioProjects\PaleobyLeoRecipes\app\build\intermediates\incremental\release\mergeReleaseResources\merged.dir\values-sl\values-sl.xml to C:\Users\leoja\AndroidStudioProjects\PaleobyLeoRecipes\app\build\intermediates\merged_res\release\values-sl_values-sl.arsc.flat
Compiling XML table C:\Users\leoja\AndroidStudioProjects\PaleobyLeoRecipes\app\build\intermediates\incremental\release\mergeReleaseResources\merged.dir\values-h360dp-land-v13\values-h360dp-land-v13.xml to C:\Users\leoja\AndroidStudioProjects\PaleobyLeoRecipes\app\build\intermediates\merged_res\release\values-h360dp-land-v13_values-h360dp-land-v13.arsc.flat
Compiling XML table C:\Users\leoja\AndroidStudioProjects\PaleobyLeoRecipes\app\build\intermediates\incremental\release\mergeReleaseResources\merged.dir\values-pt-rPT\values-pt-rPT.xml to C:\Users\leoja\AndroidStudioProjects\PaleobyLeoRecipes\app\build\intermediates\merged_res\release\values-pt-rPT_values-pt-rPT.arsc.flat
Compiling XML table C:\Users\leoja\AndroidStudioProjects\PaleobyLeoRecipes\app\build\intermediates\incremental\release\mergeReleaseResources\merged.dir\values-sk\values-sk.xml to C:\Users\leoja\AndroidStudioProjects\PaleobyLeoRecipes\app\build\intermediates\merged_res\release\values-sk_values-sk.arsc.flat
Compiling XML table C:\Users\leoja\AndroidStudioProjects\PaleobyLeoRecipes\app\build\intermediates\incremental\release\mergeReleaseResources\merged.dir\values-be\values-be.xml to C:\Users\leoja\AndroidStudioProjects\PaleobyLeoRecipes\app\build\intermediates\merged_res\release\values-be_values-be.arsc.flat
Compiling XML table C:\Users\leoja\AndroidStudioProjects\PaleobyLeoRecipes\app\build\intermediates\incremental\release\mergeReleaseResources\merged.dir\values-ko\values-ko.xml to C:\Users\leoja\AndroidStudioProjects\PaleobyLeoRecipes\app\build\intermediates\merged_res\release\values-ko_values-ko.arsc.flat
Compiling XML table C:\Users\leoja\AndroidStudioProjects\PaleobyLeoRecipes\app\build\intermediates\incremental\release\mergeReleaseResources\merged.dir\values-ru\values-ru.xml to C:\Users\leoja\AndroidStudioProjects\PaleobyLeoRecipes\app\build\intermediates\merged_res\release\values-ru_values-ru.arsc.flat
Compiling XML table C:\Users\leoja\AndroidStudioProjects\PaleobyLeoRecipes\app\build\intermediates\incremental\release\mergeReleaseResources\merged.dir\values-v34\values-v34.xml to C:\Users\leoja\AndroidStudioProjects\PaleobyLeoRecipes\app\build\intermediates\merged_res\release\values-v34_values-v34.arsc.flat
Compiling XML table C:\Users\leoja\AndroidStudioProjects\PaleobyLeoRecipes\app\build\intermediates\incremental\release\mergeReleaseResources\merged.dir\values-si\values-si.xml to C:\Users\leoja\AndroidStudioProjects\PaleobyLeoRecipes\app\build\intermediates\merged_res\release\values-si_values-si.arsc.flat
Compiling XML table C:\Users\leoja\AndroidStudioProjects\PaleobyLeoRecipes\app\build\intermediates\incremental\release\mergeReleaseResources\merged.dir\values-th\values-th.xml to C:\Users\leoja\AndroidStudioProjects\PaleobyLeoRecipes\app\build\intermediates\merged_res\release\values-th_values-th.arsc.flat
Compiling XML table C:\Users\leoja\AndroidStudioProjects\PaleobyLeoRecipes\app\build\intermediates\incremental\release\mergeReleaseResources\merged.dir\values-km\values-km.xml to C:\Users\leoja\AndroidStudioProjects\PaleobyLeoRecipes\app\build\intermediates\merged_res\release\values-km_values-km.arsc.flat
Compiling XML table C:\Users\leoja\AndroidStudioProjects\PaleobyLeoRecipes\app\build\intermediates\incremental\release\mergeReleaseResources\merged.dir\values-kn\values-kn.xml to C:\Users\leoja\AndroidStudioProjects\PaleobyLeoRecipes\app\build\intermediates\merged_res\release\values-kn_values-kn.arsc.flat
Compiling XML table C:\Users\leoja\AndroidStudioProjects\PaleobyLeoRecipes\app\build\intermediates\incremental\release\mergeReleaseResources\merged.dir\values-lt\values-lt.xml to C:\Users\leoja\AndroidStudioProjects\PaleobyLeoRecipes\app\build\intermediates\merged_res\release\values-lt_values-lt.arsc.flat
Compiling XML table C:\Users\leoja\AndroidStudioProjects\PaleobyLeoRecipes\app\build\intermediates\incremental\release\mergeReleaseResources\merged.dir\values-h720dp-v13\values-h720dp-v13.xml to C:\Users\leoja\AndroidStudioProjects\PaleobyLeoRecipes\app\build\intermediates\merged_res\release\values-h720dp-v13_values-h720dp-v13.arsc.flat
Compiling XML table C:\Users\leoja\AndroidStudioProjects\PaleobyLeoRecipes\app\build\intermediates\incremental\release\mergeReleaseResources\merged.dir\values-cs\values-cs.xml to C:\Users\leoja\AndroidStudioProjects\PaleobyLeoRecipes\app\build\intermediates\merged_res\release\values-cs_values-cs.arsc.flat
Compiling XML table C:\Users\leoja\AndroidStudioProjects\PaleobyLeoRecipes\app\build\intermediates\incremental\release\mergeReleaseResources\merged.dir\values-de\values-de.xml to C:\Users\leoja\AndroidStudioProjects\PaleobyLeoRecipes\app\build\intermediates\merged_res\release\values-de_values-de.arsc.flat
Compiling XML table C:\Users\leoja\AndroidStudioProjects\PaleobyLeoRecipes\app\build\intermediates\incremental\release\mergeReleaseResources\merged.dir\values-ml\values-ml.xml to C:\Users\leoja\AndroidStudioProjects\PaleobyLeoRecipes\app\build\intermediates\merged_res\release\values-ml_values-ml.arsc.flat
Compiling XML table C:\Users\leoja\AndroidStudioProjects\PaleobyLeoRecipes\app\build\intermediates\incremental\release\mergeReleaseResources\merged.dir\values-ur\values-ur.xml to C:\Users\leoja\AndroidStudioProjects\PaleobyLeoRecipes\app\build\intermediates\merged_res\release\values-ur_values-ur.arsc.flat
Compiling XML table C:\Users\leoja\AndroidStudioProjects\PaleobyLeoRecipes\app\build\intermediates\incremental\release\mergeReleaseResources\merged.dir\values-en-rAU\values-en-rAU.xml to C:\Users\leoja\AndroidStudioProjects\PaleobyLeoRecipes\app\build\intermediates\merged_res\release\values-en-rAU_values-en-rAU.arsc.flat
Compiling XML table C:\Users\leoja\AndroidStudioProjects\PaleobyLeoRecipes\app\build\intermediates\incremental\release\mergeReleaseResources\merged.dir\values-my\values-my.xml to C:\Users\leoja\AndroidStudioProjects\PaleobyLeoRecipes\app\build\intermediates\merged_res\release\values-my_values-my.arsc.flat
Compiling XML table C:\Users\leoja\AndroidStudioProjects\PaleobyLeoRecipes\app\build\intermediates\incremental\release\mergeReleaseResources\merged.dir\values-el\values-el.xml to C:\Users\leoja\AndroidStudioProjects\PaleobyLeoRecipes\app\build\intermediates\merged_res\release\values-el_values-el.arsc.flat
Compiling XML table C:\Users\leoja\AndroidStudioProjects\PaleobyLeoRecipes\app\build\intermediates\incremental\release\mergeReleaseResources\merged.dir\values-nb\values-nb.xml to C:\Users\leoja\AndroidStudioProjects\PaleobyLeoRecipes\app\build\intermediates\merged_res\release\values-nb_values-nb.arsc.flat
Compiling XML table C:\Users\leoja\AndroidStudioProjects\PaleobyLeoRecipes\app\build\intermediates\incremental\release\mergeReleaseResources\merged.dir\values-uk\values-uk.xml to C:\Users\leoja\AndroidStudioProjects\PaleobyLeoRecipes\app\build\intermediates\merged_res\release\values-uk_values-uk.arsc.flat
Compiling XML table C:\Users\leoja\AndroidStudioProjects\PaleobyLeoRecipes\app\build\intermediates\incremental\release\mergeReleaseResources\merged.dir\values-w600dp-land-v13\values-w600dp-land-v13.xml to C:\Users\leoja\AndroidStudioProjects\PaleobyLeoRecipes\app\build\intermediates\merged_res\release\values-w600dp-land-v13_values-w600dp-land-v13.arsc.flat
Compiling XML table C:\Users\leoja\AndroidStudioProjects\PaleobyLeoRecipes\app\build\intermediates\incremental\release\mergeReleaseResources\merged.dir\values-fr\values-fr.xml to C:\Users\leoja\AndroidStudioProjects\PaleobyLeoRecipes\app\build\intermediates\merged_res\release\values-fr_values-fr.arsc.flat
Compiling XML table C:\Users\leoja\AndroidStudioProjects\PaleobyLeoRecipes\app\build\intermediates\incremental\release\mergeReleaseResources\merged.dir\values-sv\values-sv.xml to C:\Users\leoja\AndroidStudioProjects\PaleobyLeoRecipes\app\build\intermediates\merged_res\release\values-sv_values-sv.arsc.flat
Compiling XML table C:\Users\leoja\AndroidStudioProjects\PaleobyLeoRecipes\app\build\intermediates\incremental\release\mergeReleaseResources\merged.dir\values-ms\values-ms.xml to C:\Users\leoja\AndroidStudioProjects\PaleobyLeoRecipes\app\build\intermediates\merged_res\release\values-ms_values-ms.arsc.flat
Compiling XML table C:\Users\leoja\AndroidStudioProjects\PaleobyLeoRecipes\app\build\intermediates\incremental\release\mergeReleaseResources\merged.dir\values-fi\values-fi.xml to C:\Users\leoja\AndroidStudioProjects\PaleobyLeoRecipes\app\build\intermediates\merged_res\release\values-fi_values-fi.arsc.flat
Compiling XML table C:\Users\leoja\AndroidStudioProjects\PaleobyLeoRecipes\app\build\intermediates\incremental\release\mergeReleaseResources\merged.dir\values-b+es+419\values-b+es+419.xml to C:\Users\leoja\AndroidStudioProjects\PaleobyLeoRecipes\app\build\intermediates\merged_res\release\values-b+es+419_values-b+es+419.arsc.flat
Compiling xml file C:\Users\leoja\AndroidStudioProjects\PaleobyLeoRecipes\app\src\main\res\mipmap-anydpi-v26\themes.xml to C:\Users\leoja\AndroidStudioProjects\PaleobyLeoRecipes\app\build\intermediates\merged_res\release\mipmap-anydpi-v26_themes.xml.flat
Compiling xml file C:\Users\leoja\AndroidStudioProjects\PaleobyLeoRecipes\app\build\intermediates\incremental\release\mergeReleaseResources\stripped.dir\layout\item_ingredient.xml to C:\Users\leoja\AndroidStudioProjects\PaleobyLeoRecipes\app\build\intermediates\merged_res\release\layout_item_ingredient.xml.flat
Compiling XML table C:\Users\leoja\AndroidStudioProjects\PaleobyLeoRecipes\app\build\intermediates\incremental\release\mergeReleaseResources\merged.dir\values-te\values-te.xml to C:\Users\leoja\AndroidStudioProjects\PaleobyLeoRecipes\app\build\intermediates\merged_res\release\values-te_values-te.arsc.flat
Compiling XML table C:\Users\leoja\AndroidStudioProjects\PaleobyLeoRecipes\app\build\intermediates\incremental\release\mergeReleaseResources\merged.dir\values-or\values-or.xml to C:\Users\leoja\AndroidStudioProjects\PaleobyLeoRecipes\app\build\intermediates\merged_res\release\values-or_values-or.arsc.flat
Compiling XML table C:\Users\leoja\AndroidStudioProjects\PaleobyLeoRecipes\app\build\intermediates\incremental\release\mergeReleaseResources\merged.dir\values-w400dp-port-v13\values-w400dp-port-v13.xml to C:\Users\leoja\AndroidStudioProjects\PaleobyLeoRecipes\app\build\intermediates\merged_res\release\values-w400dp-port-v13_values-w400dp-port-v13.arsc.flat
Compiling XML table C:\Users\leoja\AndroidStudioProjects\PaleobyLeoRecipes\app\build\intermediates\incremental\release\mergeReleaseResources\merged.dir\values-zh-rCN\values-zh-rCN.xml to C:\Users\leoja\AndroidStudioProjects\PaleobyLeoRecipes\app\build\intermediates\merged_res\release\values-zh-rCN_values-zh-rCN.arsc.flat
Compiling xml file C:\Users\leoja\AndroidStudioProjects\PaleobyLeoRecipes\app\src\main\res\drawable\ic_launcher_background.xml to C:\Users\leoja\AndroidStudioProjects\PaleobyLeoRecipes\app\build\intermediates\merged_res\release\drawable_ic_launcher_background.xml.flat
Compiling XML table C:\Users\leoja\AndroidStudioProjects\PaleobyLeoRecipes\app\build\intermediates\incremental\release\mergeReleaseResources\merged.dir\values-lo\values-lo.xml to C:\Users\leoja\AndroidStudioProjects\PaleobyLeoRecipes\app\build\intermediates\merged_res\release\values-lo_values-lo.arsc.flat
Compiling xml file C:\Users\leoja\AndroidStudioProjects\PaleobyLeoRecipes\app\src\main\res\navigation\fridge_nav_graph.xml to C:\Users\leoja\AndroidStudioProjects\PaleobyLeoRecipes\app\build\intermediates\merged_res\release\navigation_fridge_nav_graph.xml.flat
Compiling xml file C:\Users\leoja\AndroidStudioProjects\PaleobyLeoRecipes\app\src\main\res\drawable\ic_favorite_border.xml to C:\Users\leoja\AndroidStudioProjects\PaleobyLeoRecipes\app\build\intermediates\merged_res\release\drawable_ic_favorite_border.xml.flat
Compiling xml file C:\Users\leoja\AndroidStudioProjects\PaleobyLeoRecipes\app\src\main\res\drawable\button_background.xml to C:\Users\leoja\AndroidStudioProjects\PaleobyLeoRecipes\app\build\intermediates\merged_res\release\drawable_button_background.xml.flat
Compiling xml file C:\Users\leoja\AndroidStudioProjects\PaleobyLeoRecipes\app\src\main\res\menu\menu_main.xml to C:\Users\leoja\AndroidStudioProjects\PaleobyLeoRecipes\app\build\intermediates\merged_res\release\menu_menu_main.xml.flat
Compiling xml file C:\Users\leoja\AndroidStudioProjects\PaleobyLeoRecipes\app\src\main\res\drawable\placeholder_image.xml to C:\Users\leoja\AndroidStudioProjects\PaleobyLeoRecipes\app\build\intermediates\merged_res\release\drawable_placeholder_image.xml.flat
Compiling xml file C:\Users\leoja\AndroidStudioProjects\PaleobyLeoRecipes\app\src\main\res\drawable\rounded_orange_button.xml to C:\Users\leoja\AndroidStudioProjects\PaleobyLeoRecipes\app\build\intermediates\merged_res\release\drawable_rounded_orange_button.xml.flat
Compiling file C:\Users\leoja\AndroidStudioProjects\PaleobyLeoRecipes\app\src\main\res\mipmap-mdpi\ic_launcher.webp to C:\Users\leoja\AndroidStudioProjects\PaleobyLeoRecipes\app\build\intermediates\merged_res\release\mipmap-mdpi_ic_launcher.webp.flat
Compiling xml file C:\Users\leoja\AndroidStudioProjects\PaleobyLeoRecipes\app\build\intermediates\incremental\release\mergeReleaseResources\stripped.dir\layout\print_recipe_detail.xml to C:\Users\leoja\AndroidStudioProjects\PaleobyLeoRecipes\app\build\intermediates\merged_res\release\layout_print_recipe_detail.xml.flat
Compiling xml file C:\Users\leoja\AndroidStudioProjects\PaleobyLeoRecipes\app\src\main\res\drawable\error_image.xml to C:\Users\leoja\AndroidStudioProjects\PaleobyLeoRecipes\app\build\intermediates\merged_res\release\drawable_error_image.xml.flat
Compiling xml file C:\Users\leoja\AndroidStudioProjects\PaleobyLeoRecipes\app\src\main\res\mipmap-anydpi-v26\ic_launcher_foreground.xml to C:\Users\leoja\AndroidStudioProjects\PaleobyLeoRecipes\app\build\intermediates\merged_res\release\mipmap-anydpi-v26_ic_launcher_foreground.xml.flat
Compiling xml file C:\Users\leoja\AndroidStudioProjects\PaleobyLeoRecipes\app\build\intermediates\incremental\release\mergeReleaseResources\stripped.dir\layout\activity_add_recipe.xml to C:\Users\leoja\AndroidStudioProjects\PaleobyLeoRecipes\app\build\intermediates\merged_res\release\layout_activity_add_recipe.xml.flat
Compiling file C:\Users\leoja\AndroidStudioProjects\PaleobyLeoRecipes\app\src\main\res\mipmap-xxxhdpi\ic_launcher_round.webp to C:\Users\leoja\AndroidStudioProjects\PaleobyLeoRecipes\app\build\intermediates\merged_res\release\mipmap-xxxhdpi_ic_launcher_round.webp.flat
Compiling XML table C:\Users\leoja\AndroidStudioProjects\PaleobyLeoRecipes\app\build\intermediates\incremental\release\mergeReleaseResources\merged.dir\values-mk\values-mk.xml to C:\Users\leoja\AndroidStudioProjects\PaleobyLeoRecipes\app\build\intermediates\merged_res\release\values-mk_values-mk.arsc.flat
Compiling XML table C:\Users\leoja\AndroidStudioProjects\PaleobyLeoRecipes\app\build\intermediates\incremental\release\mergeReleaseResources\merged.dir\values-hy\values-hy.xml to C:\Users\leoja\AndroidStudioProjects\PaleobyLeoRecipes\app\build\intermediates\merged_res\release\values-hy_values-hy.arsc.flat
Compiling xml file C:\Users\leoja\AndroidStudioProjects\PaleobyLeoRecipes\app\src\main\res\drawable\ic_settings.xml to C:\Users\leoja\AndroidStudioProjects\PaleobyLeoRecipes\app\build\intermediates\merged_res\release\drawable_ic_settings.xml.flat
Compiling XML table C:\Users\leoja\AndroidStudioProjects\PaleobyLeoRecipes\app\build\intermediates\incremental\release\mergeReleaseResources\merged.dir\values-small-v4\values-small-v4.xml to C:\Users\leoja\AndroidStudioProjects\PaleobyLeoRecipes\app\build\intermediates\merged_res\release\values-small-v4_values-small-v4.arsc.flat
Compiling xml file C:\Users\leoja\AndroidStudioProjects\PaleobyLeoRecipes\app\src\main\res\drawable\paleo_proteins.xml to C:\Users\leoja\AndroidStudioProjects\PaleobyLeoRecipes\app\build\intermediates\merged_res\release\drawable_paleo_proteins.xml.flat
Compiling file C:\Users\leoja\AndroidStudioProjects\PaleobyLeoRecipes\app\src\main\res\mipmap-hdpi\ic_launcher.webp to C:\Users\leoja\AndroidStudioProjects\PaleobyLeoRecipes\app\build\intermediates\merged_res\release\mipmap-hdpi_ic_launcher.webp.flat
Compiling xml file C:\Users\leoja\AndroidStudioProjects\PaleobyLeoRecipes\app\build\intermediates\incremental\release\mergeReleaseResources\stripped.dir\layout\activity_about_paleo.xml to C:\Users\leoja\AndroidStudioProjects\PaleobyLeoRecipes\app\build\intermediates\merged_res\release\layout_activity_about_paleo.xml.flat
Compiling XML table C:\Users\leoja\AndroidStudioProjects\PaleobyLeoRecipes\app\build\intermediates\incremental\release\mergeReleaseResources\merged.dir\values-zh-rTW\values-zh-rTW.xml to C:\Users\leoja\AndroidStudioProjects\PaleobyLeoRecipes\app\build\intermediates\merged_res\release\values-zh-rTW_values-zh-rTW.arsc.flat
Compiling XML table C:\Users\leoja\AndroidStudioProjects\PaleobyLeoRecipes\app\build\intermediates\incremental\release\mergeReleaseResources\merged.dir\values-af\values-af.xml to C:\Users\leoja\AndroidStudioProjects\PaleobyLeoRecipes\app\build\intermediates\merged_res\release\values-af_values-af.arsc.flat
Compiling xml file C:\Users\leoja\AndroidStudioProjects\PaleobyLeoRecipes\app\src\main\res\drawable\ic_favorite_filled.xml to C:\Users\leoja\AndroidStudioProjects\PaleobyLeoRecipes\app\build\intermediates\merged_res\release\drawable_ic_favorite_filled.xml.flat
Compiling xml file C:\Users\leoja\AndroidStudioProjects\PaleobyLeoRecipes\app\build\intermediates\incremental\release\mergeReleaseResources\stripped.dir\layout\item_recipe.xml to C:\Users\leoja\AndroidStudioProjects\PaleobyLeoRecipes\app\build\intermediates\merged_res\release\layout_item_recipe.xml.flat
Compiling xml file C:\Users\leoja\AndroidStudioProjects\PaleobyLeoRecipes\app\src\main\res\drawable\section_divider.xml to C:\Users\leoja\AndroidStudioProjects\PaleobyLeoRecipes\app\build\intermediates\merged_res\release\drawable_section_divider.xml.flat
Compiling XML table C:\Users\leoja\AndroidStudioProjects\PaleobyLeoRecipes\app\build\intermediates\incremental\release\mergeReleaseResources\merged.dir\values-port\values-port.xml to C:\Users\leoja\AndroidStudioProjects\PaleobyLeoRecipes\app\build\intermediates\merged_res\release\values-port_values-port.arsc.flat
Compiling xml file C:\Users\leoja\AndroidStudioProjects\PaleobyLeoRecipes\app\build\intermediates\incremental\release\mergeReleaseResources\stripped.dir\layout\activity_main.xml to C:\Users\leoja\AndroidStudioProjects\PaleobyLeoRecipes\app\build\intermediates\merged_res\release\layout_activity_main.xml.flat
Compiling XML table C:\Users\leoja\AndroidStudioProjects\PaleobyLeoRecipes\app\build\intermediates\incremental\release\mergeReleaseResources\merged.dir\values-en-rXC\values-en-rXC.xml to C:\Users\leoja\AndroidStudioProjects\PaleobyLeoRecipes\app\build\intermediates\merged_res\release\values-en-rXC_values-en-rXC.arsc.flat
Compiling XML table C:\Users\leoja\AndroidStudioProjects\PaleobyLeoRecipes\app\build\intermediates\incremental\release\mergeReleaseResources\merged.dir\values-hu\values-hu.xml to C:\Users\leoja\AndroidStudioProjects\PaleobyLeoRecipes\app\build\intermediates\merged_res\release\values-hu_values-hu.arsc.flat
Compiling XML table C:\Users\leoja\AndroidStudioProjects\PaleobyLeoRecipes\app\build\intermediates\incremental\release\mergeReleaseResources\merged.dir\values-ar\values-ar.xml to C:\Users\leoja\AndroidStudioProjects\PaleobyLeoRecipes\app\build\intermediates\merged_res\release\values-ar_values-ar.arsc.flat
Compiling XML table C:\Users\leoja\AndroidStudioProjects\PaleobyLeoRecipes\app\build\intermediates\incremental\release\mergeReleaseResources\merged.dir\values-gl\values-gl.xml to C:\Users\leoja\AndroidStudioProjects\PaleobyLeoRecipes\app\build\intermediates\merged_res\release\values-gl_values-gl.arsc.flat
Compiling XML table C:\Users\leoja\AndroidStudioProjects\PaleobyLeoRecipes\app\build\intermediates\incremental\release\mergeReleaseResources\merged.dir\values-az\values-az.xml to C:\Users\leoja\AndroidStudioProjects\PaleobyLeoRecipes\app\build\intermediates\merged_res\release\values-az_values-az.arsc.flat
Compiling XML table C:\Users\leoja\AndroidStudioProjects\PaleobyLeoRecipes\app\build\intermediates\incremental\release\mergeReleaseResources\merged.dir\values-in\values-in.xml to C:\Users\leoja\AndroidStudioProjects\PaleobyLeoRecipes\app\build\intermediates\merged_res\release\values-in_values-in.arsc.flat
Compiling xml file C:\Users\leoja\AndroidStudioProjects\PaleobyLeoRecipes\app\build\intermediates\incremental\release\mergeReleaseResources\stripped.dir\layout\fragment_recipe_search_list.xml to C:\Users\leoja\AndroidStudioProjects\PaleobyLeoRecipes\app\build\intermediates\merged_res\release\layout_fragment_recipe_search_list.xml.flat
Compiling XML table C:\Users\leoja\AndroidStudioProjects\PaleobyLeoRecipes\app\build\intermediates\incremental\release\mergeReleaseResources\merged.dir\values-v28\values-v28.xml to C:\Users\leoja\AndroidStudioProjects\PaleobyLeoRecipes\app\build\intermediates\merged_res\release\values-v28_values-v28.arsc.flat
Compiling XML table C:\Users\leoja\AndroidStudioProjects\PaleobyLeoRecipes\app\build\intermediates\incremental\release\mergeReleaseResources\merged.dir\values-iw\values-iw.xml to C:\Users\leoja\AndroidStudioProjects\PaleobyLeoRecipes\app\build\intermediates\merged_res\release\values-iw_values-iw.arsc.flat
Compiling xml file C:\Users\leoja\AndroidStudioProjects\PaleobyLeoRecipes\app\src\main\res\drawable\rounded_brown_bg.xml to C:\Users\leoja\AndroidStudioProjects\PaleobyLeoRecipes\app\build\intermediates\merged_res\release\drawable_rounded_brown_bg.xml.flat
Compiling xml file C:\Users\leoja\AndroidStudioProjects\PaleobyLeoRecipes\app\src\main\res\drawable\ic_info.xml to C:\Users\leoja\AndroidStudioProjects\PaleobyLeoRecipes\app\build\intermediates\merged_res\release\drawable_ic_info.xml.flat
Compiling XML table C:\Users\leoja\AndroidStudioProjects\PaleobyLeoRecipes\app\build\intermediates\incremental\release\mergeReleaseResources\merged.dir\values-v31\values-v31.xml to C:\Users\leoja\AndroidStudioProjects\PaleobyLeoRecipes\app\build\intermediates\merged_res\release\values-v31_values-v31.arsc.flat
Compiling xml file C:\Users\leoja\AndroidStudioProjects\PaleobyLeoRecipes\app\build\intermediates\incremental\release\mergeReleaseResources\stripped.dir\layout\activity_add_edit_recipe.xml to C:\Users\leoja\AndroidStudioProjects\PaleobyLeoRecipes\app\build\intermediates\merged_res\release\layout_activity_add_edit_recipe.xml.flat
Compiling xml file C:\Users\leoja\AndroidStudioProjects\PaleobyLeoRecipes\app\src\main\res\drawable\paleo_meat.xml to C:\Users\leoja\AndroidStudioProjects\PaleobyLeoRecipes\app\build\intermediates\merged_res\release\drawable_paleo_meat.xml.flat
Compiling xml file C:\Users\leoja\AndroidStudioProjects\PaleobyLeoRecipes\app\build\intermediates\incremental\release\mergeReleaseResources\stripped.dir\layout\item_recipe_basic.xml to C:\Users\leoja\AndroidStudioProjects\PaleobyLeoRecipes\app\build\intermediates\merged_res\release\layout_item_recipe_basic.xml.flat
Compiling file C:\Users\leoja\AndroidStudioProjects\PaleobyLeoRecipes\app\src\main\res\mipmap-xhdpi\ic_launcher.webp to C:\Users\leoja\AndroidStudioProjects\PaleobyLeoRecipes\app\build\intermediates\merged_res\release\mipmap-xhdpi_ic_launcher.webp.flat
Compiling xml file C:\Users\leoja\AndroidStudioProjects\PaleobyLeoRecipes\app\src\main\res\drawable\ic_menu.xml to C:\Users\leoja\AndroidStudioProjects\PaleobyLeoRecipes\app\build\intermediates\merged_res\release\drawable_ic_menu.xml.flat
Compiling image file C:\Users\leoja\AndroidStudioProjects\PaleobyLeoRecipes\app\src\main\res\drawable\paleo_logo.png
Compiling file C:\Users\leoja\AndroidStudioProjects\PaleobyLeoRecipes\app\src\main\res\drawable\paleo_logo.png to C:\Users\leoja\AndroidStudioProjects\PaleobyLeoRecipes\app\build\intermediates\merged_res\release\drawable_paleo_logo.png.flat
Compiling XML table C:\Users\leoja\AndroidStudioProjects\PaleobyLeoRecipes\app\build\intermediates\incremental\release\mergeReleaseResources\merged.dir\values-v25\values-v25.xml to C:\Users\leoja\AndroidStudioProjects\PaleobyLeoRecipes\app\build\intermediates\merged_res\release\values-v25_values-v25.arsc.flat
Compiling xml file C:\Users\leoja\AndroidStudioProjects\PaleobyLeoRecipes\app\build\intermediates\incremental\release\mergeReleaseResources\stripped.dir\layout\activity_fridge.xml to C:\Users\leoja\AndroidStudioProjects\PaleobyLeoRecipes\app\build\intermediates\merged_res\release\layout_activity_fridge.xml.flat
Compiling XML table C:\Users\leoja\AndroidStudioProjects\PaleobyLeoRecipes\app\build\intermediates\incremental\release\mergeReleaseResources\merged.dir\values-ro\values-ro.xml to C:\Users\leoja\AndroidStudioProjects\PaleobyLeoRecipes\app\build\intermediates\merged_res\release\values-ro_values-ro.arsc.flat
Compiling XML table C:\Users\leoja\AndroidStudioProjects\PaleobyLeoRecipes\app\build\intermediates\incremental\release\mergeReleaseResources\merged.dir\values-h320dp-port-v13\values-h320dp-port-v13.xml to C:\Users\leoja\AndroidStudioProjects\PaleobyLeoRecipes\app\build\intermediates\merged_res\release\values-h320dp-port-v13_values-h320dp-port-v13.arsc.flat
Compiling XML table C:\Users\leoja\AndroidStudioProjects\PaleobyLeoRecipes\app\build\intermediates\incremental\release\mergeReleaseResources\merged.dir\values-sr\values-sr.xml to C:\Users\leoja\AndroidStudioProjects\PaleobyLeoRecipes\app\build\intermediates\merged_res\release\values-sr_values-sr.arsc.flat
Compiling XML table C:\Users\leoja\AndroidStudioProjects\PaleobyLeoRecipes\app\build\intermediates\incremental\release\mergeReleaseResources\merged.dir\values-w320dp-land-v13\values-w320dp-land-v13.xml to C:\Users\leoja\AndroidStudioProjects\PaleobyLeoRecipes\app\build\intermediates\merged_res\release\values-w320dp-land-v13_values-w320dp-land-v13.arsc.flat
Compiling XML table C:\Users\leoja\AndroidStudioProjects\PaleobyLeoRecipes\app\build\intermediates\incremental\release\mergeReleaseResources\merged.dir\values-hr\values-hr.xml to C:\Users\leoja\AndroidStudioProjects\PaleobyLeoRecipes\app\build\intermediates\merged_res\release\values-hr_values-hr.arsc.flat
Compiling xml file C:\Users\leoja\AndroidStudioProjects\PaleobyLeoRecipes\app\build\intermediates\incremental\release\mergeReleaseResources\stripped.dir\layout\activity_recipe_detail.xml to C:\Users\leoja\AndroidStudioProjects\PaleobyLeoRecipes\app\build\intermediates\merged_res\release\layout_activity_recipe_detail.xml.flat
Compiling XML table C:\Users\leoja\AndroidStudioProjects\PaleobyLeoRecipes\app\build\intermediates\incremental\release\mergeReleaseResources\merged.dir\values-ky\values-ky.xml to C:\Users\leoja\AndroidStudioProjects\PaleobyLeoRecipes\app\build\intermediates\merged_res\release\values-ky_values-ky.arsc.flat
Compiling XML table C:\Users\leoja\AndroidStudioProjects\PaleobyLeoRecipes\app\build\intermediates\incremental\release\mergeReleaseResources\merged.dir\values-en-rCA\values-en-rCA.xml to C:\Users\leoja\AndroidStudioProjects\PaleobyLeoRecipes\app\build\intermediates\merged_res\release\values-en-rCA_values-en-rCA.arsc.flat
Compiling XML table C:\Users\leoja\AndroidStudioProjects\PaleobyLeoRecipes\app\build\intermediates\incremental\release\mergeReleaseResources\merged.dir\values-w360dp-port-v13\values-w360dp-port-v13.xml to C:\Users\leoja\AndroidStudioProjects\PaleobyLeoRecipes\app\build\intermediates\merged_res\release\values-w360dp-port-v13_values-w360dp-port-v13.arsc.flat
Compiling XML table C:\Users\leoja\AndroidStudioProjects\PaleobyLeoRecipes\app\build\intermediates\incremental\release\mergeReleaseResources\merged.dir\values-b+sr+Latn\values-b+sr+Latn.xml to C:\Users\leoja\AndroidStudioProjects\PaleobyLeoRecipes\app\build\intermediates\merged_res\release\values-b+sr+Latn_values-b+sr+Latn.arsc.flat
Compiling XML table C:\Users\leoja\AndroidStudioProjects\PaleobyLeoRecipes\app\build\intermediates\incremental\release\mergeReleaseResources\merged.dir\values-sq\values-sq.xml to C:\Users\leoja\AndroidStudioProjects\PaleobyLeoRecipes\app\build\intermediates\merged_res\release\values-sq_values-sq.arsc.flat
Compiling xml file C:\Users\leoja\AndroidStudioProjects\PaleobyLeoRecipes\app\src\main\res\drawable\paleo_vegetables.xml to C:\Users\leoja\AndroidStudioProjects\PaleobyLeoRecipes\app\build\intermediates\merged_res\release\drawable_paleo_vegetables.xml.flat
Compiling xml file C:\Users\leoja\AndroidStudioProjects\PaleobyLeoRecipes\app\src\main\res\mipmap-anydpi-v26\ic_launcher_round.xml to C:\Users\leoja\AndroidStudioProjects\PaleobyLeoRecipes\app\build\intermediates\merged_res\release\mipmap-anydpi-v26_ic_launcher_round.xml.flat
Compiling xml file C:\Users\leoja\AndroidStudioProjects\PaleobyLeoRecipes\app\src\main\res\drawable\ic_print_white_24dp.xml to C:\Users\leoja\AndroidStudioProjects\PaleobyLeoRecipes\app\build\intermediates\merged_res\release\drawable_ic_print_white_24dp.xml.flat
Compiling XML table C:\Users\leoja\AndroidStudioProjects\PaleobyLeoRecipes\app\build\intermediates\incremental\release\mergeReleaseResources\merged.dir\values-da\values-da.xml to C:\Users\leoja\AndroidStudioProjects\PaleobyLeoRecipes\app\build\intermediates\merged_res\release\values-da_values-da.arsc.flat
Compiling XML table C:\Users\leoja\AndroidStudioProjects\PaleobyLeoRecipes\app\build\intermediates\incremental\release\mergeReleaseResources\merged.dir\values-as\values-as.xml to C:\Users\leoja\AndroidStudioProjects\PaleobyLeoRecipes\app\build\intermediates\merged_res\release\values-as_values-as.arsc.flat
Compiling xml file C:\Users\leoja\AndroidStudioProjects\PaleobyLeoRecipes\app\src\main\res\xml\backup_rules.xml to C:\Users\leoja\AndroidStudioProjects\PaleobyLeoRecipes\app\build\intermediates\merged_res\release\xml_backup_rules.xml.flat
Compiling xml file C:\Users\leoja\AndroidStudioProjects\PaleobyLeoRecipes\app\src\main\res\drawable\ic_arrow_back.xml to C:\Users\leoja\AndroidStudioProjects\PaleobyLeoRecipes\app\build\intermediates\merged_res\release\drawable_ic_arrow_back.xml.flat
Compiling xml file C:\Users\leoja\AndroidStudioProjects\PaleobyLeoRecipes\app\src\main\res\drawable\search_background.xml to C:\Users\leoja\AndroidStudioProjects\PaleobyLeoRecipes\app\build\intermediates\merged_res\release\drawable_search_background.xml.flat
Compiling XML table C:\Users\leoja\AndroidStudioProjects\PaleobyLeoRecipes\app\build\intermediates\incremental\release\mergeReleaseResources\merged.dir\values-ta\values-ta.xml to C:\Users\leoja\AndroidStudioProjects\PaleobyLeoRecipes\app\build\intermediates\merged_res\release\values-ta_values-ta.arsc.flat
Compiling XML table C:\Users\leoja\AndroidStudioProjects\PaleobyLeoRecipes\app\build\intermediates\incremental\release\mergeReleaseResources\merged.dir\values-v22\values-v22.xml to C:\Users\leoja\AndroidStudioProjects\PaleobyLeoRecipes\app\build\intermediates\merged_res\release\values-v22_values-v22.arsc.flat
Compiling XML table C:\Users\leoja\AndroidStudioProjects\PaleobyLeoRecipes\app\build\intermediates\incremental\release\mergeReleaseResources\merged.dir\values-h480dp-land-v13\values-h480dp-land-v13.xml to C:\Users\leoja\AndroidStudioProjects\PaleobyLeoRecipes\app\build\intermediates\merged_res\release\values-h480dp-land-v13_values-h480dp-land-v13.arsc.flat
Compiling XML table C:\Users\leoja\AndroidStudioProjects\PaleobyLeoRecipes\app\build\intermediates\incremental\release\mergeReleaseResources\merged.dir\values-bs\values-bs.xml to C:\Users\leoja\AndroidStudioProjects\PaleobyLeoRecipes\app\build\intermediates\merged_res\release\values-bs_values-bs.arsc.flat
Compiling XML table C:\Users\leoja\AndroidStudioProjects\PaleobyLeoRecipes\app\build\intermediates\incremental\release\mergeReleaseResources\merged.dir\values-xlarge-v4\values-xlarge-v4.xml to C:\Users\leoja\AndroidStudioProjects\PaleobyLeoRecipes\app\build\intermediates\merged_res\release\values-xlarge-v4_values-xlarge-v4.arsc.flat
Compiling XML table C:\Users\leoja\AndroidStudioProjects\PaleobyLeoRecipes\app\build\intermediates\incremental\release\mergeReleaseResources\merged.dir\values-en-rIN\values-en-rIN.xml to C:\Users\leoja\AndroidStudioProjects\PaleobyLeoRecipes\app\build\intermediates\merged_res\release\values-en-rIN_values-en-rIN.arsc.flat
Compiling XML table C:\Users\leoja\AndroidStudioProjects\PaleobyLeoRecipes\app\build\intermediates\incremental\release\mergeReleaseResources\merged.dir\values-ca\values-ca.xml to C:\Users\leoja\AndroidStudioProjects\PaleobyLeoRecipes\app\build\intermediates\merged_res\release\values-ca_values-ca.arsc.flat
Compiling XML table C:\Users\leoja\AndroidStudioProjects\PaleobyLeoRecipes\app\build\intermediates\incremental\release\mergeReleaseResources\merged.dir\values-fr-rCA\values-fr-rCA.xml to C:\Users\leoja\AndroidStudioProjects\PaleobyLeoRecipes\app\build\intermediates\merged_res\release\values-fr-rCA_values-fr-rCA.arsc.flat
Compiling XML table C:\Users\leoja\AndroidStudioProjects\PaleobyLeoRecipes\app\build\intermediates\incremental\release\mergeReleaseResources\merged.dir\values-v24\values-v24.xml to C:\Users\leoja\AndroidStudioProjects\PaleobyLeoRecipes\app\build\intermediates\merged_res\release\values-v24_values-v24.arsc.flat
Compiling XML table C:\Users\leoja\AndroidStudioProjects\PaleobyLeoRecipes\app\build\intermediates\incremental\release\mergeReleaseResources\merged.dir\values-h550dp-port-v13\values-h550dp-port-v13.xml to C:\Users\leoja\AndroidStudioProjects\PaleobyLeoRecipes\app\build\intermediates\merged_res\release\values-h550dp-port-v13_values-h550dp-port-v13.arsc.flat
Compiling XML table C:\Users\leoja\AndroidStudioProjects\PaleobyLeoRecipes\app\build\intermediates\incremental\release\mergeReleaseResources\merged.dir\values-uz\values-uz.xml to C:\Users\leoja\AndroidStudioProjects\PaleobyLeoRecipes\app\build\intermediates\merged_res\release\values-uz_values-uz.arsc.flat
Compiling XML table C:\Users\leoja\AndroidStudioProjects\PaleobyLeoRecipes\app\build\intermediates\incremental\release\mergeReleaseResources\merged.dir\values-sw600dp-v13\values-sw600dp-v13.xml to C:\Users\leoja\AndroidStudioProjects\PaleobyLeoRecipes\app\build\intermediates\merged_res\release\values-sw600dp-v13_values-sw600dp-v13.arsc.flat
Compiling XML table C:\Users\leoja\AndroidStudioProjects\PaleobyLeoRecipes\app\build\intermediates\incremental\release\mergeReleaseResources\merged.dir\values-ka\values-ka.xml to C:\Users\leoja\AndroidStudioProjects\PaleobyLeoRecipes\app\build\intermediates\merged_res\release\values-ka_values-ka.arsc.flat
Compiling XML table C:\Users\leoja\AndroidStudioProjects\PaleobyLeoRecipes\app\build\intermediates\incremental\release\mergeReleaseResources\merged.dir\values-sw\values-sw.xml to C:\Users\leoja\AndroidStudioProjects\PaleobyLeoRecipes\app\build\intermediates\merged_res\release\values-sw_values-sw.arsc.flat
Compiling XML table C:\Users\leoja\AndroidStudioProjects\PaleobyLeoRecipes\app\build\intermediates\incremental\release\mergeReleaseResources\merged.dir\values-eu\values-eu.xml to C:\Users\leoja\AndroidStudioProjects\PaleobyLeoRecipes\app\build\intermediates\merged_res\release\values-eu_values-eu.arsc.flat
Compiling XML table C:\Users\leoja\AndroidStudioProjects\PaleobyLeoRecipes\app\build\intermediates\incremental\release\mergeReleaseResources\merged.dir\values-et\values-et.xml to C:\Users\leoja\AndroidStudioProjects\PaleobyLeoRecipes\app\build\intermediates\merged_res\release\values-et_values-et.arsc.flat
Compiling XML table C:\Users\leoja\AndroidStudioProjects\PaleobyLeoRecipes\app\build\intermediates\incremental\release\mergeReleaseResources\merged.dir\values-kk\values-kk.xml to C:\Users\leoja\AndroidStudioProjects\PaleobyLeoRecipes\app\build\intermediates\merged_res\release\values-kk_values-kk.arsc.flat
Compiling XML table C:\Users\leoja\AndroidStudioProjects\PaleobyLeoRecipes\app\build\intermediates\incremental\release\mergeReleaseResources\merged.dir\values-tl\values-tl.xml to C:\Users\leoja\AndroidStudioProjects\PaleobyLeoRecipes\app\build\intermediates\merged_res\release\values-tl_values-tl.arsc.flat
Compiling XML table C:\Users\leoja\AndroidStudioProjects\PaleobyLeoRecipes\app\build\intermediates\incremental\release\mergeReleaseResources\merged.dir\values-fa\values-fa.xml to C:\Users\leoja\AndroidStudioProjects\PaleobyLeoRecipes\app\build\intermediates\merged_res\release\values-fa_values-fa.arsc.flat
Compiling XML table C:\Users\leoja\AndroidStudioProjects\PaleobyLeoRecipes\app\build\intermediates\incremental\release\mergeReleaseResources\merged.dir\values-ne\values-ne.xml to C:\Users\leoja\AndroidStudioProjects\PaleobyLeoRecipes\app\build\intermediates\merged_res\release\values-ne_values-ne.arsc.flat
Compiling XML table C:\Users\leoja\AndroidStudioProjects\PaleobyLeoRecipes\app\build\intermediates\incremental\release\mergeReleaseResources\merged.dir\values-pt-rBR\values-pt-rBR.xml to C:\Users\leoja\AndroidStudioProjects\PaleobyLeoRecipes\app\build\intermediates\merged_res\release\values-pt-rBR_values-pt-rBR.arsc.flat
Compiling XML table C:\Users\leoja\AndroidStudioProjects\PaleobyLeoRecipes\app\build\intermediates\incremental\release\mergeReleaseResources\merged.dir\values-hdpi-v4\values-hdpi-v4.xml to C:\Users\leoja\AndroidStudioProjects\PaleobyLeoRecipes\app\build\intermediates\merged_res\release\values-hdpi-v4_values-hdpi-v4.arsc.flat
Compiling XML table C:\Users\leoja\AndroidStudioProjects\PaleobyLeoRecipes\app\build\intermediates\incremental\release\mergeReleaseResources\merged.dir\values-tr\values-tr.xml to C:\Users\leoja\AndroidStudioProjects\PaleobyLeoRecipes\app\build\intermediates\merged_res\release\values-tr_values-tr.arsc.flat
Compiling XML table C:\Users\leoja\AndroidStudioProjects\PaleobyLeoRecipes\app\build\intermediates\incremental\release\mergeReleaseResources\merged.dir\values-pa\values-pa.xml to C:\Users\leoja\AndroidStudioProjects\PaleobyLeoRecipes\app\build\intermediates\merged_res\release\values-pa_values-pa.arsc.flat
Compiling XML table C:\Users\leoja\AndroidStudioProjects\PaleobyLeoRecipes\app\build\intermediates\incremental\release\mergeReleaseResources\merged.dir\values-lv\values-lv.xml to C:\Users\leoja\AndroidStudioProjects\PaleobyLeoRecipes\app\build\intermediates\merged_res\release\values-lv_values-lv.arsc.flat
Compiling XML table C:\Users\leoja\AndroidStudioProjects\PaleobyLeoRecipes\app\build\intermediates\incremental\release\mergeReleaseResources\merged.dir\values-en-rGB\values-en-rGB.xml to C:\Users\leoja\AndroidStudioProjects\PaleobyLeoRecipes\app\build\intermediates\merged_res\release\values-en-rGB_values-en-rGB.arsc.flat
Compiling XML table C:\Users\leoja\AndroidStudioProjects\PaleobyLeoRecipes\app\build\intermediates\incremental\release\mergeReleaseResources\merged.dir\values-ldrtl-v17\values-ldrtl-v17.xml to C:\Users\leoja\AndroidStudioProjects\PaleobyLeoRecipes\app\build\intermediates\merged_res\release\values-ldrtl-v17_values-ldrtl-v17.arsc.flat
Compiling XML table C:\Users\leoja\AndroidStudioProjects\PaleobyLeoRecipes\app\build\intermediates\incremental\release\mergeReleaseResources\merged.dir\values-mr\values-mr.xml to C:\Users\leoja\AndroidStudioProjects\PaleobyLeoRecipes\app\build\intermediates\merged_res\release\values-mr_values-mr.arsc.flat
Compiling xml file C:\Users\leoja\AndroidStudioProjects\PaleobyLeoRecipes\app\build\intermediates\incremental\release\mergeReleaseResources\stripped.dir\layout\custom_popup_menu.xml to C:\Users\leoja\AndroidStudioProjects\PaleobyLeoRecipes\app\build\intermediates\merged_res\release\layout_custom_popup_menu.xml.flat
Compiling xml file C:\Users\leoja\AndroidStudioProjects\PaleobyLeoRecipes\app\src\main\res\drawable\paleo_header_image.xml to C:\Users\leoja\AndroidStudioProjects\PaleobyLeoRecipes\app\build\intermediates\merged_res\release\drawable_paleo_header_image.xml.flat
Compiling xml file C:\Users\leoja\AndroidStudioProjects\PaleobyLeoRecipes\app\src\main\res\drawable\header_background.xml to C:\Users\leoja\AndroidStudioProjects\PaleobyLeoRecipes\app\build\intermediates\merged_res\release\drawable_header_background.xml.flat
Compiling XML table C:\Users\leoja\AndroidStudioProjects\PaleobyLeoRecipes\app\build\intermediates\incremental\release\mergeReleaseResources\merged.dir\values-vi\values-vi.xml to C:\Users\leoja\AndroidStudioProjects\PaleobyLeoRecipes\app\build\intermediates\merged_res\release\values-vi_values-vi.arsc.flat
Compiling file C:\Users\leoja\AndroidStudioProjects\PaleobyLeoRecipes\app\src\main\res\mipmap-xxxhdpi\ic_launcher.webp to C:\Users\leoja\AndroidStudioProjects\PaleobyLeoRecipes\app\build\intermediates\merged_res\release\mipmap-xxxhdpi_ic_launcher.webp.flat
Compiling xml file C:\Users\leoja\AndroidStudioProjects\PaleobyLeoRecipes\app\src\main\res\drawable\orange_button_background.xml to C:\Users\leoja\AndroidStudioProjects\PaleobyLeoRecipes\app\build\intermediates\merged_res\release\drawable_orange_button_background.xml.flat
Compiling xml file C:\Users\leoja\AndroidStudioProjects\PaleobyLeoRecipes\app\src\main\res\mipmap-anydpi-v26\ic_launcher.xml to C:\Users\leoja\AndroidStudioProjects\PaleobyLeoRecipes\app\build\intermediates\merged_res\release\mipmap-anydpi-v26_ic_launcher.xml.flat
Compiling xml file C:\Users\leoja\AndroidStudioProjects\PaleobyLeoRecipes\app\build\intermediates\incremental\release\mergeReleaseResources\stripped.dir\layout\activity_recipe_list.xml to C:\Users\leoja\AndroidStudioProjects\PaleobyLeoRecipes\app\build\intermediates\merged_res\release\layout_activity_recipe_list.xml.flat
Compiling xml file C:\Users\leoja\AndroidStudioProjects\PaleobyLeoRecipes\app\build\intermediates\incremental\release\mergeReleaseResources\stripped.dir\layout\activity_main_simple.xml to C:\Users\leoja\AndroidStudioProjects\PaleobyLeoRecipes\app\build\intermediates\merged_res\release\layout_activity_main_simple.xml.flat
Compiling file C:\Users\leoja\AndroidStudioProjects\PaleobyLeoRecipes\app\src\main\res\mipmap-xxhdpi\ic_launcher_round.webp to C:\Users\leoja\AndroidStudioProjects\PaleobyLeoRecipes\app\build\intermediates\merged_res\release\mipmap-xxhdpi_ic_launcher_round.webp.flat

> Task :app:createReleaseCompatibleScreenManifests
Caching disabled for task ':app:createReleaseCompatibleScreenManifests' because:
  Build cache is disabled
Task ':app:createReleaseCompatibleScreenManifests' is not up-to-date because:
  Output property 'outputFolder' file C:\Users\leoja\AndroidStudioProjects\PaleobyLeoRecipes\app\build\intermediates\compatible_screen_manifest\release has been removed.
  Output property 'outputFolder' file C:\Users\leoja\AndroidStudioProjects\PaleobyLeoRecipes\app\build\intermediates\compatible_screen_manifest\release\output-metadata.json has been removed.
Resolve mutations for :app:extractDeepLinksRelease (Thread[#886,included builds,5,main]) started.
:app:extractDeepLinksRelease (Thread[#886,included builds,5,main]) started.

> Task :app:extractDeepLinksRelease
Caching disabled for task ':app:extractDeepLinksRelease' because:
  Build cache is disabled
Task ':app:extractDeepLinksRelease' is not up-to-date because:
  Output property 'navigationJson' file C:\Users\leoja\AndroidStudioProjects\PaleobyLeoRecipes\app\build\intermediates\navigation_json\release\navigation.json has been removed.
Resolve mutations for :app:processReleaseMainManifest (Thread[#886,included builds,5,main]) started.
:app:processReleaseMainManifest (Thread[#886,included builds,5,main]) started.

> Task :app:parseReleaseLocalResources
Transforming android.jar with PlatformAttrTransform
Transforming android.jar with PlatformAttrTransform
Caching disabled for task ':app:parseReleaseLocalResources' because:
  Build cache is disabled
Task ':app:parseReleaseLocalResources' is not up-to-date because:
  Output property 'librarySymbolsFile' file C:\Users\leoja\AndroidStudioProjects\PaleobyLeoRecipes\app\build\intermediates\local_only_symbol_list\release\R-def.txt has been removed.
The input changes require a full rebuild for incremental task ':app:parseReleaseLocalResources'.
Transforming android.jar with PlatformAttrTransform

> Task :app:processReleaseMainManifest
Caching disabled for task ':app:processReleaseMainManifest' because:
  Build cache is disabled
Task ':app:processReleaseMainManifest' is not up-to-date because:
  Output property 'mergeBlameFile' file C:\Users\leoja\AndroidStudioProjects\PaleobyLeoRecipes\app\build\intermediates\manifest_merge_blame_file\release\manifest-merger-blame-release-report.txt has been removed.
  Output property 'mergedManifest' file C:\Users\leoja\AndroidStudioProjects\PaleobyLeoRecipes\app\build\intermediates\merged_manifest\release\AndroidManifest.xml has been removed.
  Output property 'reportFile' file C:\Users\leoja\AndroidStudioProjects\PaleobyLeoRecipes\app\build\outputs\logs\manifest-merger-release-report.txt has been removed.
package="com.leo.paleorecipes" found in source AndroidManifest.xml: C:\Users\leoja\AndroidStudioProjects\PaleobyLeoRecipes\app\src\main\AndroidManifest.xml.
Setting the namespace via the package attribute in the source AndroidManifest.xml is no longer supported, and the value is ignored.
Recommendation: remove package="com.leo.paleorecipes" from the source AndroidManifest.xml: C:\Users\leoja\AndroidStudioProjects\PaleobyLeoRecipes\app\src\main\AndroidManifest.xml.
Loading library manifest C:\Users\leoja\.gradle\caches\transforms-3\14064e201b1de40fda9b081377f6e488\transformed\databinding-adapters-8.1.0\AndroidManifest.xml
Loading library manifest C:\Users\leoja\.gradle\caches\transforms-3\cc6ca4f675f959110c93daa8cee02d1b\transformed\databinding-ktx-8.1.0\AndroidManifest.xml
Loading library manifest C:\Users\leoja\.gradle\caches\transforms-3\e470f82a1f0c4178035e20ce08c12ca9\transformed\databinding-runtime-8.1.0\AndroidManifest.xml
Loading library manifest C:\Users\leoja\.gradle\caches\transforms-3\5e0b2380f6d7d68cc9df053b94ac9992\transformed\viewbinding-8.1.0\AndroidManifest.xml
Loading library manifest C:\Users\leoja\.gradle\caches\transforms-3\2714c82a082737ffa9da01780c26150c\transformed\navigation-common-2.7.6\AndroidManifest.xml
Loading library manifest C:\Users\leoja\.gradle\caches\transforms-3\a1d5e3d967f2708e976cef78cf5f76e3\transformed\navigation-common-ktx-2.7.6\AndroidManifest.xml
Loading library manifest C:\Users\leoja\.gradle\caches\transforms-3\236c83e332d5a4423522aee5e46e7dec\transformed\navigation-runtime-2.7.6\AndroidManifest.xml
Loading library manifest C:\Users\leoja\.gradle\caches\transforms-3\8cf60be7da10adcd129c91a3ce3ca29b\transformed\navigation-runtime-ktx-2.7.6\AndroidManifest.xml
Loading library manifest C:\Users\leoja\.gradle\caches\transforms-3\d10f0b356b2af4f00d07bb1656a0481b\transformed\navigation-fragment-2.7.6\AndroidManifest.xml
Loading library manifest C:\Users\leoja\.gradle\caches\transforms-3\5712002f34f19e09a609bf55fcfbd31d\transformed\navigation-fragment-ktx-2.7.6\AndroidManifest.xml
Loading library manifest C:\Users\leoja\.gradle\caches\transforms-3\e3aa5abe28a97ef123fa97800f7f6a29\transformed\navigation-ui-ktx-2.7.6\AndroidManifest.xml
Loading library manifest C:\Users\leoja\.gradle\caches\transforms-3\b296f4a7191d092a465fb651af9ac43b\transformed\navigation-ui-2.7.6\AndroidManifest.xml
Loading library manifest C:\Users\leoja\.gradle\caches\transforms-3\b3a63a9a2b774a8b17f1b32495aae9b3\transformed\material-1.11.0\AndroidManifest.xml
Loading library manifest C:\Users\leoja\.gradle\caches\transforms-3\d7e8fed87d67aba9aa6b8a88dae0e7eb\transformed\constraintlayout-2.1.4\AndroidManifest.xml
Loading library manifest C:\Users\leoja\.gradle\caches\transforms-3\3459a60bb437fc421a277d0fdf0f3916\transformed\appcompat-resources-1.6.1\AndroidManifest.xml
Loading library manifest C:\Users\leoja\.gradle\caches\transforms-3\cbf131f77e13308a0d9bf62592249a9e\transformed\appcompat-1.6.1\AndroidManifest.xml
Loading library manifest C:\Users\leoja\.gradle\caches\transforms-3\504e4670a3037f0daebc63c2f3598d5c\transformed\hilt-work-1.0.0\AndroidManifest.xml
Loading library manifest C:\Users\leoja\.gradle\caches\transforms-3\7c806d19067bb21bc32d2fc921fb2e48\transformed\hilt-android-2.46.1\AndroidManifest.xml
Loading library manifest C:\Users\leoja\.gradle\caches\transforms-3\5ce0cff40e3c2af0dcb58b65ecfe8dd0\transformed\okhttp3-integration-4.16.0\AndroidManifest.xml
Loading library manifest C:\Users\leoja\.gradle\caches\transforms-3\d4bae34c4bfbfbfb2fb8a61530ba7227\transformed\glide-4.16.0\AndroidManifest.xml
Loading library manifest C:\Users\leoja\.gradle\caches\transforms-3\d6a8e293de5d35461ab5d490347f7736\transformed\viewpager2-1.0.0\AndroidManifest.xml
Loading library manifest C:\Users\leoja\.gradle\caches\transforms-3\d0f7169f96f0bdb9ffc229f564133a0f\transformed\fragment-1.6.2\AndroidManifest.xml
Loading library manifest C:\Users\leoja\.gradle\caches\transforms-3\2e5b0b9eab0449692cb84fc57b78244e\transformed\fragment-ktx-1.6.2\AndroidManifest.xml
Loading library manifest C:\Users\leoja\.gradle\caches\transforms-3\419e3e1901e32b15482f3b29062c90b4\transformed\material3-1.1.2\AndroidManifest.xml
Loading library manifest C:\Users\leoja\.gradle\caches\transforms-3\436160d5767548f280ad36cfa07ab224\transformed\activity-1.8.2\AndroidManifest.xml
Loading library manifest C:\Users\leoja\.gradle\caches\transforms-3\901d195ce9e85f1f12ef9ccd55a4bd80\transformed\activity-compose-1.8.2\AndroidManifest.xml
Loading library manifest C:\Users\leoja\.gradle\caches\transforms-3\c239755b7c1ca447474875f25a0a4c3c\transformed\animation-core-release\AndroidManifest.xml
Loading library manifest C:\Users\leoja\.gradle\caches\transforms-3\8b07cc7a9040ccdb94156807ca1b0311\transformed\material-icons-core-release\AndroidManifest.xml
Loading library manifest C:\Users\leoja\.gradle\caches\transforms-3\93361739f3567c836c4671fe5206c901\transformed\material-ripple-release\AndroidManifest.xml
Loading library manifest C:\Users\leoja\.gradle\caches\transforms-3\78e6802418a39279b8ae2d9b8bceb1de\transformed\animation-release\AndroidManifest.xml
Loading library manifest C:\Users\leoja\.gradle\caches\transforms-3\78a012b46ce69061eaf40cbc8c173806\transformed\foundation-layout-release\AndroidManifest.xml
Loading library manifest C:\Users\leoja\.gradle\caches\transforms-3\8077e1434be1177b43bba538535eb908\transformed\foundation-release\AndroidManifest.xml
Loading library manifest C:\Users\leoja\.gradle\caches\transforms-3\f10a5347b1d9a15d81d4f9c1bf78c34c\transformed\ui-unit-release\AndroidManifest.xml
Loading library manifest C:\Users\leoja\.gradle\caches\transforms-3\100beba33468d35b16c0b1fc86e1d178\transformed\ui-geometry-release\AndroidManifest.xml
Loading library manifest C:\Users\leoja\.gradle\caches\transforms-3\288bbda3d8dbf1f06f77d247821ba199\transformed\ui-util-release\AndroidManifest.xml
Loading library manifest C:\Users\leoja\.gradle\caches\transforms-3\9fe93ab869f50532ae0623f60abd6036\transformed\ui-text-release\AndroidManifest.xml
Loading library manifest C:\Users\leoja\.gradle\caches\transforms-3\04cd932421d6a27b9b5a43d874924c89\transformed\ui-graphics-release\AndroidManifest.xml
Loading library manifest C:\Users\leoja\.gradle\caches\transforms-3\3dbd9cc583d8f3ad2b6379db92c5feac\transformed\ui-tooling-preview-release\AndroidManifest.xml
Loading library manifest C:\Users\leoja\.gradle\caches\transforms-3\dd1be727feadbd9092e23b75c0a3cfd9\transformed\runtime-saveable-release\AndroidManifest.xml
Loading library manifest C:\Users\leoja\.gradle\caches\transforms-3\8f3e3add6d5b411df13554f3bf7a7e2c\transformed\runtime-release\AndroidManifest.xml
Loading library manifest C:\Users\leoja\.gradle\caches\transforms-3\d6b82455e4b6383a77f14cf2e17f7999\transformed\runtime-livedata-1.5.4\AndroidManifest.xml
Loading library manifest C:\Users\leoja\.gradle\caches\transforms-3\7eb36a90c111ba05d00b7dc6c5a24bee\transformed\drawerlayout-1.1.1\AndroidManifest.xml
Loading library manifest C:\Users\leoja\.gradle\caches\transforms-3\3f004df402b28b88c0e1e6be4b24b216\transformed\coordinatorlayout-1.1.0\AndroidManifest.xml
Loading library manifest C:\Users\leoja\.gradle\caches\transforms-3\b6ab90af8a6554a65ffc71ef22e696bd\transformed\dynamicanimation-1.0.0\AndroidManifest.xml
Loading library manifest C:\Users\leoja\.gradle\caches\transforms-3\43e612189affbe41167bc736dc61ea0d\transformed\vectordrawable-animated-1.1.0\AndroidManifest.xml
Loading library manifest C:\Users\leoja\.gradle\caches\transforms-3\b60d9776a318f803d2f6a0e13b53b7a6\transformed\vectordrawable-1.1.0\AndroidManifest.xml
Loading library manifest C:\Users\leoja\.gradle\caches\transforms-3\74cfe666c5924228ee847b885ee91921\transformed\work-runtime-ktx-2.9.0\AndroidManifest.xml
Loading library manifest C:\Users\leoja\.gradle\caches\transforms-3\706a100263659bc74b0458d975b414a2\transformed\work-runtime-2.9.0\AndroidManifest.xml
Loading library manifest C:\Users\leoja\.gradle\caches\transforms-3\0580b914d69a876aa72a464764e45420\transformed\recyclerview-1.1.0\AndroidManifest.xml
Loading library manifest C:\Users\leoja\.gradle\caches\transforms-3\20d971b17385f950352804dd8a0530bf\transformed\viewpager-1.0.0\AndroidManifest.xml
Loading library manifest C:\Users\leoja\.gradle\caches\transforms-3\68f5aaa3c8a4f6059d56dbc04ef022bd\transformed\slidingpanelayout-1.2.0\AndroidManifest.xml
Loading library manifest C:\Users\leoja\.gradle\caches\transforms-3\fb2ba697ca56d6dbac1550cd27fdcbf4\transformed\customview-1.1.0\AndroidManifest.xml
Loading library manifest C:\Users\leoja\.gradle\caches\transforms-3\bb49a71f1ceeaec0a3dcb124add14214\transformed\legacy-support-core-utils-1.0.0\AndroidManifest.xml
Loading library manifest C:\Users\leoja\.gradle\caches\transforms-3\a3a3c80d634a443849d6b0904dee80c5\transformed\loader-1.0.0\AndroidManifest.xml
Loading library manifest C:\Users\leoja\.gradle\caches\transforms-3\a4cddad19bdc0b96cc867edbdf821bf1\transformed\transition-1.4.1\AndroidManifest.xml
Loading library manifest C:\Users\leoja\.gradle\caches\transforms-3\47776d6760bbd0443caff3d2f36791e9\transformed\window-1.0.0\AndroidManifest.xml
Loading library manifest C:\Users\leoja\.gradle\caches\transforms-3\aea32d68f2110664717df451b2a1584f\transformed\autofill-1.0.0\AndroidManifest.xml
Loading library manifest C:\Users\leoja\.gradle\caches\transforms-3\1624012b3125f91d36156e267ad5d786\transformed\emoji2-views-helper-1.4.0\AndroidManifest.xml
Loading library manifest C:\Users\leoja\.gradle\caches\transforms-3\272ec94fde1d246c280a28c1d7a1ceea\transformed\emoji2-1.4.0\AndroidManifest.xml
Loading library manifest C:\Users\leoja\.gradle\caches\transforms-3\088eb212d646f389c825bd4c5e7fdd1f\transformed\core-1.12.0\AndroidManifest.xml
Loading library manifest C:\Users\leoja\.gradle\caches\transforms-3\9e7c597810c729a9eb628ac3df661e98\transformed\lifecycle-livedata-core-2.7.0\AndroidManifest.xml
Loading library manifest C:\Users\leoja\.gradle\caches\transforms-3\17f0647cfea601c4e7ea4c729e91f882\transformed\savedstate-ktx-1.2.1\AndroidManifest.xml
Loading library manifest C:\Users\leoja\.gradle\caches\transforms-3\25915f7941d3fb28bd51d744d1b4e871\transformed\savedstate-1.2.1\AndroidManifest.xml
Loading library manifest C:\Users\leoja\.gradle\caches\transforms-3\fad89d2e8895aa78ed833a9f1cdf82d3\transformed\lifecycle-viewmodel-savedstate-2.7.0\AndroidManifest.xml
Loading library manifest C:\Users\leoja\.gradle\caches\transforms-3\2d192b39c45c9be12e3e86c25822c88f\transformed\lifecycle-livedata-core-ktx-2.7.0\AndroidManifest.xml
Loading library manifest C:\Users\leoja\.gradle\caches\transforms-3\210b2a5eaabd6ad65a445499a19d4f71\transformed\lifecycle-viewmodel-2.7.0\AndroidManifest.xml
Loading library manifest C:\Users\leoja\.gradle\caches\transforms-3\4914f753452d965e8097e1e73f6182da\transformed\lifecycle-service-2.7.0\AndroidManifest.xml
Loading library manifest C:\Users\leoja\.gradle\caches\transforms-3\cb927df543541c8a216d0eb92f8cc21d\transformed\lifecycle-runtime-ktx-2.7.0\AndroidManifest.xml
Loading library manifest C:\Users\leoja\.gradle\caches\transforms-3\48a73b44c8dc6709438b9e5780f4b74c\transformed\lifecycle-runtime-2.7.0\AndroidManifest.xml
Loading library manifest C:\Users\leoja\.gradle\caches\transforms-3\cd1c1fd4bf9e122c9195ada44580b602\transformed\lifecycle-process-2.7.0\AndroidManifest.xml
Loading library manifest C:\Users\leoja\.gradle\caches\transforms-3\96e7c4ab22517041953379849284f5e5\transformed\lifecycle-livedata-2.7.0\AndroidManifest.xml
Loading library manifest C:\Users\leoja\.gradle\caches\transforms-3\467f039e2704c87efb939d04037abec3\transformed\lifecycle-viewmodel-ktx-2.7.0\AndroidManifest.xml
Loading library manifest C:\Users\leoja\.gradle\caches\transforms-3\070fd23a21a49c3cd4a4f207870371f8\transformed\lifecycle-livedata-ktx-2.7.0\AndroidManifest.xml
Loading library manifest C:\Users\leoja\.gradle\caches\transforms-3\5a5f440cd906c4e3146eae0e72143633\transformed\lifecycle-viewmodel-compose-2.7.0\AndroidManifest.xml
Loading library manifest C:\Users\leoja\.gradle\caches\transforms-3\315ac174f239147d5fc7262c22fe26ab\transformed\ui-release\AndroidManifest.xml
Loading library manifest C:\Users\leoja\.gradle\caches\transforms-3\d7eb4f146a7165dabe8edf10daacf97e\transformed\activity-ktx-1.8.2\AndroidManifest.xml
Loading library manifest C:\Users\leoja\.gradle\caches\transforms-3\2efabd8139cdc9d00f5f071a41f31a1a\transformed\customview-poolingcontainer-1.0.0\AndroidManifest.xml
Loading library manifest C:\Users\leoja\.gradle\caches\transforms-3\5673a2e71ac3fc12d5fd78fe396c1755\transformed\core-ktx-1.12.0\AndroidManifest.xml
Loading library manifest C:\Users\leoja\.gradle\caches\transforms-3\8186126d8c71cdd25c37a60a16a75937\transformed\room-runtime-2.6.1\AndroidManifest.xml
Loading library manifest C:\Users\leoja\.gradle\caches\transforms-3\e95fcc200bf0b45e9f304baf490fbaef\transformed\room-ktx-2.6.1\AndroidManifest.xml
Loading library manifest C:\Users\leoja\.gradle\caches\transforms-3\7e0c9d8a03659f0df04779d02b68a930\transformed\timber-5.0.1\AndroidManifest.xml
Loading library manifest C:\Users\leoja\.gradle\caches\transforms-3\d5353131e86f74baf27c8efbcd863d74\transformed\sqlite-framework-2.4.0\AndroidManifest.xml
Loading library manifest C:\Users\leoja\.gradle\caches\transforms-3\b7d5ce0362de9abaac6fd1119f60b5ac\transformed\sqlite-2.4.0\AndroidManifest.xml
Loading library manifest C:\Users\leoja\.gradle\caches\transforms-3\78cf9a6ba524318a5f1c6d5fc6035ec2\transformed\annotation-experimental-1.3.0\AndroidManifest.xml
Loading library manifest C:\Users\leoja\.gradle\caches\transforms-3\d8e8421553691949d3028ac40e01d759\transformed\cursoradapter-1.0.0\AndroidManifest.xml
Loading library manifest C:\Users\leoja\.gradle\caches\transforms-3\ec1826456eb96ae2401a1557fe84222e\transformed\cardview-1.0.0\AndroidManifest.xml
Loading library manifest C:\Users\leoja\.gradle\caches\transforms-3\1c19c85ee82b8b862a8393752b070335\transformed\core-runtime-2.2.0\AndroidManifest.xml
Loading library manifest C:\Users\leoja\.gradle\caches\transforms-3\0b7ba2b2e61e7ad4878f12873d849fe4\transformed\gifdecoder-4.16.0\AndroidManifest.xml
Loading library manifest C:\Users\leoja\.gradle\caches\transforms-3\55ec07be550d84b7ca0c6b36a1c0281a\transformed\exifinterface-1.3.6\AndroidManifest.xml
Loading library manifest C:\Users\leoja\.gradle\caches\transforms-3\82b9ff31f05292c4c837ee6a01220b3e\transformed\profileinstaller-1.3.0\AndroidManifest.xml
Loading library manifest C:\Users\leoja\.gradle\caches\transforms-3\49d75f2284c2086643173a5813040094\transformed\startup-runtime-1.1.1\AndroidManifest.xml
Loading library manifest C:\Users\leoja\.gradle\caches\transforms-3\b5c3517e648ce9dbc63a8ee357538a5c\transformed\tracing-1.0.0\AndroidManifest.xml
Loading library manifest C:\Users\leoja\.gradle\caches\transforms-3\dce9f319ad73877eb6368e795fb550aa\transformed\interpolator-1.0.0\AndroidManifest.xml
Loading library manifest C:\Users\leoja\.gradle\caches\transforms-3\2fc8e72975edb238ddf6f525e75f99f5\transformed\versionedparcelable-1.1.1\AndroidManifest.xml
Loading library manifest C:\Users\leoja\.gradle\caches\transforms-3\cb20ea70c54887042eb826a65a1a9c8e\transformed\documentfile-1.0.0\AndroidManifest.xml
Loading library manifest C:\Users\leoja\.gradle\caches\transforms-3\35968ac95bd8b03eb8dc8460a247890a\transformed\localbroadcastmanager-1.0.0\AndroidManifest.xml
Loading library manifest C:\Users\leoja\.gradle\caches\transforms-3\10bd21a96d9950d86856966722785910\transformed\print-1.0.0\AndroidManifest.xml
Loading library manifest C:\Users\leoja\.gradle\caches\transforms-3\eb15450c3846bb42514ee0db524fa39c\transformed\dagger-lint-aar-2.46.1\AndroidManifest.xml
Merging main manifest C:\Users\leoja\AndroidStudioProjects\PaleobyLeoRecipes\app\src\main\AndroidManifest.xml

Merging library manifest C:\Users\leoja\.gradle\caches\transforms-3\14064e201b1de40fda9b081377f6e488\transformed\databinding-adapters-8.1.0\AndroidManifest.xml
Merging manifest with lower [androidx.databinding:databinding-adapters:8.1.0] AndroidManifest.xml:2:1-7:12
uses-sdk defined in both files...
Merging uses-sdk with lower [androidx.databinding:databinding-adapters:8.1.0] AndroidManifest.xml:5:5-44
Merging library manifest C:\Users\leoja\.gradle\caches\transforms-3\cc6ca4f675f959110c93daa8cee02d1b\transformed\databinding-ktx-8.1.0\AndroidManifest.xml
Merging manifest with lower [androidx.databinding:databinding-ktx:8.1.0] AndroidManifest.xml:2:1-7:12
uses-sdk defined in both files...
Merging uses-sdk with lower [androidx.databinding:databinding-ktx:8.1.0] AndroidManifest.xml:5:5-44
Merging library manifest C:\Users\leoja\.gradle\caches\transforms-3\e470f82a1f0c4178035e20ce08c12ca9\transformed\databinding-runtime-8.1.0\AndroidManifest.xml
Merging manifest with lower [androidx.databinding:databinding-runtime:8.1.0] AndroidManifest.xml:2:1-7:12
uses-sdk defined in both files...
Merging uses-sdk with lower [androidx.databinding:databinding-runtime:8.1.0] AndroidManifest.xml:5:5-44
Merging library manifest C:\Users\leoja\.gradle\caches\transforms-3\5e0b2380f6d7d68cc9df053b94ac9992\transformed\viewbinding-8.1.0\AndroidManifest.xml
Merging manifest with lower [androidx.databinding:viewbinding:8.1.0] AndroidManifest.xml:2:1-7:12
uses-sdk defined in both files...
Merging uses-sdk with lower [androidx.databinding:viewbinding:8.1.0] AndroidManifest.xml:5:5-44
Merging library manifest C:\Users\leoja\.gradle\caches\transforms-3\2714c82a082737ffa9da01780c26150c\transformed\navigation-common-2.7.6\AndroidManifest.xml
Merging manifest with lower [androidx.navigation:navigation-common:2.7.6] AndroidManifest.xml:17:1-22:12
uses-sdk defined in both files...
Merging uses-sdk with lower [androidx.navigation:navigation-common:2.7.6] AndroidManifest.xml:20:5-44
Merging library manifest C:\Users\leoja\.gradle\caches\transforms-3\a1d5e3d967f2708e976cef78cf5f76e3\transformed\navigation-common-ktx-2.7.6\AndroidManifest.xml
Merging manifest with lower [androidx.navigation:navigation-common-ktx:2.7.6] AndroidManifest.xml:2:1-7:12
uses-sdk defined in both files...
Merging uses-sdk with lower [androidx.navigation:navigation-common-ktx:2.7.6] AndroidManifest.xml:5:5-44
Merging library manifest C:\Users\leoja\.gradle\caches\transforms-3\236c83e332d5a4423522aee5e46e7dec\transformed\navigation-runtime-2.7.6\AndroidManifest.xml
Merging manifest with lower [androidx.navigation:navigation-runtime:2.7.6] AndroidManifest.xml:17:1-22:12
uses-sdk defined in both files...
Merging uses-sdk with lower [androidx.navigation:navigation-runtime:2.7.6] AndroidManifest.xml:20:5-44
Merging library manifest C:\Users\leoja\.gradle\caches\transforms-3\8cf60be7da10adcd129c91a3ce3ca29b\transformed\navigation-runtime-ktx-2.7.6\AndroidManifest.xml
Merging manifest with lower [androidx.navigation:navigation-runtime-ktx:2.7.6] AndroidManifest.xml:2:1-7:12
uses-sdk defined in both files...
Merging uses-sdk with lower [androidx.navigation:navigation-runtime-ktx:2.7.6] AndroidManifest.xml:5:5-44
Merging library manifest C:\Users\leoja\.gradle\caches\transforms-3\d10f0b356b2af4f00d07bb1656a0481b\transformed\navigation-fragment-2.7.6\AndroidManifest.xml
Merging manifest with lower [androidx.navigation:navigation-fragment:2.7.6] AndroidManifest.xml:17:1-22:12
uses-sdk defined in both files...
Merging uses-sdk with lower [androidx.navigation:navigation-fragment:2.7.6] AndroidManifest.xml:20:5-44
Merging library manifest C:\Users\leoja\.gradle\caches\transforms-3\5712002f34f19e09a609bf55fcfbd31d\transformed\navigation-fragment-ktx-2.7.6\AndroidManifest.xml
Merging manifest with lower [androidx.navigation:navigation-fragment-ktx:2.7.6] AndroidManifest.xml:2:1-7:12
uses-sdk defined in both files...
Merging uses-sdk with lower [androidx.navigation:navigation-fragment-ktx:2.7.6] AndroidManifest.xml:5:5-44
Merging library manifest C:\Users\leoja\.gradle\caches\transforms-3\e3aa5abe28a97ef123fa97800f7f6a29\transformed\navigation-ui-ktx-2.7.6\AndroidManifest.xml
Merging manifest with lower [androidx.navigation:navigation-ui-ktx:2.7.6] AndroidManifest.xml:2:1-7:12
uses-sdk defined in both files...
Merging uses-sdk with lower [androidx.navigation:navigation-ui-ktx:2.7.6] AndroidManifest.xml:5:5-44
Merging library manifest C:\Users\leoja\.gradle\caches\transforms-3\b296f4a7191d092a465fb651af9ac43b\transformed\navigation-ui-2.7.6\AndroidManifest.xml
Merging manifest with lower [androidx.navigation:navigation-ui:2.7.6] AndroidManifest.xml:17:1-22:12
uses-sdk defined in both files...
Merging uses-sdk with lower [androidx.navigation:navigation-ui:2.7.6] AndroidManifest.xml:20:5-44
Merging library manifest C:\Users\leoja\.gradle\caches\transforms-3\b3a63a9a2b774a8b17f1b32495aae9b3\transformed\material-1.11.0\AndroidManifest.xml
Merging manifest with lower [com.google.android.material:material:1.11.0] AndroidManifest.xml:17:1-24:12
uses-sdk defined in both files...
Merging uses-sdk with lower [com.google.android.material:material:1.11.0] AndroidManifest.xml:20:5-44
application defined in both files...
Merging application with lower [com.google.android.material:material:1.11.0] AndroidManifest.xml:22:5-20
Merging library manifest C:\Users\leoja\.gradle\caches\transforms-3\d7e8fed87d67aba9aa6b8a88dae0e7eb\transformed\constraintlayout-2.1.4\AndroidManifest.xml
Merging manifest with lower [androidx.constraintlayout:constraintlayout:2.1.4] AndroidManifest.xml:2:1-11:12
uses-sdk defined in both files...
Merging uses-sdk with lower [androidx.constraintlayout:constraintlayout:2.1.4] AndroidManifest.xml:5:5-7:41
application defined in both files...
Merging application with lower [androidx.constraintlayout:constraintlayout:2.1.4] AndroidManifest.xml:9:5-20
Merging library manifest C:\Users\leoja\.gradle\caches\transforms-3\3459a60bb437fc421a277d0fdf0f3916\transformed\appcompat-resources-1.6.1\AndroidManifest.xml
Merging manifest with lower [androidx.appcompat:appcompat-resources:1.6.1] AndroidManifest.xml:17:1-22:12
uses-sdk defined in both files...
Merging uses-sdk with lower [androidx.appcompat:appcompat-resources:1.6.1] AndroidManifest.xml:20:5-44
Merging library manifest C:\Users\leoja\.gradle\caches\transforms-3\cbf131f77e13308a0d9bf62592249a9e\transformed\appcompat-1.6.1\AndroidManifest.xml
Merging manifest with lower [androidx.appcompat:appcompat:1.6.1] AndroidManifest.xml:17:1-22:12
uses-sdk defined in both files...
Merging uses-sdk with lower [androidx.appcompat:appcompat:1.6.1] AndroidManifest.xml:20:5-44
Merging library manifest C:\Users\leoja\.gradle\caches\transforms-3\504e4670a3037f0daebc63c2f3598d5c\transformed\hilt-work-1.0.0\AndroidManifest.xml
Merging manifest with lower [androidx.hilt:hilt-work:1.0.0] AndroidManifest.xml:17:1-24:12
uses-sdk defined in both files...
Merging uses-sdk with lower [androidx.hilt:hilt-work:1.0.0] AndroidManifest.xml:20:5-22:41
Merging library manifest C:\Users\leoja\.gradle\caches\transforms-3\7c806d19067bb21bc32d2fc921fb2e48\transformed\hilt-android-2.46.1\AndroidManifest.xml
Merging manifest with lower [com.google.dagger:hilt-android:2.46.1] AndroidManifest.xml:16:1-19:12
uses-sdk defined in both files...
Merging uses-sdk with lower [com.google.dagger:hilt-android:2.46.1] AndroidManifest.xml:18:3-42
Merging library manifest C:\Users\leoja\.gradle\caches\transforms-3\5ce0cff40e3c2af0dcb58b65ecfe8dd0\transformed\okhttp3-integration-4.16.0\AndroidManifest.xml
Merging manifest with lower [com.github.bumptech.glide:okhttp3-integration:4.16.0] AndroidManifest.xml:2:1-15:12
uses-sdk defined in both files...
Merging uses-sdk with lower [com.github.bumptech.glide:okhttp3-integration:4.16.0] AndroidManifest.xml:5:5-7:41
application defined in both files...
Merging application with lower [com.github.bumptech.glide:okhttp3-integration:4.16.0] AndroidManifest.xml:9:5-13:19
Adopted [meta-data: null]
Merging library manifest C:\Users\leoja\.gradle\caches\transforms-3\d4bae34c4bfbfbfb2fb8a61530ba7227\transformed\glide-4.16.0\AndroidManifest.xml
Merging manifest with lower [com.github.bumptech.glide:glide:4.16.0] AndroidManifest.xml:2:1-9:12
uses-sdk defined in both files...
Merging uses-sdk with lower [com.github.bumptech.glide:glide:4.16.0] AndroidManifest.xml:5:5-7:41
Merging library manifest C:\Users\leoja\.gradle\caches\transforms-3\d6a8e293de5d35461ab5d490347f7736\transformed\viewpager2-1.0.0\AndroidManifest.xml
Merging manifest with lower [androidx.viewpager2:viewpager2:1.0.0] AndroidManifest.xml:17:1-24:12
uses-sdk defined in both files...
Merging uses-sdk with lower [androidx.viewpager2:viewpager2:1.0.0] AndroidManifest.xml:20:5-22:41
Merging library manifest C:\Users\leoja\.gradle\caches\transforms-3\d0f7169f96f0bdb9ffc229f564133a0f\transformed\fragment-1.6.2\AndroidManifest.xml
Merging manifest with lower [androidx.fragment:fragment:1.6.2] AndroidManifest.xml:17:1-22:12
uses-sdk defined in both files...
Merging uses-sdk with lower [androidx.fragment:fragment:1.6.2] AndroidManifest.xml:20:5-44
Merging library manifest C:\Users\leoja\.gradle\caches\transforms-3\2e5b0b9eab0449692cb84fc57b78244e\transformed\fragment-ktx-1.6.2\AndroidManifest.xml
Merging manifest with lower [androidx.fragment:fragment-ktx:1.6.2] AndroidManifest.xml:17:1-22:12
uses-sdk defined in both files...
Merging uses-sdk with lower [androidx.fragment:fragment-ktx:1.6.2] AndroidManifest.xml:20:5-44
Merging library manifest C:\Users\leoja\.gradle\caches\transforms-3\419e3e1901e32b15482f3b29062c90b4\transformed\material3-1.1.2\AndroidManifest.xml
Merging manifest with lower [androidx.compose.material3:material3:1.1.2] AndroidManifest.xml:17:1-22:12
uses-sdk defined in both files...
Merging uses-sdk with lower [androidx.compose.material3:material3:1.1.2] AndroidManifest.xml:20:5-44
Merging library manifest C:\Users\leoja\.gradle\caches\transforms-3\436160d5767548f280ad36cfa07ab224\transformed\activity-1.8.2\AndroidManifest.xml
Merging manifest with lower [androidx.activity:activity:1.8.2] AndroidManifest.xml:17:1-22:12
uses-sdk defined in both files...
Merging uses-sdk with lower [androidx.activity:activity:1.8.2] AndroidManifest.xml:20:5-44
Merging library manifest C:\Users\leoja\.gradle\caches\transforms-3\901d195ce9e85f1f12ef9ccd55a4bd80\transformed\activity-compose-1.8.2\AndroidManifest.xml
Merging manifest with lower [androidx.activity:activity-compose:1.8.2] AndroidManifest.xml:2:1-7:12
uses-sdk defined in both files...
Merging uses-sdk with lower [androidx.activity:activity-compose:1.8.2] AndroidManifest.xml:5:5-44
Merging library manifest C:\Users\leoja\.gradle\caches\transforms-3\c239755b7c1ca447474875f25a0a4c3c\transformed\animation-core-release\AndroidManifest.xml
Merging manifest with lower [androidx.compose.animation:animation-core-android:1.5.4] AndroidManifest.xml:2:1-7:12
uses-sdk defined in both files...
Merging uses-sdk with lower [androidx.compose.animation:animation-core-android:1.5.4] AndroidManifest.xml:5:5-44
Merging library manifest C:\Users\leoja\.gradle\caches\transforms-3\8b07cc7a9040ccdb94156807ca1b0311\transformed\material-icons-core-release\AndroidManifest.xml
Merging manifest with lower [androidx.compose.material:material-icons-core-android:1.5.4] AndroidManifest.xml:2:1-7:12
uses-sdk defined in both files...
Merging uses-sdk with lower [androidx.compose.material:material-icons-core-android:1.5.4] AndroidManifest.xml:5:5-44
Merging library manifest C:\Users\leoja\.gradle\caches\transforms-3\93361739f3567c836c4671fe5206c901\transformed\material-ripple-release\AndroidManifest.xml
Merging manifest with lower [androidx.compose.material:material-ripple-android:1.5.4] AndroidManifest.xml:2:1-7:12
uses-sdk defined in both files...
Merging uses-sdk with lower [androidx.compose.material:material-ripple-android:1.5.4] AndroidManifest.xml:5:5-44
Merging library manifest C:\Users\leoja\.gradle\caches\transforms-3\78e6802418a39279b8ae2d9b8bceb1de\transformed\animation-release\AndroidManifest.xml
Merging manifest with lower [androidx.compose.animation:animation-android:1.5.4] AndroidManifest.xml:2:1-7:12
uses-sdk defined in both files...
Merging uses-sdk with lower [androidx.compose.animation:animation-android:1.5.4] AndroidManifest.xml:5:5-44
Merging library manifest C:\Users\leoja\.gradle\caches\transforms-3\78a012b46ce69061eaf40cbc8c173806\transformed\foundation-layout-release\AndroidManifest.xml
Merging manifest with lower [androidx.compose.foundation:foundation-layout-android:1.5.4] AndroidManifest.xml:2:1-7:12
uses-sdk defined in both files...
Merging uses-sdk with lower [androidx.compose.foundation:foundation-layout-android:1.5.4] AndroidManifest.xml:5:5-44
Merging library manifest C:\Users\leoja\.gradle\caches\transforms-3\8077e1434be1177b43bba538535eb908\transformed\foundation-release\AndroidManifest.xml
Merging manifest with lower [androidx.compose.foundation:foundation-android:1.5.4] AndroidManifest.xml:2:1-7:12
uses-sdk defined in both files...
Merging uses-sdk with lower [androidx.compose.foundation:foundation-android:1.5.4] AndroidManifest.xml:5:5-44
Merging library manifest C:\Users\leoja\.gradle\caches\transforms-3\f10a5347b1d9a15d81d4f9c1bf78c34c\transformed\ui-unit-release\AndroidManifest.xml
Merging manifest with lower [androidx.compose.ui:ui-unit-android:1.5.4] AndroidManifest.xml:2:1-7:12
uses-sdk defined in both files...
Merging uses-sdk with lower [androidx.compose.ui:ui-unit-android:1.5.4] AndroidManifest.xml:5:5-44
Merging library manifest C:\Users\leoja\.gradle\caches\transforms-3\100beba33468d35b16c0b1fc86e1d178\transformed\ui-geometry-release\AndroidManifest.xml
Merging manifest with lower [androidx.compose.ui:ui-geometry-android:1.5.4] AndroidManifest.xml:2:1-7:12
uses-sdk defined in both files...
Merging uses-sdk with lower [androidx.compose.ui:ui-geometry-android:1.5.4] AndroidManifest.xml:5:5-44
Merging library manifest C:\Users\leoja\.gradle\caches\transforms-3\288bbda3d8dbf1f06f77d247821ba199\transformed\ui-util-release\AndroidManifest.xml
Merging manifest with lower [androidx.compose.ui:ui-util-android:1.5.4] AndroidManifest.xml:2:1-7:12
uses-sdk defined in both files...
Merging uses-sdk with lower [androidx.compose.ui:ui-util-android:1.5.4] AndroidManifest.xml:5:5-44
Merging library manifest C:\Users\leoja\.gradle\caches\transforms-3\9fe93ab869f50532ae0623f60abd6036\transformed\ui-text-release\AndroidManifest.xml
Merging manifest with lower [androidx.compose.ui:ui-text-android:1.5.4] AndroidManifest.xml:2:1-7:12
uses-sdk defined in both files...
Merging uses-sdk with lower [androidx.compose.ui:ui-text-android:1.5.4] AndroidManifest.xml:5:5-44
Merging library manifest C:\Users\leoja\.gradle\caches\transforms-3\04cd932421d6a27b9b5a43d874924c89\transformed\ui-graphics-release\AndroidManifest.xml
Merging manifest with lower [androidx.compose.ui:ui-graphics-android:1.5.4] AndroidManifest.xml:2:1-7:12
uses-sdk defined in both files...
Merging uses-sdk with lower [androidx.compose.ui:ui-graphics-android:1.5.4] AndroidManifest.xml:5:5-44
Merging library manifest C:\Users\leoja\.gradle\caches\transforms-3\3dbd9cc583d8f3ad2b6379db92c5feac\transformed\ui-tooling-preview-release\AndroidManifest.xml
Merging manifest with lower [androidx.compose.ui:ui-tooling-preview-android:1.5.4] AndroidManifest.xml:17:1-22:12
uses-sdk defined in both files...
Merging uses-sdk with lower [androidx.compose.ui:ui-tooling-preview-android:1.5.4] AndroidManifest.xml:20:5-44
Merging library manifest C:\Users\leoja\.gradle\caches\transforms-3\dd1be727feadbd9092e23b75c0a3cfd9\transformed\runtime-saveable-release\AndroidManifest.xml
Merging manifest with lower [androidx.compose.runtime:runtime-saveable-android:1.5.4] AndroidManifest.xml:2:1-7:12
uses-sdk defined in both files...
Merging uses-sdk with lower [androidx.compose.runtime:runtime-saveable-android:1.5.4] AndroidManifest.xml:5:5-44
Merging library manifest C:\Users\leoja\.gradle\caches\transforms-3\8f3e3add6d5b411df13554f3bf7a7e2c\transformed\runtime-release\AndroidManifest.xml
Merging manifest with lower [androidx.compose.runtime:runtime-android:1.5.4] AndroidManifest.xml:2:1-7:12
uses-sdk defined in both files...
Merging uses-sdk with lower [androidx.compose.runtime:runtime-android:1.5.4] AndroidManifest.xml:5:5-44
Merging library manifest C:\Users\leoja\.gradle\caches\transforms-3\d6b82455e4b6383a77f14cf2e17f7999\transformed\runtime-livedata-1.5.4\AndroidManifest.xml
Merging manifest with lower [androidx.compose.runtime:runtime-livedata:1.5.4] AndroidManifest.xml:2:1-7:12
uses-sdk defined in both files...
Merging uses-sdk with lower [androidx.compose.runtime:runtime-livedata:1.5.4] AndroidManifest.xml:5:5-44
Merging library manifest C:\Users\leoja\.gradle\caches\transforms-3\7eb36a90c111ba05d00b7dc6c5a24bee\transformed\drawerlayout-1.1.1\AndroidManifest.xml
Merging manifest with lower [androidx.drawerlayout:drawerlayout:1.1.1] AndroidManifest.xml:17:1-24:12
uses-sdk defined in both files...
Merging uses-sdk with lower [androidx.drawerlayout:drawerlayout:1.1.1] AndroidManifest.xml:20:5-22:41
Merging library manifest C:\Users\leoja\.gradle\caches\transforms-3\3f004df402b28b88c0e1e6be4b24b216\transformed\coordinatorlayout-1.1.0\AndroidManifest.xml
Merging manifest with lower [androidx.coordinatorlayout:coordinatorlayout:1.1.0] AndroidManifest.xml:17:1-24:12
uses-sdk defined in both files...
Merging uses-sdk with lower [androidx.coordinatorlayout:coordinatorlayout:1.1.0] AndroidManifest.xml:20:5-22:41
Merging library manifest C:\Users\leoja\.gradle\caches\transforms-3\b6ab90af8a6554a65ffc71ef22e696bd\transformed\dynamicanimation-1.0.0\AndroidManifest.xml
Merging manifest with lower [androidx.dynamicanimation:dynamicanimation:1.0.0] AndroidManifest.xml:17:1-22:12
uses-sdk defined in both files...
Merging uses-sdk with lower [androidx.dynamicanimation:dynamicanimation:1.0.0] AndroidManifest.xml:20:5-44
Merging library manifest C:\Users\leoja\.gradle\caches\transforms-3\43e612189affbe41167bc736dc61ea0d\transformed\vectordrawable-animated-1.1.0\AndroidManifest.xml
Merging manifest with lower [androidx.vectordrawable:vectordrawable-animated:1.1.0] AndroidManifest.xml:17:1-24:12
uses-sdk defined in both files...
Merging uses-sdk with lower [androidx.vectordrawable:vectordrawable-animated:1.1.0] AndroidManifest.xml:20:5-22:41
Merging library manifest C:\Users\leoja\.gradle\caches\transforms-3\b60d9776a318f803d2f6a0e13b53b7a6\transformed\vectordrawable-1.1.0\AndroidManifest.xml
Merging manifest with lower [androidx.vectordrawable:vectordrawable:1.1.0] AndroidManifest.xml:17:1-24:12
uses-sdk defined in both files...
Merging uses-sdk with lower [androidx.vectordrawable:vectordrawable:1.1.0] AndroidManifest.xml:20:5-22:41
Merging library manifest C:\Users\leoja\.gradle\caches\transforms-3\74cfe666c5924228ee847b885ee91921\transformed\work-runtime-ktx-2.9.0\AndroidManifest.xml
Merging manifest with lower [androidx.work:work-runtime-ktx:2.9.0] AndroidManifest.xml:17:1-22:12
uses-sdk defined in both files...
Merging uses-sdk with lower [androidx.work:work-runtime-ktx:2.9.0] AndroidManifest.xml:20:5-44
Merging library manifest C:\Users\leoja\.gradle\caches\transforms-3\706a100263659bc74b0458d975b414a2\transformed\work-runtime-2.9.0\AndroidManifest.xml
Merging manifest with lower [androidx.work:work-runtime:2.9.0] AndroidManifest.xml:17:1-145:12
uses-sdk defined in both files...
Merging uses-sdk with lower [androidx.work:work-runtime:2.9.0] AndroidManifest.xml:21:5-44
Adopted [uses-permission: null]
uses-permission#android.permission.ACCESS_NETWORK_STATE defined in both files...
Merging uses-permission#android.permission.ACCESS_NETWORK_STATE with lower [androidx.work:work-runtime:2.9.0] AndroidManifest.xml:24:5-79
Adopted [uses-permission: null]
Adopted [uses-permission: null]
application defined in both files...
Merging application with lower [androidx.work:work-runtime:2.9.0] AndroidManifest.xml:28:5-143:19
provider#androidx.startup.InitializationProvider defined in both files...
Merging provider#androidx.startup.InitializationProvider with lower [androidx.work:work-runtime:2.9.0] AndroidManifest.xml:29:9-37:20
meta-data#androidx.work.WorkManagerInitializer defined in both files...
Adopted [service: null]
Adopted [service: null]
Adopted [service: null]
Adopted [receiver: null]
Adopted [receiver: null]
Adopted [receiver: null]
Adopted [receiver: null]
Adopted [receiver: null]
Adopted [receiver: null]
Adopted [receiver: null]
Adopted [receiver: null]
Merging library manifest C:\Users\leoja\.gradle\caches\transforms-3\0580b914d69a876aa72a464764e45420\transformed\recyclerview-1.1.0\AndroidManifest.xml
Merging manifest with lower [androidx.recyclerview:recyclerview:1.1.0] AndroidManifest.xml:17:1-24:12
uses-sdk defined in both files...
Merging uses-sdk with lower [androidx.recyclerview:recyclerview:1.1.0] AndroidManifest.xml:20:5-22:41
Merging library manifest C:\Users\leoja\.gradle\caches\transforms-3\20d971b17385f950352804dd8a0530bf\transformed\viewpager-1.0.0\AndroidManifest.xml
Merging manifest with lower [androidx.viewpager:viewpager:1.0.0] AndroidManifest.xml:17:1-22:12
uses-sdk defined in both files...
Merging uses-sdk with lower [androidx.viewpager:viewpager:1.0.0] AndroidManifest.xml:20:5-44
Merging library manifest C:\Users\leoja\.gradle\caches\transforms-3\68f5aaa3c8a4f6059d56dbc04ef022bd\transformed\slidingpanelayout-1.2.0\AndroidManifest.xml
Merging manifest with lower [androidx.slidingpanelayout:slidingpanelayout:1.2.0] AndroidManifest.xml:17:1-24:12
uses-sdk defined in both files...
Merging uses-sdk with lower [androidx.slidingpanelayout:slidingpanelayout:1.2.0] AndroidManifest.xml:20:5-22:41
Merging library manifest C:\Users\leoja\.gradle\caches\transforms-3\fb2ba697ca56d6dbac1550cd27fdcbf4\transformed\customview-1.1.0\AndroidManifest.xml
Merging manifest with lower [androidx.customview:customview:1.1.0] AndroidManifest.xml:17:1-24:12
uses-sdk defined in both files...
Merging uses-sdk with lower [androidx.customview:customview:1.1.0] AndroidManifest.xml:20:5-22:41
Merging library manifest C:\Users\leoja\.gradle\caches\transforms-3\bb49a71f1ceeaec0a3dcb124add14214\transformed\legacy-support-core-utils-1.0.0\AndroidManifest.xml
Merging manifest with lower [androidx.legacy:legacy-support-core-utils:1.0.0] AndroidManifest.xml:17:1-22:12
uses-sdk defined in both files...
Merging uses-sdk with lower [androidx.legacy:legacy-support-core-utils:1.0.0] AndroidManifest.xml:20:5-44
Merging library manifest C:\Users\leoja\.gradle\caches\transforms-3\a3a3c80d634a443849d6b0904dee80c5\transformed\loader-1.0.0\AndroidManifest.xml
Merging manifest with lower [androidx.loader:loader:1.0.0] AndroidManifest.xml:17:1-22:12
uses-sdk defined in both files...
Merging uses-sdk with lower [androidx.loader:loader:1.0.0] AndroidManifest.xml:20:5-44
Merging library manifest C:\Users\leoja\.gradle\caches\transforms-3\a4cddad19bdc0b96cc867edbdf821bf1\transformed\transition-1.4.1\AndroidManifest.xml
Merging manifest with lower [androidx.transition:transition:1.4.1] AndroidManifest.xml:17:1-24:12
uses-sdk defined in both files...
Merging uses-sdk with lower [androidx.transition:transition:1.4.1] AndroidManifest.xml:20:5-22:41
Merging library manifest C:\Users\leoja\.gradle\caches\transforms-3\47776d6760bbd0443caff3d2f36791e9\transformed\window-1.0.0\AndroidManifest.xml
Merging manifest with lower [androidx.window:window:1.0.0] AndroidManifest.xml:17:1-33:12
uses-sdk defined in both files...
Merging uses-sdk with lower [androidx.window:window:1.0.0] AndroidManifest.xml:20:5-22:41
application defined in both files...
Merging application with lower [androidx.window:window:1.0.0] AndroidManifest.xml:24:5-31:19
Adopted [uses-library: null]
Adopted [uses-library: null]
Merging library manifest C:\Users\leoja\.gradle\caches\transforms-3\aea32d68f2110664717df451b2a1584f\transformed\autofill-1.0.0\AndroidManifest.xml
Merging manifest with lower [androidx.autofill:autofill:1.0.0] AndroidManifest.xml:17:1-24:12
uses-sdk defined in both files...
Merging uses-sdk with lower [androidx.autofill:autofill:1.0.0] AndroidManifest.xml:20:5-22:41
Merging library manifest C:\Users\leoja\.gradle\caches\transforms-3\1624012b3125f91d36156e267ad5d786\transformed\emoji2-views-helper-1.4.0\AndroidManifest.xml
Merging manifest with lower [androidx.emoji2:emoji2-views-helper:1.4.0] AndroidManifest.xml:2:1-7:12
uses-sdk defined in both files...
Merging uses-sdk with lower [androidx.emoji2:emoji2-views-helper:1.4.0] AndroidManifest.xml:5:5-44
Merging library manifest C:\Users\leoja\.gradle\caches\transforms-3\272ec94fde1d246c280a28c1d7a1ceea\transformed\emoji2-1.4.0\AndroidManifest.xml
Merging manifest with lower [androidx.emoji2:emoji2:1.4.0] AndroidManifest.xml:17:1-35:12
uses-sdk defined in both files...
Merging uses-sdk with lower [androidx.emoji2:emoji2:1.4.0] AndroidManifest.xml:21:5-44
application defined in both files...
Merging application with lower [androidx.emoji2:emoji2:1.4.0] AndroidManifest.xml:23:5-33:19
provider#androidx.startup.InitializationProvider defined in both files...
Merging provider#androidx.startup.InitializationProvider with lower [androidx.emoji2:emoji2:1.4.0] AndroidManifest.xml:24:9-32:20
Adopted [meta-data: null]
Merging library manifest C:\Users\leoja\.gradle\caches\transforms-3\088eb212d646f389c825bd4c5e7fdd1f\transformed\core-1.12.0\AndroidManifest.xml
Merging manifest with lower [androidx.core:core:1.12.0] AndroidManifest.xml:17:1-30:12
uses-sdk defined in both files...
Merging uses-sdk with lower [androidx.core:core:1.12.0] AndroidManifest.xml:20:5-44
Adopted [permission: null]
Adopted [uses-permission: null]
application defined in both files...
Merging application with lower [androidx.core:core:1.12.0] AndroidManifest.xml:28:5-89
Merging library manifest C:\Users\leoja\.gradle\caches\transforms-3\9e7c597810c729a9eb628ac3df661e98\transformed\lifecycle-livedata-core-2.7.0\AndroidManifest.xml
Merging manifest with lower [androidx.lifecycle:lifecycle-livedata-core:2.7.0] AndroidManifest.xml:17:1-22:12
uses-sdk defined in both files...
Merging uses-sdk with lower [androidx.lifecycle:lifecycle-livedata-core:2.7.0] AndroidManifest.xml:20:5-44
Merging library manifest C:\Users\leoja\.gradle\caches\transforms-3\17f0647cfea601c4e7ea4c729e91f882\transformed\savedstate-ktx-1.2.1\AndroidManifest.xml
Merging manifest with lower [androidx.savedstate:savedstate-ktx:1.2.1] AndroidManifest.xml:17:1-22:12
uses-sdk defined in both files...
Merging uses-sdk with lower [androidx.savedstate:savedstate-ktx:1.2.1] AndroidManifest.xml:20:5-44
Merging library manifest C:\Users\leoja\.gradle\caches\transforms-3\25915f7941d3fb28bd51d744d1b4e871\transformed\savedstate-1.2.1\AndroidManifest.xml
Merging manifest with lower [androidx.savedstate:savedstate:1.2.1] AndroidManifest.xml:17:1-22:12
uses-sdk defined in both files...
Merging uses-sdk with lower [androidx.savedstate:savedstate:1.2.1] AndroidManifest.xml:20:5-44
Merging library manifest C:\Users\leoja\.gradle\caches\transforms-3\fad89d2e8895aa78ed833a9f1cdf82d3\transformed\lifecycle-viewmodel-savedstate-2.7.0\AndroidManifest.xml
Merging manifest with lower [androidx.lifecycle:lifecycle-viewmodel-savedstate:2.7.0] AndroidManifest.xml:17:1-22:12
uses-sdk defined in both files...
Merging uses-sdk with lower [androidx.lifecycle:lifecycle-viewmodel-savedstate:2.7.0] AndroidManifest.xml:20:5-44
Merging library manifest C:\Users\leoja\.gradle\caches\transforms-3\2d192b39c45c9be12e3e86c25822c88f\transformed\lifecycle-livedata-core-ktx-2.7.0\AndroidManifest.xml
Merging manifest with lower [androidx.lifecycle:lifecycle-livedata-core-ktx:2.7.0] AndroidManifest.xml:2:1-7:12
uses-sdk defined in both files...
Merging uses-sdk with lower [androidx.lifecycle:lifecycle-livedata-core-ktx:2.7.0] AndroidManifest.xml:5:5-44
Merging library manifest C:\Users\leoja\.gradle\caches\transforms-3\210b2a5eaabd6ad65a445499a19d4f71\transformed\lifecycle-viewmodel-2.7.0\AndroidManifest.xml
Merging manifest with lower [androidx.lifecycle:lifecycle-viewmodel:2.7.0] AndroidManifest.xml:17:1-22:12
uses-sdk defined in both files...
Merging uses-sdk with lower [androidx.lifecycle:lifecycle-viewmodel:2.7.0] AndroidManifest.xml:20:5-44
Merging library manifest C:\Users\leoja\.gradle\caches\transforms-3\4914f753452d965e8097e1e73f6182da\transformed\lifecycle-service-2.7.0\AndroidManifest.xml
Merging manifest with lower [androidx.lifecycle:lifecycle-service:2.7.0] AndroidManifest.xml:2:1-7:12
uses-sdk defined in both files...
Merging uses-sdk with lower [androidx.lifecycle:lifecycle-service:2.7.0] AndroidManifest.xml:5:5-44
Merging library manifest C:\Users\leoja\.gradle\caches\transforms-3\cb927df543541c8a216d0eb92f8cc21d\transformed\lifecycle-runtime-ktx-2.7.0\AndroidManifest.xml
Merging manifest with lower [androidx.lifecycle:lifecycle-runtime-ktx:2.7.0] AndroidManifest.xml:17:1-22:12
uses-sdk defined in both files...
Merging uses-sdk with lower [androidx.lifecycle:lifecycle-runtime-ktx:2.7.0] AndroidManifest.xml:20:5-44
Merging library manifest C:\Users\leoja\.gradle\caches\transforms-3\48a73b44c8dc6709438b9e5780f4b74c\transformed\lifecycle-runtime-2.7.0\AndroidManifest.xml
Merging manifest with lower [androidx.lifecycle:lifecycle-runtime:2.7.0] AndroidManifest.xml:2:1-7:12
uses-sdk defined in both files...
Merging uses-sdk with lower [androidx.lifecycle:lifecycle-runtime:2.7.0] AndroidManifest.xml:5:5-44
Merging library manifest C:\Users\leoja\.gradle\caches\transforms-3\cd1c1fd4bf9e122c9195ada44580b602\transformed\lifecycle-process-2.7.0\AndroidManifest.xml
Merging manifest with lower [androidx.lifecycle:lifecycle-process:2.7.0] AndroidManifest.xml:17:1-35:12
uses-sdk defined in both files...
Merging uses-sdk with lower [androidx.lifecycle:lifecycle-process:2.7.0] AndroidManifest.xml:21:5-44
application defined in both files...
Merging application with lower [androidx.lifecycle:lifecycle-process:2.7.0] AndroidManifest.xml:23:5-33:19
provider#androidx.startup.InitializationProvider defined in both files...
Merging provider#androidx.startup.InitializationProvider with lower [androidx.lifecycle:lifecycle-process:2.7.0] AndroidManifest.xml:24:9-32:20
Adopted [meta-data: null]
Merging library manifest C:\Users\leoja\.gradle\caches\transforms-3\96e7c4ab22517041953379849284f5e5\transformed\lifecycle-livedata-2.7.0\AndroidManifest.xml
Merging manifest with lower [androidx.lifecycle:lifecycle-livedata:2.7.0] AndroidManifest.xml:17:1-22:12
uses-sdk defined in both files...
Merging uses-sdk with lower [androidx.lifecycle:lifecycle-livedata:2.7.0] AndroidManifest.xml:20:5-44
Merging library manifest C:\Users\leoja\.gradle\caches\transforms-3\467f039e2704c87efb939d04037abec3\transformed\lifecycle-viewmodel-ktx-2.7.0\AndroidManifest.xml
Merging manifest with lower [androidx.lifecycle:lifecycle-viewmodel-ktx:2.7.0] AndroidManifest.xml:2:1-7:12
uses-sdk defined in both files...
Merging uses-sdk with lower [androidx.lifecycle:lifecycle-viewmodel-ktx:2.7.0] AndroidManifest.xml:5:5-44
Merging library manifest C:\Users\leoja\.gradle\caches\transforms-3\070fd23a21a49c3cd4a4f207870371f8\transformed\lifecycle-livedata-ktx-2.7.0\AndroidManifest.xml
Merging manifest with lower [androidx.lifecycle:lifecycle-livedata-ktx:2.7.0] AndroidManifest.xml:2:1-7:12
uses-sdk defined in both files...
Merging uses-sdk with lower [androidx.lifecycle:lifecycle-livedata-ktx:2.7.0] AndroidManifest.xml:5:5-44
Merging library manifest C:\Users\leoja\.gradle\caches\transforms-3\5a5f440cd906c4e3146eae0e72143633\transformed\lifecycle-viewmodel-compose-2.7.0\AndroidManifest.xml
Merging manifest with lower [androidx.lifecycle:lifecycle-viewmodel-compose:2.7.0] AndroidManifest.xml:2:1-7:12
uses-sdk defined in both files...
Merging uses-sdk with lower [androidx.lifecycle:lifecycle-viewmodel-compose:2.7.0] AndroidManifest.xml:5:5-44
Merging library manifest C:\Users\leoja\.gradle\caches\transforms-3\315ac174f239147d5fc7262c22fe26ab\transformed\ui-release\AndroidManifest.xml
Merging manifest with lower [androidx.compose.ui:ui-android:1.5.4] AndroidManifest.xml:2:1-7:12
uses-sdk defined in both files...
Merging uses-sdk with lower [androidx.compose.ui:ui-android:1.5.4] AndroidManifest.xml:5:5-44
Merging library manifest C:\Users\leoja\.gradle\caches\transforms-3\d7eb4f146a7165dabe8edf10daacf97e\transformed\activity-ktx-1.8.2\AndroidManifest.xml
Merging manifest with lower [androidx.activity:activity-ktx:1.8.2] AndroidManifest.xml:2:1-7:12
uses-sdk defined in both files...
Merging uses-sdk with lower [androidx.activity:activity-ktx:1.8.2] AndroidManifest.xml:5:5-44
Merging library manifest C:\Users\leoja\.gradle\caches\transforms-3\2efabd8139cdc9d00f5f071a41f31a1a\transformed\customview-poolingcontainer-1.0.0\AndroidManifest.xml
Merging manifest with lower [androidx.customview:customview-poolingcontainer:1.0.0] AndroidManifest.xml:17:1-23:12
uses-sdk defined in both files...
Merging uses-sdk with lower [androidx.customview:customview-poolingcontainer:1.0.0] AndroidManifest.xml:20:5-21:38
Merging library manifest C:\Users\leoja\.gradle\caches\transforms-3\5673a2e71ac3fc12d5fd78fe396c1755\transformed\core-ktx-1.12.0\AndroidManifest.xml
Merging manifest with lower [androidx.core:core-ktx:1.12.0] AndroidManifest.xml:2:1-7:12
uses-sdk defined in both files...
Merging uses-sdk with lower [androidx.core:core-ktx:1.12.0] AndroidManifest.xml:5:5-44
Merging library manifest C:\Users\leoja\.gradle\caches\transforms-3\8186126d8c71cdd25c37a60a16a75937\transformed\room-runtime-2.6.1\AndroidManifest.xml
Merging manifest with lower [androidx.room:room-runtime:2.6.1] AndroidManifest.xml:17:1-31:12
uses-sdk defined in both files...
Merging uses-sdk with lower [androidx.room:room-runtime:2.6.1] AndroidManifest.xml:21:5-44
application defined in both files...
Merging application with lower [androidx.room:room-runtime:2.6.1] AndroidManifest.xml:23:5-29:19
Adopted [service: null]
Merging library manifest C:\Users\leoja\.gradle\caches\transforms-3\e95fcc200bf0b45e9f304baf490fbaef\transformed\room-ktx-2.6.1\AndroidManifest.xml
Merging manifest with lower [androidx.room:room-ktx:2.6.1] AndroidManifest.xml:17:1-22:12
uses-sdk defined in both files...
Merging uses-sdk with lower [androidx.room:room-ktx:2.6.1] AndroidManifest.xml:20:5-44
Merging library manifest C:\Users\leoja\.gradle\caches\transforms-3\7e0c9d8a03659f0df04779d02b68a930\transformed\timber-5.0.1\AndroidManifest.xml
Merging manifest with lower [com.jakewharton.timber:timber:5.0.1] AndroidManifest.xml:2:1-9:12
uses-sdk defined in both files...
Merging uses-sdk with lower [com.jakewharton.timber:timber:5.0.1] AndroidManifest.xml:5:5-44
application defined in both files...
Merging application with lower [com.jakewharton.timber:timber:5.0.1] AndroidManifest.xml:7:5-20
Merging library manifest C:\Users\leoja\.gradle\caches\transforms-3\d5353131e86f74baf27c8efbcd863d74\transformed\sqlite-framework-2.4.0\AndroidManifest.xml
Merging manifest with lower [androidx.sqlite:sqlite-framework:2.4.0] AndroidManifest.xml:17:1-22:12
uses-sdk defined in both files...
Merging uses-sdk with lower [androidx.sqlite:sqlite-framework:2.4.0] AndroidManifest.xml:20:5-44
Merging library manifest C:\Users\leoja\.gradle\caches\transforms-3\b7d5ce0362de9abaac6fd1119f60b5ac\transformed\sqlite-2.4.0\AndroidManifest.xml
Merging manifest with lower [androidx.sqlite:sqlite:2.4.0] AndroidManifest.xml:17:1-22:12
uses-sdk defined in both files...
Merging uses-sdk with lower [androidx.sqlite:sqlite:2.4.0] AndroidManifest.xml:20:5-44
Merging library manifest C:\Users\leoja\.gradle\caches\transforms-3\78cf9a6ba524318a5f1c6d5fc6035ec2\transformed\annotation-experimental-1.3.0\AndroidManifest.xml
Merging manifest with lower [androidx.annotation:annotation-experimental:1.3.0] AndroidManifest.xml:17:1-22:12
uses-sdk defined in both files...
Merging uses-sdk with lower [androidx.annotation:annotation-experimental:1.3.0] AndroidManifest.xml:20:5-44
Merging library manifest C:\Users\leoja\.gradle\caches\transforms-3\d8e8421553691949d3028ac40e01d759\transformed\cursoradapter-1.0.0\AndroidManifest.xml
Merging manifest with lower [androidx.cursoradapter:cursoradapter:1.0.0] AndroidManifest.xml:17:1-22:12
uses-sdk defined in both files...
Merging uses-sdk with lower [androidx.cursoradapter:cursoradapter:1.0.0] AndroidManifest.xml:20:5-44
Merging library manifest C:\Users\leoja\.gradle\caches\transforms-3\ec1826456eb96ae2401a1557fe84222e\transformed\cardview-1.0.0\AndroidManifest.xml
Merging manifest with lower [androidx.cardview:cardview:1.0.0] AndroidManifest.xml:17:1-22:12
uses-sdk defined in both files...
Merging uses-sdk with lower [androidx.cardview:cardview:1.0.0] AndroidManifest.xml:20:5-44
Merging library manifest C:\Users\leoja\.gradle\caches\transforms-3\1c19c85ee82b8b862a8393752b070335\transformed\core-runtime-2.2.0\AndroidManifest.xml
Merging manifest with lower [androidx.arch.core:core-runtime:2.2.0] AndroidManifest.xml:17:1-22:12
uses-sdk defined in both files...
Merging uses-sdk with lower [androidx.arch.core:core-runtime:2.2.0] AndroidManifest.xml:20:5-44
Merging library manifest C:\Users\leoja\.gradle\caches\transforms-3\0b7ba2b2e61e7ad4878f12873d849fe4\transformed\gifdecoder-4.16.0\AndroidManifest.xml
Merging manifest with lower [com.github.bumptech.glide:gifdecoder:4.16.0] AndroidManifest.xml:2:1-9:12
uses-sdk defined in both files...
Merging uses-sdk with lower [com.github.bumptech.glide:gifdecoder:4.16.0] AndroidManifest.xml:5:5-7:41
Merging library manifest C:\Users\leoja\.gradle\caches\transforms-3\55ec07be550d84b7ca0c6b36a1c0281a\transformed\exifinterface-1.3.6\AndroidManifest.xml
Merging manifest with lower [androidx.exifinterface:exifinterface:1.3.6] AndroidManifest.xml:17:1-24:12
uses-sdk defined in both files...
Merging uses-sdk with lower [androidx.exifinterface:exifinterface:1.3.6] AndroidManifest.xml:20:5-22:41
Merging library manifest C:\Users\leoja\.gradle\caches\transforms-3\82b9ff31f05292c4c837ee6a01220b3e\transformed\profileinstaller-1.3.0\AndroidManifest.xml
Merging manifest with lower [androidx.profileinstaller:profileinstaller:1.3.0] AndroidManifest.xml:17:1-55:12
uses-sdk defined in both files...
Merging uses-sdk with lower [androidx.profileinstaller:profileinstaller:1.3.0] AndroidManifest.xml:21:5-44
application defined in both files...
Merging application with lower [androidx.profileinstaller:profileinstaller:1.3.0] AndroidManifest.xml:23:5-53:19
provider#androidx.startup.InitializationProvider defined in both files...
Merging provider#androidx.startup.InitializationProvider with lower [androidx.profileinstaller:profileinstaller:1.3.0] AndroidManifest.xml:24:9-32:20
Adopted [meta-data: null]
Adopted [receiver: null]
Merging library manifest C:\Users\leoja\.gradle\caches\transforms-3\49d75f2284c2086643173a5813040094\transformed\startup-runtime-1.1.1\AndroidManifest.xml
Merging manifest with lower [androidx.startup:startup-runtime:1.1.1] AndroidManifest.xml:17:1-33:12
uses-sdk defined in both files...
Merging uses-sdk with lower [androidx.startup:startup-runtime:1.1.1] AndroidManifest.xml:21:5-23:41
application defined in both files...
Merging application with lower [androidx.startup:startup-runtime:1.1.1] AndroidManifest.xml:25:5-31:19
provider#androidx.startup.InitializationProvider defined in both files...
Merging provider#androidx.startup.InitializationProvider with lower [androidx.startup:startup-runtime:1.1.1] AndroidManifest.xml:26:9-30:34
Merging library manifest C:\Users\leoja\.gradle\caches\transforms-3\b5c3517e648ce9dbc63a8ee357538a5c\transformed\tracing-1.0.0\AndroidManifest.xml
Merging manifest with lower [androidx.tracing:tracing:1.0.0] AndroidManifest.xml:17:1-24:12
uses-sdk defined in both files...
Merging uses-sdk with lower [androidx.tracing:tracing:1.0.0] AndroidManifest.xml:20:5-22:41
Merging library manifest C:\Users\leoja\.gradle\caches\transforms-3\dce9f319ad73877eb6368e795fb550aa\transformed\interpolator-1.0.0\AndroidManifest.xml
Merging manifest with lower [androidx.interpolator:interpolator:1.0.0] AndroidManifest.xml:17:1-22:12
uses-sdk defined in both files...
Merging uses-sdk with lower [androidx.interpolator:interpolator:1.0.0] AndroidManifest.xml:20:5-44
Merging library manifest C:\Users\leoja\.gradle\caches\transforms-3\2fc8e72975edb238ddf6f525e75f99f5\transformed\versionedparcelable-1.1.1\AndroidManifest.xml
Merging manifest with lower [androidx.versionedparcelable:versionedparcelable:1.1.1] AndroidManifest.xml:17:1-27:12
uses-sdk defined in both files...
Merging uses-sdk with lower [androidx.versionedparcelable:versionedparcelable:1.1.1] AndroidManifest.xml:20:5-22:41
application defined in both files...
Merging application with lower [androidx.versionedparcelable:versionedparcelable:1.1.1] AndroidManifest.xml:24:5-25:19
Merging library manifest C:\Users\leoja\.gradle\caches\transforms-3\cb20ea70c54887042eb826a65a1a9c8e\transformed\documentfile-1.0.0\AndroidManifest.xml
Merging manifest with lower [androidx.documentfile:documentfile:1.0.0] AndroidManifest.xml:17:1-22:12
uses-sdk defined in both files...
Merging uses-sdk with lower [androidx.documentfile:documentfile:1.0.0] AndroidManifest.xml:20:5-44
Merging library manifest C:\Users\leoja\.gradle\caches\transforms-3\35968ac95bd8b03eb8dc8460a247890a\transformed\localbroadcastmanager-1.0.0\AndroidManifest.xml
Merging manifest with lower [androidx.localbroadcastmanager:localbroadcastmanager:1.0.0] AndroidManifest.xml:17:1-22:12
uses-sdk defined in both files...
Merging uses-sdk with lower [androidx.localbroadcastmanager:localbroadcastmanager:1.0.0] AndroidManifest.xml:20:5-44
Merging library manifest C:\Users\leoja\.gradle\caches\transforms-3\10bd21a96d9950d86856966722785910\transformed\print-1.0.0\AndroidManifest.xml
Merging manifest with lower [androidx.print:print:1.0.0] AndroidManifest.xml:17:1-22:12
uses-sdk defined in both files...
Merging uses-sdk with lower [androidx.print:print:1.0.0] AndroidManifest.xml:20:5-44
Merging library manifest C:\Users\leoja\.gradle\caches\transforms-3\eb15450c3846bb42514ee0db524fa39c\transformed\dagger-lint-aar-2.46.1\AndroidManifest.xml
Merging manifest with lower [com.google.dagger:dagger-lint-aar:2.46.1] AndroidManifest.xml:16:1-19:12
uses-sdk defined in both files...
Merging uses-sdk with lower [com.google.dagger:dagger-lint-aar:2.46.1] AndroidManifest.xml:18:3-42
Merging result: SUCCESS
1<?xml version="1.0" encoding="utf-8"?>
2<manifest xmlns:android="http://schemas.android.com/apk/res/android"
3    package="com.leo.paleorecipes"
4    android:versionCode="1"
5    android:versionName="1.0" >
6
7    <uses-sdk
8        android:minSdkVersion="24"
9        android:targetSdkVersion="34" />
10
11    <!-- Permissions for all Android versions -->
12    <uses-permission
12-->C:\Users\leoja\AndroidStudioProjects\PaleobyLeoRecipes\app\src\main\AndroidManifest.xml:8:5-10:40
13        android:name="android.permission.READ_EXTERNAL_STORAGE"
13-->C:\Users\leoja\AndroidStudioProjects\PaleobyLeoRecipes\app\src\main\AndroidManifest.xml:8:22-77
14        android:maxSdkVersion="32" />
14-->C:\Users\leoja\AndroidStudioProjects\PaleobyLeoRecipes\app\src\main\AndroidManifest.xml:9:9-35
15    <uses-permission
15-->C:\Users\leoja\AndroidStudioProjects\PaleobyLeoRecipes\app\src\main\AndroidManifest.xml:11:5-13:40
16        android:name="android.permission.WRITE_EXTERNAL_STORAGE"
16-->C:\Users\leoja\AndroidStudioProjects\PaleobyLeoRecipes\app\src\main\AndroidManifest.xml:11:22-78
17        android:maxSdkVersion="28" />
17-->C:\Users\leoja\AndroidStudioProjects\PaleobyLeoRecipes\app\src\main\AndroidManifest.xml:12:9-35
18
19    <!-- For Android 13+ -->
20    <uses-permission android:name="android.permission.READ_MEDIA_IMAGES" />
20-->C:\Users\leoja\AndroidStudioProjects\PaleobyLeoRecipes\app\src\main\AndroidManifest.xml:16:5-76
20-->C:\Users\leoja\AndroidStudioProjects\PaleobyLeoRecipes\app\src\main\AndroidManifest.xml:16:22-73
21    <uses-permission android:name="android.permission.READ_MEDIA_VIDEO" />
21-->C:\Users\leoja\AndroidStudioProjects\PaleobyLeoRecipes\app\src\main\AndroidManifest.xml:17:5-75
21-->C:\Users\leoja\AndroidStudioProjects\PaleobyLeoRecipes\app\src\main\AndroidManifest.xml:17:22-72
22
23    <!-- Internet and network permissions -->
24    <uses-permission android:name="android.permission.INTERNET" />
24-->C:\Users\leoja\AndroidStudioProjects\PaleobyLeoRecipes\app\src\main\AndroidManifest.xml:20:5-67
24-->C:\Users\leoja\AndroidStudioProjects\PaleobyLeoRecipes\app\src\main\AndroidManifest.xml:20:22-64
25    <uses-permission android:name="android.permission.ACCESS_NETWORK_STATE" />
25-->C:\Users\leoja\AndroidStudioProjects\PaleobyLeoRecipes\app\src\main\AndroidManifest.xml:21:5-79
25-->C:\Users\leoja\AndroidStudioProjects\PaleobyLeoRecipes\app\src\main\AndroidManifest.xml:21:22-76
26    <uses-permission android:name="android.permission.ACCESS_WIFI_STATE" />
26-->C:\Users\leoja\AndroidStudioProjects\PaleobyLeoRecipes\app\src\main\AndroidManifest.xml:22:5-76
26-->C:\Users\leoja\AndroidStudioProjects\PaleobyLeoRecipes\app\src\main\AndroidManifest.xml:22:22-73
27    <uses-permission android:name="android.permission.WAKE_LOCK" />
27-->[androidx.work:work-runtime:2.9.0] C:\Users\leoja\.gradle\caches\transforms-3\706a100263659bc74b0458d975b414a2\transformed\work-runtime-2.9.0\AndroidManifest.xml:23:5-68
27-->[androidx.work:work-runtime:2.9.0] C:\Users\leoja\.gradle\caches\transforms-3\706a100263659bc74b0458d975b414a2\transformed\work-runtime-2.9.0\AndroidManifest.xml:23:22-65
28    <uses-permission android:name="android.permission.RECEIVE_BOOT_COMPLETED" />
28-->[androidx.work:work-runtime:2.9.0] C:\Users\leoja\.gradle\caches\transforms-3\706a100263659bc74b0458d975b414a2\transformed\work-runtime-2.9.0\AndroidManifest.xml:25:5-81
28-->[androidx.work:work-runtime:2.9.0] C:\Users\leoja\.gradle\caches\transforms-3\706a100263659bc74b0458d975b414a2\transformed\work-runtime-2.9.0\AndroidManifest.xml:25:22-78
29    <uses-permission android:name="android.permission.FOREGROUND_SERVICE" />
29-->[androidx.work:work-runtime:2.9.0] C:\Users\leoja\.gradle\caches\transforms-3\706a100263659bc74b0458d975b414a2\transformed\work-runtime-2.9.0\AndroidManifest.xml:26:5-77
29-->[androidx.work:work-runtime:2.9.0] C:\Users\leoja\.gradle\caches\transforms-3\706a100263659bc74b0458d975b414a2\transformed\work-runtime-2.9.0\AndroidManifest.xml:26:22-74
30
31    <permission
31-->[androidx.core:core:1.12.0] C:\Users\leoja\.gradle\caches\transforms-3\088eb212d646f389c825bd4c5e7fdd1f\transformed\core-1.12.0\AndroidManifest.xml:22:5-24:47
32        android:name="com.leo.paleorecipes.DYNAMIC_RECEIVER_NOT_EXPORTED_PERMISSION"
32-->[androidx.core:core:1.12.0] C:\Users\leoja\.gradle\caches\transforms-3\088eb212d646f389c825bd4c5e7fdd1f\transformed\core-1.12.0\AndroidManifest.xml:23:9-81
33        android:protectionLevel="signature" />
33-->[androidx.core:core:1.12.0] C:\Users\leoja\.gradle\caches\transforms-3\088eb212d646f389c825bd4c5e7fdd1f\transformed\core-1.12.0\AndroidManifest.xml:24:9-44
34
35    <uses-permission android:name="com.leo.paleorecipes.DYNAMIC_RECEIVER_NOT_EXPORTED_PERMISSION" />
35-->[androidx.core:core:1.12.0] C:\Users\leoja\.gradle\caches\transforms-3\088eb212d646f389c825bd4c5e7fdd1f\transformed\core-1.12.0\AndroidManifest.xml:26:5-97
35-->[androidx.core:core:1.12.0] C:\Users\leoja\.gradle\caches\transforms-3\088eb212d646f389c825bd4c5e7fdd1f\transformed\core-1.12.0\AndroidManifest.xml:26:22-94
36
37    <application
37-->C:\Users\leoja\AndroidStudioProjects\PaleobyLeoRecipes\app\src\main\AndroidManifest.xml:24:5-107:19
38        android:name="com.leo.paleorecipes.PaleoRecipesApplication"
38-->C:\Users\leoja\AndroidStudioProjects\PaleobyLeoRecipes\app\src\main\AndroidManifest.xml:25:9-48
39        android:allowBackup="true"
39-->C:\Users\leoja\AndroidStudioProjects\PaleobyLeoRecipes\app\src\main\AndroidManifest.xml:26:9-35
40        android:appComponentFactory="androidx.core.app.CoreComponentFactory"
40-->[androidx.core:core:1.12.0] C:\Users\leoja\.gradle\caches\transforms-3\088eb212d646f389c825bd4c5e7fdd1f\transformed\core-1.12.0\AndroidManifest.xml:28:18-86
41        android:dataExtractionRules="@xml/data_extraction_rules"
41-->C:\Users\leoja\AndroidStudioProjects\PaleobyLeoRecipes\app\src\main\AndroidManifest.xml:27:9-65
42        android:extractNativeLibs="false"
43        android:fullBackupContent="@xml/backup_rules"
43-->C:\Users\leoja\AndroidStudioProjects\PaleobyLeoRecipes\app\src\main\AndroidManifest.xml:28:9-54
44        android:icon="@mipmap/ic_launcher"
44-->C:\Users\leoja\AndroidStudioProjects\PaleobyLeoRecipes\app\src\main\AndroidManifest.xml:29:9-43
45        android:label="@string/app_name"
45-->C:\Users\leoja\AndroidStudioProjects\PaleobyLeoRecipes\app\src\main\AndroidManifest.xml:30:9-41
46        android:requestLegacyExternalStorage="true"
46-->C:\Users\leoja\AndroidStudioProjects\PaleobyLeoRecipes\app\src\main\AndroidManifest.xml:31:9-52
47        android:roundIcon="@mipmap/ic_launcher_round"
47-->C:\Users\leoja\AndroidStudioProjects\PaleobyLeoRecipes\app\src\main\AndroidManifest.xml:32:9-54
48        android:supportsRtl="true"
48-->C:\Users\leoja\AndroidStudioProjects\PaleobyLeoRecipes\app\src\main\AndroidManifest.xml:33:9-35
49        android:theme="@style/Theme.PaleoRecipes"
49-->C:\Users\leoja\AndroidStudioProjects\PaleobyLeoRecipes\app\src\main\AndroidManifest.xml:34:9-50
50        android:usesCleartextTraffic="true" >
50-->C:\Users\leoja\AndroidStudioProjects\PaleobyLeoRecipes\app\src\main\AndroidManifest.xml:35:9-44
51
52        <!-- Hilt's work manager configuration -->
53        <provider
54            android:name="androidx.startup.InitializationProvider"
54-->C:\Users\leoja\AndroidStudioProjects\PaleobyLeoRecipes\app\src\main\AndroidManifest.xml:40:13-67
55            android:authorities="com.leo.paleorecipes.androidx-startup"
55-->C:\Users\leoja\AndroidStudioProjects\PaleobyLeoRecipes\app\src\main\AndroidManifest.xml:41:13-68
56            android:exported="false" >
56-->C:\Users\leoja\AndroidStudioProjects\PaleobyLeoRecipes\app\src\main\AndroidManifest.xml:42:13-37
57            <meta-data
57-->[androidx.emoji2:emoji2:1.4.0] C:\Users\leoja\.gradle\caches\transforms-3\272ec94fde1d246c280a28c1d7a1ceea\transformed\emoji2-1.4.0\AndroidManifest.xml:29:13-31:52
58                android:name="androidx.emoji2.text.EmojiCompatInitializer"
58-->[androidx.emoji2:emoji2:1.4.0] C:\Users\leoja\.gradle\caches\transforms-3\272ec94fde1d246c280a28c1d7a1ceea\transformed\emoji2-1.4.0\AndroidManifest.xml:30:17-75
59                android:value="androidx.startup" />
59-->[androidx.emoji2:emoji2:1.4.0] C:\Users\leoja\.gradle\caches\transforms-3\272ec94fde1d246c280a28c1d7a1ceea\transformed\emoji2-1.4.0\AndroidManifest.xml:31:17-49
60            <meta-data
60-->[androidx.lifecycle:lifecycle-process:2.7.0] C:\Users\leoja\.gradle\caches\transforms-3\cd1c1fd4bf9e122c9195ada44580b602\transformed\lifecycle-process-2.7.0\AndroidManifest.xml:29:13-31:52
61                android:name="androidx.lifecycle.ProcessLifecycleInitializer"
61-->[androidx.lifecycle:lifecycle-process:2.7.0] C:\Users\leoja\.gradle\caches\transforms-3\cd1c1fd4bf9e122c9195ada44580b602\transformed\lifecycle-process-2.7.0\AndroidManifest.xml:30:17-78
62                android:value="androidx.startup" />
62-->[androidx.lifecycle:lifecycle-process:2.7.0] C:\Users\leoja\.gradle\caches\transforms-3\cd1c1fd4bf9e122c9195ada44580b602\transformed\lifecycle-process-2.7.0\AndroidManifest.xml:31:17-49
63            <meta-data
63-->[androidx.profileinstaller:profileinstaller:1.3.0] C:\Users\leoja\.gradle\caches\transforms-3\82b9ff31f05292c4c837ee6a01220b3e\transformed\profileinstaller-1.3.0\AndroidManifest.xml:29:13-31:52
64                android:name="androidx.profileinstaller.ProfileInstallerInitializer"
64-->[androidx.profileinstaller:profileinstaller:1.3.0] C:\Users\leoja\.gradle\caches\transforms-3\82b9ff31f05292c4c837ee6a01220b3e\transformed\profileinstaller-1.3.0\AndroidManifest.xml:30:17-85
65                android:value="androidx.startup" />
65-->[androidx.profileinstaller:profileinstaller:1.3.0] C:\Users\leoja\.gradle\caches\transforms-3\82b9ff31f05292c4c837ee6a01220b3e\transformed\profileinstaller-1.3.0\AndroidManifest.xml:31:17-49
66        </provider>
67
68        <activity
68-->C:\Users\leoja\AndroidStudioProjects\PaleobyLeoRecipes\app\src\main\AndroidManifest.xml:50:9-53:58
69            android:name="com.leo.paleorecipes.MainActivity"
69-->C:\Users\leoja\AndroidStudioProjects\PaleobyLeoRecipes\app\src\main\AndroidManifest.xml:51:13-41
70            android:exported="false"
70-->C:\Users\leoja\AndroidStudioProjects\PaleobyLeoRecipes\app\src\main\AndroidManifest.xml:52:13-37
71            android:windowSoftInputMode="adjustResize" />
71-->C:\Users\leoja\AndroidStudioProjects\PaleobyLeoRecipes\app\src\main\AndroidManifest.xml:53:13-55
72        <activity
72-->C:\Users\leoja\AndroidStudioProjects\PaleobyLeoRecipes\app\src\main\AndroidManifest.xml:55:9-64:20
73            android:name="com.leo.paleorecipes.MainActivityCompose"
73-->C:\Users\leoja\AndroidStudioProjects\PaleobyLeoRecipes\app\src\main\AndroidManifest.xml:56:13-48
74            android:exported="true"
74-->C:\Users\leoja\AndroidStudioProjects\PaleobyLeoRecipes\app\src\main\AndroidManifest.xml:57:13-36
75            android:theme="@style/Theme.PaleoRecipes"
75-->C:\Users\leoja\AndroidStudioProjects\PaleobyLeoRecipes\app\src\main\AndroidManifest.xml:59:13-54
76            android:windowSoftInputMode="adjustResize" >
76-->C:\Users\leoja\AndroidStudioProjects\PaleobyLeoRecipes\app\src\main\AndroidManifest.xml:58:13-55
77            <intent-filter>
77-->C:\Users\leoja\AndroidStudioProjects\PaleobyLeoRecipes\app\src\main\AndroidManifest.xml:60:13-63:29
78                <action android:name="android.intent.action.MAIN" />
78-->C:\Users\leoja\AndroidStudioProjects\PaleobyLeoRecipes\app\src\main\AndroidManifest.xml:61:17-69
78-->C:\Users\leoja\AndroidStudioProjects\PaleobyLeoRecipes\app\src\main\AndroidManifest.xml:61:25-66
79
80                <category android:name="android.intent.category.LAUNCHER" />
80-->C:\Users\leoja\AndroidStudioProjects\PaleobyLeoRecipes\app\src\main\AndroidManifest.xml:62:17-77
80-->C:\Users\leoja\AndroidStudioProjects\PaleobyLeoRecipes\app\src\main\AndroidManifest.xml:62:27-74
81            </intent-filter>
82        </activity>
83        <activity android:name="com.leo.paleorecipes.AboutPaleoActivity" />
83-->C:\Users\leoja\AndroidStudioProjects\PaleobyLeoRecipes\app\src\main\AndroidManifest.xml:66:9-56
83-->C:\Users\leoja\AndroidStudioProjects\PaleobyLeoRecipes\app\src\main\AndroidManifest.xml:66:19-53
84        <activity android:name="com.leo.paleorecipes.RecipeListActivity" />
84-->C:\Users\leoja\AndroidStudioProjects\PaleobyLeoRecipes\app\src\main\AndroidManifest.xml:67:9-56
84-->C:\Users\leoja\AndroidStudioProjects\PaleobyLeoRecipes\app\src\main\AndroidManifest.xml:67:19-53
85        <activity android:name="com.leo.paleorecipes.AddEditRecipeActivity" />
85-->C:\Users\leoja\AndroidStudioProjects\PaleobyLeoRecipes\app\src\main\AndroidManifest.xml:68:9-59
85-->C:\Users\leoja\AndroidStudioProjects\PaleobyLeoRecipes\app\src\main\AndroidManifest.xml:68:19-56
86        <activity
86-->C:\Users\leoja\AndroidStudioProjects\PaleobyLeoRecipes\app\src\main\AndroidManifest.xml:69:9-76:20
87            android:name="com.leo.paleorecipes.RecipeDetailActivity"
87-->C:\Users\leoja\AndroidStudioProjects\PaleobyLeoRecipes\app\src\main\AndroidManifest.xml:70:13-49
88            android:exported="false"
88-->C:\Users\leoja\AndroidStudioProjects\PaleobyLeoRecipes\app\src\main\AndroidManifest.xml:71:13-37
89            android:parentActivityName="com.leo.paleorecipes.RecipeListActivity" >
89-->C:\Users\leoja\AndroidStudioProjects\PaleobyLeoRecipes\app\src\main\AndroidManifest.xml:72:13-61
90            <meta-data
90-->C:\Users\leoja\AndroidStudioProjects\PaleobyLeoRecipes\app\src\main\AndroidManifest.xml:73:13-75:55
91                android:name="android.support.PARENT_ACTIVITY"
91-->C:\Users\leoja\AndroidStudioProjects\PaleobyLeoRecipes\app\src\main\AndroidManifest.xml:74:17-63
92                android:value=".RecipeListActivity" />
92-->C:\Users\leoja\AndroidStudioProjects\PaleobyLeoRecipes\app\src\main\AndroidManifest.xml:75:17-52
93        </activity>
94        <activity
94-->C:\Users\leoja\AndroidStudioProjects\PaleobyLeoRecipes\app\src\main\AndroidManifest.xml:78:9-85:20
95            android:name="com.leo.paleorecipes.FridgeActivity"
95-->C:\Users\leoja\AndroidStudioProjects\PaleobyLeoRecipes\app\src\main\AndroidManifest.xml:79:13-43
96            android:exported="false"
96-->C:\Users\leoja\AndroidStudioProjects\PaleobyLeoRecipes\app\src\main\AndroidManifest.xml:80:13-37
97            android:parentActivityName="com.leo.paleorecipes.MainActivity" >
97-->C:\Users\leoja\AndroidStudioProjects\PaleobyLeoRecipes\app\src\main\AndroidManifest.xml:81:13-55
98            <meta-data
98-->C:\Users\leoja\AndroidStudioProjects\PaleobyLeoRecipes\app\src\main\AndroidManifest.xml:73:13-75:55
99                android:name="android.support.PARENT_ACTIVITY"
99-->C:\Users\leoja\AndroidStudioProjects\PaleobyLeoRecipes\app\src\main\AndroidManifest.xml:74:17-63
100                android:value=".MainActivity" />
100-->C:\Users\leoja\AndroidStudioProjects\PaleobyLeoRecipes\app\src\main\AndroidManifest.xml:75:17-52
101        </activity>
102        <activity
102-->C:\Users\leoja\AndroidStudioProjects\PaleobyLeoRecipes\app\src\main\AndroidManifest.xml:87:9-95:20
103            android:name="com.leo.paleorecipes.ui.search.RecipeSearchActivity"
103-->C:\Users\leoja\AndroidStudioProjects\PaleobyLeoRecipes\app\src\main\AndroidManifest.xml:88:13-59
104            android:exported="false"
104-->C:\Users\leoja\AndroidStudioProjects\PaleobyLeoRecipes\app\src\main\AndroidManifest.xml:89:13-37
105            android:parentActivityName="com.leo.paleorecipes.FridgeActivity"
105-->C:\Users\leoja\AndroidStudioProjects\PaleobyLeoRecipes\app\src\main\AndroidManifest.xml:90:13-57
106            android:theme="@style/Theme.PaleoRecipes" >
106-->C:\Users\leoja\AndroidStudioProjects\PaleobyLeoRecipes\app\src\main\AndroidManifest.xml:91:13-54
107            <meta-data
107-->C:\Users\leoja\AndroidStudioProjects\PaleobyLeoRecipes\app\src\main\AndroidManifest.xml:73:13-75:55
108                android:name="android.support.PARENT_ACTIVITY"
108-->C:\Users\leoja\AndroidStudioProjects\PaleobyLeoRecipes\app\src\main\AndroidManifest.xml:74:17-63
109                android:value=".FridgeActivity" />
109-->C:\Users\leoja\AndroidStudioProjects\PaleobyLeoRecipes\app\src\main\AndroidManifest.xml:75:17-52
110        </activity>
111
112        <!-- FileProvider for sharing files -->
113        <provider
114            android:name="androidx.core.content.FileProvider"
114-->C:\Users\leoja\AndroidStudioProjects\PaleobyLeoRecipes\app\src\main\AndroidManifest.xml:99:13-62
115            android:authorities="com.leo.paleorecipes.fileprovider"
115-->C:\Users\leoja\AndroidStudioProjects\PaleobyLeoRecipes\app\src\main\AndroidManifest.xml:100:13-64
116            android:exported="false"
116-->C:\Users\leoja\AndroidStudioProjects\PaleobyLeoRecipes\app\src\main\AndroidManifest.xml:101:13-37
117            android:grantUriPermissions="true" >
117-->C:\Users\leoja\AndroidStudioProjects\PaleobyLeoRecipes\app\src\main\AndroidManifest.xml:102:13-47
118            <meta-data
118-->C:\Users\leoja\AndroidStudioProjects\PaleobyLeoRecipes\app\src\main\AndroidManifest.xml:103:13-105:54
119                android:name="android.support.FILE_PROVIDER_PATHS"
119-->C:\Users\leoja\AndroidStudioProjects\PaleobyLeoRecipes\app\src\main\AndroidManifest.xml:104:17-67
120                android:resource="@xml/file_paths" />
120-->C:\Users\leoja\AndroidStudioProjects\PaleobyLeoRecipes\app\src\main\AndroidManifest.xml:105:17-51
121        </provider>
122
123        <meta-data
123-->[com.github.bumptech.glide:okhttp3-integration:4.16.0] C:\Users\leoja\.gradle\caches\transforms-3\5ce0cff40e3c2af0dcb58b65ecfe8dd0\transformed\okhttp3-integration-4.16.0\AndroidManifest.xml:10:9-12:43
124            android:name="com.bumptech.glide.integration.okhttp3.OkHttpGlideModule"
124-->[com.github.bumptech.glide:okhttp3-integration:4.16.0] C:\Users\leoja\.gradle\caches\transforms-3\5ce0cff40e3c2af0dcb58b65ecfe8dd0\transformed\okhttp3-integration-4.16.0\AndroidManifest.xml:11:13-84
125            android:value="GlideModule" />
125-->[com.github.bumptech.glide:okhttp3-integration:4.16.0] C:\Users\leoja\.gradle\caches\transforms-3\5ce0cff40e3c2af0dcb58b65ecfe8dd0\transformed\okhttp3-integration-4.16.0\AndroidManifest.xml:12:13-40
126
127        <service
127-->[androidx.work:work-runtime:2.9.0] C:\Users\leoja\.gradle\caches\transforms-3\706a100263659bc74b0458d975b414a2\transformed\work-runtime-2.9.0\AndroidManifest.xml:39:9-45:35
128            android:name="androidx.work.impl.background.systemalarm.SystemAlarmService"
128-->[androidx.work:work-runtime:2.9.0] C:\Users\leoja\.gradle\caches\transforms-3\706a100263659bc74b0458d975b414a2\transformed\work-runtime-2.9.0\AndroidManifest.xml:40:13-88
129            android:directBootAware="false"
129-->[androidx.work:work-runtime:2.9.0] C:\Users\leoja\.gradle\caches\transforms-3\706a100263659bc74b0458d975b414a2\transformed\work-runtime-2.9.0\AndroidManifest.xml:41:13-44
130            android:enabled="@bool/enable_system_alarm_service_default"
130-->[androidx.work:work-runtime:2.9.0] C:\Users\leoja\.gradle\caches\transforms-3\706a100263659bc74b0458d975b414a2\transformed\work-runtime-2.9.0\AndroidManifest.xml:42:13-72
131            android:exported="false" />
131-->[androidx.work:work-runtime:2.9.0] C:\Users\leoja\.gradle\caches\transforms-3\706a100263659bc74b0458d975b414a2\transformed\work-runtime-2.9.0\AndroidManifest.xml:43:13-37
132        <service
132-->[androidx.work:work-runtime:2.9.0] C:\Users\leoja\.gradle\caches\transforms-3\706a100263659bc74b0458d975b414a2\transformed\work-runtime-2.9.0\AndroidManifest.xml:46:9-52:35
133            android:name="androidx.work.impl.background.systemjob.SystemJobService"
133-->[androidx.work:work-runtime:2.9.0] C:\Users\leoja\.gradle\caches\transforms-3\706a100263659bc74b0458d975b414a2\transformed\work-runtime-2.9.0\AndroidManifest.xml:47:13-84
134            android:directBootAware="false"
134-->[androidx.work:work-runtime:2.9.0] C:\Users\leoja\.gradle\caches\transforms-3\706a100263659bc74b0458d975b414a2\transformed\work-runtime-2.9.0\AndroidManifest.xml:48:13-44
135            android:enabled="@bool/enable_system_job_service_default"
135-->[androidx.work:work-runtime:2.9.0] C:\Users\leoja\.gradle\caches\transforms-3\706a100263659bc74b0458d975b414a2\transformed\work-runtime-2.9.0\AndroidManifest.xml:49:13-70
136            android:exported="true"
136-->[androidx.work:work-runtime:2.9.0] C:\Users\leoja\.gradle\caches\transforms-3\706a100263659bc74b0458d975b414a2\transformed\work-runtime-2.9.0\AndroidManifest.xml:50:13-36
137            android:permission="android.permission.BIND_JOB_SERVICE" />
137-->[androidx.work:work-runtime:2.9.0] C:\Users\leoja\.gradle\caches\transforms-3\706a100263659bc74b0458d975b414a2\transformed\work-runtime-2.9.0\AndroidManifest.xml:51:13-69
138        <service
138-->[androidx.work:work-runtime:2.9.0] C:\Users\leoja\.gradle\caches\transforms-3\706a100263659bc74b0458d975b414a2\transformed\work-runtime-2.9.0\AndroidManifest.xml:53:9-59:35
139            android:name="androidx.work.impl.foreground.SystemForegroundService"
139-->[androidx.work:work-runtime:2.9.0] C:\Users\leoja\.gradle\caches\transforms-3\706a100263659bc74b0458d975b414a2\transformed\work-runtime-2.9.0\AndroidManifest.xml:54:13-81
140            android:directBootAware="false"
140-->[androidx.work:work-runtime:2.9.0] C:\Users\leoja\.gradle\caches\transforms-3\706a100263659bc74b0458d975b414a2\transformed\work-runtime-2.9.0\AndroidManifest.xml:55:13-44
141            android:enabled="@bool/enable_system_foreground_service_default"
141-->[androidx.work:work-runtime:2.9.0] C:\Users\leoja\.gradle\caches\transforms-3\706a100263659bc74b0458d975b414a2\transformed\work-runtime-2.9.0\AndroidManifest.xml:56:13-77
142            android:exported="false" />
142-->[androidx.work:work-runtime:2.9.0] C:\Users\leoja\.gradle\caches\transforms-3\706a100263659bc74b0458d975b414a2\transformed\work-runtime-2.9.0\AndroidManifest.xml:57:13-37
143
144        <receiver
144-->[androidx.work:work-runtime:2.9.0] C:\Users\leoja\.gradle\caches\transforms-3\706a100263659bc74b0458d975b414a2\transformed\work-runtime-2.9.0\AndroidManifest.xml:61:9-66:35
145            android:name="androidx.work.impl.utils.ForceStopRunnable$BroadcastReceiver"
145-->[androidx.work:work-runtime:2.9.0] C:\Users\leoja\.gradle\caches\transforms-3\706a100263659bc74b0458d975b414a2\transformed\work-runtime-2.9.0\AndroidManifest.xml:62:13-88
146            android:directBootAware="false"
146-->[androidx.work:work-runtime:2.9.0] C:\Users\leoja\.gradle\caches\transforms-3\706a100263659bc74b0458d975b414a2\transformed\work-runtime-2.9.0\AndroidManifest.xml:63:13-44
147            android:enabled="true"
147-->[androidx.work:work-runtime:2.9.0] C:\Users\leoja\.gradle\caches\transforms-3\706a100263659bc74b0458d975b414a2\transformed\work-runtime-2.9.0\AndroidManifest.xml:64:13-35
148            android:exported="false" />
148-->[androidx.work:work-runtime:2.9.0] C:\Users\leoja\.gradle\caches\transforms-3\706a100263659bc74b0458d975b414a2\transformed\work-runtime-2.9.0\AndroidManifest.xml:65:13-37
149        <receiver
149-->[androidx.work:work-runtime:2.9.0] C:\Users\leoja\.gradle\caches\transforms-3\706a100263659bc74b0458d975b414a2\transformed\work-runtime-2.9.0\AndroidManifest.xml:67:9-77:20
150            android:name="androidx.work.impl.background.systemalarm.ConstraintProxy$BatteryChargingProxy"
150-->[androidx.work:work-runtime:2.9.0] C:\Users\leoja\.gradle\caches\transforms-3\706a100263659bc74b0458d975b414a2\transformed\work-runtime-2.9.0\AndroidManifest.xml:68:13-106
151            android:directBootAware="false"
151-->[androidx.work:work-runtime:2.9.0] C:\Users\leoja\.gradle\caches\transforms-3\706a100263659bc74b0458d975b414a2\transformed\work-runtime-2.9.0\AndroidManifest.xml:69:13-44
152            android:enabled="false"
152-->[androidx.work:work-runtime:2.9.0] C:\Users\leoja\.gradle\caches\transforms-3\706a100263659bc74b0458d975b414a2\transformed\work-runtime-2.9.0\AndroidManifest.xml:70:13-36
153            android:exported="false" >
153-->[androidx.work:work-runtime:2.9.0] C:\Users\leoja\.gradle\caches\transforms-3\706a100263659bc74b0458d975b414a2\transformed\work-runtime-2.9.0\AndroidManifest.xml:71:13-37
154            <intent-filter>
154-->[androidx.work:work-runtime:2.9.0] C:\Users\leoja\.gradle\caches\transforms-3\706a100263659bc74b0458d975b414a2\transformed\work-runtime-2.9.0\AndroidManifest.xml:73:13-76:29
155                <action android:name="android.intent.action.ACTION_POWER_CONNECTED" />
155-->[androidx.work:work-runtime:2.9.0] C:\Users\leoja\.gradle\caches\transforms-3\706a100263659bc74b0458d975b414a2\transformed\work-runtime-2.9.0\AndroidManifest.xml:74:17-87
155-->[androidx.work:work-runtime:2.9.0] C:\Users\leoja\.gradle\caches\transforms-3\706a100263659bc74b0458d975b414a2\transformed\work-runtime-2.9.0\AndroidManifest.xml:74:25-84
156                <action android:name="android.intent.action.ACTION_POWER_DISCONNECTED" />
156-->[androidx.work:work-runtime:2.9.0] C:\Users\leoja\.gradle\caches\transforms-3\706a100263659bc74b0458d975b414a2\transformed\work-runtime-2.9.0\AndroidManifest.xml:75:17-90
156-->[androidx.work:work-runtime:2.9.0] C:\Users\leoja\.gradle\caches\transforms-3\706a100263659bc74b0458d975b414a2\transformed\work-runtime-2.9.0\AndroidManifest.xml:75:25-87
157            </intent-filter>
158        </receiver>
159        <receiver
159-->[androidx.work:work-runtime:2.9.0] C:\Users\leoja\.gradle\caches\transforms-3\706a100263659bc74b0458d975b414a2\transformed\work-runtime-2.9.0\AndroidManifest.xml:78:9-88:20
160            android:name="androidx.work.impl.background.systemalarm.ConstraintProxy$BatteryNotLowProxy"
160-->[androidx.work:work-runtime:2.9.0] C:\Users\leoja\.gradle\caches\transforms-3\706a100263659bc74b0458d975b414a2\transformed\work-runtime-2.9.0\AndroidManifest.xml:79:13-104
161            android:directBootAware="false"
161-->[androidx.work:work-runtime:2.9.0] C:\Users\leoja\.gradle\caches\transforms-3\706a100263659bc74b0458d975b414a2\transformed\work-runtime-2.9.0\AndroidManifest.xml:80:13-44
162            android:enabled="false"
162-->[androidx.work:work-runtime:2.9.0] C:\Users\leoja\.gradle\caches\transforms-3\706a100263659bc74b0458d975b414a2\transformed\work-runtime-2.9.0\AndroidManifest.xml:81:13-36
163            android:exported="false" >
163-->[androidx.work:work-runtime:2.9.0] C:\Users\leoja\.gradle\caches\transforms-3\706a100263659bc74b0458d975b414a2\transformed\work-runtime-2.9.0\AndroidManifest.xml:82:13-37
164            <intent-filter>
164-->[androidx.work:work-runtime:2.9.0] C:\Users\leoja\.gradle\caches\transforms-3\706a100263659bc74b0458d975b414a2\transformed\work-runtime-2.9.0\AndroidManifest.xml:84:13-87:29
165                <action android:name="android.intent.action.BATTERY_OKAY" />
165-->[androidx.work:work-runtime:2.9.0] C:\Users\leoja\.gradle\caches\transforms-3\706a100263659bc74b0458d975b414a2\transformed\work-runtime-2.9.0\AndroidManifest.xml:85:17-77
165-->[androidx.work:work-runtime:2.9.0] C:\Users\leoja\.gradle\caches\transforms-3\706a100263659bc74b0458d975b414a2\transformed\work-runtime-2.9.0\AndroidManifest.xml:85:25-74
166                <action android:name="android.intent.action.BATTERY_LOW" />
166-->[androidx.work:work-runtime:2.9.0] C:\Users\leoja\.gradle\caches\transforms-3\706a100263659bc74b0458d975b414a2\transformed\work-runtime-2.9.0\AndroidManifest.xml:86:17-76
166-->[androidx.work:work-runtime:2.9.0] C:\Users\leoja\.gradle\caches\transforms-3\706a100263659bc74b0458d975b414a2\transformed\work-runtime-2.9.0\AndroidManifest.xml:86:25-73
167            </intent-filter>
168        </receiver>
169        <receiver
169-->[androidx.work:work-runtime:2.9.0] C:\Users\leoja\.gradle\caches\transforms-3\706a100263659bc74b0458d975b414a2\transformed\work-runtime-2.9.0\AndroidManifest.xml:89:9-99:20
170            android:name="androidx.work.impl.background.systemalarm.ConstraintProxy$StorageNotLowProxy"
170-->[androidx.work:work-runtime:2.9.0] C:\Users\leoja\.gradle\caches\transforms-3\706a100263659bc74b0458d975b414a2\transformed\work-runtime-2.9.0\AndroidManifest.xml:90:13-104
171            android:directBootAware="false"
171-->[androidx.work:work-runtime:2.9.0] C:\Users\leoja\.gradle\caches\transforms-3\706a100263659bc74b0458d975b414a2\transformed\work-runtime-2.9.0\AndroidManifest.xml:91:13-44
172            android:enabled="false"
172-->[androidx.work:work-runtime:2.9.0] C:\Users\leoja\.gradle\caches\transforms-3\706a100263659bc74b0458d975b414a2\transformed\work-runtime-2.9.0\AndroidManifest.xml:92:13-36
173            android:exported="false" >
173-->[androidx.work:work-runtime:2.9.0] C:\Users\leoja\.gradle\caches\transforms-3\706a100263659bc74b0458d975b414a2\transformed\work-runtime-2.9.0\AndroidManifest.xml:93:13-37
174            <intent-filter>
174-->[androidx.work:work-runtime:2.9.0] C:\Users\leoja\.gradle\caches\transforms-3\706a100263659bc74b0458d975b414a2\transformed\work-runtime-2.9.0\AndroidManifest.xml:95:13-98:29
175                <action android:name="android.intent.action.DEVICE_STORAGE_LOW" />
175-->[androidx.work:work-runtime:2.9.0] C:\Users\leoja\.gradle\caches\transforms-3\706a100263659bc74b0458d975b414a2\transformed\work-runtime-2.9.0\AndroidManifest.xml:96:17-83
175-->[androidx.work:work-runtime:2.9.0] C:\Users\leoja\.gradle\caches\transforms-3\706a100263659bc74b0458d975b414a2\transformed\work-runtime-2.9.0\AndroidManifest.xml:96:25-80
176                <action android:name="android.intent.action.DEVICE_STORAGE_OK" />
176-->[androidx.work:work-runtime:2.9.0] C:\Users\leoja\.gradle\caches\transforms-3\706a100263659bc74b0458d975b414a2\transformed\work-runtime-2.9.0\AndroidManifest.xml:97:17-82
176-->[androidx.work:work-runtime:2.9.0] C:\Users\leoja\.gradle\caches\transforms-3\706a100263659bc74b0458d975b414a2\transformed\work-runtime-2.9.0\AndroidManifest.xml:97:25-79
177            </intent-filter>
178        </receiver>
179        <receiver
179-->[androidx.work:work-runtime:2.9.0] C:\Users\leoja\.gradle\caches\transforms-3\706a100263659bc74b0458d975b414a2\transformed\work-runtime-2.9.0\AndroidManifest.xml:100:9-109:20
180            android:name="androidx.work.impl.background.systemalarm.ConstraintProxy$NetworkStateProxy"
180-->[androidx.work:work-runtime:2.9.0] C:\Users\leoja\.gradle\caches\transforms-3\706a100263659bc74b0458d975b414a2\transformed\work-runtime-2.9.0\AndroidManifest.xml:101:13-103
181            android:directBootAware="false"
181-->[androidx.work:work-runtime:2.9.0] C:\Users\leoja\.gradle\caches\transforms-3\706a100263659bc74b0458d975b414a2\transformed\work-runtime-2.9.0\AndroidManifest.xml:102:13-44
182            android:enabled="false"
182-->[androidx.work:work-runtime:2.9.0] C:\Users\leoja\.gradle\caches\transforms-3\706a100263659bc74b0458d975b414a2\transformed\work-runtime-2.9.0\AndroidManifest.xml:103:13-36
183            android:exported="false" >
183-->[androidx.work:work-runtime:2.9.0] C:\Users\leoja\.gradle\caches\transforms-3\706a100263659bc74b0458d975b414a2\transformed\work-runtime-2.9.0\AndroidManifest.xml:104:13-37
184            <intent-filter>
184-->[androidx.work:work-runtime:2.9.0] C:\Users\leoja\.gradle\caches\transforms-3\706a100263659bc74b0458d975b414a2\transformed\work-runtime-2.9.0\AndroidManifest.xml:106:13-108:29
185                <action android:name="android.net.conn.CONNECTIVITY_CHANGE" />
185-->[androidx.work:work-runtime:2.9.0] C:\Users\leoja\.gradle\caches\transforms-3\706a100263659bc74b0458d975b414a2\transformed\work-runtime-2.9.0\AndroidManifest.xml:107:17-79
185-->[androidx.work:work-runtime:2.9.0] C:\Users\leoja\.gradle\caches\transforms-3\706a100263659bc74b0458d975b414a2\transformed\work-runtime-2.9.0\AndroidManifest.xml:107:25-76
186            </intent-filter>
187        </receiver>
188        <receiver
188-->[androidx.work:work-runtime:2.9.0] C:\Users\leoja\.gradle\caches\transforms-3\706a100263659bc74b0458d975b414a2\transformed\work-runtime-2.9.0\AndroidManifest.xml:110:9-121:20
189            android:name="androidx.work.impl.background.systemalarm.RescheduleReceiver"
189-->[androidx.work:work-runtime:2.9.0] C:\Users\leoja\.gradle\caches\transforms-3\706a100263659bc74b0458d975b414a2\transformed\work-runtime-2.9.0\AndroidManifest.xml:111:13-88
190            android:directBootAware="false"
190-->[androidx.work:work-runtime:2.9.0] C:\Users\leoja\.gradle\caches\transforms-3\706a100263659bc74b0458d975b414a2\transformed\work-runtime-2.9.0\AndroidManifest.xml:112:13-44
191            android:enabled="false"
191-->[androidx.work:work-runtime:2.9.0] C:\Users\leoja\.gradle\caches\transforms-3\706a100263659bc74b0458d975b414a2\transformed\work-runtime-2.9.0\AndroidManifest.xml:113:13-36
192            android:exported="false" >
192-->[androidx.work:work-runtime:2.9.0] C:\Users\leoja\.gradle\caches\transforms-3\706a100263659bc74b0458d975b414a2\transformed\work-runtime-2.9.0\AndroidManifest.xml:114:13-37
193            <intent-filter>
193-->[androidx.work:work-runtime:2.9.0] C:\Users\leoja\.gradle\caches\transforms-3\706a100263659bc74b0458d975b414a2\transformed\work-runtime-2.9.0\AndroidManifest.xml:116:13-120:29
194                <action android:name="android.intent.action.BOOT_COMPLETED" />
194-->[androidx.work:work-runtime:2.9.0] C:\Users\leoja\.gradle\caches\transforms-3\706a100263659bc74b0458d975b414a2\transformed\work-runtime-2.9.0\AndroidManifest.xml:117:17-79
194-->[androidx.work:work-runtime:2.9.0] C:\Users\leoja\.gradle\caches\transforms-3\706a100263659bc74b0458d975b414a2\transformed\work-runtime-2.9.0\AndroidManifest.xml:117:25-76
195                <action android:name="android.intent.action.TIME_SET" />
195-->[androidx.work:work-runtime:2.9.0] C:\Users\leoja\.gradle\caches\transforms-3\706a100263659bc74b0458d975b414a2\transformed\work-runtime-2.9.0\AndroidManifest.xml:118:17-73
195-->[androidx.work:work-runtime:2.9.0] C:\Users\leoja\.gradle\caches\transforms-3\706a100263659bc74b0458d975b414a2\transformed\work-runtime-2.9.0\AndroidManifest.xml:118:25-70
196                <action android:name="android.intent.action.TIMEZONE_CHANGED" />
196-->[androidx.work:work-runtime:2.9.0] C:\Users\leoja\.gradle\caches\transforms-3\706a100263659bc74b0458d975b414a2\transformed\work-runtime-2.9.0\AndroidManifest.xml:119:17-81
196-->[androidx.work:work-runtime:2.9.0] C:\Users\leoja\.gradle\caches\transforms-3\706a100263659bc74b0458d975b414a2\transformed\work-runtime-2.9.0\AndroidManifest.xml:119:25-78
197            </intent-filter>
198        </receiver>
199        <receiver
199-->[androidx.work:work-runtime:2.9.0] C:\Users\leoja\.gradle\caches\transforms-3\706a100263659bc74b0458d975b414a2\transformed\work-runtime-2.9.0\AndroidManifest.xml:122:9-131:20
200            android:name="androidx.work.impl.background.systemalarm.ConstraintProxyUpdateReceiver"
200-->[androidx.work:work-runtime:2.9.0] C:\Users\leoja\.gradle\caches\transforms-3\706a100263659bc74b0458d975b414a2\transformed\work-runtime-2.9.0\AndroidManifest.xml:123:13-99
201            android:directBootAware="false"
201-->[androidx.work:work-runtime:2.9.0] C:\Users\leoja\.gradle\caches\transforms-3\706a100263659bc74b0458d975b414a2\transformed\work-runtime-2.9.0\AndroidManifest.xml:124:13-44
202            android:enabled="@bool/enable_system_alarm_service_default"
202-->[androidx.work:work-runtime:2.9.0] C:\Users\leoja\.gradle\caches\transforms-3\706a100263659bc74b0458d975b414a2\transformed\work-runtime-2.9.0\AndroidManifest.xml:125:13-72
203            android:exported="false" >
203-->[androidx.work:work-runtime:2.9.0] C:\Users\leoja\.gradle\caches\transforms-3\706a100263659bc74b0458d975b414a2\transformed\work-runtime-2.9.0\AndroidManifest.xml:126:13-37
204            <intent-filter>
204-->[androidx.work:work-runtime:2.9.0] C:\Users\leoja\.gradle\caches\transforms-3\706a100263659bc74b0458d975b414a2\transformed\work-runtime-2.9.0\AndroidManifest.xml:128:13-130:29
205                <action android:name="androidx.work.impl.background.systemalarm.UpdateProxies" />
205-->[androidx.work:work-runtime:2.9.0] C:\Users\leoja\.gradle\caches\transforms-3\706a100263659bc74b0458d975b414a2\transformed\work-runtime-2.9.0\AndroidManifest.xml:129:17-98
205-->[androidx.work:work-runtime:2.9.0] C:\Users\leoja\.gradle\caches\transforms-3\706a100263659bc74b0458d975b414a2\transformed\work-runtime-2.9.0\AndroidManifest.xml:129:25-95
206            </intent-filter>
207        </receiver>
208        <receiver
208-->[androidx.work:work-runtime:2.9.0] C:\Users\leoja\.gradle\caches\transforms-3\706a100263659bc74b0458d975b414a2\transformed\work-runtime-2.9.0\AndroidManifest.xml:132:9-142:20
209            android:name="androidx.work.impl.diagnostics.DiagnosticsReceiver"
209-->[androidx.work:work-runtime:2.9.0] C:\Users\leoja\.gradle\caches\transforms-3\706a100263659bc74b0458d975b414a2\transformed\work-runtime-2.9.0\AndroidManifest.xml:133:13-78
210            android:directBootAware="false"
210-->[androidx.work:work-runtime:2.9.0] C:\Users\leoja\.gradle\caches\transforms-3\706a100263659bc74b0458d975b414a2\transformed\work-runtime-2.9.0\AndroidManifest.xml:134:13-44
211            android:enabled="true"
211-->[androidx.work:work-runtime:2.9.0] C:\Users\leoja\.gradle\caches\transforms-3\706a100263659bc74b0458d975b414a2\transformed\work-runtime-2.9.0\AndroidManifest.xml:135:13-35
212            android:exported="true"
212-->[androidx.work:work-runtime:2.9.0] C:\Users\leoja\.gradle\caches\transforms-3\706a100263659bc74b0458d975b414a2\transformed\work-runtime-2.9.0\AndroidManifest.xml:136:13-36
213            android:permission="android.permission.DUMP" >
213-->[androidx.work:work-runtime:2.9.0] C:\Users\leoja\.gradle\caches\transforms-3\706a100263659bc74b0458d975b414a2\transformed\work-runtime-2.9.0\AndroidManifest.xml:137:13-57
214            <intent-filter>
214-->[androidx.work:work-runtime:2.9.0] C:\Users\leoja\.gradle\caches\transforms-3\706a100263659bc74b0458d975b414a2\transformed\work-runtime-2.9.0\AndroidManifest.xml:139:13-141:29
215                <action android:name="androidx.work.diagnostics.REQUEST_DIAGNOSTICS" />
215-->[androidx.work:work-runtime:2.9.0] C:\Users\leoja\.gradle\caches\transforms-3\706a100263659bc74b0458d975b414a2\transformed\work-runtime-2.9.0\AndroidManifest.xml:140:17-88
215-->[androidx.work:work-runtime:2.9.0] C:\Users\leoja\.gradle\caches\transforms-3\706a100263659bc74b0458d975b414a2\transformed\work-runtime-2.9.0\AndroidManifest.xml:140:25-85
216            </intent-filter>
217        </receiver>
218
219        <uses-library
219-->[androidx.window:window:1.0.0] C:\Users\leoja\.gradle\caches\transforms-3\47776d6760bbd0443caff3d2f36791e9\transformed\window-1.0.0\AndroidManifest.xml:25:9-27:40
220            android:name="androidx.window.extensions"
220-->[androidx.window:window:1.0.0] C:\Users\leoja\.gradle\caches\transforms-3\47776d6760bbd0443caff3d2f36791e9\transformed\window-1.0.0\AndroidManifest.xml:26:13-54
221            android:required="false" />
221-->[androidx.window:window:1.0.0] C:\Users\leoja\.gradle\caches\transforms-3\47776d6760bbd0443caff3d2f36791e9\transformed\window-1.0.0\AndroidManifest.xml:27:13-37
222        <uses-library
222-->[androidx.window:window:1.0.0] C:\Users\leoja\.gradle\caches\transforms-3\47776d6760bbd0443caff3d2f36791e9\transformed\window-1.0.0\AndroidManifest.xml:28:9-30:40
223            android:name="androidx.window.sidecar"
223-->[androidx.window:window:1.0.0] C:\Users\leoja\.gradle\caches\transforms-3\47776d6760bbd0443caff3d2f36791e9\transformed\window-1.0.0\AndroidManifest.xml:29:13-51
224            android:required="false" />
224-->[androidx.window:window:1.0.0] C:\Users\leoja\.gradle\caches\transforms-3\47776d6760bbd0443caff3d2f36791e9\transformed\window-1.0.0\AndroidManifest.xml:30:13-37
225
226        <service
226-->[androidx.room:room-runtime:2.6.1] C:\Users\leoja\.gradle\caches\transforms-3\8186126d8c71cdd25c37a60a16a75937\transformed\room-runtime-2.6.1\AndroidManifest.xml:24:9-28:63
227            android:name="androidx.room.MultiInstanceInvalidationService"
227-->[androidx.room:room-runtime:2.6.1] C:\Users\leoja\.gradle\caches\transforms-3\8186126d8c71cdd25c37a60a16a75937\transformed\room-runtime-2.6.1\AndroidManifest.xml:25:13-74
228            android:directBootAware="true"
228-->[androidx.room:room-runtime:2.6.1] C:\Users\leoja\.gradle\caches\transforms-3\8186126d8c71cdd25c37a60a16a75937\transformed\room-runtime-2.6.1\AndroidManifest.xml:26:13-43
229            android:exported="false" />
229-->[androidx.room:room-runtime:2.6.1] C:\Users\leoja\.gradle\caches\transforms-3\8186126d8c71cdd25c37a60a16a75937\transformed\room-runtime-2.6.1\AndroidManifest.xml:27:13-37
230
231        <receiver
231-->[androidx.profileinstaller:profileinstaller:1.3.0] C:\Users\leoja\.gradle\caches\transforms-3\82b9ff31f05292c4c837ee6a01220b3e\transformed\profileinstaller-1.3.0\AndroidManifest.xml:34:9-52:20
232            android:name="androidx.profileinstaller.ProfileInstallReceiver"
232-->[androidx.profileinstaller:profileinstaller:1.3.0] C:\Users\leoja\.gradle\caches\transforms-3\82b9ff31f05292c4c837ee6a01220b3e\transformed\profileinstaller-1.3.0\AndroidManifest.xml:35:13-76
233            android:directBootAware="false"
233-->[androidx.profileinstaller:profileinstaller:1.3.0] C:\Users\leoja\.gradle\caches\transforms-3\82b9ff31f05292c4c837ee6a01220b3e\transformed\profileinstaller-1.3.0\AndroidManifest.xml:36:13-44
234            android:enabled="true"
234-->[androidx.profileinstaller:profileinstaller:1.3.0] C:\Users\leoja\.gradle\caches\transforms-3\82b9ff31f05292c4c837ee6a01220b3e\transformed\profileinstaller-1.3.0\AndroidManifest.xml:37:13-35
235            android:exported="true"
235-->[androidx.profileinstaller:profileinstaller:1.3.0] C:\Users\leoja\.gradle\caches\transforms-3\82b9ff31f05292c4c837ee6a01220b3e\transformed\profileinstaller-1.3.0\AndroidManifest.xml:38:13-36
236            android:permission="android.permission.DUMP" >
236-->[androidx.profileinstaller:profileinstaller:1.3.0] C:\Users\leoja\.gradle\caches\transforms-3\82b9ff31f05292c4c837ee6a01220b3e\transformed\profileinstaller-1.3.0\AndroidManifest.xml:39:13-57
237            <intent-filter>
237-->[androidx.profileinstaller:profileinstaller:1.3.0] C:\Users\leoja\.gradle\caches\transforms-3\82b9ff31f05292c4c837ee6a01220b3e\transformed\profileinstaller-1.3.0\AndroidManifest.xml:40:13-42:29
238                <action android:name="androidx.profileinstaller.action.INSTALL_PROFILE" />
238-->[androidx.profileinstaller:profileinstaller:1.3.0] C:\Users\leoja\.gradle\caches\transforms-3\82b9ff31f05292c4c837ee6a01220b3e\transformed\profileinstaller-1.3.0\AndroidManifest.xml:41:17-91
238-->[androidx.profileinstaller:profileinstaller:1.3.0] C:\Users\leoja\.gradle\caches\transforms-3\82b9ff31f05292c4c837ee6a01220b3e\transformed\profileinstaller-1.3.0\AndroidManifest.xml:41:25-88
239            </intent-filter>
240            <intent-filter>
240-->[androidx.profileinstaller:profileinstaller:1.3.0] C:\Users\leoja\.gradle\caches\transforms-3\82b9ff31f05292c4c837ee6a01220b3e\transformed\profileinstaller-1.3.0\AndroidManifest.xml:43:13-45:29
241                <action android:name="androidx.profileinstaller.action.SKIP_FILE" />
241-->[androidx.profileinstaller:profileinstaller:1.3.0] C:\Users\leoja\.gradle\caches\transforms-3\82b9ff31f05292c4c837ee6a01220b3e\transformed\profileinstaller-1.3.0\AndroidManifest.xml:44:17-85
241-->[androidx.profileinstaller:profileinstaller:1.3.0] C:\Users\leoja\.gradle\caches\transforms-3\82b9ff31f05292c4c837ee6a01220b3e\transformed\profileinstaller-1.3.0\AndroidManifest.xml:44:25-82
242            </intent-filter>
243            <intent-filter>
243-->[androidx.profileinstaller:profileinstaller:1.3.0] C:\Users\leoja\.gradle\caches\transforms-3\82b9ff31f05292c4c837ee6a01220b3e\transformed\profileinstaller-1.3.0\AndroidManifest.xml:46:13-48:29
244                <action android:name="androidx.profileinstaller.action.SAVE_PROFILE" />
244-->[androidx.profileinstaller:profileinstaller:1.3.0] C:\Users\leoja\.gradle\caches\transforms-3\82b9ff31f05292c4c837ee6a01220b3e\transformed\profileinstaller-1.3.0\AndroidManifest.xml:47:17-88
244-->[androidx.profileinstaller:profileinstaller:1.3.0] C:\Users\leoja\.gradle\caches\transforms-3\82b9ff31f05292c4c837ee6a01220b3e\transformed\profileinstaller-1.3.0\AndroidManifest.xml:47:25-85
245            </intent-filter>
246            <intent-filter>
246-->[androidx.profileinstaller:profileinstaller:1.3.0] C:\Users\leoja\.gradle\caches\transforms-3\82b9ff31f05292c4c837ee6a01220b3e\transformed\profileinstaller-1.3.0\AndroidManifest.xml:49:13-51:29
247                <action android:name="androidx.profileinstaller.action.BENCHMARK_OPERATION" />
247-->[androidx.profileinstaller:profileinstaller:1.3.0] C:\Users\leoja\.gradle\caches\transforms-3\82b9ff31f05292c4c837ee6a01220b3e\transformed\profileinstaller-1.3.0\AndroidManifest.xml:50:17-95
247-->[androidx.profileinstaller:profileinstaller:1.3.0] C:\Users\leoja\.gradle\caches\transforms-3\82b9ff31f05292c4c837ee6a01220b3e\transformed\profileinstaller-1.3.0\AndroidManifest.xml:50:25-92
248            </intent-filter>
249        </receiver>
250    </application>
251
252</manifest>

Merged manifest saved to C:\Users\leoja\AndroidStudioProjects\PaleobyLeoRecipes\app\build\intermediates\merged_manifest\release\AndroidManifest.xml
Resolve mutations for :app:processReleaseManifest (Thread[#886,included builds,5,main]) started.
:app:processReleaseManifest (Thread[#886,included builds,5,main]) started.

> Task :app:processReleaseManifest
Caching disabled for task ':app:processReleaseManifest' because:
  Build cache is disabled
Task ':app:processReleaseManifest' is not up-to-date because:
  Output property 'multiApkManifestOutputDirectory' file C:\Users\leoja\AndroidStudioProjects\PaleobyLeoRecipes\app\build\intermediates\merged_manifests\release has been removed.
  Output property 'multiApkManifestOutputDirectory' file C:\Users\leoja\AndroidStudioProjects\PaleobyLeoRecipes\app\build\intermediates\merged_manifests\release\AndroidManifest.xml has been removed.
  Output property 'multiApkManifestOutputDirectory' file C:\Users\leoja\AndroidStudioProjects\PaleobyLeoRecipes\app\build\intermediates\merged_manifests\release\output-metadata.json has been removed.
Resolve mutations for :app:processReleaseManifestForPackage (Thread[#886,included builds,5,main]) started.
:app:processReleaseManifestForPackage (Thread[#886,included builds,5,main]) started.
Resolve mutations for :app:javaPreCompileRelease (Thread[#888,Execution worker Thread 2,5,main]) started.
:app:javaPreCompileRelease (Thread[#888,Execution worker Thread 2,5,main]) started.
Resolve mutations for :app:extractProguardFiles (Thread[#887,Execution worker,5,main]) started.
:app:extractProguardFiles (Thread[#887,Execution worker,5,main]) started.

> Task :app:javaPreCompileRelease
Caching disabled for task ':app:javaPreCompileRelease' because:
  Build cache is disabled
Task ':app:javaPreCompileRelease' is not up-to-date because:
  Output property 'annotationProcessorListFile' file C:\Users\leoja\AndroidStudioProjects\PaleobyLeoRecipes\app\build\intermediates\annotation_processor_list\release\annotationProcessors.json has been removed.

> Task :app:extractProguardFiles
Caching disabled for task ':app:extractProguardFiles' because:
  Build cache is disabled
Task ':app:extractProguardFiles' is not up-to-date because:
  Output property 'proguardFilesDir' file C:\Users\leoja\AndroidStudioProjects\PaleobyLeoRecipes\app\build\intermediates\default_proguard_files\global has been removed.
  Output property 'proguardFilesDir' file C:\Users\leoja\AndroidStudioProjects\PaleobyLeoRecipes\app\build\intermediates\default_proguard_files\global\proguard-android-optimize.txt-8.1.0 has been removed.
  Output property 'proguardFilesDir' file C:\Users\leoja\AndroidStudioProjects\PaleobyLeoRecipes\app\build\intermediates\default_proguard_files\global\proguard-android.txt-8.1.0 has been removed.
  Output property 'proguardFilesDir' file C:\Users\leoja\AndroidStudioProjects\PaleobyLeoRecipes\app\build\intermediates\default_proguard_files\global\proguard-defaults.txt-8.1.0 has been removed.
Resolve mutations for :app:dataBindingGenBaseClassesDebug (Thread[#887,Execution worker,5,main]) started.
:app:dataBindingGenBaseClassesDebug (Thread[#887,Execution worker,5,main]) started.

> Task :app:dataBindingGenBaseClassesDebug
Transforming databinding-runtime-8.1.0.aar (androidx.databinding:databinding-runtime:8.1.0) with IdentityTransform
Transforming databinding-runtime-8.1.0.aar (androidx.databinding:databinding-runtime:8.1.0) with ExtractAarTransform
Transforming databinding-runtime-8.1.0.aar (androidx.databinding:databinding-runtime:8.1.0) with AarTransform
Transforming viewbinding-8.1.0.aar (androidx.databinding:viewbinding:8.1.0) with IdentityTransform
Transforming viewbinding-8.1.0.aar (androidx.databinding:viewbinding:8.1.0) with ExtractAarTransform
Transforming viewbinding-8.1.0.aar (androidx.databinding:viewbinding:8.1.0) with AarTransform
Transforming databinding-adapters-8.1.0.aar (androidx.databinding:databinding-adapters:8.1.0) with IdentityTransform
Transforming databinding-adapters-8.1.0.aar (androidx.databinding:databinding-adapters:8.1.0) with ExtractAarTransform
Transforming databinding-adapters-8.1.0.aar (androidx.databinding:databinding-adapters:8.1.0) with AarTransform
Transforming databinding-ktx-8.1.0.aar (androidx.databinding:databinding-ktx:8.1.0) with IdentityTransform
Transforming databinding-ktx-8.1.0.aar (androidx.databinding:databinding-ktx:8.1.0) with ExtractAarTransform
Transforming databinding-ktx-8.1.0.aar (androidx.databinding:databinding-ktx:8.1.0) with AarTransform
Transforming navigation-common-2.7.6.aar (androidx.navigation:navigation-common:2.7.6) with IdentityTransform
Transforming navigation-common-2.7.6.aar (androidx.navigation:navigation-common:2.7.6) with ExtractAarTransform
Transforming navigation-common-2.7.6.aar (androidx.navigation:navigation-common:2.7.6) with AarTransform
Transforming navigation-common-ktx-2.7.6.aar (androidx.navigation:navigation-common-ktx:2.7.6) with IdentityTransform
Transforming navigation-common-ktx-2.7.6.aar (androidx.navigation:navigation-common-ktx:2.7.6) with ExtractAarTransform
Transforming navigation-common-ktx-2.7.6.aar (androidx.navigation:navigation-common-ktx:2.7.6) with AarTransform
Transforming navigation-runtime-2.7.6.aar (androidx.navigation:navigation-runtime:2.7.6) with IdentityTransform
Transforming navigation-runtime-2.7.6.aar (androidx.navigation:navigation-runtime:2.7.6) with ExtractAarTransform
Transforming navigation-runtime-2.7.6.aar (androidx.navigation:navigation-runtime:2.7.6) with AarTransform
Transforming navigation-runtime-ktx-2.7.6.aar (androidx.navigation:navigation-runtime-ktx:2.7.6) with IdentityTransform
Transforming navigation-runtime-ktx-2.7.6.aar (androidx.navigation:navigation-runtime-ktx:2.7.6) with ExtractAarTransform
Transforming navigation-runtime-ktx-2.7.6.aar (androidx.navigation:navigation-runtime-ktx:2.7.6) with AarTransform
Transforming navigation-fragment-2.7.6.aar (androidx.navigation:navigation-fragment:2.7.6) with IdentityTransform
Transforming navigation-fragment-2.7.6.aar (androidx.navigation:navigation-fragment:2.7.6) with ExtractAarTransform
Transforming navigation-fragment-2.7.6.aar (androidx.navigation:navigation-fragment:2.7.6) with AarTransform
Transforming navigation-fragment-ktx-2.7.6.aar (androidx.navigation:navigation-fragment-ktx:2.7.6) with IdentityTransform
Transforming navigation-fragment-ktx-2.7.6.aar (androidx.navigation:navigation-fragment-ktx:2.7.6) with ExtractAarTransform
Transforming navigation-fragment-ktx-2.7.6.aar (androidx.navigation:navigation-fragment-ktx:2.7.6) with AarTransform
Transforming navigation-ui-ktx-2.7.6.aar (androidx.navigation:navigation-ui-ktx:2.7.6) with IdentityTransform
Transforming navigation-ui-ktx-2.7.6.aar (androidx.navigation:navigation-ui-ktx:2.7.6) with ExtractAarTransform
Transforming navigation-ui-ktx-2.7.6.aar (androidx.navigation:navigation-ui-ktx:2.7.6) with AarTransform
Transforming navigation-ui-2.7.6.aar (androidx.navigation:navigation-ui:2.7.6) with IdentityTransform
Transforming navigation-ui-2.7.6.aar (androidx.navigation:navigation-ui:2.7.6) with ExtractAarTransform
Transforming navigation-ui-2.7.6.aar (androidx.navigation:navigation-ui:2.7.6) with AarTransform
Transforming material-1.11.0.aar (com.google.android.material:material:1.11.0) with IdentityTransform
Transforming material-1.11.0.aar (com.google.android.material:material:1.11.0) with ExtractAarTransform
Transforming material-1.11.0.aar (com.google.android.material:material:1.11.0) with AarTransform
Transforming appcompat-1.6.1.aar (androidx.appcompat:appcompat:1.6.1) with IdentityTransform
Transforming appcompat-1.6.1.aar (androidx.appcompat:appcompat:1.6.1) with ExtractAarTransform
Transforming appcompat-1.6.1.aar (androidx.appcompat:appcompat:1.6.1) with AarTransform
Transforming hilt-work-1.0.0.aar (androidx.hilt:hilt-work:1.0.0) with IdentityTransform
Transforming hilt-work-1.0.0.aar (androidx.hilt:hilt-work:1.0.0) with ExtractAarTransform
Transforming hilt-work-1.0.0.aar (androidx.hilt:hilt-work:1.0.0) with AarTransform
Transforming hilt-android-2.46.1.aar (com.google.dagger:hilt-android:2.46.1) with IdentityTransform
Transforming hilt-android-2.46.1.aar (com.google.dagger:hilt-android:2.46.1) with ExtractAarTransform
Transforming hilt-android-2.46.1.aar (com.google.dagger:hilt-android:2.46.1) with AarTransform
Transforming okhttp3-integration-4.16.0.aar (com.github.bumptech.glide:okhttp3-integration:4.16.0) with IdentityTransform
Transforming okhttp3-integration-4.16.0.aar (com.github.bumptech.glide:okhttp3-integration:4.16.0) with ExtractAarTransform
Transforming okhttp3-integration-4.16.0.aar (com.github.bumptech.glide:okhttp3-integration:4.16.0) with AarTransform
Transforming glide-4.16.0.aar (com.github.bumptech.glide:glide:4.16.0) with IdentityTransform
Transforming glide-4.16.0.aar (com.github.bumptech.glide:glide:4.16.0) with ExtractAarTransform
Transforming glide-4.16.0.aar (com.github.bumptech.glide:glide:4.16.0) with AarTransform
Transforming viewpager2-1.0.0.aar (androidx.viewpager2:viewpager2:1.0.0) with IdentityTransform
Transforming viewpager2-1.0.0.aar (androidx.viewpager2:viewpager2:1.0.0) with ExtractAarTransform
Transforming viewpager2-1.0.0.aar (androidx.viewpager2:viewpager2:1.0.0) with AarTransform
Transforming fragment-1.6.2.aar (androidx.fragment:fragment:1.6.2) with IdentityTransform
Transforming fragment-1.6.2.aar (androidx.fragment:fragment:1.6.2) with ExtractAarTransform
Transforming fragment-1.6.2.aar (androidx.fragment:fragment:1.6.2) with AarTransform
Transforming fragment-1.6.2.aar (androidx.fragment:fragment:1.6.2) with IdentityTransform
Transforming fragment-1.6.2.aar (androidx.fragment:fragment:1.6.2) with ExtractAarTransform
Transforming fragment-1.6.2.aar (androidx.fragment:fragment:1.6.2) with AarTransform
Transforming fragment-ktx-1.6.2.aar (androidx.fragment:fragment-ktx:1.6.2) with IdentityTransform
Transforming fragment-ktx-1.6.2.aar (androidx.fragment:fragment-ktx:1.6.2) with ExtractAarTransform
Transforming fragment-ktx-1.6.2.aar (androidx.fragment:fragment-ktx:1.6.2) with AarTransform
Transforming material3-1.1.2.aar (androidx.compose.material3:material3:1.1.2) with IdentityTransform
Transforming material3-1.1.2.aar (androidx.compose.material3:material3:1.1.2) with ExtractAarTransform
Transforming material3-1.1.2.aar (androidx.compose.material3:material3:1.1.2) with AarTransform
Transforming material-icons-core-release.aar (androidx.compose.material:material-icons-core-android:1.5.4) with IdentityTransform
Transforming material-icons-core-release.aar (androidx.compose.material:material-icons-core-android:1.5.4) with ExtractAarTransform
Transforming material-icons-core-release.aar (androidx.compose.material:material-icons-core-android:1.5.4) with AarTransform
Transforming material-ripple-release.aar (androidx.compose.material:material-ripple-android:1.5.4) with IdentityTransform
Transforming material-ripple-release.aar (androidx.compose.material:material-ripple-android:1.5.4) with ExtractAarTransform
Transforming material-ripple-release.aar (androidx.compose.material:material-ripple-android:1.5.4) with AarTransform
Transforming animation-core-release.aar (androidx.compose.animation:animation-core-android:1.5.4) with IdentityTransform
Transforming animation-core-release.aar (androidx.compose.animation:animation-core-android:1.5.4) with ExtractAarTransform
Transforming animation-core-release.aar (androidx.compose.animation:animation-core-android:1.5.4) with AarTransform
Transforming animation-release.aar (androidx.compose.animation:animation-android:1.5.4) with IdentityTransform
Transforming animation-release.aar (androidx.compose.animation:animation-android:1.5.4) with ExtractAarTransform
Transforming animation-release.aar (androidx.compose.animation:animation-android:1.5.4) with AarTransform
Transforming foundation-layout-release.aar (androidx.compose.foundation:foundation-layout-android:1.5.4) with IdentityTransform
Transforming foundation-layout-release.aar (androidx.compose.foundation:foundation-layout-android:1.5.4) with ExtractAarTransform
Transforming foundation-layout-release.aar (androidx.compose.foundation:foundation-layout-android:1.5.4) with AarTransform
Transforming foundation-release.aar (androidx.compose.foundation:foundation-android:1.5.4) with IdentityTransform
Transforming foundation-release.aar (androidx.compose.foundation:foundation-android:1.5.4) with ExtractAarTransform
Transforming foundation-release.aar (androidx.compose.foundation:foundation-android:1.5.4) with AarTransform
Transforming runtime-saveable-release.aar (androidx.compose.runtime:runtime-saveable-android:1.5.4) with IdentityTransform
Transforming runtime-saveable-release.aar (androidx.compose.runtime:runtime-saveable-android:1.5.4) with ExtractAarTransform
Transforming runtime-saveable-release.aar (androidx.compose.runtime:runtime-saveable-android:1.5.4) with AarTransform
Transforming ui-unit-release.aar (androidx.compose.ui:ui-unit-android:1.5.4) with IdentityTransform
Transforming ui-unit-release.aar (androidx.compose.ui:ui-unit-android:1.5.4) with ExtractAarTransform
Transforming ui-unit-release.aar (androidx.compose.ui:ui-unit-android:1.5.4) with AarTransform
Transforming ui-geometry-release.aar (androidx.compose.ui:ui-geometry-android:1.5.4) with IdentityTransform
Transforming ui-geometry-release.aar (androidx.compose.ui:ui-geometry-android:1.5.4) with ExtractAarTransform
Transforming ui-geometry-release.aar (androidx.compose.ui:ui-geometry-android:1.5.4) with AarTransform
Transforming ui-text-release.aar (androidx.compose.ui:ui-text-android:1.5.4) with IdentityTransform
Transforming ui-text-release.aar (androidx.compose.ui:ui-text-android:1.5.4) with ExtractAarTransform
Transforming ui-text-release.aar (androidx.compose.ui:ui-text-android:1.5.4) with AarTransform
Transforming ui-graphics-release.aar (androidx.compose.ui:ui-graphics-android:1.5.4) with IdentityTransform
Transforming ui-graphics-release.aar (androidx.compose.ui:ui-graphics-android:1.5.4) with ExtractAarTransform
Transforming ui-graphics-release.aar (androidx.compose.ui:ui-graphics-android:1.5.4) with AarTransform
Transforming ui-tooling-data-release.aar (androidx.compose.ui:ui-tooling-data-android:1.5.4) with IdentityTransform
Transforming ui-tooling-data-release.aar (androidx.compose.ui:ui-tooling-data-android:1.5.4) with ExtractAarTransform
Transforming ui-tooling-data-release.aar (androidx.compose.ui:ui-tooling-data-android:1.5.4) with AarTransform
Transforming runtime-release.aar (androidx.compose.runtime:runtime-android:1.5.4) with IdentityTransform
Transforming runtime-release.aar (androidx.compose.runtime:runtime-android:1.5.4) with ExtractAarTransform
Transforming runtime-release.aar (androidx.compose.runtime:runtime-android:1.5.4) with AarTransform
Transforming runtime-livedata-1.5.4.aar (androidx.compose.runtime:runtime-livedata:1.5.4) with IdentityTransform
Transforming runtime-livedata-1.5.4.aar (androidx.compose.runtime:runtime-livedata:1.5.4) with ExtractAarTransform
Transforming runtime-livedata-1.5.4.aar (androidx.compose.runtime:runtime-livedata:1.5.4) with AarTransform
Transforming lifecycle-livedata-core-2.7.0.aar (androidx.lifecycle:lifecycle-livedata-core:2.7.0) with IdentityTransform
Transforming lifecycle-livedata-core-2.7.0.aar (androidx.lifecycle:lifecycle-livedata-core:2.7.0) with ExtractAarTransform
Transforming lifecycle-livedata-core-2.7.0.aar (androidx.lifecycle:lifecycle-livedata-core:2.7.0) with AarTransform
Transforming lifecycle-viewmodel-savedstate-2.7.0.aar (androidx.lifecycle:lifecycle-viewmodel-savedstate:2.7.0) with IdentityTransform
Transforming lifecycle-viewmodel-savedstate-2.7.0.aar (androidx.lifecycle:lifecycle-viewmodel-savedstate:2.7.0) with ExtractAarTransform
Transforming lifecycle-viewmodel-savedstate-2.7.0.aar (androidx.lifecycle:lifecycle-viewmodel-savedstate:2.7.0) with AarTransform
Transforming lifecycle-livedata-core-ktx-2.7.0.aar (androidx.lifecycle:lifecycle-livedata-core-ktx:2.7.0) with IdentityTransform
Transforming lifecycle-livedata-core-ktx-2.7.0.aar (androidx.lifecycle:lifecycle-livedata-core-ktx:2.7.0) with ExtractAarTransform
Transforming lifecycle-livedata-core-ktx-2.7.0.aar (androidx.lifecycle:lifecycle-livedata-core-ktx:2.7.0) with AarTransform
Transforming dynamicanimation-1.0.0.aar (androidx.dynamicanimation:dynamicanimation:1.0.0) with IdentityTransform
Transforming dynamicanimation-1.0.0.aar (androidx.dynamicanimation:dynamicanimation:1.0.0) with ExtractAarTransform
Transforming dynamicanimation-1.0.0.aar (androidx.dynamicanimation:dynamicanimation:1.0.0) with AarTransform
Transforming legacy-support-core-utils-1.0.0.aar (androidx.legacy:legacy-support-core-utils:1.0.0) with IdentityTransform
Transforming legacy-support-core-utils-1.0.0.aar (androidx.legacy:legacy-support-core-utils:1.0.0) with ExtractAarTransform
Transforming legacy-support-core-utils-1.0.0.aar (androidx.legacy:legacy-support-core-utils:1.0.0) with AarTransform
Transforming loader-1.0.0.aar (androidx.loader:loader:1.0.0) with IdentityTransform
Transforming loader-1.0.0.aar (androidx.loader:loader:1.0.0) with ExtractAarTransform
Transforming loader-1.0.0.aar (androidx.loader:loader:1.0.0) with AarTransform
Transforming loader-1.0.0.aar (androidx.loader:loader:1.0.0) with IdentityTransform
Transforming loader-1.0.0.aar (androidx.loader:loader:1.0.0) with ExtractAarTransform
Transforming loader-1.0.0.aar (androidx.loader:loader:1.0.0) with AarTransform
Transforming lifecycle-viewmodel-2.7.0.aar (androidx.lifecycle:lifecycle-viewmodel:2.7.0) with IdentityTransform
Transforming lifecycle-viewmodel-2.7.0.aar (androidx.lifecycle:lifecycle-viewmodel:2.7.0) with ExtractAarTransform
Transforming lifecycle-viewmodel-2.7.0.aar (androidx.lifecycle:lifecycle-viewmodel:2.7.0) with AarTransform
Transforming lifecycle-viewmodel-2.7.0.aar (androidx.lifecycle:lifecycle-viewmodel:2.7.0) with IdentityTransform
Transforming lifecycle-viewmodel-2.7.0.aar (androidx.lifecycle:lifecycle-viewmodel:2.7.0) with ExtractAarTransform
Transforming lifecycle-viewmodel-2.7.0.aar (androidx.lifecycle:lifecycle-viewmodel:2.7.0) with AarTransform
Transforming lifecycle-service-2.7.0.aar (androidx.lifecycle:lifecycle-service:2.7.0) with IdentityTransform
Transforming lifecycle-service-2.7.0.aar (androidx.lifecycle:lifecycle-service:2.7.0) with ExtractAarTransform
Transforming lifecycle-service-2.7.0.aar (androidx.lifecycle:lifecycle-service:2.7.0) with AarTransform
Transforming lifecycle-process-2.7.0.aar (androidx.lifecycle:lifecycle-process:2.7.0) with IdentityTransform
Transforming lifecycle-process-2.7.0.aar (androidx.lifecycle:lifecycle-process:2.7.0) with ExtractAarTransform
Transforming lifecycle-process-2.7.0.aar (androidx.lifecycle:lifecycle-process:2.7.0) with AarTransform
Transforming work-runtime-ktx-2.9.0.aar (androidx.work:work-runtime-ktx:2.9.0) with IdentityTransform
Transforming work-runtime-ktx-2.9.0.aar (androidx.work:work-runtime-ktx:2.9.0) with ExtractAarTransform
Transforming work-runtime-ktx-2.9.0.aar (androidx.work:work-runtime-ktx:2.9.0) with AarTransform
Transforming work-runtime-2.9.0.aar (androidx.work:work-runtime:2.9.0) with IdentityTransform
Transforming work-runtime-2.9.0.aar (androidx.work:work-runtime:2.9.0) with ExtractAarTransform
Transforming work-runtime-2.9.0.aar (androidx.work:work-runtime:2.9.0) with AarTransform
Transforming lifecycle-livedata-2.7.0.aar (androidx.lifecycle:lifecycle-livedata:2.7.0) with IdentityTransform
Transforming lifecycle-livedata-2.7.0.aar (androidx.lifecycle:lifecycle-livedata:2.7.0) with ExtractAarTransform
Transforming lifecycle-livedata-2.7.0.aar (androidx.lifecycle:lifecycle-livedata:2.7.0) with AarTransform
Transforming lifecycle-livedata-2.7.0.aar (androidx.lifecycle:lifecycle-livedata:2.7.0) with IdentityTransform
Transforming lifecycle-livedata-2.7.0.aar (androidx.lifecycle:lifecycle-livedata:2.7.0) with ExtractAarTransform
Transforming lifecycle-livedata-2.7.0.aar (androidx.lifecycle:lifecycle-livedata:2.7.0) with AarTransform
Transforming lifecycle-runtime-ktx-2.7.0.aar (androidx.lifecycle:lifecycle-runtime-ktx:2.7.0) with IdentityTransform
Transforming lifecycle-runtime-ktx-2.7.0.aar (androidx.lifecycle:lifecycle-runtime-ktx:2.7.0) with ExtractAarTransform
Transforming lifecycle-runtime-ktx-2.7.0.aar (androidx.lifecycle:lifecycle-runtime-ktx:2.7.0) with AarTransform
Transforming appcompat-resources-1.6.1.aar (androidx.appcompat:appcompat-resources:1.6.1) with IdentityTransform
Transforming appcompat-resources-1.6.1.aar (androidx.appcompat:appcompat-resources:1.6.1) with ExtractAarTransform
Transforming appcompat-resources-1.6.1.aar (androidx.appcompat:appcompat-resources:1.6.1) with AarTransform
Transforming drawerlayout-1.1.1.aar (androidx.drawerlayout:drawerlayout:1.1.1) with IdentityTransform
Transforming drawerlayout-1.1.1.aar (androidx.drawerlayout:drawerlayout:1.1.1) with ExtractAarTransform
Transforming drawerlayout-1.1.1.aar (androidx.drawerlayout:drawerlayout:1.1.1) with AarTransform
Transforming coordinatorlayout-1.1.0.aar (androidx.coordinatorlayout:coordinatorlayout:1.1.0) with IdentityTransform
Transforming coordinatorlayout-1.1.0.aar (androidx.coordinatorlayout:coordinatorlayout:1.1.0) with ExtractAarTransform
Transforming coordinatorlayout-1.1.0.aar (androidx.coordinatorlayout:coordinatorlayout:1.1.0) with AarTransform
Transforming recyclerview-1.1.0.aar (androidx.recyclerview:recyclerview:1.1.0) with IdentityTransform
Transforming recyclerview-1.1.0.aar (androidx.recyclerview:recyclerview:1.1.0) with ExtractAarTransform
Transforming recyclerview-1.1.0.aar (androidx.recyclerview:recyclerview:1.1.0) with AarTransform
Transforming recyclerview-1.1.0.aar (androidx.recyclerview:recyclerview:1.1.0) with IdentityTransform
Transforming recyclerview-1.1.0.aar (androidx.recyclerview:recyclerview:1.1.0) with ExtractAarTransform
Transforming recyclerview-1.1.0.aar (androidx.recyclerview:recyclerview:1.1.0) with AarTransform
Transforming transition-1.4.1.aar (androidx.transition:transition:1.4.1) with IdentityTransform
Transforming transition-1.4.1.aar (androidx.transition:transition:1.4.1) with ExtractAarTransform
Transforming transition-1.4.1.aar (androidx.transition:transition:1.4.1) with AarTransform
Transforming vectordrawable-animated-1.1.0.aar (androidx.vectordrawable:vectordrawable-animated:1.1.0) with IdentityTransform
Transforming vectordrawable-animated-1.1.0.aar (androidx.vectordrawable:vectordrawable-animated:1.1.0) with ExtractAarTransform
Transforming vectordrawable-animated-1.1.0.aar (androidx.vectordrawable:vectordrawable-animated:1.1.0) with AarTransform
Transforming vectordrawable-1.1.0.aar (androidx.vectordrawable:vectordrawable:1.1.0) with IdentityTransform
Transforming vectordrawable-1.1.0.aar (androidx.vectordrawable:vectordrawable:1.1.0) with ExtractAarTransform
Transforming vectordrawable-1.1.0.aar (androidx.vectordrawable:vectordrawable:1.1.0) with AarTransform
Transforming vectordrawable-1.1.0.aar (androidx.vectordrawable:vectordrawable:1.1.0) with IdentityTransform
Transforming vectordrawable-1.1.0.aar (androidx.vectordrawable:vectordrawable:1.1.0) with ExtractAarTransform
Transforming vectordrawable-1.1.0.aar (androidx.vectordrawable:vectordrawable:1.1.0) with AarTransform
Transforming viewpager-1.0.0.aar (androidx.viewpager:viewpager:1.0.0) with IdentityTransform
Transforming viewpager-1.0.0.aar (androidx.viewpager:viewpager:1.0.0) with ExtractAarTransform
Transforming viewpager-1.0.0.aar (androidx.viewpager:viewpager:1.0.0) with AarTransform
Transforming slidingpanelayout-1.2.0.aar (androidx.slidingpanelayout:slidingpanelayout:1.2.0) with IdentityTransform
Transforming slidingpanelayout-1.2.0.aar (androidx.slidingpanelayout:slidingpanelayout:1.2.0) with ExtractAarTransform
Transforming slidingpanelayout-1.2.0.aar (androidx.slidingpanelayout:slidingpanelayout:1.2.0) with AarTransform
Transforming customview-1.1.0.aar (androidx.customview:customview:1.1.0) with IdentityTransform
Transforming customview-1.1.0.aar (androidx.customview:customview:1.1.0) with ExtractAarTransform
Transforming customview-1.1.0.aar (androidx.customview:customview:1.1.0) with AarTransform
Transforming customview-1.1.0.aar (androidx.customview:customview:1.1.0) with IdentityTransform
Transforming customview-1.1.0.aar (androidx.customview:customview:1.1.0) with ExtractAarTransform
Transforming customview-1.1.0.aar (androidx.customview:customview:1.1.0) with AarTransform
Transforming core-1.12.0.aar (androidx.core:core:1.12.0) with IdentityTransform
Transforming core-1.12.0.aar (androidx.core:core:1.12.0) with ExtractAarTransform
Transforming core-1.12.0.aar (androidx.core:core:1.12.0) with AarTransform
Transforming core-1.12.0.aar (androidx.core:core:1.12.0) with IdentityTransform
Transforming core-1.12.0.aar (androidx.core:core:1.12.0) with ExtractAarTransform
Transforming core-1.12.0.aar (androidx.core:core:1.12.0) with AarTransform
Transforming lifecycle-runtime-2.7.0.aar (androidx.lifecycle:lifecycle-runtime:2.7.0) with IdentityTransform
Transforming lifecycle-runtime-2.7.0.aar (androidx.lifecycle:lifecycle-runtime:2.7.0) with ExtractAarTransform
Transforming lifecycle-runtime-2.7.0.aar (androidx.lifecycle:lifecycle-runtime:2.7.0) with AarTransform
Transforming lifecycle-viewmodel-ktx-2.7.0.aar (androidx.lifecycle:lifecycle-viewmodel-ktx:2.7.0) with IdentityTransform
Transforming lifecycle-viewmodel-ktx-2.7.0.aar (androidx.lifecycle:lifecycle-viewmodel-ktx:2.7.0) with ExtractAarTransform
Transforming lifecycle-viewmodel-ktx-2.7.0.aar (androidx.lifecycle:lifecycle-viewmodel-ktx:2.7.0) with AarTransform
Transforming lifecycle-livedata-ktx-2.7.0.aar (androidx.lifecycle:lifecycle-livedata-ktx:2.7.0) with IdentityTransform
Transforming lifecycle-livedata-ktx-2.7.0.aar (androidx.lifecycle:lifecycle-livedata-ktx:2.7.0) with ExtractAarTransform
Transforming lifecycle-livedata-ktx-2.7.0.aar (androidx.lifecycle:lifecycle-livedata-ktx:2.7.0) with AarTransform
Transforming lifecycle-viewmodel-compose-2.7.0.aar (androidx.lifecycle:lifecycle-viewmodel-compose:2.7.0) with IdentityTransform
Transforming lifecycle-viewmodel-compose-2.7.0.aar (androidx.lifecycle:lifecycle-viewmodel-compose:2.7.0) with ExtractAarTransform
Transforming lifecycle-viewmodel-compose-2.7.0.aar (androidx.lifecycle:lifecycle-viewmodel-compose:2.7.0) with AarTransform
Transforming ui-release.aar (androidx.compose.ui:ui-android:1.5.4) with IdentityTransform
Transforming ui-release.aar (androidx.compose.ui:ui-android:1.5.4) with ExtractAarTransform
Transforming ui-release.aar (androidx.compose.ui:ui-android:1.5.4) with AarTransform
Transforming ui-tooling-preview-release.aar (androidx.compose.ui:ui-tooling-preview-android:1.5.4) with IdentityTransform
Transforming ui-tooling-preview-release.aar (androidx.compose.ui:ui-tooling-preview-android:1.5.4) with ExtractAarTransform
Transforming ui-tooling-preview-release.aar (androidx.compose.ui:ui-tooling-preview-android:1.5.4) with AarTransform
Transforming ui-tooling-release.aar (androidx.compose.ui:ui-tooling-android:1.5.4) with IdentityTransform
Transforming ui-tooling-release.aar (androidx.compose.ui:ui-tooling-android:1.5.4) with ExtractAarTransform
Transforming ui-tooling-release.aar (androidx.compose.ui:ui-tooling-android:1.5.4) with AarTransform
Transforming ui-test-manifest-1.5.4.aar (androidx.compose.ui:ui-test-manifest:1.5.4) with IdentityTransform
Transforming ui-test-manifest-1.5.4.aar (androidx.compose.ui:ui-test-manifest:1.5.4) with ExtractAarTransform
Transforming ui-test-manifest-1.5.4.aar (androidx.compose.ui:ui-test-manifest:1.5.4) with AarTransform
Transforming activity-1.8.2.aar (androidx.activity:activity:1.8.2) with IdentityTransform
Transforming activity-1.8.2.aar (androidx.activity:activity:1.8.2) with ExtractAarTransform
Transforming activity-1.8.2.aar (androidx.activity:activity:1.8.2) with AarTransform
Transforming activity-compose-1.8.2.aar (androidx.activity:activity-compose:1.8.2) with IdentityTransform
Transforming activity-compose-1.8.2.aar (androidx.activity:activity-compose:1.8.2) with ExtractAarTransform
Transforming activity-compose-1.8.2.aar (androidx.activity:activity-compose:1.8.2) with AarTransform
Transforming activity-ktx-1.8.2.aar (androidx.activity:activity-ktx:1.8.2) with IdentityTransform
Transforming activity-ktx-1.8.2.aar (androidx.activity:activity-ktx:1.8.2) with ExtractAarTransform
Transforming activity-ktx-1.8.2.aar (androidx.activity:activity-ktx:1.8.2) with AarTransform
Transforming core-ktx-1.12.0.aar (androidx.core:core-ktx:1.12.0) with IdentityTransform
Transforming core-ktx-1.12.0.aar (androidx.core:core-ktx:1.12.0) with ExtractAarTransform
Transforming core-ktx-1.12.0.aar (androidx.core:core-ktx:1.12.0) with AarTransform
Transforming room-runtime-2.6.1.aar (androidx.room:room-runtime:2.6.1) with IdentityTransform
Transforming room-runtime-2.6.1.aar (androidx.room:room-runtime:2.6.1) with ExtractAarTransform
Transforming room-runtime-2.6.1.aar (androidx.room:room-runtime:2.6.1) with AarTransform
Transforming room-ktx-2.6.1.aar (androidx.room:room-ktx:2.6.1) with IdentityTransform
Transforming room-ktx-2.6.1.aar (androidx.room:room-ktx:2.6.1) with ExtractAarTransform
Transforming room-ktx-2.6.1.aar (androidx.room:room-ktx:2.6.1) with AarTransform
Transforming timber-5.0.1.aar (com.jakewharton.timber:timber:5.0.1) with IdentityTransform
Transforming timber-5.0.1.aar (com.jakewharton.timber:timber:5.0.1) with ExtractAarTransform
Transforming timber-5.0.1.aar (com.jakewharton.timber:timber:5.0.1) with AarTransform
Transforming savedstate-ktx-1.2.1.aar (androidx.savedstate:savedstate-ktx:1.2.1) with IdentityTransform
Transforming savedstate-ktx-1.2.1.aar (androidx.savedstate:savedstate-ktx:1.2.1) with ExtractAarTransform
Transforming savedstate-ktx-1.2.1.aar (androidx.savedstate:savedstate-ktx:1.2.1) with AarTransform
Transforming savedstate-1.2.1.aar (androidx.savedstate:savedstate:1.2.1) with IdentityTransform
Transforming savedstate-1.2.1.aar (androidx.savedstate:savedstate:1.2.1) with ExtractAarTransform
Transforming savedstate-1.2.1.aar (androidx.savedstate:savedstate:1.2.1) with AarTransform
Transforming annotation-experimental-1.3.0.aar (androidx.annotation:annotation-experimental:1.3.0) with IdentityTransform
Transforming annotation-experimental-1.3.0.aar (androidx.annotation:annotation-experimental:1.3.0) with ExtractAarTransform
Transforming annotation-experimental-1.3.0.aar (androidx.annotation:annotation-experimental:1.3.0) with AarTransform
Transforming cursoradapter-1.0.0.aar (androidx.cursoradapter:cursoradapter:1.0.0) with IdentityTransform
Transforming cursoradapter-1.0.0.aar (androidx.cursoradapter:cursoradapter:1.0.0) with ExtractAarTransform
Transforming cursoradapter-1.0.0.aar (androidx.cursoradapter:cursoradapter:1.0.0) with AarTransform
Transforming cardview-1.0.0.aar (androidx.cardview:cardview:1.0.0) with IdentityTransform
Transforming cardview-1.0.0.aar (androidx.cardview:cardview:1.0.0) with ExtractAarTransform
Transforming cardview-1.0.0.aar (androidx.cardview:cardview:1.0.0) with AarTransform
Transforming sqlite-framework-2.4.0.aar (androidx.sqlite:sqlite-framework:2.4.0) with IdentityTransform
Transforming sqlite-framework-2.4.0.aar (androidx.sqlite:sqlite-framework:2.4.0) with ExtractAarTransform
Transforming sqlite-framework-2.4.0.aar (androidx.sqlite:sqlite-framework:2.4.0) with AarTransform
Transforming sqlite-2.4.0.aar (androidx.sqlite:sqlite:2.4.0) with IdentityTransform
Transforming sqlite-2.4.0.aar (androidx.sqlite:sqlite:2.4.0) with ExtractAarTransform
Transforming sqlite-2.4.0.aar (androidx.sqlite:sqlite:2.4.0) with AarTransform
Transforming gifdecoder-4.16.0.aar (com.github.bumptech.glide:gifdecoder:4.16.0) with IdentityTransform
Transforming gifdecoder-4.16.0.aar (com.github.bumptech.glide:gifdecoder:4.16.0) with ExtractAarTransform
Transforming gifdecoder-4.16.0.aar (com.github.bumptech.glide:gifdecoder:4.16.0) with AarTransform
Transforming core-runtime-2.2.0.aar (androidx.arch.core:core-runtime:2.2.0) with IdentityTransform
Transforming core-runtime-2.2.0.aar (androidx.arch.core:core-runtime:2.2.0) with ExtractAarTransform
Transforming core-runtime-2.2.0.aar (androidx.arch.core:core-runtime:2.2.0) with AarTransform
Transforming versionedparcelable-1.1.1.aar (androidx.versionedparcelable:versionedparcelable:1.1.1) with IdentityTransform
Transforming versionedparcelable-1.1.1.aar (androidx.versionedparcelable:versionedparcelable:1.1.1) with ExtractAarTransform
Transforming versionedparcelable-1.1.1.aar (androidx.versionedparcelable:versionedparcelable:1.1.1) with AarTransform
Transforming interpolator-1.0.0.aar (androidx.interpolator:interpolator:1.0.0) with IdentityTransform
Transforming interpolator-1.0.0.aar (androidx.interpolator:interpolator:1.0.0) with ExtractAarTransform
Transforming interpolator-1.0.0.aar (androidx.interpolator:interpolator:1.0.0) with AarTransform
Transforming documentfile-1.0.0.aar (androidx.documentfile:documentfile:1.0.0) with IdentityTransform
Transforming documentfile-1.0.0.aar (androidx.documentfile:documentfile:1.0.0) with ExtractAarTransform
Transforming documentfile-1.0.0.aar (androidx.documentfile:documentfile:1.0.0) with AarTransform
Transforming localbroadcastmanager-1.0.0.aar (androidx.localbroadcastmanager:localbroadcastmanager:1.0.0) with IdentityTransform
Transforming localbroadcastmanager-1.0.0.aar (androidx.localbroadcastmanager:localbroadcastmanager:1.0.0) with ExtractAarTransform
Transforming localbroadcastmanager-1.0.0.aar (androidx.localbroadcastmanager:localbroadcastmanager:1.0.0) with AarTransform
Transforming print-1.0.0.aar (androidx.print:print:1.0.0) with IdentityTransform
Transforming print-1.0.0.aar (androidx.print:print:1.0.0) with ExtractAarTransform
Transforming print-1.0.0.aar (androidx.print:print:1.0.0) with AarTransform
Transforming startup-runtime-1.1.1.aar (androidx.startup:startup-runtime:1.1.1) with IdentityTransform
Transforming startup-runtime-1.1.1.aar (androidx.startup:startup-runtime:1.1.1) with ExtractAarTransform
Transforming startup-runtime-1.1.1.aar (androidx.startup:startup-runtime:1.1.1) with AarTransform
Transforming tracing-1.0.0.aar (androidx.tracing:tracing:1.0.0) with IdentityTransform
Transforming tracing-1.0.0.aar (androidx.tracing:tracing:1.0.0) with ExtractAarTransform
Transforming tracing-1.0.0.aar (androidx.tracing:tracing:1.0.0) with AarTransform
Transforming constraintlayout-2.1.4.aar (androidx.constraintlayout:constraintlayout:2.1.4) with IdentityTransform
Transforming constraintlayout-2.1.4.aar (androidx.constraintlayout:constraintlayout:2.1.4) with ExtractAarTransform
Transforming constraintlayout-2.1.4.aar (androidx.constraintlayout:constraintlayout:2.1.4) with AarTransform
Transforming dagger-lint-aar-2.46.1.aar (com.google.dagger:dagger-lint-aar:2.46.1) with IdentityTransform
Transforming dagger-lint-aar-2.46.1.aar (com.google.dagger:dagger-lint-aar:2.46.1) with ExtractAarTransform
Transforming dagger-lint-aar-2.46.1.aar (com.google.dagger:dagger-lint-aar:2.46.1) with AarTransform
Transforming exifinterface-1.3.6.aar (androidx.exifinterface:exifinterface:1.3.6) with IdentityTransform
Transforming exifinterface-1.3.6.aar (androidx.exifinterface:exifinterface:1.3.6) with ExtractAarTransform
Transforming exifinterface-1.3.6.aar (androidx.exifinterface:exifinterface:1.3.6) with AarTransform
Caching disabled for task ':app:dataBindingGenBaseClassesDebug' because:
  Build cache is disabled
Task ':app:dataBindingGenBaseClassesDebug' is not up-to-date because:
  Output property 'classInfoBundleDir' file C:\Users\leoja\AndroidStudioProjects\PaleobyLeoRecipes\app\build\intermediates\data_binding_base_class_log_artifact\debug\out has been removed.
  Output property 'classInfoBundleDir' file C:\Users\leoja\AndroidStudioProjects\PaleobyLeoRecipes\app\build\intermediates\data_binding_base_class_log_artifact\debug\out\com.leo.paleorecipes-binding_classes.json has been removed.
  Output property 'logOutFolder' file C:\Users\leoja\AndroidStudioProjects\PaleobyLeoRecipes\app\build\intermediates\incremental\dataBindingGenBaseClassesDebug has been removed.
The input changes require a full rebuild for incremental task ':app:dataBindingGenBaseClassesDebug'.
Resolve mutations for :app:processDebugResources (Thread[#887,Execution worker,5,main]) started.
:app:processDebugResources (Thread[#887,Execution worker,5,main]) started.
Resolve mutations for :app:mergeReleaseJniLibFolders (Thread[#891,Execution worker Thread 5,5,main]) started.
:app:mergeReleaseJniLibFolders (Thread[#891,Execution worker Thread 5,5,main]) started.

> Task :app:mergeReleaseJniLibFolders
Caching disabled for task ':app:mergeReleaseJniLibFolders' because:
  Build cache is disabled
Task ':app:mergeReleaseJniLibFolders' is not up-to-date because:
  Output property 'outputDir' file C:\Users\leoja\AndroidStudioProjects\PaleobyLeoRecipes\app\build\intermediates\merged_jni_libs\release\out has been removed.
The input changes require a full rebuild for incremental task ':app:mergeReleaseJniLibFolders'.
Resolve mutations for :app:mergeReleaseNativeLibs (Thread[#891,Execution worker Thread 5,5,main]) started.
:app:mergeReleaseNativeLibs (Thread[#891,Execution worker Thread 5,5,main]) started.

> Task :app:mergeReleaseNativeLibs NO-SOURCE
Skipping task ':app:mergeReleaseNativeLibs' as it has no source files and no previous output files.
Resolve mutations for :app:stripReleaseDebugSymbols (Thread[#891,Execution worker Thread 5,5,main]) started.
:app:stripReleaseDebugSymbols (Thread[#891,Execution worker Thread 5,5,main]) started.

> Task :app:stripReleaseDebugSymbols NO-SOURCE
Skipping task ':app:stripReleaseDebugSymbols' as it has no source files and no previous output files.
Resolve mutations for :app:extractReleaseNativeSymbolTables (Thread[#891,Execution worker Thread 5,5,main]) started.
:app:extractReleaseNativeSymbolTables (Thread[#891,Execution worker Thread 5,5,main]) started.

> Task :app:extractReleaseNativeSymbolTables NO-SOURCE
Skipping task ':app:extractReleaseNativeSymbolTables' as it has no source files and no previous output files.
Resolve mutations for :app:mergeReleaseNativeDebugMetadata (Thread[#891,Execution worker Thread 5,5,main]) started.
:app:mergeReleaseNativeDebugMetadata (Thread[#891,Execution worker Thread 5,5,main]) started.

> Task :app:mergeReleaseNativeDebugMetadata NO-SOURCE
Skipping task ':app:mergeReleaseNativeDebugMetadata' as it has no source files and no previous output files.
Resolve mutations for :app:checkReleaseDuplicateClasses (Thread[#891,Execution worker Thread 5,5,main]) started.
:app:checkReleaseDuplicateClasses (Thread[#891,Execution worker Thread 5,5,main]) started.
Resolve mutations for :app:mergeReleaseArtProfile (Thread[#888,Execution worker Thread 2,5,main]) started.
:app:mergeReleaseArtProfile (Thread[#888,Execution worker Thread 2,5,main]) started.
Resolve mutations for :app:mergeReleaseShaders (Thread[#890,Execution worker Thread 4,5,main]) started.
:app:mergeReleaseShaders (Thread[#890,Execution worker Thread 4,5,main]) started.

> Task :app:checkReleaseDuplicateClasses
Caching disabled for task ':app:checkReleaseDuplicateClasses' because:
  Build cache is disabled
Task ':app:checkReleaseDuplicateClasses' is not up-to-date because:
  Output property 'dummyOutputDirectory' file C:\Users\leoja\AndroidStudioProjects\PaleobyLeoRecipes\app\build\intermediates\duplicate_classes_check\release has been removed.

> Task :app:mergeReleaseShaders
Caching disabled for task ':app:mergeReleaseShaders' because:
  Build cache is disabled
Task ':app:mergeReleaseShaders' is not up-to-date because:
  Output property 'outputDir' file C:\Users\leoja\AndroidStudioProjects\PaleobyLeoRecipes\app\build\intermediates\merged_shaders\release\out has been removed.
The input changes require a full rebuild for incremental task ':app:mergeReleaseShaders'.
Resolve mutations for :app:compileReleaseShaders (Thread[#890,Execution worker Thread 4,5,main]) started.
:app:compileReleaseShaders (Thread[#890,Execution worker Thread 4,5,main]) started.

> Task :app:compileReleaseShaders NO-SOURCE
Skipping task ':app:compileReleaseShaders' as it has no source files and no previous output files.
Resolve mutations for :app:generateReleaseAssets (Thread[#890,Execution worker Thread 4,5,main]) started.
:app:generateReleaseAssets (Thread[#890,Execution worker Thread 4,5,main]) started.

> Task :app:generateReleaseAssets UP-TO-DATE
Skipping task ':app:generateReleaseAssets' as it has no actions.
Resolve mutations for :app:mergeReleaseAssets (Thread[#890,Execution worker Thread 4,5,main]) started.
:app:mergeReleaseAssets (Thread[#890,Execution worker Thread 4,5,main]) started.

> Task :app:mergeReleaseAssets
Caching disabled for task ':app:mergeReleaseAssets' because:
  Build cache is disabled
Task ':app:mergeReleaseAssets' is not up-to-date because:
  Output property 'outputDir' file C:\Users\leoja\AndroidStudioProjects\PaleobyLeoRecipes\app\build\intermediates\assets\release has been removed.
The input changes require a full rebuild for incremental task ':app:mergeReleaseAssets'.
Resolve mutations for :app:compressReleaseAssets (Thread[#890,Execution worker Thread 4,5,main]) started.
:app:compressReleaseAssets (Thread[#890,Execution worker Thread 4,5,main]) started.

> Task :app:compressReleaseAssets
Caching disabled for task ':app:compressReleaseAssets' because:
  Build cache is disabled
Task ':app:compressReleaseAssets' is not up-to-date because:
  Output property 'outputDir' file C:\Users\leoja\AndroidStudioProjects\PaleobyLeoRecipes\app\build\intermediates\compressed_assets\release\out has been removed.
The input changes require a full rebuild for incremental task ':app:compressReleaseAssets'.
Resolve mutations for :app:collectReleaseDependencies (Thread[#890,Execution worker Thread 4,5,main]) started.
:app:collectReleaseDependencies (Thread[#890,Execution worker Thread 4,5,main]) started.

> Task :app:mergeReleaseArtProfile
Transforming databinding-adapters-8.1.0.aar (androidx.databinding:databinding-adapters:8.1.0) with IdentityTransform
Transforming databinding-adapters-8.1.0.aar (androidx.databinding:databinding-adapters:8.1.0) with ExtractAarTransform
Transforming databinding-adapters-8.1.0.aar (androidx.databinding:databinding-adapters:8.1.0) with AarTransform
Transforming databinding-ktx-8.1.0.aar (androidx.databinding:databinding-ktx:8.1.0) with IdentityTransform
Transforming databinding-ktx-8.1.0.aar (androidx.databinding:databinding-ktx:8.1.0) with ExtractAarTransform
Transforming databinding-ktx-8.1.0.aar (androidx.databinding:databinding-ktx:8.1.0) with AarTransform
Transforming databinding-runtime-8.1.0.aar (androidx.databinding:databinding-runtime:8.1.0) with IdentityTransform
Transforming databinding-runtime-8.1.0.aar (androidx.databinding:databinding-runtime:8.1.0) with ExtractAarTransform
Transforming databinding-runtime-8.1.0.aar (androidx.databinding:databinding-runtime:8.1.0) with AarTransform
Transforming viewbinding-8.1.0.aar (androidx.databinding:viewbinding:8.1.0) with IdentityTransform
Transforming viewbinding-8.1.0.aar (androidx.databinding:viewbinding:8.1.0) with ExtractAarTransform
Transforming viewbinding-8.1.0.aar (androidx.databinding:viewbinding:8.1.0) with AarTransform
Transforming navigation-common-2.7.6.aar (androidx.navigation:navigation-common:2.7.6) with IdentityTransform
Transforming navigation-common-2.7.6.aar (androidx.navigation:navigation-common:2.7.6) with ExtractAarTransform
Transforming navigation-common-2.7.6.aar (androidx.navigation:navigation-common:2.7.6) with AarTransform
Transforming navigation-common-ktx-2.7.6.aar (androidx.navigation:navigation-common-ktx:2.7.6) with IdentityTransform
Transforming navigation-common-ktx-2.7.6.aar (androidx.navigation:navigation-common-ktx:2.7.6) with ExtractAarTransform
Transforming navigation-common-ktx-2.7.6.aar (androidx.navigation:navigation-common-ktx:2.7.6) with AarTransform
Transforming navigation-runtime-2.7.6.aar (androidx.navigation:navigation-runtime:2.7.6) with IdentityTransform
Transforming navigation-runtime-2.7.6.aar (androidx.navigation:navigation-runtime:2.7.6) with ExtractAarTransform
Transforming navigation-runtime-2.7.6.aar (androidx.navigation:navigation-runtime:2.7.6) with AarTransform
Transforming navigation-runtime-ktx-2.7.6.aar (androidx.navigation:navigation-runtime-ktx:2.7.6) with IdentityTransform
Transforming navigation-runtime-ktx-2.7.6.aar (androidx.navigation:navigation-runtime-ktx:2.7.6) with ExtractAarTransform
Transforming navigation-runtime-ktx-2.7.6.aar (androidx.navigation:navigation-runtime-ktx:2.7.6) with AarTransform
Transforming navigation-fragment-2.7.6.aar (androidx.navigation:navigation-fragment:2.7.6) with IdentityTransform
Transforming navigation-fragment-2.7.6.aar (androidx.navigation:navigation-fragment:2.7.6) with ExtractAarTransform
Transforming navigation-fragment-2.7.6.aar (androidx.navigation:navigation-fragment:2.7.6) with AarTransform
Transforming navigation-fragment-ktx-2.7.6.aar (androidx.navigation:navigation-fragment-ktx:2.7.6) with IdentityTransform
Transforming navigation-fragment-ktx-2.7.6.aar (androidx.navigation:navigation-fragment-ktx:2.7.6) with ExtractAarTransform
Transforming navigation-fragment-ktx-2.7.6.aar (androidx.navigation:navigation-fragment-ktx:2.7.6) with AarTransform
Transforming navigation-ui-ktx-2.7.6.aar (androidx.navigation:navigation-ui-ktx:2.7.6) with IdentityTransform
Transforming navigation-ui-ktx-2.7.6.aar (androidx.navigation:navigation-ui-ktx:2.7.6) with ExtractAarTransform
Transforming navigation-ui-ktx-2.7.6.aar (androidx.navigation:navigation-ui-ktx:2.7.6) with AarTransform
Transforming navigation-ui-2.7.6.aar (androidx.navigation:navigation-ui:2.7.6) with IdentityTransform
Transforming navigation-ui-2.7.6.aar (androidx.navigation:navigation-ui:2.7.6) with ExtractAarTransform
Transforming navigation-ui-2.7.6.aar (androidx.navigation:navigation-ui:2.7.6) with AarTransform
Transforming material-1.11.0.aar (com.google.android.material:material:1.11.0) with IdentityTransform
Transforming material-1.11.0.aar (com.google.android.material:material:1.11.0) with ExtractAarTransform
Transforming material-1.11.0.aar (com.google.android.material:material:1.11.0) with AarTransform
Transforming constraintlayout-2.1.4.aar (androidx.constraintlayout:constraintlayout:2.1.4) with IdentityTransform
Transforming constraintlayout-2.1.4.aar (androidx.constraintlayout:constraintlayout:2.1.4) with ExtractAarTransform
Transforming constraintlayout-2.1.4.aar (androidx.constraintlayout:constraintlayout:2.1.4) with AarTransform
Transforming appcompat-resources-1.6.1.aar (androidx.appcompat:appcompat-resources:1.6.1) with IdentityTransform
Transforming appcompat-resources-1.6.1.aar (androidx.appcompat:appcompat-resources:1.6.1) with ExtractAarTransform
Transforming appcompat-resources-1.6.1.aar (androidx.appcompat:appcompat-resources:1.6.1) with AarTransform
Transforming appcompat-1.6.1.aar (androidx.appcompat:appcompat:1.6.1) with IdentityTransform
Transforming appcompat-1.6.1.aar (androidx.appcompat:appcompat:1.6.1) with ExtractAarTransform
Transforming appcompat-1.6.1.aar (androidx.appcompat:appcompat:1.6.1) with AarTransform
Transforming hilt-work-1.0.0.aar (androidx.hilt:hilt-work:1.0.0) with IdentityTransform
Transforming hilt-work-1.0.0.aar (androidx.hilt:hilt-work:1.0.0) with ExtractAarTransform
Transforming hilt-work-1.0.0.aar (androidx.hilt:hilt-work:1.0.0) with AarTransform
Transforming hilt-android-2.46.1.aar (com.google.dagger:hilt-android:2.46.1) with IdentityTransform
Transforming hilt-android-2.46.1.aar (com.google.dagger:hilt-android:2.46.1) with ExtractAarTransform
Transforming hilt-android-2.46.1.aar (com.google.dagger:hilt-android:2.46.1) with AarTransform
Transforming okhttp3-integration-4.16.0.aar (com.github.bumptech.glide:okhttp3-integration:4.16.0) with IdentityTransform
Transforming okhttp3-integration-4.16.0.aar (com.github.bumptech.glide:okhttp3-integration:4.16.0) with ExtractAarTransform
Transforming okhttp3-integration-4.16.0.aar (com.github.bumptech.glide:okhttp3-integration:4.16.0) with AarTransform
Transforming glide-4.16.0.aar (com.github.bumptech.glide:glide:4.16.0) with IdentityTransform
Transforming glide-4.16.0.aar (com.github.bumptech.glide:glide:4.16.0) with ExtractAarTransform
Transforming glide-4.16.0.aar (com.github.bumptech.glide:glide:4.16.0) with AarTransform
Transforming viewpager2-1.0.0.aar (androidx.viewpager2:viewpager2:1.0.0) with IdentityTransform
Transforming viewpager2-1.0.0.aar (androidx.viewpager2:viewpager2:1.0.0) with ExtractAarTransform
Transforming viewpager2-1.0.0.aar (androidx.viewpager2:viewpager2:1.0.0) with AarTransform
Transforming fragment-1.6.2.aar (androidx.fragment:fragment:1.6.2) with IdentityTransform
Transforming fragment-1.6.2.aar (androidx.fragment:fragment:1.6.2) with ExtractAarTransform
Transforming fragment-1.6.2.aar (androidx.fragment:fragment:1.6.2) with AarTransform
Transforming fragment-1.6.2.aar (androidx.fragment:fragment:1.6.2) with IdentityTransform
Transforming fragment-1.6.2.aar (androidx.fragment:fragment:1.6.2) with ExtractAarTransform
Transforming fragment-1.6.2.aar (androidx.fragment:fragment:1.6.2) with AarTransform
Transforming fragment-ktx-1.6.2.aar (androidx.fragment:fragment-ktx:1.6.2) with IdentityTransform
Transforming fragment-ktx-1.6.2.aar (androidx.fragment:fragment-ktx:1.6.2) with ExtractAarTransform
Transforming fragment-ktx-1.6.2.aar (androidx.fragment:fragment-ktx:1.6.2) with AarTransform
Transforming material3-1.1.2.aar (androidx.compose.material3:material3:1.1.2) with IdentityTransform
Transforming material3-1.1.2.aar (androidx.compose.material3:material3:1.1.2) with ExtractAarTransform
Transforming material3-1.1.2.aar (androidx.compose.material3:material3:1.1.2) with AarTransform
Transforming activity-1.8.2.aar (androidx.activity:activity:1.8.2) with IdentityTransform
Transforming activity-1.8.2.aar (androidx.activity:activity:1.8.2) with ExtractAarTransform
Transforming activity-1.8.2.aar (androidx.activity:activity:1.8.2) with AarTransform
Transforming activity-compose-1.8.2.aar (androidx.activity:activity-compose:1.8.2) with IdentityTransform
Transforming activity-compose-1.8.2.aar (androidx.activity:activity-compose:1.8.2) with ExtractAarTransform
Transforming activity-compose-1.8.2.aar (androidx.activity:activity-compose:1.8.2) with AarTransform
Transforming animation-core-release.aar (androidx.compose.animation:animation-core-android:1.5.4) with IdentityTransform
Transforming animation-core-release.aar (androidx.compose.animation:animation-core-android:1.5.4) with ExtractAarTransform
Transforming animation-core-release.aar (androidx.compose.animation:animation-core-android:1.5.4) with AarTransform
Transforming material-icons-core-release.aar (androidx.compose.material:material-icons-core-android:1.5.4) with IdentityTransform
Transforming material-icons-core-release.aar (androidx.compose.material:material-icons-core-android:1.5.4) with ExtractAarTransform
Transforming material-icons-core-release.aar (androidx.compose.material:material-icons-core-android:1.5.4) with AarTransform
Transforming material-ripple-release.aar (androidx.compose.material:material-ripple-android:1.5.4) with IdentityTransform
Transforming material-ripple-release.aar (androidx.compose.material:material-ripple-android:1.5.4) with ExtractAarTransform
Transforming material-ripple-release.aar (androidx.compose.material:material-ripple-android:1.5.4) with AarTransform
Transforming animation-release.aar (androidx.compose.animation:animation-android:1.5.4) with IdentityTransform
Transforming animation-release.aar (androidx.compose.animation:animation-android:1.5.4) with ExtractAarTransform
Transforming animation-release.aar (androidx.compose.animation:animation-android:1.5.4) with AarTransform
Transforming foundation-layout-release.aar (androidx.compose.foundation:foundation-layout-android:1.5.4) with IdentityTransform
Transforming foundation-layout-release.aar (androidx.compose.foundation:foundation-layout-android:1.5.4) with ExtractAarTransform
Transforming foundation-layout-release.aar (androidx.compose.foundation:foundation-layout-android:1.5.4) with AarTransform
Transforming foundation-release.aar (androidx.compose.foundation:foundation-android:1.5.4) with IdentityTransform
Transforming foundation-release.aar (androidx.compose.foundation:foundation-android:1.5.4) with ExtractAarTransform
Transforming foundation-release.aar (androidx.compose.foundation:foundation-android:1.5.4) with AarTransform
Transforming ui-unit-release.aar (androidx.compose.ui:ui-unit-android:1.5.4) with IdentityTransform
Transforming ui-unit-release.aar (androidx.compose.ui:ui-unit-android:1.5.4) with ExtractAarTransform
Transforming ui-unit-release.aar (androidx.compose.ui:ui-unit-android:1.5.4) with AarTransform
Transforming ui-geometry-release.aar (androidx.compose.ui:ui-geometry-android:1.5.4) with IdentityTransform
Transforming ui-geometry-release.aar (androidx.compose.ui:ui-geometry-android:1.5.4) with ExtractAarTransform
Transforming ui-geometry-release.aar (androidx.compose.ui:ui-geometry-android:1.5.4) with AarTransform
Transforming ui-util-release.aar (androidx.compose.ui:ui-util-android:1.5.4) with IdentityTransform
Transforming ui-util-release.aar (androidx.compose.ui:ui-util-android:1.5.4) with ExtractAarTransform
Transforming ui-util-release.aar (androidx.compose.ui:ui-util-android:1.5.4) with AarTransform
Transforming ui-text-release.aar (androidx.compose.ui:ui-text-android:1.5.4) with IdentityTransform
Transforming ui-text-release.aar (androidx.compose.ui:ui-text-android:1.5.4) with ExtractAarTransform
Transforming ui-text-release.aar (androidx.compose.ui:ui-text-android:1.5.4) with AarTransform
Transforming ui-graphics-release.aar (androidx.compose.ui:ui-graphics-android:1.5.4) with IdentityTransform
Transforming ui-graphics-release.aar (androidx.compose.ui:ui-graphics-android:1.5.4) with ExtractAarTransform
Transforming ui-graphics-release.aar (androidx.compose.ui:ui-graphics-android:1.5.4) with AarTransform
Transforming ui-tooling-preview-release.aar (androidx.compose.ui:ui-tooling-preview-android:1.5.4) with IdentityTransform
Transforming ui-tooling-preview-release.aar (androidx.compose.ui:ui-tooling-preview-android:1.5.4) with ExtractAarTransform
Transforming ui-tooling-preview-release.aar (androidx.compose.ui:ui-tooling-preview-android:1.5.4) with AarTransform
Transforming runtime-saveable-release.aar (androidx.compose.runtime:runtime-saveable-android:1.5.4) with IdentityTransform
Transforming runtime-saveable-release.aar (androidx.compose.runtime:runtime-saveable-android:1.5.4) with ExtractAarTransform
Transforming runtime-saveable-release.aar (androidx.compose.runtime:runtime-saveable-android:1.5.4) with AarTransform
Transforming runtime-release.aar (androidx.compose.runtime:runtime-android:1.5.4) with IdentityTransform
Transforming runtime-release.aar (androidx.compose.runtime:runtime-android:1.5.4) with ExtractAarTransform
Transforming runtime-release.aar (androidx.compose.runtime:runtime-android:1.5.4) with AarTransform
Transforming runtime-livedata-1.5.4.aar (androidx.compose.runtime:runtime-livedata:1.5.4) with IdentityTransform
Transforming runtime-livedata-1.5.4.aar (androidx.compose.runtime:runtime-livedata:1.5.4) with ExtractAarTransform
Transforming runtime-livedata-1.5.4.aar (androidx.compose.runtime:runtime-livedata:1.5.4) with AarTransform
Transforming drawerlayout-1.1.1.aar (androidx.drawerlayout:drawerlayout:1.1.1) with IdentityTransform
Transforming drawerlayout-1.1.1.aar (androidx.drawerlayout:drawerlayout:1.1.1) with ExtractAarTransform
Transforming drawerlayout-1.1.1.aar (androidx.drawerlayout:drawerlayout:1.1.1) with AarTransform
Transforming coordinatorlayout-1.1.0.aar (androidx.coordinatorlayout:coordinatorlayout:1.1.0) with IdentityTransform
Transforming coordinatorlayout-1.1.0.aar (androidx.coordinatorlayout:coordinatorlayout:1.1.0) with ExtractAarTransform
Transforming coordinatorlayout-1.1.0.aar (androidx.coordinatorlayout:coordinatorlayout:1.1.0) with AarTransform
Transforming dynamicanimation-1.0.0.aar (androidx.dynamicanimation:dynamicanimation:1.0.0) with IdentityTransform
Transforming dynamicanimation-1.0.0.aar (androidx.dynamicanimation:dynamicanimation:1.0.0) with ExtractAarTransform
Transforming dynamicanimation-1.0.0.aar (androidx.dynamicanimation:dynamicanimation:1.0.0) with AarTransform
Transforming vectordrawable-animated-1.1.0.aar (androidx.vectordrawable:vectordrawable-animated:1.1.0) with IdentityTransform
Transforming vectordrawable-animated-1.1.0.aar (androidx.vectordrawable:vectordrawable-animated:1.1.0) with ExtractAarTransform
Transforming vectordrawable-animated-1.1.0.aar (androidx.vectordrawable:vectordrawable-animated:1.1.0) with AarTransform
Transforming vectordrawable-1.1.0.aar (androidx.vectordrawable:vectordrawable:1.1.0) with IdentityTransform
Transforming vectordrawable-1.1.0.aar (androidx.vectordrawable:vectordrawable:1.1.0) with ExtractAarTransform
Transforming vectordrawable-1.1.0.aar (androidx.vectordrawable:vectordrawable:1.1.0) with AarTransform
Transforming vectordrawable-1.1.0.aar (androidx.vectordrawable:vectordrawable:1.1.0) with IdentityTransform
Transforming vectordrawable-1.1.0.aar (androidx.vectordrawable:vectordrawable:1.1.0) with ExtractAarTransform
Transforming vectordrawable-1.1.0.aar (androidx.vectordrawable:vectordrawable:1.1.0) with AarTransform
Transforming work-runtime-ktx-2.9.0.aar (androidx.work:work-runtime-ktx:2.9.0) with IdentityTransform
Transforming work-runtime-ktx-2.9.0.aar (androidx.work:work-runtime-ktx:2.9.0) with ExtractAarTransform
Transforming work-runtime-ktx-2.9.0.aar (androidx.work:work-runtime-ktx:2.9.0) with AarTransform
Transforming work-runtime-2.9.0.aar (androidx.work:work-runtime:2.9.0) with IdentityTransform
Transforming work-runtime-2.9.0.aar (androidx.work:work-runtime:2.9.0) with ExtractAarTransform
Transforming work-runtime-2.9.0.aar (androidx.work:work-runtime:2.9.0) with AarTransform
Transforming recyclerview-1.1.0.aar (androidx.recyclerview:recyclerview:1.1.0) with IdentityTransform
Transforming recyclerview-1.1.0.aar (androidx.recyclerview:recyclerview:1.1.0) with ExtractAarTransform
Transforming recyclerview-1.1.0.aar (androidx.recyclerview:recyclerview:1.1.0) with AarTransform
Transforming recyclerview-1.1.0.aar (androidx.recyclerview:recyclerview:1.1.0) with IdentityTransform
Transforming recyclerview-1.1.0.aar (androidx.recyclerview:recyclerview:1.1.0) with ExtractAarTransform
Transforming recyclerview-1.1.0.aar (androidx.recyclerview:recyclerview:1.1.0) with AarTransform
Transforming viewpager-1.0.0.aar (androidx.viewpager:viewpager:1.0.0) with IdentityTransform
Transforming viewpager-1.0.0.aar (androidx.viewpager:viewpager:1.0.0) with ExtractAarTransform
Transforming viewpager-1.0.0.aar (androidx.viewpager:viewpager:1.0.0) with AarTransform
Transforming slidingpanelayout-1.2.0.aar (androidx.slidingpanelayout:slidingpanelayout:1.2.0) with IdentityTransform
Transforming slidingpanelayout-1.2.0.aar (androidx.slidingpanelayout:slidingpanelayout:1.2.0) with ExtractAarTransform
Transforming slidingpanelayout-1.2.0.aar (androidx.slidingpanelayout:slidingpanelayout:1.2.0) with AarTransform
Transforming customview-1.1.0.aar (androidx.customview:customview:1.1.0) with IdentityTransform
Transforming customview-1.1.0.aar (androidx.customview:customview:1.1.0) with ExtractAarTransform
Transforming customview-1.1.0.aar (androidx.customview:customview:1.1.0) with AarTransform
Transforming customview-1.1.0.aar (androidx.customview:customview:1.1.0) with IdentityTransform
Transforming customview-1.1.0.aar (androidx.customview:customview:1.1.0) with ExtractAarTransform
Transforming customview-1.1.0.aar (androidx.customview:customview:1.1.0) with AarTransform
Transforming legacy-support-core-utils-1.0.0.aar (androidx.legacy:legacy-support-core-utils:1.0.0) with IdentityTransform
Transforming legacy-support-core-utils-1.0.0.aar (androidx.legacy:legacy-support-core-utils:1.0.0) with ExtractAarTransform
Transforming legacy-support-core-utils-1.0.0.aar (androidx.legacy:legacy-support-core-utils:1.0.0) with AarTransform
Transforming loader-1.0.0.aar (androidx.loader:loader:1.0.0) with IdentityTransform
Transforming loader-1.0.0.aar (androidx.loader:loader:1.0.0) with ExtractAarTransform
Transforming loader-1.0.0.aar (androidx.loader:loader:1.0.0) with AarTransform
Transforming loader-1.0.0.aar (androidx.loader:loader:1.0.0) with IdentityTransform
Transforming loader-1.0.0.aar (androidx.loader:loader:1.0.0) with ExtractAarTransform
Transforming loader-1.0.0.aar (androidx.loader:loader:1.0.0) with AarTransform
Transforming transition-1.4.1.aar (androidx.transition:transition:1.4.1) with IdentityTransform
Transforming transition-1.4.1.aar (androidx.transition:transition:1.4.1) with ExtractAarTransform
Transforming transition-1.4.1.aar (androidx.transition:transition:1.4.1) with AarTransform
Transforming window-1.0.0.aar (androidx.window:window:1.0.0) with IdentityTransform
Transforming window-1.0.0.aar (androidx.window:window:1.0.0) with ExtractAarTransform
Transforming window-1.0.0.aar (androidx.window:window:1.0.0) with AarTransform
Transforming autofill-1.0.0.aar (androidx.autofill:autofill:1.0.0) with IdentityTransform
Transforming autofill-1.0.0.aar (androidx.autofill:autofill:1.0.0) with ExtractAarTransform
Transforming autofill-1.0.0.aar (androidx.autofill:autofill:1.0.0) with AarTransform
Transforming emoji2-views-helper-1.4.0.aar (androidx.emoji2:emoji2-views-helper:1.4.0) with IdentityTransform
Transforming emoji2-views-helper-1.4.0.aar (androidx.emoji2:emoji2-views-helper:1.4.0) with ExtractAarTransform
Transforming emoji2-views-helper-1.4.0.aar (androidx.emoji2:emoji2-views-helper:1.4.0) with AarTransform
Transforming emoji2-1.4.0.aar (androidx.emoji2:emoji2:1.4.0) with IdentityTransform
Transforming emoji2-1.4.0.aar (androidx.emoji2:emoji2:1.4.0) with ExtractAarTransform
Transforming emoji2-1.4.0.aar (androidx.emoji2:emoji2:1.4.0) with AarTransform
Transforming core-1.12.0.aar (androidx.core:core:1.12.0) with IdentityTransform
Transforming core-1.12.0.aar (androidx.core:core:1.12.0) with ExtractAarTransform
Transforming core-1.12.0.aar (androidx.core:core:1.12.0) with AarTransform
Transforming core-1.12.0.aar (androidx.core:core:1.12.0) with IdentityTransform
Transforming core-1.12.0.aar (androidx.core:core:1.12.0) with ExtractAarTransform
Transforming core-1.12.0.aar (androidx.core:core:1.12.0) with AarTransform
Transforming lifecycle-livedata-core-2.7.0.aar (androidx.lifecycle:lifecycle-livedata-core:2.7.0) with IdentityTransform
Transforming lifecycle-livedata-core-2.7.0.aar (androidx.lifecycle:lifecycle-livedata-core:2.7.0) with ExtractAarTransform
Transforming lifecycle-livedata-core-2.7.0.aar (androidx.lifecycle:lifecycle-livedata-core:2.7.0) with AarTransform
Transforming savedstate-ktx-1.2.1.aar (androidx.savedstate:savedstate-ktx:1.2.1) with IdentityTransform
Transforming savedstate-ktx-1.2.1.aar (androidx.savedstate:savedstate-ktx:1.2.1) with ExtractAarTransform
Transforming savedstate-ktx-1.2.1.aar (androidx.savedstate:savedstate-ktx:1.2.1) with AarTransform
Transforming savedstate-1.2.1.aar (androidx.savedstate:savedstate:1.2.1) with IdentityTransform
Transforming savedstate-1.2.1.aar (androidx.savedstate:savedstate:1.2.1) with ExtractAarTransform
Transforming savedstate-1.2.1.aar (androidx.savedstate:savedstate:1.2.1) with AarTransform
Transforming lifecycle-viewmodel-savedstate-2.7.0.aar (androidx.lifecycle:lifecycle-viewmodel-savedstate:2.7.0) with IdentityTransform
Transforming lifecycle-viewmodel-savedstate-2.7.0.aar (androidx.lifecycle:lifecycle-viewmodel-savedstate:2.7.0) with ExtractAarTransform
Transforming lifecycle-viewmodel-savedstate-2.7.0.aar (androidx.lifecycle:lifecycle-viewmodel-savedstate:2.7.0) with AarTransform
Transforming lifecycle-livedata-core-ktx-2.7.0.aar (androidx.lifecycle:lifecycle-livedata-core-ktx:2.7.0) with IdentityTransform
Transforming lifecycle-livedata-core-ktx-2.7.0.aar (androidx.lifecycle:lifecycle-livedata-core-ktx:2.7.0) with ExtractAarTransform
Transforming lifecycle-livedata-core-ktx-2.7.0.aar (androidx.lifecycle:lifecycle-livedata-core-ktx:2.7.0) with AarTransform
Transforming lifecycle-viewmodel-2.7.0.aar (androidx.lifecycle:lifecycle-viewmodel:2.7.0) with IdentityTransform
Transforming lifecycle-viewmodel-2.7.0.aar (androidx.lifecycle:lifecycle-viewmodel:2.7.0) with ExtractAarTransform
Transforming lifecycle-viewmodel-2.7.0.aar (androidx.lifecycle:lifecycle-viewmodel:2.7.0) with AarTransform
Transforming lifecycle-viewmodel-2.7.0.aar (androidx.lifecycle:lifecycle-viewmodel:2.7.0) with IdentityTransform
Transforming lifecycle-viewmodel-2.7.0.aar (androidx.lifecycle:lifecycle-viewmodel:2.7.0) with ExtractAarTransform
Transforming lifecycle-viewmodel-2.7.0.aar (androidx.lifecycle:lifecycle-viewmodel:2.7.0) with AarTransform
Transforming lifecycle-service-2.7.0.aar (androidx.lifecycle:lifecycle-service:2.7.0) with IdentityTransform
Transforming lifecycle-service-2.7.0.aar (androidx.lifecycle:lifecycle-service:2.7.0) with ExtractAarTransform
Transforming lifecycle-service-2.7.0.aar (androidx.lifecycle:lifecycle-service:2.7.0) with AarTransform
Transforming lifecycle-runtime-ktx-2.7.0.aar (androidx.lifecycle:lifecycle-runtime-ktx:2.7.0) with IdentityTransform
Transforming lifecycle-runtime-ktx-2.7.0.aar (androidx.lifecycle:lifecycle-runtime-ktx:2.7.0) with ExtractAarTransform
Transforming lifecycle-runtime-ktx-2.7.0.aar (androidx.lifecycle:lifecycle-runtime-ktx:2.7.0) with AarTransform
Transforming lifecycle-runtime-2.7.0.aar (androidx.lifecycle:lifecycle-runtime:2.7.0) with IdentityTransform
Transforming lifecycle-runtime-2.7.0.aar (androidx.lifecycle:lifecycle-runtime:2.7.0) with ExtractAarTransform
Transforming lifecycle-runtime-2.7.0.aar (androidx.lifecycle:lifecycle-runtime:2.7.0) with AarTransform
Transforming lifecycle-process-2.7.0.aar (androidx.lifecycle:lifecycle-process:2.7.0) with IdentityTransform
Transforming lifecycle-process-2.7.0.aar (androidx.lifecycle:lifecycle-process:2.7.0) with ExtractAarTransform
Transforming lifecycle-process-2.7.0.aar (androidx.lifecycle:lifecycle-process:2.7.0) with AarTransform
Transforming lifecycle-livedata-2.7.0.aar (androidx.lifecycle:lifecycle-livedata:2.7.0) with IdentityTransform
Transforming lifecycle-livedata-2.7.0.aar (androidx.lifecycle:lifecycle-livedata:2.7.0) with ExtractAarTransform
Transforming lifecycle-livedata-2.7.0.aar (androidx.lifecycle:lifecycle-livedata:2.7.0) with AarTransform
Transforming lifecycle-livedata-2.7.0.aar (androidx.lifecycle:lifecycle-livedata:2.7.0) with IdentityTransform
Transforming lifecycle-livedata-2.7.0.aar (androidx.lifecycle:lifecycle-livedata:2.7.0) with ExtractAarTransform
Transforming lifecycle-livedata-2.7.0.aar (androidx.lifecycle:lifecycle-livedata:2.7.0) with AarTransform
Transforming lifecycle-viewmodel-ktx-2.7.0.aar (androidx.lifecycle:lifecycle-viewmodel-ktx:2.7.0) with IdentityTransform
Transforming lifecycle-viewmodel-ktx-2.7.0.aar (androidx.lifecycle:lifecycle-viewmodel-ktx:2.7.0) with ExtractAarTransform
Transforming lifecycle-viewmodel-ktx-2.7.0.aar (androidx.lifecycle:lifecycle-viewmodel-ktx:2.7.0) with AarTransform
Transforming lifecycle-livedata-ktx-2.7.0.aar (androidx.lifecycle:lifecycle-livedata-ktx:2.7.0) with IdentityTransform
Transforming lifecycle-livedata-ktx-2.7.0.aar (androidx.lifecycle:lifecycle-livedata-ktx:2.7.0) with ExtractAarTransform
Transforming lifecycle-livedata-ktx-2.7.0.aar (androidx.lifecycle:lifecycle-livedata-ktx:2.7.0) with AarTransform
Transforming lifecycle-viewmodel-compose-2.7.0.aar (androidx.lifecycle:lifecycle-viewmodel-compose:2.7.0) with IdentityTransform
Transforming lifecycle-viewmodel-compose-2.7.0.aar (androidx.lifecycle:lifecycle-viewmodel-compose:2.7.0) with ExtractAarTransform
Transforming lifecycle-viewmodel-compose-2.7.0.aar (androidx.lifecycle:lifecycle-viewmodel-compose:2.7.0) with AarTransform
Transforming ui-release.aar (androidx.compose.ui:ui-android:1.5.4) with IdentityTransform
Transforming ui-release.aar (androidx.compose.ui:ui-android:1.5.4) with ExtractAarTransform
Transforming ui-release.aar (androidx.compose.ui:ui-android:1.5.4) with AarTransform
Transforming activity-ktx-1.8.2.aar (androidx.activity:activity-ktx:1.8.2) with IdentityTransform
Transforming activity-ktx-1.8.2.aar (androidx.activity:activity-ktx:1.8.2) with ExtractAarTransform
Transforming activity-ktx-1.8.2.aar (androidx.activity:activity-ktx:1.8.2) with AarTransform
Transforming customview-poolingcontainer-1.0.0.aar (androidx.customview:customview-poolingcontainer:1.0.0) with IdentityTransform
Transforming customview-poolingcontainer-1.0.0.aar (androidx.customview:customview-poolingcontainer:1.0.0) with ExtractAarTransform
Transforming customview-poolingcontainer-1.0.0.aar (androidx.customview:customview-poolingcontainer:1.0.0) with AarTransform
Transforming core-ktx-1.12.0.aar (androidx.core:core-ktx:1.12.0) with IdentityTransform
Transforming core-ktx-1.12.0.aar (androidx.core:core-ktx:1.12.0) with ExtractAarTransform
Transforming core-ktx-1.12.0.aar (androidx.core:core-ktx:1.12.0) with AarTransform
Transforming room-runtime-2.6.1.aar (androidx.room:room-runtime:2.6.1) with IdentityTransform
Transforming room-runtime-2.6.1.aar (androidx.room:room-runtime:2.6.1) with ExtractAarTransform
Transforming room-runtime-2.6.1.aar (androidx.room:room-runtime:2.6.1) with AarTransform
Transforming room-ktx-2.6.1.aar (androidx.room:room-ktx:2.6.1) with IdentityTransform
Transforming room-ktx-2.6.1.aar (androidx.room:room-ktx:2.6.1) with ExtractAarTransform
Transforming room-ktx-2.6.1.aar (androidx.room:room-ktx:2.6.1) with AarTransform
Transforming timber-5.0.1.aar (com.jakewharton.timber:timber:5.0.1) with IdentityTransform
Transforming timber-5.0.1.aar (com.jakewharton.timber:timber:5.0.1) with ExtractAarTransform
Transforming timber-5.0.1.aar (com.jakewharton.timber:timber:5.0.1) with AarTransform
Transforming sqlite-framework-2.4.0.aar (androidx.sqlite:sqlite-framework:2.4.0) with IdentityTransform
Transforming sqlite-framework-2.4.0.aar (androidx.sqlite:sqlite-framework:2.4.0) with ExtractAarTransform
Transforming sqlite-framework-2.4.0.aar (androidx.sqlite:sqlite-framework:2.4.0) with AarTransform
Transforming sqlite-2.4.0.aar (androidx.sqlite:sqlite:2.4.0) with IdentityTransform
Transforming sqlite-2.4.0.aar (androidx.sqlite:sqlite:2.4.0) with ExtractAarTransform
Transforming sqlite-2.4.0.aar (androidx.sqlite:sqlite:2.4.0) with AarTransform
Transforming annotation-experimental-1.3.0.aar (androidx.annotation:annotation-experimental:1.3.0) with IdentityTransform
Transforming annotation-experimental-1.3.0.aar (androidx.annotation:annotation-experimental:1.3.0) with ExtractAarTransform
Transforming annotation-experimental-1.3.0.aar (androidx.annotation:annotation-experimental:1.3.0) with AarTransform
Transforming cursoradapter-1.0.0.aar (androidx.cursoradapter:cursoradapter:1.0.0) with IdentityTransform
Transforming cursoradapter-1.0.0.aar (androidx.cursoradapter:cursoradapter:1.0.0) with ExtractAarTransform
Transforming cursoradapter-1.0.0.aar (androidx.cursoradapter:cursoradapter:1.0.0) with AarTransform
Transforming cardview-1.0.0.aar (androidx.cardview:cardview:1.0.0) with IdentityTransform
Transforming cardview-1.0.0.aar (androidx.cardview:cardview:1.0.0) with ExtractAarTransform
Transforming cardview-1.0.0.aar (androidx.cardview:cardview:1.0.0) with AarTransform
Transforming core-runtime-2.2.0.aar (androidx.arch.core:core-runtime:2.2.0) with IdentityTransform
Transforming core-runtime-2.2.0.aar (androidx.arch.core:core-runtime:2.2.0) with ExtractAarTransform
Transforming core-runtime-2.2.0.aar (androidx.arch.core:core-runtime:2.2.0) with AarTransform
Transforming gifdecoder-4.16.0.aar (com.github.bumptech.glide:gifdecoder:4.16.0) with IdentityTransform
Transforming gifdecoder-4.16.0.aar (com.github.bumptech.glide:gifdecoder:4.16.0) with ExtractAarTransform
Transforming gifdecoder-4.16.0.aar (com.github.bumptech.glide:gifdecoder:4.16.0) with AarTransform
Transforming exifinterface-1.3.6.aar (androidx.exifinterface:exifinterface:1.3.6) with IdentityTransform
Transforming exifinterface-1.3.6.aar (androidx.exifinterface:exifinterface:1.3.6) with ExtractAarTransform
Transforming exifinterface-1.3.6.aar (androidx.exifinterface:exifinterface:1.3.6) with AarTransform
Transforming profileinstaller-1.3.0.aar (androidx.profileinstaller:profileinstaller:1.3.0) with IdentityTransform
Transforming profileinstaller-1.3.0.aar (androidx.profileinstaller:profileinstaller:1.3.0) with ExtractAarTransform
Transforming profileinstaller-1.3.0.aar (androidx.profileinstaller:profileinstaller:1.3.0) with AarTransform
Transforming startup-runtime-1.1.1.aar (androidx.startup:startup-runtime:1.1.1) with IdentityTransform
Transforming startup-runtime-1.1.1.aar (androidx.startup:startup-runtime:1.1.1) with ExtractAarTransform
Transforming startup-runtime-1.1.1.aar (androidx.startup:startup-runtime:1.1.1) with AarTransform
Transforming tracing-1.0.0.aar (androidx.tracing:tracing:1.0.0) with IdentityTransform
Transforming tracing-1.0.0.aar (androidx.tracing:tracing:1.0.0) with ExtractAarTransform
Transforming tracing-1.0.0.aar (androidx.tracing:tracing:1.0.0) with AarTransform
Transforming interpolator-1.0.0.aar (androidx.interpolator:interpolator:1.0.0) with IdentityTransform
Transforming interpolator-1.0.0.aar (androidx.interpolator:interpolator:1.0.0) with ExtractAarTransform
Transforming interpolator-1.0.0.aar (androidx.interpolator:interpolator:1.0.0) with AarTransform
Transforming interpolator-1.0.0.aar (androidx.interpolator:interpolator:1.0.0) with IdentityTransform
Transforming interpolator-1.0.0.aar (androidx.interpolator:interpolator:1.0.0) with ExtractAarTransform
Transforming interpolator-1.0.0.aar (androidx.interpolator:interpolator:1.0.0) with AarTransform
Transforming versionedparcelable-1.1.1.aar (androidx.versionedparcelable:versionedparcelable:1.1.1) with IdentityTransform
Transforming versionedparcelable-1.1.1.aar (androidx.versionedparcelable:versionedparcelable:1.1.1) with ExtractAarTransform
Transforming versionedparcelable-1.1.1.aar (androidx.versionedparcelable:versionedparcelable:1.1.1) with AarTransform
Transforming documentfile-1.0.0.aar (androidx.documentfile:documentfile:1.0.0) with IdentityTransform
Transforming documentfile-1.0.0.aar (androidx.documentfile:documentfile:1.0.0) with ExtractAarTransform
Transforming documentfile-1.0.0.aar (androidx.documentfile:documentfile:1.0.0) with AarTransform
Transforming localbroadcastmanager-1.0.0.aar (androidx.localbroadcastmanager:localbroadcastmanager:1.0.0) with IdentityTransform
Transforming localbroadcastmanager-1.0.0.aar (androidx.localbroadcastmanager:localbroadcastmanager:1.0.0) with ExtractAarTransform
Transforming localbroadcastmanager-1.0.0.aar (androidx.localbroadcastmanager:localbroadcastmanager:1.0.0) with AarTransform
Transforming print-1.0.0.aar (androidx.print:print:1.0.0) with IdentityTransform
Transforming print-1.0.0.aar (androidx.print:print:1.0.0) with ExtractAarTransform
Transforming print-1.0.0.aar (androidx.print:print:1.0.0) with AarTransform
Transforming dagger-lint-aar-2.46.1.aar (com.google.dagger:dagger-lint-aar:2.46.1) with IdentityTransform
Transforming dagger-lint-aar-2.46.1.aar (com.google.dagger:dagger-lint-aar:2.46.1) with ExtractAarTransform
Transforming dagger-lint-aar-2.46.1.aar (com.google.dagger:dagger-lint-aar:2.46.1) with AarTransform
Caching disabled for task ':app:mergeReleaseArtProfile' because:
  Build cache is disabled
Task ':app:mergeReleaseArtProfile' is not up-to-date because:
  Output property 'outputFile' file C:\Users\leoja\AndroidStudioProjects\PaleobyLeoRecipes\app\build\intermediates\merged_art_profile\release\baseline-prof.txt has been removed.
file or directory 'C:\Users\leoja\AndroidStudioProjects\PaleobyLeoRecipes\app\src\main\baselineProfiles', not found
file or directory 'C:\Users\leoja\AndroidStudioProjects\PaleobyLeoRecipes\app\src\release\baselineProfiles', not found

> Task :app:collectReleaseDependencies
Caching disabled for task ':app:collectReleaseDependencies' because:
  Build cache is disabled
Task ':app:collectReleaseDependencies' is not up-to-date because:
  Output property 'dependencyReport' file C:\Users\leoja\AndroidStudioProjects\PaleobyLeoRecipes\app\build\intermediates\metadata_library_dependencies_report\release\dependencies.pb has been removed.
Resolve mutations for :app:sdkReleaseDependencyData (Thread[#890,Execution worker Thread 4,5,main]) started.
:app:sdkReleaseDependencyData (Thread[#890,Execution worker Thread 4,5,main]) started.

> Task :app:sdkReleaseDependencyData
Caching disabled for task ':app:sdkReleaseDependencyData' because:
  Build cache is disabled
Task ':app:sdkReleaseDependencyData' is not up-to-date because:
  Output property 'sdkDependencyData' file C:\Users\leoja\AndroidStudioProjects\PaleobyLeoRecipes\app\build\intermediates\sdk_dependency_data\release\sdkDependencyData.pb has been removed.
  Output property 'sdkDependencyDataPublic' file C:\Users\leoja\AndroidStudioProjects\PaleobyLeoRecipes\app\build\outputs\sdk-dependencies\release\sdkDependencies.txt has been removed.
Resolve mutations for :app:writeReleaseAppMetadata (Thread[#890,Execution worker Thread 4,5,main]) started.
:app:writeReleaseAppMetadata (Thread[#890,Execution worker Thread 4,5,main]) started.

> Task :app:writeReleaseAppMetadata
Caching disabled for task ':app:writeReleaseAppMetadata' because:
  Build cache is disabled
Task ':app:writeReleaseAppMetadata' is not up-to-date because:
  Output property 'outputFile' file C:\Users\leoja\AndroidStudioProjects\PaleobyLeoRecipes\app\build\intermediates\app_metadata\release\app-metadata.properties has been removed.
Resolve mutations for :app:writeReleaseSigningConfigVersions (Thread[#890,Execution worker Thread 4,5,main]) started.
:app:writeReleaseSigningConfigVersions (Thread[#890,Execution worker Thread 4,5,main]) started.

> Task :app:writeReleaseSigningConfigVersions
Caching disabled for task ':app:writeReleaseSigningConfigVersions' because:
  Build cache is disabled
Task ':app:writeReleaseSigningConfigVersions' is not up-to-date because:
  Output property 'outputFile' file C:\Users\leoja\AndroidStudioProjects\PaleobyLeoRecipes\app\build\intermediates\signing_config_versions\release\signing-config-versions.json has been removed.
Resolve mutations for :app:preDebugAndroidTestBuild (Thread[#890,Execution worker Thread 4,5,main]) started.
:app:preDebugAndroidTestBuild (Thread[#890,Execution worker Thread 4,5,main]) started.

> Task :app:preDebugAndroidTestBuild SKIPPED
Skipping task ':app:preDebugAndroidTestBuild' as task onlyIf 'Task is enabled' is false.
Resolve mutations for :app:generateDebugAndroidTestResValues (Thread[#890,Execution worker Thread 4,5,main]) started.
:app:generateDebugAndroidTestResValues (Thread[#890,Execution worker Thread 4,5,main]) started.

> Task :app:generateDebugAndroidTestResValues
Caching disabled for task ':app:generateDebugAndroidTestResValues' because:
  Build cache is disabled
Task ':app:generateDebugAndroidTestResValues' is not up-to-date because:
  Output property 'outputDirectory' file C:\Users\leoja\AndroidStudioProjects\PaleobyLeoRecipes\app\build\generated\res\resValues\androidTest\debug has been removed.
Resolve mutations for :app:preDebugUnitTestBuild (Thread[#890,Execution worker Thread 4,5,main]) started.
:app:preDebugUnitTestBuild (Thread[#890,Execution worker Thread 4,5,main]) started.

> Task :app:preDebugUnitTestBuild UP-TO-DATE
Skipping task ':app:preDebugUnitTestBuild' as it has no actions.
Resolve mutations for :app:javaPreCompileDebugUnitTest (Thread[#890,Execution worker Thread 4,5,main]) started.
:app:javaPreCompileDebugUnitTest (Thread[#890,Execution worker Thread 4,5,main]) started.
Resolve mutations for :app:preReleaseUnitTestBuild (Thread[#888,Execution worker Thread 2,5,main]) started.
:app:preReleaseUnitTestBuild (Thread[#888,Execution worker Thread 2,5,main]) started.

> Task :app:preReleaseUnitTestBuild UP-TO-DATE
Skipping task ':app:preReleaseUnitTestBuild' as it has no actions.
Resolve mutations for :app:javaPreCompileReleaseUnitTest (Thread[#888,Execution worker Thread 2,5,main]) started.
:app:javaPreCompileReleaseUnitTest (Thread[#888,Execution worker Thread 2,5,main]) started.

> Task :app:javaPreCompileDebugUnitTest
Caching disabled for task ':app:javaPreCompileDebugUnitTest' because:
  Build cache is disabled
Task ':app:javaPreCompileDebugUnitTest' is not up-to-date because:
  Output property 'annotationProcessorListFile' file C:\Users\leoja\AndroidStudioProjects\PaleobyLeoRecipes\app\build\intermediates\annotation_processor_list\debugUnitTest\annotationProcessors.json has been removed.

> Task :app:javaPreCompileReleaseUnitTest
Caching disabled for task ':app:javaPreCompileReleaseUnitTest' because:
  Build cache is disabled
Task ':app:javaPreCompileReleaseUnitTest' is not up-to-date because:
  Output property 'annotationProcessorListFile' file C:\Users\leoja\AndroidStudioProjects\PaleobyLeoRecipes\app\build\intermediates\annotation_processor_list\releaseUnitTest\annotationProcessors.json has been removed.

> Task :app:processReleaseManifestForPackage
Caching disabled for task ':app:processReleaseManifestForPackage' because:
  Build cache is disabled
Task ':app:processReleaseManifestForPackage' is not up-to-date because:
  Output property 'packageManifests' file C:\Users\leoja\AndroidStudioProjects\PaleobyLeoRecipes\app\build\intermediates\packaged_manifests\release has been removed.
  Output property 'packageManifests' file C:\Users\leoja\AndroidStudioProjects\PaleobyLeoRecipes\app\build\intermediates\packaged_manifests\release\AndroidManifest.xml has been removed.
  Output property 'packageManifests' file C:\Users\leoja\AndroidStudioProjects\PaleobyLeoRecipes\app\build\intermediates\packaged_manifests\release\output-metadata.json has been removed.

> Task :app:mergeReleaseResources
Compiling XML table C:\Users\leoja\AndroidStudioProjects\PaleobyLeoRecipes\app\build\intermediates\incremental\release\mergeReleaseResources\merged.dir\values-pl\values-pl.xml to C:\Users\leoja\AndroidStudioProjects\PaleobyLeoRecipes\app\build\intermediates\merged_res\release\values-pl_values-pl.arsc.flat
Compiling XML table C:\Users\leoja\AndroidStudioProjects\PaleobyLeoRecipes\app\build\intermediates\incremental\release\mergeReleaseResources\merged.dir\values-mn\values-mn.xml to C:\Users\leoja\AndroidStudioProjects\PaleobyLeoRecipes\app\build\intermediates\merged_res\release\values-mn_values-mn.arsc.flat
Compiling XML table C:\Users\leoja\AndroidStudioProjects\PaleobyLeoRecipes\app\build\intermediates\incremental\release\mergeReleaseResources\merged.dir\values-nl\values-nl.xml to C:\Users\leoja\AndroidStudioProjects\PaleobyLeoRecipes\app\build\intermediates\merged_res\release\values-nl_values-nl.arsc.flat
Compiling xml file C:\Users\leoja\AndroidStudioProjects\PaleobyLeoRecipes\app\src\main\res\drawable\ic_ingredients.xml to C:\Users\leoja\AndroidStudioProjects\PaleobyLeoRecipes\app\build\intermediates\merged_res\release\drawable_ic_ingredients.xml.flat
Compiling xml file C:\Users\leoja\AndroidStudioProjects\PaleobyLeoRecipes\app\src\main\res\drawable\placeholder_recipe.xml to C:\Users\leoja\AndroidStudioProjects\PaleobyLeoRecipes\app\build\intermediates\merged_res\release\drawable_placeholder_recipe.xml.flat
Compiling file C:\Users\leoja\AndroidStudioProjects\PaleobyLeoRecipes\app\src\main\res\mipmap-mdpi\ic_launcher_round.webp to C:\Users\leoja\AndroidStudioProjects\PaleobyLeoRecipes\app\build\intermediates\merged_res\release\mipmap-mdpi_ic_launcher_round.webp.flat
Compiling xml file C:\Users\leoja\AndroidStudioProjects\PaleobyLeoRecipes\app\build\intermediates\incremental\release\mergeReleaseResources\stripped.dir\layout\fragment_recipe_search.xml to C:\Users\leoja\AndroidStudioProjects\PaleobyLeoRecipes\app\build\intermediates\merged_res\release\layout_fragment_recipe_search.xml.flat
Compiling xml file C:\Users\leoja\AndroidStudioProjects\PaleobyLeoRecipes\app\src\main\res\xml\data_extraction_rules.xml to C:\Users\leoja\AndroidStudioProjects\PaleobyLeoRecipes\app\build\intermediates\merged_res\release\xml_data_extraction_rules.xml.flat
Compiling file C:\Users\leoja\AndroidStudioProjects\PaleobyLeoRecipes\app\src\main\res\mipmap-xhdpi\ic_launcher_round.webp to C:\Users\leoja\AndroidStudioProjects\PaleobyLeoRecipes\app\build\intermediates\merged_res\release\mipmap-xhdpi_ic_launcher_round.webp.flat
Compiling XML table C:\Users\leoja\AndroidStudioProjects\PaleobyLeoRecipes\app\build\intermediates\incremental\release\mergeReleaseResources\merged.dir\values-land\values-land.xml to C:\Users\leoja\AndroidStudioProjects\PaleobyLeoRecipes\app\build\intermediates\merged_res\release\values-land_values-land.arsc.flat
Compiling file C:\Users\leoja\AndroidStudioProjects\PaleobyLeoRecipes\app\src\main\res\mipmap-hdpi\ic_launcher_round.webp to C:\Users\leoja\AndroidStudioProjects\PaleobyLeoRecipes\app\build\intermediates\merged_res\release\mipmap-hdpi_ic_launcher_round.webp.flat
Compiling XML table C:\Users\leoja\AndroidStudioProjects\PaleobyLeoRecipes\app\build\intermediates\incremental\release\mergeReleaseResources\merged.dir\values-es\values-es.xml to C:\Users\leoja\AndroidStudioProjects\PaleobyLeoRecipes\app\build\intermediates\merged_res\release\values-es_values-es.arsc.flat
Compiling xml file C:\Users\leoja\AndroidStudioProjects\PaleobyLeoRecipes\app\src\main\res\drawable\ic_filter_list.xml to C:\Users\leoja\AndroidStudioProjects\PaleobyLeoRecipes\app\build\intermediates\merged_res\release\drawable_ic_filter_list.xml.flat
Compiling xml file C:\Users\leoja\AndroidStudioProjects\PaleobyLeoRecipes\app\build\intermediates\incremental\release\mergeReleaseResources\stripped.dir\layout\activity_settings.xml to C:\Users\leoja\AndroidStudioProjects\PaleobyLeoRecipes\app\build\intermediates\merged_res\release\layout_activity_settings.xml.flat
Compiling xml file C:\Users\leoja\AndroidStudioProjects\PaleobyLeoRecipes\app\src\main\res\menu\main_menu.xml to C:\Users\leoja\AndroidStudioProjects\PaleobyLeoRecipes\app\build\intermediates\merged_res\release\menu_main_menu.xml.flat
Compiling xml file C:\Users\leoja\AndroidStudioProjects\PaleobyLeoRecipes\app\src\main\res\drawable\ic_image_placeholder.xml to C:\Users\leoja\AndroidStudioProjects\PaleobyLeoRecipes\app\build\intermediates\merged_res\release\drawable_ic_image_placeholder.xml.flat
Compiling xml file C:\Users\leoja\AndroidStudioProjects\PaleobyLeoRecipes\app\src\main\res\drawable\main_background.xml to C:\Users\leoja\AndroidStudioProjects\PaleobyLeoRecipes\app\build\intermediates\merged_res\release\drawable_main_background.xml.flat
Compiling xml file C:\Users\leoja\AndroidStudioProjects\PaleobyLeoRecipes\app\src\main\res\drawable\ic_broken_image.xml to C:\Users\leoja\AndroidStudioProjects\PaleobyLeoRecipes\app\build\intermediates\merged_res\release\drawable_ic_broken_image.xml.flat
Compiling xml file C:\Users\leoja\AndroidStudioProjects\PaleobyLeoRecipes\app\src\main\res\drawable\recipe_background.xml to C:\Users\leoja\AndroidStudioProjects\PaleobyLeoRecipes\app\build\intermediates\merged_res\release\drawable_recipe_background.xml.flat
Compiling xml file C:\Users\leoja\AndroidStudioProjects\PaleobyLeoRecipes\app\build\intermediates\incremental\release\mergeReleaseResources\stripped.dir\layout\popup_menu_item.xml to C:\Users\leoja\AndroidStudioProjects\PaleobyLeoRecipes\app\build\intermediates\merged_res\release\layout_popup_menu_item.xml.flat
Compiling xml file C:\Users\leoja\AndroidStudioProjects\PaleobyLeoRecipes\app\src\main\res\drawable\paleo_avoid.xml to C:\Users\leoja\AndroidStudioProjects\PaleobyLeoRecipes\app\build\intermediates\merged_res\release\drawable_paleo_avoid.xml.flat
Compiling xml file C:\Users\leoja\AndroidStudioProjects\PaleobyLeoRecipes\app\src\main\res\drawable\paleo_header.xml to C:\Users\leoja\AndroidStudioProjects\PaleobyLeoRecipes\app\build\intermediates\merged_res\release\drawable_paleo_header.xml.flat
Compiling xml file C:\Users\leoja\AndroidStudioProjects\PaleobyLeoRecipes\app\src\main\res\drawable\delete_button_background.xml to C:\Users\leoja\AndroidStudioProjects\PaleobyLeoRecipes\app\build\intermediates\merged_res\release\drawable_delete_button_background.xml.flat
Compiling xml file C:\Users\leoja\AndroidStudioProjects\PaleobyLeoRecipes\app\build\intermediates\incremental\release\mergeReleaseResources\stripped.dir\layout\item_recipe_simple.xml to C:\Users\leoja\AndroidStudioProjects\PaleobyLeoRecipes\app\build\intermediates\merged_res\release\layout_item_recipe_simple.xml.flat
Compiling XML table C:\Users\leoja\AndroidStudioProjects\PaleobyLeoRecipes\app\build\intermediates\incremental\release\mergeReleaseResources\merged.dir\values-night-v8\values-night-v8.xml to C:\Users\leoja\AndroidStudioProjects\PaleobyLeoRecipes\app\build\intermediates\merged_res\release\values-night-v8_values-night-v8.arsc.flat
Compiling XML table C:\Users\leoja\AndroidStudioProjects\PaleobyLeoRecipes\app\build\intermediates\incremental\release\mergeReleaseResources\merged.dir\values-large-v4\values-large-v4.xml to C:\Users\leoja\AndroidStudioProjects\PaleobyLeoRecipes\app\build\intermediates\merged_res\release\values-large-v4_values-large-v4.arsc.flat
Compiling XML table C:\Users\leoja\AndroidStudioProjects\PaleobyLeoRecipes\app\build\intermediates\incremental\release\mergeReleaseResources\merged.dir\values-gu\values-gu.xml to C:\Users\leoja\AndroidStudioProjects\PaleobyLeoRecipes\app\build\intermediates\merged_res\release\values-gu_values-gu.arsc.flat
Compiling xml file C:\Users\leoja\AndroidStudioProjects\PaleobyLeoRecipes\app\src\main\res\drawable\ic_instructions.xml to C:\Users\leoja\AndroidStudioProjects\PaleobyLeoRecipes\app\build\intermediates\merged_res\release\drawable_ic_instructions.xml.flat
Compiling xml file C:\Users\leoja\AndroidStudioProjects\PaleobyLeoRecipes\app\build\intermediates\incremental\release\mergeReleaseResources\stripped.dir\layout\activity_recipe_detail_new.xml to C:\Users\leoja\AndroidStudioProjects\PaleobyLeoRecipes\app\build\intermediates\merged_res\release\layout_activity_recipe_detail_new.xml.flat
Compiling file C:\Users\leoja\AndroidStudioProjects\PaleobyLeoRecipes\app\src\main\res\mipmap-xxhdpi\ic_launcher.webp to C:\Users\leoja\AndroidStudioProjects\PaleobyLeoRecipes\app\build\intermediates\merged_res\release\mipmap-xxhdpi_ic_launcher.webp.flat
Compiling xml file C:\Users\leoja\AndroidStudioProjects\PaleobyLeoRecipes\app\build\intermediates\incremental\release\mergeReleaseResources\stripped.dir\layout\fragment_fridge.xml to C:\Users\leoja\AndroidStudioProjects\PaleobyLeoRecipes\app\build\intermediates\merged_res\release\layout_fragment_fridge.xml.flat
Compiling xml file C:\Users\leoja\AndroidStudioProjects\PaleobyLeoRecipes\app\build\intermediates\incremental\release\mergeReleaseResources\stripped.dir\layout\activity_splash.xml to C:\Users\leoja\AndroidStudioProjects\PaleobyLeoRecipes\app\build\intermediates\merged_res\release\layout_activity_splash.xml.flat
Compiling xml file C:\Users\leoja\AndroidStudioProjects\PaleobyLeoRecipes\app\src\main\res\xml\file_paths.xml to C:\Users\leoja\AndroidStudioProjects\PaleobyLeoRecipes\app\build\intermediates\merged_res\release\xml_file_paths.xml.flat
Compiling xml file C:\Users\leoja\AndroidStudioProjects\PaleobyLeoRecipes\app\src\main\res\drawable\edit_text_background.xml to C:\Users\leoja\AndroidStudioProjects\PaleobyLeoRecipes\app\build\intermediates\merged_res\release\drawable_edit_text_background.xml.flat
Compiling xml file C:\Users\leoja\AndroidStudioProjects\PaleobyLeoRecipes\app\build\intermediates\incremental\release\mergeReleaseResources\stripped.dir\layout\activity_recipe_search_container.xml to C:\Users\leoja\AndroidStudioProjects\PaleobyLeoRecipes\app\build\intermediates\merged_res\release\layout_activity_recipe_search_container.xml.flat
Compiling xml file C:\Users\leoja\AndroidStudioProjects\PaleobyLeoRecipes\app\src\main\res\drawable\ic_paleo_essentials.xml to C:\Users\leoja\AndroidStudioProjects\PaleobyLeoRecipes\app\build\intermediates\merged_res\release\drawable_ic_paleo_essentials.xml.flat
Resolve mutations for :app:dataBindingGenBaseClassesRelease (Thread[#889,Execution worker Thread 3,5,main]) started.
:app:dataBindingGenBaseClassesRelease (Thread[#889,Execution worker Thread 3,5,main]) started.

> Task :app:dataBindingGenBaseClassesRelease
Caching disabled for task ':app:dataBindingGenBaseClassesRelease' because:
  Build cache is disabled
Task ':app:dataBindingGenBaseClassesRelease' is not up-to-date because:
  Output property 'classInfoBundleDir' file C:\Users\leoja\AndroidStudioProjects\PaleobyLeoRecipes\app\build\intermediates\data_binding_base_class_log_artifact\release\out has been removed.
  Output property 'classInfoBundleDir' file C:\Users\leoja\AndroidStudioProjects\PaleobyLeoRecipes\app\build\intermediates\data_binding_base_class_log_artifact\release\out\com.leo.paleorecipes-binding_classes.json has been removed.
  Output property 'logOutFolder' file C:\Users\leoja\AndroidStudioProjects\PaleobyLeoRecipes\app\build\intermediates\incremental\dataBindingGenBaseClassesRelease has been removed.
The input changes require a full rebuild for incremental task ':app:dataBindingGenBaseClassesRelease'.
Resolve mutations for :app:processReleaseResources (Thread[#889,Execution worker Thread 3,5,main]) started.
:app:processReleaseResources (Thread[#889,Execution worker Thread 3,5,main]) started.

> Task :app:processDebugResources
Transforming aapt2-8.1.0-10154469-windows.jar (com.android.tools.build:aapt2:8.1.0-10154469) with Aapt2Extractor
Transforming databinding-adapters-8.1.0.aar (androidx.databinding:databinding-adapters:8.1.0) with IdentityTransform
Transforming databinding-adapters-8.1.0.aar (androidx.databinding:databinding-adapters:8.1.0) with ExtractAarTransform
Transforming databinding-adapters-8.1.0.aar (androidx.databinding:databinding-adapters:8.1.0) with AarResourcesCompilerTransform
Transforming databinding-ktx-8.1.0.aar (androidx.databinding:databinding-ktx:8.1.0) with IdentityTransform
Transforming databinding-ktx-8.1.0.aar (androidx.databinding:databinding-ktx:8.1.0) with ExtractAarTransform
Transforming databinding-ktx-8.1.0.aar (androidx.databinding:databinding-ktx:8.1.0) with AarResourcesCompilerTransform
Transforming databinding-runtime-8.1.0.aar (androidx.databinding:databinding-runtime:8.1.0) with IdentityTransform
Transforming databinding-runtime-8.1.0.aar (androidx.databinding:databinding-runtime:8.1.0) with ExtractAarTransform
Transforming databinding-runtime-8.1.0.aar (androidx.databinding:databinding-runtime:8.1.0) with AarResourcesCompilerTransform
Transforming viewbinding-8.1.0.aar (androidx.databinding:viewbinding:8.1.0) with IdentityTransform
Transforming viewbinding-8.1.0.aar (androidx.databinding:viewbinding:8.1.0) with ExtractAarTransform
Transforming viewbinding-8.1.0.aar (androidx.databinding:viewbinding:8.1.0) with AarResourcesCompilerTransform
Transforming navigation-common-2.7.6.aar (androidx.navigation:navigation-common:2.7.6) with IdentityTransform
Transforming navigation-common-2.7.6.aar (androidx.navigation:navigation-common:2.7.6) with ExtractAarTransform
Transforming navigation-common-2.7.6.aar (androidx.navigation:navigation-common:2.7.6) with AarResourcesCompilerTransform
Transforming navigation-common-ktx-2.7.6.aar (androidx.navigation:navigation-common-ktx:2.7.6) with IdentityTransform
Transforming navigation-common-ktx-2.7.6.aar (androidx.navigation:navigation-common-ktx:2.7.6) with ExtractAarTransform
Transforming navigation-common-ktx-2.7.6.aar (androidx.navigation:navigation-common-ktx:2.7.6) with AarResourcesCompilerTransform
Transforming navigation-runtime-2.7.6.aar (androidx.navigation:navigation-runtime:2.7.6) with IdentityTransform
Transforming navigation-runtime-2.7.6.aar (androidx.navigation:navigation-runtime:2.7.6) with ExtractAarTransform
Transforming navigation-runtime-2.7.6.aar (androidx.navigation:navigation-runtime:2.7.6) with AarResourcesCompilerTransform
Transforming navigation-runtime-ktx-2.7.6.aar (androidx.navigation:navigation-runtime-ktx:2.7.6) with IdentityTransform
Transforming navigation-runtime-ktx-2.7.6.aar (androidx.navigation:navigation-runtime-ktx:2.7.6) with ExtractAarTransform
Transforming navigation-runtime-ktx-2.7.6.aar (androidx.navigation:navigation-runtime-ktx:2.7.6) with AarResourcesCompilerTransform
Transforming navigation-fragment-2.7.6.aar (androidx.navigation:navigation-fragment:2.7.6) with IdentityTransform
Transforming navigation-fragment-2.7.6.aar (androidx.navigation:navigation-fragment:2.7.6) with ExtractAarTransform
Transforming navigation-fragment-2.7.6.aar (androidx.navigation:navigation-fragment:2.7.6) with AarResourcesCompilerTransform
Transforming navigation-fragment-ktx-2.7.6.aar (androidx.navigation:navigation-fragment-ktx:2.7.6) with IdentityTransform
Transforming navigation-fragment-ktx-2.7.6.aar (androidx.navigation:navigation-fragment-ktx:2.7.6) with ExtractAarTransform
Transforming navigation-fragment-ktx-2.7.6.aar (androidx.navigation:navigation-fragment-ktx:2.7.6) with AarResourcesCompilerTransform
Transforming navigation-ui-ktx-2.7.6.aar (androidx.navigation:navigation-ui-ktx:2.7.6) with IdentityTransform
Transforming navigation-ui-ktx-2.7.6.aar (androidx.navigation:navigation-ui-ktx:2.7.6) with ExtractAarTransform
Transforming navigation-ui-ktx-2.7.6.aar (androidx.navigation:navigation-ui-ktx:2.7.6) with AarResourcesCompilerTransform
Transforming navigation-ui-2.7.6.aar (androidx.navigation:navigation-ui:2.7.6) with IdentityTransform
Transforming navigation-ui-2.7.6.aar (androidx.navigation:navigation-ui:2.7.6) with ExtractAarTransform
Transforming navigation-ui-2.7.6.aar (androidx.navigation:navigation-ui:2.7.6) with AarResourcesCompilerTransform
Transforming material-1.11.0.aar (com.google.android.material:material:1.11.0) with IdentityTransform
Transforming material-1.11.0.aar (com.google.android.material:material:1.11.0) with ExtractAarTransform
Transforming material-1.11.0.aar (com.google.android.material:material:1.11.0) with AarResourcesCompilerTransform
Transforming constraintlayout-2.1.4.aar (androidx.constraintlayout:constraintlayout:2.1.4) with IdentityTransform
Transforming constraintlayout-2.1.4.aar (androidx.constraintlayout:constraintlayout:2.1.4) with ExtractAarTransform
Transforming constraintlayout-2.1.4.aar (androidx.constraintlayout:constraintlayout:2.1.4) with AarResourcesCompilerTransform
Transforming appcompat-resources-1.6.1.aar (androidx.appcompat:appcompat-resources:1.6.1) with IdentityTransform
Transforming appcompat-resources-1.6.1.aar (androidx.appcompat:appcompat-resources:1.6.1) with ExtractAarTransform
Transforming appcompat-resources-1.6.1.aar (androidx.appcompat:appcompat-resources:1.6.1) with AarResourcesCompilerTransform
Transforming appcompat-1.6.1.aar (androidx.appcompat:appcompat:1.6.1) with IdentityTransform
Transforming appcompat-1.6.1.aar (androidx.appcompat:appcompat:1.6.1) with ExtractAarTransform
Transforming appcompat-1.6.1.aar (androidx.appcompat:appcompat:1.6.1) with AarResourcesCompilerTransform
Transforming hilt-work-1.0.0.aar (androidx.hilt:hilt-work:1.0.0) with IdentityTransform
Transforming hilt-work-1.0.0.aar (androidx.hilt:hilt-work:1.0.0) with ExtractAarTransform
Transforming hilt-work-1.0.0.aar (androidx.hilt:hilt-work:1.0.0) with AarResourcesCompilerTransform
Transforming hilt-android-2.46.1.aar (com.google.dagger:hilt-android:2.46.1) with IdentityTransform
Transforming hilt-android-2.46.1.aar (com.google.dagger:hilt-android:2.46.1) with ExtractAarTransform
Transforming hilt-android-2.46.1.aar (com.google.dagger:hilt-android:2.46.1) with AarResourcesCompilerTransform
Transforming okhttp3-integration-4.16.0.aar (com.github.bumptech.glide:okhttp3-integration:4.16.0) with IdentityTransform
Transforming okhttp3-integration-4.16.0.aar (com.github.bumptech.glide:okhttp3-integration:4.16.0) with ExtractAarTransform
Transforming okhttp3-integration-4.16.0.aar (com.github.bumptech.glide:okhttp3-integration:4.16.0) with AarResourcesCompilerTransform
Transforming glide-4.16.0.aar (com.github.bumptech.glide:glide:4.16.0) with IdentityTransform
Transforming glide-4.16.0.aar (com.github.bumptech.glide:glide:4.16.0) with ExtractAarTransform
Transforming glide-4.16.0.aar (com.github.bumptech.glide:glide:4.16.0) with AarResourcesCompilerTransform
Transforming viewpager2-1.0.0.aar (androidx.viewpager2:viewpager2:1.0.0) with IdentityTransform
Transforming viewpager2-1.0.0.aar (androidx.viewpager2:viewpager2:1.0.0) with ExtractAarTransform
Transforming viewpager2-1.0.0.aar (androidx.viewpager2:viewpager2:1.0.0) with AarResourcesCompilerTransform
Transforming fragment-1.6.2.aar (androidx.fragment:fragment:1.6.2) with IdentityTransform
Transforming fragment-1.6.2.aar (androidx.fragment:fragment:1.6.2) with ExtractAarTransform
Transforming fragment-1.6.2.aar (androidx.fragment:fragment:1.6.2) with AarResourcesCompilerTransform
Transforming fragment-1.6.2.aar (androidx.fragment:fragment:1.6.2) with IdentityTransform
Transforming fragment-1.6.2.aar (androidx.fragment:fragment:1.6.2) with ExtractAarTransform
Transforming fragment-1.6.2.aar (androidx.fragment:fragment:1.6.2) with AarResourcesCompilerTransform
Transforming fragment-ktx-1.6.2.aar (androidx.fragment:fragment-ktx:1.6.2) with IdentityTransform
Transforming fragment-ktx-1.6.2.aar (androidx.fragment:fragment-ktx:1.6.2) with ExtractAarTransform
Transforming fragment-ktx-1.6.2.aar (androidx.fragment:fragment-ktx:1.6.2) with AarResourcesCompilerTransform
Transforming material3-1.1.2.aar (androidx.compose.material3:material3:1.1.2) with IdentityTransform
Transforming material3-1.1.2.aar (androidx.compose.material3:material3:1.1.2) with ExtractAarTransform
Transforming material3-1.1.2.aar (androidx.compose.material3:material3:1.1.2) with AarResourcesCompilerTransform
Transforming material-ripple-release.aar (androidx.compose.material:material-ripple-android:1.5.4) with IdentityTransform
Transforming material-ripple-release.aar (androidx.compose.material:material-ripple-android:1.5.4) with ExtractAarTransform
Transforming material-ripple-release.aar (androidx.compose.material:material-ripple-android:1.5.4) with AarResourcesCompilerTransform
Transforming material-icons-core-release.aar (androidx.compose.material:material-icons-core-android:1.5.4) with IdentityTransform
Transforming material-icons-core-release.aar (androidx.compose.material:material-icons-core-android:1.5.4) with ExtractAarTransform
Transforming material-icons-core-release.aar (androidx.compose.material:material-icons-core-android:1.5.4) with AarResourcesCompilerTransform
Transforming material-release.aar (androidx.compose.material:material-android:1.5.4) with IdentityTransform
Transforming material-release.aar (androidx.compose.material:material-android:1.5.4) with ExtractAarTransform
Transforming material-release.aar (androidx.compose.material:material-android:1.5.4) with AarResourcesCompilerTransform
Transforming animation-core-release.aar (androidx.compose.animation:animation-core-android:1.5.4) with IdentityTransform
Transforming animation-core-release.aar (androidx.compose.animation:animation-core-android:1.5.4) with ExtractAarTransform
Transforming animation-core-release.aar (androidx.compose.animation:animation-core-android:1.5.4) with AarResourcesCompilerTransform
Transforming animation-release.aar (androidx.compose.animation:animation-android:1.5.4) with IdentityTransform
Transforming animation-release.aar (androidx.compose.animation:animation-android:1.5.4) with ExtractAarTransform
Transforming animation-release.aar (androidx.compose.animation:animation-android:1.5.4) with AarResourcesCompilerTransform
Transforming foundation-layout-release.aar (androidx.compose.foundation:foundation-layout-android:1.5.4) with IdentityTransform
Transforming foundation-layout-release.aar (androidx.compose.foundation:foundation-layout-android:1.5.4) with ExtractAarTransform
Transforming foundation-layout-release.aar (androidx.compose.foundation:foundation-layout-android:1.5.4) with AarResourcesCompilerTransform
Transforming foundation-release.aar (androidx.compose.foundation:foundation-android:1.5.4) with IdentityTransform
Transforming foundation-release.aar (androidx.compose.foundation:foundation-android:1.5.4) with ExtractAarTransform
Transforming foundation-release.aar (androidx.compose.foundation:foundation-android:1.5.4) with AarResourcesCompilerTransform
Transforming ui-unit-release.aar (androidx.compose.ui:ui-unit-android:1.5.4) with IdentityTransform
Transforming ui-unit-release.aar (androidx.compose.ui:ui-unit-android:1.5.4) with ExtractAarTransform
Transforming ui-unit-release.aar (androidx.compose.ui:ui-unit-android:1.5.4) with AarResourcesCompilerTransform
Transforming ui-geometry-release.aar (androidx.compose.ui:ui-geometry-android:1.5.4) with IdentityTransform
Transforming ui-geometry-release.aar (androidx.compose.ui:ui-geometry-android:1.5.4) with ExtractAarTransform
Transforming ui-geometry-release.aar (androidx.compose.ui:ui-geometry-android:1.5.4) with AarResourcesCompilerTransform
Transforming ui-tooling-data-release.aar (androidx.compose.ui:ui-tooling-data-android:1.5.4) with IdentityTransform
Transforming ui-tooling-data-release.aar (androidx.compose.ui:ui-tooling-data-android:1.5.4) with ExtractAarTransform
Transforming ui-tooling-data-release.aar (androidx.compose.ui:ui-tooling-data-android:1.5.4) with AarResourcesCompilerTransform
Transforming ui-util-release.aar (androidx.compose.ui:ui-util-android:1.5.4) with IdentityTransform
Transforming ui-util-release.aar (androidx.compose.ui:ui-util-android:1.5.4) with ExtractAarTransform
Transforming ui-util-release.aar (androidx.compose.ui:ui-util-android:1.5.4) with AarResourcesCompilerTransform
Transforming ui-graphics-release.aar (androidx.compose.ui:ui-graphics-android:1.5.4) with IdentityTransform
Transforming ui-graphics-release.aar (androidx.compose.ui:ui-graphics-android:1.5.4) with ExtractAarTransform
Transforming ui-graphics-release.aar (androidx.compose.ui:ui-graphics-android:1.5.4) with AarResourcesCompilerTransform
Transforming ui-text-release.aar (androidx.compose.ui:ui-text-android:1.5.4) with IdentityTransform
Transforming ui-text-release.aar (androidx.compose.ui:ui-text-android:1.5.4) with ExtractAarTransform
Transforming ui-text-release.aar (androidx.compose.ui:ui-text-android:1.5.4) with AarResourcesCompilerTransform
Transforming runtime-saveable-release.aar (androidx.compose.runtime:runtime-saveable-android:1.5.4) with IdentityTransform
Transforming runtime-saveable-release.aar (androidx.compose.runtime:runtime-saveable-android:1.5.4) with ExtractAarTransform
Transforming runtime-saveable-release.aar (androidx.compose.runtime:runtime-saveable-android:1.5.4) with AarResourcesCompilerTransform
Transforming runtime-release.aar (androidx.compose.runtime:runtime-android:1.5.4) with IdentityTransform
Transforming runtime-release.aar (androidx.compose.runtime:runtime-android:1.5.4) with ExtractAarTransform
Transforming runtime-release.aar (androidx.compose.runtime:runtime-android:1.5.4) with AarResourcesCompilerTransform
Transforming runtime-livedata-1.5.4.aar (androidx.compose.runtime:runtime-livedata:1.5.4) with IdentityTransform
Transforming runtime-livedata-1.5.4.aar (androidx.compose.runtime:runtime-livedata:1.5.4) with ExtractAarTransform
Transforming runtime-livedata-1.5.4.aar (androidx.compose.runtime:runtime-livedata:1.5.4) with AarResourcesCompilerTransform
Transforming drawerlayout-1.1.1.aar (androidx.drawerlayout:drawerlayout:1.1.1) with IdentityTransform
Transforming drawerlayout-1.1.1.aar (androidx.drawerlayout:drawerlayout:1.1.1) with ExtractAarTransform
Transforming drawerlayout-1.1.1.aar (androidx.drawerlayout:drawerlayout:1.1.1) with AarResourcesCompilerTransform
Transforming coordinatorlayout-1.1.0.aar (androidx.coordinatorlayout:coordinatorlayout:1.1.0) with IdentityTransform
Transforming coordinatorlayout-1.1.0.aar (androidx.coordinatorlayout:coordinatorlayout:1.1.0) with ExtractAarTransform
Transforming coordinatorlayout-1.1.0.aar (androidx.coordinatorlayout:coordinatorlayout:1.1.0) with AarResourcesCompilerTransform
Transforming dynamicanimation-1.0.0.aar (androidx.dynamicanimation:dynamicanimation:1.0.0) with IdentityTransform
Transforming dynamicanimation-1.0.0.aar (androidx.dynamicanimation:dynamicanimation:1.0.0) with ExtractAarTransform
Transforming dynamicanimation-1.0.0.aar (androidx.dynamicanimation:dynamicanimation:1.0.0) with AarResourcesCompilerTransform
Transforming vectordrawable-animated-1.1.0.aar (androidx.vectordrawable:vectordrawable-animated:1.1.0) with IdentityTransform
Transforming vectordrawable-animated-1.1.0.aar (androidx.vectordrawable:vectordrawable-animated:1.1.0) with ExtractAarTransform
Transforming vectordrawable-animated-1.1.0.aar (androidx.vectordrawable:vectordrawable-animated:1.1.0) with AarResourcesCompilerTransform
Transforming vectordrawable-1.1.0.aar (androidx.vectordrawable:vectordrawable:1.1.0) with IdentityTransform
Transforming vectordrawable-1.1.0.aar (androidx.vectordrawable:vectordrawable:1.1.0) with ExtractAarTransform
Transforming vectordrawable-1.1.0.aar (androidx.vectordrawable:vectordrawable:1.1.0) with AarResourcesCompilerTransform
Transforming vectordrawable-1.1.0.aar (androidx.vectordrawable:vectordrawable:1.1.0) with IdentityTransform
Transforming vectordrawable-1.1.0.aar (androidx.vectordrawable:vectordrawable:1.1.0) with ExtractAarTransform
Transforming vectordrawable-1.1.0.aar (androidx.vectordrawable:vectordrawable:1.1.0) with AarResourcesCompilerTransform
Transforming work-runtime-ktx-2.9.0.aar (androidx.work:work-runtime-ktx:2.9.0) with IdentityTransform
Transforming work-runtime-ktx-2.9.0.aar (androidx.work:work-runtime-ktx:2.9.0) with ExtractAarTransform
Transforming work-runtime-ktx-2.9.0.aar (androidx.work:work-runtime-ktx:2.9.0) with AarResourcesCompilerTransform
Transforming work-runtime-2.9.0.aar (androidx.work:work-runtime:2.9.0) with IdentityTransform
Transforming work-runtime-2.9.0.aar (androidx.work:work-runtime:2.9.0) with ExtractAarTransform
Transforming work-runtime-2.9.0.aar (androidx.work:work-runtime:2.9.0) with AarResourcesCompilerTransform
Transforming recyclerview-1.1.0.aar (androidx.recyclerview:recyclerview:1.1.0) with IdentityTransform
Transforming recyclerview-1.1.0.aar (androidx.recyclerview:recyclerview:1.1.0) with ExtractAarTransform
Transforming recyclerview-1.1.0.aar (androidx.recyclerview:recyclerview:1.1.0) with AarResourcesCompilerTransform
Transforming recyclerview-1.1.0.aar (androidx.recyclerview:recyclerview:1.1.0) with IdentityTransform
Transforming recyclerview-1.1.0.aar (androidx.recyclerview:recyclerview:1.1.0) with ExtractAarTransform
Transforming recyclerview-1.1.0.aar (androidx.recyclerview:recyclerview:1.1.0) with AarResourcesCompilerTransform
Transforming viewpager-1.0.0.aar (androidx.viewpager:viewpager:1.0.0) with IdentityTransform
Transforming viewpager-1.0.0.aar (androidx.viewpager:viewpager:1.0.0) with ExtractAarTransform
Transforming viewpager-1.0.0.aar (androidx.viewpager:viewpager:1.0.0) with AarResourcesCompilerTransform
Transforming slidingpanelayout-1.2.0.aar (androidx.slidingpanelayout:slidingpanelayout:1.2.0) with IdentityTransform
Transforming slidingpanelayout-1.2.0.aar (androidx.slidingpanelayout:slidingpanelayout:1.2.0) with ExtractAarTransform
Transforming slidingpanelayout-1.2.0.aar (androidx.slidingpanelayout:slidingpanelayout:1.2.0) with AarResourcesCompilerTransform
Transforming customview-1.1.0.aar (androidx.customview:customview:1.1.0) with IdentityTransform
Transforming customview-1.1.0.aar (androidx.customview:customview:1.1.0) with ExtractAarTransform
Transforming customview-1.1.0.aar (androidx.customview:customview:1.1.0) with AarResourcesCompilerTransform
Transforming customview-1.1.0.aar (androidx.customview:customview:1.1.0) with IdentityTransform
Transforming customview-1.1.0.aar (androidx.customview:customview:1.1.0) with ExtractAarTransform
Transforming customview-1.1.0.aar (androidx.customview:customview:1.1.0) with AarResourcesCompilerTransform
Transforming legacy-support-core-utils-1.0.0.aar (androidx.legacy:legacy-support-core-utils:1.0.0) with IdentityTransform
Transforming legacy-support-core-utils-1.0.0.aar (androidx.legacy:legacy-support-core-utils:1.0.0) with ExtractAarTransform
Transforming legacy-support-core-utils-1.0.0.aar (androidx.legacy:legacy-support-core-utils:1.0.0) with AarResourcesCompilerTransform
Transforming loader-1.0.0.aar (androidx.loader:loader:1.0.0) with IdentityTransform
Transforming loader-1.0.0.aar (androidx.loader:loader:1.0.0) with ExtractAarTransform
Transforming loader-1.0.0.aar (androidx.loader:loader:1.0.0) with AarResourcesCompilerTransform
Transforming loader-1.0.0.aar (androidx.loader:loader:1.0.0) with IdentityTransform
Transforming loader-1.0.0.aar (androidx.loader:loader:1.0.0) with ExtractAarTransform
Transforming loader-1.0.0.aar (androidx.loader:loader:1.0.0) with AarResourcesCompilerTransform
Transforming transition-1.4.1.aar (androidx.transition:transition:1.4.1) with IdentityTransform
Transforming transition-1.4.1.aar (androidx.transition:transition:1.4.1) with ExtractAarTransform
Transforming transition-1.4.1.aar (androidx.transition:transition:1.4.1) with AarResourcesCompilerTransform
Transforming window-1.0.0.aar (androidx.window:window:1.0.0) with IdentityTransform
Transforming window-1.0.0.aar (androidx.window:window:1.0.0) with ExtractAarTransform
Transforming window-1.0.0.aar (androidx.window:window:1.0.0) with AarResourcesCompilerTransform
Transforming autofill-1.0.0.aar (androidx.autofill:autofill:1.0.0) with IdentityTransform
Transforming autofill-1.0.0.aar (androidx.autofill:autofill:1.0.0) with ExtractAarTransform
Transforming autofill-1.0.0.aar (androidx.autofill:autofill:1.0.0) with AarResourcesCompilerTransform
Transforming emoji2-views-helper-1.4.0.aar (androidx.emoji2:emoji2-views-helper:1.4.0) with IdentityTransform
Transforming emoji2-views-helper-1.4.0.aar (androidx.emoji2:emoji2-views-helper:1.4.0) with ExtractAarTransform
Transforming emoji2-views-helper-1.4.0.aar (androidx.emoji2:emoji2-views-helper:1.4.0) with AarResourcesCompilerTransform
Transforming emoji2-1.4.0.aar (androidx.emoji2:emoji2:1.4.0) with IdentityTransform
Transforming emoji2-1.4.0.aar (androidx.emoji2:emoji2:1.4.0) with ExtractAarTransform
Transforming emoji2-1.4.0.aar (androidx.emoji2:emoji2:1.4.0) with AarResourcesCompilerTransform
Transforming core-1.12.0.aar (androidx.core:core:1.12.0) with IdentityTransform
Transforming core-1.12.0.aar (androidx.core:core:1.12.0) with ExtractAarTransform
Transforming core-1.12.0.aar (androidx.core:core:1.12.0) with AarResourcesCompilerTransform
Transforming core-1.12.0.aar (androidx.core:core:1.12.0) with IdentityTransform
Transforming core-1.12.0.aar (androidx.core:core:1.12.0) with ExtractAarTransform
Transforming core-1.12.0.aar (androidx.core:core:1.12.0) with AarResourcesCompilerTransform
Transforming lifecycle-livedata-core-2.7.0.aar (androidx.lifecycle:lifecycle-livedata-core:2.7.0) with IdentityTransform
Transforming lifecycle-livedata-core-2.7.0.aar (androidx.lifecycle:lifecycle-livedata-core:2.7.0) with ExtractAarTransform
Transforming lifecycle-livedata-core-2.7.0.aar (androidx.lifecycle:lifecycle-livedata-core:2.7.0) with AarResourcesCompilerTransform
Transforming savedstate-ktx-1.2.1.aar (androidx.savedstate:savedstate-ktx:1.2.1) with IdentityTransform
Transforming savedstate-ktx-1.2.1.aar (androidx.savedstate:savedstate-ktx:1.2.1) with ExtractAarTransform
Transforming savedstate-ktx-1.2.1.aar (androidx.savedstate:savedstate-ktx:1.2.1) with AarResourcesCompilerTransform
Transforming savedstate-1.2.1.aar (androidx.savedstate:savedstate:1.2.1) with IdentityTransform
Transforming savedstate-1.2.1.aar (androidx.savedstate:savedstate:1.2.1) with ExtractAarTransform
Transforming savedstate-1.2.1.aar (androidx.savedstate:savedstate:1.2.1) with AarResourcesCompilerTransform
Transforming lifecycle-viewmodel-savedstate-2.7.0.aar (androidx.lifecycle:lifecycle-viewmodel-savedstate:2.7.0) with IdentityTransform
Transforming lifecycle-viewmodel-savedstate-2.7.0.aar (androidx.lifecycle:lifecycle-viewmodel-savedstate:2.7.0) with ExtractAarTransform
Transforming lifecycle-viewmodel-savedstate-2.7.0.aar (androidx.lifecycle:lifecycle-viewmodel-savedstate:2.7.0) with AarResourcesCompilerTransform
Transforming lifecycle-livedata-core-ktx-2.7.0.aar (androidx.lifecycle:lifecycle-livedata-core-ktx:2.7.0) with IdentityTransform
Transforming lifecycle-livedata-core-ktx-2.7.0.aar (androidx.lifecycle:lifecycle-livedata-core-ktx:2.7.0) with ExtractAarTransform
Transforming lifecycle-livedata-core-ktx-2.7.0.aar (androidx.lifecycle:lifecycle-livedata-core-ktx:2.7.0) with AarResourcesCompilerTransform
Transforming lifecycle-viewmodel-2.7.0.aar (androidx.lifecycle:lifecycle-viewmodel:2.7.0) with IdentityTransform
Transforming lifecycle-viewmodel-2.7.0.aar (androidx.lifecycle:lifecycle-viewmodel:2.7.0) with ExtractAarTransform
Transforming lifecycle-viewmodel-2.7.0.aar (androidx.lifecycle:lifecycle-viewmodel:2.7.0) with AarResourcesCompilerTransform
Transforming lifecycle-viewmodel-2.7.0.aar (androidx.lifecycle:lifecycle-viewmodel:2.7.0) with IdentityTransform
Transforming lifecycle-viewmodel-2.7.0.aar (androidx.lifecycle:lifecycle-viewmodel:2.7.0) with ExtractAarTransform
Transforming lifecycle-viewmodel-2.7.0.aar (androidx.lifecycle:lifecycle-viewmodel:2.7.0) with AarResourcesCompilerTransform
Transforming lifecycle-service-2.7.0.aar (androidx.lifecycle:lifecycle-service:2.7.0) with IdentityTransform
Transforming lifecycle-service-2.7.0.aar (androidx.lifecycle:lifecycle-service:2.7.0) with ExtractAarTransform
Transforming lifecycle-service-2.7.0.aar (androidx.lifecycle:lifecycle-service:2.7.0) with AarResourcesCompilerTransform
Transforming lifecycle-runtime-ktx-2.7.0.aar (androidx.lifecycle:lifecycle-runtime-ktx:2.7.0) with IdentityTransform
Transforming lifecycle-runtime-ktx-2.7.0.aar (androidx.lifecycle:lifecycle-runtime-ktx:2.7.0) with ExtractAarTransform
Transforming lifecycle-runtime-ktx-2.7.0.aar (androidx.lifecycle:lifecycle-runtime-ktx:2.7.0) with AarResourcesCompilerTransform
Transforming lifecycle-runtime-2.7.0.aar (androidx.lifecycle:lifecycle-runtime:2.7.0) with IdentityTransform
Transforming lifecycle-runtime-2.7.0.aar (androidx.lifecycle:lifecycle-runtime:2.7.0) with ExtractAarTransform
Transforming lifecycle-runtime-2.7.0.aar (androidx.lifecycle:lifecycle-runtime:2.7.0) with AarResourcesCompilerTransform
Transforming lifecycle-process-2.7.0.aar (androidx.lifecycle:lifecycle-process:2.7.0) with IdentityTransform
Transforming lifecycle-process-2.7.0.aar (androidx.lifecycle:lifecycle-process:2.7.0) with ExtractAarTransform
Transforming lifecycle-process-2.7.0.aar (androidx.lifecycle:lifecycle-process:2.7.0) with AarResourcesCompilerTransform
Transforming lifecycle-livedata-2.7.0.aar (androidx.lifecycle:lifecycle-livedata:2.7.0) with IdentityTransform
Transforming lifecycle-livedata-2.7.0.aar (androidx.lifecycle:lifecycle-livedata:2.7.0) with ExtractAarTransform
Transforming lifecycle-livedata-2.7.0.aar (androidx.lifecycle:lifecycle-livedata:2.7.0) with AarResourcesCompilerTransform
Transforming lifecycle-livedata-2.7.0.aar (androidx.lifecycle:lifecycle-livedata:2.7.0) with IdentityTransform
Transforming lifecycle-livedata-2.7.0.aar (androidx.lifecycle:lifecycle-livedata:2.7.0) with ExtractAarTransform
Transforming lifecycle-livedata-2.7.0.aar (androidx.lifecycle:lifecycle-livedata:2.7.0) with AarResourcesCompilerTransform
Transforming lifecycle-viewmodel-ktx-2.7.0.aar (androidx.lifecycle:lifecycle-viewmodel-ktx:2.7.0) with IdentityTransform
Transforming lifecycle-viewmodel-ktx-2.7.0.aar (androidx.lifecycle:lifecycle-viewmodel-ktx:2.7.0) with ExtractAarTransform
Transforming lifecycle-viewmodel-ktx-2.7.0.aar (androidx.lifecycle:lifecycle-viewmodel-ktx:2.7.0) with AarResourcesCompilerTransform
Transforming lifecycle-livedata-ktx-2.7.0.aar (androidx.lifecycle:lifecycle-livedata-ktx:2.7.0) with IdentityTransform
Transforming lifecycle-livedata-ktx-2.7.0.aar (androidx.lifecycle:lifecycle-livedata-ktx:2.7.0) with ExtractAarTransform
Transforming lifecycle-livedata-ktx-2.7.0.aar (androidx.lifecycle:lifecycle-livedata-ktx:2.7.0) with AarResourcesCompilerTransform
Transforming lifecycle-viewmodel-compose-2.7.0.aar (androidx.lifecycle:lifecycle-viewmodel-compose:2.7.0) with IdentityTransform
Transforming lifecycle-viewmodel-compose-2.7.0.aar (androidx.lifecycle:lifecycle-viewmodel-compose:2.7.0) with ExtractAarTransform
Transforming lifecycle-viewmodel-compose-2.7.0.aar (androidx.lifecycle:lifecycle-viewmodel-compose:2.7.0) with AarResourcesCompilerTransform
Transforming ui-release.aar (androidx.compose.ui:ui-android:1.5.4) with IdentityTransform
Transforming ui-release.aar (androidx.compose.ui:ui-android:1.5.4) with ExtractAarTransform
Transforming ui-release.aar (androidx.compose.ui:ui-android:1.5.4) with AarResourcesCompilerTransform
Transforming ui-tooling-preview-release.aar (androidx.compose.ui:ui-tooling-preview-android:1.5.4) with IdentityTransform
Transforming ui-tooling-preview-release.aar (androidx.compose.ui:ui-tooling-preview-android:1.5.4) with ExtractAarTransform
Transforming ui-tooling-preview-release.aar (androidx.compose.ui:ui-tooling-preview-android:1.5.4) with AarResourcesCompilerTransform
Transforming ui-tooling-release.aar (androidx.compose.ui:ui-tooling-android:1.5.4) with IdentityTransform
Transforming ui-tooling-release.aar (androidx.compose.ui:ui-tooling-android:1.5.4) with ExtractAarTransform
Transforming ui-tooling-release.aar (androidx.compose.ui:ui-tooling-android:1.5.4) with AarResourcesCompilerTransform
Transforming ui-test-manifest-1.5.4.aar (androidx.compose.ui:ui-test-manifest:1.5.4) with IdentityTransform
Transforming ui-test-manifest-1.5.4.aar (androidx.compose.ui:ui-test-manifest:1.5.4) with ExtractAarTransform
Transforming ui-test-manifest-1.5.4.aar (androidx.compose.ui:ui-test-manifest:1.5.4) with AarResourcesCompilerTransform
Transforming activity-1.8.2.aar (androidx.activity:activity:1.8.2) with IdentityTransform
Transforming activity-1.8.2.aar (androidx.activity:activity:1.8.2) with ExtractAarTransform
Transforming activity-1.8.2.aar (androidx.activity:activity:1.8.2) with AarResourcesCompilerTransform
Transforming activity-compose-1.8.2.aar (androidx.activity:activity-compose:1.8.2) with IdentityTransform
Transforming activity-compose-1.8.2.aar (androidx.activity:activity-compose:1.8.2) with ExtractAarTransform
Transforming activity-compose-1.8.2.aar (androidx.activity:activity-compose:1.8.2) with AarResourcesCompilerTransform
Transforming activity-ktx-1.8.2.aar (androidx.activity:activity-ktx:1.8.2) with IdentityTransform
Transforming activity-ktx-1.8.2.aar (androidx.activity:activity-ktx:1.8.2) with ExtractAarTransform
Transforming activity-ktx-1.8.2.aar (androidx.activity:activity-ktx:1.8.2) with AarResourcesCompilerTransform
Transforming customview-poolingcontainer-1.0.0.aar (androidx.customview:customview-poolingcontainer:1.0.0) with IdentityTransform
Transforming customview-poolingcontainer-1.0.0.aar (androidx.customview:customview-poolingcontainer:1.0.0) with ExtractAarTransform
Transforming customview-poolingcontainer-1.0.0.aar (androidx.customview:customview-poolingcontainer:1.0.0) with AarResourcesCompilerTransform
Transforming core-ktx-1.12.0.aar (androidx.core:core-ktx:1.12.0) with IdentityTransform
Transforming core-ktx-1.12.0.aar (androidx.core:core-ktx:1.12.0) with ExtractAarTransform
Transforming core-ktx-1.12.0.aar (androidx.core:core-ktx:1.12.0) with AarResourcesCompilerTransform
Transforming room-runtime-2.6.1.aar (androidx.room:room-runtime:2.6.1) with IdentityTransform
Transforming room-runtime-2.6.1.aar (androidx.room:room-runtime:2.6.1) with ExtractAarTransform
Transforming room-runtime-2.6.1.aar (androidx.room:room-runtime:2.6.1) with AarResourcesCompilerTransform
Transforming room-ktx-2.6.1.aar (androidx.room:room-ktx:2.6.1) with IdentityTransform
Transforming room-ktx-2.6.1.aar (androidx.room:room-ktx:2.6.1) with ExtractAarTransform
Transforming room-ktx-2.6.1.aar (androidx.room:room-ktx:2.6.1) with AarResourcesCompilerTransform
Transforming timber-5.0.1.aar (com.jakewharton.timber:timber:5.0.1) with IdentityTransform
Transforming timber-5.0.1.aar (com.jakewharton.timber:timber:5.0.1) with ExtractAarTransform
Transforming timber-5.0.1.aar (com.jakewharton.timber:timber:5.0.1) with AarResourcesCompilerTransform
Transforming sqlite-framework-2.4.0.aar (androidx.sqlite:sqlite-framework:2.4.0) with IdentityTransform
Transforming sqlite-framework-2.4.0.aar (androidx.sqlite:sqlite-framework:2.4.0) with ExtractAarTransform
Transforming sqlite-framework-2.4.0.aar (androidx.sqlite:sqlite-framework:2.4.0) with AarResourcesCompilerTransform
Transforming sqlite-2.4.0.aar (androidx.sqlite:sqlite:2.4.0) with IdentityTransform
Transforming sqlite-2.4.0.aar (androidx.sqlite:sqlite:2.4.0) with ExtractAarTransform
Transforming sqlite-2.4.0.aar (androidx.sqlite:sqlite:2.4.0) with AarResourcesCompilerTransform
Transforming annotation-experimental-1.3.0.aar (androidx.annotation:annotation-experimental:1.3.0) with IdentityTransform
Transforming annotation-experimental-1.3.0.aar (androidx.annotation:annotation-experimental:1.3.0) with ExtractAarTransform
Transforming annotation-experimental-1.3.0.aar (androidx.annotation:annotation-experimental:1.3.0) with AarResourcesCompilerTransform
Transforming cursoradapter-1.0.0.aar (androidx.cursoradapter:cursoradapter:1.0.0) with IdentityTransform
Transforming cursoradapter-1.0.0.aar (androidx.cursoradapter:cursoradapter:1.0.0) with ExtractAarTransform
Transforming cursoradapter-1.0.0.aar (androidx.cursoradapter:cursoradapter:1.0.0) with AarResourcesCompilerTransform
Transforming cardview-1.0.0.aar (androidx.cardview:cardview:1.0.0) with IdentityTransform
Transforming cardview-1.0.0.aar (androidx.cardview:cardview:1.0.0) with ExtractAarTransform
Transforming cardview-1.0.0.aar (androidx.cardview:cardview:1.0.0) with AarResourcesCompilerTransform
Transforming core-runtime-2.2.0.aar (androidx.arch.core:core-runtime:2.2.0) with IdentityTransform
Transforming core-runtime-2.2.0.aar (androidx.arch.core:core-runtime:2.2.0) with ExtractAarTransform
Transforming core-runtime-2.2.0.aar (androidx.arch.core:core-runtime:2.2.0) with AarResourcesCompilerTransform
Transforming gifdecoder-4.16.0.aar (com.github.bumptech.glide:gifdecoder:4.16.0) with IdentityTransform
Transforming gifdecoder-4.16.0.aar (com.github.bumptech.glide:gifdecoder:4.16.0) with ExtractAarTransform
Transforming gifdecoder-4.16.0.aar (com.github.bumptech.glide:gifdecoder:4.16.0) with AarResourcesCompilerTransform
Transforming exifinterface-1.3.6.aar (androidx.exifinterface:exifinterface:1.3.6) with IdentityTransform
Transforming exifinterface-1.3.6.aar (androidx.exifinterface:exifinterface:1.3.6) with ExtractAarTransform
Transforming exifinterface-1.3.6.aar (androidx.exifinterface:exifinterface:1.3.6) with AarResourcesCompilerTransform
Transforming profileinstaller-1.3.0.aar (androidx.profileinstaller:profileinstaller:1.3.0) with IdentityTransform
Transforming profileinstaller-1.3.0.aar (androidx.profileinstaller:profileinstaller:1.3.0) with ExtractAarTransform
Transforming profileinstaller-1.3.0.aar (androidx.profileinstaller:profileinstaller:1.3.0) with AarResourcesCompilerTransform
Transforming startup-runtime-1.1.1.aar (androidx.startup:startup-runtime:1.1.1) with IdentityTransform
Transforming startup-runtime-1.1.1.aar (androidx.startup:startup-runtime:1.1.1) with ExtractAarTransform
Transforming startup-runtime-1.1.1.aar (androidx.startup:startup-runtime:1.1.1) with AarResourcesCompilerTransform
Transforming tracing-1.0.0.aar (androidx.tracing:tracing:1.0.0) with IdentityTransform
Transforming tracing-1.0.0.aar (androidx.tracing:tracing:1.0.0) with ExtractAarTransform
Transforming tracing-1.0.0.aar (androidx.tracing:tracing:1.0.0) with AarResourcesCompilerTransform
Transforming interpolator-1.0.0.aar (androidx.interpolator:interpolator:1.0.0) with IdentityTransform
Transforming interpolator-1.0.0.aar (androidx.interpolator:interpolator:1.0.0) with ExtractAarTransform
Transforming interpolator-1.0.0.aar (androidx.interpolator:interpolator:1.0.0) with AarResourcesCompilerTransform
Transforming interpolator-1.0.0.aar (androidx.interpolator:interpolator:1.0.0) with IdentityTransform
Transforming interpolator-1.0.0.aar (androidx.interpolator:interpolator:1.0.0) with ExtractAarTransform
Transforming interpolator-1.0.0.aar (androidx.interpolator:interpolator:1.0.0) with AarResourcesCompilerTransform
Transforming versionedparcelable-1.1.1.aar (androidx.versionedparcelable:versionedparcelable:1.1.1) with IdentityTransform
Transforming versionedparcelable-1.1.1.aar (androidx.versionedparcelable:versionedparcelable:1.1.1) with ExtractAarTransform
Transforming versionedparcelable-1.1.1.aar (androidx.versionedparcelable:versionedparcelable:1.1.1) with AarResourcesCompilerTransform
Transforming documentfile-1.0.0.aar (androidx.documentfile:documentfile:1.0.0) with IdentityTransform
Transforming documentfile-1.0.0.aar (androidx.documentfile:documentfile:1.0.0) with ExtractAarTransform
Transforming documentfile-1.0.0.aar (androidx.documentfile:documentfile:1.0.0) with AarResourcesCompilerTransform
Transforming localbroadcastmanager-1.0.0.aar (androidx.localbroadcastmanager:localbroadcastmanager:1.0.0) with IdentityTransform
Transforming localbroadcastmanager-1.0.0.aar (androidx.localbroadcastmanager:localbroadcastmanager:1.0.0) with ExtractAarTransform
Transforming localbroadcastmanager-1.0.0.aar (androidx.localbroadcastmanager:localbroadcastmanager:1.0.0) with AarResourcesCompilerTransform
Transforming print-1.0.0.aar (androidx.print:print:1.0.0) with IdentityTransform
Transforming print-1.0.0.aar (androidx.print:print:1.0.0) with ExtractAarTransform
Transforming print-1.0.0.aar (androidx.print:print:1.0.0) with AarResourcesCompilerTransform
Transforming dagger-lint-aar-2.46.1.aar (com.google.dagger:dagger-lint-aar:2.46.1) with IdentityTransform
Transforming dagger-lint-aar-2.46.1.aar (com.google.dagger:dagger-lint-aar:2.46.1) with ExtractAarTransform
Transforming dagger-lint-aar-2.46.1.aar (com.google.dagger:dagger-lint-aar:2.46.1) with AarResourcesCompilerTransform
Caching disabled for task ':app:processDebugResources' because:
  Build cache is disabled
Task ':app:processDebugResources' is not up-to-date because:
  Output property 'RClassOutputJar' file C:\Users\leoja\AndroidStudioProjects\PaleobyLeoRecipes\app\build\intermediates\compile_and_runtime_not_namespaced_r_class_jar\debug\R.jar has been removed.
  Output property 'resPackageOutputFolder' file C:\Users\leoja\AndroidStudioProjects\PaleobyLeoRecipes\app\build\intermediates\processed_res\debug\out has been removed.
  Output property 'resPackageOutputFolder' file C:\Users\leoja\AndroidStudioProjects\PaleobyLeoRecipes\app\build\intermediates\processed_res\debug\out\output-metadata.json has been removed.
  Output property 'resPackageOutputFolder' file C:\Users\leoja\AndroidStudioProjects\PaleobyLeoRecipes\app\build\intermediates\processed_res\debug\out\resources-debug.ap_ has been removed.
  Output property 'symbolsWithPackageNameOutputFile' file C:\Users\leoja\AndroidStudioProjects\PaleobyLeoRecipes\app\build\intermediates\symbol_list_with_package_name\debug\package-aware-r.txt has been removed.
The input changes require a full rebuild for incremental task ':app:processDebugResources'.
AAPT2 aapt2-8.1.0-10154469-windows Daemon #0: starting
Aapt output file C:\Users\leoja\AndroidStudioProjects\PaleobyLeoRecipes\app\build\intermediates\processed_res\debug\out\resources-debug.ap_
Resolve mutations for :app:kaptGenerateStubsDebugKotlin (Thread[#887,Execution worker,5,main]) started.
:app:kaptGenerateStubsDebugKotlin (Thread[#887,Execution worker,5,main]) started.

> Task :app:processReleaseResources
Caching disabled for task ':app:processReleaseResources' because:
  Build cache is disabled
Task ':app:processReleaseResources' is not up-to-date because:
  Output property 'RClassOutputJar' file C:\Users\leoja\AndroidStudioProjects\PaleobyLeoRecipes\app\build\intermediates\compile_and_runtime_not_namespaced_r_class_jar\release\R.jar has been removed.
  Output property 'resPackageOutputFolder' file C:\Users\leoja\AndroidStudioProjects\PaleobyLeoRecipes\app\build\intermediates\processed_res\release\out has been removed.
  Output property 'resPackageOutputFolder' file C:\Users\leoja\AndroidStudioProjects\PaleobyLeoRecipes\app\build\intermediates\processed_res\release\out\output-metadata.json has been removed.
  Output property 'resPackageOutputFolder' file C:\Users\leoja\AndroidStudioProjects\PaleobyLeoRecipes\app\build\intermediates\processed_res\release\out\resources-release.ap_ has been removed.
  Output property 'symbolsWithPackageNameOutputFile' file C:\Users\leoja\AndroidStudioProjects\PaleobyLeoRecipes\app\build\intermediates\symbol_list_with_package_name\release\package-aware-r.txt has been removed.
The input changes require a full rebuild for incremental task ':app:processReleaseResources'.
Aapt output file C:\Users\leoja\AndroidStudioProjects\PaleobyLeoRecipes\app\build\intermediates\processed_res\release\out\resources-release.ap_
Resolve mutations for :app:kaptGenerateStubsReleaseKotlin (Thread[#889,Execution worker Thread 3,5,main]) started.
:app:kaptGenerateStubsReleaseKotlin (Thread[#889,Execution worker Thread 3,5,main]) started.
Resolve mutations for :app:optimizeReleaseResources (Thread[#891,Execution worker Thread 5,5,main]) started.
:app:optimizeReleaseResources (Thread[#891,Execution worker Thread 5,5,main]) started.

> Task :app:kaptGenerateStubsDebugKotlin
Transforming hilt-android-compiler-2.46.1.jar (com.google.dagger:hilt-android-compiler:2.46.1) with IdentityTransform
Transforming hilt-compiler-1.0.0.jar (androidx.hilt:hilt-compiler:1.0.0) with IdentityTransform
Transforming room-migration-2.6.1.jar (androidx.room:room-migration:2.6.1) with IdentityTransform
Transforming room-compiler-processing-2.6.1.jar (androidx.room:room-compiler-processing:2.6.1) with IdentityTransform
Transforming room-common-2.6.1.jar (androidx.room:room-common:2.6.1) with IdentityTransform
Transforming room-compiler-2.6.1.jar (androidx.room:room-compiler:2.6.1) with IdentityTransform
Transforming compiler-4.16.0.jar (com.github.bumptech.glide:compiler:4.16.0) with IdentityTransform
Transforming databinding-compiler-8.1.0.jar (androidx.databinding:databinding-compiler:8.1.0) with IdentityTransform
Transforming dagger-compiler-2.46.1.jar (com.google.dagger:dagger-compiler:2.46.1) with IdentityTransform
Transforming dagger-spi-2.46.1.jar (com.google.dagger:dagger-spi:2.46.1) with IdentityTransform
Transforming dagger-producers-2.46.1.jar (com.google.dagger:dagger-producers:2.46.1) with IdentityTransform
Transforming dagger-2.46.1.jar (com.google.dagger:dagger:2.46.1) with IdentityTransform
Transforming auto-common-0.11.jar (com.google.auto:auto-common:0.11) with IdentityTransform
Transforming databinding-compiler-common-8.1.0.jar (androidx.databinding:databinding-compiler-common:8.1.0) with IdentityTransform
Transforming google-java-format-1.5.jar (com.google.googlejavaformat:google-java-format:1.5) with IdentityTransform
Transforming guava-31.1-jre.jar (com.google.guava:guava:31.1-jre) with IdentityTransform
Transforming jsr305-3.0.2.jar (com.google.code.findbugs:jsr305:3.0.2) with IdentityTransform
Transforming failureaccess-1.0.1.jar (com.google.guava:failureaccess:1.0.1) with IdentityTransform
Transforming kotlinpoet-javapoet-1.14.2.jar (com.squareup:kotlinpoet-javapoet:1.14.2) with IdentityTransform
Transforming javapoet-1.13.0.jar (com.squareup:javapoet:1.13.0) with IdentityTransform
Transforming javax.annotation-api-1.3.2.jar (javax.annotation:javax.annotation-api:1.3.2) with IdentityTransform
Transforming javax.inject-1.jar (javax.inject:javax.inject:1) with IdentityTransform
Transforming incap-0.2.jar (net.ltgt.gradle.incap:incap:0.2) with IdentityTransform
Transforming symbol-processing-api-1.9.0-1.0.13.jar (com.google.devtools.ksp:symbol-processing-api:1.9.0-1.0.13) with IdentityTransform
Transforming kotlinpoet-1.14.2.jar (com.squareup:kotlinpoet:1.14.2) with IdentityTransform
Transforming kotlin-stdlib-jdk8-1.8.22.jar (org.jetbrains.kotlin:kotlin-stdlib-jdk8:1.8.22) with IdentityTransform
Transforming kotlin-reflect-1.8.21.jar (org.jetbrains.kotlin:kotlin-reflect:1.8.21) with IdentityTransform
Transforming jetifier-core-1.0.0-beta10.jar (com.android.tools.build.jetifier:jetifier-core:1.0.0-beta10) with IdentityTransform
Transforming kotlin-stdlib-jdk7-1.8.22.jar (org.jetbrains.kotlin:kotlin-stdlib-jdk7:1.8.22) with IdentityTransform
Transforming kotlin-stdlib-1.9.0.jar (org.jetbrains.kotlin:kotlin-stdlib:1.9.0) with IdentityTransform
Transforming auto-value-annotations-1.6.3.jar (com.google.auto.value:auto-value-annotations:1.6.3) with IdentityTransform
Transforming annotations-12.0.jar (com.intellij:annotations:12.0) with IdentityTransform
Transforming commons-codec-1.15.jar (commons-codec:commons-codec:1.15) with IdentityTransform
Transforming sqlite-jdbc-3.41.2.2.jar (org.xerial:sqlite-jdbc:3.41.2.2) with IdentityTransform
Transforming annotations-4.16.0.jar (com.github.bumptech.glide:annotations:4.16.0) with IdentityTransform
Transforming databinding-common-8.1.0.jar (androidx.databinding:databinding-common:8.1.0) with IdentityTransform
Transforming annotations-31.1.0.jar (com.android.tools:annotations:31.1.0) with IdentityTransform
Transforming gson-2.9.0.jar (com.google.code.gson:gson:2.9.0) with IdentityTransform
Transforming juniversalchardet-1.0.3.jar (com.googlecode.juniversalchardet:juniversalchardet:1.0.3) with IdentityTransform
Transforming commons-io-2.4.jar (commons-io:commons-io:2.4) with IdentityTransform
Transforming jaxb-runtime-2.3.2.jar (org.glassfish.jaxb:jaxb-runtime:2.3.2) with IdentityTransform
Transforming checker-compat-qual-2.5.5.jar (org.checkerframework:checker-compat-qual:2.5.5) with IdentityTransform
Transforming kotlin-stdlib-common-1.9.0.jar (org.jetbrains.kotlin:kotlin-stdlib-common:1.9.0) with IdentityTransform
Transforming annotations-13.0.jar (org.jetbrains:annotations:13.0) with IdentityTransform
Transforming annotation-1.3.0.jar (androidx.annotation:annotation:1.3.0) with IdentityTransform
Transforming listenablefuture-9999.0-empty-to-avoid-conflict-with-guava.jar (com.google.guava:listenablefuture:9999.0-empty-to-avoid-conflict-with-guava) with IdentityTransform
Transforming checker-qual-3.12.0.jar (org.checkerframework:checker-qual:3.12.0) with IdentityTransform
Transforming error_prone_annotations-2.11.0.jar (com.google.errorprone:error_prone_annotations:2.11.0) with IdentityTransform
Transforming j2objc-annotations-1.3.jar (com.google.j2objc:j2objc-annotations:1.3) with IdentityTransform
Transforming baseLibrary-8.1.0.jar (com.android.databinding:baseLibrary:8.1.0) with IdentityTransform
Transforming stax-ex-1.8.1.jar (org.jvnet.staxex:stax-ex:1.8.1) with IdentityTransform
Transforming jakarta.xml.bind-api-2.3.2.jar (jakarta.xml.bind:jakarta.xml.bind-api:2.3.2) with IdentityTransform
Transforming txw2-2.3.2.jar (org.glassfish.jaxb:txw2:2.3.2) with IdentityTransform
Transforming istack-commons-runtime-3.0.8.jar (com.sun.istack:istack-commons-runtime:3.0.8) with IdentityTransform
Transforming FastInfoset-1.2.16.jar (com.sun.xml.fastinfoset:FastInfoset:1.2.16) with IdentityTransform
Transforming jakarta.activation-api-1.2.1.jar (jakarta.activation:jakarta.activation-api:1.2.1) with IdentityTransform
Transforming javac-shaded-9-dev-r4023-3.jar (com.google.errorprone:javac-shaded:9-dev-r4023-3) with IdentityTransform
Transforming databinding-runtime-8.1.0.aar (androidx.databinding:databinding-runtime:8.1.0) with IdentityTransform
Transforming databinding-runtime-8.1.0.aar (androidx.databinding:databinding-runtime:8.1.0) with AarToClassTransform
Transforming viewbinding-8.1.0.aar (androidx.databinding:viewbinding:8.1.0) with IdentityTransform
Transforming viewbinding-8.1.0.aar (androidx.databinding:viewbinding:8.1.0) with AarToClassTransform
Transforming databinding-adapters-8.1.0.aar (androidx.databinding:databinding-adapters:8.1.0) with IdentityTransform
Transforming databinding-adapters-8.1.0.aar (androidx.databinding:databinding-adapters:8.1.0) with AarToClassTransform
Transforming databinding-common-8.1.0.jar (androidx.databinding:databinding-common:8.1.0) with IdentityTransform
Transforming databinding-common-8.1.0.jar (androidx.databinding:databinding-common:8.1.0) with IdentityTransform
Transforming databinding-ktx-8.1.0.aar (androidx.databinding:databinding-ktx:8.1.0) with IdentityTransform
Transforming databinding-ktx-8.1.0.aar (androidx.databinding:databinding-ktx:8.1.0) with AarToClassTransform
Transforming navigation-common-2.7.6.aar (androidx.navigation:navigation-common:2.7.6) with IdentityTransform
Transforming navigation-common-2.7.6.aar (androidx.navigation:navigation-common:2.7.6) with AarToClassTransform
Transforming navigation-common-ktx-2.7.6.aar (androidx.navigation:navigation-common-ktx:2.7.6) with IdentityTransform
Transforming navigation-common-ktx-2.7.6.aar (androidx.navigation:navigation-common-ktx:2.7.6) with AarToClassTransform
Transforming navigation-runtime-2.7.6.aar (androidx.navigation:navigation-runtime:2.7.6) with IdentityTransform
Transforming navigation-runtime-2.7.6.aar (androidx.navigation:navigation-runtime:2.7.6) with AarToClassTransform
Transforming navigation-runtime-ktx-2.7.6.aar (androidx.navigation:navigation-runtime-ktx:2.7.6) with IdentityTransform
Transforming navigation-runtime-ktx-2.7.6.aar (androidx.navigation:navigation-runtime-ktx:2.7.6) with AarToClassTransform
Transforming navigation-fragment-2.7.6.aar (androidx.navigation:navigation-fragment:2.7.6) with IdentityTransform
Transforming navigation-fragment-2.7.6.aar (androidx.navigation:navigation-fragment:2.7.6) with AarToClassTransform
Transforming navigation-fragment-ktx-2.7.6.aar (androidx.navigation:navigation-fragment-ktx:2.7.6) with IdentityTransform
Transforming navigation-fragment-ktx-2.7.6.aar (androidx.navigation:navigation-fragment-ktx:2.7.6) with AarToClassTransform
Transforming navigation-ui-ktx-2.7.6.aar (androidx.navigation:navigation-ui-ktx:2.7.6) with IdentityTransform
Transforming navigation-ui-ktx-2.7.6.aar (androidx.navigation:navigation-ui-ktx:2.7.6) with AarToClassTransform
Transforming navigation-ui-2.7.6.aar (androidx.navigation:navigation-ui:2.7.6) with IdentityTransform
Transforming navigation-ui-2.7.6.aar (androidx.navigation:navigation-ui:2.7.6) with AarToClassTransform
Transforming material-1.11.0.aar (com.google.android.material:material:1.11.0) with IdentityTransform
Transforming material-1.11.0.aar (com.google.android.material:material:1.11.0) with AarToClassTransform
Transforming appcompat-1.6.1.aar (androidx.appcompat:appcompat:1.6.1) with IdentityTransform
Transforming appcompat-1.6.1.aar (androidx.appcompat:appcompat:1.6.1) with AarToClassTransform
Transforming hilt-work-1.0.0.aar (androidx.hilt:hilt-work:1.0.0) with IdentityTransform
Transforming hilt-work-1.0.0.aar (androidx.hilt:hilt-work:1.0.0) with AarToClassTransform
Transforming hilt-android-2.46.1.aar (com.google.dagger:hilt-android:2.46.1) with IdentityTransform
Transforming hilt-android-2.46.1.aar (com.google.dagger:hilt-android:2.46.1) with AarToClassTransform
Transforming okhttp3-integration-4.16.0.aar (com.github.bumptech.glide:okhttp3-integration:4.16.0) with IdentityTransform
Transforming okhttp3-integration-4.16.0.aar (com.github.bumptech.glide:okhttp3-integration:4.16.0) with AarToClassTransform
Transforming glide-4.16.0.aar (com.github.bumptech.glide:glide:4.16.0) with IdentityTransform
Transforming glide-4.16.0.aar (com.github.bumptech.glide:glide:4.16.0) with AarToClassTransform
Transforming viewpager2-1.0.0.aar (androidx.viewpager2:viewpager2:1.0.0) with IdentityTransform
Transforming viewpager2-1.0.0.aar (androidx.viewpager2:viewpager2:1.0.0) with AarToClassTransform
Transforming fragment-1.6.2.aar (androidx.fragment:fragment:1.6.2) with IdentityTransform
Transforming fragment-1.6.2.aar (androidx.fragment:fragment:1.6.2) with AarToClassTransform
Transforming fragment-1.6.2.aar (androidx.fragment:fragment:1.6.2) with IdentityTransform
Transforming fragment-1.6.2.aar (androidx.fragment:fragment:1.6.2) with AarToClassTransform
Transforming fragment-ktx-1.6.2.aar (androidx.fragment:fragment-ktx:1.6.2) with IdentityTransform
Transforming fragment-ktx-1.6.2.aar (androidx.fragment:fragment-ktx:1.6.2) with AarToClassTransform
Transforming material3-1.1.2.aar (androidx.compose.material3:material3:1.1.2) with IdentityTransform
Transforming material3-1.1.2.aar (androidx.compose.material3:material3:1.1.2) with AarToClassTransform
Transforming material-icons-core-release.aar (androidx.compose.material:material-icons-core-android:1.5.4) with IdentityTransform
Transforming material-icons-core-release.aar (androidx.compose.material:material-icons-core-android:1.5.4) with AarToClassTransform
Transforming material-ripple-release.aar (androidx.compose.material:material-ripple-android:1.5.4) with IdentityTransform
Transforming material-ripple-release.aar (androidx.compose.material:material-ripple-android:1.5.4) with AarToClassTransform
Transforming animation-core-release.aar (androidx.compose.animation:animation-core-android:1.5.4) with IdentityTransform
Transforming animation-core-release.aar (androidx.compose.animation:animation-core-android:1.5.4) with AarToClassTransform
Transforming animation-release.aar (androidx.compose.animation:animation-android:1.5.4) with IdentityTransform
Transforming animation-release.aar (androidx.compose.animation:animation-android:1.5.4) with AarToClassTransform
Transforming foundation-layout-release.aar (androidx.compose.foundation:foundation-layout-android:1.5.4) with IdentityTransform
Transforming foundation-layout-release.aar (androidx.compose.foundation:foundation-layout-android:1.5.4) with AarToClassTransform
Transforming foundation-release.aar (androidx.compose.foundation:foundation-android:1.5.4) with IdentityTransform
Transforming foundation-release.aar (androidx.compose.foundation:foundation-android:1.5.4) with AarToClassTransform
Transforming runtime-saveable-release.aar (androidx.compose.runtime:runtime-saveable-android:1.5.4) with IdentityTransform
Transforming runtime-saveable-release.aar (androidx.compose.runtime:runtime-saveable-android:1.5.4) with AarToClassTransform
Transforming ui-unit-release.aar (androidx.compose.ui:ui-unit-android:1.5.4) with IdentityTransform
Transforming ui-unit-release.aar (androidx.compose.ui:ui-unit-android:1.5.4) with AarToClassTransform
Transforming ui-geometry-release.aar (androidx.compose.ui:ui-geometry-android:1.5.4) with IdentityTransform
Transforming ui-geometry-release.aar (androidx.compose.ui:ui-geometry-android:1.5.4) with AarToClassTransform
Transforming ui-text-release.aar (androidx.compose.ui:ui-text-android:1.5.4) with IdentityTransform
Transforming ui-text-release.aar (androidx.compose.ui:ui-text-android:1.5.4) with AarToClassTransform
Transforming ui-graphics-release.aar (androidx.compose.ui:ui-graphics-android:1.5.4) with IdentityTransform
Transforming ui-graphics-release.aar (androidx.compose.ui:ui-graphics-android:1.5.4) with AarToClassTransform
Transforming ui-tooling-data-release.aar (androidx.compose.ui:ui-tooling-data-android:1.5.4) with IdentityTransform
Transforming ui-tooling-data-release.aar (androidx.compose.ui:ui-tooling-data-android:1.5.4) with AarToClassTransform
Transforming runtime-release.aar (androidx.compose.runtime:runtime-android:1.5.4) with IdentityTransform
Transforming runtime-release.aar (androidx.compose.runtime:runtime-android:1.5.4) with AarToClassTransform
Transforming runtime-livedata-1.5.4.aar (androidx.compose.runtime:runtime-livedata:1.5.4) with IdentityTransform
Transforming runtime-livedata-1.5.4.aar (androidx.compose.runtime:runtime-livedata:1.5.4) with AarToClassTransform
Transforming lifecycle-livedata-core-2.7.0.aar (androidx.lifecycle:lifecycle-livedata-core:2.7.0) with IdentityTransform
Transforming lifecycle-livedata-core-2.7.0.aar (androidx.lifecycle:lifecycle-livedata-core:2.7.0) with AarToClassTransform
Transforming lifecycle-common-2.7.0.jar (androidx.lifecycle:lifecycle-common:2.7.0) with IdentityTransform
Transforming lifecycle-common-2.7.0.jar (androidx.lifecycle:lifecycle-common:2.7.0) with IdentityTransform
Transforming lifecycle-viewmodel-savedstate-2.7.0.aar (androidx.lifecycle:lifecycle-viewmodel-savedstate:2.7.0) with IdentityTransform
Transforming lifecycle-viewmodel-savedstate-2.7.0.aar (androidx.lifecycle:lifecycle-viewmodel-savedstate:2.7.0) with AarToClassTransform
Transforming lifecycle-common-java8-2.7.0.jar (androidx.lifecycle:lifecycle-common-java8:2.7.0) with IdentityTransform
Transforming lifecycle-common-java8-2.7.0.jar (androidx.lifecycle:lifecycle-common-java8:2.7.0) with IdentityTransform
Transforming lifecycle-livedata-core-ktx-2.7.0.aar (androidx.lifecycle:lifecycle-livedata-core-ktx:2.7.0) with IdentityTransform
Transforming lifecycle-livedata-core-ktx-2.7.0.aar (androidx.lifecycle:lifecycle-livedata-core-ktx:2.7.0) with AarToClassTransform
Transforming dynamicanimation-1.0.0.aar (androidx.dynamicanimation:dynamicanimation:1.0.0) with IdentityTransform
Transforming dynamicanimation-1.0.0.aar (androidx.dynamicanimation:dynamicanimation:1.0.0) with AarToClassTransform
Transforming legacy-support-core-utils-1.0.0.aar (androidx.legacy:legacy-support-core-utils:1.0.0) with IdentityTransform
Transforming legacy-support-core-utils-1.0.0.aar (androidx.legacy:legacy-support-core-utils:1.0.0) with AarToClassTransform
Transforming loader-1.0.0.aar (androidx.loader:loader:1.0.0) with IdentityTransform
Transforming loader-1.0.0.aar (androidx.loader:loader:1.0.0) with AarToClassTransform
Transforming loader-1.0.0.aar (androidx.loader:loader:1.0.0) with IdentityTransform
Transforming loader-1.0.0.aar (androidx.loader:loader:1.0.0) with AarToClassTransform
Transforming lifecycle-viewmodel-2.7.0.aar (androidx.lifecycle:lifecycle-viewmodel:2.7.0) with IdentityTransform
Transforming lifecycle-viewmodel-2.7.0.aar (androidx.lifecycle:lifecycle-viewmodel:2.7.0) with AarToClassTransform
Transforming lifecycle-viewmodel-2.7.0.aar (androidx.lifecycle:lifecycle-viewmodel:2.7.0) with IdentityTransform
Transforming lifecycle-viewmodel-2.7.0.aar (androidx.lifecycle:lifecycle-viewmodel:2.7.0) with AarToClassTransform
Transforming lifecycle-service-2.7.0.aar (androidx.lifecycle:lifecycle-service:2.7.0) with IdentityTransform
Transforming lifecycle-service-2.7.0.aar (androidx.lifecycle:lifecycle-service:2.7.0) with AarToClassTransform
Transforming lifecycle-process-2.7.0.aar (androidx.lifecycle:lifecycle-process:2.7.0) with IdentityTransform
Transforming lifecycle-process-2.7.0.aar (androidx.lifecycle:lifecycle-process:2.7.0) with AarToClassTransform
Transforming work-runtime-ktx-2.9.0.aar (androidx.work:work-runtime-ktx:2.9.0) with IdentityTransform
Transforming work-runtime-ktx-2.9.0.aar (androidx.work:work-runtime-ktx:2.9.0) with AarToClassTransform
Transforming work-runtime-2.9.0.aar (androidx.work:work-runtime:2.9.0) with IdentityTransform
Transforming work-runtime-2.9.0.aar (androidx.work:work-runtime:2.9.0) with AarToClassTransform
Transforming lifecycle-livedata-2.7.0.aar (androidx.lifecycle:lifecycle-livedata:2.7.0) with IdentityTransform
Transforming lifecycle-livedata-2.7.0.aar (androidx.lifecycle:lifecycle-livedata:2.7.0) with AarToClassTransform
Transforming lifecycle-livedata-2.7.0.aar (androidx.lifecycle:lifecycle-livedata:2.7.0) with IdentityTransform
Transforming lifecycle-livedata-2.7.0.aar (androidx.lifecycle:lifecycle-livedata:2.7.0) with AarToClassTransform
Transforming lifecycle-runtime-ktx-2.7.0.aar (androidx.lifecycle:lifecycle-runtime-ktx:2.7.0) with IdentityTransform
Transforming lifecycle-runtime-ktx-2.7.0.aar (androidx.lifecycle:lifecycle-runtime-ktx:2.7.0) with AarToClassTransform
Transforming appcompat-resources-1.6.1.aar (androidx.appcompat:appcompat-resources:1.6.1) with IdentityTransform
Transforming appcompat-resources-1.6.1.aar (androidx.appcompat:appcompat-resources:1.6.1) with AarToClassTransform
Transforming drawerlayout-1.1.1.aar (androidx.drawerlayout:drawerlayout:1.1.1) with IdentityTransform
Transforming drawerlayout-1.1.1.aar (androidx.drawerlayout:drawerlayout:1.1.1) with AarToClassTransform
Transforming coordinatorlayout-1.1.0.aar (androidx.coordinatorlayout:coordinatorlayout:1.1.0) with IdentityTransform
Transforming coordinatorlayout-1.1.0.aar (androidx.coordinatorlayout:coordinatorlayout:1.1.0) with AarToClassTransform
Transforming recyclerview-1.1.0.aar (androidx.recyclerview:recyclerview:1.1.0) with IdentityTransform
Transforming recyclerview-1.1.0.aar (androidx.recyclerview:recyclerview:1.1.0) with AarToClassTransform
Transforming recyclerview-1.1.0.aar (androidx.recyclerview:recyclerview:1.1.0) with IdentityTransform
Transforming recyclerview-1.1.0.aar (androidx.recyclerview:recyclerview:1.1.0) with AarToClassTransform
Transforming transition-1.4.1.aar (androidx.transition:transition:1.4.1) with IdentityTransform
Transforming transition-1.4.1.aar (androidx.transition:transition:1.4.1) with AarToClassTransform
Transforming vectordrawable-animated-1.1.0.aar (androidx.vectordrawable:vectordrawable-animated:1.1.0) with IdentityTransform
Transforming vectordrawable-animated-1.1.0.aar (androidx.vectordrawable:vectordrawable-animated:1.1.0) with AarToClassTransform
Transforming vectordrawable-1.1.0.aar (androidx.vectordrawable:vectordrawable:1.1.0) with IdentityTransform
Transforming vectordrawable-1.1.0.aar (androidx.vectordrawable:vectordrawable:1.1.0) with AarToClassTransform
Transforming vectordrawable-1.1.0.aar (androidx.vectordrawable:vectordrawable:1.1.0) with IdentityTransform
Transforming vectordrawable-1.1.0.aar (androidx.vectordrawable:vectordrawable:1.1.0) with AarToClassTransform
Transforming viewpager-1.0.0.aar (androidx.viewpager:viewpager:1.0.0) with IdentityTransform
Transforming viewpager-1.0.0.aar (androidx.viewpager:viewpager:1.0.0) with AarToClassTransform
Transforming slidingpanelayout-1.2.0.aar (androidx.slidingpanelayout:slidingpanelayout:1.2.0) with IdentityTransform
Transforming slidingpanelayout-1.2.0.aar (androidx.slidingpanelayout:slidingpanelayout:1.2.0) with AarToClassTransform
Transforming customview-1.1.0.aar (androidx.customview:customview:1.1.0) with IdentityTransform
Transforming customview-1.1.0.aar (androidx.customview:customview:1.1.0) with AarToClassTransform
Transforming customview-1.1.0.aar (androidx.customview:customview:1.1.0) with IdentityTransform
Transforming customview-1.1.0.aar (androidx.customview:customview:1.1.0) with AarToClassTransform
Transforming core-1.12.0.aar (androidx.core:core:1.12.0) with IdentityTransform
Transforming core-1.12.0.aar (androidx.core:core:1.12.0) with AarToClassTransform
Transforming core-1.12.0.aar (androidx.core:core:1.12.0) with IdentityTransform
Transforming core-1.12.0.aar (androidx.core:core:1.12.0) with AarToClassTransform
Transforming lifecycle-runtime-2.7.0.aar (androidx.lifecycle:lifecycle-runtime:2.7.0) with IdentityTransform
Transforming lifecycle-runtime-2.7.0.aar (androidx.lifecycle:lifecycle-runtime:2.7.0) with AarToClassTransform
Transforming lifecycle-viewmodel-ktx-2.7.0.aar (androidx.lifecycle:lifecycle-viewmodel-ktx:2.7.0) with IdentityTransform
Transforming lifecycle-viewmodel-ktx-2.7.0.aar (androidx.lifecycle:lifecycle-viewmodel-ktx:2.7.0) with AarToClassTransform
Transforming lifecycle-livedata-ktx-2.7.0.aar (androidx.lifecycle:lifecycle-livedata-ktx:2.7.0) with IdentityTransform
Transforming lifecycle-livedata-ktx-2.7.0.aar (androidx.lifecycle:lifecycle-livedata-ktx:2.7.0) with AarToClassTransform
Transforming lifecycle-viewmodel-compose-2.7.0.aar (androidx.lifecycle:lifecycle-viewmodel-compose:2.7.0) with IdentityTransform
Transforming lifecycle-viewmodel-compose-2.7.0.aar (androidx.lifecycle:lifecycle-viewmodel-compose:2.7.0) with AarToClassTransform
Transforming ui-release.aar (androidx.compose.ui:ui-android:1.5.4) with IdentityTransform
Transforming ui-release.aar (androidx.compose.ui:ui-android:1.5.4) with AarToClassTransform
Transforming ui-tooling-preview-release.aar (androidx.compose.ui:ui-tooling-preview-android:1.5.4) with IdentityTransform
Transforming ui-tooling-preview-release.aar (androidx.compose.ui:ui-tooling-preview-android:1.5.4) with AarToClassTransform
Transforming ui-tooling-release.aar (androidx.compose.ui:ui-tooling-android:1.5.4) with IdentityTransform
Transforming ui-tooling-release.aar (androidx.compose.ui:ui-tooling-android:1.5.4) with AarToClassTransform
Transforming ui-test-manifest-1.5.4.aar (androidx.compose.ui:ui-test-manifest:1.5.4) with IdentityTransform
Transforming ui-test-manifest-1.5.4.aar (androidx.compose.ui:ui-test-manifest:1.5.4) with AarToClassTransform
Transforming activity-1.8.2.aar (androidx.activity:activity:1.8.2) with IdentityTransform
Transforming activity-1.8.2.aar (androidx.activity:activity:1.8.2) with AarToClassTransform
Transforming activity-compose-1.8.2.aar (androidx.activity:activity-compose:1.8.2) with IdentityTransform
Transforming activity-compose-1.8.2.aar (androidx.activity:activity-compose:1.8.2) with AarToClassTransform
Transforming activity-ktx-1.8.2.aar (androidx.activity:activity-ktx:1.8.2) with IdentityTransform
Transforming activity-ktx-1.8.2.aar (androidx.activity:activity-ktx:1.8.2) with AarToClassTransform
Transforming core-ktx-1.12.0.aar (androidx.core:core-ktx:1.12.0) with IdentityTransform
Transforming core-ktx-1.12.0.aar (androidx.core:core-ktx:1.12.0) with AarToClassTransform
Transforming room-common-2.6.1.jar (androidx.room:room-common:2.6.1) with IdentityTransform
Transforming room-common-2.6.1.jar (androidx.room:room-common:2.6.1) with IdentityTransform
Transforming room-runtime-2.6.1.aar (androidx.room:room-runtime:2.6.1) with IdentityTransform
Transforming room-runtime-2.6.1.aar (androidx.room:room-runtime:2.6.1) with AarToClassTransform
Transforming room-ktx-2.6.1.aar (androidx.room:room-ktx:2.6.1) with IdentityTransform
Transforming room-ktx-2.6.1.aar (androidx.room:room-ktx:2.6.1) with AarToClassTransform
Transforming timber-5.0.1.aar (com.jakewharton.timber:timber:5.0.1) with IdentityTransform
Transforming timber-5.0.1.aar (com.jakewharton.timber:timber:5.0.1) with AarToClassTransform
Transforming savedstate-ktx-1.2.1.aar (androidx.savedstate:savedstate-ktx:1.2.1) with IdentityTransform
Transforming savedstate-ktx-1.2.1.aar (androidx.savedstate:savedstate-ktx:1.2.1) with AarToClassTransform
Transforming savedstate-1.2.1.aar (androidx.savedstate:savedstate:1.2.1) with IdentityTransform
Transforming savedstate-1.2.1.aar (androidx.savedstate:savedstate:1.2.1) with AarToClassTransform
Transforming annotation-experimental-1.3.0.aar (androidx.annotation:annotation-experimental:1.3.0) with IdentityTransform
Transforming annotation-experimental-1.3.0.aar (androidx.annotation:annotation-experimental:1.3.0) with AarToClassTransform
Transforming collection-ktx-1.1.0.jar (androidx.collection:collection-ktx:1.1.0) with IdentityTransform
Transforming collection-ktx-1.1.0.jar (androidx.collection:collection-ktx:1.1.0) with IdentityTransform
Transforming logging-interceptor-4.12.0.jar (com.squareup.okhttp3:logging-interceptor:4.12.0) with IdentityTransform
Transforming logging-interceptor-4.12.0.jar (com.squareup.okhttp3:logging-interceptor:4.12.0) with IdentityTransform
Transforming kotlinx-coroutines-core-jvm-1.7.1.jar (org.jetbrains.kotlinx:kotlinx-coroutines-core-jvm:1.7.1) with IdentityTransform
Transforming kotlinx-coroutines-core-jvm-1.7.1.jar (org.jetbrains.kotlinx:kotlinx-coroutines-core-jvm:1.7.1) with IdentityTransform
Transforming kotlinx-coroutines-android-1.7.1.jar (org.jetbrains.kotlinx:kotlinx-coroutines-android:1.7.1) with IdentityTransform
Transforming kotlinx-coroutines-android-1.7.1.jar (org.jetbrains.kotlinx:kotlinx-coroutines-android:1.7.1) with IdentityTransform
Transforming converter-gson-2.9.0.jar (com.squareup.retrofit2:converter-gson:2.9.0) with IdentityTransform
Transforming converter-gson-2.9.0.jar (com.squareup.retrofit2:converter-gson:2.9.0) with IdentityTransform
Transforming retrofit-2.9.0.jar (com.squareup.retrofit2:retrofit:2.9.0) with IdentityTransform
Transforming retrofit-2.9.0.jar (com.squareup.retrofit2:retrofit:2.9.0) with IdentityTransform
Transforming okhttp-4.12.0.jar (com.squareup.okhttp3:okhttp:4.12.0) with IdentityTransform
Transforming okhttp-4.12.0.jar (com.squareup.okhttp3:okhttp:4.12.0) with IdentityTransform
Transforming okio-jvm-3.6.0.jar (com.squareup.okio:okio-jvm:3.6.0) with IdentityTransform
Transforming okio-jvm-3.6.0.jar (com.squareup.okio:okio-jvm:3.6.0) with IdentityTransform
Transforming kotlin-stdlib-jdk8-1.9.10.jar (org.jetbrains.kotlin:kotlin-stdlib-jdk8:1.9.10) with IdentityTransform
Transforming kotlin-stdlib-jdk8-1.9.10.jar (org.jetbrains.kotlin:kotlin-stdlib-jdk8:1.9.10) with IdentityTransform
Transforming cursoradapter-1.0.0.aar (androidx.cursoradapter:cursoradapter:1.0.0) with IdentityTransform
Transforming cursoradapter-1.0.0.aar (androidx.cursoradapter:cursoradapter:1.0.0) with AarToClassTransform
Transforming cardview-1.0.0.aar (androidx.cardview:cardview:1.0.0) with IdentityTransform
Transforming cardview-1.0.0.aar (androidx.cardview:cardview:1.0.0) with AarToClassTransform
Transforming sqlite-framework-2.4.0.aar (androidx.sqlite:sqlite-framework:2.4.0) with IdentityTransform
Transforming sqlite-framework-2.4.0.aar (androidx.sqlite:sqlite-framework:2.4.0) with AarToClassTransform
Transforming sqlite-2.4.0.aar (androidx.sqlite:sqlite:2.4.0) with IdentityTransform
Transforming sqlite-2.4.0.aar (androidx.sqlite:sqlite:2.4.0) with AarToClassTransform
Transforming gifdecoder-4.16.0.aar (com.github.bumptech.glide:gifdecoder:4.16.0) with IdentityTransform
Transforming gifdecoder-4.16.0.aar (com.github.bumptech.glide:gifdecoder:4.16.0) with AarToClassTransform
Transforming core-runtime-2.2.0.aar (androidx.arch.core:core-runtime:2.2.0) with IdentityTransform
Transforming core-runtime-2.2.0.aar (androidx.arch.core:core-runtime:2.2.0) with AarToClassTransform
Transforming core-common-2.2.0.jar (androidx.arch.core:core-common:2.2.0) with IdentityTransform
Transforming core-common-2.2.0.jar (androidx.arch.core:core-common:2.2.0) with IdentityTransform
Transforming versionedparcelable-1.1.1.aar (androidx.versionedparcelable:versionedparcelable:1.1.1) with IdentityTransform
Transforming versionedparcelable-1.1.1.aar (androidx.versionedparcelable:versionedparcelable:1.1.1) with AarToClassTransform
Transforming collection-1.1.0.jar (androidx.collection:collection:1.1.0) with IdentityTransform
Transforming collection-1.1.0.jar (androidx.collection:collection:1.1.0) with IdentityTransform
Transforming interpolator-1.0.0.aar (androidx.interpolator:interpolator:1.0.0) with IdentityTransform
Transforming interpolator-1.0.0.aar (androidx.interpolator:interpolator:1.0.0) with AarToClassTransform
Transforming documentfile-1.0.0.aar (androidx.documentfile:documentfile:1.0.0) with IdentityTransform
Transforming documentfile-1.0.0.aar (androidx.documentfile:documentfile:1.0.0) with AarToClassTransform
Transforming localbroadcastmanager-1.0.0.aar (androidx.localbroadcastmanager:localbroadcastmanager:1.0.0) with IdentityTransform
Transforming localbroadcastmanager-1.0.0.aar (androidx.localbroadcastmanager:localbroadcastmanager:1.0.0) with AarToClassTransform
Transforming print-1.0.0.aar (androidx.print:print:1.0.0) with IdentityTransform
Transforming print-1.0.0.aar (androidx.print:print:1.0.0) with AarToClassTransform
Transforming annotation-jvm-1.6.0.jar (androidx.annotation:annotation-jvm:1.6.0) with IdentityTransform
Transforming annotation-jvm-1.6.0.jar (androidx.annotation:annotation-jvm:1.6.0) with IdentityTransform
Transforming kotlin-stdlib-jdk7-1.9.10.jar (org.jetbrains.kotlin:kotlin-stdlib-jdk7:1.9.10) with IdentityTransform
Transforming kotlin-stdlib-jdk7-1.9.10.jar (org.jetbrains.kotlin:kotlin-stdlib-jdk7:1.9.10) with IdentityTransform
Transforming kotlin-stdlib-1.9.21.jar (org.jetbrains.kotlin:kotlin-stdlib:1.9.21) with IdentityTransform
Transforming kotlin-stdlib-1.9.21.jar (org.jetbrains.kotlin:kotlin-stdlib:1.9.21) with IdentityTransform
Transforming annotations-23.0.0.jar (org.jetbrains:annotations:23.0.0) with IdentityTransform
Transforming annotations-23.0.0.jar (org.jetbrains:annotations:23.0.0) with IdentityTransform
Transforming startup-runtime-1.1.1.aar (androidx.startup:startup-runtime:1.1.1) with IdentityTransform
Transforming startup-runtime-1.1.1.aar (androidx.startup:startup-runtime:1.1.1) with AarToClassTransform
Transforming tracing-1.0.0.aar (androidx.tracing:tracing:1.0.0) with IdentityTransform
Transforming tracing-1.0.0.aar (androidx.tracing:tracing:1.0.0) with AarToClassTransform
Transforming listenablefuture-1.0.jar (com.google.guava:listenablefuture:1.0) with IdentityTransform
Transforming listenablefuture-1.0.jar (com.google.guava:listenablefuture:1.0) with IdentityTransform
Transforming resourceinspection-annotation-1.0.1.jar (androidx.resourceinspection:resourceinspection-annotation:1.0.1) with IdentityTransform
Transforming resourceinspection-annotation-1.0.1.jar (androidx.resourceinspection:resourceinspection-annotation:1.0.1) with IdentityTransform
Transforming constraintlayout-2.1.4.aar (androidx.constraintlayout:constraintlayout:2.1.4) with IdentityTransform
Transforming constraintlayout-2.1.4.aar (androidx.constraintlayout:constraintlayout:2.1.4) with AarToClassTransform
Transforming hilt-core-2.46.1.jar (com.google.dagger:hilt-core:2.46.1) with IdentityTransform
Transforming hilt-core-2.46.1.jar (com.google.dagger:hilt-core:2.46.1) with IdentityTransform
Transforming dagger-2.46.1.jar (com.google.dagger:dagger:2.46.1) with IdentityTransform
Transforming dagger-2.46.1.jar (com.google.dagger:dagger:2.46.1) with IdentityTransform
Transforming javax.inject-1.jar (javax.inject:javax.inject:1) with IdentityTransform
Transforming javax.inject-1.jar (javax.inject:javax.inject:1) with IdentityTransform
Transforming dagger-lint-aar-2.46.1.aar (com.google.dagger:dagger-lint-aar:2.46.1) with IdentityTransform
Transforming dagger-lint-aar-2.46.1.aar (com.google.dagger:dagger-lint-aar:2.46.1) with AarToClassTransform
Transforming jsr305-3.0.2.jar (com.google.code.findbugs:jsr305:3.0.2) with IdentityTransform
Transforming jsr305-3.0.2.jar (com.google.code.findbugs:jsr305:3.0.2) with IdentityTransform
Transforming disklrucache-4.16.0.jar (com.github.bumptech.glide:disklrucache:4.16.0) with IdentityTransform
Transforming disklrucache-4.16.0.jar (com.github.bumptech.glide:disklrucache:4.16.0) with IdentityTransform
Transforming annotations-4.16.0.jar (com.github.bumptech.glide:annotations:4.16.0) with IdentityTransform
Transforming annotations-4.16.0.jar (com.github.bumptech.glide:annotations:4.16.0) with IdentityTransform
Transforming exifinterface-1.3.6.aar (androidx.exifinterface:exifinterface:1.3.6) with IdentityTransform
Transforming exifinterface-1.3.6.aar (androidx.exifinterface:exifinterface:1.3.6) with AarToClassTransform
Transforming gson-2.8.5.jar (com.google.code.gson:gson:2.8.5) with IdentityTransform
Transforming gson-2.8.5.jar (com.google.code.gson:gson:2.8.5) with IdentityTransform
Transforming hilt-common-1.0.0.jar (androidx.hilt:hilt-common:1.0.0) with IdentityTransform
Transforming hilt-common-1.0.0.jar (androidx.hilt:hilt-common:1.0.0) with IdentityTransform
Transforming R.jar with ClasspathEntrySnapshotTransform
Transforming databinding-runtime-8.1.0-api.jar with ClasspathEntrySnapshotTransform
Transforming viewbinding-8.1.0-api.jar with ClasspathEntrySnapshotTransform
Transforming databinding-adapters-8.1.0-api.jar with ClasspathEntrySnapshotTransform
Transforming databinding-common-8.1.0.jar with ClasspathEntrySnapshotTransform
Transforming databinding-ktx-8.1.0-api.jar with ClasspathEntrySnapshotTransform
Transforming navigation-common-2.7.6-api.jar with ClasspathEntrySnapshotTransform
Transforming navigation-common-ktx-2.7.6-api.jar with ClasspathEntrySnapshotTransform
Transforming navigation-runtime-2.7.6-api.jar with ClasspathEntrySnapshotTransform
Transforming navigation-runtime-ktx-2.7.6-api.jar with ClasspathEntrySnapshotTransform
Transforming navigation-fragment-2.7.6-api.jar with ClasspathEntrySnapshotTransform
Transforming navigation-fragment-ktx-2.7.6-api.jar with ClasspathEntrySnapshotTransform
Transforming navigation-ui-ktx-2.7.6-api.jar with ClasspathEntrySnapshotTransform
Transforming navigation-ui-2.7.6-api.jar with ClasspathEntrySnapshotTransform
Transforming material-1.11.0-api.jar with ClasspathEntrySnapshotTransform
Transforming appcompat-1.6.1-api.jar with ClasspathEntrySnapshotTransform
Transforming hilt-work-1.0.0-api.jar with ClasspathEntrySnapshotTransform
Transforming hilt-android-2.46.1-api.jar with ClasspathEntrySnapshotTransform
Transforming okhttp3-integration-4.16.0-api.jar with ClasspathEntrySnapshotTransform
Transforming glide-4.16.0-api.jar with ClasspathEntrySnapshotTransform
Transforming viewpager2-1.0.0-api.jar with ClasspathEntrySnapshotTransform
Transforming fragment-1.6.2-api.jar with ClasspathEntrySnapshotTransform
Transforming fragment-ktx-1.6.2-api.jar with ClasspathEntrySnapshotTransform
Transforming material3-1.1.2-api.jar with ClasspathEntrySnapshotTransform
Transforming material-icons-core-release-api.jar with ClasspathEntrySnapshotTransform
Transforming material-ripple-release-api.jar with ClasspathEntrySnapshotTransform
Transforming animation-core-release-api.jar with ClasspathEntrySnapshotTransform
Transforming animation-release-api.jar with ClasspathEntrySnapshotTransform
Transforming foundation-layout-release-api.jar with ClasspathEntrySnapshotTransform
Transforming foundation-release-api.jar with ClasspathEntrySnapshotTransform
Transforming runtime-saveable-release-api.jar with ClasspathEntrySnapshotTransform
Transforming ui-unit-release-api.jar with ClasspathEntrySnapshotTransform
Transforming ui-geometry-release-api.jar with ClasspathEntrySnapshotTransform
Transforming ui-text-release-api.jar with ClasspathEntrySnapshotTransform
Transforming ui-graphics-release-api.jar with ClasspathEntrySnapshotTransform
Transforming ui-tooling-data-release-api.jar with ClasspathEntrySnapshotTransform
Transforming runtime-release-api.jar with ClasspathEntrySnapshotTransform
Transforming runtime-livedata-1.5.4-api.jar with ClasspathEntrySnapshotTransform
Transforming lifecycle-livedata-core-2.7.0-api.jar with ClasspathEntrySnapshotTransform
Transforming lifecycle-common-2.7.0.jar with ClasspathEntrySnapshotTransform
Transforming lifecycle-viewmodel-savedstate-2.7.0-api.jar with ClasspathEntrySnapshotTransform
Transforming lifecycle-common-java8-2.7.0.jar with ClasspathEntrySnapshotTransform
Transforming lifecycle-livedata-core-ktx-2.7.0-api.jar with ClasspathEntrySnapshotTransform
Transforming dynamicanimation-1.0.0-api.jar with ClasspathEntrySnapshotTransform
Transforming legacy-support-core-utils-1.0.0-api.jar with ClasspathEntrySnapshotTransform
Transforming loader-1.0.0-api.jar with ClasspathEntrySnapshotTransform
Transforming lifecycle-viewmodel-2.7.0-api.jar with ClasspathEntrySnapshotTransform
Transforming lifecycle-service-2.7.0-api.jar with ClasspathEntrySnapshotTransform
Transforming lifecycle-process-2.7.0-api.jar with ClasspathEntrySnapshotTransform
Transforming work-runtime-ktx-2.9.0-api.jar with ClasspathEntrySnapshotTransform
Transforming work-runtime-2.9.0-api.jar with ClasspathEntrySnapshotTransform
Transforming lifecycle-livedata-2.7.0-api.jar with ClasspathEntrySnapshotTransform
Transforming lifecycle-runtime-ktx-2.7.0-api.jar with ClasspathEntrySnapshotTransform
Transforming appcompat-resources-1.6.1-api.jar with ClasspathEntrySnapshotTransform
Transforming drawerlayout-1.1.1-api.jar with ClasspathEntrySnapshotTransform
Transforming coordinatorlayout-1.1.0-api.jar with ClasspathEntrySnapshotTransform
Transforming recyclerview-1.1.0-api.jar with ClasspathEntrySnapshotTransform
Transforming transition-1.4.1-api.jar with ClasspathEntrySnapshotTransform
Transforming vectordrawable-animated-1.1.0-api.jar with ClasspathEntrySnapshotTransform
Transforming vectordrawable-1.1.0-api.jar with ClasspathEntrySnapshotTransform
Transforming viewpager-1.0.0-api.jar with ClasspathEntrySnapshotTransform
Transforming slidingpanelayout-1.2.0-api.jar with ClasspathEntrySnapshotTransform
Transforming customview-1.1.0-api.jar with ClasspathEntrySnapshotTransform
Transforming core-1.12.0-api.jar with ClasspathEntrySnapshotTransform
Transforming lifecycle-runtime-2.7.0-api.jar with ClasspathEntrySnapshotTransform
Transforming lifecycle-viewmodel-ktx-2.7.0-api.jar with ClasspathEntrySnapshotTransform
Transforming lifecycle-livedata-ktx-2.7.0-api.jar with ClasspathEntrySnapshotTransform
Transforming lifecycle-viewmodel-compose-2.7.0-api.jar with ClasspathEntrySnapshotTransform
Transforming ui-release-api.jar with ClasspathEntrySnapshotTransform
Transforming ui-tooling-preview-release-api.jar with ClasspathEntrySnapshotTransform
Transforming ui-tooling-release-api.jar with ClasspathEntrySnapshotTransform
Transforming ui-test-manifest-1.5.4-api.jar with ClasspathEntrySnapshotTransform
Transforming activity-1.8.2-api.jar with ClasspathEntrySnapshotTransform
Transforming activity-compose-1.8.2-api.jar with ClasspathEntrySnapshotTransform
Transforming activity-ktx-1.8.2-api.jar with ClasspathEntrySnapshotTransform
Transforming core-ktx-1.12.0-api.jar with ClasspathEntrySnapshotTransform
Transforming room-common-2.6.1.jar with ClasspathEntrySnapshotTransform
Transforming room-runtime-2.6.1-api.jar with ClasspathEntrySnapshotTransform
Transforming room-ktx-2.6.1-api.jar with ClasspathEntrySnapshotTransform
Transforming timber-5.0.1-api.jar with ClasspathEntrySnapshotTransform
Transforming savedstate-ktx-1.2.1-api.jar with ClasspathEntrySnapshotTransform
Transforming savedstate-1.2.1-api.jar with ClasspathEntrySnapshotTransform
Transforming annotation-experimental-1.3.0-api.jar with ClasspathEntrySnapshotTransform
Transforming collection-ktx-1.1.0.jar with ClasspathEntrySnapshotTransform
Transforming logging-interceptor-4.12.0.jar with ClasspathEntrySnapshotTransform
Transforming kotlinx-coroutines-core-jvm-1.7.1.jar with ClasspathEntrySnapshotTransform
Transforming kotlinx-coroutines-android-1.7.1.jar with ClasspathEntrySnapshotTransform
Transforming converter-gson-2.9.0.jar with ClasspathEntrySnapshotTransform
Transforming retrofit-2.9.0.jar with ClasspathEntrySnapshotTransform
Transforming okhttp-4.12.0.jar with ClasspathEntrySnapshotTransform
Transforming okio-jvm-3.6.0.jar with ClasspathEntrySnapshotTransform
Transforming kotlin-stdlib-jdk8-1.9.10.jar with ClasspathEntrySnapshotTransform
Transforming cursoradapter-1.0.0-api.jar with ClasspathEntrySnapshotTransform
Transforming cardview-1.0.0-api.jar with ClasspathEntrySnapshotTransform
Transforming sqlite-framework-2.4.0-api.jar with ClasspathEntrySnapshotTransform
Transforming sqlite-2.4.0-api.jar with ClasspathEntrySnapshotTransform
Transforming gifdecoder-4.16.0-api.jar with ClasspathEntrySnapshotTransform
Transforming core-runtime-2.2.0-api.jar with ClasspathEntrySnapshotTransform
Transforming core-common-2.2.0.jar with ClasspathEntrySnapshotTransform
Transforming versionedparcelable-1.1.1-api.jar with ClasspathEntrySnapshotTransform
Transforming collection-1.1.0.jar with ClasspathEntrySnapshotTransform
Transforming interpolator-1.0.0-api.jar with ClasspathEntrySnapshotTransform
Transforming documentfile-1.0.0-api.jar with ClasspathEntrySnapshotTransform
Transforming localbroadcastmanager-1.0.0-api.jar with ClasspathEntrySnapshotTransform
Transforming print-1.0.0-api.jar with ClasspathEntrySnapshotTransform
Transforming annotation-jvm-1.6.0.jar with ClasspathEntrySnapshotTransform
Transforming kotlin-stdlib-jdk7-1.9.10.jar with ClasspathEntrySnapshotTransform
Transforming kotlin-stdlib-1.9.21.jar with ClasspathEntrySnapshotTransform
Transforming annotations-23.0.0.jar with ClasspathEntrySnapshotTransform
Transforming startup-runtime-1.1.1-api.jar with ClasspathEntrySnapshotTransform
Transforming tracing-1.0.0-api.jar with ClasspathEntrySnapshotTransform
Transforming listenablefuture-1.0.jar with ClasspathEntrySnapshotTransform
Transforming resourceinspection-annotation-1.0.1.jar with ClasspathEntrySnapshotTransform
Transforming constraintlayout-2.1.4-api.jar with ClasspathEntrySnapshotTransform
Transforming hilt-core-2.46.1.jar with ClasspathEntrySnapshotTransform
Transforming dagger-2.46.1.jar with ClasspathEntrySnapshotTransform
Transforming javax.inject-1.jar with ClasspathEntrySnapshotTransform
Transforming dagger-lint-aar-2.46.1-api.jar with ClasspathEntrySnapshotTransform
Transforming jsr305-3.0.2.jar with ClasspathEntrySnapshotTransform
Transforming disklrucache-4.16.0.jar with ClasspathEntrySnapshotTransform
Transforming annotations-4.16.0.jar with ClasspathEntrySnapshotTransform
Transforming exifinterface-1.3.6-api.jar with ClasspathEntrySnapshotTransform
Transforming gson-2.8.5.jar with ClasspathEntrySnapshotTransform
Transforming hilt-common-1.0.0.jar with ClasspathEntrySnapshotTransform
Transforming android.jar with ClasspathEntrySnapshotTransform
Transforming core-lambda-stubs.jar with ClasspathEntrySnapshotTransform
Caching disabled for task ':app:kaptGenerateStubsDebugKotlin' because:
  Build cache is disabled
Task ':app:kaptGenerateStubsDebugKotlin' is not up-to-date because:
  Output property 'classpathSnapshotProperties.classpathSnapshotDir' file C:\Users\leoja\AndroidStudioProjects\PaleobyLeoRecipes\app\build\kotlin\kaptGenerateStubsDebugKotlin\classpath-snapshot has been removed.
  Output property 'classpathSnapshotProperties.classpathSnapshotDir' file C:\Users\leoja\AndroidStudioProjects\PaleobyLeoRecipes\app\build\kotlin\kaptGenerateStubsDebugKotlin\classpath-snapshot\shrunk-classpath-snapshot.bin has been removed.
  Output property 'destinationDirectory' file C:\Users\leoja\AndroidStudioProjects\PaleobyLeoRecipes\app\build\tmp\kapt3\incrementalData\debug has been removed.
The input changes require a full rebuild for incremental task ':app:kaptGenerateStubsDebugKotlin'.
file or directory 'C:\Users\leoja\AndroidStudioProjects\PaleobyLeoRecipes\app\src\debug\kotlin', not found
file or directory 'C:\Users\leoja\AndroidStudioProjects\PaleobyLeoRecipes\app\src\debug\kotlin', not found
file or directory 'C:\Users\leoja\AndroidStudioProjects\PaleobyLeoRecipes\app\src\debug\java', not found
file or directory 'C:\Users\leoja\AndroidStudioProjects\PaleobyLeoRecipes\app\src\debug\kotlin', not found
file or directory 'C:\Users\leoja\AndroidStudioProjects\PaleobyLeoRecipes\app\src\debug\java', not found
file or directory 'C:\Users\leoja\AndroidStudioProjects\PaleobyLeoRecipes\app\src\main\kotlin', not found
file or directory 'C:\Users\leoja\AndroidStudioProjects\PaleobyLeoRecipes\app\src\main\kotlin', not found
file or directory 'C:\Users\leoja\AndroidStudioProjects\PaleobyLeoRecipes\app\src\main\kotlin', not found
file or directory 'C:\Users\leoja\AndroidStudioProjects\PaleobyLeoRecipes\app\src\main\kotlin', not found
file or directory 'C:\Users\leoja\AndroidStudioProjects\PaleobyLeoRecipes\app\src\main\kotlin', not found
file or directory 'C:\Users\leoja\AndroidStudioProjects\PaleobyLeoRecipes\app\src\main\kotlin', not found
file or directory 'C:\Users\leoja\AndroidStudioProjects\PaleobyLeoRecipes\app\src\debug\kotlin', not found
file or directory 'C:\Users\leoja\AndroidStudioProjects\PaleobyLeoRecipes\app\src\debug\kotlin', not found
file or directory 'C:\Users\leoja\AndroidStudioProjects\PaleobyLeoRecipes\app\src\debug\java', not found
file or directory 'C:\Users\leoja\AndroidStudioProjects\PaleobyLeoRecipes\app\src\debug\kotlin', not found
file or directory 'C:\Users\leoja\AndroidStudioProjects\PaleobyLeoRecipes\app\src\debug\java', not found
file or directory 'C:\Users\leoja\AndroidStudioProjects\PaleobyLeoRecipes\app\src\debug\java', not found
file or directory 'C:\Users\leoja\AndroidStudioProjects\PaleobyLeoRecipes\app\src\debug\kotlin', not found
file or directory 'C:\Users\leoja\AndroidStudioProjects\PaleobyLeoRecipes\app\src\debug\kotlin', not found
file or directory 'C:\Users\leoja\AndroidStudioProjects\PaleobyLeoRecipes\app\src\debug\java', not found
file or directory 'C:\Users\leoja\AndroidStudioProjects\PaleobyLeoRecipes\app\src\debug\kotlin', not found
file or directory 'C:\Users\leoja\AndroidStudioProjects\PaleobyLeoRecipes\app\src\debug\java', not found
file or directory 'C:\Users\leoja\AndroidStudioProjects\PaleobyLeoRecipes\app\src\main\kotlin', not found
file or directory 'C:\Users\leoja\AndroidStudioProjects\PaleobyLeoRecipes\app\src\main\kotlin', not found
file or directory 'C:\Users\leoja\AndroidStudioProjects\PaleobyLeoRecipes\app\src\debug\kotlin', not found
file or directory 'C:\Users\leoja\AndroidStudioProjects\PaleobyLeoRecipes\app\src\debug\kotlin', not found
file or directory 'C:\Users\leoja\AndroidStudioProjects\PaleobyLeoRecipes\app\src\debug\java', not found
file or directory 'C:\Users\leoja\AndroidStudioProjects\PaleobyLeoRecipes\app\src\debug\kotlin', not found
file or directory 'C:\Users\leoja\AndroidStudioProjects\PaleobyLeoRecipes\app\src\debug\java', not found
file or directory 'C:\Users\leoja\AndroidStudioProjects\PaleobyLeoRecipes\app\src\main\kotlin', not found
file or directory 'C:\Users\leoja\AndroidStudioProjects\PaleobyLeoRecipes\app\src\main\kotlin', not found
file or directory 'C:\Users\leoja\AndroidStudioProjects\PaleobyLeoRecipes\app\src\main\kotlin', not found
file or directory 'C:\Users\leoja\AndroidStudioProjects\PaleobyLeoRecipes\app\src\main\kotlin', not found
file or directory 'C:\Users\leoja\AndroidStudioProjects\PaleobyLeoRecipes\app\src\main\kotlin', not found
file or directory 'C:\Users\leoja\AndroidStudioProjects\PaleobyLeoRecipes\app\src\main\kotlin', not found
file or directory 'C:\Users\leoja\AndroidStudioProjects\PaleobyLeoRecipes\app\src\debug\kotlin', not found
file or directory 'C:\Users\leoja\AndroidStudioProjects\PaleobyLeoRecipes\app\src\debug\kotlin', not found
file or directory 'C:\Users\leoja\AndroidStudioProjects\PaleobyLeoRecipes\app\src\debug\java', not found
file or directory 'C:\Users\leoja\AndroidStudioProjects\PaleobyLeoRecipes\app\src\debug\kotlin', not found
file or directory 'C:\Users\leoja\AndroidStudioProjects\PaleobyLeoRecipes\app\src\debug\java', not found
file or directory 'C:\Users\leoja\AndroidStudioProjects\PaleobyLeoRecipes\app\src\debug\java', not found
file or directory 'C:\Users\leoja\AndroidStudioProjects\PaleobyLeoRecipes\app\src\debug\kotlin', not found
file or directory 'C:\Users\leoja\AndroidStudioProjects\PaleobyLeoRecipes\app\src\debug\kotlin', not found
file or directory 'C:\Users\leoja\AndroidStudioProjects\PaleobyLeoRecipes\app\src\debug\java', not found
file or directory 'C:\Users\leoja\AndroidStudioProjects\PaleobyLeoRecipes\app\src\debug\kotlin', not found
file or directory 'C:\Users\leoja\AndroidStudioProjects\PaleobyLeoRecipes\app\src\debug\java', not found
file or directory 'C:\Users\leoja\AndroidStudioProjects\PaleobyLeoRecipes\app\src\main\kotlin', not found
file or directory 'C:\Users\leoja\AndroidStudioProjects\PaleobyLeoRecipes\app\src\main\kotlin', not found
file or directory 'C:\Users\leoja\AndroidStudioProjects\PaleobyLeoRecipes\app\src\main\kotlin', not found
file or directory 'C:\Users\leoja\AndroidStudioProjects\PaleobyLeoRecipes\app\src\main\kotlin', not found
file or directory 'C:\Users\leoja\AndroidStudioProjects\PaleobyLeoRecipes\app\src\main\kotlin', not found
file or directory 'C:\Users\leoja\AndroidStudioProjects\PaleobyLeoRecipes\app\src\main\kotlin', not found
file or directory 'C:\Users\leoja\AndroidStudioProjects\PaleobyLeoRecipes\app\src\debug\kotlin', not found
file or directory 'C:\Users\leoja\AndroidStudioProjects\PaleobyLeoRecipes\app\src\debug\kotlin', not found
file or directory 'C:\Users\leoja\AndroidStudioProjects\PaleobyLeoRecipes\app\src\debug\java', not found
file or directory 'C:\Users\leoja\AndroidStudioProjects\PaleobyLeoRecipes\app\src\debug\kotlin', not found
file or directory 'C:\Users\leoja\AndroidStudioProjects\PaleobyLeoRecipes\app\src\debug\java', not found
file or directory 'C:\Users\leoja\AndroidStudioProjects\PaleobyLeoRecipes\app\src\debug\java', not found
Using Kotlin/JVM incremental compilation
[KOTLIN] Kotlin compilation 'jdkHome' argument: null
i: found daemon on port 17278 (16057320 ms old), trying to connect
i: connected to the daemon
Options for KOTLIN DAEMON: IncrementalCompilationOptions(super=CompilationOptions(compilerMode=INCREMENTAL_COMPILER, targetPlatform=JVM, reportCategories=[0, 1, 2, 3, 4], reportSeverity=3, requestedCompilationResults=[0], kotlinScriptExtensions=[]), areFileChangesKnown=false, modifiedFiles=null, deletedFiles=null, classpathChanges=NotAvailableForNonIncrementalRun, workingDir=C:\Users\leoja\AndroidStudioProjects\PaleobyLeoRecipes\app\build\kotlin\kaptGenerateStubsDebugKotlin\cacheable, multiModuleICSettings=MultiModuleICSettings(buildHistoryFile=C:\Users\leoja\AndroidStudioProjects\PaleobyLeoRecipes\app\build\kotlin\kaptGenerateStubsDebugKotlin\local-state\build-history.bin, useModuleDetection=true), usePreciseJavaTracking=true, outputFiles=[C:\Users\leoja\AndroidStudioProjects\PaleobyLeoRecipes\app\build\tmp\kapt3\incrementalData\debug, C:\Users\leoja\AndroidStudioProjects\PaleobyLeoRecipes\app\build\tmp\kapt3\stubs\debug, C:\Users\leoja\AndroidStudioProjects\PaleobyLeoRecipes\app\build\kotlin\kaptGenerateStubsDebugKotlin\cacheable, C:\Users\leoja\AndroidStudioProjects\PaleobyLeoRecipes\app\build\kotlin\kaptGenerateStubsDebugKotlin\local-state])
[KOTLIN] [IC] Non-incremental compilation will be performed: UNKNOWN_CHANGES_IN_GRADLE_INPUTS

> Task :app:optimizeReleaseResources
Caching disabled for task ':app:optimizeReleaseResources' because:
  Build cache is disabled
Task ':app:optimizeReleaseResources' is not up-to-date because:
  Output property 'optimizedProcessedRes' file C:\Users\leoja\AndroidStudioProjects\PaleobyLeoRecipes\app\build\intermediates\optimized_processed_res\release has been removed.
  Output property 'optimizedProcessedRes' file C:\Users\leoja\AndroidStudioProjects\PaleobyLeoRecipes\app\build\intermediates\optimized_processed_res\release\output-metadata.json has been removed.
  Output property 'optimizedProcessedRes' file C:\Users\leoja\AndroidStudioProjects\PaleobyLeoRecipes\app\build\intermediates\optimized_processed_res\release\resources-release-optimize.ap_ has been removed.

> Task :app:kaptGenerateStubsReleaseKotlin
Transforming R.jar with ClasspathEntrySnapshotTransform
Transforming databinding-runtime-8.1.0-api.jar with ClasspathEntrySnapshotTransform
Transforming viewbinding-8.1.0-api.jar with ClasspathEntrySnapshotTransform
Transforming databinding-adapters-8.1.0-api.jar with ClasspathEntrySnapshotTransform
Transforming databinding-common-8.1.0.jar with ClasspathEntrySnapshotTransform
Transforming databinding-ktx-8.1.0-api.jar with ClasspathEntrySnapshotTransform
Transforming navigation-common-2.7.6-api.jar with ClasspathEntrySnapshotTransform
Transforming navigation-common-ktx-2.7.6-api.jar with ClasspathEntrySnapshotTransform
Transforming navigation-runtime-2.7.6-api.jar with ClasspathEntrySnapshotTransform
Transforming navigation-runtime-ktx-2.7.6-api.jar with ClasspathEntrySnapshotTransform
Transforming navigation-fragment-2.7.6-api.jar with ClasspathEntrySnapshotTransform
Transforming navigation-fragment-ktx-2.7.6-api.jar with ClasspathEntrySnapshotTransform
Transforming navigation-ui-ktx-2.7.6-api.jar with ClasspathEntrySnapshotTransform
Transforming navigation-ui-2.7.6-api.jar with ClasspathEntrySnapshotTransform
Transforming material-1.11.0-api.jar with ClasspathEntrySnapshotTransform
Transforming appcompat-1.6.1-api.jar with ClasspathEntrySnapshotTransform
Transforming hilt-work-1.0.0-api.jar with ClasspathEntrySnapshotTransform
Transforming hilt-android-2.46.1-api.jar with ClasspathEntrySnapshotTransform
Transforming okhttp3-integration-4.16.0-api.jar with ClasspathEntrySnapshotTransform
Transforming glide-4.16.0-api.jar with ClasspathEntrySnapshotTransform
Transforming viewpager2-1.0.0-api.jar with ClasspathEntrySnapshotTransform
Transforming fragment-1.6.2-api.jar with ClasspathEntrySnapshotTransform
Transforming fragment-ktx-1.6.2-api.jar with ClasspathEntrySnapshotTransform
Transforming activity-1.8.2-api.jar with ClasspathEntrySnapshotTransform
Transforming activity-compose-1.8.2-api.jar with ClasspathEntrySnapshotTransform
Transforming activity-ktx-1.8.2-api.jar with ClasspathEntrySnapshotTransform
Transforming material3-1.1.2-api.jar with ClasspathEntrySnapshotTransform
Transforming material-icons-core-release-api.jar with ClasspathEntrySnapshotTransform
Transforming material-ripple-release-api.jar with ClasspathEntrySnapshotTransform
Transforming animation-core-release-api.jar with ClasspathEntrySnapshotTransform
Transforming animation-release-api.jar with ClasspathEntrySnapshotTransform
Transforming foundation-layout-release-api.jar with ClasspathEntrySnapshotTransform
Transforming foundation-release-api.jar with ClasspathEntrySnapshotTransform
Transforming ui-unit-release-api.jar with ClasspathEntrySnapshotTransform
Transforming ui-geometry-release-api.jar with ClasspathEntrySnapshotTransform
Transforming ui-text-release-api.jar with ClasspathEntrySnapshotTransform
Transforming ui-graphics-release-api.jar with ClasspathEntrySnapshotTransform
Transforming ui-release-api.jar with ClasspathEntrySnapshotTransform
Transforming ui-tooling-preview-release-api.jar with ClasspathEntrySnapshotTransform
Transforming runtime-saveable-release-api.jar with ClasspathEntrySnapshotTransform
Transforming runtime-release-api.jar with ClasspathEntrySnapshotTransform
Transforming runtime-livedata-1.5.4-api.jar with ClasspathEntrySnapshotTransform
Transforming lifecycle-livedata-core-2.7.0-api.jar with ClasspathEntrySnapshotTransform
Transforming lifecycle-common-2.7.0.jar with ClasspathEntrySnapshotTransform
Transforming lifecycle-common-java8-2.7.0.jar with ClasspathEntrySnapshotTransform
Transforming lifecycle-livedata-core-ktx-2.7.0-api.jar with ClasspathEntrySnapshotTransform
Transforming dynamicanimation-1.0.0-api.jar with ClasspathEntrySnapshotTransform
Transforming legacy-support-core-utils-1.0.0-api.jar with ClasspathEntrySnapshotTransform
Transforming loader-1.0.0-api.jar with ClasspathEntrySnapshotTransform
Transforming lifecycle-viewmodel-2.7.0-api.jar with ClasspathEntrySnapshotTransform
Transforming lifecycle-service-2.7.0-api.jar with ClasspathEntrySnapshotTransform
Transforming lifecycle-process-2.7.0-api.jar with ClasspathEntrySnapshotTransform
Transforming work-runtime-ktx-2.9.0-api.jar with ClasspathEntrySnapshotTransform
Transforming work-runtime-2.9.0-api.jar with ClasspathEntrySnapshotTransform
Transforming lifecycle-livedata-2.7.0-api.jar with ClasspathEntrySnapshotTransform
Transforming lifecycle-runtime-ktx-2.7.0-api.jar with ClasspathEntrySnapshotTransform
Transforming appcompat-resources-1.6.1-api.jar with ClasspathEntrySnapshotTransform
Transforming drawerlayout-1.1.1-api.jar with ClasspathEntrySnapshotTransform
Transforming coordinatorlayout-1.1.0-api.jar with ClasspathEntrySnapshotTransform
Transforming recyclerview-1.1.0-api.jar with ClasspathEntrySnapshotTransform
Transforming transition-1.4.1-api.jar with ClasspathEntrySnapshotTransform
Transforming vectordrawable-animated-1.1.0-api.jar with ClasspathEntrySnapshotTransform
Transforming vectordrawable-1.1.0-api.jar with ClasspathEntrySnapshotTransform
Transforming viewpager-1.0.0-api.jar with ClasspathEntrySnapshotTransform
Transforming slidingpanelayout-1.2.0-api.jar with ClasspathEntrySnapshotTransform
Transforming customview-1.1.0-api.jar with ClasspathEntrySnapshotTransform
Transforming core-1.12.0-api.jar with ClasspathEntrySnapshotTransform
Transforming lifecycle-runtime-2.7.0-api.jar with ClasspathEntrySnapshotTransform
Transforming lifecycle-viewmodel-ktx-2.7.0-api.jar with ClasspathEntrySnapshotTransform
Transforming lifecycle-livedata-ktx-2.7.0-api.jar with ClasspathEntrySnapshotTransform
Transforming lifecycle-viewmodel-compose-2.7.0-api.jar with ClasspathEntrySnapshotTransform
Transforming lifecycle-viewmodel-savedstate-2.7.0-api.jar with ClasspathEntrySnapshotTransform
Transforming core-ktx-1.12.0-api.jar with ClasspathEntrySnapshotTransform
Transforming room-common-2.6.1.jar with ClasspathEntrySnapshotTransform
Transforming room-runtime-2.6.1-api.jar with ClasspathEntrySnapshotTransform
Transforming room-ktx-2.6.1-api.jar with ClasspathEntrySnapshotTransform
Transforming timber-5.0.1-api.jar with ClasspathEntrySnapshotTransform
Transforming savedstate-ktx-1.2.1-api.jar with ClasspathEntrySnapshotTransform
Transforming savedstate-1.2.1-api.jar with ClasspathEntrySnapshotTransform
Transforming annotation-experimental-1.3.0-api.jar with ClasspathEntrySnapshotTransform
Transforming collection-ktx-1.1.0.jar with ClasspathEntrySnapshotTransform
Transforming logging-interceptor-4.12.0.jar with ClasspathEntrySnapshotTransform
Transforming kotlinx-coroutines-core-jvm-1.7.1.jar with ClasspathEntrySnapshotTransform
Transforming kotlinx-coroutines-android-1.7.1.jar with ClasspathEntrySnapshotTransform
Transforming converter-gson-2.9.0.jar with ClasspathEntrySnapshotTransform
Transforming retrofit-2.9.0.jar with ClasspathEntrySnapshotTransform
Transforming okhttp-4.12.0.jar with ClasspathEntrySnapshotTransform
Transforming okio-jvm-3.6.0.jar with ClasspathEntrySnapshotTransform
Transforming kotlin-stdlib-jdk8-1.9.10.jar with ClasspathEntrySnapshotTransform
Transforming cursoradapter-1.0.0-api.jar with ClasspathEntrySnapshotTransform
Transforming cardview-1.0.0-api.jar with ClasspathEntrySnapshotTransform
Transforming sqlite-framework-2.4.0-api.jar with ClasspathEntrySnapshotTransform
Transforming sqlite-2.4.0-api.jar with ClasspathEntrySnapshotTransform
Transforming gifdecoder-4.16.0-api.jar with ClasspathEntrySnapshotTransform
Transforming core-runtime-2.2.0-api.jar with ClasspathEntrySnapshotTransform
Transforming core-common-2.2.0.jar with ClasspathEntrySnapshotTransform
Transforming versionedparcelable-1.1.1-api.jar with ClasspathEntrySnapshotTransform
Transforming collection-1.1.0.jar with ClasspathEntrySnapshotTransform
Transforming interpolator-1.0.0-api.jar with ClasspathEntrySnapshotTransform
Transforming documentfile-1.0.0-api.jar with ClasspathEntrySnapshotTransform
Transforming localbroadcastmanager-1.0.0-api.jar with ClasspathEntrySnapshotTransform
Transforming print-1.0.0-api.jar with ClasspathEntrySnapshotTransform
Transforming annotation-jvm-1.6.0.jar with ClasspathEntrySnapshotTransform
Transforming kotlin-stdlib-jdk7-1.9.10.jar with ClasspathEntrySnapshotTransform
Transforming kotlin-stdlib-1.9.21.jar with ClasspathEntrySnapshotTransform
Transforming constraintlayout-2.1.4-api.jar with ClasspathEntrySnapshotTransform
Transforming annotations-4.16.0.jar with ClasspathEntrySnapshotTransform
Transforming annotations-23.0.0.jar with ClasspathEntrySnapshotTransform
Transforming startup-runtime-1.1.1-api.jar with ClasspathEntrySnapshotTransform
Transforming tracing-1.0.0-api.jar with ClasspathEntrySnapshotTransform
Transforming listenablefuture-1.0.jar with ClasspathEntrySnapshotTransform
Transforming resourceinspection-annotation-1.0.1.jar with ClasspathEntrySnapshotTransform
Transforming hilt-core-2.46.1.jar with ClasspathEntrySnapshotTransform
Transforming dagger-2.46.1.jar with ClasspathEntrySnapshotTransform
Transforming javax.inject-1.jar with ClasspathEntrySnapshotTransform
Transforming dagger-lint-aar-2.46.1-api.jar with ClasspathEntrySnapshotTransform
Transforming jsr305-3.0.2.jar with ClasspathEntrySnapshotTransform
Transforming disklrucache-4.16.0.jar with ClasspathEntrySnapshotTransform
Transforming exifinterface-1.3.6-api.jar with ClasspathEntrySnapshotTransform
Transforming gson-2.8.5.jar with ClasspathEntrySnapshotTransform
Transforming hilt-common-1.0.0.jar with ClasspathEntrySnapshotTransform
Transforming android.jar with ClasspathEntrySnapshotTransform
Transforming core-lambda-stubs.jar with ClasspathEntrySnapshotTransform
Caching disabled for task ':app:kaptGenerateStubsReleaseKotlin' because:
  Build cache is disabled
Task ':app:kaptGenerateStubsReleaseKotlin' is not up-to-date because:
  Output property 'classpathSnapshotProperties.classpathSnapshotDir' file C:\Users\leoja\AndroidStudioProjects\PaleobyLeoRecipes\app\build\kotlin\kaptGenerateStubsReleaseKotlin\classpath-snapshot has been removed.
  Output property 'classpathSnapshotProperties.classpathSnapshotDir' file C:\Users\leoja\AndroidStudioProjects\PaleobyLeoRecipes\app\build\kotlin\kaptGenerateStubsReleaseKotlin\classpath-snapshot\shrunk-classpath-snapshot.bin has been removed.
  Output property 'destinationDirectory' file C:\Users\leoja\AndroidStudioProjects\PaleobyLeoRecipes\app\build\tmp\kapt3\incrementalData\release has been removed.
The input changes require a full rebuild for incremental task ':app:kaptGenerateStubsReleaseKotlin'.
file or directory 'C:\Users\leoja\AndroidStudioProjects\PaleobyLeoRecipes\app\src\release\kotlin', not found
file or directory 'C:\Users\leoja\AndroidStudioProjects\PaleobyLeoRecipes\app\src\release\kotlin', not found
file or directory 'C:\Users\leoja\AndroidStudioProjects\PaleobyLeoRecipes\app\src\release\java', not found
file or directory 'C:\Users\leoja\AndroidStudioProjects\PaleobyLeoRecipes\app\src\release\kotlin', not found
file or directory 'C:\Users\leoja\AndroidStudioProjects\PaleobyLeoRecipes\app\src\release\java', not found
file or directory 'C:\Users\leoja\AndroidStudioProjects\PaleobyLeoRecipes\app\src\main\kotlin', not found
file or directory 'C:\Users\leoja\AndroidStudioProjects\PaleobyLeoRecipes\app\src\main\kotlin', not found
file or directory 'C:\Users\leoja\AndroidStudioProjects\PaleobyLeoRecipes\app\src\main\kotlin', not found
file or directory 'C:\Users\leoja\AndroidStudioProjects\PaleobyLeoRecipes\app\src\main\kotlin', not found
file or directory 'C:\Users\leoja\AndroidStudioProjects\PaleobyLeoRecipes\app\src\main\kotlin', not found
file or directory 'C:\Users\leoja\AndroidStudioProjects\PaleobyLeoRecipes\app\src\main\kotlin', not found
file or directory 'C:\Users\leoja\AndroidStudioProjects\PaleobyLeoRecipes\app\src\release\kotlin', not found
file or directory 'C:\Users\leoja\AndroidStudioProjects\PaleobyLeoRecipes\app\src\release\kotlin', not found
file or directory 'C:\Users\leoja\AndroidStudioProjects\PaleobyLeoRecipes\app\src\release\java', not found
file or directory 'C:\Users\leoja\AndroidStudioProjects\PaleobyLeoRecipes\app\src\release\kotlin', not found
file or directory 'C:\Users\leoja\AndroidStudioProjects\PaleobyLeoRecipes\app\src\release\java', not found
file or directory 'C:\Users\leoja\AndroidStudioProjects\PaleobyLeoRecipes\app\src\release\java', not found
file or directory 'C:\Users\leoja\AndroidStudioProjects\PaleobyLeoRecipes\app\src\release\kotlin', not found
file or directory 'C:\Users\leoja\AndroidStudioProjects\PaleobyLeoRecipes\app\src\release\kotlin', not found
file or directory 'C:\Users\leoja\AndroidStudioProjects\PaleobyLeoRecipes\app\src\release\java', not found
file or directory 'C:\Users\leoja\AndroidStudioProjects\PaleobyLeoRecipes\app\src\release\kotlin', not found
file or directory 'C:\Users\leoja\AndroidStudioProjects\PaleobyLeoRecipes\app\src\release\java', not found
file or directory 'C:\Users\leoja\AndroidStudioProjects\PaleobyLeoRecipes\app\src\main\kotlin', not found
file or directory 'C:\Users\leoja\AndroidStudioProjects\PaleobyLeoRecipes\app\src\main\kotlin', not found
file or directory 'C:\Users\leoja\AndroidStudioProjects\PaleobyLeoRecipes\app\src\release\kotlin', not found
file or directory 'C:\Users\leoja\AndroidStudioProjects\PaleobyLeoRecipes\app\src\release\kotlin', not found
file or directory 'C:\Users\leoja\AndroidStudioProjects\PaleobyLeoRecipes\app\src\release\java', not found
file or directory 'C:\Users\leoja\AndroidStudioProjects\PaleobyLeoRecipes\app\src\release\kotlin', not found
file or directory 'C:\Users\leoja\AndroidStudioProjects\PaleobyLeoRecipes\app\src\release\java', not found
file or directory 'C:\Users\leoja\AndroidStudioProjects\PaleobyLeoRecipes\app\src\main\kotlin', not found
file or directory 'C:\Users\leoja\AndroidStudioProjects\PaleobyLeoRecipes\app\src\main\kotlin', not found
file or directory 'C:\Users\leoja\AndroidStudioProjects\PaleobyLeoRecipes\app\src\main\kotlin', not found
file or directory 'C:\Users\leoja\AndroidStudioProjects\PaleobyLeoRecipes\app\src\main\kotlin', not found
file or directory 'C:\Users\leoja\AndroidStudioProjects\PaleobyLeoRecipes\app\src\main\kotlin', not found
file or directory 'C:\Users\leoja\AndroidStudioProjects\PaleobyLeoRecipes\app\src\main\kotlin', not found
file or directory 'C:\Users\leoja\AndroidStudioProjects\PaleobyLeoRecipes\app\src\release\kotlin', not found
file or directory 'C:\Users\leoja\AndroidStudioProjects\PaleobyLeoRecipes\app\src\release\kotlin', not found
file or directory 'C:\Users\leoja\AndroidStudioProjects\PaleobyLeoRecipes\app\src\release\java', not found
file or directory 'C:\Users\leoja\AndroidStudioProjects\PaleobyLeoRecipes\app\src\release\kotlin', not found
file or directory 'C:\Users\leoja\AndroidStudioProjects\PaleobyLeoRecipes\app\src\release\java', not found
file or directory 'C:\Users\leoja\AndroidStudioProjects\PaleobyLeoRecipes\app\src\release\java', not found
file or directory 'C:\Users\leoja\AndroidStudioProjects\PaleobyLeoRecipes\app\src\release\kotlin', not found
file or directory 'C:\Users\leoja\AndroidStudioProjects\PaleobyLeoRecipes\app\src\release\kotlin', not found
file or directory 'C:\Users\leoja\AndroidStudioProjects\PaleobyLeoRecipes\app\src\release\java', not found
file or directory 'C:\Users\leoja\AndroidStudioProjects\PaleobyLeoRecipes\app\src\release\kotlin', not found
file or directory 'C:\Users\leoja\AndroidStudioProjects\PaleobyLeoRecipes\app\src\release\java', not found
file or directory 'C:\Users\leoja\AndroidStudioProjects\PaleobyLeoRecipes\app\src\main\kotlin', not found
file or directory 'C:\Users\leoja\AndroidStudioProjects\PaleobyLeoRecipes\app\src\main\kotlin', not found
file or directory 'C:\Users\leoja\AndroidStudioProjects\PaleobyLeoRecipes\app\src\main\kotlin', not found
file or directory 'C:\Users\leoja\AndroidStudioProjects\PaleobyLeoRecipes\app\src\main\kotlin', not found
file or directory 'C:\Users\leoja\AndroidStudioProjects\PaleobyLeoRecipes\app\src\main\kotlin', not found
file or directory 'C:\Users\leoja\AndroidStudioProjects\PaleobyLeoRecipes\app\src\main\kotlin', not found
file or directory 'C:\Users\leoja\AndroidStudioProjects\PaleobyLeoRecipes\app\src\release\kotlin', not found
file or directory 'C:\Users\leoja\AndroidStudioProjects\PaleobyLeoRecipes\app\src\release\kotlin', not found
file or directory 'C:\Users\leoja\AndroidStudioProjects\PaleobyLeoRecipes\app\src\release\java', not found
file or directory 'C:\Users\leoja\AndroidStudioProjects\PaleobyLeoRecipes\app\src\release\kotlin', not found
file or directory 'C:\Users\leoja\AndroidStudioProjects\PaleobyLeoRecipes\app\src\release\java', not found
file or directory 'C:\Users\leoja\AndroidStudioProjects\PaleobyLeoRecipes\app\src\release\java', not found
Using Kotlin/JVM incremental compilation
[KOTLIN] Kotlin compilation 'jdkHome' argument: null
i: found daemon on port 17278 (16058705 ms old), trying to connect
i: connected to the daemon
Options for KOTLIN DAEMON: IncrementalCompilationOptions(super=CompilationOptions(compilerMode=INCREMENTAL_COMPILER, targetPlatform=JVM, reportCategories=[0, 1, 2, 3, 4], reportSeverity=3, requestedCompilationResults=[0], kotlinScriptExtensions=[]), areFileChangesKnown=false, modifiedFiles=null, deletedFiles=null, classpathChanges=NotAvailableForNonIncrementalRun, workingDir=C:\Users\leoja\AndroidStudioProjects\PaleobyLeoRecipes\app\build\kotlin\kaptGenerateStubsReleaseKotlin\cacheable, multiModuleICSettings=MultiModuleICSettings(buildHistoryFile=C:\Users\leoja\AndroidStudioProjects\PaleobyLeoRecipes\app\build\kotlin\kaptGenerateStubsReleaseKotlin\local-state\build-history.bin, useModuleDetection=true), usePreciseJavaTracking=true, outputFiles=[C:\Users\leoja\AndroidStudioProjects\PaleobyLeoRecipes\app\build\tmp\kapt3\incrementalData\release, C:\Users\leoja\AndroidStudioProjects\PaleobyLeoRecipes\app\build\tmp\kapt3\stubs\release, C:\Users\leoja\AndroidStudioProjects\PaleobyLeoRecipes\app\build\kotlin\kaptGenerateStubsReleaseKotlin\cacheable, C:\Users\leoja\AndroidStudioProjects\PaleobyLeoRecipes\app\build\kotlin\kaptGenerateStubsReleaseKotlin\local-state])
[KOTLIN] [IC] Non-incremental compilation will be performed: UNKNOWN_CHANGES_IN_GRADLE_INPUTS
i: [kapt] Kapt is enabled.
Annotation processing mode: stubs
Memory leak detection mode: default
Show processor stats: false
Verbose mode: true
Info as warnings: false
Use light analysis: true
Correct error types: false
Dump default parameter values: false
Map diagnostic locations: false
Strict mode: false
Detect annotation processors in compile classpath: false
Incremental annotation processing (apt mode): false
Strip @Metadata annotations from stubs: false
Keep KDoc comments in stubs: true
Use JVM IR backend: true
Use K2: false
Project base dir: null
Compile classpath: C:\Users\leoja\AndroidStudioProjects\PaleobyLeoRecipes\app\build\intermediates\compile_and_runtime_not_namespaced_r_class_jar\release\R.jar, C:\Users\leoja\.gradle\caches\transforms-3\f49bf0f66b836319ecb7b03b712e15aa\transformed\databinding-runtime-8.1.0-api.jar, C:\Users\leoja\.gradle\caches\transforms-3\891fafeafff99247d77edfdd984a6798\transformed\viewbinding-8.1.0-api.jar, C:\Users\leoja\.gradle\caches\transforms-3\dfc000f292b14402f228266d0a29aebf\transformed\databinding-adapters-8.1.0-api.jar, C:\Users\leoja\.gradle\caches\modules-2\files-2.1\androidx.databinding\databinding-common\8.1.0\2be3530b78477835e69dce953b17adc1dbc5c6fa\databinding-common-8.1.0.jar, C:\Users\leoja\.gradle\caches\transforms-3\76e3e79701839d3ef92f4bab4ec688c7\transformed\databinding-ktx-8.1.0-api.jar, C:\Users\leoja\.gradle\caches\transforms-3\cb878bc15339cd4072c5ec28d92b8be1\transformed\navigation-common-2.7.6-api.jar, C:\Users\leoja\.gradle\caches\transforms-3\a9a8b6491e9e00dd600d5e3202ea043e\transformed\navigation-common-ktx-2.7.6-api.jar, C:\Users\leoja\.gradle\caches\transforms-3\7d9832543a5e6653f3c670dd519577d5\transformed\navigation-runtime-2.7.6-api.jar, C:\Users\leoja\.gradle\caches\transforms-3\fb595f47b989ba01d3734d976474ed12\transformed\navigation-runtime-ktx-2.7.6-api.jar, C:\Users\leoja\.gradle\caches\transforms-3\df2462af91f230b25f5ae837a324a45f\transformed\navigation-fragment-2.7.6-api.jar, C:\Users\leoja\.gradle\caches\transforms-3\d20a5139c8a0fea12eda143e76b9b68b\transformed\navigation-fragment-ktx-2.7.6-api.jar, C:\Users\leoja\.gradle\caches\transforms-3\b31a6a33c0bfcfcbc0d512073b69239f\transformed\navigation-ui-ktx-2.7.6-api.jar, C:\Users\leoja\.gradle\caches\transforms-3\ab9e571522114e87564ca15cd9385111\transformed\navigation-ui-2.7.6-api.jar, C:\Users\leoja\.gradle\caches\transforms-3\1e57c69845abae1c63e2286bec4c515a\transformed\material-1.11.0-api.jar, C:\Users\leoja\.gradle\caches\transforms-3\8d87dc66d26557fecef040a4ab2fc267\transformed\appcompat-1.6.1-api.jar, C:\Users\leoja\.gradle\caches\transforms-3\f177ac596d3fef4234d78cb86d47bc46\transformed\hilt-work-1.0.0-api.jar, C:\Users\leoja\.gradle\caches\transforms-3\302f6689f7f4b105ea6985e1ea4b467a\transformed\hilt-android-2.46.1-api.jar, C:\Users\leoja\.gradle\caches\transforms-3\0a560d915f791797d5e38faae4a16844\transformed\okhttp3-integration-4.16.0-api.jar, C:\Users\leoja\.gradle\caches\transforms-3\ca621cbf0b2d23a3de05b547847227e7\transformed\glide-4.16.0-api.jar, C:\Users\leoja\.gradle\caches\transforms-3\4b0a4c9a532b19db353ae182608c2638\transformed\viewpager2-1.0.0-api.jar, C:\Users\leoja\.gradle\caches\transforms-3\ef83b5e1e3e47478c22184bed42a0bb3\transformed\fragment-1.6.2-api.jar, C:\Users\leoja\.gradle\caches\transforms-3\ad8ef0fccb3959d223cfce57b642dc9d\transformed\fragment-ktx-1.6.2-api.jar, C:\Users\leoja\.gradle\caches\transforms-3\fc791cb4035f7f8487b63cdfde0acf00\transformed\activity-1.8.2-api.jar, C:\Users\leoja\.gradle\caches\transforms-3\4f9431b99a3678c122ff5e9514df8679\transformed\activity-compose-1.8.2-api.jar, C:\Users\leoja\.gradle\caches\transforms-3\28f5d61248ea6d8aa80b51f3e27c2b53\transformed\activity-ktx-1.8.2-api.jar, C:\Users\leoja\.gradle\caches\transforms-3\2b58e803469d7c95465a4e63e5c4ec7b\transformed\material3-1.1.2-api.jar, C:\Users\leoja\.gradle\caches\transforms-3\642d53251572e6cdfee22d6b45de9d5d\transformed\material-icons-core-release-api.jar, C:\Users\leoja\.gradle\caches\transforms-3\e6efbd564d7b9c720a017a8c315de7fe\transformed\material-ripple-release-api.jar, C:\Users\leoja\.gradle\caches\transforms-3\28906a3fd93902be292cbd7fd132303e\transformed\animation-core-release-api.jar, C:\Users\leoja\.gradle\caches\transforms-3\34e420e5654b6a730f53e87f30ea9585\transformed\animation-release-api.jar, C:\Users\leoja\.gradle\caches\transforms-3\22d24e55a25ffc1ff385760e47a3e492\transformed\foundation-layout-release-api.jar, C:\Users\leoja\.gradle\caches\transforms-3\dba6734d497b94c43f343b8e4a3a28ed\transformed\foundation-release-api.jar, C:\Users\leoja\.gradle\caches\transforms-3\ff7f153aeef9ea8ccf0b75cc09e6d97c\transformed\ui-unit-release-api.jar, C:\Users\leoja\.gradle\caches\transforms-3\65be5b597eba989b7cde52aba0f1a646\transformed\ui-geometry-release-api.jar, C:\Users\leoja\.gradle\caches\transforms-3\79ff55918d19907f322016d61c407144\transformed\ui-text-release-api.jar, C:\Users\leoja\.gradle\caches\transforms-3\422a7d886ef827c0ff728c3f8898915b\transformed\ui-graphics-release-api.jar, C:\Users\leoja\.gradle\caches\transforms-3\448769df45cb97e78ba4fdd1806b89bc\transformed\ui-release-api.jar, C:\Users\leoja\.gradle\caches\transforms-3\fc8d80fefb21094fbaefe5b96a6e3f0e\transformed\ui-tooling-preview-release-api.jar, C:\Users\leoja\.gradle\caches\transforms-3\d75e1babda830266f4e62d4452c3bc85\transformed\runtime-saveable-release-api.jar, C:\Users\leoja\.gradle\caches\transforms-3\c6b6e0b9aedf9bf6101f4fc8376b906a\transformed\runtime-release-api.jar, C:\Users\leoja\.gradle\caches\transforms-3\9da9d23293af35847c298d197a876dcc\transformed\runtime-livedata-1.5.4-api.jar, C:\Users\leoja\.gradle\caches\transforms-3\d1fc0c24fa648909602e2dd43547b0ff\transformed\lifecycle-livedata-core-2.7.0-api.jar, C:\Users\leoja\.gradle\caches\modules-2\files-2.1\androidx.lifecycle\lifecycle-common\2.7.0\85334205d65cca70ed0109c3acbd29e22a2d9cb1\lifecycle-common-2.7.0.jar, C:\Users\leoja\.gradle\caches\modules-2\files-2.1\androidx.lifecycle\lifecycle-common-java8\2.7.0\2ad14aed781c4a73ed4dbb421966d408a0a06686\lifecycle-common-java8-2.7.0.jar, C:\Users\leoja\.gradle\caches\transforms-3\8174b6fac7bd7b93dfa6eb13d6920fb1\transformed\lifecycle-livedata-core-ktx-2.7.0-api.jar, C:\Users\leoja\.gradle\caches\transforms-3\cfa7f7fb831d145772d14d9659f9fdaa\transformed\dynamicanimation-1.0.0-api.jar, C:\Users\leoja\.gradle\caches\transforms-3\a9f426d32959a09a02f5e9975a52ad7e\transformed\legacy-support-core-utils-1.0.0-api.jar, C:\Users\leoja\.gradle\caches\transforms-3\15016f5bd754cfabe690ea2960a54261\transformed\loader-1.0.0-api.jar, C:\Users\leoja\.gradle\caches\transforms-3\38eb5dfe1150352db8c75e4a7f18404d\transformed\lifecycle-viewmodel-2.7.0-api.jar, C:\Users\leoja\.gradle\caches\transforms-3\3c5b5e5b24979e3db94e09c748b3890b\transformed\lifecycle-service-2.7.0-api.jar, C:\Users\leoja\.gradle\caches\transforms-3\c704fd5e6820c5045d5d36e3f453947f\transformed\lifecycle-process-2.7.0-api.jar, C:\Users\leoja\.gradle\caches\transforms-3\f4834198d33bd0bce3b11a9c8e501873\transformed\work-runtime-ktx-2.9.0-api.jar, C:\Users\leoja\.gradle\caches\transforms-3\4559dd1625818b06be8bca1239656ab8\transformed\work-runtime-2.9.0-api.jar, C:\Users\leoja\.gradle\caches\transforms-3\b3f6799363f4dd00664f76d567eae13d\transformed\lifecycle-livedata-2.7.0-api.jar, C:\Users\leoja\.gradle\caches\transforms-3\cb0721182121f2eda5c2ddd1eeedf050\transformed\lifecycle-runtime-ktx-2.7.0-api.jar, C:\Users\leoja\.gradle\caches\transforms-3\cd9a69e882a70d989b9282962c52ad93\transformed\appcompat-resources-1.6.1-api.jar, C:\Users\leoja\.gradle\caches\transforms-3\f533757ce47b86ec0751ee14ecd65863\transformed\drawerlayout-1.1.1-api.jar, C:\Users\leoja\.gradle\caches\transforms-3\4416bf719ccc8e299ece31eacef80399\transformed\coordinatorlayout-1.1.0-api.jar, C:\Users\leoja\.gradle\caches\transforms-3\0252a6acff1698e484055abf705c4fbd\transformed\recyclerview-1.1.0-api.jar, C:\Users\leoja\.gradle\caches\transforms-3\1b3bfb90ceb2cf9f68792b873dac00d0\transformed\transition-1.4.1-api.jar, C:\Users\leoja\.gradle\caches\transforms-3\2ae9d9a3fc993172ff8c4f6699ec7782\transformed\vectordrawable-animated-1.1.0-api.jar, C:\Users\leoja\.gradle\caches\transforms-3\f32bf90656ca1b7180360ec5fe49519b\transformed\vectordrawable-1.1.0-api.jar, C:\Users\leoja\.gradle\caches\transforms-3\3c57d0750b88da03605df81e52a5a1cf\transformed\viewpager-1.0.0-api.jar, C:\Users\leoja\.gradle\caches\transforms-3\10453a4911f02c5ec903fcaf76e09378\transformed\slidingpanelayout-1.2.0-api.jar, C:\Users\leoja\.gradle\caches\transforms-3\60682d6ef85379c86995d92777af9e6c\transformed\customview-1.1.0-api.jar, C:\Users\leoja\.gradle\caches\transforms-3\eb5c9f19b443ad2aa92a614852014fde\transformed\core-1.12.0-api.jar, C:\Users\leoja\.gradle\caches\transforms-3\fbc4cc3bcbccf5214c0bb18d2016f82f\transformed\lifecycle-runtime-2.7.0-api.jar, C:\Users\leoja\.gradle\caches\transforms-3\193c6af5fdae46925d29a7e34b02159a\transformed\lifecycle-viewmodel-ktx-2.7.0-api.jar, C:\Users\leoja\.gradle\caches\transforms-3\1aa305f14d93b49602edd18a5de4e287\transformed\lifecycle-livedata-ktx-2.7.0-api.jar, C:\Users\leoja\.gradle\caches\transforms-3\4d1122b506cfa45c2c54623ed3b1f6da\transformed\lifecycle-viewmodel-compose-2.7.0-api.jar, C:\Users\leoja\.gradle\caches\transforms-3\7b10ffa28c7b0b37f9a5597eaa62987a\transformed\lifecycle-viewmodel-savedstate-2.7.0-api.jar, C:\Users\leoja\.gradle\caches\transforms-3\ceb341e23d605126082169f803333aa2\transformed\core-ktx-1.12.0-api.jar, C:\Users\leoja\.gradle\caches\modules-2\files-2.1\androidx.room\room-common\2.6.1\ff1b9580850a9b7eef56554e356628d225785265\room-common-2.6.1.jar, C:\Users\leoja\.gradle\caches\transforms-3\4b9a547487a52349783b4f9781f57f25\transformed\room-runtime-2.6.1-api.jar, C:\Users\leoja\.gradle\caches\transforms-3\8dd38aab49d99be2c530d85c5053a419\transformed\room-ktx-2.6.1-api.jar, C:\Users\leoja\.gradle\caches\transforms-3\88ab74477ac4d93b94fb1bbe6cbf6ff9\transformed\timber-5.0.1-api.jar, C:\Users\leoja\.gradle\caches\transforms-3\20b4a4384f826d47c659bfd727910b0b\transformed\savedstate-ktx-1.2.1-api.jar, C:\Users\leoja\.gradle\caches\transforms-3\9f22f38010ee99e90ac16ef7f3561ba6\transformed\savedstate-1.2.1-api.jar, C:\Users\leoja\.gradle\caches\transforms-3\978ff4e94ab235d13263e9d05ca067e5\transformed\annotation-experimental-1.3.0-api.jar, C:\Users\leoja\.gradle\caches\modules-2\files-2.1\androidx.collection\collection-ktx\1.1.0\f807b2f366f7b75142a67d2f3c10031065b5168\collection-ktx-1.1.0.jar, C:\Users\leoja\.gradle\caches\modules-2\files-2.1\com.squareup.okhttp3\logging-interceptor\4.12.0\e922c1f14d365c0f2bed140cc0825e18462c2778\logging-interceptor-4.12.0.jar, C:\Users\leoja\.gradle\caches\modules-2\files-2.1\org.jetbrains.kotlinx\kotlinx-coroutines-core-jvm\1.7.1\63a0779cf668e2a47d13fda7c3b0c4f8dc7762f4\kotlinx-coroutines-core-jvm-1.7.1.jar, C:\Users\leoja\.gradle\caches\modules-2\files-2.1\org.jetbrains.kotlinx\kotlinx-coroutines-android\1.7.1\c2d86b569f10b7fc7e28d3f50c0eed97897d77a7\kotlinx-coroutines-android-1.7.1.jar, C:\Users\leoja\.gradle\caches\modules-2\files-2.1\com.squareup.retrofit2\converter-gson\2.9.0\fc93484fc67ab52b1e0ccbdaa3922d8a6678e097\converter-gson-2.9.0.jar, C:\Users\leoja\.gradle\caches\modules-2\files-2.1\com.squareup.retrofit2\retrofit\2.9.0\d8fdfbd5da952141a665a403348b74538efc05ff\retrofit-2.9.0.jar, C:\Users\leoja\.gradle\caches\modules-2\files-2.1\com.squareup.okhttp3\okhttp\4.12.0\2f4525d4a200e97e1b87449c2cd9bd2e25b7e8cd\okhttp-4.12.0.jar, C:\Users\leoja\.gradle\caches\modules-2\files-2.1\com.squareup.okio\okio-jvm\3.6.0\5600569133b7bdefe1daf9ec7f4abeb6d13e1786\okio-jvm-3.6.0.jar, C:\Users\leoja\.gradle\caches\modules-2\files-2.1\org.jetbrains.kotlin\kotlin-stdlib-jdk8\1.9.10\c7510d64a83411a649c76f2778304ddf71d7437b\kotlin-stdlib-jdk8-1.9.10.jar, C:\Users\leoja\.gradle\caches\transforms-3\4a7dc48357636ae3c46e6f6fd2f195bd\transformed\cursoradapter-1.0.0-api.jar, C:\Users\leoja\.gradle\caches\transforms-3\b61e28cdec1966681391e30f159d4284\transformed\cardview-1.0.0-api.jar, C:\Users\leoja\.gradle\caches\transforms-3\ff924fe302accc5e2edf4448411b3570\transformed\sqlite-framework-2.4.0-api.jar, C:\Users\leoja\.gradle\caches\transforms-3\ef460c8b7386bc65bd85f1d7f3bed773\transformed\sqlite-2.4.0-api.jar, C:\Users\leoja\.gradle\caches\transforms-3\5b12659c7ec62f653acc52b97a721fa5\transformed\gifdecoder-4.16.0-api.jar, C:\Users\leoja\.gradle\caches\transforms-3\fadfd15ffb1d15a51e860d8539309831\transformed\core-runtime-2.2.0-api.jar, C:\Users\leoja\.gradle\caches\modules-2\files-2.1\androidx.arch.core\core-common\2.2.0\5e1b8b81dfd5f52c56a8d53b18ca759c19a301f3\core-common-2.2.0.jar, C:\Users\leoja\.gradle\caches\transforms-3\01d40390f4e13ce5e63a5fa45662f241\transformed\versionedparcelable-1.1.1-api.jar, C:\Users\leoja\.gradle\caches\modules-2\files-2.1\androidx.collection\collection\1.1.0\1f27220b47669781457de0d600849a5de0e89909\collection-1.1.0.jar, C:\Users\leoja\.gradle\caches\transforms-3\cff61172ed9af5e866882e8094e3c684\transformed\interpolator-1.0.0-api.jar, C:\Users\leoja\.gradle\caches\transforms-3\d810a606712169beec3dd2b83c03ff42\transformed\documentfile-1.0.0-api.jar, C:\Users\leoja\.gradle\caches\transforms-3\a90d9f45808c38eac14b10a685e45b36\transformed\localbroadcastmanager-1.0.0-api.jar, C:\Users\leoja\.gradle\caches\transforms-3\647998b24bb910bc34ba348ffed9ed5d\transformed\print-1.0.0-api.jar, C:\Users\leoja\.gradle\caches\modules-2\files-2.1\androidx.annotation\annotation-jvm\1.6.0\a7257339a052df0f91433cf9651231bbb802b502\annotation-jvm-1.6.0.jar, C:\Users\leoja\.gradle\caches\modules-2\files-2.1\org.jetbrains.kotlin\kotlin-stdlib-jdk7\1.9.10\bc5bfc2690338defd5195b05c57562f2194eeb10\kotlin-stdlib-jdk7-1.9.10.jar, C:\Users\leoja\.gradle\caches\modules-2\files-2.1\org.jetbrains.kotlin\kotlin-stdlib\1.9.21\17ee3e873d439566c7d8354403b5f3d9744c4c9c\kotlin-stdlib-1.9.21.jar, C:\Users\leoja\.gradle\caches\transforms-3\1abd341585f99fa152f2f30423465eed\transformed\constraintlayout-2.1.4-api.jar, C:\Users\leoja\.gradle\caches\modules-2\files-2.1\com.github.bumptech.glide\annotations\4.16.0\90730f6498299d207aa0878124ab7585969808f0\annotations-4.16.0.jar, C:\Users\leoja\.gradle\caches\modules-2\files-2.1\org.jetbrains\annotations\23.0.0\8cc20c07506ec18e0834947b84a864bfc094484e\annotations-23.0.0.jar, C:\Users\leoja\.gradle\caches\transforms-3\6707ec695d1e03c75889005214df65ec\transformed\startup-runtime-1.1.1-api.jar, C:\Users\leoja\.gradle\caches\transforms-3\73e730f0cf2c9891064a47c8e472c9c0\transformed\tracing-1.0.0-api.jar, C:\Users\leoja\.gradle\caches\modules-2\files-2.1\com.google.guava\listenablefuture\1.0\c949a840a6acbc5268d088e47b04177bf90b3cad\listenablefuture-1.0.jar, C:\Users\leoja\.gradle\caches\modules-2\files-2.1\androidx.resourceinspection\resourceinspection-annotation\1.0.1\8c21f8ff5d96d5d52c948707f7e4d6ca6773feef\resourceinspection-annotation-1.0.1.jar, C:\Users\leoja\.gradle\caches\modules-2\files-2.1\com.google.dagger\hilt-core\2.46.1\848183d99f6abf4fc7f29a97dbafc21d46a8ed27\hilt-core-2.46.1.jar, C:\Users\leoja\.gradle\caches\modules-2\files-2.1\com.google.dagger\dagger\2.46.1\8554769ea04410d4cbbd0e5f92ce5fd4e7b7f61\dagger-2.46.1.jar, C:\Users\leoja\.gradle\caches\modules-2\files-2.1\javax.inject\javax.inject\1\6975da39a7040257bd51d21a231b76c915872d38\javax.inject-1.jar, C:\Users\leoja\.gradle\caches\transforms-3\43f89e60308d636cd05695aa574026b2\transformed\dagger-lint-aar-2.46.1-api.jar, C:\Users\leoja\.gradle\caches\modules-2\files-2.1\com.google.code.findbugs\jsr305\3.0.2\25ea2e8b0c338a877313bd4672d3fe056ea78f0d\jsr305-3.0.2.jar, C:\Users\leoja\.gradle\caches\modules-2\files-2.1\com.github.bumptech.glide\disklrucache\4.16.0\411aa175d50d10b37c7a1a04d21a4e7145249557\disklrucache-4.16.0.jar, C:\Users\leoja\.gradle\caches\transforms-3\e630e905ac9af92e4877f133cc765e5c\transformed\exifinterface-1.3.6-api.jar, C:\Users\leoja\.gradle\caches\modules-2\files-2.1\com.google.code.gson\gson\2.8.5\f645ed69d595b24d4cf8b3fbb64cc505bede8829\gson-2.8.5.jar, C:\Users\leoja\.gradle\caches\modules-2\files-2.1\androidx.hilt\hilt-common\1.0.0\3c8727e21f194dd46aa78e44acbdf937ab045ebb\hilt-common-1.0.0.jar, C:\Users\leoja\AppData\Local\Android\Sdk\platforms\android-34\android.jar, C:\Users\leoja\AppData\Local\Android\Sdk\build-tools\33.0.1\core-lambda-stubs.jar
Java source roots: C:\Users\leoja\AndroidStudioProjects\PaleobyLeoRecipes\app\build\generated\source\buildConfig\release\com\leo\paleorecipes\BuildConfig.java, C:\Users\leoja\AndroidStudioProjects\PaleobyLeoRecipes\app\build\generated\data_binding_base_class_source_out\release\out\com\leo\paleorecipes\databinding\ActivityAboutPaleoBinding.java, C:\Users\leoja\AndroidStudioProjects\PaleobyLeoRecipes\app\build\generated\data_binding_base_class_source_out\release\out\com\leo\paleorecipes\databinding\ActivityAddEditRecipeBinding.java, C:\Users\leoja\AndroidStudioProjects\PaleobyLeoRecipes\app\build\generated\data_binding_base_class_source_out\release\out\com\leo\paleorecipes\databinding\ActivityAddRecipeBinding.java, C:\Users\leoja\AndroidStudioProjects\PaleobyLeoRecipes\app\build\generated\data_binding_base_class_source_out\release\out\com\leo\paleorecipes\databinding\ActivityFridgeBinding.java, C:\Users\leoja\AndroidStudioProjects\PaleobyLeoRecipes\app\build\generated\data_binding_base_class_source_out\release\out\com\leo\paleorecipes\databinding\ActivityMainBinding.java, C:\Users\leoja\AndroidStudioProjects\PaleobyLeoRecipes\app\build\generated\data_binding_base_class_source_out\release\out\com\leo\paleorecipes\databinding\ActivityMainSimpleBinding.java, C:\Users\leoja\AndroidStudioProjects\PaleobyLeoRecipes\app\build\generated\data_binding_base_class_source_out\release\out\com\leo\paleorecipes\databinding\ActivityRecipeDetailBinding.java, C:\Users\leoja\AndroidStudioProjects\PaleobyLeoRecipes\app\build\generated\data_binding_base_class_source_out\release\out\com\leo\paleorecipes\databinding\ActivityRecipeDetailNewBinding.java, C:\Users\leoja\AndroidStudioProjects\PaleobyLeoRecipes\app\build\generated\data_binding_base_class_source_out\release\out\com\leo\paleorecipes\databinding\ActivityRecipeListBinding.java, C:\Users\leoja\AndroidStudioProjects\PaleobyLeoRecipes\app\build\generated\data_binding_base_class_source_out\release\out\com\leo\paleorecipes\databinding\ActivityRecipeSearchContainerBinding.java, C:\Users\leoja\AndroidStudioProjects\PaleobyLeoRecipes\app\build\generated\data_binding_base_class_source_out\release\out\com\leo\paleorecipes\databinding\ActivitySettingsBinding.java, C:\Users\leoja\AndroidStudioProjects\PaleobyLeoRecipes\app\build\generated\data_binding_base_class_source_out\release\out\com\leo\paleorecipes\databinding\ActivitySplashBinding.java, C:\Users\leoja\AndroidStudioProjects\PaleobyLeoRecipes\app\build\generated\data_binding_base_class_source_out\release\out\com\leo\paleorecipes\databinding\CustomPopupMenuBinding.java, C:\Users\leoja\AndroidStudioProjects\PaleobyLeoRecipes\app\build\generated\data_binding_base_class_source_out\release\out\com\leo\paleorecipes\databinding\FragmentFridgeBinding.java, C:\Users\leoja\AndroidStudioProjects\PaleobyLeoRecipes\app\build\generated\data_binding_base_class_source_out\release\out\com\leo\paleorecipes\databinding\FragmentRecipeSearchBinding.java, C:\Users\leoja\AndroidStudioProjects\PaleobyLeoRecipes\app\build\generated\data_binding_base_class_source_out\release\out\com\leo\paleorecipes\databinding\FragmentRecipeSearchListBinding.java, C:\Users\leoja\AndroidStudioProjects\PaleobyLeoRecipes\app\build\generated\data_binding_base_class_source_out\release\out\com\leo\paleorecipes\databinding\ItemIngredientBinding.java, C:\Users\leoja\AndroidStudioProjects\PaleobyLeoRecipes\app\build\generated\data_binding_base_class_source_out\release\out\com\leo\paleorecipes\databinding\ItemRecipeBasicBinding.java, C:\Users\leoja\AndroidStudioProjects\PaleobyLeoRecipes\app\build\generated\data_binding_base_class_source_out\release\out\com\leo\paleorecipes\databinding\ItemRecipeBinding.java, C:\Users\leoja\AndroidStudioProjects\PaleobyLeoRecipes\app\build\generated\data_binding_base_class_source_out\release\out\com\leo\paleorecipes\databinding\ItemRecipeSimpleBinding.java, C:\Users\leoja\AndroidStudioProjects\PaleobyLeoRecipes\app\build\generated\data_binding_base_class_source_out\release\out\com\leo\paleorecipes\databinding\PopupMenuItemBinding.java, C:\Users\leoja\AndroidStudioProjects\PaleobyLeoRecipes\app\build\generated\data_binding_base_class_source_out\release\out\com\leo\paleorecipes\databinding\PrintRecipeDetailBinding.java, C:\Users\leoja\AndroidStudioProjects\PaleobyLeoRecipes\app\build\generated\data_binding_trigger\release\com\leo\paleorecipes\DataBindingTriggerClass.java
Sources output directory: C:\Users\leoja\AndroidStudioProjects\PaleobyLeoRecipes\app\build\tmp\kapt3\incrementalData\release
Class files output directory: C:\Users\leoja\AndroidStudioProjects\PaleobyLeoRecipes\app\build\tmp\kapt3\incrementalData\release
Stubs output directory: C:\Users\leoja\AndroidStudioProjects\PaleobyLeoRecipes\app\build\tmp\kapt3\stubs\release
Incremental data output directory: C:\Users\leoja\AndroidStudioProjects\PaleobyLeoRecipes\app\build\tmp\kapt3\incrementalData\release
Annotation processing classpath: C:\Users\leoja\.gradle\caches\modules-2\files-2.1\com.google.dagger\hilt-android-compiler\2.46.1\7938f34d3318a5d75de85646757991af2a56ccd3\hilt-android-compiler-2.46.1.jar, C:\Users\leoja\.gradle\caches\modules-2\files-2.1\androidx.hilt\hilt-compiler\1.0.0\282fb739f492e9dd5b9dcf1bef8f8c9b7a2b5c18\hilt-compiler-1.0.0.jar, C:\Users\leoja\.gradle\caches\modules-2\files-2.1\androidx.room\room-migration\2.6.1\8d8218e4ccfe9b34485619a8ca68f8760840301d\room-migration-2.6.1.jar, C:\Users\leoja\.gradle\caches\modules-2\files-2.1\androidx.room\room-compiler-processing\2.6.1\64891dd45a3adbb4137f338563b6d716dca7c456\room-compiler-processing-2.6.1.jar, C:\Users\leoja\.gradle\caches\modules-2\files-2.1\androidx.room\room-common\2.6.1\ff1b9580850a9b7eef56554e356628d225785265\room-common-2.6.1.jar, C:\Users\leoja\.gradle\caches\modules-2\files-2.1\androidx.room\room-compiler\2.6.1\d789379e27b40fa5cc6e17f4c56988d6500a4036\room-compiler-2.6.1.jar, C:\Users\leoja\.gradle\caches\modules-2\files-2.1\com.github.bumptech.glide\compiler\4.16.0\1749a31b9b16306702244fc6faec167340599549\compiler-4.16.0.jar, C:\Users\leoja\.gradle\caches\modules-2\files-2.1\androidx.databinding\databinding-compiler\8.1.0\a324e499c3fe87870c6bfcd93200194fe02bb78f\databinding-compiler-8.1.0.jar, C:\Users\leoja\.gradle\caches\modules-2\files-2.1\com.google.dagger\dagger-compiler\2.46.1\29d5d3b9eee228457d9df70fa2a41dbdf1c82bd7\dagger-compiler-2.46.1.jar, C:\Users\leoja\.gradle\caches\modules-2\files-2.1\com.google.dagger\dagger-spi\2.46.1\e8dc8f60a8c08a48ff36f5dca847f729af8d6c35\dagger-spi-2.46.1.jar, C:\Users\leoja\.gradle\caches\modules-2\files-2.1\com.google.dagger\dagger-producers\2.46.1\6286f1ed8921cefe8d0a7606f7e765be72a67484\dagger-producers-2.46.1.jar, C:\Users\leoja\.gradle\caches\modules-2\files-2.1\com.google.dagger\dagger\2.46.1\8554769ea04410d4cbbd0e5f92ce5fd4e7b7f61\dagger-2.46.1.jar, C:\Users\leoja\.gradle\caches\modules-2\files-2.1\com.google.auto\auto-common\0.11\345a7dc983e11c123c8000a53383cc2b83848caf\auto-common-0.11.jar, C:\Users\leoja\.gradle\caches\modules-2\files-2.1\androidx.databinding\databinding-compiler-common\8.1.0\a1c7a90144aedb0b918534ea90f928e18855264b\databinding-compiler-common-8.1.0.jar, C:\Users\leoja\.gradle\caches\modules-2\files-2.1\com.google.googlejavaformat\google-java-format\1.5\fba7f130d29061d2d2ea384b4880c10cae92ef73\google-java-format-1.5.jar, C:\Users\leoja\.gradle\caches\modules-2\files-2.1\com.google.guava\guava\31.1-jre\60458f877d055d0c9114d9e1a2efb737b4bc282c\guava-31.1-jre.jar, C:\Users\leoja\.gradle\caches\modules-2\files-2.1\com.google.code.findbugs\jsr305\3.0.2\25ea2e8b0c338a877313bd4672d3fe056ea78f0d\jsr305-3.0.2.jar, C:\Users\leoja\.gradle\caches\modules-2\files-2.1\com.google.guava\failureaccess\1.0.1\1dcf1de382a0bf95a3d8b0849546c88bac1292c9\failureaccess-1.0.1.jar, C:\Users\leoja\.gradle\caches\modules-2\files-2.1\com.squareup\kotlinpoet-javapoet\1.14.2\e4481d491afe47e3dcce952c87628141dc16454b\kotlinpoet-javapoet-1.14.2.jar, C:\Users\leoja\.gradle\caches\modules-2\files-2.1\com.squareup\javapoet\1.13.0\d6562d385049f35eb50403fa86bb11cce76b866a\javapoet-1.13.0.jar, C:\Users\leoja\.gradle\caches\modules-2\files-2.1\javax.annotation\javax.annotation-api\1.3.2\934c04d3cfef185a8008e7bf34331b79730a9d43\javax.annotation-api-1.3.2.jar, C:\Users\leoja\.gradle\caches\modules-2\files-2.1\javax.inject\javax.inject\1\6975da39a7040257bd51d21a231b76c915872d38\javax.inject-1.jar, C:\Users\leoja\.gradle\caches\modules-2\files-2.1\net.ltgt.gradle.incap\incap\0.2\c73e3db9bee414d6ee27995d951fcdbee09acad\incap-0.2.jar, C:\Users\leoja\.gradle\caches\modules-2\files-2.1\com.google.devtools.ksp\symbol-processing-api\1.9.0-1.0.13\c001c57ba3e093c65d23e124adfcdf5df9dde8a2\symbol-processing-api-1.9.0-1.0.13.jar, C:\Users\leoja\.gradle\caches\modules-2\files-2.1\com.squareup\kotlinpoet\1.14.2\b6741951260d555a05932e39de177fc64ef450bd\kotlinpoet-1.14.2.jar, C:\Users\leoja\.gradle\caches\modules-2\files-2.1\org.jetbrains.kotlin\kotlin-stdlib-jdk8\1.8.22\b25c86d47d6b962b9cf0f8c3f320c8a10eea3dd1\kotlin-stdlib-jdk8-1.8.22.jar, C:\Users\leoja\.gradle\caches\modules-2\files-2.1\org.jetbrains.kotlin\kotlin-reflect\1.8.21\662838019bc1141f8a311180d93b9e13765c7f55\kotlin-reflect-1.8.21.jar, C:\Users\leoja\.gradle\caches\modules-2\files-2.1\com.android.tools.build.jetifier\jetifier-core\1.0.0-beta10\6e621022a9c95af12a7004d6b55805bbd1126837\jetifier-core-1.0.0-beta10.jar, C:\Users\leoja\.gradle\caches\modules-2\files-2.1\org.jetbrains.kotlin\kotlin-stdlib-jdk7\1.8.22\4dabb8248310d833bb6a8b516024a91fd3d275c\kotlin-stdlib-jdk7-1.8.22.jar, C:\Users\leoja\.gradle\caches\modules-2\files-2.1\org.jetbrains.kotlin\kotlin-stdlib\1.9.0\8ee15ef0c67dc83d874f412d84378d7f0eb50b63\kotlin-stdlib-1.9.0.jar, C:\Users\leoja\.gradle\caches\modules-2\files-2.1\com.google.auto.value\auto-value-annotations\1.6.3\b88c1bb7f149f6d2cc03898359283e57b08f39cc\auto-value-annotations-1.6.3.jar, C:\Users\leoja\.gradle\caches\modules-2\files-2.1\com.intellij\annotations\12.0\bbcf6448f6d40abe506e2c83b70a3e8bfd2b4539\annotations-12.0.jar, C:\Users\leoja\.gradle\caches\modules-2\files-2.1\commons-codec\commons-codec\1.15\49d94806b6e3dc933dacbd8acb0fdbab8ebd1e5d\commons-codec-1.15.jar, C:\Users\leoja\.gradle\caches\modules-2\files-2.1\org.xerial\sqlite-jdbc\3.41.2.2\ddeb8d3a3004f412ed19b4c98b3aec11d9452ab5\sqlite-jdbc-3.41.2.2.jar, C:\Users\leoja\.gradle\caches\modules-2\files-2.1\com.github.bumptech.glide\annotations\4.16.0\90730f6498299d207aa0878124ab7585969808f0\annotations-4.16.0.jar, C:\Users\leoja\.gradle\caches\modules-2\files-2.1\androidx.databinding\databinding-common\8.1.0\2be3530b78477835e69dce953b17adc1dbc5c6fa\databinding-common-8.1.0.jar, C:\Users\leoja\.gradle\caches\modules-2\files-2.1\com.android.tools\annotations\31.1.0\d70720d1aed8e56163636f82782985acfe66eba8\annotations-31.1.0.jar, C:\Users\leoja\.gradle\caches\modules-2\files-2.1\com.google.code.gson\gson\2.9.0\8a1167e089096758b49f9b34066ef98b2f4b37aa\gson-2.9.0.jar, C:\Users\leoja\.gradle\caches\modules-2\files-2.1\com.googlecode.juniversalchardet\juniversalchardet\1.0.3\cd49678784c46aa8789c060538e0154013bb421b\juniversalchardet-1.0.3.jar, C:\Users\leoja\.gradle\caches\modules-2\files-2.1\commons-io\commons-io\2.4\b1b6ea3b7e4aa4f492509a4952029cd8e48019ad\commons-io-2.4.jar, C:\Users\leoja\.gradle\caches\modules-2\files-2.1\org.glassfish.jaxb\jaxb-runtime\2.3.2\5528bc882ea499a09d720b42af11785c4fc6be2a\jaxb-runtime-2.3.2.jar, C:\Users\leoja\.gradle\caches\modules-2\files-2.1\org.checkerframework\checker-compat-qual\2.5.5\435dc33e3019c9f019e15f01aa111de9d6b2b79c\checker-compat-qual-2.5.5.jar, C:\Users\leoja\.gradle\caches\modules-2\files-2.1\org.jetbrains.kotlin\kotlin-stdlib-common\1.9.0\cd65c21cfd1eec4d44ef09f9f52b6d9f8a720636\kotlin-stdlib-common-1.9.0.jar, C:\Users\leoja\.gradle\caches\modules-2\files-2.1\org.jetbrains\annotations\13.0\919f0dfe192fb4e063e7dacadee7f8bb9a2672a9\annotations-13.0.jar, C:\Users\leoja\.gradle\caches\modules-2\files-2.1\androidx.annotation\annotation\1.3.0\21f49f5f9b85fc49de712539f79123119740595\annotation-1.3.0.jar, C:\Users\leoja\.gradle\caches\modules-2\files-2.1\com.google.guava\listenablefuture\9999.0-empty-to-avoid-conflict-with-guava\b421526c5f297295adef1c886e5246c39d4ac629\listenablefuture-9999.0-empty-to-avoid-conflict-with-guava.jar, C:\Users\leoja\.gradle\caches\modules-2\files-2.1\org.checkerframework\checker-qual\3.12.0\d5692f0526415fcc6de94bb5bfbd3afd9dd3b3e5\checker-qual-3.12.0.jar, C:\Users\leoja\.gradle\caches\modules-2\files-2.1\com.google.errorprone\error_prone_annotations\2.11.0\c5a0ace696d3f8b1c1d8cc036d8c03cc0cbe6b69\error_prone_annotations-2.11.0.jar, C:\Users\leoja\.gradle\caches\modules-2\files-2.1\com.google.j2objc\j2objc-annotations\1.3\ba035118bc8bac37d7eff77700720999acd9986d\j2objc-annotations-1.3.jar, C:\Users\leoja\.gradle\caches\modules-2\files-2.1\com.android.databinding\baseLibrary\8.1.0\7e7399239e52d4069896277615e005add7ae8e5a\baseLibrary-8.1.0.jar, C:\Users\leoja\.gradle\caches\modules-2\files-2.1\org.jvnet.staxex\stax-ex\1.8.1\78011e483a21102fb4858f3e8f269a677e50aa23\stax-ex-1.8.1.jar, C:\Users\leoja\.gradle\caches\modules-2\files-2.1\jakarta.xml.bind\jakarta.xml.bind-api\2.3.2\8d49996a4338670764d7ca4b85a1c4ccf7fe665d\jakarta.xml.bind-api-2.3.2.jar, C:\Users\leoja\.gradle\caches\modules-2\files-2.1\org.glassfish.jaxb\txw2\2.3.2\ce5be7da2e442c25ec14c766cb60cb802741727b\txw2-2.3.2.jar, C:\Users\leoja\.gradle\caches\modules-2\files-2.1\com.sun.istack\istack-commons-runtime\3.0.8\d6a97364045aa6b99bf2d3c566a3f98599c2d296\istack-commons-runtime-3.0.8.jar, C:\Users\leoja\.gradle\caches\modules-2\files-2.1\com.sun.xml.fastinfoset\FastInfoset\1.2.16\4eb6a0adad553bf759ffe86927df6f3b848c8bea\FastInfoset-1.2.16.jar, C:\Users\leoja\.gradle\caches\modules-2\files-2.1\jakarta.activation\jakarta.activation-api\1.2.1\562a587face36ec7eff2db7f2fc95425c6602bc1\jakarta.activation-api-1.2.1.jar, C:\Users\leoja\.gradle\caches\modules-2\files-2.1\com.google.errorprone\javac-shaded\9-dev-r4023-3\72b688efd290280a0afde5f9892b0fde6f362d1d\javac-shaded-9-dev-r4023-3.jar
Annotation processors: 
AP options: {}
Javac options: {}
[incremental apt] Changed files: []
[incremental apt] Compiled sources directories: 
[incremental apt] Cache directory for incremental compilation: null
[incremental apt] Changed classpath names: 

i: [kapt] Initial analysis took 1105 ms
i: [kapt] Kotlin files to compile: [AboutActivity.kt, AboutPaleoActivity.kt, AddEditRecipeActivity.kt, AddRecipeActivity.kt, BaseActivity.kt, FridgeActivity.kt, MainActivity.kt, MainActivityCompose.kt, PaleoRecipesApplication.kt, RecipeAdapter.kt, RecipeDetailActivity.kt, RecipeListActivity.kt, RecipePrintAdapter.kt, SettingsActivity.kt, SplashActivity.kt, IngredientsAdapter.kt, RecipesAdapter.kt, AppDatabase.kt, Converters.kt, Recipe.kt, RecipeDao.kt, RecipeMapper.kt, ApiClient.kt, SpoonacularApiService.kt, ApiModels.kt, IngredientDao.kt, IngredientEntity.kt, ApiModels.kt, RecipeResponse.kt, IngredientRepository.kt, IngredientRepositoryImpl.kt, RecipeRepository.kt, RecipeRepositoryImpl.kt, AppModule.kt, DatabaseModule.kt, HiltWorkerFactory.kt, RepositoryModule.kt, TestModule.kt, WorkerHelperModule.kt, WorkerModule.kt, SpoonacularApi.kt, SpoonacularService.kt, BlackTextInputEditText.kt, FridgeFragment.kt, FridgeViewModel.kt, RecipeSearchActivity.kt, RecipeSearchFragment.kt, RecipeSearchViewModel.kt, Colors.kt, Theme.kt, Type.kt, SingleLiveEvent.kt, ApiErrorHandler.kt, ApiResponse.kt, ConnectivityManagerNetworkMonitor.kt, CoroutineDispatchers.kt, DateTimeUtils.kt, FileUtils.kt, ImageLoader.kt, ImageUtils.kt, NetworkConnectivityObserver.kt, NetworkMonitor.kt, NetworkUtils.kt, PreferenceHelper.kt, Resource.kt, RecipeViewModel.kt, ChildWorkerFactory.kt, SyncRecipesWorker.kt, WorkManagerHelper.kt]
i: [kapt] Stubs compilation took 1083 ms
i: [kapt] Compiled classes: com/leo/paleorecipes/AboutActivity, com/leo/paleorecipes/AboutPaleoActivity, com/leo/paleorecipes/AddEditRecipeActivity, com/leo/paleorecipes/AddEditRecipeActivity$Companion, com/leo/paleorecipes/AddRecipeActivity, com/leo/paleorecipes/BaseActivity, com/leo/paleorecipes/FridgeActivity, com/leo/paleorecipes/MainActivity, com/leo/paleorecipes/MainActivityCompose, com/leo/paleorecipes/MainActivityComposeKt, com/leo/paleorecipes/PaleoRecipesApplication, com/leo/paleorecipes/RecipeAdapter, com/leo/paleorecipes/RecipeAdapter$RecipeViewHolder, com/leo/paleorecipes/RecipeDiffCallback, com/leo/paleorecipes/RecipeDetailActivity, com/leo/paleorecipes/RecipeListActivity, com/leo/paleorecipes/RecipePrintAdapter, com/leo/paleorecipes/SettingsActivity, com/leo/paleorecipes/SplashActivity, com/leo/paleorecipes/adapter/IngredientsAdapter, com/leo/paleorecipes/adapter/IngredientsAdapter$IngredientViewHolder, com/leo/paleorecipes/adapter/IngredientDiffCallback, com/leo/paleorecipes/adapter/RecipesAdapter, com/leo/paleorecipes/adapter/RecipesAdapter$RecipeViewHolder, com/leo/paleorecipes/adapter/RecipeDiffCallback, com/leo/paleorecipes/data/AppDatabase, com/leo/paleorecipes/data/AppDatabase$Companion, com/leo/paleorecipes/data/Converters, com/leo/paleorecipes/data/Recipe, com/leo/paleorecipes/data/Recipe$CREATOR, com/leo/paleorecipes/data/RecipeDao, com/leo/paleorecipes/data/RecipeMapper, com/leo/paleorecipes/data/api/ApiClient, com/leo/paleorecipes/data/api/ApiClient$Companion, com/leo/paleorecipes/data/api/SpoonacularApiService, com/leo/paleorecipes/data/api/model/ApiRecipe, com/leo/paleorecipes/data/api/model/ApiRecipeDetail, com/leo/paleorecipes/data/api/model/ApiIngredient, com/leo/paleorecipes/data/api/model/ApiAnalyzedInstruction, com/leo/paleorecipes/data/api/model/ApiInstructionStep, com/leo/paleorecipes/data/api/model/ApiEquipment, com/leo/paleorecipes/data/local/dao/IngredientDao, com/leo/paleorecipes/data/local/entity/IngredientEntity, com/leo/paleorecipes/data/model/RecipeResponse, com/leo/paleorecipes/data/model/Ingredient, com/leo/paleorecipes/data/model/RecipeDetailResponse, com/leo/paleorecipes/data/model/ExtendedIngredient, com/leo/paleorecipes/data/model/DomainRecipe, com/leo/paleorecipes/data/model/Recipe, com/leo/paleorecipes/data/model/RecipeDetail, com/leo/paleorecipes/data/model/AnalyzedInstruction, com/leo/paleorecipes/data/model/Step, com/leo/paleorecipes/data/model/Length, com/leo/paleorecipes/data/model/Equipment, com/leo/paleorecipes/data/model/Temperature, com/leo/paleorecipes/data/repository/IngredientRepository, com/leo/paleorecipes/data/repository/IngredientRepositoryImpl, com/leo/paleorecipes/data/repository/RecipeRepository, com/leo/paleorecipes/data/repository/RecipeRepositoryImpl, com/leo/paleorecipes/di/AppModule, com/leo/paleorecipes/di/DatabaseModule, com/leo/paleorecipes/di/HiltWorkerFactory, com/leo/paleorecipes/di/WorkerFactoryModule, com/leo/paleorecipes/di/WorkerFactoryModule$Companion, com/leo/paleorecipes/di/RepositoryModule, com/leo/paleorecipes/di/TestModule, com/leo/paleorecipes/di/WorkerHelperModule, com/leo/paleorecipes/di/WorkerModule, com/leo/paleorecipes/di/WorkerModule$Companion, com/leo/paleorecipes/network/SpoonacularApi, com/leo/paleorecipes/network/SpoonacularService, com/leo/paleorecipes/network/RecipeDetailResponse, com/leo/paleorecipes/network/ExtendedIngredient, com/leo/paleorecipes/ui/components/BlackTextInputEditText, com/leo/paleorecipes/ui/fridge/FridgeFragment, com/leo/paleorecipes/ui/fridge/FridgeViewModel, com/leo/paleorecipes/ui/search/RecipeSearchActivity, com/leo/paleorecipes/ui/search/RecipeSearchActivity$Companion, com/leo/paleorecipes/ui/search/RecipeSearchFragment, com/leo/paleorecipes/ui/search/RecipeSearchFragment$Companion, com/leo/paleorecipes/ui/search/RecipeSearchViewModel, com/leo/paleorecipes/ui/theme/ColorsKt, com/leo/paleorecipes/ui/theme/ThemeKt, com/leo/paleorecipes/ui/theme/TypeKt, com/leo/paleorecipes/util/SingleLiveEvent, com/leo/paleorecipes/utils/ApiErrorHandler, com/leo/paleorecipes/utils/ApiResponse, com/leo/paleorecipes/utils/ApiResponse$Success, com/leo/paleorecipes/utils/ApiResponse$Error, com/leo/paleorecipes/utils/ApiResponse$Loading, com/leo/paleorecipes/utils/ApiResponse$Empty, com/leo/paleorecipes/utils/ApiResponseKt, com/leo/paleorecipes/utils/ConnectivityManagerNetworkMonitor, com/leo/paleorecipes/utils/DispatcherProvider, com/leo/paleorecipes/utils/DefaultDispatcherProvider, com/leo/paleorecipes/utils/TestDispatcherProvider, com/leo/paleorecipes/utils/DateTimeUtils, com/leo/paleorecipes/utils/DateTimeUtils$Companion, com/leo/paleorecipes/utils/FileUtils, com/leo/paleorecipes/utils/FileUtils$Companion, com/leo/paleorecipes/utils/ImageLoader, com/leo/paleorecipes/utils/ImageLoader$Companion, com/leo/paleorecipes/utils/ImageUtils, com/leo/paleorecipes/utils/NetworkConnectivityObserver, com/leo/paleorecipes/utils/NetworkMonitor, com/leo/paleorecipes/utils/NetworkUtils, com/leo/paleorecipes/utils/PreferenceHelper, com/leo/paleorecipes/utils/Resource, com/leo/paleorecipes/utils/Resource$Success, com/leo/paleorecipes/utils/Resource$Loading, com/leo/paleorecipes/utils/Resource$Error, com/leo/paleorecipes/utils/Resource$Companion, com/leo/paleorecipes/viewmodel/RecipeViewModel, com/leo/paleorecipes/viewmodel/RecipeViewModel$RecipeUiState, com/leo/paleorecipes/viewmodel/RecipeViewModel$RecipeUiState$Loading, com/leo/paleorecipes/viewmodel/RecipeViewModel$RecipeUiState$Success, com/leo/paleorecipes/viewmodel/RecipeViewModel$RecipeUiState$Error, com/leo/paleorecipes/viewmodel/RecipeViewModel$RecipeUiState$Empty, com/leo/paleorecipes/viewmodel/RecipeViewModel$RecipeUiState$RecipeLoaded, com/leo/paleorecipes/workers/ChildWorkerFactory, com/leo/paleorecipes/workers/SyncRecipesWorker, com/leo/paleorecipes/workers/SyncRecipesWorker$Companion, com/leo/paleorecipes/workers/SyncRecipesWorker$Factory, com/leo/paleorecipes/workers/WorkManagerHelper
i: [kapt] All Javac options: {-proc:=only, accessInternalAPI=true, --class-path=C:\Users\leoja\AndroidStudioProjects\PaleobyLeoRecipes\app\build\intermediates\compile_and_runtime_not_namespaced_r_class_jar\release\R.jar;C:\Users\leoja\.gradle\caches\transforms-3\f49bf0f66b836319ecb7b03b712e15aa\transformed\databinding-runtime-8.1.0-api.jar;C:\Users\leoja\.gradle\caches\transforms-3\891fafeafff99247d77edfdd984a6798\transformed\viewbinding-8.1.0-api.jar;C:\Users\leoja\.gradle\caches\transforms-3\dfc000f292b14402f228266d0a29aebf\transformed\databinding-adapters-8.1.0-api.jar;C:\Users\leoja\.gradle\caches\modules-2\files-2.1\androidx.databinding\databinding-common\8.1.0\2be3530b78477835e69dce953b17adc1dbc5c6fa\databinding-common-8.1.0.jar;C:\Users\leoja\.gradle\caches\transforms-3\76e3e79701839d3ef92f4bab4ec688c7\transformed\databinding-ktx-8.1.0-api.jar;C:\Users\leoja\.gradle\caches\transforms-3\cb878bc15339cd4072c5ec28d92b8be1\transformed\navigation-common-2.7.6-api.jar;C:\Users\leoja\.gradle\caches\transforms-3\a9a8b6491e9e00dd600d5e3202ea043e\transformed\navigation-common-ktx-2.7.6-api.jar;C:\Users\leoja\.gradle\caches\transforms-3\7d9832543a5e6653f3c670dd519577d5\transformed\navigation-runtime-2.7.6-api.jar;C:\Users\leoja\.gradle\caches\transforms-3\fb595f47b989ba01d3734d976474ed12\transformed\navigation-runtime-ktx-2.7.6-api.jar;C:\Users\leoja\.gradle\caches\transforms-3\df2462af91f230b25f5ae837a324a45f\transformed\navigation-fragment-2.7.6-api.jar;C:\Users\leoja\.gradle\caches\transforms-3\d20a5139c8a0fea12eda143e76b9b68b\transformed\navigation-fragment-ktx-2.7.6-api.jar;C:\Users\leoja\.gradle\caches\transforms-3\b31a6a33c0bfcfcbc0d512073b69239f\transformed\navigation-ui-ktx-2.7.6-api.jar;C:\Users\leoja\.gradle\caches\transforms-3\ab9e571522114e87564ca15cd9385111\transformed\navigation-ui-2.7.6-api.jar;C:\Users\leoja\.gradle\caches\transforms-3\1e57c69845abae1c63e2286bec4c515a\transformed\material-1.11.0-api.jar;C:\Users\leoja\.gradle\caches\transforms-3\8d87dc66d26557fecef040a4ab2fc267\transformed\appcompat-1.6.1-api.jar;C:\Users\leoja\.gradle\caches\transforms-3\f177ac596d3fef4234d78cb86d47bc46\transformed\hilt-work-1.0.0-api.jar;C:\Users\leoja\.gradle\caches\transforms-3\302f6689f7f4b105ea6985e1ea4b467a\transformed\hilt-android-2.46.1-api.jar;C:\Users\leoja\.gradle\caches\transforms-3\0a560d915f791797d5e38faae4a16844\transformed\okhttp3-integration-4.16.0-api.jar;C:\Users\leoja\.gradle\caches\transforms-3\ca621cbf0b2d23a3de05b547847227e7\transformed\glide-4.16.0-api.jar;C:\Users\leoja\.gradle\caches\transforms-3\4b0a4c9a532b19db353ae182608c2638\transformed\viewpager2-1.0.0-api.jar;C:\Users\leoja\.gradle\caches\transforms-3\ef83b5e1e3e47478c22184bed42a0bb3\transformed\fragment-1.6.2-api.jar;C:\Users\leoja\.gradle\caches\transforms-3\ad8ef0fccb3959d223cfce57b642dc9d\transformed\fragment-ktx-1.6.2-api.jar;C:\Users\leoja\.gradle\caches\transforms-3\fc791cb4035f7f8487b63cdfde0acf00\transformed\activity-1.8.2-api.jar;C:\Users\leoja\.gradle\caches\transforms-3\4f9431b99a3678c122ff5e9514df8679\transformed\activity-compose-1.8.2-api.jar;C:\Users\leoja\.gradle\caches\transforms-3\28f5d61248ea6d8aa80b51f3e27c2b53\transformed\activity-ktx-1.8.2-api.jar;C:\Users\leoja\.gradle\caches\transforms-3\2b58e803469d7c95465a4e63e5c4ec7b\transformed\material3-1.1.2-api.jar;C:\Users\leoja\.gradle\caches\transforms-3\642d53251572e6cdfee22d6b45de9d5d\transformed\material-icons-core-release-api.jar;C:\Users\leoja\.gradle\caches\transforms-3\e6efbd564d7b9c720a017a8c315de7fe\transformed\material-ripple-release-api.jar;C:\Users\leoja\.gradle\caches\transforms-3\28906a3fd93902be292cbd7fd132303e\transformed\animation-core-release-api.jar;C:\Users\leoja\.gradle\caches\transforms-3\34e420e5654b6a730f53e87f30ea9585\transformed\animation-release-api.jar;C:\Users\leoja\.gradle\caches\transforms-3\22d24e55a25ffc1ff385760e47a3e492\transformed\foundation-layout-release-api.jar;C:\Users\leoja\.gradle\caches\transforms-3\dba6734d497b94c43f343b8e4a3a28ed\transformed\foundation-release-api.jar;C:\Users\leoja\.gradle\caches\transforms-3\ff7f153aeef9ea8ccf0b75cc09e6d97c\transformed\ui-unit-release-api.jar;C:\Users\leoja\.gradle\caches\transforms-3\65be5b597eba989b7cde52aba0f1a646\transformed\ui-geometry-release-api.jar;C:\Users\leoja\.gradle\caches\transforms-3\79ff55918d19907f322016d61c407144\transformed\ui-text-release-api.jar;C:\Users\leoja\.gradle\caches\transforms-3\422a7d886ef827c0ff728c3f8898915b\transformed\ui-graphics-release-api.jar;C:\Users\leoja\.gradle\caches\transforms-3\448769df45cb97e78ba4fdd1806b89bc\transformed\ui-release-api.jar;C:\Users\leoja\.gradle\caches\transforms-3\fc8d80fefb21094fbaefe5b96a6e3f0e\transformed\ui-tooling-preview-release-api.jar;C:\Users\leoja\.gradle\caches\transforms-3\d75e1babda830266f4e62d4452c3bc85\transformed\runtime-saveable-release-api.jar;C:\Users\leoja\.gradle\caches\transforms-3\c6b6e0b9aedf9bf6101f4fc8376b906a\transformed\runtime-release-api.jar;C:\Users\leoja\.gradle\caches\transforms-3\9da9d23293af35847c298d197a876dcc\transformed\runtime-livedata-1.5.4-api.jar;C:\Users\leoja\.gradle\caches\transforms-3\d1fc0c24fa648909602e2dd43547b0ff\transformed\lifecycle-livedata-core-2.7.0-api.jar;C:\Users\leoja\.gradle\caches\modules-2\files-2.1\androidx.lifecycle\lifecycle-common\2.7.0\85334205d65cca70ed0109c3acbd29e22a2d9cb1\lifecycle-common-2.7.0.jar;C:\Users\leoja\.gradle\caches\modules-2\files-2.1\androidx.lifecycle\lifecycle-common-java8\2.7.0\2ad14aed781c4a73ed4dbb421966d408a0a06686\lifecycle-common-java8-2.7.0.jar;C:\Users\leoja\.gradle\caches\transforms-3\8174b6fac7bd7b93dfa6eb13d6920fb1\transformed\lifecycle-livedata-core-ktx-2.7.0-api.jar;C:\Users\leoja\.gradle\caches\transforms-3\cfa7f7fb831d145772d14d9659f9fdaa\transformed\dynamicanimation-1.0.0-api.jar;C:\Users\leoja\.gradle\caches\transforms-3\a9f426d32959a09a02f5e9975a52ad7e\transformed\legacy-support-core-utils-1.0.0-api.jar;C:\Users\leoja\.gradle\caches\transforms-3\15016f5bd754cfabe690ea2960a54261\transformed\loader-1.0.0-api.jar;C:\Users\leoja\.gradle\caches\transforms-3\38eb5dfe1150352db8c75e4a7f18404d\transformed\lifecycle-viewmodel-2.7.0-api.jar;C:\Users\leoja\.gradle\caches\transforms-3\3c5b5e5b24979e3db94e09c748b3890b\transformed\lifecycle-service-2.7.0-api.jar;C:\Users\leoja\.gradle\caches\transforms-3\c704fd5e6820c5045d5d36e3f453947f\transformed\lifecycle-process-2.7.0-api.jar;C:\Users\leoja\.gradle\caches\transforms-3\f4834198d33bd0bce3b11a9c8e501873\transformed\work-runtime-ktx-2.9.0-api.jar;C:\Users\leoja\.gradle\caches\transforms-3\4559dd1625818b06be8bca1239656ab8\transformed\work-runtime-2.9.0-api.jar;C:\Users\leoja\.gradle\caches\transforms-3\b3f6799363f4dd00664f76d567eae13d\transformed\lifecycle-livedata-2.7.0-api.jar;C:\Users\leoja\.gradle\caches\transforms-3\cb0721182121f2eda5c2ddd1eeedf050\transformed\lifecycle-runtime-ktx-2.7.0-api.jar;C:\Users\leoja\.gradle\caches\transforms-3\cd9a69e882a70d989b9282962c52ad93\transformed\appcompat-resources-1.6.1-api.jar;C:\Users\leoja\.gradle\caches\transforms-3\f533757ce47b86ec0751ee14ecd65863\transformed\drawerlayout-1.1.1-api.jar;C:\Users\leoja\.gradle\caches\transforms-3\4416bf719ccc8e299ece31eacef80399\transformed\coordinatorlayout-1.1.0-api.jar;C:\Users\leoja\.gradle\caches\transforms-3\0252a6acff1698e484055abf705c4fbd\transformed\recyclerview-1.1.0-api.jar;C:\Users\leoja\.gradle\caches\transforms-3\1b3bfb90ceb2cf9f68792b873dac00d0\transformed\transition-1.4.1-api.jar;C:\Users\leoja\.gradle\caches\transforms-3\2ae9d9a3fc993172ff8c4f6699ec7782\transformed\vectordrawable-animated-1.1.0-api.jar;C:\Users\leoja\.gradle\caches\transforms-3\f32bf90656ca1b7180360ec5fe49519b\transformed\vectordrawable-1.1.0-api.jar;C:\Users\leoja\.gradle\caches\transforms-3\3c57d0750b88da03605df81e52a5a1cf\transformed\viewpager-1.0.0-api.jar;C:\Users\leoja\.gradle\caches\transforms-3\10453a4911f02c5ec903fcaf76e09378\transformed\slidingpanelayout-1.2.0-api.jar;C:\Users\leoja\.gradle\caches\transforms-3\60682d6ef85379c86995d92777af9e6c\transformed\customview-1.1.0-api.jar;C:\Users\leoja\.gradle\caches\transforms-3\eb5c9f19b443ad2aa92a614852014fde\transformed\core-1.12.0-api.jar;C:\Users\leoja\.gradle\caches\transforms-3\fbc4cc3bcbccf5214c0bb18d2016f82f\transformed\lifecycle-runtime-2.7.0-api.jar;C:\Users\leoja\.gradle\caches\transforms-3\193c6af5fdae46925d29a7e34b02159a\transformed\lifecycle-viewmodel-ktx-2.7.0-api.jar;C:\Users\leoja\.gradle\caches\transforms-3\1aa305f14d93b49602edd18a5de4e287\transformed\lifecycle-livedata-ktx-2.7.0-api.jar;C:\Users\leoja\.gradle\caches\transforms-3\4d1122b506cfa45c2c54623ed3b1f6da\transformed\lifecycle-viewmodel-compose-2.7.0-api.jar;C:\Users\leoja\.gradle\caches\transforms-3\7b10ffa28c7b0b37f9a5597eaa62987a\transformed\lifecycle-viewmodel-savedstate-2.7.0-api.jar;C:\Users\leoja\.gradle\caches\transforms-3\ceb341e23d605126082169f803333aa2\transformed\core-ktx-1.12.0-api.jar;C:\Users\leoja\.gradle\caches\modules-2\files-2.1\androidx.room\room-common\2.6.1\ff1b9580850a9b7eef56554e356628d225785265\room-common-2.6.1.jar;C:\Users\leoja\.gradle\caches\transforms-3\4b9a547487a52349783b4f9781f57f25\transformed\room-runtime-2.6.1-api.jar;C:\Users\leoja\.gradle\caches\transforms-3\8dd38aab49d99be2c530d85c5053a419\transformed\room-ktx-2.6.1-api.jar;C:\Users\leoja\.gradle\caches\transforms-3\88ab74477ac4d93b94fb1bbe6cbf6ff9\transformed\timber-5.0.1-api.jar;C:\Users\leoja\.gradle\caches\transforms-3\20b4a4384f826d47c659bfd727910b0b\transformed\savedstate-ktx-1.2.1-api.jar;C:\Users\leoja\.gradle\caches\transforms-3\9f22f38010ee99e90ac16ef7f3561ba6\transformed\savedstate-1.2.1-api.jar;C:\Users\leoja\.gradle\caches\transforms-3\978ff4e94ab235d13263e9d05ca067e5\transformed\annotation-experimental-1.3.0-api.jar;C:\Users\leoja\.gradle\caches\modules-2\files-2.1\androidx.collection\collection-ktx\1.1.0\f807b2f366f7b75142a67d2f3c10031065b5168\collection-ktx-1.1.0.jar;C:\Users\leoja\.gradle\caches\modules-2\files-2.1\com.squareup.okhttp3\logging-interceptor\4.12.0\e922c1f14d365c0f2bed140cc0825e18462c2778\logging-interceptor-4.12.0.jar;C:\Users\leoja\.gradle\caches\modules-2\files-2.1\org.jetbrains.kotlinx\kotlinx-coroutines-core-jvm\1.7.1\63a0779cf668e2a47d13fda7c3b0c4f8dc7762f4\kotlinx-coroutines-core-jvm-1.7.1.jar;C:\Users\leoja\.gradle\caches\modules-2\files-2.1\org.jetbrains.kotlinx\kotlinx-coroutines-android\1.7.1\c2d86b569f10b7fc7e28d3f50c0eed97897d77a7\kotlinx-coroutines-android-1.7.1.jar;C:\Users\leoja\.gradle\caches\modules-2\files-2.1\com.squareup.retrofit2\converter-gson\2.9.0\fc93484fc67ab52b1e0ccbdaa3922d8a6678e097\converter-gson-2.9.0.jar;C:\Users\leoja\.gradle\caches\modules-2\files-2.1\com.squareup.retrofit2\retrofit\2.9.0\d8fdfbd5da952141a665a403348b74538efc05ff\retrofit-2.9.0.jar;C:\Users\leoja\.gradle\caches\modules-2\files-2.1\com.squareup.okhttp3\okhttp\4.12.0\2f4525d4a200e97e1b87449c2cd9bd2e25b7e8cd\okhttp-4.12.0.jar;C:\Users\leoja\.gradle\caches\modules-2\files-2.1\com.squareup.okio\okio-jvm\3.6.0\5600569133b7bdefe1daf9ec7f4abeb6d13e1786\okio-jvm-3.6.0.jar;C:\Users\leoja\.gradle\caches\modules-2\files-2.1\org.jetbrains.kotlin\kotlin-stdlib-jdk8\1.9.10\c7510d64a83411a649c76f2778304ddf71d7437b\kotlin-stdlib-jdk8-1.9.10.jar;C:\Users\leoja\.gradle\caches\transforms-3\4a7dc48357636ae3c46e6f6fd2f195bd\transformed\cursoradapter-1.0.0-api.jar;C:\Users\leoja\.gradle\caches\transforms-3\b61e28cdec1966681391e30f159d4284\transformed\cardview-1.0.0-api.jar;C:\Users\leoja\.gradle\caches\transforms-3\ff924fe302accc5e2edf4448411b3570\transformed\sqlite-framework-2.4.0-api.jar;C:\Users\leoja\.gradle\caches\transforms-3\ef460c8b7386bc65bd85f1d7f3bed773\transformed\sqlite-2.4.0-api.jar;C:\Users\leoja\.gradle\caches\transforms-3\5b12659c7ec62f653acc52b97a721fa5\transformed\gifdecoder-4.16.0-api.jar;C:\Users\leoja\.gradle\caches\transforms-3\fadfd15ffb1d15a51e860d8539309831\transformed\core-runtime-2.2.0-api.jar;C:\Users\leoja\.gradle\caches\modules-2\files-2.1\androidx.arch.core\core-common\2.2.0\5e1b8b81dfd5f52c56a8d53b18ca759c19a301f3\core-common-2.2.0.jar;C:\Users\leoja\.gradle\caches\transforms-3\01d40390f4e13ce5e63a5fa45662f241\transformed\versionedparcelable-1.1.1-api.jar;C:\Users\leoja\.gradle\caches\modules-2\files-2.1\androidx.collection\collection\1.1.0\1f27220b47669781457de0d600849a5de0e89909\collection-1.1.0.jar;C:\Users\leoja\.gradle\caches\transforms-3\cff61172ed9af5e866882e8094e3c684\transformed\interpolator-1.0.0-api.jar;C:\Users\leoja\.gradle\caches\transforms-3\d810a606712169beec3dd2b83c03ff42\transformed\documentfile-1.0.0-api.jar;C:\Users\leoja\.gradle\caches\transforms-3\a90d9f45808c38eac14b10a685e45b36\transformed\localbroadcastmanager-1.0.0-api.jar;C:\Users\leoja\.gradle\caches\transforms-3\647998b24bb910bc34ba348ffed9ed5d\transformed\print-1.0.0-api.jar;C:\Users\leoja\.gradle\caches\modules-2\files-2.1\androidx.annotation\annotation-jvm\1.6.0\a7257339a052df0f91433cf9651231bbb802b502\annotation-jvm-1.6.0.jar;C:\Users\leoja\.gradle\caches\modules-2\files-2.1\org.jetbrains.kotlin\kotlin-stdlib-jdk7\1.9.10\bc5bfc2690338defd5195b05c57562f2194eeb10\kotlin-stdlib-jdk7-1.9.10.jar;C:\Users\leoja\.gradle\caches\modules-2\files-2.1\org.jetbrains.kotlin\kotlin-stdlib\1.9.21\17ee3e873d439566c7d8354403b5f3d9744c4c9c\kotlin-stdlib-1.9.21.jar;C:\Users\leoja\.gradle\caches\transforms-3\1abd341585f99fa152f2f30423465eed\transformed\constraintlayout-2.1.4-api.jar;C:\Users\leoja\.gradle\caches\modules-2\files-2.1\com.github.bumptech.glide\annotations\4.16.0\90730f6498299d207aa0878124ab7585969808f0\annotations-4.16.0.jar;C:\Users\leoja\.gradle\caches\modules-2\files-2.1\org.jetbrains\annotations\23.0.0\8cc20c07506ec18e0834947b84a864bfc094484e\annotations-23.0.0.jar;C:\Users\leoja\.gradle\caches\transforms-3\6707ec695d1e03c75889005214df65ec\transformed\startup-runtime-1.1.1-api.jar;C:\Users\leoja\.gradle\caches\transforms-3\73e730f0cf2c9891064a47c8e472c9c0\transformed\tracing-1.0.0-api.jar;C:\Users\leoja\.gradle\caches\modules-2\files-2.1\com.google.guava\listenablefuture\1.0\c949a840a6acbc5268d088e47b04177bf90b3cad\listenablefuture-1.0.jar;C:\Users\leoja\.gradle\caches\modules-2\files-2.1\androidx.resourceinspection\resourceinspection-annotation\1.0.1\8c21f8ff5d96d5d52c948707f7e4d6ca6773feef\resourceinspection-annotation-1.0.1.jar;C:\Users\leoja\.gradle\caches\modules-2\files-2.1\com.google.dagger\hilt-core\2.46.1\848183d99f6abf4fc7f29a97dbafc21d46a8ed27\hilt-core-2.46.1.jar;C:\Users\leoja\.gradle\caches\modules-2\files-2.1\com.google.dagger\dagger\2.46.1\8554769ea04410d4cbbd0e5f92ce5fd4e7b7f61\dagger-2.46.1.jar;C:\Users\leoja\.gradle\caches\modules-2\files-2.1\javax.inject\javax.inject\1\6975da39a7040257bd51d21a231b76c915872d38\javax.inject-1.jar;C:\Users\leoja\.gradle\caches\transforms-3\43f89e60308d636cd05695aa574026b2\transformed\dagger-lint-aar-2.46.1-api.jar;C:\Users\leoja\.gradle\caches\modules-2\files-2.1\com.google.code.findbugs\jsr305\3.0.2\25ea2e8b0c338a877313bd4672d3fe056ea78f0d\jsr305-3.0.2.jar;C:\Users\leoja\.gradle\caches\modules-2\files-2.1\com.github.bumptech.glide\disklrucache\4.16.0\411aa175d50d10b37c7a1a04d21a4e7145249557\disklrucache-4.16.0.jar;C:\Users\leoja\.gradle\caches\transforms-3\e630e905ac9af92e4877f133cc765e5c\transformed\exifinterface-1.3.6-api.jar;C:\Users\leoja\.gradle\caches\modules-2\files-2.1\com.google.code.gson\gson\2.8.5\f645ed69d595b24d4cf8b3fbb64cc505bede8829\gson-2.8.5.jar;C:\Users\leoja\.gradle\caches\modules-2\files-2.1\androidx.hilt\hilt-common\1.0.0\3c8727e21f194dd46aa78e44acbdf937ab045ebb\hilt-common-1.0.0.jar;C:\Users\leoja\AppData\Local\Android\Sdk\platforms\android-34\android.jar;C:\Users\leoja\AppData\Local\Android\Sdk\build-tools\33.0.1\core-lambda-stubs.jar, --processor-path=C:\Users\leoja\.gradle\caches\modules-2\files-2.1\com.google.dagger\hilt-android-compiler\2.46.1\7938f34d3318a5d75de85646757991af2a56ccd3\hilt-android-compiler-2.46.1.jar;C:\Users\leoja\.gradle\caches\modules-2\files-2.1\androidx.hilt\hilt-compiler\1.0.0\282fb739f492e9dd5b9dcf1bef8f8c9b7a2b5c18\hilt-compiler-1.0.0.jar;C:\Users\leoja\.gradle\caches\modules-2\files-2.1\androidx.room\room-migration\2.6.1\8d8218e4ccfe9b34485619a8ca68f8760840301d\room-migration-2.6.1.jar;C:\Users\leoja\.gradle\caches\modules-2\files-2.1\androidx.room\room-compiler-processing\2.6.1\64891dd45a3adbb4137f338563b6d716dca7c456\room-compiler-processing-2.6.1.jar;C:\Users\leoja\.gradle\caches\modules-2\files-2.1\androidx.room\room-common\2.6.1\ff1b9580850a9b7eef56554e356628d225785265\room-common-2.6.1.jar;C:\Users\leoja\.gradle\caches\modules-2\files-2.1\androidx.room\room-compiler\2.6.1\d789379e27b40fa5cc6e17f4c56988d6500a4036\room-compiler-2.6.1.jar;C:\Users\leoja\.gradle\caches\modules-2\files-2.1\com.github.bumptech.glide\compiler\4.16.0\1749a31b9b16306702244fc6faec167340599549\compiler-4.16.0.jar;C:\Users\leoja\.gradle\caches\modules-2\files-2.1\androidx.databinding\databinding-compiler\8.1.0\a324e499c3fe87870c6bfcd93200194fe02bb78f\databinding-compiler-8.1.0.jar;C:\Users\leoja\.gradle\caches\modules-2\files-2.1\com.google.dagger\dagger-compiler\2.46.1\29d5d3b9eee228457d9df70fa2a41dbdf1c82bd7\dagger-compiler-2.46.1.jar;C:\Users\leoja\.gradle\caches\modules-2\files-2.1\com.google.dagger\dagger-spi\2.46.1\e8dc8f60a8c08a48ff36f5dca847f729af8d6c35\dagger-spi-2.46.1.jar;C:\Users\leoja\.gradle\caches\modules-2\files-2.1\com.google.dagger\dagger-producers\2.46.1\6286f1ed8921cefe8d0a7606f7e765be72a67484\dagger-producers-2.46.1.jar;C:\Users\leoja\.gradle\caches\modules-2\files-2.1\com.google.dagger\dagger\2.46.1\8554769ea04410d4cbbd0e5f92ce5fd4e7b7f61\dagger-2.46.1.jar;C:\Users\leoja\.gradle\caches\modules-2\files-2.1\com.google.auto\auto-common\0.11\345a7dc983e11c123c8000a53383cc2b83848caf\auto-common-0.11.jar;C:\Users\leoja\.gradle\caches\modules-2\files-2.1\androidx.databinding\databinding-compiler-common\8.1.0\a1c7a90144aedb0b918534ea90f928e18855264b\databinding-compiler-common-8.1.0.jar;C:\Users\leoja\.gradle\caches\modules-2\files-2.1\com.google.googlejavaformat\google-java-format\1.5\fba7f130d29061d2d2ea384b4880c10cae92ef73\google-java-format-1.5.jar;C:\Users\leoja\.gradle\caches\modules-2\files-2.1\com.google.guava\guava\31.1-jre\60458f877d055d0c9114d9e1a2efb737b4bc282c\guava-31.1-jre.jar;C:\Users\leoja\.gradle\caches\modules-2\files-2.1\com.google.code.findbugs\jsr305\3.0.2\25ea2e8b0c338a877313bd4672d3fe056ea78f0d\jsr305-3.0.2.jar;C:\Users\leoja\.gradle\caches\modules-2\files-2.1\com.google.guava\failureaccess\1.0.1\1dcf1de382a0bf95a3d8b0849546c88bac1292c9\failureaccess-1.0.1.jar;C:\Users\leoja\.gradle\caches\modules-2\files-2.1\com.squareup\kotlinpoet-javapoet\1.14.2\e4481d491afe47e3dcce952c87628141dc16454b\kotlinpoet-javapoet-1.14.2.jar;C:\Users\leoja\.gradle\caches\modules-2\files-2.1\com.squareup\javapoet\1.13.0\d6562d385049f35eb50403fa86bb11cce76b866a\javapoet-1.13.0.jar;C:\Users\leoja\.gradle\caches\modules-2\files-2.1\javax.annotation\javax.annotation-api\1.3.2\934c04d3cfef185a8008e7bf34331b79730a9d43\javax.annotation-api-1.3.2.jar;C:\Users\leoja\.gradle\caches\modules-2\files-2.1\javax.inject\javax.inject\1\6975da39a7040257bd51d21a231b76c915872d38\javax.inject-1.jar;C:\Users\leoja\.gradle\caches\modules-2\files-2.1\net.ltgt.gradle.incap\incap\0.2\c73e3db9bee414d6ee27995d951fcdbee09acad\incap-0.2.jar;C:\Users\leoja\.gradle\caches\modules-2\files-2.1\com.google.devtools.ksp\symbol-processing-api\1.9.0-1.0.13\c001c57ba3e093c65d23e124adfcdf5df9dde8a2\symbol-processing-api-1.9.0-1.0.13.jar;C:\Users\leoja\.gradle\caches\modules-2\files-2.1\com.squareup\kotlinpoet\1.14.2\b6741951260d555a05932e39de177fc64ef450bd\kotlinpoet-1.14.2.jar;C:\Users\leoja\.gradle\caches\modules-2\files-2.1\org.jetbrains.kotlin\kotlin-stdlib-jdk8\1.8.22\b25c86d47d6b962b9cf0f8c3f320c8a10eea3dd1\kotlin-stdlib-jdk8-1.8.22.jar;C:\Users\leoja\.gradle\caches\modules-2\files-2.1\org.jetbrains.kotlin\kotlin-reflect\1.8.21\662838019bc1141f8a311180d93b9e13765c7f55\kotlin-reflect-1.8.21.jar;C:\Users\leoja\.gradle\caches\modules-2\files-2.1\com.android.tools.build.jetifier\jetifier-core\1.0.0-beta10\6e621022a9c95af12a7004d6b55805bbd1126837\jetifier-core-1.0.0-beta10.jar;C:\Users\leoja\.gradle\caches\modules-2\files-2.1\org.jetbrains.kotlin\kotlin-stdlib-jdk7\1.8.22\4dabb8248310d833bb6a8b516024a91fd3d275c\kotlin-stdlib-jdk7-1.8.22.jar;C:\Users\leoja\.gradle\caches\modules-2\files-2.1\org.jetbrains.kotlin\kotlin-stdlib\1.9.0\8ee15ef0c67dc83d874f412d84378d7f0eb50b63\kotlin-stdlib-1.9.0.jar;C:\Users\leoja\.gradle\caches\modules-2\files-2.1\com.google.auto.value\auto-value-annotations\1.6.3\b88c1bb7f149f6d2cc03898359283e57b08f39cc\auto-value-annotations-1.6.3.jar;C:\Users\leoja\.gradle\caches\modules-2\files-2.1\com.intellij\annotations\12.0\bbcf6448f6d40abe506e2c83b70a3e8bfd2b4539\annotations-12.0.jar;C:\Users\leoja\.gradle\caches\modules-2\files-2.1\commons-codec\commons-codec\1.15\49d94806b6e3dc933dacbd8acb0fdbab8ebd1e5d\commons-codec-1.15.jar;C:\Users\leoja\.gradle\caches\modules-2\files-2.1\org.xerial\sqlite-jdbc\3.41.2.2\ddeb8d3a3004f412ed19b4c98b3aec11d9452ab5\sqlite-jdbc-3.41.2.2.jar;C:\Users\leoja\.gradle\caches\modules-2\files-2.1\com.github.bumptech.glide\annotations\4.16.0\90730f6498299d207aa0878124ab7585969808f0\annotations-4.16.0.jar;C:\Users\leoja\.gradle\caches\modules-2\files-2.1\androidx.databinding\databinding-common\8.1.0\2be3530b78477835e69dce953b17adc1dbc5c6fa\databinding-common-8.1.0.jar;C:\Users\leoja\.gradle\caches\modules-2\files-2.1\com.android.tools\annotations\31.1.0\d70720d1aed8e56163636f82782985acfe66eba8\annotations-31.1.0.jar;C:\Users\leoja\.gradle\caches\modules-2\files-2.1\com.google.code.gson\gson\2.9.0\8a1167e089096758b49f9b34066ef98b2f4b37aa\gson-2.9.0.jar;C:\Users\leoja\.gradle\caches\modules-2\files-2.1\com.googlecode.juniversalchardet\juniversalchardet\1.0.3\cd49678784c46aa8789c060538e0154013bb421b\juniversalchardet-1.0.3.jar;C:\Users\leoja\.gradle\caches\modules-2\files-2.1\commons-io\commons-io\2.4\b1b6ea3b7e4aa4f492509a4952029cd8e48019ad\commons-io-2.4.jar;C:\Users\leoja\.gradle\caches\modules-2\files-2.1\org.glassfish.jaxb\jaxb-runtime\2.3.2\5528bc882ea499a09d720b42af11785c4fc6be2a\jaxb-runtime-2.3.2.jar;C:\Users\leoja\.gradle\caches\modules-2\files-2.1\org.checkerframework\checker-compat-qual\2.5.5\435dc33e3019c9f019e15f01aa111de9d6b2b79c\checker-compat-qual-2.5.5.jar;C:\Users\leoja\.gradle\caches\modules-2\files-2.1\org.jetbrains.kotlin\kotlin-stdlib-common\1.9.0\cd65c21cfd1eec4d44ef09f9f52b6d9f8a720636\kotlin-stdlib-common-1.9.0.jar;C:\Users\leoja\.gradle\caches\modules-2\files-2.1\org.jetbrains\annotations\13.0\919f0dfe192fb4e063e7dacadee7f8bb9a2672a9\annotations-13.0.jar;C:\Users\leoja\.gradle\caches\modules-2\files-2.1\androidx.annotation\annotation\1.3.0\21f49f5f9b85fc49de712539f79123119740595\annotation-1.3.0.jar;C:\Users\leoja\.gradle\caches\modules-2\files-2.1\com.google.guava\listenablefuture\9999.0-empty-to-avoid-conflict-with-guava\b421526c5f297295adef1c886e5246c39d4ac629\listenablefuture-9999.0-empty-to-avoid-conflict-with-guava.jar;C:\Users\leoja\.gradle\caches\modules-2\files-2.1\org.checkerframework\checker-qual\3.12.0\d5692f0526415fcc6de94bb5bfbd3afd9dd3b3e5\checker-qual-3.12.0.jar;C:\Users\leoja\.gradle\caches\modules-2\files-2.1\com.google.errorprone\error_prone_annotations\2.11.0\c5a0ace696d3f8b1c1d8cc036d8c03cc0cbe6b69\error_prone_annotations-2.11.0.jar;C:\Users\leoja\.gradle\caches\modules-2\files-2.1\com.google.j2objc\j2objc-annotations\1.3\ba035118bc8bac37d7eff77700720999acd9986d\j2objc-annotations-1.3.jar;C:\Users\leoja\.gradle\caches\modules-2\files-2.1\com.android.databinding\baseLibrary\8.1.0\7e7399239e52d4069896277615e005add7ae8e5a\baseLibrary-8.1.0.jar;C:\Users\leoja\.gradle\caches\modules-2\files-2.1\org.jvnet.staxex\stax-ex\1.8.1\78011e483a21102fb4858f3e8f269a677e50aa23\stax-ex-1.8.1.jar;C:\Users\leoja\.gradle\caches\modules-2\files-2.1\jakarta.xml.bind\jakarta.xml.bind-api\2.3.2\8d49996a4338670764d7ca4b85a1c4ccf7fe665d\jakarta.xml.bind-api-2.3.2.jar;C:\Users\leoja\.gradle\caches\modules-2\files-2.1\org.glassfish.jaxb\txw2\2.3.2\ce5be7da2e442c25ec14c766cb60cb802741727b\txw2-2.3.2.jar;C:\Users\leoja\.gradle\caches\modules-2\files-2.1\com.sun.istack\istack-commons-runtime\3.0.8\d6a97364045aa6b99bf2d3c566a3f98599c2d296\istack-commons-runtime-3.0.8.jar;C:\Users\leoja\.gradle\caches\modules-2\files-2.1\com.sun.xml.fastinfoset\FastInfoset\1.2.16\4eb6a0adad553bf759ffe86927df6f3b848c8bea\FastInfoset-1.2.16.jar;C:\Users\leoja\.gradle\caches\modules-2\files-2.1\jakarta.activation\jakarta.activation-api\1.2.1\562a587face36ec7eff2db7f2fc95425c6602bc1\jakarta.activation-api-1.2.1.jar;C:\Users\leoja\.gradle\caches\modules-2\files-2.1\com.google.errorprone\javac-shaded\9-dev-r4023-3\72b688efd290280a0afde5f9892b0fde6f362d1d\javac-shaded-9-dev-r4023-3.jar, -s=C:\Users\leoja\AndroidStudioProjects\PaleobyLeoRecipes\app\build\tmp\kapt3\incrementalData\release, -d=C:\Users\leoja\AndroidStudioProjects\PaleobyLeoRecipes\app\build\tmp\kapt3\incrementalData\release, -encoding=UTF-8}
i: [kapt] Declaration origins:
i: [kapt] class com/leo/paleorecipes/AboutActivity -> origin=OTHER element=KtClass descriptor=IrBasedClassDescriptor: CLASS CLASS name:AboutActivity modality:FINAL visibility:public superTypes:[androidx.appcompat.app.AppCompatActivity]
i: [kapt] method <init>()V -> origin=OTHER element=KtClass descriptor=IrBasedClassConstructorDescriptor: CONSTRUCTOR visibility:public <> () returnType:com.leo.paleorecipes.AboutActivity [primary]
i: [kapt] method onCreate(Landroid/os/Bundle;)V -> origin=OTHER element=KtNamedFunction descriptor=IrBasedSimpleFunctionDescriptor: FUN name:onCreate visibility:protected modality:OPEN <> ($this:com.leo.paleorecipes.AboutActivity, savedInstanceState:android.os.Bundle?) returnType:kotlin.Unit
i: [kapt] class com/leo/paleorecipes/AboutPaleoActivity -> origin=OTHER element=KtClass descriptor=IrBasedClassDescriptor: CLASS CLASS name:AboutPaleoActivity modality:FINAL visibility:public superTypes:[androidx.appcompat.app.AppCompatActivity]
i: [kapt] method <init>()V -> origin=OTHER element=KtClass descriptor=IrBasedClassConstructorDescriptor: CONSTRUCTOR visibility:public <> () returnType:com.leo.paleorecipes.AboutPaleoActivity [primary]
i: [kapt] method onCreate(Landroid/os/Bundle;)V -> origin=OTHER element=KtNamedFunction descriptor=IrBasedSimpleFunctionDescriptor: FUN name:onCreate visibility:protected modality:OPEN <> ($this:com.leo.paleorecipes.AboutPaleoActivity, savedInstanceState:android.os.Bundle?) returnType:kotlin.Unit
i: [kapt] method onOptionsItemSelected(Landroid/view/MenuItem;)Z -> origin=OTHER element=KtNamedFunction descriptor=IrBasedSimpleFunctionDescriptor: FUN name:onOptionsItemSelected visibility:public modality:OPEN <> ($this:com.leo.paleorecipes.AboutPaleoActivity, item:android.view.MenuItem) returnType:kotlin.Boolean
i: [kapt] field TAG:Ljava/lang/String; -> origin=OTHER element=KtProperty descriptor=IrBasedFieldDescriptor: FIELD PROPERTY_BACKING_FIELD name:TAG type:kotlin.String visibility:private [final]
i: [kapt] class com/leo/paleorecipes/AddEditRecipeActivity -> origin=OTHER element=KtClass descriptor=IrBasedClassDescriptor: CLASS CLASS name:AddEditRecipeActivity modality:FINAL visibility:public superTypes:[androidx.appcompat.app.AppCompatActivity]
i: [kapt] method <init>()V -> origin=OTHER element=KtClass descriptor=IrBasedClassConstructorDescriptor: CONSTRUCTOR visibility:public <> () returnType:com.leo.paleorecipes.AddEditRecipeActivity [primary]
i: [kapt] method getViewModel()Lcom/leo/paleorecipes/viewmodel/RecipeViewModel; -> origin=OTHER element=KtProperty descriptor=IrBasedPropertyGetterDescriptor: FUN DELEGATED_PROPERTY_ACCESSOR name:<get-viewModel> visibility:private modality:FINAL <> ($this:com.leo.paleorecipes.AddEditRecipeActivity) returnType:com.leo.paleorecipes.viewmodel.RecipeViewModel
i: [kapt] method onCreate(Landroid/os/Bundle;)V -> origin=OTHER element=KtNamedFunction descriptor=IrBasedSimpleFunctionDescriptor: FUN name:onCreate visibility:protected modality:OPEN <> ($this:com.leo.paleorecipes.AddEditRecipeActivity, savedInstanceState:android.os.Bundle?) returnType:kotlin.Unit
i: [kapt] method onOptionsItemSelected(Landroid/view/MenuItem;)Z -> origin=OTHER element=KtNamedFunction descriptor=IrBasedSimpleFunctionDescriptor: FUN name:onOptionsItemSelected visibility:public modality:OPEN <> ($this:com.leo.paleorecipes.AddEditRecipeActivity, item:android.view.MenuItem) returnType:kotlin.Boolean
i: [kapt] method checkPermissionAndSelectImage()V -> origin=OTHER element=KtNamedFunction descriptor=IrBasedSimpleFunctionDescriptor: FUN name:checkPermissionAndSelectImage visibility:private modality:FINAL <> ($this:com.leo.paleorecipes.AddEditRecipeActivity) returnType:kotlin.Unit
i: [kapt] method openImagePicker()V -> origin=OTHER element=KtNamedFunction descriptor=IrBasedSimpleFunctionDescriptor: FUN name:openImagePicker visibility:private modality:FINAL <> ($this:com.leo.paleorecipes.AddEditRecipeActivity) returnType:kotlin.Unit
i: [kapt] method displaySelectedImage(Landroid/net/Uri;)V -> origin=OTHER element=KtNamedFunction descriptor=IrBasedSimpleFunctionDescriptor: FUN name:displaySelectedImage visibility:private modality:FINAL <> ($this:com.leo.paleorecipes.AddEditRecipeActivity, uri:android.net.Uri) returnType:kotlin.Unit
i: [kapt] method saveSelectedImageToAppStorage()Ljava/lang/String; -> origin=OTHER element=KtNamedFunction descriptor=IrBasedSimpleFunctionDescriptor: FUN name:saveSelectedImageToAppStorage visibility:private modality:FINAL <> ($this:com.leo.paleorecipes.AddEditRecipeActivity) returnType:kotlin.String?
i: [kapt] method releaseUriPermissions()V -> origin=OTHER element=KtNamedFunction descriptor=IrBasedSimpleFunctionDescriptor: FUN name:releaseUriPermissions visibility:private modality:FINAL <> ($this:com.leo.paleorecipes.AddEditRecipeActivity) returnType:kotlin.Unit
i: [kapt] method populateFields(Lcom/leo/paleorecipes/data/Recipe;)V -> origin=OTHER element=KtNamedFunction descriptor=IrBasedSimpleFunctionDescriptor: FUN name:populateFields visibility:private modality:FINAL <> ($this:com.leo.paleorecipes.AddEditRecipeActivity, recipe:com.leo.paleorecipes.data.Recipe) returnType:kotlin.Unit
i: [kapt] method saveRecipe()V -> origin=OTHER element=KtNamedFunction descriptor=IrBasedSimpleFunctionDescriptor: FUN name:saveRecipe visibility:private modality:FINAL <> ($this:com.leo.paleorecipes.AddEditRecipeActivity) returnType:kotlin.Unit
i: [kapt] method <clinit>()V -> origin=OTHER element=KtClass descriptor=IrBasedSimpleFunctionDescriptor: FUN CLASS_STATIC_INITIALIZER name:<clinit> visibility:public/*package*/ modality:FINAL <> () returnType:kotlin.Unit
i: [kapt] field Companion:Lcom/leo/paleorecipes/AddEditRecipeActivity$Companion; -> origin=OTHER element=null descriptor=IrBasedFieldDescriptor: FIELD FIELD_FOR_OBJECT_INSTANCE name:Companion type:com.leo.paleorecipes.AddEditRecipeActivity.Companion visibility:public [final,static]
i: [kapt] field binding:Lcom/leo/paleorecipes/databinding/ActivityAddEditRecipeBinding; -> origin=OTHER element=KtProperty descriptor=IrBasedFieldDescriptor: FIELD PROPERTY_BACKING_FIELD name:binding type:com.leo.paleorecipes.databinding.ActivityAddEditRecipeBinding? visibility:private
i: [kapt] field viewModel$delegate:Lkotlin/Lazy; -> origin=OTHER element=KtProperty descriptor=IrBasedFieldDescriptor: FIELD PROPERTY_DELEGATE name:viewModel$delegate type:kotlin.Lazy<*> visibility:private [final]
i: [kapt] field editingRecipe:Lcom/leo/paleorecipes/data/Recipe; -> origin=OTHER element=KtProperty descriptor=IrBasedFieldDescriptor: FIELD PROPERTY_BACKING_FIELD name:editingRecipe type:com.leo.paleorecipes.data.Recipe? visibility:private
i: [kapt] field selectedImageUri:Landroid/net/Uri; -> origin=OTHER element=KtProperty descriptor=IrBasedFieldDescriptor: FIELD PROPERTY_BACKING_FIELD name:selectedImageUri type:android.net.Uri? visibility:private
i: [kapt] field selectImageLauncher:Landroidx/activity/result/ActivityResultLauncher; -> origin=OTHER element=KtProperty descriptor=IrBasedFieldDescriptor: FIELD PROPERTY_BACKING_FIELD name:selectImageLauncher type:androidx.activity.result.ActivityResultLauncher<@[FlexibleNullability] android.content.Intent?> visibility:private [final]
i: [kapt] field requestPermissionLauncher:Landroidx/activity/result/ActivityResultLauncher; -> origin=OTHER element=KtProperty descriptor=IrBasedFieldDescriptor: FIELD PROPERTY_BACKING_FIELD name:requestPermissionLauncher type:androidx.activity.result.ActivityResultLauncher<kotlin.Array<kotlin.String>> visibility:private [final]
i: [kapt] field STORAGE_PERMISSION_CODE:I -> origin=OTHER element=KtProperty descriptor=IrBasedFieldDescriptor: FIELD COMPANION_PROPERTY_BACKING_FIELD name:STORAGE_PERMISSION_CODE type:kotlin.Int visibility:private [final,static]
i: [kapt] class com/leo/paleorecipes/AddEditRecipeActivity$Companion -> origin=OTHER element=KtObjectDeclaration descriptor=IrBasedClassDescriptor: CLASS OBJECT name:Companion modality:FINAL visibility:public [companion] superTypes:[kotlin.Any]
i: [kapt] method <init>()V -> origin=OTHER element=KtObjectDeclaration descriptor=IrBasedClassConstructorDescriptor: CONSTRUCTOR visibility:private <> () returnType:com.leo.paleorecipes.AddEditRecipeActivity.Companion [primary]
i: [kapt] method <init>(Lkotlin/jvm/internal/DefaultConstructorMarker;)V -> origin=OTHER element=null descriptor=IrBasedClassConstructorDescriptor: CONSTRUCTOR SYNTHETIC_ACCESSOR visibility:public <> ($constructor_marker:kotlin.jvm.internal.DefaultConstructorMarker?) returnType:com.leo.paleorecipes.AddEditRecipeActivity.Companion
i: [kapt] class com/leo/paleorecipes/AddRecipeActivity -> origin=OTHER element=KtClass descriptor=IrBasedClassDescriptor: CLASS CLASS name:AddRecipeActivity modality:FINAL visibility:public superTypes:[androidx.appcompat.app.AppCompatActivity]
i: [kapt] method <init>()V -> origin=OTHER element=KtClass descriptor=IrBasedClassConstructorDescriptor: CONSTRUCTOR visibility:public <> () returnType:com.leo.paleorecipes.AddRecipeActivity [primary]
i: [kapt] method getRecipeRepository()Lcom/leo/paleorecipes/data/repository/RecipeRepository; -> origin=OTHER element=KtProperty descriptor=IrBasedPropertyGetterDescriptor: FUN DEFAULT_PROPERTY_ACCESSOR name:<get-recipeRepository> visibility:public modality:FINAL <> ($this:com.leo.paleorecipes.AddRecipeActivity) returnType:com.leo.paleorecipes.data.repository.RecipeRepository
i: [kapt] method setRecipeRepository(Lcom/leo/paleorecipes/data/repository/RecipeRepository;)V -> origin=OTHER element=KtProperty descriptor=IrBasedPropertySetterDescriptor: FUN DEFAULT_PROPERTY_ACCESSOR name:<set-recipeRepository> visibility:public modality:FINAL <> ($this:com.leo.paleorecipes.AddRecipeActivity, <set-?>:com.leo.paleorecipes.data.repository.RecipeRepository) returnType:kotlin.Unit
i: [kapt] method onCreate(Landroid/os/Bundle;)V -> origin=OTHER element=KtNamedFunction descriptor=IrBasedSimpleFunctionDescriptor: FUN name:onCreate visibility:protected modality:OPEN <> ($this:com.leo.paleorecipes.AddRecipeActivity, savedInstanceState:android.os.Bundle?) returnType:kotlin.Unit
i: [kapt] method setupToolbar()V -> origin=OTHER element=KtNamedFunction descriptor=IrBasedSimpleFunctionDescriptor: FUN name:setupToolbar visibility:private modality:FINAL <> ($this:com.leo.paleorecipes.AddRecipeActivity) returnType:kotlin.Unit
i: [kapt] method setupCategorySpinner()V -> origin=OTHER element=KtNamedFunction descriptor=IrBasedSimpleFunctionDescriptor: FUN name:setupCategorySpinner visibility:private modality:FINAL <> ($this:com.leo.paleorecipes.AddRecipeActivity) returnType:kotlin.Unit
i: [kapt] method setupDifficultySpinner()V -> origin=OTHER element=KtNamedFunction descriptor=IrBasedSimpleFunctionDescriptor: FUN name:setupDifficultySpinner visibility:private modality:FINAL <> ($this:com.leo.paleorecipes.AddRecipeActivity) returnType:kotlin.Unit
i: [kapt] method setupButtons()V -> origin=OTHER element=KtNamedFunction descriptor=IrBasedSimpleFunctionDescriptor: FUN name:setupButtons visibility:private modality:FINAL <> ($this:com.leo.paleorecipes.AddRecipeActivity) returnType:kotlin.Unit
i: [kapt] method showImagePickerOptions()V -> origin=OTHER element=KtNamedFunction descriptor=IrBasedSimpleFunctionDescriptor: FUN name:showImagePickerOptions visibility:private modality:FINAL <> ($this:com.leo.paleorecipes.AddRecipeActivity) returnType:kotlin.Unit
i: [kapt] method takePhoto()V -> origin=OTHER element=KtNamedFunction descriptor=IrBasedSimpleFunctionDescriptor: FUN name:takePhoto visibility:private modality:FINAL <> ($this:com.leo.paleorecipes.AddRecipeActivity) returnType:kotlin.Unit
i: [kapt] method chooseFromGallery()V -> origin=OTHER element=KtNamedFunction descriptor=IrBasedSimpleFunctionDescriptor: FUN name:chooseFromGallery visibility:private modality:FINAL <> ($this:com.leo.paleorecipes.AddRecipeActivity) returnType:kotlin.Unit
i: [kapt] method createImageFile()Ljava/io/File; -> origin=OTHER element=KtNamedFunction descriptor=IrBasedSimpleFunctionDescriptor: FUN name:createImageFile visibility:private modality:FINAL <> ($this:com.leo.paleorecipes.AddRecipeActivity) returnType:java.io.File?
i: [kapt] method saveRecipe()V -> origin=OTHER element=KtNamedFunction descriptor=IrBasedSimpleFunctionDescriptor: FUN name:saveRecipe visibility:private modality:FINAL <> ($this:com.leo.paleorecipes.AddRecipeActivity) returnType:kotlin.Unit
i: [kapt] field recipeRepository:Lcom/leo/paleorecipes/data/repository/RecipeRepository; -> origin=OTHER element=KtProperty descriptor=IrBasedFieldDescriptor: FIELD PROPERTY_BACKING_FIELD name:recipeRepository type:com.leo.paleorecipes.data.repository.RecipeRepository? visibility:public
i: [kapt] field binding:Lcom/leo/paleorecipes/databinding/ActivityAddRecipeBinding; -> origin=OTHER element=KtProperty descriptor=IrBasedFieldDescriptor: FIELD PROPERTY_BACKING_FIELD name:binding type:com.leo.paleorecipes.databinding.ActivityAddRecipeBinding? visibility:private
i: [kapt] field currentPhotoPath:Ljava/lang/String; -> origin=OTHER element=KtProperty descriptor=IrBasedFieldDescriptor: FIELD PROPERTY_BACKING_FIELD name:currentPhotoPath type:kotlin.String? visibility:private
i: [kapt] field takePictureLauncher:Landroidx/activity/result/ActivityResultLauncher; -> origin=OTHER element=KtProperty descriptor=IrBasedFieldDescriptor: FIELD PROPERTY_BACKING_FIELD name:takePictureLauncher type:androidx.activity.result.ActivityResultLauncher<@[FlexibleNullability] android.net.Uri?> visibility:private [final]
i: [kapt] field pickImageLauncher:Landroidx/activity/result/ActivityResultLauncher; -> origin=OTHER element=KtProperty descriptor=IrBasedFieldDescriptor: FIELD PROPERTY_BACKING_FIELD name:pickImageLauncher type:androidx.activity.result.ActivityResultLauncher<@[FlexibleNullability] kotlin.String?> visibility:private [final]
i: [kapt] class com/leo/paleorecipes/BaseActivity -> origin=OTHER element=KtClass descriptor=IrBasedClassDescriptor: CLASS CLASS name:BaseActivity modality:OPEN visibility:public superTypes:[androidx.appcompat.app.AppCompatActivity]
i: [kapt] method <init>()V -> origin=OTHER element=KtClass descriptor=IrBasedClassConstructorDescriptor: CONSTRUCTOR visibility:public <> () returnType:com.leo.paleorecipes.BaseActivity [primary]
i: [kapt] method attachBaseContext(Landroid/content/Context;)V -> origin=OTHER element=KtNamedFunction descriptor=IrBasedSimpleFunctionDescriptor: FUN name:attachBaseContext visibility:protected modality:OPEN <> ($this:com.leo.paleorecipes.BaseActivity, newBase:android.content.Context) returnType:kotlin.Unit
i: [kapt] method onCreate(Landroid/os/Bundle;)V -> origin=OTHER element=KtNamedFunction descriptor=IrBasedSimpleFunctionDescriptor: FUN name:onCreate visibility:protected modality:OPEN <> ($this:com.leo.paleorecipes.BaseActivity, savedInstanceState:android.os.Bundle?) returnType:kotlin.Unit
i: [kapt] class com/leo/paleorecipes/FridgeActivity -> origin=OTHER element=KtClass descriptor=IrBasedClassDescriptor: CLASS CLASS name:FridgeActivity modality:FINAL visibility:public superTypes:[androidx.appcompat.app.AppCompatActivity]
i: [kapt] method <init>()V -> origin=OTHER element=KtClass descriptor=IrBasedClassConstructorDescriptor: CONSTRUCTOR visibility:public <> () returnType:com.leo.paleorecipes.FridgeActivity [primary]
i: [kapt] method onCreate(Landroid/os/Bundle;)V -> origin=OTHER element=KtNamedFunction descriptor=IrBasedSimpleFunctionDescriptor: FUN name:onCreate visibility:protected modality:OPEN <> ($this:com.leo.paleorecipes.FridgeActivity, savedInstanceState:android.os.Bundle?) returnType:kotlin.Unit
i: [kapt] class com/leo/paleorecipes/MainActivity -> origin=OTHER element=KtClass descriptor=IrBasedClassDescriptor: CLASS CLASS name:MainActivity modality:FINAL visibility:public superTypes:[androidx.appcompat.app.AppCompatActivity]
i: [kapt] method <init>()V -> origin=OTHER element=KtClass descriptor=IrBasedClassConstructorDescriptor: CONSTRUCTOR visibility:public <> () returnType:com.leo.paleorecipes.MainActivity [primary]
i: [kapt] method onCreate(Landroid/os/Bundle;)V -> origin=OTHER element=KtNamedFunction descriptor=IrBasedSimpleFunctionDescriptor: FUN name:onCreate visibility:protected modality:OPEN <> ($this:com.leo.paleorecipes.MainActivity, savedInstanceState:android.os.Bundle?) returnType:kotlin.Unit
i: [kapt] method onCreateOptionsMenu(Landroid/view/Menu;)Z -> origin=OTHER element=KtNamedFunction descriptor=IrBasedSimpleFunctionDescriptor: FUN name:onCreateOptionsMenu visibility:public modality:OPEN <> ($this:com.leo.paleorecipes.MainActivity, menu:android.view.Menu) returnType:kotlin.Boolean
i: [kapt] method onOptionsItemSelected(Landroid/view/MenuItem;)Z -> origin=OTHER element=KtNamedFunction descriptor=IrBasedSimpleFunctionDescriptor: FUN name:onOptionsItemSelected visibility:public modality:OPEN <> ($this:com.leo.paleorecipes.MainActivity, item:android.view.MenuItem) returnType:kotlin.Boolean
i: [kapt] method showCustomPopupMenu(Landroid/view/View;)V -> origin=OTHER element=KtNamedFunction descriptor=IrBasedSimpleFunctionDescriptor: FUN name:showCustomPopupMenu visibility:private modality:FINAL <> ($this:com.leo.paleorecipes.MainActivity, anchor:android.view.View) returnType:kotlin.Unit
i: [kapt] method onSupportNavigateUp()Z -> origin=OTHER element=KtNamedFunction descriptor=IrBasedSimpleFunctionDescriptor: FUN name:onSupportNavigateUp visibility:public modality:OPEN <> ($this:com.leo.paleorecipes.MainActivity) returnType:kotlin.Boolean
i: [kapt] field binding:Lcom/leo/paleorecipes/databinding/ActivityMainBinding; -> origin=OTHER element=KtProperty descriptor=IrBasedFieldDescriptor: FIELD PROPERTY_BACKING_FIELD name:binding type:com.leo.paleorecipes.databinding.ActivityMainBinding? visibility:private
i: [kapt] class com/leo/paleorecipes/MainActivityCompose -> origin=OTHER element=KtClass descriptor=IrBasedClassDescriptor: CLASS CLASS name:MainActivityCompose modality:FINAL visibility:public superTypes:[androidx.activity.ComponentActivity]
i: [kapt] method <init>()V -> origin=OTHER element=KtClass descriptor=IrBasedClassConstructorDescriptor: CONSTRUCTOR visibility:public <> () returnType:com.leo.paleorecipes.MainActivityCompose [primary]
i: [kapt] method onCreate(Landroid/os/Bundle;)V -> origin=OTHER element=KtNamedFunction descriptor=IrBasedSimpleFunctionDescriptor: FUN name:onCreate visibility:protected modality:OPEN <> ($this:com.leo.paleorecipes.MainActivityCompose, savedInstanceState:android.os.Bundle?) returnType:kotlin.Unit
i: [kapt] class com/leo/paleorecipes/MainActivityComposeKt -> origin=PACKAGE_PART element=KtFile descriptor=IrBasedClassDescriptor: CLASS FILE_CLASS CLASS name:MainActivityComposeKt modality:FINAL visibility:public superTypes:[kotlin.Any]
i: [kapt] method MainScreen()V -> origin=OTHER element=KtNamedFunction descriptor=IrBasedSimpleFunctionDescriptor: FUN name:MainScreen visibility:public modality:FINAL <> () returnType:kotlin.Unit
i: [kapt] method MainButton-0YGnOg8(Ljava/lang/String;Lkotlin/jvm/functions/Function0;JJ)V -> origin=OTHER element=KtNamedFunction descriptor=IrBasedSimpleFunctionDescriptor: FUN name:MainButton-0YGnOg8 visibility:public modality:FINAL <> (text:kotlin.String, onClick:kotlin.Function0<kotlin.Unit>, backgroundColor:androidx.compose.ui.graphics.Color, textColor:androidx.compose.ui.graphics.Color) returnType:kotlin.Unit
i: [kapt] method MainButton-0YGnOg8$default(Ljava/lang/String;Lkotlin/jvm/functions/Function0;JJILjava/lang/Object;)V -> origin=OTHER element=KtNamedFunction descriptor=IrBasedSimpleFunctionDescriptor: FUN FUNCTION_FOR_DEFAULT_PARAMETER name:MainButton-0YGnOg8$default visibility:public modality:FINAL <> (text:kotlin.String, onClick:kotlin.Function0<kotlin.Unit>, backgroundColor:androidx.compose.ui.graphics.Color, textColor:androidx.compose.ui.graphics.Color, $mask0:kotlin.Int, $handler:kotlin.Any?) returnType:kotlin.Unit
i: [kapt] class com/leo/paleorecipes/PaleoRecipesApplication -> origin=OTHER element=KtClass descriptor=IrBasedClassDescriptor: CLASS CLASS name:PaleoRecipesApplication modality:FINAL visibility:public superTypes:[android.app.Application; androidx.work.Configuration.Provider]
i: [kapt] method <init>()V -> origin=OTHER element=KtClass descriptor=IrBasedClassConstructorDescriptor: CONSTRUCTOR visibility:public <> () returnType:com.leo.paleorecipes.PaleoRecipesApplication [primary]
i: [kapt] method getRepository()Lcom/leo/paleorecipes/data/repository/RecipeRepository; -> origin=OTHER element=KtProperty descriptor=IrBasedPropertyGetterDescriptor: FUN DEFAULT_PROPERTY_ACCESSOR name:<get-repository> visibility:public modality:FINAL <> ($this:com.leo.paleorecipes.PaleoRecipesApplication) returnType:com.leo.paleorecipes.data.repository.RecipeRepository
i: [kapt] method setRepository(Lcom/leo/paleorecipes/data/repository/RecipeRepository;)V -> origin=OTHER element=KtProperty descriptor=IrBasedPropertySetterDescriptor: FUN DEFAULT_PROPERTY_ACCESSOR name:<set-repository> visibility:public modality:FINAL <> ($this:com.leo.paleorecipes.PaleoRecipesApplication, <set-?>:com.leo.paleorecipes.data.repository.RecipeRepository) returnType:kotlin.Unit
i: [kapt] method getWorkerFactory()Lcom/leo/paleorecipes/di/HiltWorkerFactory; -> origin=OTHER element=KtProperty descriptor=IrBasedPropertyGetterDescriptor: FUN DEFAULT_PROPERTY_ACCESSOR name:<get-workerFactory> visibility:public modality:FINAL <> ($this:com.leo.paleorecipes.PaleoRecipesApplication) returnType:com.leo.paleorecipes.di.HiltWorkerFactory
i: [kapt] method setWorkerFactory(Lcom/leo/paleorecipes/di/HiltWorkerFactory;)V -> origin=OTHER element=KtProperty descriptor=IrBasedPropertySetterDescriptor: FUN DEFAULT_PROPERTY_ACCESSOR name:<set-workerFactory> visibility:public modality:FINAL <> ($this:com.leo.paleorecipes.PaleoRecipesApplication, <set-?>:com.leo.paleorecipes.di.HiltWorkerFactory) returnType:kotlin.Unit
i: [kapt] method getWorkManagerConfiguration()Landroidx/work/Configuration; -> origin=OTHER element=KtPropertyAccessor descriptor=IrBasedPropertyGetterDescriptor: FUN name:<get-workManagerConfiguration> visibility:public modality:OPEN <> ($this:com.leo.paleorecipes.PaleoRecipesApplication) returnType:androidx.work.Configuration
i: [kapt] method onCreate()V -> origin=OTHER element=KtNamedFunction descriptor=IrBasedSimpleFunctionDescriptor: FUN name:onCreate visibility:public modality:OPEN <> ($this:com.leo.paleorecipes.PaleoRecipesApplication) returnType:kotlin.Unit
i: [kapt] field repository:Lcom/leo/paleorecipes/data/repository/RecipeRepository; -> origin=OTHER element=KtProperty descriptor=IrBasedFieldDescriptor: FIELD PROPERTY_BACKING_FIELD name:repository type:com.leo.paleorecipes.data.repository.RecipeRepository? visibility:public
i: [kapt] field workerFactory:Lcom/leo/paleorecipes/di/HiltWorkerFactory; -> origin=OTHER element=KtProperty descriptor=IrBasedFieldDescriptor: FIELD PROPERTY_BACKING_FIELD name:workerFactory type:com.leo.paleorecipes.di.HiltWorkerFactory? visibility:public
i: [kapt] field applicationScope:Lkotlinx/coroutines/CoroutineScope; -> origin=OTHER element=KtProperty descriptor=IrBasedFieldDescriptor: FIELD PROPERTY_BACKING_FIELD name:applicationScope type:kotlinx.coroutines.CoroutineScope visibility:private [final]
i: [kapt] class com/leo/paleorecipes/RecipeAdapter -> origin=OTHER element=KtClass descriptor=IrBasedClassDescriptor: CLASS CLASS name:RecipeAdapter modality:FINAL visibility:public superTypes:[androidx.recyclerview.widget.ListAdapter<com.leo.paleorecipes.data.Recipe, com.leo.paleorecipes.RecipeAdapter.RecipeViewHolder>]
i: [kapt] method <init>(ZZLkotlin/jvm/functions/Function1;Lkotlin/jvm/functions/Function1;Lkotlin/jvm/functions/Function1;Lkotlin/jvm/functions/Function1;)V -> origin=OTHER element=KtClass descriptor=IrBasedClassConstructorDescriptor: CONSTRUCTOR visibility:public <> (editMode:kotlin.Boolean, printMode:kotlin.Boolean, onRecipeClick:kotlin.Function1<com.leo.paleorecipes.data.Recipe, kotlin.Unit>, onEditClick:kotlin.Function1<com.leo.paleorecipes.data.Recipe, kotlin.Unit>?, onDeleteClick:kotlin.Function1<com.leo.paleorecipes.data.Recipe, kotlin.Unit>?, onPrintClick:kotlin.Function1<com.leo.paleorecipes.data.Recipe, kotlin.Unit>?) returnType:com.leo.paleorecipes.RecipeAdapter [primary]
i: [kapt] method <init>(ZZLkotlin/jvm/functions/Function1;Lkotlin/jvm/functions/Function1;Lkotlin/jvm/functions/Function1;Lkotlin/jvm/functions/Function1;ILkotlin/jvm/internal/DefaultConstructorMarker;)V -> origin=OTHER element=KtClass descriptor=IrBasedClassConstructorDescriptor: CONSTRUCTOR FUNCTION_FOR_DEFAULT_PARAMETER visibility:public <> (editMode:kotlin.Boolean, printMode:kotlin.Boolean, onRecipeClick:kotlin.Function1<com.leo.paleorecipes.data.Recipe, kotlin.Unit>, onEditClick:kotlin.Function1<com.leo.paleorecipes.data.Recipe, kotlin.Unit>?, onDeleteClick:kotlin.Function1<com.leo.paleorecipes.data.Recipe, kotlin.Unit>?, onPrintClick:kotlin.Function1<com.leo.paleorecipes.data.Recipe, kotlin.Unit>?, $mask0:kotlin.Int, $marker:kotlin.jvm.internal.DefaultConstructorMarker?) returnType:com.leo.paleorecipes.RecipeAdapter
i: [kapt] method onCreateViewHolder(Landroid/view/ViewGroup;I)Lcom/leo/paleorecipes/RecipeAdapter$RecipeViewHolder; -> origin=OTHER element=KtNamedFunction descriptor=IrBasedSimpleFunctionDescriptor: FUN name:onCreateViewHolder visibility:public modality:OPEN <> ($this:com.leo.paleorecipes.RecipeAdapter, parent:android.view.ViewGroup, viewType:kotlin.Int) returnType:com.leo.paleorecipes.RecipeAdapter.RecipeViewHolder
i: [kapt] method onBindViewHolder(Lcom/leo/paleorecipes/RecipeAdapter$RecipeViewHolder;I)V -> origin=OTHER element=KtNamedFunction descriptor=IrBasedSimpleFunctionDescriptor: FUN name:onBindViewHolder visibility:public modality:OPEN <> ($this:com.leo.paleorecipes.RecipeAdapter, holder:com.leo.paleorecipes.RecipeAdapter.RecipeViewHolder, position:kotlin.Int) returnType:kotlin.Unit
i: [kapt] method onCreateViewHolder(Landroid/view/ViewGroup;I)Landroidx/recyclerview/widget/RecyclerView$ViewHolder; -> origin=OTHER element=null descriptor=IrBasedSimpleFunctionDescriptor: FUN BRIDGE name:onCreateViewHolder visibility:public modality:OPEN <> ($this:com.leo.paleorecipes.RecipeAdapter, p0:@[EnhancedNullability] android.view.ViewGroup, p1:kotlin.Int) returnType:androidx.recyclerview.widget.RecyclerView.ViewHolder
i: [kapt] method onBindViewHolder(Landroidx/recyclerview/widget/RecyclerView$ViewHolder;I)V -> origin=OTHER element=null descriptor=IrBasedSimpleFunctionDescriptor: FUN BRIDGE name:onBindViewHolder visibility:public modality:OPEN <> ($this:com.leo.paleorecipes.RecipeAdapter, p0:androidx.recyclerview.widget.RecyclerView.ViewHolder, p1:kotlin.Int) returnType:kotlin.Unit
i: [kapt] field editMode:Z -> origin=OTHER element=KtParameter descriptor=IrBasedFieldDescriptor: FIELD PROPERTY_BACKING_FIELD name:editMode type:kotlin.Boolean visibility:private [final]
i: [kapt] field printMode:Z -> origin=OTHER element=KtParameter descriptor=IrBasedFieldDescriptor: FIELD PROPERTY_BACKING_FIELD name:printMode type:kotlin.Boolean visibility:private [final]
i: [kapt] field onRecipeClick:Lkotlin/jvm/functions/Function1; -> origin=OTHER element=KtParameter descriptor=IrBasedFieldDescriptor: FIELD PROPERTY_BACKING_FIELD name:onRecipeClick type:kotlin.Function1<com.leo.paleorecipes.data.Recipe, kotlin.Unit> visibility:private [final]
i: [kapt] field onEditClick:Lkotlin/jvm/functions/Function1; -> origin=OTHER element=KtParameter descriptor=IrBasedFieldDescriptor: FIELD PROPERTY_BACKING_FIELD name:onEditClick type:kotlin.Function1<com.leo.paleorecipes.data.Recipe, kotlin.Unit>? visibility:private [final]
i: [kapt] field onDeleteClick:Lkotlin/jvm/functions/Function1; -> origin=OTHER element=KtParameter descriptor=IrBasedFieldDescriptor: FIELD PROPERTY_BACKING_FIELD name:onDeleteClick type:kotlin.Function1<com.leo.paleorecipes.data.Recipe, kotlin.Unit>? visibility:private [final]
i: [kapt] field onPrintClick:Lkotlin/jvm/functions/Function1; -> origin=OTHER element=KtParameter descriptor=IrBasedFieldDescriptor: FIELD PROPERTY_BACKING_FIELD name:onPrintClick type:kotlin.Function1<com.leo.paleorecipes.data.Recipe, kotlin.Unit>? visibility:private [final]
i: [kapt] class com/leo/paleorecipes/RecipeAdapter$RecipeViewHolder -> origin=OTHER element=KtClass descriptor=IrBasedClassDescriptor: CLASS CLASS name:RecipeViewHolder modality:FINAL visibility:public [inner] superTypes:[androidx.recyclerview.widget.RecyclerView.ViewHolder]
i: [kapt] method <init>(Lcom/leo/paleorecipes/RecipeAdapter;Lcom/leo/paleorecipes/databinding/ItemRecipeBinding;)V -> origin=OTHER element=KtClass descriptor=IrBasedClassConstructorDescriptor: CONSTRUCTOR visibility:public <> (this$0:com.leo.paleorecipes.RecipeAdapter, binding:com.leo.paleorecipes.databinding.ItemRecipeBinding) returnType:com.leo.paleorecipes.RecipeAdapter.RecipeViewHolder [primary]
i: [kapt] method bind(Lcom/leo/paleorecipes/data/Recipe;)V -> origin=OTHER element=KtNamedFunction descriptor=IrBasedSimpleFunctionDescriptor: FUN name:bind visibility:public modality:FINAL <> ($this:com.leo.paleorecipes.RecipeAdapter.RecipeViewHolder, recipe:com.leo.paleorecipes.data.Recipe) returnType:kotlin.Unit
i: [kapt] field binding:Lcom/leo/paleorecipes/databinding/ItemRecipeBinding; -> origin=OTHER element=KtParameter descriptor=IrBasedFieldDescriptor: FIELD PROPERTY_BACKING_FIELD name:binding type:com.leo.paleorecipes.databinding.ItemRecipeBinding visibility:private [final]
i: [kapt] field this$0:Lcom/leo/paleorecipes/RecipeAdapter; -> origin=OTHER element=null descriptor=IrBasedFieldDescriptor: FIELD FIELD_FOR_OUTER_THIS name:this$0 type:com.leo.paleorecipes.RecipeAdapter visibility:public/*package*/ [final]
i: [kapt] class com/leo/paleorecipes/RecipeDiffCallback -> origin=OTHER element=KtClass descriptor=IrBasedClassDescriptor: CLASS CLASS name:RecipeDiffCallback modality:FINAL visibility:public superTypes:[androidx.recyclerview.widget.DiffUtil.ItemCallback<com.leo.paleorecipes.data.Recipe>]
i: [kapt] method <init>()V -> origin=OTHER element=KtClass descriptor=IrBasedClassConstructorDescriptor: CONSTRUCTOR visibility:public <> () returnType:com.leo.paleorecipes.RecipeDiffCallback [primary]
i: [kapt] method areItemsTheSame(Lcom/leo/paleorecipes/data/Recipe;Lcom/leo/paleorecipes/data/Recipe;)Z -> origin=OTHER element=KtNamedFunction descriptor=IrBasedSimpleFunctionDescriptor: FUN name:areItemsTheSame visibility:public modality:OPEN <> ($this:com.leo.paleorecipes.RecipeDiffCallback, oldItem:com.leo.paleorecipes.data.Recipe, newItem:com.leo.paleorecipes.data.Recipe) returnType:kotlin.Boolean
i: [kapt] method areContentsTheSame(Lcom/leo/paleorecipes/data/Recipe;Lcom/leo/paleorecipes/data/Recipe;)Z -> origin=OTHER element=KtNamedFunction descriptor=IrBasedSimpleFunctionDescriptor: FUN name:areContentsTheSame visibility:public modality:OPEN <> ($this:com.leo.paleorecipes.RecipeDiffCallback, oldItem:com.leo.paleorecipes.data.Recipe, newItem:com.leo.paleorecipes.data.Recipe) returnType:kotlin.Boolean
i: [kapt] method areItemsTheSame(Ljava/lang/Object;Ljava/lang/Object;)Z -> origin=OTHER element=null descriptor=IrBasedSimpleFunctionDescriptor: FUN BRIDGE name:areItemsTheSame visibility:public modality:OPEN <> ($this:com.leo.paleorecipes.RecipeDiffCallback, p0:kotlin.Any, p1:kotlin.Any) returnType:kotlin.Boolean
i: [kapt] method areContentsTheSame(Ljava/lang/Object;Ljava/lang/Object;)Z -> origin=OTHER element=null descriptor=IrBasedSimpleFunctionDescriptor: FUN BRIDGE name:areContentsTheSame visibility:public modality:OPEN <> ($this:com.leo.paleorecipes.RecipeDiffCallback, p0:kotlin.Any, p1:kotlin.Any) returnType:kotlin.Boolean
i: [kapt] class com/leo/paleorecipes/RecipeDetailActivity -> origin=OTHER element=KtClass descriptor=IrBasedClassDescriptor: CLASS CLASS name:RecipeDetailActivity modality:FINAL visibility:public superTypes:[androidx.appcompat.app.AppCompatActivity]
i: [kapt] method <init>()V -> origin=OTHER element=KtClass descriptor=IrBasedClassConstructorDescriptor: CONSTRUCTOR visibility:public <> () returnType:com.leo.paleorecipes.RecipeDetailActivity [primary]
i: [kapt] method onCreate(Landroid/os/Bundle;)V -> origin=OTHER element=KtNamedFunction descriptor=IrBasedSimpleFunctionDescriptor: FUN name:onCreate visibility:protected modality:OPEN <> ($this:com.leo.paleorecipes.RecipeDetailActivity, savedInstanceState:android.os.Bundle?) returnType:kotlin.Unit
i: [kapt] method printRecipe()V -> origin=OTHER element=KtNamedFunction descriptor=IrBasedSimpleFunctionDescriptor: FUN name:printRecipe visibility:private modality:FINAL <> ($this:com.leo.paleorecipes.RecipeDetailActivity) returnType:kotlin.Unit
i: [kapt] method createWebPrintJob(Landroid/webkit/WebView;)V -> origin=OTHER element=KtNamedFunction descriptor=IrBasedSimpleFunctionDescriptor: FUN name:createWebPrintJob visibility:private modality:FINAL <> ($this:com.leo.paleorecipes.RecipeDetailActivity, webView:android.webkit.WebView) returnType:kotlin.Unit
i: [kapt] method showPlaceholder()V -> origin=OTHER element=KtNamedFunction descriptor=IrBasedSimpleFunctionDescriptor: FUN name:showPlaceholder visibility:private modality:FINAL <> ($this:com.leo.paleorecipes.RecipeDetailActivity) returnType:kotlin.Unit
i: [kapt] method setupUI()V -> origin=OTHER element=KtNamedFunction descriptor=IrBasedSimpleFunctionDescriptor: FUN name:setupUI visibility:private modality:FINAL <> ($this:com.leo.paleorecipes.RecipeDetailActivity) returnType:kotlin.Unit
i: [kapt] field binding:Lcom/leo/paleorecipes/databinding/ActivityRecipeDetailBinding; -> origin=OTHER element=KtProperty descriptor=IrBasedFieldDescriptor: FIELD PROPERTY_BACKING_FIELD name:binding type:com.leo.paleorecipes.databinding.ActivityRecipeDetailBinding? visibility:private
i: [kapt] field recipe:Lcom/leo/paleorecipes/data/Recipe; -> origin=OTHER element=KtProperty descriptor=IrBasedFieldDescriptor: FIELD PROPERTY_BACKING_FIELD name:recipe type:com.leo.paleorecipes.data.Recipe? visibility:private
i: [kapt] class com/leo/paleorecipes/RecipeListActivity -> origin=OTHER element=KtClass descriptor=IrBasedClassDescriptor: CLASS CLASS name:RecipeListActivity modality:FINAL visibility:public superTypes:[androidx.appcompat.app.AppCompatActivity]
i: [kapt] method <init>()V -> origin=OTHER element=KtClass descriptor=IrBasedClassConstructorDescriptor: CONSTRUCTOR visibility:public <> () returnType:com.leo.paleorecipes.RecipeListActivity [primary]
i: [kapt] method getViewModel()Lcom/leo/paleorecipes/viewmodel/RecipeViewModel; -> origin=OTHER element=KtProperty descriptor=IrBasedPropertyGetterDescriptor: FUN DELEGATED_PROPERTY_ACCESSOR name:<get-viewModel> visibility:private modality:FINAL <> ($this:com.leo.paleorecipes.RecipeListActivity) returnType:com.leo.paleorecipes.viewmodel.RecipeViewModel
i: [kapt] method onCreate(Landroid/os/Bundle;)V -> origin=OTHER element=KtNamedFunction descriptor=IrBasedSimpleFunctionDescriptor: FUN name:onCreate visibility:protected modality:OPEN <> ($this:com.leo.paleorecipes.RecipeListActivity, savedInstanceState:android.os.Bundle?) returnType:kotlin.Unit
i: [kapt] method onOptionsItemSelected(Landroid/view/MenuItem;)Z -> origin=OTHER element=KtNamedFunction descriptor=IrBasedSimpleFunctionDescriptor: FUN name:onOptionsItemSelected visibility:public modality:OPEN <> ($this:com.leo.paleorecipes.RecipeListActivity, item:android.view.MenuItem) returnType:kotlin.Boolean
i: [kapt] method setupRecyclerView()V -> origin=OTHER element=KtNamedFunction descriptor=IrBasedSimpleFunctionDescriptor: FUN name:setupRecyclerView visibility:private modality:FINAL <> ($this:com.leo.paleorecipes.RecipeListActivity) returnType:kotlin.Unit
i: [kapt] method setupSearch()V -> origin=OTHER element=KtNamedFunction descriptor=IrBasedSimpleFunctionDescriptor: FUN name:setupSearch visibility:private modality:FINAL <> ($this:com.leo.paleorecipes.RecipeListActivity) returnType:kotlin.Unit
i: [kapt] method setupFab()V -> origin=OTHER element=KtNamedFunction descriptor=IrBasedSimpleFunctionDescriptor: FUN name:setupFab visibility:private modality:FINAL <> ($this:com.leo.paleorecipes.RecipeListActivity) returnType:kotlin.Unit
i: [kapt] method performSearch(Ljava/lang/String;)V -> origin=OTHER element=KtNamedFunction descriptor=IrBasedSimpleFunctionDescriptor: FUN name:performSearch visibility:private modality:FINAL <> ($this:com.leo.paleorecipes.RecipeListActivity, query:kotlin.String) returnType:kotlin.Unit
i: [kapt] method observeViewModel()V -> origin=OTHER element=KtNamedFunction descriptor=IrBasedSimpleFunctionDescriptor: FUN name:observeViewModel visibility:private modality:FINAL <> ($this:com.leo.paleorecipes.RecipeListActivity) returnType:kotlin.Unit
i: [kapt] method updateEmptyView(Z)V -> origin=OTHER element=KtNamedFunction descriptor=IrBasedSimpleFunctionDescriptor: FUN name:updateEmptyView visibility:private modality:FINAL <> ($this:com.leo.paleorecipes.RecipeListActivity, isEmpty:kotlin.Boolean) returnType:kotlin.Unit
i: [kapt] method showDeleteConfirmationDialog(Lcom/leo/paleorecipes/data/Recipe;)V -> origin=OTHER element=KtNamedFunction descriptor=IrBasedSimpleFunctionDescriptor: FUN name:showDeleteConfirmationDialog visibility:private modality:FINAL <> ($this:com.leo.paleorecipes.RecipeListActivity, recipe:com.leo.paleorecipes.data.Recipe) returnType:kotlin.Unit
i: [kapt] method printRecipe(Lcom/leo/paleorecipes/data/Recipe;)V -> origin=OTHER element=KtNamedFunction descriptor=IrBasedSimpleFunctionDescriptor: FUN name:printRecipe visibility:private modality:FINAL <> ($this:com.leo.paleorecipes.RecipeListActivity, recipe:com.leo.paleorecipes.data.Recipe) returnType:kotlin.Unit
i: [kapt] method onResume()V -> origin=OTHER element=KtNamedFunction descriptor=IrBasedSimpleFunctionDescriptor: FUN name:onResume visibility:protected modality:OPEN <> ($this:com.leo.paleorecipes.RecipeListActivity) returnType:kotlin.Unit
i: [kapt] field binding:Lcom/leo/paleorecipes/databinding/ActivityRecipeListBinding; -> origin=OTHER element=KtProperty descriptor=IrBasedFieldDescriptor: FIELD PROPERTY_BACKING_FIELD name:binding type:com.leo.paleorecipes.databinding.ActivityRecipeListBinding? visibility:private
i: [kapt] field adapter:Lcom/leo/paleorecipes/RecipeAdapter; -> origin=OTHER element=KtProperty descriptor=IrBasedFieldDescriptor: FIELD PROPERTY_BACKING_FIELD name:adapter type:com.leo.paleorecipes.RecipeAdapter? visibility:private
i: [kapt] field isUserRecipes:Z -> origin=OTHER element=KtProperty descriptor=IrBasedFieldDescriptor: FIELD PROPERTY_BACKING_FIELD name:isUserRecipes type:kotlin.Boolean visibility:private
i: [kapt] field editMode:Z -> origin=OTHER element=KtProperty descriptor=IrBasedFieldDescriptor: FIELD PROPERTY_BACKING_FIELD name:editMode type:kotlin.Boolean visibility:private
i: [kapt] field printMode:Z -> origin=OTHER element=KtProperty descriptor=IrBasedFieldDescriptor: FIELD PROPERTY_BACKING_FIELD name:printMode type:kotlin.Boolean visibility:private
i: [kapt] class com/leo/paleorecipes/RecipePrintAdapter -> origin=OTHER element=KtClass descriptor=IrBasedClassDescriptor: CLASS CLASS name:RecipePrintAdapter modality:FINAL visibility:public superTypes:[android.print.PrintDocumentAdapter]
i: [kapt] method <init>(Landroid/content/Context;Lcom/leo/paleorecipes/data/Recipe;)V -> origin=OTHER element=KtClass descriptor=IrBasedClassConstructorDescriptor: CONSTRUCTOR visibility:public <> (context:android.content.Context, recipe:com.leo.paleorecipes.data.Recipe) returnType:com.leo.paleorecipes.RecipePrintAdapter [primary]
i: [kapt] method onLayout(Landroid/print/PrintAttributes;Landroid/print/PrintAttributes;Landroid/os/CancellationSignal;Landroid/print/PrintDocumentAdapter$LayoutResultCallback;Landroid/os/Bundle;)V -> origin=OTHER element=KtNamedFunction descriptor=IrBasedSimpleFunctionDescriptor: FUN name:onLayout visibility:public modality:OPEN <> ($this:com.leo.paleorecipes.RecipePrintAdapter, oldAttributes:android.print.PrintAttributes?, newAttributes:android.print.PrintAttributes, cancellationSignal:android.os.CancellationSignal?, callback:android.print.PrintDocumentAdapter.LayoutResultCallback, extras:android.os.Bundle?) returnType:kotlin.Unit
i: [kapt] method onWrite([Landroid/print/PageRange;Landroid/os/ParcelFileDescriptor;Landroid/os/CancellationSignal;Landroid/print/PrintDocumentAdapter$WriteResultCallback;)V -> origin=OTHER element=KtNamedFunction descriptor=IrBasedSimpleFunctionDescriptor: FUN name:onWrite visibility:public modality:OPEN <> ($this:com.leo.paleorecipes.RecipePrintAdapter, pages:kotlin.Array<out android.print.PageRange>, destination:android.os.ParcelFileDescriptor, cancellationSignal:android.os.CancellationSignal?, callback:android.print.PrintDocumentAdapter.WriteResultCallback) returnType:kotlin.Unit
i: [kapt] method drawRecipe(Landroid/graphics/Canvas;)V -> origin=OTHER element=KtNamedFunction descriptor=IrBasedSimpleFunctionDescriptor: FUN name:drawRecipe visibility:private modality:FINAL <> ($this:com.leo.paleorecipes.RecipePrintAdapter, canvas:android.graphics.Canvas) returnType:kotlin.Unit
i: [kapt] method calculateInSampleSize(Landroid/graphics/BitmapFactory$Options;II)I -> origin=OTHER element=KtNamedFunction descriptor=IrBasedSimpleFunctionDescriptor: FUN name:calculateInSampleSize visibility:private modality:FINAL <> ($this:com.leo.paleorecipes.RecipePrintAdapter, options:android.graphics.BitmapFactory.Options, reqWidth:kotlin.Int, reqHeight:kotlin.Int) returnType:kotlin.Int
i: [kapt] method splitTextIntoLines(Ljava/lang/String;Landroid/graphics/Paint;F)Ljava/util/List; -> origin=OTHER element=KtNamedFunction descriptor=IrBasedSimpleFunctionDescriptor: FUN name:splitTextIntoLines visibility:private modality:FINAL <> ($this:com.leo.paleorecipes.RecipePrintAdapter, text:kotlin.String, paint:android.graphics.Paint, maxWidth:kotlin.Float) returnType:kotlin.collections.List<kotlin.String>
i: [kapt] method cleanup()V -> origin=OTHER element=KtNamedFunction descriptor=IrBasedSimpleFunctionDescriptor: FUN name:cleanup visibility:public modality:FINAL <> ($this:com.leo.paleorecipes.RecipePrintAdapter) returnType:kotlin.Unit
i: [kapt] field context:Landroid/content/Context; -> origin=OTHER element=KtParameter descriptor=IrBasedFieldDescriptor: FIELD PROPERTY_BACKING_FIELD name:context type:android.content.Context visibility:private [final]
i: [kapt] field recipe:Lcom/leo/paleorecipes/data/Recipe; -> origin=OTHER element=KtParameter descriptor=IrBasedFieldDescriptor: FIELD PROPERTY_BACKING_FIELD name:recipe type:com.leo.paleorecipes.data.Recipe visibility:private [final]
i: [kapt] field pdfDocument:Landroid/graphics/pdf/PdfDocument; -> origin=OTHER element=KtProperty descriptor=IrBasedFieldDescriptor: FIELD PROPERTY_BACKING_FIELD name:pdfDocument type:android.graphics.pdf.PdfDocument? visibility:private
i: [kapt] field recipeBitmap:Landroid/graphics/Bitmap; -> origin=OTHER element=KtProperty descriptor=IrBasedFieldDescriptor: FIELD PROPERTY_BACKING_FIELD name:recipeBitmap type:android.graphics.Bitmap? visibility:private
i: [kapt] class com/leo/paleorecipes/SettingsActivity -> origin=OTHER element=KtClass descriptor=IrBasedClassDescriptor: CLASS CLASS name:SettingsActivity modality:FINAL visibility:public superTypes:[androidx.appcompat.app.AppCompatActivity]
i: [kapt] method <init>()V -> origin=OTHER element=KtClass descriptor=IrBasedClassConstructorDescriptor: CONSTRUCTOR visibility:public <> () returnType:com.leo.paleorecipes.SettingsActivity [primary]
i: [kapt] method onCreate(Landroid/os/Bundle;)V -> origin=OTHER element=KtNamedFunction descriptor=IrBasedSimpleFunctionDescriptor: FUN name:onCreate visibility:protected modality:OPEN <> ($this:com.leo.paleorecipes.SettingsActivity, savedInstanceState:android.os.Bundle?) returnType:kotlin.Unit
i: [kapt] class com/leo/paleorecipes/SplashActivity -> origin=OTHER element=KtClass descriptor=IrBasedClassDescriptor: CLASS CLASS name:SplashActivity modality:FINAL visibility:public superTypes:[androidx.appcompat.app.AppCompatActivity]
i: [kapt] method <init>()V -> origin=OTHER element=KtClass descriptor=IrBasedClassConstructorDescriptor: CONSTRUCTOR visibility:public <> () returnType:com.leo.paleorecipes.SplashActivity [primary]
i: [kapt] method onCreate(Landroid/os/Bundle;)V -> origin=OTHER element=KtNamedFunction descriptor=IrBasedSimpleFunctionDescriptor: FUN name:onCreate visibility:protected modality:OPEN <> ($this:com.leo.paleorecipes.SplashActivity, savedInstanceState:android.os.Bundle?) returnType:kotlin.Unit
i: [kapt] class com/leo/paleorecipes/adapter/IngredientsAdapter -> origin=OTHER element=KtClass descriptor=IrBasedClassDescriptor: CLASS CLASS name:IngredientsAdapter modality:FINAL visibility:public superTypes:[androidx.recyclerview.widget.ListAdapter<kotlin.String, com.leo.paleorecipes.adapter.IngredientsAdapter.IngredientViewHolder>]
i: [kapt] method <init>(Lkotlin/jvm/functions/Function1;)V -> origin=OTHER element=KtClass descriptor=IrBasedClassConstructorDescriptor: CONSTRUCTOR visibility:public <> (onRemoveClick:kotlin.Function1<kotlin.String, kotlin.Unit>) returnType:com.leo.paleorecipes.adapter.IngredientsAdapter [primary]
i: [kapt] method onCreateViewHolder(Landroid/view/ViewGroup;I)Lcom/leo/paleorecipes/adapter/IngredientsAdapter$IngredientViewHolder; -> origin=OTHER element=KtNamedFunction descriptor=IrBasedSimpleFunctionDescriptor: FUN name:onCreateViewHolder visibility:public modality:OPEN <> ($this:com.leo.paleorecipes.adapter.IngredientsAdapter, parent:android.view.ViewGroup, viewType:kotlin.Int) returnType:com.leo.paleorecipes.adapter.IngredientsAdapter.IngredientViewHolder
i: [kapt] method onBindViewHolder(Lcom/leo/paleorecipes/adapter/IngredientsAdapter$IngredientViewHolder;I)V -> origin=OTHER element=KtNamedFunction descriptor=IrBasedSimpleFunctionDescriptor: FUN name:onBindViewHolder visibility:public modality:OPEN <> ($this:com.leo.paleorecipes.adapter.IngredientsAdapter, holder:com.leo.paleorecipes.adapter.IngredientsAdapter.IngredientViewHolder, position:kotlin.Int) returnType:kotlin.Unit
i: [kapt] method onCreateViewHolder(Landroid/view/ViewGroup;I)Landroidx/recyclerview/widget/RecyclerView$ViewHolder; -> origin=OTHER element=null descriptor=IrBasedSimpleFunctionDescriptor: FUN BRIDGE name:onCreateViewHolder visibility:public modality:OPEN <> ($this:com.leo.paleorecipes.adapter.IngredientsAdapter, p0:@[EnhancedNullability] android.view.ViewGroup, p1:kotlin.Int) returnType:androidx.recyclerview.widget.RecyclerView.ViewHolder
i: [kapt] method onBindViewHolder(Landroidx/recyclerview/widget/RecyclerView$ViewHolder;I)V -> origin=OTHER element=null descriptor=IrBasedSimpleFunctionDescriptor: FUN BRIDGE name:onBindViewHolder visibility:public modality:OPEN <> ($this:com.leo.paleorecipes.adapter.IngredientsAdapter, p0:androidx.recyclerview.widget.RecyclerView.ViewHolder, p1:kotlin.Int) returnType:kotlin.Unit
i: [kapt] field onRemoveClick:Lkotlin/jvm/functions/Function1; -> origin=OTHER element=KtParameter descriptor=IrBasedFieldDescriptor: FIELD PROPERTY_BACKING_FIELD name:onRemoveClick type:kotlin.Function1<kotlin.String, kotlin.Unit> visibility:private [final]
i: [kapt] class com/leo/paleorecipes/adapter/IngredientsAdapter$IngredientViewHolder -> origin=OTHER element=KtClass descriptor=IrBasedClassDescriptor: CLASS CLASS name:IngredientViewHolder modality:FINAL visibility:public superTypes:[androidx.recyclerview.widget.RecyclerView.ViewHolder]
i: [kapt] method <init>(Landroid/view/View;Lkotlin/jvm/functions/Function1;)V -> origin=OTHER element=KtClass descriptor=IrBasedClassConstructorDescriptor: CONSTRUCTOR visibility:public <> (itemView:android.view.View, onRemoveClick:kotlin.Function1<kotlin.String, kotlin.Unit>) returnType:com.leo.paleorecipes.adapter.IngredientsAdapter.IngredientViewHolder [primary]
i: [kapt] method bind(Ljava/lang/String;)V -> origin=OTHER element=KtNamedFunction descriptor=IrBasedSimpleFunctionDescriptor: FUN name:bind visibility:public modality:FINAL <> ($this:com.leo.paleorecipes.adapter.IngredientsAdapter.IngredientViewHolder, ingredient:kotlin.String) returnType:kotlin.Unit
i: [kapt] field ingredientName:Landroid/widget/TextView; -> origin=OTHER element=KtProperty descriptor=IrBasedFieldDescriptor: FIELD PROPERTY_BACKING_FIELD name:ingredientName type:android.widget.TextView visibility:private [final]
i: [kapt] field removeButton:Landroid/widget/ImageButton; -> origin=OTHER element=KtProperty descriptor=IrBasedFieldDescriptor: FIELD PROPERTY_BACKING_FIELD name:removeButton type:android.widget.ImageButton visibility:private [final]
i: [kapt] class com/leo/paleorecipes/adapter/IngredientDiffCallback -> origin=OTHER element=KtClass descriptor=IrBasedClassDescriptor: CLASS CLASS name:IngredientDiffCallback modality:FINAL visibility:public superTypes:[androidx.recyclerview.widget.DiffUtil.ItemCallback<kotlin.String>]
i: [kapt] method <init>()V -> origin=OTHER element=KtClass descriptor=IrBasedClassConstructorDescriptor: CONSTRUCTOR visibility:public <> () returnType:com.leo.paleorecipes.adapter.IngredientDiffCallback [primary]
i: [kapt] method areItemsTheSame(Ljava/lang/String;Ljava/lang/String;)Z -> origin=OTHER element=KtNamedFunction descriptor=IrBasedSimpleFunctionDescriptor: FUN name:areItemsTheSame visibility:public modality:OPEN <> ($this:com.leo.paleorecipes.adapter.IngredientDiffCallback, oldItem:kotlin.String, newItem:kotlin.String) returnType:kotlin.Boolean
i: [kapt] method areContentsTheSame(Ljava/lang/String;Ljava/lang/String;)Z -> origin=OTHER element=KtNamedFunction descriptor=IrBasedSimpleFunctionDescriptor: FUN name:areContentsTheSame visibility:public modality:OPEN <> ($this:com.leo.paleorecipes.adapter.IngredientDiffCallback, oldItem:kotlin.String, newItem:kotlin.String) returnType:kotlin.Boolean
i: [kapt] method areItemsTheSame(Ljava/lang/Object;Ljava/lang/Object;)Z -> origin=OTHER element=null descriptor=IrBasedSimpleFunctionDescriptor: FUN BRIDGE name:areItemsTheSame visibility:public modality:OPEN <> ($this:com.leo.paleorecipes.adapter.IngredientDiffCallback, p0:kotlin.Any, p1:kotlin.Any) returnType:kotlin.Boolean
i: [kapt] method areContentsTheSame(Ljava/lang/Object;Ljava/lang/Object;)Z -> origin=OTHER element=null descriptor=IrBasedSimpleFunctionDescriptor: FUN BRIDGE name:areContentsTheSame visibility:public modality:OPEN <> ($this:com.leo.paleorecipes.adapter.IngredientDiffCallback, p0:kotlin.Any, p1:kotlin.Any) returnType:kotlin.Boolean
i: [kapt] class com/leo/paleorecipes/adapter/RecipesAdapter -> origin=OTHER element=KtClass descriptor=IrBasedClassDescriptor: CLASS CLASS name:RecipesAdapter modality:FINAL visibility:public superTypes:[androidx.recyclerview.widget.ListAdapter<com.leo.paleorecipes.data.Recipe, com.leo.paleorecipes.adapter.RecipesAdapter.RecipeViewHolder>]
i: [kapt] method <init>(Lkotlin/jvm/functions/Function1;Lkotlin/jvm/functions/Function1;)V -> origin=OTHER element=KtClass descriptor=IrBasedClassConstructorDescriptor: CONSTRUCTOR visibility:public <> (onRecipeClick:kotlin.Function1<com.leo.paleorecipes.data.Recipe, kotlin.Unit>, onFavoriteClick:kotlin.Function1<com.leo.paleorecipes.data.Recipe, kotlin.Unit>) returnType:com.leo.paleorecipes.adapter.RecipesAdapter [primary]
i: [kapt] method onCreateViewHolder(Landroid/view/ViewGroup;I)Lcom/leo/paleorecipes/adapter/RecipesAdapter$RecipeViewHolder; -> origin=OTHER element=KtNamedFunction descriptor=IrBasedSimpleFunctionDescriptor: FUN name:onCreateViewHolder visibility:public modality:OPEN <> ($this:com.leo.paleorecipes.adapter.RecipesAdapter, parent:android.view.ViewGroup, viewType:kotlin.Int) returnType:com.leo.paleorecipes.adapter.RecipesAdapter.RecipeViewHolder
i: [kapt] method onBindViewHolder(Lcom/leo/paleorecipes/adapter/RecipesAdapter$RecipeViewHolder;I)V -> origin=OTHER element=KtNamedFunction descriptor=IrBasedSimpleFunctionDescriptor: FUN name:onBindViewHolder visibility:public modality:OPEN <> ($this:com.leo.paleorecipes.adapter.RecipesAdapter, holder:com.leo.paleorecipes.adapter.RecipesAdapter.RecipeViewHolder, position:kotlin.Int) returnType:kotlin.Unit
i: [kapt] method getItemViewType(I)I -> origin=OTHER element=KtNamedFunction descriptor=IrBasedSimpleFunctionDescriptor: FUN name:getItemViewType visibility:public modality:OPEN <> ($this:com.leo.paleorecipes.adapter.RecipesAdapter, position:kotlin.Int) returnType:kotlin.Int
i: [kapt] method updateRecipe(Lcom/leo/paleorecipes/data/Recipe;)V -> origin=OTHER element=KtNamedFunction descriptor=IrBasedSimpleFunctionDescriptor: FUN name:updateRecipe visibility:public modality:FINAL <> ($this:com.leo.paleorecipes.adapter.RecipesAdapter, updatedRecipe:com.leo.paleorecipes.data.Recipe) returnType:kotlin.Unit
i: [kapt] method onCreateViewHolder(Landroid/view/ViewGroup;I)Landroidx/recyclerview/widget/RecyclerView$ViewHolder; -> origin=OTHER element=null descriptor=IrBasedSimpleFunctionDescriptor: FUN BRIDGE name:onCreateViewHolder visibility:public modality:OPEN <> ($this:com.leo.paleorecipes.adapter.RecipesAdapter, p0:@[EnhancedNullability] android.view.ViewGroup, p1:kotlin.Int) returnType:androidx.recyclerview.widget.RecyclerView.ViewHolder
i: [kapt] method onBindViewHolder(Landroidx/recyclerview/widget/RecyclerView$ViewHolder;I)V -> origin=OTHER element=null descriptor=IrBasedSimpleFunctionDescriptor: FUN BRIDGE name:onBindViewHolder visibility:public modality:OPEN <> ($this:com.leo.paleorecipes.adapter.RecipesAdapter, p0:androidx.recyclerview.widget.RecyclerView.ViewHolder, p1:kotlin.Int) returnType:kotlin.Unit
i: [kapt] field onFavoriteClick:Lkotlin/jvm/functions/Function1; -> origin=OTHER element=KtParameter descriptor=IrBasedFieldDescriptor: FIELD PROPERTY_BACKING_FIELD name:onFavoriteClick type:kotlin.Function1<com.leo.paleorecipes.data.Recipe, kotlin.Unit> visibility:private [final]
i: [kapt] class com/leo/paleorecipes/adapter/RecipesAdapter$RecipeViewHolder -> origin=OTHER element=KtClass descriptor=IrBasedClassDescriptor: CLASS CLASS name:RecipeViewHolder modality:FINAL visibility:public [inner] superTypes:[androidx.recyclerview.widget.RecyclerView.ViewHolder]
i: [kapt] method <init>(Lcom/leo/paleorecipes/adapter/RecipesAdapter;Landroid/view/View;)V -> origin=OTHER element=KtClass descriptor=IrBasedClassConstructorDescriptor: CONSTRUCTOR visibility:public <> (this$0:com.leo.paleorecipes.adapter.RecipesAdapter, itemView:android.view.View) returnType:com.leo.paleorecipes.adapter.RecipesAdapter.RecipeViewHolder [primary]
i: [kapt] method bind(Lcom/leo/paleorecipes/data/Recipe;)V -> origin=OTHER element=KtNamedFunction descriptor=IrBasedSimpleFunctionDescriptor: FUN name:bind visibility:public modality:FINAL <> ($this:com.leo.paleorecipes.adapter.RecipesAdapter.RecipeViewHolder, recipe:com.leo.paleorecipes.data.Recipe) returnType:kotlin.Unit
i: [kapt] field titleText:Landroid/widget/TextView; -> origin=OTHER element=KtProperty descriptor=IrBasedFieldDescriptor: FIELD PROPERTY_BACKING_FIELD name:titleText type:android.widget.TextView visibility:private [final]
i: [kapt] field ingredientsText:Landroid/widget/TextView; -> origin=OTHER element=KtProperty descriptor=IrBasedFieldDescriptor: FIELD PROPERTY_BACKING_FIELD name:ingredientsText type:android.widget.TextView visibility:private [final]
i: [kapt] field timeText:Landroid/widget/TextView; -> origin=OTHER element=KtProperty descriptor=IrBasedFieldDescriptor: FIELD PROPERTY_BACKING_FIELD name:timeText type:android.widget.TextView visibility:private [final]
i: [kapt] field recipeImage:Landroid/widget/ImageView; -> origin=OTHER element=KtProperty descriptor=IrBasedFieldDescriptor: FIELD PROPERTY_BACKING_FIELD name:recipeImage type:android.widget.ImageView visibility:private [final]
i: [kapt] field favoriteIcon:Landroid/widget/ImageView; -> origin=OTHER element=KtProperty descriptor=IrBasedFieldDescriptor: FIELD PROPERTY_BACKING_FIELD name:favoriteIcon type:android.widget.ImageView visibility:private [final]
i: [kapt] field this$0:Lcom/leo/paleorecipes/adapter/RecipesAdapter; -> origin=OTHER element=null descriptor=IrBasedFieldDescriptor: FIELD FIELD_FOR_OUTER_THIS name:this$0 type:com.leo.paleorecipes.adapter.RecipesAdapter visibility:public/*package*/ [final]
i: [kapt] class com/leo/paleorecipes/adapter/RecipeDiffCallback -> origin=OTHER element=KtClass descriptor=IrBasedClassDescriptor: CLASS CLASS name:RecipeDiffCallback modality:FINAL visibility:public superTypes:[androidx.recyclerview.widget.DiffUtil.ItemCallback<com.leo.paleorecipes.data.Recipe>]
i: [kapt] method <init>()V -> origin=OTHER element=KtClass descriptor=IrBasedClassConstructorDescriptor: CONSTRUCTOR visibility:public <> () returnType:com.leo.paleorecipes.adapter.RecipeDiffCallback [primary]
i: [kapt] method areItemsTheSame(Lcom/leo/paleorecipes/data/Recipe;Lcom/leo/paleorecipes/data/Recipe;)Z -> origin=OTHER element=KtNamedFunction descriptor=IrBasedSimpleFunctionDescriptor: FUN name:areItemsTheSame visibility:public modality:OPEN <> ($this:com.leo.paleorecipes.adapter.RecipeDiffCallback, oldItem:com.leo.paleorecipes.data.Recipe, newItem:com.leo.paleorecipes.data.Recipe) returnType:kotlin.Boolean
i: [kapt] method areContentsTheSame(Lcom/leo/paleorecipes/data/Recipe;Lcom/leo/paleorecipes/data/Recipe;)Z -> origin=OTHER element=KtNamedFunction descriptor=IrBasedSimpleFunctionDescriptor: FUN name:areContentsTheSame visibility:public modality:OPEN <> ($this:com.leo.paleorecipes.adapter.RecipeDiffCallback, oldItem:com.leo.paleorecipes.data.Recipe, newItem:com.leo.paleorecipes.data.Recipe) returnType:kotlin.Boolean
i: [kapt] method areItemsTheSame(Ljava/lang/Object;Ljava/lang/Object;)Z -> origin=OTHER element=null descriptor=IrBasedSimpleFunctionDescriptor: FUN BRIDGE name:areItemsTheSame visibility:public modality:OPEN <> ($this:com.leo.paleorecipes.adapter.RecipeDiffCallback, p0:kotlin.Any, p1:kotlin.Any) returnType:kotlin.Boolean
i: [kapt] method areContentsTheSame(Ljava/lang/Object;Ljava/lang/Object;)Z -> origin=OTHER element=null descriptor=IrBasedSimpleFunctionDescriptor: FUN BRIDGE name:areContentsTheSame visibility:public modality:OPEN <> ($this:com.leo.paleorecipes.adapter.RecipeDiffCallback, p0:kotlin.Any, p1:kotlin.Any) returnType:kotlin.Boolean
i: [kapt] class com/leo/paleorecipes/data/AppDatabase -> origin=OTHER element=KtClass descriptor=IrBasedClassDescriptor: CLASS CLASS name:AppDatabase modality:ABSTRACT visibility:public superTypes:[androidx.room.RoomDatabase]
i: [kapt] method <init>()V -> origin=OTHER element=KtClass descriptor=IrBasedClassConstructorDescriptor: CONSTRUCTOR visibility:public <> () returnType:com.leo.paleorecipes.data.AppDatabase [primary]
i: [kapt] method recipeDao()Lcom/leo/paleorecipes/data/RecipeDao; -> origin=OTHER element=KtNamedFunction descriptor=IrBasedSimpleFunctionDescriptor: FUN name:recipeDao visibility:public modality:ABSTRACT <> ($this:com.leo.paleorecipes.data.AppDatabase) returnType:com.leo.paleorecipes.data.RecipeDao
i: [kapt] method ingredientDao()Lcom/leo/paleorecipes/data/local/dao/IngredientDao; -> origin=OTHER element=KtNamedFunction descriptor=IrBasedSimpleFunctionDescriptor: FUN name:ingredientDao visibility:public modality:ABSTRACT <> ($this:com.leo.paleorecipes.data.AppDatabase) returnType:com.leo.paleorecipes.data.local.dao.IngredientDao
i: [kapt] field Companion:Lcom/leo/paleorecipes/data/AppDatabase$Companion; -> origin=OTHER element=null descriptor=IrBasedFieldDescriptor: FIELD FIELD_FOR_OBJECT_INSTANCE name:Companion type:com.leo.paleorecipes.data.AppDatabase.Companion visibility:public [final,static]
i: [kapt] field TAG:Ljava/lang/String; -> origin=OTHER element=KtProperty descriptor=IrBasedFieldDescriptor: FIELD COMPANION_PROPERTY_BACKING_FIELD name:TAG type:kotlin.String visibility:private [final,static]
i: [kapt] field INSTANCE:Lcom/leo/paleorecipes/data/AppDatabase; -> origin=OTHER element=KtProperty descriptor=IrBasedFieldDescriptor: FIELD COMPANION_PROPERTY_BACKING_FIELD name:INSTANCE type:com.leo.paleorecipes.data.AppDatabase? visibility:private [static]
i: [kapt] class com/leo/paleorecipes/data/AppDatabase$Companion -> origin=OTHER element=KtObjectDeclaration descriptor=IrBasedClassDescriptor: CLASS OBJECT name:Companion modality:FINAL visibility:public [companion] superTypes:[kotlin.Any]
i: [kapt] method <init>()V -> origin=OTHER element=KtObjectDeclaration descriptor=IrBasedClassConstructorDescriptor: CONSTRUCTOR visibility:private <> () returnType:com.leo.paleorecipes.data.AppDatabase.Companion [primary]
i: [kapt] method getDatabase(Landroid/content/Context;)Lcom/leo/paleorecipes/data/AppDatabase; -> origin=OTHER element=KtNamedFunction descriptor=IrBasedSimpleFunctionDescriptor: FUN name:getDatabase visibility:public modality:FINAL <> ($this:com.leo.paleorecipes.data.AppDatabase.Companion, context:android.content.Context) returnType:com.leo.paleorecipes.data.AppDatabase
i: [kapt] method <init>(Lkotlin/jvm/internal/DefaultConstructorMarker;)V -> origin=OTHER element=null descriptor=IrBasedClassConstructorDescriptor: CONSTRUCTOR SYNTHETIC_ACCESSOR visibility:public <> ($constructor_marker:kotlin.jvm.internal.DefaultConstructorMarker?) returnType:com.leo.paleorecipes.data.AppDatabase.Companion
i: [kapt] class com/leo/paleorecipes/data/Converters -> origin=OTHER element=KtClass descriptor=IrBasedClassDescriptor: CLASS CLASS name:Converters modality:FINAL visibility:public superTypes:[kotlin.Any]
i: [kapt] method <init>()V -> origin=OTHER element=KtClass descriptor=IrBasedClassConstructorDescriptor: CONSTRUCTOR visibility:public <> () returnType:com.leo.paleorecipes.data.Converters [primary]
i: [kapt] method fromStringList(Ljava/util/List;)Ljava/lang/String; -> origin=OTHER element=KtNamedFunction descriptor=IrBasedSimpleFunctionDescriptor: FUN name:fromStringList visibility:public modality:FINAL <> ($this:com.leo.paleorecipes.data.Converters, value:kotlin.collections.List<kotlin.String>) returnType:kotlin.String
i: [kapt] method toStringList(Ljava/lang/String;)Ljava/util/List; -> origin=OTHER element=KtNamedFunction descriptor=IrBasedSimpleFunctionDescriptor: FUN name:toStringList visibility:public modality:FINAL <> ($this:com.leo.paleorecipes.data.Converters, value:kotlin.String) returnType:kotlin.collections.List<kotlin.String>
i: [kapt] field gson:Lcom/google/gson/Gson; -> origin=OTHER element=KtProperty descriptor=IrBasedFieldDescriptor: FIELD PROPERTY_BACKING_FIELD name:gson type:com.google.gson.Gson visibility:private [final]
i: [kapt] class com/leo/paleorecipes/data/Recipe -> origin=OTHER element=KtClass descriptor=IrBasedClassDescriptor: CLASS CLASS name:Recipe modality:FINAL visibility:public [data] superTypes:[android.os.Parcelable]
i: [kapt] method <init>(JLjava/lang/String;Ljava/lang/String;Ljava/util/List;Ljava/util/List;IIILjava/lang/String;Ljava/lang/String;Ljava/lang/String;Ljava/lang/String;ZZJ)V -> origin=OTHER element=KtClass descriptor=IrBasedClassConstructorDescriptor: CONSTRUCTOR visibility:public <> (id:kotlin.Long, title:kotlin.String, description:kotlin.String, ingredients:kotlin.collections.List<kotlin.String>, instructions:kotlin.collections.List<kotlin.String>, prepTime:kotlin.Int, cookTime:kotlin.Int, servings:kotlin.Int, imageUrl:kotlin.String, category:kotlin.String, difficulty:kotlin.String, notes:kotlin.String, isUserCreated:kotlin.Boolean, isFavorite:kotlin.Boolean, dateAdded:kotlin.Long) returnType:com.leo.paleorecipes.data.Recipe [primary]
i: [kapt] method <init>(JLjava/lang/String;Ljava/lang/String;Ljava/util/List;Ljava/util/List;IIILjava/lang/String;Ljava/lang/String;Ljava/lang/String;Ljava/lang/String;ZZJILkotlin/jvm/internal/DefaultConstructorMarker;)V -> origin=OTHER element=KtClass descriptor=IrBasedClassConstructorDescriptor: CONSTRUCTOR FUNCTION_FOR_DEFAULT_PARAMETER visibility:public <> (id:kotlin.Long, title:kotlin.String, description:kotlin.String?, ingredients:kotlin.collections.List<kotlin.String>, instructions:kotlin.collections.List<kotlin.String>, prepTime:kotlin.Int, cookTime:kotlin.Int, servings:kotlin.Int, imageUrl:kotlin.String?, category:kotlin.String?, difficulty:kotlin.String?, notes:kotlin.String?, isUserCreated:kotlin.Boolean, isFavorite:kotlin.Boolean, dateAdded:kotlin.Long, $mask0:kotlin.Int, $marker:kotlin.jvm.internal.DefaultConstructorMarker?) returnType:com.leo.paleorecipes.data.Recipe
i: [kapt] method getId()J -> origin=OTHER element=KtParameter descriptor=IrBasedPropertyGetterDescriptor: FUN DEFAULT_PROPERTY_ACCESSOR name:<get-id> visibility:public modality:FINAL <> ($this:com.leo.paleorecipes.data.Recipe) returnType:kotlin.Long
i: [kapt] method getTitle()Ljava/lang/String; -> origin=OTHER element=KtParameter descriptor=IrBasedPropertyGetterDescriptor: FUN DEFAULT_PROPERTY_ACCESSOR name:<get-title> visibility:public modality:FINAL <> ($this:com.leo.paleorecipes.data.Recipe) returnType:kotlin.String
i: [kapt] method getDescription()Ljava/lang/String; -> origin=OTHER element=KtParameter descriptor=IrBasedPropertyGetterDescriptor: FUN DEFAULT_PROPERTY_ACCESSOR name:<get-description> visibility:public modality:FINAL <> ($this:com.leo.paleorecipes.data.Recipe) returnType:kotlin.String
i: [kapt] method getIngredients()Ljava/util/List; -> origin=OTHER element=KtParameter descriptor=IrBasedPropertyGetterDescriptor: FUN DEFAULT_PROPERTY_ACCESSOR name:<get-ingredients> visibility:public modality:FINAL <> ($this:com.leo.paleorecipes.data.Recipe) returnType:kotlin.collections.List<kotlin.String>
i: [kapt] method getInstructions()Ljava/util/List; -> origin=OTHER element=KtParameter descriptor=IrBasedPropertyGetterDescriptor: FUN DEFAULT_PROPERTY_ACCESSOR name:<get-instructions> visibility:public modality:FINAL <> ($this:com.leo.paleorecipes.data.Recipe) returnType:kotlin.collections.List<kotlin.String>
i: [kapt] method getPrepTime()I -> origin=OTHER element=KtParameter descriptor=IrBasedPropertyGetterDescriptor: FUN DEFAULT_PROPERTY_ACCESSOR name:<get-prepTime> visibility:public modality:FINAL <> ($this:com.leo.paleorecipes.data.Recipe) returnType:kotlin.Int
i: [kapt] method getCookTime()I -> origin=OTHER element=KtParameter descriptor=IrBasedPropertyGetterDescriptor: FUN DEFAULT_PROPERTY_ACCESSOR name:<get-cookTime> visibility:public modality:FINAL <> ($this:com.leo.paleorecipes.data.Recipe) returnType:kotlin.Int
i: [kapt] method getServings()I -> origin=OTHER element=KtParameter descriptor=IrBasedPropertyGetterDescriptor: FUN DEFAULT_PROPERTY_ACCESSOR name:<get-servings> visibility:public modality:FINAL <> ($this:com.leo.paleorecipes.data.Recipe) returnType:kotlin.Int
i: [kapt] method getImageUrl()Ljava/lang/String; -> origin=OTHER element=KtParameter descriptor=IrBasedPropertyGetterDescriptor: FUN DEFAULT_PROPERTY_ACCESSOR name:<get-imageUrl> visibility:public modality:FINAL <> ($this:com.leo.paleorecipes.data.Recipe) returnType:kotlin.String
i: [kapt] method getCategory()Ljava/lang/String; -> origin=OTHER element=KtParameter descriptor=IrBasedPropertyGetterDescriptor: FUN DEFAULT_PROPERTY_ACCESSOR name:<get-category> visibility:public modality:FINAL <> ($this:com.leo.paleorecipes.data.Recipe) returnType:kotlin.String
i: [kapt] method getDifficulty()Ljava/lang/String; -> origin=OTHER element=KtParameter descriptor=IrBasedPropertyGetterDescriptor: FUN DEFAULT_PROPERTY_ACCESSOR name:<get-difficulty> visibility:public modality:FINAL <> ($this:com.leo.paleorecipes.data.Recipe) returnType:kotlin.String
i: [kapt] method getNotes()Ljava/lang/String; -> origin=OTHER element=KtParameter descriptor=IrBasedPropertyGetterDescriptor: FUN DEFAULT_PROPERTY_ACCESSOR name:<get-notes> visibility:public modality:FINAL <> ($this:com.leo.paleorecipes.data.Recipe) returnType:kotlin.String
i: [kapt] method isUserCreated()Z -> origin=OTHER element=KtParameter descriptor=IrBasedPropertyGetterDescriptor: FUN DEFAULT_PROPERTY_ACCESSOR name:<get-isUserCreated> visibility:public modality:FINAL <> ($this:com.leo.paleorecipes.data.Recipe) returnType:kotlin.Boolean
i: [kapt] method isFavorite()Z -> origin=OTHER element=KtParameter descriptor=IrBasedPropertyGetterDescriptor: FUN DEFAULT_PROPERTY_ACCESSOR name:<get-isFavorite> visibility:public modality:FINAL <> ($this:com.leo.paleorecipes.data.Recipe) returnType:kotlin.Boolean
i: [kapt] method getDateAdded()J -> origin=OTHER element=KtParameter descriptor=IrBasedPropertyGetterDescriptor: FUN DEFAULT_PROPERTY_ACCESSOR name:<get-dateAdded> visibility:public modality:FINAL <> ($this:com.leo.paleorecipes.data.Recipe) returnType:kotlin.Long
i: [kapt] method getTotalTime()I -> origin=OTHER element=KtPropertyAccessor descriptor=IrBasedPropertyGetterDescriptor: FUN name:<get-totalTime> visibility:public modality:FINAL <> ($this:com.leo.paleorecipes.data.Recipe) returnType:kotlin.Int
i: [kapt] method hasValidImageUrl()Z -> origin=OTHER element=KtNamedFunction descriptor=IrBasedSimpleFunctionDescriptor: FUN name:hasValidImageUrl visibility:public modality:FINAL <> ($this:com.leo.paleorecipes.data.Recipe) returnType:kotlin.Boolean
i: [kapt] method toMap()Ljava/util/Map; -> origin=OTHER element=KtNamedFunction descriptor=IrBasedSimpleFunctionDescriptor: FUN name:toMap visibility:public modality:FINAL <> ($this:com.leo.paleorecipes.data.Recipe) returnType:kotlin.collections.Map<kotlin.String, kotlin.Any?>
i: [kapt] method describeContents()I -> origin=OTHER element=KtNamedFunction descriptor=IrBasedSimpleFunctionDescriptor: FUN name:describeContents visibility:public modality:OPEN <> ($this:com.leo.paleorecipes.data.Recipe) returnType:kotlin.Int
i: [kapt] method writeToParcel(Landroid/os/Parcel;I)V -> origin=OTHER element=KtNamedFunction descriptor=IrBasedSimpleFunctionDescriptor: FUN name:writeToParcel visibility:public modality:OPEN <> ($this:com.leo.paleorecipes.data.Recipe, dest:android.os.Parcel, flags:kotlin.Int) returnType:kotlin.Unit
i: [kapt] method component1()J -> origin=OTHER element=null descriptor=IrBasedSimpleFunctionDescriptor: FUN GENERATED_DATA_CLASS_MEMBER name:component1 visibility:public modality:FINAL <> ($this:com.leo.paleorecipes.data.Recipe) returnType:kotlin.Long [operator]
i: [kapt] method component2()Ljava/lang/String; -> origin=OTHER element=null descriptor=IrBasedSimpleFunctionDescriptor: FUN GENERATED_DATA_CLASS_MEMBER name:component2 visibility:public modality:FINAL <> ($this:com.leo.paleorecipes.data.Recipe) returnType:kotlin.String [operator]
i: [kapt] method component3()Ljava/lang/String; -> origin=OTHER element=null descriptor=IrBasedSimpleFunctionDescriptor: FUN GENERATED_DATA_CLASS_MEMBER name:component3 visibility:public modality:FINAL <> ($this:com.leo.paleorecipes.data.Recipe) returnType:kotlin.String [operator]
i: [kapt] method component4()Ljava/util/List; -> origin=OTHER element=null descriptor=IrBasedSimpleFunctionDescriptor: FUN GENERATED_DATA_CLASS_MEMBER name:component4 visibility:public modality:FINAL <> ($this:com.leo.paleorecipes.data.Recipe) returnType:kotlin.collections.List<kotlin.String> [operator]
i: [kapt] method component5()Ljava/util/List; -> origin=OTHER element=null descriptor=IrBasedSimpleFunctionDescriptor: FUN GENERATED_DATA_CLASS_MEMBER name:component5 visibility:public modality:FINAL <> ($this:com.leo.paleorecipes.data.Recipe) returnType:kotlin.collections.List<kotlin.String> [operator]
i: [kapt] method component6()I -> origin=OTHER element=null descriptor=IrBasedSimpleFunctionDescriptor: FUN GENERATED_DATA_CLASS_MEMBER name:component6 visibility:public modality:FINAL <> ($this:com.leo.paleorecipes.data.Recipe) returnType:kotlin.Int [operator]
i: [kapt] method component7()I -> origin=OTHER element=null descriptor=IrBasedSimpleFunctionDescriptor: FUN GENERATED_DATA_CLASS_MEMBER name:component7 visibility:public modality:FINAL <> ($this:com.leo.paleorecipes.data.Recipe) returnType:kotlin.Int [operator]
i: [kapt] method component8()I -> origin=OTHER element=null descriptor=IrBasedSimpleFunctionDescriptor: FUN GENERATED_DATA_CLASS_MEMBER name:component8 visibility:public modality:FINAL <> ($this:com.leo.paleorecipes.data.Recipe) returnType:kotlin.Int [operator]
i: [kapt] method component9()Ljava/lang/String; -> origin=OTHER element=null descriptor=IrBasedSimpleFunctionDescriptor: FUN GENERATED_DATA_CLASS_MEMBER name:component9 visibility:public modality:FINAL <> ($this:com.leo.paleorecipes.data.Recipe) returnType:kotlin.String [operator]
i: [kapt] method component10()Ljava/lang/String; -> origin=OTHER element=null descriptor=IrBasedSimpleFunctionDescriptor: FUN GENERATED_DATA_CLASS_MEMBER name:component10 visibility:public modality:FINAL <> ($this:com.leo.paleorecipes.data.Recipe) returnType:kotlin.String [operator]
i: [kapt] method component11()Ljava/lang/String; -> origin=OTHER element=null descriptor=IrBasedSimpleFunctionDescriptor: FUN GENERATED_DATA_CLASS_MEMBER name:component11 visibility:public modality:FINAL <> ($this:com.leo.paleorecipes.data.Recipe) returnType:kotlin.String [operator]
i: [kapt] method component12()Ljava/lang/String; -> origin=OTHER element=null descriptor=IrBasedSimpleFunctionDescriptor: FUN GENERATED_DATA_CLASS_MEMBER name:component12 visibility:public modality:FINAL <> ($this:com.leo.paleorecipes.data.Recipe) returnType:kotlin.String [operator]
i: [kapt] method component13()Z -> origin=OTHER element=null descriptor=IrBasedSimpleFunctionDescriptor: FUN GENERATED_DATA_CLASS_MEMBER name:component13 visibility:public modality:FINAL <> ($this:com.leo.paleorecipes.data.Recipe) returnType:kotlin.Boolean [operator]
i: [kapt] method component14()Z -> origin=OTHER element=null descriptor=IrBasedSimpleFunctionDescriptor: FUN GENERATED_DATA_CLASS_MEMBER name:component14 visibility:public modality:FINAL <> ($this:com.leo.paleorecipes.data.Recipe) returnType:kotlin.Boolean [operator]
i: [kapt] method component15()J -> origin=OTHER element=null descriptor=IrBasedSimpleFunctionDescriptor: FUN GENERATED_DATA_CLASS_MEMBER name:component15 visibility:public modality:FINAL <> ($this:com.leo.paleorecipes.data.Recipe) returnType:kotlin.Long [operator]
i: [kapt] method copy(JLjava/lang/String;Ljava/lang/String;Ljava/util/List;Ljava/util/List;IIILjava/lang/String;Ljava/lang/String;Ljava/lang/String;Ljava/lang/String;ZZJ)Lcom/leo/paleorecipes/data/Recipe; -> origin=OTHER element=null descriptor=IrBasedSimpleFunctionDescriptor: FUN GENERATED_DATA_CLASS_MEMBER name:copy visibility:public modality:FINAL <> ($this:com.leo.paleorecipes.data.Recipe, id:kotlin.Long, title:kotlin.String, description:kotlin.String, ingredients:kotlin.collections.List<kotlin.String>, instructions:kotlin.collections.List<kotlin.String>, prepTime:kotlin.Int, cookTime:kotlin.Int, servings:kotlin.Int, imageUrl:kotlin.String, category:kotlin.String, difficulty:kotlin.String, notes:kotlin.String, isUserCreated:kotlin.Boolean, isFavorite:kotlin.Boolean, dateAdded:kotlin.Long) returnType:com.leo.paleorecipes.data.Recipe
i: [kapt] method toString()Ljava/lang/String; -> origin=OTHER element=null descriptor=IrBasedSimpleFunctionDescriptor: FUN GENERATED_DATA_CLASS_MEMBER name:toString visibility:public modality:OPEN <> ($this:com.leo.paleorecipes.data.Recipe) returnType:kotlin.String
i: [kapt] method hashCode()I -> origin=OTHER element=null descriptor=IrBasedSimpleFunctionDescriptor: FUN GENERATED_DATA_CLASS_MEMBER name:hashCode visibility:public modality:OPEN <> ($this:com.leo.paleorecipes.data.Recipe) returnType:kotlin.Int
i: [kapt] method equals(Ljava/lang/Object;)Z -> origin=OTHER element=null descriptor=IrBasedSimpleFunctionDescriptor: FUN GENERATED_DATA_CLASS_MEMBER name:equals visibility:public modality:OPEN <> ($this:com.leo.paleorecipes.data.Recipe, other:kotlin.Any?) returnType:kotlin.Boolean [operator]
i: [kapt] field CREATOR:Lcom/leo/paleorecipes/data/Recipe$CREATOR; -> origin=OTHER element=null descriptor=IrBasedFieldDescriptor: FIELD FIELD_FOR_OBJECT_INSTANCE name:CREATOR type:com.leo.paleorecipes.data.Recipe.CREATOR visibility:public [final,static]
i: [kapt] field id:J -> origin=OTHER element=KtParameter descriptor=IrBasedFieldDescriptor: FIELD PROPERTY_BACKING_FIELD name:id type:kotlin.Long visibility:private [final]
i: [kapt] field title:Ljava/lang/String; -> origin=OTHER element=KtParameter descriptor=IrBasedFieldDescriptor: FIELD PROPERTY_BACKING_FIELD name:title type:kotlin.String visibility:private [final]
i: [kapt] field description:Ljava/lang/String; -> origin=OTHER element=KtParameter descriptor=IrBasedFieldDescriptor: FIELD PROPERTY_BACKING_FIELD name:description type:kotlin.String visibility:private [final]
i: [kapt] field ingredients:Ljava/util/List; -> origin=OTHER element=KtParameter descriptor=IrBasedFieldDescriptor: FIELD PROPERTY_BACKING_FIELD name:ingredients type:kotlin.collections.List<kotlin.String> visibility:private [final]
i: [kapt] field instructions:Ljava/util/List; -> origin=OTHER element=KtParameter descriptor=IrBasedFieldDescriptor: FIELD PROPERTY_BACKING_FIELD name:instructions type:kotlin.collections.List<kotlin.String> visibility:private [final]
i: [kapt] field prepTime:I -> origin=OTHER element=KtParameter descriptor=IrBasedFieldDescriptor: FIELD PROPERTY_BACKING_FIELD name:prepTime type:kotlin.Int visibility:private [final]
i: [kapt] field cookTime:I -> origin=OTHER element=KtParameter descriptor=IrBasedFieldDescriptor: FIELD PROPERTY_BACKING_FIELD name:cookTime type:kotlin.Int visibility:private [final]
i: [kapt] field servings:I -> origin=OTHER element=KtParameter descriptor=IrBasedFieldDescriptor: FIELD PROPERTY_BACKING_FIELD name:servings type:kotlin.Int visibility:private [final]
i: [kapt] field imageUrl:Ljava/lang/String; -> origin=OTHER element=KtParameter descriptor=IrBasedFieldDescriptor: FIELD PROPERTY_BACKING_FIELD name:imageUrl type:kotlin.String visibility:private [final]
i: [kapt] field category:Ljava/lang/String; -> origin=OTHER element=KtParameter descriptor=IrBasedFieldDescriptor: FIELD PROPERTY_BACKING_FIELD name:category type:kotlin.String visibility:private [final]
i: [kapt] field difficulty:Ljava/lang/String; -> origin=OTHER element=KtParameter descriptor=IrBasedFieldDescriptor: FIELD PROPERTY_BACKING_FIELD name:difficulty type:kotlin.String visibility:private [final]
i: [kapt] field notes:Ljava/lang/String; -> origin=OTHER element=KtParameter descriptor=IrBasedFieldDescriptor: FIELD PROPERTY_BACKING_FIELD name:notes type:kotlin.String visibility:private [final]
i: [kapt] field isUserCreated:Z -> origin=OTHER element=KtParameter descriptor=IrBasedFieldDescriptor: FIELD PROPERTY_BACKING_FIELD name:isUserCreated type:kotlin.Boolean visibility:private [final]
i: [kapt] field isFavorite:Z -> origin=OTHER element=KtParameter descriptor=IrBasedFieldDescriptor: FIELD PROPERTY_BACKING_FIELD name:isFavorite type:kotlin.Boolean visibility:private [final]
i: [kapt] field dateAdded:J -> origin=OTHER element=KtParameter descriptor=IrBasedFieldDescriptor: FIELD PROPERTY_BACKING_FIELD name:dateAdded type:kotlin.Long visibility:private [final]
i: [kapt] class com/leo/paleorecipes/data/Recipe$CREATOR -> origin=OTHER element=KtObjectDeclaration descriptor=IrBasedClassDescriptor: CLASS OBJECT name:CREATOR modality:FINAL visibility:public [companion] superTypes:[android.os.Parcelable.Creator<com.leo.paleorecipes.data.Recipe>]
i: [kapt] method <init>()V -> origin=OTHER element=KtObjectDeclaration descriptor=IrBasedClassConstructorDescriptor: CONSTRUCTOR visibility:private <> () returnType:com.leo.paleorecipes.data.Recipe.CREATOR [primary]
i: [kapt] method createFromParcel(Landroid/os/Parcel;)Lcom/leo/paleorecipes/data/Recipe; -> origin=OTHER element=KtNamedFunction descriptor=IrBasedSimpleFunctionDescriptor: FUN name:createFromParcel visibility:public modality:OPEN <> ($this:com.leo.paleorecipes.data.Recipe.CREATOR, parcel:android.os.Parcel) returnType:com.leo.paleorecipes.data.Recipe
i: [kapt] method newArray(I)[Lcom/leo/paleorecipes/data/Recipe; -> origin=OTHER element=KtNamedFunction descriptor=IrBasedSimpleFunctionDescriptor: FUN name:newArray visibility:public modality:OPEN <> ($this:com.leo.paleorecipes.data.Recipe.CREATOR, size:kotlin.Int) returnType:kotlin.Array<com.leo.paleorecipes.data.Recipe?>
i: [kapt] method createFromParcel(Landroid/os/Parcel;)Ljava/lang/Object; -> origin=OTHER element=null descriptor=IrBasedSimpleFunctionDescriptor: FUN BRIDGE name:createFromParcel visibility:public modality:OPEN <> ($this:com.leo.paleorecipes.data.Recipe.CREATOR, p0:@[FlexibleNullability] android.os.Parcel?) returnType:kotlin.Any?
i: [kapt] method newArray(I)[Ljava/lang/Object; -> origin=OTHER element=null descriptor=IrBasedSimpleFunctionDescriptor: FUN BRIDGE name:newArray visibility:public modality:OPEN <> ($this:com.leo.paleorecipes.data.Recipe.CREATOR, p0:kotlin.Int) returnType:@[FlexibleNullability] kotlin.Array<out kotlin.Any?>?
i: [kapt] method <init>(Lkotlin/jvm/internal/DefaultConstructorMarker;)V -> origin=OTHER element=null descriptor=IrBasedClassConstructorDescriptor: CONSTRUCTOR SYNTHETIC_ACCESSOR visibility:public <> ($constructor_marker:kotlin.jvm.internal.DefaultConstructorMarker?) returnType:com.leo.paleorecipes.data.Recipe.CREATOR
i: [kapt] class com/leo/paleorecipes/data/RecipeDao -> origin=OTHER element=KtClass descriptor=IrBasedClassDescriptor: CLASS INTERFACE name:RecipeDao modality:ABSTRACT visibility:public superTypes:[kotlin.Any]
i: [kapt] method insert(Lcom/leo/paleorecipes/data/Recipe;Lkotlin/coroutines/Continuation;)Ljava/lang/Object; -> origin=OTHER element=KtNamedFunction descriptor=IrBasedSimpleFunctionDescriptor: FUN name:insert visibility:public modality:ABSTRACT <> ($this:com.leo.paleorecipes.data.RecipeDao, recipe:com.leo.paleorecipes.data.Recipe, $completion:kotlin.coroutines.Continuation<kotlin.Long>) returnType:kotlin.Any? [suspend]
i: [kapt] method insertAll(Ljava/util/List;Lkotlin/coroutines/Continuation;)Ljava/lang/Object; -> origin=OTHER element=KtNamedFunction descriptor=IrBasedSimpleFunctionDescriptor: FUN name:insertAll visibility:public modality:ABSTRACT <> ($this:com.leo.paleorecipes.data.RecipeDao, recipes:kotlin.collections.List<com.leo.paleorecipes.data.Recipe>, $completion:kotlin.coroutines.Continuation<kotlin.collections.List<kotlin.Long>>) returnType:kotlin.Any? [suspend]
i: [kapt] method update(Lcom/leo/paleorecipes/data/Recipe;Lkotlin/coroutines/Continuation;)Ljava/lang/Object; -> origin=OTHER element=KtNamedFunction descriptor=IrBasedSimpleFunctionDescriptor: FUN name:update visibility:public modality:ABSTRACT <> ($this:com.leo.paleorecipes.data.RecipeDao, recipe:com.leo.paleorecipes.data.Recipe, $completion:kotlin.coroutines.Continuation<kotlin.Int>) returnType:kotlin.Any? [suspend]
i: [kapt] method updateAll(Ljava/util/List;Lkotlin/coroutines/Continuation;)Ljava/lang/Object; -> origin=OTHER element=KtNamedFunction descriptor=IrBasedSimpleFunctionDescriptor: FUN name:updateAll visibility:public modality:ABSTRACT <> ($this:com.leo.paleorecipes.data.RecipeDao, recipes:kotlin.collections.List<com.leo.paleorecipes.data.Recipe>, $completion:kotlin.coroutines.Continuation<kotlin.Int>) returnType:kotlin.Any? [suspend]
i: [kapt] method delete(JLkotlin/coroutines/Continuation;)Ljava/lang/Object; -> origin=OTHER element=KtNamedFunction descriptor=IrBasedSimpleFunctionDescriptor: FUN name:delete visibility:public modality:ABSTRACT <> ($this:com.leo.paleorecipes.data.RecipeDao, id:kotlin.Long, $completion:kotlin.coroutines.Continuation<kotlin.Int>) returnType:kotlin.Any? [suspend]
i: [kapt] method deleteById(JLkotlin/coroutines/Continuation;)Ljava/lang/Object; -> origin=OTHER element=KtNamedFunction descriptor=IrBasedSimpleFunctionDescriptor: FUN name:deleteById visibility:public modality:ABSTRACT <> ($this:com.leo.paleorecipes.data.RecipeDao, recipeId:kotlin.Long, $completion:kotlin.coroutines.Continuation<kotlin.Int>) returnType:kotlin.Any? [suspend]
i: [kapt] method deleteAll(Lkotlin/coroutines/Continuation;)Ljava/lang/Object; -> origin=OTHER element=KtNamedFunction descriptor=IrBasedSimpleFunctionDescriptor: FUN name:deleteAll visibility:public modality:ABSTRACT <> ($this:com.leo.paleorecipes.data.RecipeDao, $completion:kotlin.coroutines.Continuation<kotlin.Int>) returnType:kotlin.Any? [suspend]
i: [kapt] method getAllPaleoRecipes()Lkotlinx/coroutines/flow/Flow; -> origin=OTHER element=KtNamedFunction descriptor=IrBasedSimpleFunctionDescriptor: FUN name:getAllPaleoRecipes visibility:public modality:ABSTRACT <> ($this:com.leo.paleorecipes.data.RecipeDao) returnType:kotlinx.coroutines.flow.Flow<kotlin.collections.List<com.leo.paleorecipes.data.Recipe>>
i: [kapt] method getAllUserRecipes()Lkotlinx/coroutines/flow/Flow; -> origin=OTHER element=KtNamedFunction descriptor=IrBasedSimpleFunctionDescriptor: FUN name:getAllUserRecipes visibility:public modality:ABSTRACT <> ($this:com.leo.paleorecipes.data.RecipeDao) returnType:kotlinx.coroutines.flow.Flow<kotlin.collections.List<com.leo.paleorecipes.data.Recipe>>
i: [kapt] method getRecipeById(JLkotlin/coroutines/Continuation;)Ljava/lang/Object; -> origin=OTHER element=KtNamedFunction descriptor=IrBasedSimpleFunctionDescriptor: FUN name:getRecipeById visibility:public modality:ABSTRACT <> ($this:com.leo.paleorecipes.data.RecipeDao, id:kotlin.Long, $completion:kotlin.coroutines.Continuation<com.leo.paleorecipes.data.Recipe?>) returnType:kotlin.Any? [suspend]
i: [kapt] method searchRecipes(Ljava/lang/String;)Lkotlinx/coroutines/flow/Flow; -> origin=OTHER element=KtNamedFunction descriptor=IrBasedSimpleFunctionDescriptor: FUN name:searchRecipes visibility:public modality:ABSTRACT <> ($this:com.leo.paleorecipes.data.RecipeDao, query:kotlin.String) returnType:kotlinx.coroutines.flow.Flow<kotlin.collections.List<com.leo.paleorecipes.data.Recipe>>
i: [kapt] method observeRecipeById(J)Lkotlinx/coroutines/flow/Flow; -> origin=OTHER element=KtNamedFunction descriptor=IrBasedSimpleFunctionDescriptor: FUN name:observeRecipeById visibility:public modality:ABSTRACT <> ($this:com.leo.paleorecipes.data.RecipeDao, recipeId:kotlin.Long) returnType:kotlinx.coroutines.flow.Flow<com.leo.paleorecipes.data.Recipe?>
i: [kapt] method getFavoriteRecipes()Lkotlinx/coroutines/flow/Flow; -> origin=OTHER element=KtNamedFunction descriptor=IrBasedSimpleFunctionDescriptor: FUN name:getFavoriteRecipes visibility:public modality:ABSTRACT <> ($this:com.leo.paleorecipes.data.RecipeDao) returnType:kotlinx.coroutines.flow.Flow<kotlin.collections.List<com.leo.paleorecipes.data.Recipe>>
i: [kapt] method searchUserRecipes(Ljava/lang/String;)Lkotlinx/coroutines/flow/Flow; -> origin=OTHER element=KtNamedFunction descriptor=IrBasedSimpleFunctionDescriptor: FUN name:searchUserRecipes visibility:public modality:ABSTRACT <> ($this:com.leo.paleorecipes.data.RecipeDao, query:kotlin.String) returnType:kotlinx.coroutines.flow.Flow<kotlin.collections.List<com.leo.paleorecipes.data.Recipe>>
i: [kapt] method searchPaleoRecipes(Ljava/lang/String;)Lkotlinx/coroutines/flow/Flow; -> origin=OTHER element=KtNamedFunction descriptor=IrBasedSimpleFunctionDescriptor: FUN name:searchPaleoRecipes visibility:public modality:ABSTRACT <> ($this:com.leo.paleorecipes.data.RecipeDao, query:kotlin.String) returnType:kotlinx.coroutines.flow.Flow<kotlin.collections.List<com.leo.paleorecipes.data.Recipe>>
i: [kapt] method searchAllRecipes(Ljava/lang/String;)Lkotlinx/coroutines/flow/Flow; -> origin=OTHER element=KtNamedFunction descriptor=IrBasedSimpleFunctionDescriptor: FUN name:searchAllRecipes visibility:public modality:ABSTRACT <> ($this:com.leo.paleorecipes.data.RecipeDao, query:kotlin.String) returnType:kotlinx.coroutines.flow.Flow<kotlin.collections.List<com.leo.paleorecipes.data.Recipe>>
i: [kapt] method getAllRecipesSync(Lkotlin/coroutines/Continuation;)Ljava/lang/Object; -> origin=OTHER element=KtNamedFunction descriptor=IrBasedSimpleFunctionDescriptor: FUN name:getAllRecipesSync visibility:public modality:ABSTRACT <> ($this:com.leo.paleorecipes.data.RecipeDao, $completion:kotlin.coroutines.Continuation<kotlin.collections.List<com.leo.paleorecipes.data.Recipe>>) returnType:kotlin.Any? [suspend]
i: [kapt] method insertWithTransaction(Lcom/leo/paleorecipes/data/Recipe;Lkotlin/coroutines/Continuation;)Ljava/lang/Object; -> origin=OTHER element=KtNamedFunction descriptor=IrBasedSimpleFunctionDescriptor: FUN name:insertWithTransaction visibility:public modality:OPEN <> ($this:com.leo.paleorecipes.data.RecipeDao, recipe:com.leo.paleorecipes.data.Recipe, $completion:kotlin.coroutines.Continuation<kotlin.Long>) returnType:kotlin.Any? [suspend]
i: [kapt] method insertWithTransaction$suspendImpl(Lcom/leo/paleorecipes/data/RecipeDao;Lcom/leo/paleorecipes/data/Recipe;Lkotlin/coroutines/Continuation;)Ljava/lang/Object; -> origin=OTHER element=KtNamedFunction descriptor=IrBasedSimpleFunctionDescriptor: FUN SUSPEND_IMPL_STATIC_FUNCTION name:insertWithTransaction$suspendImpl visibility:public modality:OPEN <> ($this:com.leo.paleorecipes.data.RecipeDao, recipe:com.leo.paleorecipes.data.Recipe, $completion:kotlin.coroutines.Continuation<kotlin.Long>) returnType:kotlin.Any? [suspend]
i: [kapt] method updateWithTransaction(Lcom/leo/paleorecipes/data/Recipe;Lkotlin/coroutines/Continuation;)Ljava/lang/Object; -> origin=OTHER element=KtNamedFunction descriptor=IrBasedSimpleFunctionDescriptor: FUN name:updateWithTransaction visibility:public modality:OPEN <> ($this:com.leo.paleorecipes.data.RecipeDao, recipe:com.leo.paleorecipes.data.Recipe, $completion:kotlin.coroutines.Continuation<kotlin.Int>) returnType:kotlin.Any? [suspend]
i: [kapt] method updateWithTransaction$suspendImpl(Lcom/leo/paleorecipes/data/RecipeDao;Lcom/leo/paleorecipes/data/Recipe;Lkotlin/coroutines/Continuation;)Ljava/lang/Object; -> origin=OTHER element=KtNamedFunction descriptor=IrBasedSimpleFunctionDescriptor: FUN SUSPEND_IMPL_STATIC_FUNCTION name:updateWithTransaction$suspendImpl visibility:public modality:OPEN <> ($this:com.leo.paleorecipes.data.RecipeDao, recipe:com.leo.paleorecipes.data.Recipe, $completion:kotlin.coroutines.Continuation<kotlin.Int>) returnType:kotlin.Any? [suspend]
i: [kapt] method deleteWithTransaction(JLkotlin/coroutines/Continuation;)Ljava/lang/Object; -> origin=OTHER element=KtNamedFunction descriptor=IrBasedSimpleFunctionDescriptor: FUN name:deleteWithTransaction visibility:public modality:OPEN <> ($this:com.leo.paleorecipes.data.RecipeDao, recipeId:kotlin.Long, $completion:kotlin.coroutines.Continuation<kotlin.Int>) returnType:kotlin.Any? [suspend]
i: [kapt] method deleteWithTransaction$suspendImpl(Lcom/leo/paleorecipes/data/RecipeDao;JLkotlin/coroutines/Continuation;)Ljava/lang/Object; -> origin=OTHER element=KtNamedFunction descriptor=IrBasedSimpleFunctionDescriptor: FUN SUSPEND_IMPL_STATIC_FUNCTION name:deleteWithTransaction$suspendImpl visibility:public modality:OPEN <> ($this:com.leo.paleorecipes.data.RecipeDao, recipeId:kotlin.Long, $completion:kotlin.coroutines.Continuation<kotlin.Int>) returnType:kotlin.Any? [suspend]
i: [kapt] class com/leo/paleorecipes/data/RecipeMapper -> origin=OTHER element=KtObjectDeclaration descriptor=IrBasedClassDescriptor: CLASS OBJECT name:RecipeMapper modality:FINAL visibility:public superTypes:[kotlin.Any]
i: [kapt] method <init>()V -> origin=OTHER element=KtObjectDeclaration descriptor=IrBasedClassConstructorDescriptor: CONSTRUCTOR visibility:private <> () returnType:com.leo.paleorecipes.data.RecipeMapper [primary]
i: [kapt] method mapApiResponseToData(Lcom/leo/paleorecipes/data/api/model/ApiRecipe;Lcom/leo/paleorecipes/data/api/model/ApiRecipeDetail;)Lcom/leo/paleorecipes/data/Recipe; -> origin=OTHER element=KtNamedFunction descriptor=IrBasedSimpleFunctionDescriptor: FUN name:mapApiResponseToData visibility:public modality:FINAL <> ($this:com.leo.paleorecipes.data.RecipeMapper, apiRecipe:com.leo.paleorecipes.data.api.model.ApiRecipe, details:com.leo.paleorecipes.data.api.model.ApiRecipeDetail?) returnType:com.leo.paleorecipes.data.Recipe
i: [kapt] method mapApiResponseToData$default(Lcom/leo/paleorecipes/data/RecipeMapper;Lcom/leo/paleorecipes/data/api/model/ApiRecipe;Lcom/leo/paleorecipes/data/api/model/ApiRecipeDetail;ILjava/lang/Object;)Lcom/leo/paleorecipes/data/Recipe; -> origin=OTHER element=KtNamedFunction descriptor=IrBasedSimpleFunctionDescriptor: FUN FUNCTION_FOR_DEFAULT_PARAMETER name:mapApiResponseToData$default visibility:public modality:FINAL <> ($this:com.leo.paleorecipes.data.RecipeMapper, apiRecipe:com.leo.paleorecipes.data.api.model.ApiRecipe, details:com.leo.paleorecipes.data.api.model.ApiRecipeDetail?, $mask0:kotlin.Int, $handler:kotlin.Any?) returnType:com.leo.paleorecipes.data.Recipe
i: [kapt] method mapDataToApi(Lcom/leo/paleorecipes/data/Recipe;)Lcom/leo/paleorecipes/data/api/model/ApiRecipe; -> origin=OTHER element=KtNamedFunction descriptor=IrBasedSimpleFunctionDescriptor: FUN name:mapDataToApi visibility:public modality:FINAL <> ($this:com.leo.paleorecipes.data.RecipeMapper, recipe:com.leo.paleorecipes.data.Recipe) returnType:com.leo.paleorecipes.data.api.model.ApiRecipe
i: [kapt] method <clinit>()V -> origin=OTHER element=KtObjectDeclaration descriptor=IrBasedSimpleFunctionDescriptor: FUN CLASS_STATIC_INITIALIZER name:<clinit> visibility:public/*package*/ modality:FINAL <> () returnType:kotlin.Unit
i: [kapt] field INSTANCE:Lcom/leo/paleorecipes/data/RecipeMapper; -> origin=OTHER element=null descriptor=IrBasedFieldDescriptor: FIELD FIELD_FOR_OBJECT_INSTANCE name:INSTANCE type:com.leo.paleorecipes.data.RecipeMapper visibility:public [final,static]
i: [kapt] class com/leo/paleorecipes/data/api/ApiClient -> origin=OTHER element=KtClass descriptor=IrBasedClassDescriptor: CLASS CLASS name:ApiClient modality:FINAL visibility:public superTypes:[kotlin.Any]
i: [kapt] method <init>(Lcom/leo/paleorecipes/data/api/SpoonacularApiService;)V -> origin=OTHER element=KtClass descriptor=IrBasedClassConstructorDescriptor: CONSTRUCTOR visibility:public <> (spoonacularService:com.leo.paleorecipes.data.api.SpoonacularApiService) returnType:com.leo.paleorecipes.data.api.ApiClient [primary]
i: [kapt] method searchRecipesByIngredients(Ljava/lang/String;IZILkotlin/coroutines/Continuation;)Ljava/lang/Object; -> origin=OTHER element=KtNamedFunction descriptor=IrBasedSimpleFunctionDescriptor: FUN name:searchRecipesByIngredients visibility:public modality:FINAL <> ($this:com.leo.paleorecipes.data.api.ApiClient, ingredients:kotlin.String, number:kotlin.Int, ignorePantry:kotlin.Boolean, ranking:kotlin.Int, $completion:kotlin.coroutines.Continuation<kotlin.collections.List<com.leo.paleorecipes.data.api.model.ApiRecipe>>) returnType:kotlin.Any? [suspend]
i: [kapt] method searchRecipesByIngredients$default(Lcom/leo/paleorecipes/data/api/ApiClient;Ljava/lang/String;IZILkotlin/coroutines/Continuation;ILjava/lang/Object;)Ljava/lang/Object; -> origin=OTHER element=KtNamedFunction descriptor=IrBasedSimpleFunctionDescriptor: FUN FUNCTION_FOR_DEFAULT_PARAMETER name:searchRecipesByIngredients$default visibility:public modality:FINAL <> ($this:com.leo.paleorecipes.data.api.ApiClient, ingredients:kotlin.String, number:kotlin.Int, ignorePantry:kotlin.Boolean, ranking:kotlin.Int, $completion:kotlin.coroutines.Continuation<kotlin.collections.List<com.leo.paleorecipes.data.api.model.ApiRecipe>>, $mask0:kotlin.Int, $handler:kotlin.Any?) returnType:kotlin.Any? [suspend]
i: [kapt] method getRecipeInformation(JZLkotlin/coroutines/Continuation;)Ljava/lang/Object; -> origin=OTHER element=KtNamedFunction descriptor=IrBasedSimpleFunctionDescriptor: FUN name:getRecipeInformation visibility:public modality:FINAL <> ($this:com.leo.paleorecipes.data.api.ApiClient, id:kotlin.Long, includeNutrition:kotlin.Boolean, $completion:kotlin.coroutines.Continuation<com.leo.paleorecipes.data.api.model.ApiRecipeDetail>) returnType:kotlin.Any? [suspend]
i: [kapt] method getRecipeInformation$default(Lcom/leo/paleorecipes/data/api/ApiClient;JZLkotlin/coroutines/Continuation;ILjava/lang/Object;)Ljava/lang/Object; -> origin=OTHER element=KtNamedFunction descriptor=IrBasedSimpleFunctionDescriptor: FUN FUNCTION_FOR_DEFAULT_PARAMETER name:getRecipeInformation$default visibility:public modality:FINAL <> ($this:com.leo.paleorecipes.data.api.ApiClient, id:kotlin.Long, includeNutrition:kotlin.Boolean, $completion:kotlin.coroutines.Continuation<com.leo.paleorecipes.data.api.model.ApiRecipeDetail>, $mask0:kotlin.Int, $handler:kotlin.Any?) returnType:kotlin.Any? [suspend]
i: [kapt] method getApiService()Lcom/leo/paleorecipes/data/api/SpoonacularApiService; -> origin=OTHER element=KtNamedFunction descriptor=IrBasedSimpleFunctionDescriptor: FUN name:getApiService visibility:public modality:FINAL <> ($this:com.leo.paleorecipes.data.api.ApiClient) returnType:com.leo.paleorecipes.data.api.SpoonacularApiService
i: [kapt] field Companion:Lcom/leo/paleorecipes/data/api/ApiClient$Companion; -> origin=OTHER element=null descriptor=IrBasedFieldDescriptor: FIELD FIELD_FOR_OBJECT_INSTANCE name:Companion type:com.leo.paleorecipes.data.api.ApiClient.Companion visibility:public [final,static]
i: [kapt] field spoonacularService:Lcom/leo/paleorecipes/data/api/SpoonacularApiService; -> origin=OTHER element=KtParameter descriptor=IrBasedFieldDescriptor: FIELD PROPERTY_BACKING_FIELD name:spoonacularService type:com.leo.paleorecipes.data.api.SpoonacularApiService visibility:private [final]
i: [kapt] field API_KEY:Ljava/lang/String; -> origin=OTHER element=KtProperty descriptor=IrBasedFieldDescriptor: FIELD COMPANION_PROPERTY_BACKING_FIELD name:API_KEY type:kotlin.String visibility:public [final,static]
i: [kapt] class com/leo/paleorecipes/data/api/ApiClient$Companion -> origin=OTHER element=KtObjectDeclaration descriptor=IrBasedClassDescriptor: CLASS OBJECT name:Companion modality:FINAL visibility:public [companion] superTypes:[kotlin.Any]
i: [kapt] method <init>()V -> origin=OTHER element=KtObjectDeclaration descriptor=IrBasedClassConstructorDescriptor: CONSTRUCTOR visibility:private <> () returnType:com.leo.paleorecipes.data.api.ApiClient.Companion [primary]
i: [kapt] method <init>(Lkotlin/jvm/internal/DefaultConstructorMarker;)V -> origin=OTHER element=null descriptor=IrBasedClassConstructorDescriptor: CONSTRUCTOR SYNTHETIC_ACCESSOR visibility:public <> ($constructor_marker:kotlin.jvm.internal.DefaultConstructorMarker?) returnType:com.leo.paleorecipes.data.api.ApiClient.Companion
i: [kapt] class com/leo/paleorecipes/data/api/SpoonacularApiService -> origin=OTHER element=KtClass descriptor=IrBasedClassDescriptor: CLASS INTERFACE name:SpoonacularApiService modality:ABSTRACT visibility:public superTypes:[kotlin.Any]
i: [kapt] method searchRecipesByIngredients(Ljava/lang/String;ILjava/lang/String;ZILkotlin/coroutines/Continuation;)Ljava/lang/Object; -> origin=OTHER element=KtNamedFunction descriptor=IrBasedSimpleFunctionDescriptor: FUN name:searchRecipesByIngredients visibility:public modality:ABSTRACT <> ($this:com.leo.paleorecipes.data.api.SpoonacularApiService, ingredients:kotlin.String, number:kotlin.Int, apiKey:kotlin.String, ignorePantry:kotlin.Boolean, ranking:kotlin.Int, $completion:kotlin.coroutines.Continuation<kotlin.collections.List<com.leo.paleorecipes.data.api.model.ApiRecipe>>) returnType:kotlin.Any? [suspend]
i: [kapt] method searchRecipesByIngredients$default(Lcom/leo/paleorecipes/data/api/SpoonacularApiService;Ljava/lang/String;ILjava/lang/String;ZILkotlin/coroutines/Continuation;ILjava/lang/Object;)Ljava/lang/Object; -> origin=OTHER element=KtNamedFunction descriptor=IrBasedSimpleFunctionDescriptor: FUN FUNCTION_FOR_DEFAULT_PARAMETER name:searchRecipesByIngredients$default visibility:public modality:FINAL <> ($this:com.leo.paleorecipes.data.api.SpoonacularApiService, ingredients:kotlin.String, number:kotlin.Int, apiKey:kotlin.String, ignorePantry:kotlin.Boolean, ranking:kotlin.Int, $completion:kotlin.coroutines.Continuation<kotlin.collections.List<com.leo.paleorecipes.data.api.model.ApiRecipe>>, $mask0:kotlin.Int, $handler:kotlin.Any?) returnType:kotlin.Any? [suspend]
i: [kapt] method getRecipeInformation(JLjava/lang/String;ZLkotlin/coroutines/Continuation;)Ljava/lang/Object; -> origin=OTHER element=KtNamedFunction descriptor=IrBasedSimpleFunctionDescriptor: FUN name:getRecipeInformation visibility:public modality:ABSTRACT <> ($this:com.leo.paleorecipes.data.api.SpoonacularApiService, id:kotlin.Long, apiKey:kotlin.String, includeNutrition:kotlin.Boolean, $completion:kotlin.coroutines.Continuation<com.leo.paleorecipes.data.api.model.ApiRecipeDetail>) returnType:kotlin.Any? [suspend]
i: [kapt] method getRecipeInformation$default(Lcom/leo/paleorecipes/data/api/SpoonacularApiService;JLjava/lang/String;ZLkotlin/coroutines/Continuation;ILjava/lang/Object;)Ljava/lang/Object; -> origin=OTHER element=KtNamedFunction descriptor=IrBasedSimpleFunctionDescriptor: FUN FUNCTION_FOR_DEFAULT_PARAMETER name:getRecipeInformation$default visibility:public modality:FINAL <> ($this:com.leo.paleorecipes.data.api.SpoonacularApiService, id:kotlin.Long, apiKey:kotlin.String, includeNutrition:kotlin.Boolean, $completion:kotlin.coroutines.Continuation<com.leo.paleorecipes.data.api.model.ApiRecipeDetail>, $mask0:kotlin.Int, $handler:kotlin.Any?) returnType:kotlin.Any? [suspend]
i: [kapt] class com/leo/paleorecipes/data/api/model/ApiRecipe -> origin=OTHER element=KtClass descriptor=IrBasedClassDescriptor: CLASS CLASS name:ApiRecipe modality:FINAL visibility:public [data] superTypes:[kotlin.Any]
i: [kapt] method <init>(JLjava/lang/String;Ljava/lang/String;Ljava/util/List;Ljava/util/List;Ljava/util/List;Ljava/lang/Integer;Ljava/lang/Integer;)V -> origin=OTHER element=KtClass descriptor=IrBasedClassConstructorDescriptor: CONSTRUCTOR visibility:public <> (id:kotlin.Long, title:kotlin.String, image:kotlin.String?, usedIngredients:kotlin.collections.List<com.leo.paleorecipes.data.api.model.ApiIngredient>?, missedIngredients:kotlin.collections.List<com.leo.paleorecipes.data.api.model.ApiIngredient>?, unusedIngredients:kotlin.collections.List<com.leo.paleorecipes.data.api.model.ApiIngredient>?, readyInMinutes:kotlin.Int?, servings:kotlin.Int?) returnType:com.leo.paleorecipes.data.api.model.ApiRecipe [primary]
i: [kapt] method <init>(JLjava/lang/String;Ljava/lang/String;Ljava/util/List;Ljava/util/List;Ljava/util/List;Ljava/lang/Integer;Ljava/lang/Integer;ILkotlin/jvm/internal/DefaultConstructorMarker;)V -> origin=OTHER element=KtClass descriptor=IrBasedClassConstructorDescriptor: CONSTRUCTOR FUNCTION_FOR_DEFAULT_PARAMETER visibility:public <> (id:kotlin.Long, title:kotlin.String, image:kotlin.String?, usedIngredients:kotlin.collections.List<com.leo.paleorecipes.data.api.model.ApiIngredient>?, missedIngredients:kotlin.collections.List<com.leo.paleorecipes.data.api.model.ApiIngredient>?, unusedIngredients:kotlin.collections.List<com.leo.paleorecipes.data.api.model.ApiIngredient>?, readyInMinutes:kotlin.Int?, servings:kotlin.Int?, $mask0:kotlin.Int, $marker:kotlin.jvm.internal.DefaultConstructorMarker?) returnType:com.leo.paleorecipes.data.api.model.ApiRecipe
i: [kapt] method getId()J -> origin=OTHER element=KtParameter descriptor=IrBasedPropertyGetterDescriptor: FUN DEFAULT_PROPERTY_ACCESSOR name:<get-id> visibility:public modality:FINAL <> ($this:com.leo.paleorecipes.data.api.model.ApiRecipe) returnType:kotlin.Long
i: [kapt] method getTitle()Ljava/lang/String; -> origin=OTHER element=KtParameter descriptor=IrBasedPropertyGetterDescriptor: FUN DEFAULT_PROPERTY_ACCESSOR name:<get-title> visibility:public modality:FINAL <> ($this:com.leo.paleorecipes.data.api.model.ApiRecipe) returnType:kotlin.String
i: [kapt] method getImage()Ljava/lang/String; -> origin=OTHER element=KtParameter descriptor=IrBasedPropertyGetterDescriptor: FUN DEFAULT_PROPERTY_ACCESSOR name:<get-image> visibility:public modality:FINAL <> ($this:com.leo.paleorecipes.data.api.model.ApiRecipe) returnType:kotlin.String?
i: [kapt] method getUsedIngredients()Ljava/util/List; -> origin=OTHER element=KtParameter descriptor=IrBasedPropertyGetterDescriptor: FUN DEFAULT_PROPERTY_ACCESSOR name:<get-usedIngredients> visibility:public modality:FINAL <> ($this:com.leo.paleorecipes.data.api.model.ApiRecipe) returnType:kotlin.collections.List<com.leo.paleorecipes.data.api.model.ApiIngredient>?
i: [kapt] method getMissedIngredients()Ljava/util/List; -> origin=OTHER element=KtParameter descriptor=IrBasedPropertyGetterDescriptor: FUN DEFAULT_PROPERTY_ACCESSOR name:<get-missedIngredients> visibility:public modality:FINAL <> ($this:com.leo.paleorecipes.data.api.model.ApiRecipe) returnType:kotlin.collections.List<com.leo.paleorecipes.data.api.model.ApiIngredient>?
i: [kapt] method getUnusedIngredients()Ljava/util/List; -> origin=OTHER element=KtParameter descriptor=IrBasedPropertyGetterDescriptor: FUN DEFAULT_PROPERTY_ACCESSOR name:<get-unusedIngredients> visibility:public modality:FINAL <> ($this:com.leo.paleorecipes.data.api.model.ApiRecipe) returnType:kotlin.collections.List<com.leo.paleorecipes.data.api.model.ApiIngredient>?
i: [kapt] method getReadyInMinutes()Ljava/lang/Integer; -> origin=OTHER element=KtParameter descriptor=IrBasedPropertyGetterDescriptor: FUN DEFAULT_PROPERTY_ACCESSOR name:<get-readyInMinutes> visibility:public modality:FINAL <> ($this:com.leo.paleorecipes.data.api.model.ApiRecipe) returnType:kotlin.Int?
i: [kapt] method getServings()Ljava/lang/Integer; -> origin=OTHER element=KtParameter descriptor=IrBasedPropertyGetterDescriptor: FUN DEFAULT_PROPERTY_ACCESSOR name:<get-servings> visibility:public modality:FINAL <> ($this:com.leo.paleorecipes.data.api.model.ApiRecipe) returnType:kotlin.Int?
i: [kapt] method component1()J -> origin=OTHER element=null descriptor=IrBasedSimpleFunctionDescriptor: FUN GENERATED_DATA_CLASS_MEMBER name:component1 visibility:public modality:FINAL <> ($this:com.leo.paleorecipes.data.api.model.ApiRecipe) returnType:kotlin.Long [operator]
i: [kapt] method component2()Ljava/lang/String; -> origin=OTHER element=null descriptor=IrBasedSimpleFunctionDescriptor: FUN GENERATED_DATA_CLASS_MEMBER name:component2 visibility:public modality:FINAL <> ($this:com.leo.paleorecipes.data.api.model.ApiRecipe) returnType:kotlin.String [operator]
i: [kapt] method component3()Ljava/lang/String; -> origin=OTHER element=null descriptor=IrBasedSimpleFunctionDescriptor: FUN GENERATED_DATA_CLASS_MEMBER name:component3 visibility:public modality:FINAL <> ($this:com.leo.paleorecipes.data.api.model.ApiRecipe) returnType:kotlin.String? [operator]
i: [kapt] method component4()Ljava/util/List; -> origin=OTHER element=null descriptor=IrBasedSimpleFunctionDescriptor: FUN GENERATED_DATA_CLASS_MEMBER name:component4 visibility:public modality:FINAL <> ($this:com.leo.paleorecipes.data.api.model.ApiRecipe) returnType:kotlin.collections.List<com.leo.paleorecipes.data.api.model.ApiIngredient>? [operator]
i: [kapt] method component5()Ljava/util/List; -> origin=OTHER element=null descriptor=IrBasedSimpleFunctionDescriptor: FUN GENERATED_DATA_CLASS_MEMBER name:component5 visibility:public modality:FINAL <> ($this:com.leo.paleorecipes.data.api.model.ApiRecipe) returnType:kotlin.collections.List<com.leo.paleorecipes.data.api.model.ApiIngredient>? [operator]
i: [kapt] method component6()Ljava/util/List; -> origin=OTHER element=null descriptor=IrBasedSimpleFunctionDescriptor: FUN GENERATED_DATA_CLASS_MEMBER name:component6 visibility:public modality:FINAL <> ($this:com.leo.paleorecipes.data.api.model.ApiRecipe) returnType:kotlin.collections.List<com.leo.paleorecipes.data.api.model.ApiIngredient>? [operator]
i: [kapt] method component7()Ljava/lang/Integer; -> origin=OTHER element=null descriptor=IrBasedSimpleFunctionDescriptor: FUN GENERATED_DATA_CLASS_MEMBER name:component7 visibility:public modality:FINAL <> ($this:com.leo.paleorecipes.data.api.model.ApiRecipe) returnType:kotlin.Int? [operator]
i: [kapt] method component8()Ljava/lang/Integer; -> origin=OTHER element=null descriptor=IrBasedSimpleFunctionDescriptor: FUN GENERATED_DATA_CLASS_MEMBER name:component8 visibility:public modality:FINAL <> ($this:com.leo.paleorecipes.data.api.model.ApiRecipe) returnType:kotlin.Int? [operator]
i: [kapt] method copy(JLjava/lang/String;Ljava/lang/String;Ljava/util/List;Ljava/util/List;Ljava/util/List;Ljava/lang/Integer;Ljava/lang/Integer;)Lcom/leo/paleorecipes/data/api/model/ApiRecipe; -> origin=OTHER element=null descriptor=IrBasedSimpleFunctionDescriptor: FUN GENERATED_DATA_CLASS_MEMBER name:copy visibility:public modality:FINAL <> ($this:com.leo.paleorecipes.data.api.model.ApiRecipe, id:kotlin.Long, title:kotlin.String, image:kotlin.String?, usedIngredients:kotlin.collections.List<com.leo.paleorecipes.data.api.model.ApiIngredient>?, missedIngredients:kotlin.collections.List<com.leo.paleorecipes.data.api.model.ApiIngredient>?, unusedIngredients:kotlin.collections.List<com.leo.paleorecipes.data.api.model.ApiIngredient>?, readyInMinutes:kotlin.Int?, servings:kotlin.Int?) returnType:com.leo.paleorecipes.data.api.model.ApiRecipe
i: [kapt] method toString()Ljava/lang/String; -> origin=OTHER element=null descriptor=IrBasedSimpleFunctionDescriptor: FUN GENERATED_DATA_CLASS_MEMBER name:toString visibility:public modality:OPEN <> ($this:com.leo.paleorecipes.data.api.model.ApiRecipe) returnType:kotlin.String
i: [kapt] method hashCode()I -> origin=OTHER element=null descriptor=IrBasedSimpleFunctionDescriptor: FUN GENERATED_DATA_CLASS_MEMBER name:hashCode visibility:public modality:OPEN <> ($this:com.leo.paleorecipes.data.api.model.ApiRecipe) returnType:kotlin.Int
i: [kapt] method equals(Ljava/lang/Object;)Z -> origin=OTHER element=null descriptor=IrBasedSimpleFunctionDescriptor: FUN GENERATED_DATA_CLASS_MEMBER name:equals visibility:public modality:OPEN <> ($this:com.leo.paleorecipes.data.api.model.ApiRecipe, other:kotlin.Any?) returnType:kotlin.Boolean [operator]
i: [kapt] field image:Ljava/lang/String; -> origin=OTHER element=KtParameter descriptor=IrBasedFieldDescriptor: FIELD PROPERTY_BACKING_FIELD name:image type:kotlin.String? visibility:private [final]
i: [kapt] field usedIngredients:Ljava/util/List; -> origin=OTHER element=KtParameter descriptor=IrBasedFieldDescriptor: FIELD PROPERTY_BACKING_FIELD name:usedIngredients type:kotlin.collections.List<com.leo.paleorecipes.data.api.model.ApiIngredient>? visibility:private [final]
i: [kapt] field missedIngredients:Ljava/util/List; -> origin=OTHER element=KtParameter descriptor=IrBasedFieldDescriptor: FIELD PROPERTY_BACKING_FIELD name:missedIngredients type:kotlin.collections.List<com.leo.paleorecipes.data.api.model.ApiIngredient>? visibility:private [final]
i: [kapt] field unusedIngredients:Ljava/util/List; -> origin=OTHER element=KtParameter descriptor=IrBasedFieldDescriptor: FIELD PROPERTY_BACKING_FIELD name:unusedIngredients type:kotlin.collections.List<com.leo.paleorecipes.data.api.model.ApiIngredient>? visibility:private [final]
i: [kapt] field readyInMinutes:Ljava/lang/Integer; -> origin=OTHER element=KtParameter descriptor=IrBasedFieldDescriptor: FIELD PROPERTY_BACKING_FIELD name:readyInMinutes type:kotlin.Int? visibility:private [final]
i: [kapt] field servings:Ljava/lang/Integer; -> origin=OTHER element=KtParameter descriptor=IrBasedFieldDescriptor: FIELD PROPERTY_BACKING_FIELD name:servings type:kotlin.Int? visibility:private [final]
i: [kapt] class com/leo/paleorecipes/data/api/model/ApiRecipeDetail -> origin=OTHER element=KtClass descriptor=IrBasedClassDescriptor: CLASS CLASS name:ApiRecipeDetail modality:FINAL visibility:public [data] superTypes:[kotlin.Any]
i: [kapt] method <init>(JLjava/lang/String;Ljava/lang/String;Ljava/lang/String;Ljava/lang/String;Ljava/lang/Integer;Ljava/lang/Integer;Ljava/util/List;Ljava/util/List;)V -> origin=OTHER element=KtClass descriptor=IrBasedClassConstructorDescriptor: CONSTRUCTOR visibility:public <> (id:kotlin.Long, title:kotlin.String, image:kotlin.String?, summary:kotlin.String?, instructions:kotlin.String?, readyInMinutes:kotlin.Int?, servings:kotlin.Int?, extendedIngredients:kotlin.collections.List<com.leo.paleorecipes.data.api.model.ApiIngredient>?, analyzedInstructions:kotlin.collections.List<com.leo.paleorecipes.data.api.model.ApiAnalyzedInstruction>?) returnType:com.leo.paleorecipes.data.api.model.ApiRecipeDetail [primary]
i: [kapt] method <init>(JLjava/lang/String;Ljava/lang/String;Ljava/lang/String;Ljava/lang/String;Ljava/lang/Integer;Ljava/lang/Integer;Ljava/util/List;Ljava/util/List;ILkotlin/jvm/internal/DefaultConstructorMarker;)V -> origin=OTHER element=KtClass descriptor=IrBasedClassConstructorDescriptor: CONSTRUCTOR FUNCTION_FOR_DEFAULT_PARAMETER visibility:public <> (id:kotlin.Long, title:kotlin.String, image:kotlin.String?, summary:kotlin.String?, instructions:kotlin.String?, readyInMinutes:kotlin.Int?, servings:kotlin.Int?, extendedIngredients:kotlin.collections.List<com.leo.paleorecipes.data.api.model.ApiIngredient>?, analyzedInstructions:kotlin.collections.List<com.leo.paleorecipes.data.api.model.ApiAnalyzedInstruction>?, $mask0:kotlin.Int, $marker:kotlin.jvm.internal.DefaultConstructorMarker?) returnType:com.leo.paleorecipes.data.api.model.ApiRecipeDetail
i: [kapt] method getId()J -> origin=OTHER element=KtParameter descriptor=IrBasedPropertyGetterDescriptor: FUN DEFAULT_PROPERTY_ACCESSOR name:<get-id> visibility:public modality:FINAL <> ($this:com.leo.paleorecipes.data.api.model.ApiRecipeDetail) returnType:kotlin.Long
i: [kapt] method getTitle()Ljava/lang/String; -> origin=OTHER element=KtParameter descriptor=IrBasedPropertyGetterDescriptor: FUN DEFAULT_PROPERTY_ACCESSOR name:<get-title> visibility:public modality:FINAL <> ($this:com.leo.paleorecipes.data.api.model.ApiRecipeDetail) returnType:kotlin.String
i: [kapt] method getImage()Ljava/lang/String; -> origin=OTHER element=KtParameter descriptor=IrBasedPropertyGetterDescriptor: FUN DEFAULT_PROPERTY_ACCESSOR name:<get-image> visibility:public modality:FINAL <> ($this:com.leo.paleorecipes.data.api.model.ApiRecipeDetail) returnType:kotlin.String?
i: [kapt] method getSummary()Ljava/lang/String; -> origin=OTHER element=KtParameter descriptor=IrBasedPropertyGetterDescriptor: FUN DEFAULT_PROPERTY_ACCESSOR name:<get-summary> visibility:public modality:FINAL <> ($this:com.leo.paleorecipes.data.api.model.ApiRecipeDetail) returnType:kotlin.String?
i: [kapt] method getInstructions()Ljava/lang/String; -> origin=OTHER element=KtParameter descriptor=IrBasedPropertyGetterDescriptor: FUN DEFAULT_PROPERTY_ACCESSOR name:<get-instructions> visibility:public modality:FINAL <> ($this:com.leo.paleorecipes.data.api.model.ApiRecipeDetail) returnType:kotlin.String?
i: [kapt] method getReadyInMinutes()Ljava/lang/Integer; -> origin=OTHER element=KtParameter descriptor=IrBasedPropertyGetterDescriptor: FUN DEFAULT_PROPERTY_ACCESSOR name:<get-readyInMinutes> visibility:public modality:FINAL <> ($this:com.leo.paleorecipes.data.api.model.ApiRecipeDetail) returnType:kotlin.Int?
i: [kapt] method getServings()Ljava/lang/Integer; -> origin=OTHER element=KtParameter descriptor=IrBasedPropertyGetterDescriptor: FUN DEFAULT_PROPERTY_ACCESSOR name:<get-servings> visibility:public modality:FINAL <> ($this:com.leo.paleorecipes.data.api.model.ApiRecipeDetail) returnType:kotlin.Int?
i: [kapt] method getExtendedIngredients()Ljava/util/List; -> origin=OTHER element=KtParameter descriptor=IrBasedPropertyGetterDescriptor: FUN DEFAULT_PROPERTY_ACCESSOR name:<get-extendedIngredients> visibility:public modality:FINAL <> ($this:com.leo.paleorecipes.data.api.model.ApiRecipeDetail) returnType:kotlin.collections.List<com.leo.paleorecipes.data.api.model.ApiIngredient>?
i: [kapt] method getAnalyzedInstructions()Ljava/util/List; -> origin=OTHER element=KtParameter descriptor=IrBasedPropertyGetterDescriptor: FUN DEFAULT_PROPERTY_ACCESSOR name:<get-analyzedInstructions> visibility:public modality:FINAL <> ($this:com.leo.paleorecipes.data.api.model.ApiRecipeDetail) returnType:kotlin.collections.List<com.leo.paleorecipes.data.api.model.ApiAnalyzedInstruction>?
i: [kapt] method component1()J -> origin=OTHER element=null descriptor=IrBasedSimpleFunctionDescriptor: FUN GENERATED_DATA_CLASS_MEMBER name:component1 visibility:public modality:FINAL <> ($this:com.leo.paleorecipes.data.api.model.ApiRecipeDetail) returnType:kotlin.Long [operator]
i: [kapt] method component2()Ljava/lang/String; -> origin=OTHER element=null descriptor=IrBasedSimpleFunctionDescriptor: FUN GENERATED_DATA_CLASS_MEMBER name:component2 visibility:public modality:FINAL <> ($this:com.leo.paleorecipes.data.api.model.ApiRecipeDetail) returnType:kotlin.String [operator]
i: [kapt] method component3()Ljava/lang/String; -> origin=OTHER element=null descriptor=IrBasedSimpleFunctionDescriptor: FUN GENERATED_DATA_CLASS_MEMBER name:component3 visibility:public modality:FINAL <> ($this:com.leo.paleorecipes.data.api.model.ApiRecipeDetail) returnType:kotlin.String? [operator]
i: [kapt] method component4()Ljava/lang/String; -> origin=OTHER element=null descriptor=IrBasedSimpleFunctionDescriptor: FUN GENERATED_DATA_CLASS_MEMBER name:component4 visibility:public modality:FINAL <> ($this:com.leo.paleorecipes.data.api.model.ApiRecipeDetail) returnType:kotlin.String? [operator]
i: [kapt] method component5()Ljava/lang/String; -> origin=OTHER element=null descriptor=IrBasedSimpleFunctionDescriptor: FUN GENERATED_DATA_CLASS_MEMBER name:component5 visibility:public modality:FINAL <> ($this:com.leo.paleorecipes.data.api.model.ApiRecipeDetail) returnType:kotlin.String? [operator]
i: [kapt] method component6()Ljava/lang/Integer; -> origin=OTHER element=null descriptor=IrBasedSimpleFunctionDescriptor: FUN GENERATED_DATA_CLASS_MEMBER name:component6 visibility:public modality:FINAL <> ($this:com.leo.paleorecipes.data.api.model.ApiRecipeDetail) returnType:kotlin.Int? [operator]
i: [kapt] method component7()Ljava/lang/Integer; -> origin=OTHER element=null descriptor=IrBasedSimpleFunctionDescriptor: FUN GENERATED_DATA_CLASS_MEMBER name:component7 visibility:public modality:FINAL <> ($this:com.leo.paleorecipes.data.api.model.ApiRecipeDetail) returnType:kotlin.Int? [operator]
i: [kapt] method component8()Ljava/util/List; -> origin=OTHER element=null descriptor=IrBasedSimpleFunctionDescriptor: FUN GENERATED_DATA_CLASS_MEMBER name:component8 visibility:public modality:FINAL <> ($this:com.leo.paleorecipes.data.api.model.ApiRecipeDetail) returnType:kotlin.collections.List<com.leo.paleorecipes.data.api.model.ApiIngredient>? [operator]
i: [kapt] method component9()Ljava/util/List; -> origin=OTHER element=null descriptor=IrBasedSimpleFunctionDescriptor: FUN GENERATED_DATA_CLASS_MEMBER name:component9 visibility:public modality:FINAL <> ($this:com.leo.paleorecipes.data.api.model.ApiRecipeDetail) returnType:kotlin.collections.List<com.leo.paleorecipes.data.api.model.ApiAnalyzedInstruction>? [operator]
i: [kapt] method copy(JLjava/lang/String;Ljava/lang/String;Ljava/lang/String;Ljava/lang/String;Ljava/lang/Integer;Ljava/lang/Integer;Ljava/util/List;Ljava/util/List;)Lcom/leo/paleorecipes/data/api/model/ApiRecipeDetail; -> origin=OTHER element=null descriptor=IrBasedSimpleFunctionDescriptor: FUN GENERATED_DATA_CLASS_MEMBER name:copy visibility:public modality:FINAL <> ($this:com.leo.paleorecipes.data.api.model.ApiRecipeDetail, id:kotlin.Long, title:kotlin.String, image:kotlin.String?, summary:kotlin.String?, instructions:kotlin.String?, readyInMinutes:kotlin.Int?, servings:kotlin.Int?, extendedIngredients:kotlin.collections.List<com.leo.paleorecipes.data.api.model.ApiIngredient>?, analyzedInstructions:kotlin.collections.List<com.leo.paleorecipes.data.api.model.ApiAnalyzedInstruction>?) returnType:com.leo.paleorecipes.data.api.model.ApiRecipeDetail
i: [kapt] method toString()Ljava/lang/String; -> origin=OTHER element=null descriptor=IrBasedSimpleFunctionDescriptor: FUN GENERATED_DATA_CLASS_MEMBER name:toString visibility:public modality:OPEN <> ($this:com.leo.paleorecipes.data.api.model.ApiRecipeDetail) returnType:kotlin.String
i: [kapt] method hashCode()I -> origin=OTHER element=null descriptor=IrBasedSimpleFunctionDescriptor: FUN GENERATED_DATA_CLASS_MEMBER name:hashCode visibility:public modality:OPEN <> ($this:com.leo.paleorecipes.data.api.model.ApiRecipeDetail) returnType:kotlin.Int
i: [kapt] method equals(Ljava/lang/Object;)Z -> origin=OTHER element=null descriptor=IrBasedSimpleFunctionDescriptor: FUN GENERATED_DATA_CLASS_MEMBER name:equals visibility:public modality:OPEN <> ($this:com.leo.paleorecipes.data.api.model.ApiRecipeDetail, other:kotlin.Any?) returnType:kotlin.Boolean [operator]
i: [kapt] field summary:Ljava/lang/String; -> origin=OTHER element=KtParameter descriptor=IrBasedFieldDescriptor: FIELD PROPERTY_BACKING_FIELD name:summary type:kotlin.String? visibility:private [final]
i: [kapt] field instructions:Ljava/lang/String; -> origin=OTHER element=KtParameter descriptor=IrBasedFieldDescriptor: FIELD PROPERTY_BACKING_FIELD name:instructions type:kotlin.String? visibility:private [final]
i: [kapt] field extendedIngredients:Ljava/util/List; -> origin=OTHER element=KtParameter descriptor=IrBasedFieldDescriptor: FIELD PROPERTY_BACKING_FIELD name:extendedIngredients type:kotlin.collections.List<com.leo.paleorecipes.data.api.model.ApiIngredient>? visibility:private [final]
i: [kapt] field analyzedInstructions:Ljava/util/List; -> origin=OTHER element=KtParameter descriptor=IrBasedFieldDescriptor: FIELD PROPERTY_BACKING_FIELD name:analyzedInstructions type:kotlin.collections.List<com.leo.paleorecipes.data.api.model.ApiAnalyzedInstruction>? visibility:private [final]
i: [kapt] class com/leo/paleorecipes/data/api/model/ApiIngredient -> origin=OTHER element=KtClass descriptor=IrBasedClassDescriptor: CLASS CLASS name:ApiIngredient modality:FINAL visibility:public [data] superTypes:[kotlin.Any]
i: [kapt] method <init>(Ljava/lang/Long;Ljava/lang/String;Ljava/lang/String;Ljava/lang/Double;Ljava/lang/String;)V -> origin=OTHER element=KtClass descriptor=IrBasedClassConstructorDescriptor: CONSTRUCTOR visibility:public <> (id:kotlin.Long?, name:kotlin.String?, original:kotlin.String?, amount:kotlin.Double?, unit:kotlin.String?) returnType:com.leo.paleorecipes.data.api.model.ApiIngredient [primary]
i: [kapt] method getId()Ljava/lang/Long; -> origin=OTHER element=KtParameter descriptor=IrBasedPropertyGetterDescriptor: FUN DEFAULT_PROPERTY_ACCESSOR name:<get-id> visibility:public modality:FINAL <> ($this:com.leo.paleorecipes.data.api.model.ApiIngredient) returnType:kotlin.Long?
i: [kapt] method getName()Ljava/lang/String; -> origin=OTHER element=KtParameter descriptor=IrBasedPropertyGetterDescriptor: FUN DEFAULT_PROPERTY_ACCESSOR name:<get-name> visibility:public modality:FINAL <> ($this:com.leo.paleorecipes.data.api.model.ApiIngredient) returnType:kotlin.String?
i: [kapt] method getOriginal()Ljava/lang/String; -> origin=OTHER element=KtParameter descriptor=IrBasedPropertyGetterDescriptor: FUN DEFAULT_PROPERTY_ACCESSOR name:<get-original> visibility:public modality:FINAL <> ($this:com.leo.paleorecipes.data.api.model.ApiIngredient) returnType:kotlin.String?
i: [kapt] method getAmount()Ljava/lang/Double; -> origin=OTHER element=KtParameter descriptor=IrBasedPropertyGetterDescriptor: FUN DEFAULT_PROPERTY_ACCESSOR name:<get-amount> visibility:public modality:FINAL <> ($this:com.leo.paleorecipes.data.api.model.ApiIngredient) returnType:kotlin.Double?
i: [kapt] method getUnit()Ljava/lang/String; -> origin=OTHER element=KtParameter descriptor=IrBasedPropertyGetterDescriptor: FUN DEFAULT_PROPERTY_ACCESSOR name:<get-unit> visibility:public modality:FINAL <> ($this:com.leo.paleorecipes.data.api.model.ApiIngredient) returnType:kotlin.String?
i: [kapt] method component1()Ljava/lang/Long; -> origin=OTHER element=null descriptor=IrBasedSimpleFunctionDescriptor: FUN GENERATED_DATA_CLASS_MEMBER name:component1 visibility:public modality:FINAL <> ($this:com.leo.paleorecipes.data.api.model.ApiIngredient) returnType:kotlin.Long? [operator]
i: [kapt] method component2()Ljava/lang/String; -> origin=OTHER element=null descriptor=IrBasedSimpleFunctionDescriptor: FUN GENERATED_DATA_CLASS_MEMBER name:component2 visibility:public modality:FINAL <> ($this:com.leo.paleorecipes.data.api.model.ApiIngredient) returnType:kotlin.String? [operator]
i: [kapt] method component3()Ljava/lang/String; -> origin=OTHER element=null descriptor=IrBasedSimpleFunctionDescriptor: FUN GENERATED_DATA_CLASS_MEMBER name:component3 visibility:public modality:FINAL <> ($this:com.leo.paleorecipes.data.api.model.ApiIngredient) returnType:kotlin.String? [operator]
i: [kapt] method component4()Ljava/lang/Double; -> origin=OTHER element=null descriptor=IrBasedSimpleFunctionDescriptor: FUN GENERATED_DATA_CLASS_MEMBER name:component4 visibility:public modality:FINAL <> ($this:com.leo.paleorecipes.data.api.model.ApiIngredient) returnType:kotlin.Double? [operator]
i: [kapt] method component5()Ljava/lang/String; -> origin=OTHER element=null descriptor=IrBasedSimpleFunctionDescriptor: FUN GENERATED_DATA_CLASS_MEMBER name:component5 visibility:public modality:FINAL <> ($this:com.leo.paleorecipes.data.api.model.ApiIngredient) returnType:kotlin.String? [operator]
i: [kapt] method copy(Ljava/lang/Long;Ljava/lang/String;Ljava/lang/String;Ljava/lang/Double;Ljava/lang/String;)Lcom/leo/paleorecipes/data/api/model/ApiIngredient; -> origin=OTHER element=null descriptor=IrBasedSimpleFunctionDescriptor: FUN GENERATED_DATA_CLASS_MEMBER name:copy visibility:public modality:FINAL <> ($this:com.leo.paleorecipes.data.api.model.ApiIngredient, id:kotlin.Long?, name:kotlin.String?, original:kotlin.String?, amount:kotlin.Double?, unit:kotlin.String?) returnType:com.leo.paleorecipes.data.api.model.ApiIngredient
i: [kapt] method toString()Ljava/lang/String; -> origin=OTHER element=null descriptor=IrBasedSimpleFunctionDescriptor: FUN GENERATED_DATA_CLASS_MEMBER name:toString visibility:public modality:OPEN <> ($this:com.leo.paleorecipes.data.api.model.ApiIngredient) returnType:kotlin.String
i: [kapt] method hashCode()I -> origin=OTHER element=null descriptor=IrBasedSimpleFunctionDescriptor: FUN GENERATED_DATA_CLASS_MEMBER name:hashCode visibility:public modality:OPEN <> ($this:com.leo.paleorecipes.data.api.model.ApiIngredient) returnType:kotlin.Int
i: [kapt] method equals(Ljava/lang/Object;)Z -> origin=OTHER element=null descriptor=IrBasedSimpleFunctionDescriptor: FUN GENERATED_DATA_CLASS_MEMBER name:equals visibility:public modality:OPEN <> ($this:com.leo.paleorecipes.data.api.model.ApiIngredient, other:kotlin.Any?) returnType:kotlin.Boolean [operator]
i: [kapt] field id:Ljava/lang/Long; -> origin=OTHER element=KtParameter descriptor=IrBasedFieldDescriptor: FIELD PROPERTY_BACKING_FIELD name:id type:kotlin.Long? visibility:private [final]
i: [kapt] field name:Ljava/lang/String; -> origin=OTHER element=KtParameter descriptor=IrBasedFieldDescriptor: FIELD PROPERTY_BACKING_FIELD name:name type:kotlin.String? visibility:private [final]
i: [kapt] field original:Ljava/lang/String; -> origin=OTHER element=KtParameter descriptor=IrBasedFieldDescriptor: FIELD PROPERTY_BACKING_FIELD name:original type:kotlin.String? visibility:private [final]
i: [kapt] field amount:Ljava/lang/Double; -> origin=OTHER element=KtParameter descriptor=IrBasedFieldDescriptor: FIELD PROPERTY_BACKING_FIELD name:amount type:kotlin.Double? visibility:private [final]
i: [kapt] field unit:Ljava/lang/String; -> origin=OTHER element=KtParameter descriptor=IrBasedFieldDescriptor: FIELD PROPERTY_BACKING_FIELD name:unit type:kotlin.String? visibility:private [final]
i: [kapt] class com/leo/paleorecipes/data/api/model/ApiAnalyzedInstruction -> origin=OTHER element=KtClass descriptor=IrBasedClassDescriptor: CLASS CLASS name:ApiAnalyzedInstruction modality:FINAL visibility:public [data] superTypes:[kotlin.Any]
i: [kapt] method <init>(Ljava/lang/String;Ljava/util/List;)V -> origin=OTHER element=KtClass descriptor=IrBasedClassConstructorDescriptor: CONSTRUCTOR visibility:public <> (name:kotlin.String?, steps:kotlin.collections.List<com.leo.paleorecipes.data.api.model.ApiInstructionStep>?) returnType:com.leo.paleorecipes.data.api.model.ApiAnalyzedInstruction [primary]
i: [kapt] method getName()Ljava/lang/String; -> origin=OTHER element=KtParameter descriptor=IrBasedPropertyGetterDescriptor: FUN DEFAULT_PROPERTY_ACCESSOR name:<get-name> visibility:public modality:FINAL <> ($this:com.leo.paleorecipes.data.api.model.ApiAnalyzedInstruction) returnType:kotlin.String?
i: [kapt] method getSteps()Ljava/util/List; -> origin=OTHER element=KtParameter descriptor=IrBasedPropertyGetterDescriptor: FUN DEFAULT_PROPERTY_ACCESSOR name:<get-steps> visibility:public modality:FINAL <> ($this:com.leo.paleorecipes.data.api.model.ApiAnalyzedInstruction) returnType:kotlin.collections.List<com.leo.paleorecipes.data.api.model.ApiInstructionStep>?
i: [kapt] method component1()Ljava/lang/String; -> origin=OTHER element=null descriptor=IrBasedSimpleFunctionDescriptor: FUN GENERATED_DATA_CLASS_MEMBER name:component1 visibility:public modality:FINAL <> ($this:com.leo.paleorecipes.data.api.model.ApiAnalyzedInstruction) returnType:kotlin.String? [operator]
i: [kapt] method component2()Ljava/util/List; -> origin=OTHER element=null descriptor=IrBasedSimpleFunctionDescriptor: FUN GENERATED_DATA_CLASS_MEMBER name:component2 visibility:public modality:FINAL <> ($this:com.leo.paleorecipes.data.api.model.ApiAnalyzedInstruction) returnType:kotlin.collections.List<com.leo.paleorecipes.data.api.model.ApiInstructionStep>? [operator]
i: [kapt] method copy(Ljava/lang/String;Ljava/util/List;)Lcom/leo/paleorecipes/data/api/model/ApiAnalyzedInstruction; -> origin=OTHER element=null descriptor=IrBasedSimpleFunctionDescriptor: FUN GENERATED_DATA_CLASS_MEMBER name:copy visibility:public modality:FINAL <> ($this:com.leo.paleorecipes.data.api.model.ApiAnalyzedInstruction, name:kotlin.String?, steps:kotlin.collections.List<com.leo.paleorecipes.data.api.model.ApiInstructionStep>?) returnType:com.leo.paleorecipes.data.api.model.ApiAnalyzedInstruction
i: [kapt] method toString()Ljava/lang/String; -> origin=OTHER element=null descriptor=IrBasedSimpleFunctionDescriptor: FUN GENERATED_DATA_CLASS_MEMBER name:toString visibility:public modality:OPEN <> ($this:com.leo.paleorecipes.data.api.model.ApiAnalyzedInstruction) returnType:kotlin.String
i: [kapt] method hashCode()I -> origin=OTHER element=null descriptor=IrBasedSimpleFunctionDescriptor: FUN GENERATED_DATA_CLASS_MEMBER name:hashCode visibility:public modality:OPEN <> ($this:com.leo.paleorecipes.data.api.model.ApiAnalyzedInstruction) returnType:kotlin.Int
i: [kapt] method equals(Ljava/lang/Object;)Z -> origin=OTHER element=null descriptor=IrBasedSimpleFunctionDescriptor: FUN GENERATED_DATA_CLASS_MEMBER name:equals visibility:public modality:OPEN <> ($this:com.leo.paleorecipes.data.api.model.ApiAnalyzedInstruction, other:kotlin.Any?) returnType:kotlin.Boolean [operator]
i: [kapt] field steps:Ljava/util/List; -> origin=OTHER element=KtParameter descriptor=IrBasedFieldDescriptor: FIELD PROPERTY_BACKING_FIELD name:steps type:kotlin.collections.List<com.leo.paleorecipes.data.api.model.ApiInstructionStep>? visibility:private [final]
i: [kapt] class com/leo/paleorecipes/data/api/model/ApiInstructionStep -> origin=OTHER element=KtClass descriptor=IrBasedClassDescriptor: CLASS CLASS name:ApiInstructionStep modality:FINAL visibility:public [data] superTypes:[kotlin.Any]
i: [kapt] method <init>(Ljava/lang/Integer;Ljava/lang/String;Ljava/util/List;Ljava/util/List;)V -> origin=OTHER element=KtClass descriptor=IrBasedClassConstructorDescriptor: CONSTRUCTOR visibility:public <> (number:kotlin.Int?, step:kotlin.String?, ingredients:kotlin.collections.List<com.leo.paleorecipes.data.api.model.ApiIngredient>?, equipment:kotlin.collections.List<com.leo.paleorecipes.data.api.model.ApiEquipment>?) returnType:com.leo.paleorecipes.data.api.model.ApiInstructionStep [primary]
i: [kapt] method getNumber()Ljava/lang/Integer; -> origin=OTHER element=KtParameter descriptor=IrBasedPropertyGetterDescriptor: FUN DEFAULT_PROPERTY_ACCESSOR name:<get-number> visibility:public modality:FINAL <> ($this:com.leo.paleorecipes.data.api.model.ApiInstructionStep) returnType:kotlin.Int?
i: [kapt] method getStep()Ljava/lang/String; -> origin=OTHER element=KtParameter descriptor=IrBasedPropertyGetterDescriptor: FUN DEFAULT_PROPERTY_ACCESSOR name:<get-step> visibility:public modality:FINAL <> ($this:com.leo.paleorecipes.data.api.model.ApiInstructionStep) returnType:kotlin.String?
i: [kapt] method getIngredients()Ljava/util/List; -> origin=OTHER element=KtParameter descriptor=IrBasedPropertyGetterDescriptor: FUN DEFAULT_PROPERTY_ACCESSOR name:<get-ingredients> visibility:public modality:FINAL <> ($this:com.leo.paleorecipes.data.api.model.ApiInstructionStep) returnType:kotlin.collections.List<com.leo.paleorecipes.data.api.model.ApiIngredient>?
i: [kapt] method getEquipment()Ljava/util/List; -> origin=OTHER element=KtParameter descriptor=IrBasedPropertyGetterDescriptor: FUN DEFAULT_PROPERTY_ACCESSOR name:<get-equipment> visibility:public modality:FINAL <> ($this:com.leo.paleorecipes.data.api.model.ApiInstructionStep) returnType:kotlin.collections.List<com.leo.paleorecipes.data.api.model.ApiEquipment>?
i: [kapt] method component1()Ljava/lang/Integer; -> origin=OTHER element=null descriptor=IrBasedSimpleFunctionDescriptor: FUN GENERATED_DATA_CLASS_MEMBER name:component1 visibility:public modality:FINAL <> ($this:com.leo.paleorecipes.data.api.model.ApiInstructionStep) returnType:kotlin.Int? [operator]
i: [kapt] method component2()Ljava/lang/String; -> origin=OTHER element=null descriptor=IrBasedSimpleFunctionDescriptor: FUN GENERATED_DATA_CLASS_MEMBER name:component2 visibility:public modality:FINAL <> ($this:com.leo.paleorecipes.data.api.model.ApiInstructionStep) returnType:kotlin.String? [operator]
i: [kapt] method component3()Ljava/util/List; -> origin=OTHER element=null descriptor=IrBasedSimpleFunctionDescriptor: FUN GENERATED_DATA_CLASS_MEMBER name:component3 visibility:public modality:FINAL <> ($this:com.leo.paleorecipes.data.api.model.ApiInstructionStep) returnType:kotlin.collections.List<com.leo.paleorecipes.data.api.model.ApiIngredient>? [operator]
i: [kapt] method component4()Ljava/util/List; -> origin=OTHER element=null descriptor=IrBasedSimpleFunctionDescriptor: FUN GENERATED_DATA_CLASS_MEMBER name:component4 visibility:public modality:FINAL <> ($this:com.leo.paleorecipes.data.api.model.ApiInstructionStep) returnType:kotlin.collections.List<com.leo.paleorecipes.data.api.model.ApiEquipment>? [operator]
i: [kapt] method copy(Ljava/lang/Integer;Ljava/lang/String;Ljava/util/List;Ljava/util/List;)Lcom/leo/paleorecipes/data/api/model/ApiInstructionStep; -> origin=OTHER element=null descriptor=IrBasedSimpleFunctionDescriptor: FUN GENERATED_DATA_CLASS_MEMBER name:copy visibility:public modality:FINAL <> ($this:com.leo.paleorecipes.data.api.model.ApiInstructionStep, number:kotlin.Int?, step:kotlin.String?, ingredients:kotlin.collections.List<com.leo.paleorecipes.data.api.model.ApiIngredient>?, equipment:kotlin.collections.List<com.leo.paleorecipes.data.api.model.ApiEquipment>?) returnType:com.leo.paleorecipes.data.api.model.ApiInstructionStep
i: [kapt] method toString()Ljava/lang/String; -> origin=OTHER element=null descriptor=IrBasedSimpleFunctionDescriptor: FUN GENERATED_DATA_CLASS_MEMBER name:toString visibility:public modality:OPEN <> ($this:com.leo.paleorecipes.data.api.model.ApiInstructionStep) returnType:kotlin.String
i: [kapt] method hashCode()I -> origin=OTHER element=null descriptor=IrBasedSimpleFunctionDescriptor: FUN GENERATED_DATA_CLASS_MEMBER name:hashCode visibility:public modality:OPEN <> ($this:com.leo.paleorecipes.data.api.model.ApiInstructionStep) returnType:kotlin.Int
i: [kapt] method equals(Ljava/lang/Object;)Z -> origin=OTHER element=null descriptor=IrBasedSimpleFunctionDescriptor: FUN GENERATED_DATA_CLASS_MEMBER name:equals visibility:public modality:OPEN <> ($this:com.leo.paleorecipes.data.api.model.ApiInstructionStep, other:kotlin.Any?) returnType:kotlin.Boolean [operator]
i: [kapt] field number:Ljava/lang/Integer; -> origin=OTHER element=KtParameter descriptor=IrBasedFieldDescriptor: FIELD PROPERTY_BACKING_FIELD name:number type:kotlin.Int? visibility:private [final]
i: [kapt] field step:Ljava/lang/String; -> origin=OTHER element=KtParameter descriptor=IrBasedFieldDescriptor: FIELD PROPERTY_BACKING_FIELD name:step type:kotlin.String? visibility:private [final]
i: [kapt] field ingredients:Ljava/util/List; -> origin=OTHER element=KtParameter descriptor=IrBasedFieldDescriptor: FIELD PROPERTY_BACKING_FIELD name:ingredients type:kotlin.collections.List<com.leo.paleorecipes.data.api.model.ApiIngredient>? visibility:private [final]
i: [kapt] field equipment:Ljava/util/List; -> origin=OTHER element=KtParameter descriptor=IrBasedFieldDescriptor: FIELD PROPERTY_BACKING_FIELD name:equipment type:kotlin.collections.List<com.leo.paleorecipes.data.api.model.ApiEquipment>? visibility:private [final]
i: [kapt] class com/leo/paleorecipes/data/api/model/ApiEquipment -> origin=OTHER element=KtClass descriptor=IrBasedClassDescriptor: CLASS CLASS name:ApiEquipment modality:FINAL visibility:public [data] superTypes:[kotlin.Any]
i: [kapt] method <init>(Ljava/lang/Long;Ljava/lang/String;Ljava/lang/String;Ljava/lang/String;)V -> origin=OTHER element=KtClass descriptor=IrBasedClassConstructorDescriptor: CONSTRUCTOR visibility:public <> (id:kotlin.Long?, name:kotlin.String?, localizedName:kotlin.String?, image:kotlin.String?) returnType:com.leo.paleorecipes.data.api.model.ApiEquipment [primary]
i: [kapt] method getId()Ljava/lang/Long; -> origin=OTHER element=KtParameter descriptor=IrBasedPropertyGetterDescriptor: FUN DEFAULT_PROPERTY_ACCESSOR name:<get-id> visibility:public modality:FINAL <> ($this:com.leo.paleorecipes.data.api.model.ApiEquipment) returnType:kotlin.Long?
i: [kapt] method getName()Ljava/lang/String; -> origin=OTHER element=KtParameter descriptor=IrBasedPropertyGetterDescriptor: FUN DEFAULT_PROPERTY_ACCESSOR name:<get-name> visibility:public modality:FINAL <> ($this:com.leo.paleorecipes.data.api.model.ApiEquipment) returnType:kotlin.String?
i: [kapt] method getLocalizedName()Ljava/lang/String; -> origin=OTHER element=KtParameter descriptor=IrBasedPropertyGetterDescriptor: FUN DEFAULT_PROPERTY_ACCESSOR name:<get-localizedName> visibility:public modality:FINAL <> ($this:com.leo.paleorecipes.data.api.model.ApiEquipment) returnType:kotlin.String?
i: [kapt] method getImage()Ljava/lang/String; -> origin=OTHER element=KtParameter descriptor=IrBasedPropertyGetterDescriptor: FUN DEFAULT_PROPERTY_ACCESSOR name:<get-image> visibility:public modality:FINAL <> ($this:com.leo.paleorecipes.data.api.model.ApiEquipment) returnType:kotlin.String?
i: [kapt] method component1()Ljava/lang/Long; -> origin=OTHER element=null descriptor=IrBasedSimpleFunctionDescriptor: FUN GENERATED_DATA_CLASS_MEMBER name:component1 visibility:public modality:FINAL <> ($this:com.leo.paleorecipes.data.api.model.ApiEquipment) returnType:kotlin.Long? [operator]
i: [kapt] method component2()Ljava/lang/String; -> origin=OTHER element=null descriptor=IrBasedSimpleFunctionDescriptor: FUN GENERATED_DATA_CLASS_MEMBER name:component2 visibility:public modality:FINAL <> ($this:com.leo.paleorecipes.data.api.model.ApiEquipment) returnType:kotlin.String? [operator]
i: [kapt] method component3()Ljava/lang/String; -> origin=OTHER element=null descriptor=IrBasedSimpleFunctionDescriptor: FUN GENERATED_DATA_CLASS_MEMBER name:component3 visibility:public modality:FINAL <> ($this:com.leo.paleorecipes.data.api.model.ApiEquipment) returnType:kotlin.String? [operator]
i: [kapt] method component4()Ljava/lang/String; -> origin=OTHER element=null descriptor=IrBasedSimpleFunctionDescriptor: FUN GENERATED_DATA_CLASS_MEMBER name:component4 visibility:public modality:FINAL <> ($this:com.leo.paleorecipes.data.api.model.ApiEquipment) returnType:kotlin.String? [operator]
i: [kapt] method copy(Ljava/lang/Long;Ljava/lang/String;Ljava/lang/String;Ljava/lang/String;)Lcom/leo/paleorecipes/data/api/model/ApiEquipment; -> origin=OTHER element=null descriptor=IrBasedSimpleFunctionDescriptor: FUN GENERATED_DATA_CLASS_MEMBER name:copy visibility:public modality:FINAL <> ($this:com.leo.paleorecipes.data.api.model.ApiEquipment, id:kotlin.Long?, name:kotlin.String?, localizedName:kotlin.String?, image:kotlin.String?) returnType:com.leo.paleorecipes.data.api.model.ApiEquipment
i: [kapt] method toString()Ljava/lang/String; -> origin=OTHER element=null descriptor=IrBasedSimpleFunctionDescriptor: FUN GENERATED_DATA_CLASS_MEMBER name:toString visibility:public modality:OPEN <> ($this:com.leo.paleorecipes.data.api.model.ApiEquipment) returnType:kotlin.String
i: [kapt] method hashCode()I -> origin=OTHER element=null descriptor=IrBasedSimpleFunctionDescriptor: FUN GENERATED_DATA_CLASS_MEMBER name:hashCode visibility:public modality:OPEN <> ($this:com.leo.paleorecipes.data.api.model.ApiEquipment) returnType:kotlin.Int
i: [kapt] method equals(Ljava/lang/Object;)Z -> origin=OTHER element=null descriptor=IrBasedSimpleFunctionDescriptor: FUN GENERATED_DATA_CLASS_MEMBER name:equals visibility:public modality:OPEN <> ($this:com.leo.paleorecipes.data.api.model.ApiEquipment, other:kotlin.Any?) returnType:kotlin.Boolean [operator]
i: [kapt] field localizedName:Ljava/lang/String; -> origin=OTHER element=KtParameter descriptor=IrBasedFieldDescriptor: FIELD PROPERTY_BACKING_FIELD name:localizedName type:kotlin.String? visibility:private [final]
i: [kapt] class com/leo/paleorecipes/data/local/dao/IngredientDao -> origin=OTHER element=KtClass descriptor=IrBasedClassDescriptor: CLASS INTERFACE name:IngredientDao modality:ABSTRACT visibility:public superTypes:[kotlin.Any]
i: [kapt] method getAllIngredients()Lkotlinx/coroutines/flow/Flow; -> origin=OTHER element=KtNamedFunction descriptor=IrBasedSimpleFunctionDescriptor: FUN name:getAllIngredients visibility:public modality:ABSTRACT <> ($this:com.leo.paleorecipes.data.local.dao.IngredientDao) returnType:kotlinx.coroutines.flow.Flow<kotlin.collections.List<com.leo.paleorecipes.data.local.entity.IngredientEntity>>
i: [kapt] method insertIngredient(Lcom/leo/paleorecipes/data/local/entity/IngredientEntity;Lkotlin/coroutines/Continuation;)Ljava/lang/Object; -> origin=OTHER element=KtNamedFunction descriptor=IrBasedSimpleFunctionDescriptor: FUN name:insertIngredient visibility:public modality:ABSTRACT <> ($this:com.leo.paleorecipes.data.local.dao.IngredientDao, ingredient:com.leo.paleorecipes.data.local.entity.IngredientEntity, $completion:kotlin.coroutines.Continuation<kotlin.Long>) returnType:kotlin.Any? [suspend]
i: [kapt] method deleteIngredient(Ljava/lang/String;Lkotlin/coroutines/Continuation;)Ljava/lang/Object; -> origin=OTHER element=KtNamedFunction descriptor=IrBasedSimpleFunctionDescriptor: FUN name:deleteIngredient visibility:public modality:ABSTRACT <> ($this:com.leo.paleorecipes.data.local.dao.IngredientDao, ingredientName:kotlin.String, $completion:kotlin.coroutines.Continuation<kotlin.Unit>) returnType:kotlin.Any? [suspend]
i: [kapt] method deleteAllIngredients(Lkotlin/coroutines/Continuation;)Ljava/lang/Object; -> origin=OTHER element=KtNamedFunction descriptor=IrBasedSimpleFunctionDescriptor: FUN name:deleteAllIngredients visibility:public modality:ABSTRACT <> ($this:com.leo.paleorecipes.data.local.dao.IngredientDao, $completion:kotlin.coroutines.Continuation<kotlin.Unit>) returnType:kotlin.Any? [suspend]
i: [kapt] class com/leo/paleorecipes/data/local/entity/IngredientEntity -> origin=OTHER element=KtClass descriptor=IrBasedClassDescriptor: CLASS CLASS name:IngredientEntity modality:FINAL visibility:public [data] superTypes:[kotlin.Any]
i: [kapt] method <init>(Ljava/lang/String;)V -> origin=OTHER element=KtClass descriptor=IrBasedClassConstructorDescriptor: CONSTRUCTOR visibility:public <> (name:kotlin.String) returnType:com.leo.paleorecipes.data.local.entity.IngredientEntity [primary]
i: [kapt] method getName()Ljava/lang/String; -> origin=OTHER element=KtParameter descriptor=IrBasedPropertyGetterDescriptor: FUN DEFAULT_PROPERTY_ACCESSOR name:<get-name> visibility:public modality:FINAL <> ($this:com.leo.paleorecipes.data.local.entity.IngredientEntity) returnType:kotlin.String
i: [kapt] method component1()Ljava/lang/String; -> origin=OTHER element=null descriptor=IrBasedSimpleFunctionDescriptor: FUN GENERATED_DATA_CLASS_MEMBER name:component1 visibility:public modality:FINAL <> ($this:com.leo.paleorecipes.data.local.entity.IngredientEntity) returnType:kotlin.String [operator]
i: [kapt] method copy(Ljava/lang/String;)Lcom/leo/paleorecipes/data/local/entity/IngredientEntity; -> origin=OTHER element=null descriptor=IrBasedSimpleFunctionDescriptor: FUN GENERATED_DATA_CLASS_MEMBER name:copy visibility:public modality:FINAL <> ($this:com.leo.paleorecipes.data.local.entity.IngredientEntity, name:kotlin.String) returnType:com.leo.paleorecipes.data.local.entity.IngredientEntity
i: [kapt] method toString()Ljava/lang/String; -> origin=OTHER element=null descriptor=IrBasedSimpleFunctionDescriptor: FUN GENERATED_DATA_CLASS_MEMBER name:toString visibility:public modality:OPEN <> ($this:com.leo.paleorecipes.data.local.entity.IngredientEntity) returnType:kotlin.String
i: [kapt] method hashCode()I -> origin=OTHER element=null descriptor=IrBasedSimpleFunctionDescriptor: FUN GENERATED_DATA_CLASS_MEMBER name:hashCode visibility:public modality:OPEN <> ($this:com.leo.paleorecipes.data.local.entity.IngredientEntity) returnType:kotlin.Int
i: [kapt] method equals(Ljava/lang/Object;)Z -> origin=OTHER element=null descriptor=IrBasedSimpleFunctionDescriptor: FUN GENERATED_DATA_CLASS_MEMBER name:equals visibility:public modality:OPEN <> ($this:com.leo.paleorecipes.data.local.entity.IngredientEntity, other:kotlin.Any?) returnType:kotlin.Boolean [operator]
i: [kapt] field name:Ljava/lang/String; -> origin=OTHER element=KtParameter descriptor=IrBasedFieldDescriptor: FIELD PROPERTY_BACKING_FIELD name:name type:kotlin.String visibility:private [final]
i: [kapt] class com/leo/paleorecipes/data/model/RecipeResponse -> origin=OTHER element=KtClass descriptor=IrBasedClassDescriptor: CLASS CLASS name:RecipeResponse modality:FINAL visibility:public [data] superTypes:[kotlin.Any]
i: [kapt] method <init>(ILjava/lang/String;Ljava/lang/String;ILjava/util/List;Ljava/util/List;Ljava/util/List;)V -> origin=OTHER element=KtClass descriptor=IrBasedClassConstructorDescriptor: CONSTRUCTOR visibility:public <> (id:kotlin.Int, title:kotlin.String, image:kotlin.String?, missedIngredientCount:kotlin.Int, usedIngredients:kotlin.collections.List<com.leo.paleorecipes.data.model.Ingredient>, missedIngredients:kotlin.collections.List<com.leo.paleorecipes.data.model.Ingredient>, unusedIngredients:kotlin.collections.List<com.leo.paleorecipes.data.model.Ingredient>) returnType:com.leo.paleorecipes.data.model.RecipeResponse [primary]
i: [kapt] method getId()I -> origin=OTHER element=KtParameter descriptor=IrBasedPropertyGetterDescriptor: FUN DEFAULT_PROPERTY_ACCESSOR name:<get-id> visibility:public modality:FINAL <> ($this:com.leo.paleorecipes.data.model.RecipeResponse) returnType:kotlin.Int
i: [kapt] method getTitle()Ljava/lang/String; -> origin=OTHER element=KtParameter descriptor=IrBasedPropertyGetterDescriptor: FUN DEFAULT_PROPERTY_ACCESSOR name:<get-title> visibility:public modality:FINAL <> ($this:com.leo.paleorecipes.data.model.RecipeResponse) returnType:kotlin.String
i: [kapt] method getImage()Ljava/lang/String; -> origin=OTHER element=KtParameter descriptor=IrBasedPropertyGetterDescriptor: FUN DEFAULT_PROPERTY_ACCESSOR name:<get-image> visibility:public modality:FINAL <> ($this:com.leo.paleorecipes.data.model.RecipeResponse) returnType:kotlin.String?
i: [kapt] method getMissedIngredientCount()I -> origin=OTHER element=KtParameter descriptor=IrBasedPropertyGetterDescriptor: FUN DEFAULT_PROPERTY_ACCESSOR name:<get-missedIngredientCount> visibility:public modality:FINAL <> ($this:com.leo.paleorecipes.data.model.RecipeResponse) returnType:kotlin.Int
i: [kapt] method getUsedIngredients()Ljava/util/List; -> origin=OTHER element=KtParameter descriptor=IrBasedPropertyGetterDescriptor: FUN DEFAULT_PROPERTY_ACCESSOR name:<get-usedIngredients> visibility:public modality:FINAL <> ($this:com.leo.paleorecipes.data.model.RecipeResponse) returnType:kotlin.collections.List<com.leo.paleorecipes.data.model.Ingredient>
i: [kapt] method getMissedIngredients()Ljava/util/List; -> origin=OTHER element=KtParameter descriptor=IrBasedPropertyGetterDescriptor: FUN DEFAULT_PROPERTY_ACCESSOR name:<get-missedIngredients> visibility:public modality:FINAL <> ($this:com.leo.paleorecipes.data.model.RecipeResponse) returnType:kotlin.collections.List<com.leo.paleorecipes.data.model.Ingredient>
i: [kapt] method getUnusedIngredients()Ljava/util/List; -> origin=OTHER element=KtParameter descriptor=IrBasedPropertyGetterDescriptor: FUN DEFAULT_PROPERTY_ACCESSOR name:<get-unusedIngredients> visibility:public modality:FINAL <> ($this:com.leo.paleorecipes.data.model.RecipeResponse) returnType:kotlin.collections.List<com.leo.paleorecipes.data.model.Ingredient>
i: [kapt] method component1()I -> origin=OTHER element=null descriptor=IrBasedSimpleFunctionDescriptor: FUN GENERATED_DATA_CLASS_MEMBER name:component1 visibility:public modality:FINAL <> ($this:com.leo.paleorecipes.data.model.RecipeResponse) returnType:kotlin.Int [operator]
i: [kapt] method component2()Ljava/lang/String; -> origin=OTHER element=null descriptor=IrBasedSimpleFunctionDescriptor: FUN GENERATED_DATA_CLASS_MEMBER name:component2 visibility:public modality:FINAL <> ($this:com.leo.paleorecipes.data.model.RecipeResponse) returnType:kotlin.String [operator]
i: [kapt] method component3()Ljava/lang/String; -> origin=OTHER element=null descriptor=IrBasedSimpleFunctionDescriptor: FUN GENERATED_DATA_CLASS_MEMBER name:component3 visibility:public modality:FINAL <> ($this:com.leo.paleorecipes.data.model.RecipeResponse) returnType:kotlin.String? [operator]
i: [kapt] method component4()I -> origin=OTHER element=null descriptor=IrBasedSimpleFunctionDescriptor: FUN GENERATED_DATA_CLASS_MEMBER name:component4 visibility:public modality:FINAL <> ($this:com.leo.paleorecipes.data.model.RecipeResponse) returnType:kotlin.Int [operator]
i: [kapt] method component5()Ljava/util/List; -> origin=OTHER element=null descriptor=IrBasedSimpleFunctionDescriptor: FUN GENERATED_DATA_CLASS_MEMBER name:component5 visibility:public modality:FINAL <> ($this:com.leo.paleorecipes.data.model.RecipeResponse) returnType:kotlin.collections.List<com.leo.paleorecipes.data.model.Ingredient> [operator]
i: [kapt] method component6()Ljava/util/List; -> origin=OTHER element=null descriptor=IrBasedSimpleFunctionDescriptor: FUN GENERATED_DATA_CLASS_MEMBER name:component6 visibility:public modality:FINAL <> ($this:com.leo.paleorecipes.data.model.RecipeResponse) returnType:kotlin.collections.List<com.leo.paleorecipes.data.model.Ingredient> [operator]
i: [kapt] method component7()Ljava/util/List; -> origin=OTHER element=null descriptor=IrBasedSimpleFunctionDescriptor: FUN GENERATED_DATA_CLASS_MEMBER name:component7 visibility:public modality:FINAL <> ($this:com.leo.paleorecipes.data.model.RecipeResponse) returnType:kotlin.collections.List<com.leo.paleorecipes.data.model.Ingredient> [operator]
i: [kapt] method copy(ILjava/lang/String;Ljava/lang/String;ILjava/util/List;Ljava/util/List;Ljava/util/List;)Lcom/leo/paleorecipes/data/model/RecipeResponse; -> origin=OTHER element=null descriptor=IrBasedSimpleFunctionDescriptor: FUN GENERATED_DATA_CLASS_MEMBER name:copy visibility:public modality:FINAL <> ($this:com.leo.paleorecipes.data.model.RecipeResponse, id:kotlin.Int, title:kotlin.String, image:kotlin.String?, missedIngredientCount:kotlin.Int, usedIngredients:kotlin.collections.List<com.leo.paleorecipes.data.model.Ingredient>, missedIngredients:kotlin.collections.List<com.leo.paleorecipes.data.model.Ingredient>, unusedIngredients:kotlin.collections.List<com.leo.paleorecipes.data.model.Ingredient>) returnType:com.leo.paleorecipes.data.model.RecipeResponse
i: [kapt] method toString()Ljava/lang/String; -> origin=OTHER element=null descriptor=IrBasedSimpleFunctionDescriptor: FUN GENERATED_DATA_CLASS_MEMBER name:toString visibility:public modality:OPEN <> ($this:com.leo.paleorecipes.data.model.RecipeResponse) returnType:kotlin.String
i: [kapt] method hashCode()I -> origin=OTHER element=null descriptor=IrBasedSimpleFunctionDescriptor: FUN GENERATED_DATA_CLASS_MEMBER name:hashCode visibility:public modality:OPEN <> ($this:com.leo.paleorecipes.data.model.RecipeResponse) returnType:kotlin.Int
i: [kapt] method equals(Ljava/lang/Object;)Z -> origin=OTHER element=null descriptor=IrBasedSimpleFunctionDescriptor: FUN GENERATED_DATA_CLASS_MEMBER name:equals visibility:public modality:OPEN <> ($this:com.leo.paleorecipes.data.model.RecipeResponse, other:kotlin.Any?) returnType:kotlin.Boolean [operator]
i: [kapt] field id:I -> origin=OTHER element=KtParameter descriptor=IrBasedFieldDescriptor: FIELD PROPERTY_BACKING_FIELD name:id type:kotlin.Int visibility:private [final]
i: [kapt] field missedIngredientCount:I -> origin=OTHER element=KtParameter descriptor=IrBasedFieldDescriptor: FIELD PROPERTY_BACKING_FIELD name:missedIngredientCount type:kotlin.Int visibility:private [final]
i: [kapt] field usedIngredients:Ljava/util/List; -> origin=OTHER element=KtParameter descriptor=IrBasedFieldDescriptor: FIELD PROPERTY_BACKING_FIELD name:usedIngredients type:kotlin.collections.List<com.leo.paleorecipes.data.model.Ingredient> visibility:private [final]
i: [kapt] field missedIngredients:Ljava/util/List; -> origin=OTHER element=KtParameter descriptor=IrBasedFieldDescriptor: FIELD PROPERTY_BACKING_FIELD name:missedIngredients type:kotlin.collections.List<com.leo.paleorecipes.data.model.Ingredient> visibility:private [final]
i: [kapt] field unusedIngredients:Ljava/util/List; -> origin=OTHER element=KtParameter descriptor=IrBasedFieldDescriptor: FIELD PROPERTY_BACKING_FIELD name:unusedIngredients type:kotlin.collections.List<com.leo.paleorecipes.data.model.Ingredient> visibility:private [final]
i: [kapt] class com/leo/paleorecipes/data/model/Ingredient -> origin=OTHER element=KtClass descriptor=IrBasedClassDescriptor: CLASS CLASS name:Ingredient modality:FINAL visibility:public [data] superTypes:[kotlin.Any]
i: [kapt] method <init>(ILjava/lang/String;DLjava/lang/String;Ljava/lang/String;Ljava/lang/String;)V -> origin=OTHER element=KtClass descriptor=IrBasedClassConstructorDescriptor: CONSTRUCTOR visibility:public <> (id:kotlin.Int, name:kotlin.String, amount:kotlin.Double, unit:kotlin.String, image:kotlin.String?, original:kotlin.String?) returnType:com.leo.paleorecipes.data.model.Ingredient [primary]
i: [kapt] method <init>(ILjava/lang/String;DLjava/lang/String;Ljava/lang/String;Ljava/lang/String;ILkotlin/jvm/internal/DefaultConstructorMarker;)V -> origin=OTHER element=KtClass descriptor=IrBasedClassConstructorDescriptor: CONSTRUCTOR FUNCTION_FOR_DEFAULT_PARAMETER visibility:public <> (id:kotlin.Int, name:kotlin.String, amount:kotlin.Double, unit:kotlin.String, image:kotlin.String?, original:kotlin.String?, $mask0:kotlin.Int, $marker:kotlin.jvm.internal.DefaultConstructorMarker?) returnType:com.leo.paleorecipes.data.model.Ingredient
i: [kapt] method getId()I -> origin=OTHER element=KtParameter descriptor=IrBasedPropertyGetterDescriptor: FUN DEFAULT_PROPERTY_ACCESSOR name:<get-id> visibility:public modality:FINAL <> ($this:com.leo.paleorecipes.data.model.Ingredient) returnType:kotlin.Int
i: [kapt] method getName()Ljava/lang/String; -> origin=OTHER element=KtParameter descriptor=IrBasedPropertyGetterDescriptor: FUN DEFAULT_PROPERTY_ACCESSOR name:<get-name> visibility:public modality:FINAL <> ($this:com.leo.paleorecipes.data.model.Ingredient) returnType:kotlin.String
i: [kapt] method getAmount()D -> origin=OTHER element=KtParameter descriptor=IrBasedPropertyGetterDescriptor: FUN DEFAULT_PROPERTY_ACCESSOR name:<get-amount> visibility:public modality:FINAL <> ($this:com.leo.paleorecipes.data.model.Ingredient) returnType:kotlin.Double
i: [kapt] method getUnit()Ljava/lang/String; -> origin=OTHER element=KtParameter descriptor=IrBasedPropertyGetterDescriptor: FUN DEFAULT_PROPERTY_ACCESSOR name:<get-unit> visibility:public modality:FINAL <> ($this:com.leo.paleorecipes.data.model.Ingredient) returnType:kotlin.String
i: [kapt] method getImage()Ljava/lang/String; -> origin=OTHER element=KtParameter descriptor=IrBasedPropertyGetterDescriptor: FUN DEFAULT_PROPERTY_ACCESSOR name:<get-image> visibility:public modality:FINAL <> ($this:com.leo.paleorecipes.data.model.Ingredient) returnType:kotlin.String?
i: [kapt] method getOriginal()Ljava/lang/String; -> origin=OTHER element=KtParameter descriptor=IrBasedPropertyGetterDescriptor: FUN DEFAULT_PROPERTY_ACCESSOR name:<get-original> visibility:public modality:FINAL <> ($this:com.leo.paleorecipes.data.model.Ingredient) returnType:kotlin.String?
i: [kapt] method component1()I -> origin=OTHER element=null descriptor=IrBasedSimpleFunctionDescriptor: FUN GENERATED_DATA_CLASS_MEMBER name:component1 visibility:public modality:FINAL <> ($this:com.leo.paleorecipes.data.model.Ingredient) returnType:kotlin.Int [operator]
i: [kapt] method component2()Ljava/lang/String; -> origin=OTHER element=null descriptor=IrBasedSimpleFunctionDescriptor: FUN GENERATED_DATA_CLASS_MEMBER name:component2 visibility:public modality:FINAL <> ($this:com.leo.paleorecipes.data.model.Ingredient) returnType:kotlin.String [operator]
i: [kapt] method component3()D -> origin=OTHER element=null descriptor=IrBasedSimpleFunctionDescriptor: FUN GENERATED_DATA_CLASS_MEMBER name:component3 visibility:public modality:FINAL <> ($this:com.leo.paleorecipes.data.model.Ingredient) returnType:kotlin.Double [operator]
i: [kapt] method component4()Ljava/lang/String; -> origin=OTHER element=null descriptor=IrBasedSimpleFunctionDescriptor: FUN GENERATED_DATA_CLASS_MEMBER name:component4 visibility:public modality:FINAL <> ($this:com.leo.paleorecipes.data.model.Ingredient) returnType:kotlin.String [operator]
i: [kapt] method component5()Ljava/lang/String; -> origin=OTHER element=null descriptor=IrBasedSimpleFunctionDescriptor: FUN GENERATED_DATA_CLASS_MEMBER name:component5 visibility:public modality:FINAL <> ($this:com.leo.paleorecipes.data.model.Ingredient) returnType:kotlin.String? [operator]
i: [kapt] method component6()Ljava/lang/String; -> origin=OTHER element=null descriptor=IrBasedSimpleFunctionDescriptor: FUN GENERATED_DATA_CLASS_MEMBER name:component6 visibility:public modality:FINAL <> ($this:com.leo.paleorecipes.data.model.Ingredient) returnType:kotlin.String? [operator]
i: [kapt] method copy(ILjava/lang/String;DLjava/lang/String;Ljava/lang/String;Ljava/lang/String;)Lcom/leo/paleorecipes/data/model/Ingredient; -> origin=OTHER element=null descriptor=IrBasedSimpleFunctionDescriptor: FUN GENERATED_DATA_CLASS_MEMBER name:copy visibility:public modality:FINAL <> ($this:com.leo.paleorecipes.data.model.Ingredient, id:kotlin.Int, name:kotlin.String, amount:kotlin.Double, unit:kotlin.String, image:kotlin.String?, original:kotlin.String?) returnType:com.leo.paleorecipes.data.model.Ingredient
i: [kapt] method toString()Ljava/lang/String; -> origin=OTHER element=null descriptor=IrBasedSimpleFunctionDescriptor: FUN GENERATED_DATA_CLASS_MEMBER name:toString visibility:public modality:OPEN <> ($this:com.leo.paleorecipes.data.model.Ingredient) returnType:kotlin.String
i: [kapt] method hashCode()I -> origin=OTHER element=null descriptor=IrBasedSimpleFunctionDescriptor: FUN GENERATED_DATA_CLASS_MEMBER name:hashCode visibility:public modality:OPEN <> ($this:com.leo.paleorecipes.data.model.Ingredient) returnType:kotlin.Int
i: [kapt] method equals(Ljava/lang/Object;)Z -> origin=OTHER element=null descriptor=IrBasedSimpleFunctionDescriptor: FUN GENERATED_DATA_CLASS_MEMBER name:equals visibility:public modality:OPEN <> ($this:com.leo.paleorecipes.data.model.Ingredient, other:kotlin.Any?) returnType:kotlin.Boolean [operator]
i: [kapt] field amount:D -> origin=OTHER element=KtParameter descriptor=IrBasedFieldDescriptor: FIELD PROPERTY_BACKING_FIELD name:amount type:kotlin.Double visibility:private [final]
i: [kapt] field unit:Ljava/lang/String; -> origin=OTHER element=KtParameter descriptor=IrBasedFieldDescriptor: FIELD PROPERTY_BACKING_FIELD name:unit type:kotlin.String visibility:private [final]
i: [kapt] class com/leo/paleorecipes/data/model/RecipeDetailResponse -> origin=OTHER element=KtClass descriptor=IrBasedClassDescriptor: CLASS CLASS name:RecipeDetailResponse modality:FINAL visibility:public [data] superTypes:[kotlin.Any]
i: [kapt] method <init>(ILjava/lang/String;Ljava/lang/String;Ljava/lang/String;Ljava/lang/String;Ljava/util/List;II)V -> origin=OTHER element=KtClass descriptor=IrBasedClassConstructorDescriptor: CONSTRUCTOR visibility:public <> (id:kotlin.Int, title:kotlin.String, image:kotlin.String?, summary:kotlin.String, instructions:kotlin.String, extendedIngredients:kotlin.collections.List<com.leo.paleorecipes.data.model.ExtendedIngredient>, readyInMinutes:kotlin.Int, servings:kotlin.Int) returnType:com.leo.paleorecipes.data.model.RecipeDetailResponse [primary]
i: [kapt] method getId()I -> origin=OTHER element=KtParameter descriptor=IrBasedPropertyGetterDescriptor: FUN DEFAULT_PROPERTY_ACCESSOR name:<get-id> visibility:public modality:FINAL <> ($this:com.leo.paleorecipes.data.model.RecipeDetailResponse) returnType:kotlin.Int
i: [kapt] method getTitle()Ljava/lang/String; -> origin=OTHER element=KtParameter descriptor=IrBasedPropertyGetterDescriptor: FUN DEFAULT_PROPERTY_ACCESSOR name:<get-title> visibility:public modality:FINAL <> ($this:com.leo.paleorecipes.data.model.RecipeDetailResponse) returnType:kotlin.String
i: [kapt] method getImage()Ljava/lang/String; -> origin=OTHER element=KtParameter descriptor=IrBasedPropertyGetterDescriptor: FUN DEFAULT_PROPERTY_ACCESSOR name:<get-image> visibility:public modality:FINAL <> ($this:com.leo.paleorecipes.data.model.RecipeDetailResponse) returnType:kotlin.String?
i: [kapt] method getSummary()Ljava/lang/String; -> origin=OTHER element=KtParameter descriptor=IrBasedPropertyGetterDescriptor: FUN DEFAULT_PROPERTY_ACCESSOR name:<get-summary> visibility:public modality:FINAL <> ($this:com.leo.paleorecipes.data.model.RecipeDetailResponse) returnType:kotlin.String
i: [kapt] method getInstructions()Ljava/lang/String; -> origin=OTHER element=KtParameter descriptor=IrBasedPropertyGetterDescriptor: FUN DEFAULT_PROPERTY_ACCESSOR name:<get-instructions> visibility:public modality:FINAL <> ($this:com.leo.paleorecipes.data.model.RecipeDetailResponse) returnType:kotlin.String
i: [kapt] method getExtendedIngredients()Ljava/util/List; -> origin=OTHER element=KtParameter descriptor=IrBasedPropertyGetterDescriptor: FUN DEFAULT_PROPERTY_ACCESSOR name:<get-extendedIngredients> visibility:public modality:FINAL <> ($this:com.leo.paleorecipes.data.model.RecipeDetailResponse) returnType:kotlin.collections.List<com.leo.paleorecipes.data.model.ExtendedIngredient>
i: [kapt] method getReadyInMinutes()I -> origin=OTHER element=KtParameter descriptor=IrBasedPropertyGetterDescriptor: FUN DEFAULT_PROPERTY_ACCESSOR name:<get-readyInMinutes> visibility:public modality:FINAL <> ($this:com.leo.paleorecipes.data.model.RecipeDetailResponse) returnType:kotlin.Int
i: [kapt] method getServings()I -> origin=OTHER element=KtParameter descriptor=IrBasedPropertyGetterDescriptor: FUN DEFAULT_PROPERTY_ACCESSOR name:<get-servings> visibility:public modality:FINAL <> ($this:com.leo.paleorecipes.data.model.RecipeDetailResponse) returnType:kotlin.Int
i: [kapt] method component1()I -> origin=OTHER element=null descriptor=IrBasedSimpleFunctionDescriptor: FUN GENERATED_DATA_CLASS_MEMBER name:component1 visibility:public modality:FINAL <> ($this:com.leo.paleorecipes.data.model.RecipeDetailResponse) returnType:kotlin.Int [operator]
i: [kapt] method component2()Ljava/lang/String; -> origin=OTHER element=null descriptor=IrBasedSimpleFunctionDescriptor: FUN GENERATED_DATA_CLASS_MEMBER name:component2 visibility:public modality:FINAL <> ($this:com.leo.paleorecipes.data.model.RecipeDetailResponse) returnType:kotlin.String [operator]
i: [kapt] method component3()Ljava/lang/String; -> origin=OTHER element=null descriptor=IrBasedSimpleFunctionDescriptor: FUN GENERATED_DATA_CLASS_MEMBER name:component3 visibility:public modality:FINAL <> ($this:com.leo.paleorecipes.data.model.RecipeDetailResponse) returnType:kotlin.String? [operator]
i: [kapt] method component4()Ljava/lang/String; -> origin=OTHER element=null descriptor=IrBasedSimpleFunctionDescriptor: FUN GENERATED_DATA_CLASS_MEMBER name:component4 visibility:public modality:FINAL <> ($this:com.leo.paleorecipes.data.model.RecipeDetailResponse) returnType:kotlin.String [operator]
i: [kapt] method component5()Ljava/lang/String; -> origin=OTHER element=null descriptor=IrBasedSimpleFunctionDescriptor: FUN GENERATED_DATA_CLASS_MEMBER name:component5 visibility:public modality:FINAL <> ($this:com.leo.paleorecipes.data.model.RecipeDetailResponse) returnType:kotlin.String [operator]
i: [kapt] method component6()Ljava/util/List; -> origin=OTHER element=null descriptor=IrBasedSimpleFunctionDescriptor: FUN GENERATED_DATA_CLASS_MEMBER name:component6 visibility:public modality:FINAL <> ($this:com.leo.paleorecipes.data.model.RecipeDetailResponse) returnType:kotlin.collections.List<com.leo.paleorecipes.data.model.ExtendedIngredient> [operator]
i: [kapt] method component7()I -> origin=OTHER element=null descriptor=IrBasedSimpleFunctionDescriptor: FUN GENERATED_DATA_CLASS_MEMBER name:component7 visibility:public modality:FINAL <> ($this:com.leo.paleorecipes.data.model.RecipeDetailResponse) returnType:kotlin.Int [operator]
i: [kapt] method component8()I -> origin=OTHER element=null descriptor=IrBasedSimpleFunctionDescriptor: FUN GENERATED_DATA_CLASS_MEMBER name:component8 visibility:public modality:FINAL <> ($this:com.leo.paleorecipes.data.model.RecipeDetailResponse) returnType:kotlin.Int [operator]
i: [kapt] method copy(ILjava/lang/String;Ljava/lang/String;Ljava/lang/String;Ljava/lang/String;Ljava/util/List;II)Lcom/leo/paleorecipes/data/model/RecipeDetailResponse; -> origin=OTHER element=null descriptor=IrBasedSimpleFunctionDescriptor: FUN GENERATED_DATA_CLASS_MEMBER name:copy visibility:public modality:FINAL <> ($this:com.leo.paleorecipes.data.model.RecipeDetailResponse, id:kotlin.Int, title:kotlin.String, image:kotlin.String?, summary:kotlin.String, instructions:kotlin.String, extendedIngredients:kotlin.collections.List<com.leo.paleorecipes.data.model.ExtendedIngredient>, readyInMinutes:kotlin.Int, servings:kotlin.Int) returnType:com.leo.paleorecipes.data.model.RecipeDetailResponse
i: [kapt] method toString()Ljava/lang/String; -> origin=OTHER element=null descriptor=IrBasedSimpleFunctionDescriptor: FUN GENERATED_DATA_CLASS_MEMBER name:toString visibility:public modality:OPEN <> ($this:com.leo.paleorecipes.data.model.RecipeDetailResponse) returnType:kotlin.String
i: [kapt] method hashCode()I -> origin=OTHER element=null descriptor=IrBasedSimpleFunctionDescriptor: FUN GENERATED_DATA_CLASS_MEMBER name:hashCode visibility:public modality:OPEN <> ($this:com.leo.paleorecipes.data.model.RecipeDetailResponse) returnType:kotlin.Int
i: [kapt] method equals(Ljava/lang/Object;)Z -> origin=OTHER element=null descriptor=IrBasedSimpleFunctionDescriptor: FUN GENERATED_DATA_CLASS_MEMBER name:equals visibility:public modality:OPEN <> ($this:com.leo.paleorecipes.data.model.RecipeDetailResponse, other:kotlin.Any?) returnType:kotlin.Boolean [operator]
i: [kapt] field summary:Ljava/lang/String; -> origin=OTHER element=KtParameter descriptor=IrBasedFieldDescriptor: FIELD PROPERTY_BACKING_FIELD name:summary type:kotlin.String visibility:private [final]
i: [kapt] field instructions:Ljava/lang/String; -> origin=OTHER element=KtParameter descriptor=IrBasedFieldDescriptor: FIELD PROPERTY_BACKING_FIELD name:instructions type:kotlin.String visibility:private [final]
i: [kapt] field extendedIngredients:Ljava/util/List; -> origin=OTHER element=KtParameter descriptor=IrBasedFieldDescriptor: FIELD PROPERTY_BACKING_FIELD name:extendedIngredients type:kotlin.collections.List<com.leo.paleorecipes.data.model.ExtendedIngredient> visibility:private [final]
i: [kapt] field readyInMinutes:I -> origin=OTHER element=KtParameter descriptor=IrBasedFieldDescriptor: FIELD PROPERTY_BACKING_FIELD name:readyInMinutes type:kotlin.Int visibility:private [final]
i: [kapt] class com/leo/paleorecipes/data/model/ExtendedIngredient -> origin=OTHER element=KtClass descriptor=IrBasedClassDescriptor: CLASS CLASS name:ExtendedIngredient modality:FINAL visibility:public [data] superTypes:[kotlin.Any]
i: [kapt] method <init>(ILjava/lang/String;DLjava/lang/String;Ljava/lang/String;Ljava/lang/String;)V -> origin=OTHER element=KtClass descriptor=IrBasedClassConstructorDescriptor: CONSTRUCTOR visibility:public <> (id:kotlin.Int, name:kotlin.String, amount:kotlin.Double, unit:kotlin.String, original:kotlin.String, image:kotlin.String?) returnType:com.leo.paleorecipes.data.model.ExtendedIngredient [primary]
i: [kapt] method getId()I -> origin=OTHER element=KtParameter descriptor=IrBasedPropertyGetterDescriptor: FUN DEFAULT_PROPERTY_ACCESSOR name:<get-id> visibility:public modality:FINAL <> ($this:com.leo.paleorecipes.data.model.ExtendedIngredient) returnType:kotlin.Int
i: [kapt] method getName()Ljava/lang/String; -> origin=OTHER element=KtParameter descriptor=IrBasedPropertyGetterDescriptor: FUN DEFAULT_PROPERTY_ACCESSOR name:<get-name> visibility:public modality:FINAL <> ($this:com.leo.paleorecipes.data.model.ExtendedIngredient) returnType:kotlin.String
i: [kapt] method getAmount()D -> origin=OTHER element=KtParameter descriptor=IrBasedPropertyGetterDescriptor: FUN DEFAULT_PROPERTY_ACCESSOR name:<get-amount> visibility:public modality:FINAL <> ($this:com.leo.paleorecipes.data.model.ExtendedIngredient) returnType:kotlin.Double
i: [kapt] method getUnit()Ljava/lang/String; -> origin=OTHER element=KtParameter descriptor=IrBasedPropertyGetterDescriptor: FUN DEFAULT_PROPERTY_ACCESSOR name:<get-unit> visibility:public modality:FINAL <> ($this:com.leo.paleorecipes.data.model.ExtendedIngredient) returnType:kotlin.String
i: [kapt] method getOriginal()Ljava/lang/String; -> origin=OTHER element=KtParameter descriptor=IrBasedPropertyGetterDescriptor: FUN DEFAULT_PROPERTY_ACCESSOR name:<get-original> visibility:public modality:FINAL <> ($this:com.leo.paleorecipes.data.model.ExtendedIngredient) returnType:kotlin.String
i: [kapt] method getImage()Ljava/lang/String; -> origin=OTHER element=KtParameter descriptor=IrBasedPropertyGetterDescriptor: FUN DEFAULT_PROPERTY_ACCESSOR name:<get-image> visibility:public modality:FINAL <> ($this:com.leo.paleorecipes.data.model.ExtendedIngredient) returnType:kotlin.String?
i: [kapt] method component1()I -> origin=OTHER element=null descriptor=IrBasedSimpleFunctionDescriptor: FUN GENERATED_DATA_CLASS_MEMBER name:component1 visibility:public modality:FINAL <> ($this:com.leo.paleorecipes.data.model.ExtendedIngredient) returnType:kotlin.Int [operator]
i: [kapt] method component2()Ljava/lang/String; -> origin=OTHER element=null descriptor=IrBasedSimpleFunctionDescriptor: FUN GENERATED_DATA_CLASS_MEMBER name:component2 visibility:public modality:FINAL <> ($this:com.leo.paleorecipes.data.model.ExtendedIngredient) returnType:kotlin.String [operator]
i: [kapt] method component3()D -> origin=OTHER element=null descriptor=IrBasedSimpleFunctionDescriptor: FUN GENERATED_DATA_CLASS_MEMBER name:component3 visibility:public modality:FINAL <> ($this:com.leo.paleorecipes.data.model.ExtendedIngredient) returnType:kotlin.Double [operator]
i: [kapt] method component4()Ljava/lang/String; -> origin=OTHER element=null descriptor=IrBasedSimpleFunctionDescriptor: FUN GENERATED_DATA_CLASS_MEMBER name:component4 visibility:public modality:FINAL <> ($this:com.leo.paleorecipes.data.model.ExtendedIngredient) returnType:kotlin.String [operator]
i: [kapt] method component5()Ljava/lang/String; -> origin=OTHER element=null descriptor=IrBasedSimpleFunctionDescriptor: FUN GENERATED_DATA_CLASS_MEMBER name:component5 visibility:public modality:FINAL <> ($this:com.leo.paleorecipes.data.model.ExtendedIngredient) returnType:kotlin.String [operator]
i: [kapt] method component6()Ljava/lang/String; -> origin=OTHER element=null descriptor=IrBasedSimpleFunctionDescriptor: FUN GENERATED_DATA_CLASS_MEMBER name:component6 visibility:public modality:FINAL <> ($this:com.leo.paleorecipes.data.model.ExtendedIngredient) returnType:kotlin.String? [operator]
i: [kapt] method copy(ILjava/lang/String;DLjava/lang/String;Ljava/lang/String;Ljava/lang/String;)Lcom/leo/paleorecipes/data/model/ExtendedIngredient; -> origin=OTHER element=null descriptor=IrBasedSimpleFunctionDescriptor: FUN GENERATED_DATA_CLASS_MEMBER name:copy visibility:public modality:FINAL <> ($this:com.leo.paleorecipes.data.model.ExtendedIngredient, id:kotlin.Int, name:kotlin.String, amount:kotlin.Double, unit:kotlin.String, original:kotlin.String, image:kotlin.String?) returnType:com.leo.paleorecipes.data.model.ExtendedIngredient
i: [kapt] method toString()Ljava/lang/String; -> origin=OTHER element=null descriptor=IrBasedSimpleFunctionDescriptor: FUN GENERATED_DATA_CLASS_MEMBER name:toString visibility:public modality:OPEN <> ($this:com.leo.paleorecipes.data.model.ExtendedIngredient) returnType:kotlin.String
i: [kapt] method hashCode()I -> origin=OTHER element=null descriptor=IrBasedSimpleFunctionDescriptor: FUN GENERATED_DATA_CLASS_MEMBER name:hashCode visibility:public modality:OPEN <> ($this:com.leo.paleorecipes.data.model.ExtendedIngredient) returnType:kotlin.Int
i: [kapt] method equals(Ljava/lang/Object;)Z -> origin=OTHER element=null descriptor=IrBasedSimpleFunctionDescriptor: FUN GENERATED_DATA_CLASS_MEMBER name:equals visibility:public modality:OPEN <> ($this:com.leo.paleorecipes.data.model.ExtendedIngredient, other:kotlin.Any?) returnType:kotlin.Boolean [operator]
i: [kapt] field original:Ljava/lang/String; -> origin=OTHER element=KtParameter descriptor=IrBasedFieldDescriptor: FIELD PROPERTY_BACKING_FIELD name:original type:kotlin.String visibility:private [final]
i: [kapt] class com/leo/paleorecipes/data/model/DomainRecipe -> origin=OTHER element=KtClass descriptor=IrBasedClassDescriptor: CLASS CLASS name:DomainRecipe modality:FINAL visibility:public [data] superTypes:[kotlin.Any]
i: [kapt] method <init>(JLjava/lang/String;Ljava/lang/String;Ljava/util/List;Ljava/util/List;IIILjava/lang/String;Ljava/lang/String;Ljava/lang/String;Ljava/lang/String;ZJ)V -> origin=OTHER element=KtClass descriptor=IrBasedClassConstructorDescriptor: CONSTRUCTOR visibility:public <> (id:kotlin.Long, name:kotlin.String, description:kotlin.String, ingredients:kotlin.collections.List<kotlin.String>, instructions:kotlin.collections.List<kotlin.String>, prepTime:kotlin.Int, cookTime:kotlin.Int, servings:kotlin.Int, category:kotlin.String, difficulty:kotlin.String, notes:kotlin.String, imageUri:kotlin.String, isFavorite:kotlin.Boolean, dateAdded:kotlin.Long) returnType:com.leo.paleorecipes.data.model.DomainRecipe [primary]
i: [kapt] method <init>(JLjava/lang/String;Ljava/lang/String;Ljava/util/List;Ljava/util/List;IIILjava/lang/String;Ljava/lang/String;Ljava/lang/String;Ljava/lang/String;ZJILkotlin/jvm/internal/DefaultConstructorMarker;)V -> origin=OTHER element=KtClass descriptor=IrBasedClassConstructorDescriptor: CONSTRUCTOR FUNCTION_FOR_DEFAULT_PARAMETER visibility:public <> (id:kotlin.Long, name:kotlin.String, description:kotlin.String?, ingredients:kotlin.collections.List<kotlin.String>, instructions:kotlin.collections.List<kotlin.String>, prepTime:kotlin.Int, cookTime:kotlin.Int, servings:kotlin.Int, category:kotlin.String?, difficulty:kotlin.String?, notes:kotlin.String?, imageUri:kotlin.String?, isFavorite:kotlin.Boolean, dateAdded:kotlin.Long, $mask0:kotlin.Int, $marker:kotlin.jvm.internal.DefaultConstructorMarker?) returnType:com.leo.paleorecipes.data.model.DomainRecipe
i: [kapt] method getId()J -> origin=OTHER element=KtParameter descriptor=IrBasedPropertyGetterDescriptor: FUN DEFAULT_PROPERTY_ACCESSOR name:<get-id> visibility:public modality:FINAL <> ($this:com.leo.paleorecipes.data.model.DomainRecipe) returnType:kotlin.Long
i: [kapt] method getName()Ljava/lang/String; -> origin=OTHER element=KtParameter descriptor=IrBasedPropertyGetterDescriptor: FUN DEFAULT_PROPERTY_ACCESSOR name:<get-name> visibility:public modality:FINAL <> ($this:com.leo.paleorecipes.data.model.DomainRecipe) returnType:kotlin.String
i: [kapt] method getDescription()Ljava/lang/String; -> origin=OTHER element=KtParameter descriptor=IrBasedPropertyGetterDescriptor: FUN DEFAULT_PROPERTY_ACCESSOR name:<get-description> visibility:public modality:FINAL <> ($this:com.leo.paleorecipes.data.model.DomainRecipe) returnType:kotlin.String
i: [kapt] method getIngredients()Ljava/util/List; -> origin=OTHER element=KtParameter descriptor=IrBasedPropertyGetterDescriptor: FUN DEFAULT_PROPERTY_ACCESSOR name:<get-ingredients> visibility:public modality:FINAL <> ($this:com.leo.paleorecipes.data.model.DomainRecipe) returnType:kotlin.collections.List<kotlin.String>
i: [kapt] method getInstructions()Ljava/util/List; -> origin=OTHER element=KtParameter descriptor=IrBasedPropertyGetterDescriptor: FUN DEFAULT_PROPERTY_ACCESSOR name:<get-instructions> visibility:public modality:FINAL <> ($this:com.leo.paleorecipes.data.model.DomainRecipe) returnType:kotlin.collections.List<kotlin.String>
i: [kapt] method getPrepTime()I -> origin=OTHER element=KtParameter descriptor=IrBasedPropertyGetterDescriptor: FUN DEFAULT_PROPERTY_ACCESSOR name:<get-prepTime> visibility:public modality:FINAL <> ($this:com.leo.paleorecipes.data.model.DomainRecipe) returnType:kotlin.Int
i: [kapt] method getCookTime()I -> origin=OTHER element=KtParameter descriptor=IrBasedPropertyGetterDescriptor: FUN DEFAULT_PROPERTY_ACCESSOR name:<get-cookTime> visibility:public modality:FINAL <> ($this:com.leo.paleorecipes.data.model.DomainRecipe) returnType:kotlin.Int
i: [kapt] method getServings()I -> origin=OTHER element=KtParameter descriptor=IrBasedPropertyGetterDescriptor: FUN DEFAULT_PROPERTY_ACCESSOR name:<get-servings> visibility:public modality:FINAL <> ($this:com.leo.paleorecipes.data.model.DomainRecipe) returnType:kotlin.Int
i: [kapt] method getCategory()Ljava/lang/String; -> origin=OTHER element=KtParameter descriptor=IrBasedPropertyGetterDescriptor: FUN DEFAULT_PROPERTY_ACCESSOR name:<get-category> visibility:public modality:FINAL <> ($this:com.leo.paleorecipes.data.model.DomainRecipe) returnType:kotlin.String
i: [kapt] method getDifficulty()Ljava/lang/String; -> origin=OTHER element=KtParameter descriptor=IrBasedPropertyGetterDescriptor: FUN DEFAULT_PROPERTY_ACCESSOR name:<get-difficulty> visibility:public modality:FINAL <> ($this:com.leo.paleorecipes.data.model.DomainRecipe) returnType:kotlin.String
i: [kapt] method getNotes()Ljava/lang/String; -> origin=OTHER element=KtParameter descriptor=IrBasedPropertyGetterDescriptor: FUN DEFAULT_PROPERTY_ACCESSOR name:<get-notes> visibility:public modality:FINAL <> ($this:com.leo.paleorecipes.data.model.DomainRecipe) returnType:kotlin.String
i: [kapt] method getImageUri()Ljava/lang/String; -> origin=OTHER element=KtParameter descriptor=IrBasedPropertyGetterDescriptor: FUN DEFAULT_PROPERTY_ACCESSOR name:<get-imageUri> visibility:public modality:FINAL <> ($this:com.leo.paleorecipes.data.model.DomainRecipe) returnType:kotlin.String
i: [kapt] method isFavorite()Z -> origin=OTHER element=KtParameter descriptor=IrBasedPropertyGetterDescriptor: FUN DEFAULT_PROPERTY_ACCESSOR name:<get-isFavorite> visibility:public modality:FINAL <> ($this:com.leo.paleorecipes.data.model.DomainRecipe) returnType:kotlin.Boolean
i: [kapt] method getDateAdded()J -> origin=OTHER element=KtParameter descriptor=IrBasedPropertyGetterDescriptor: FUN DEFAULT_PROPERTY_ACCESSOR name:<get-dateAdded> visibility:public modality:FINAL <> ($this:com.leo.paleorecipes.data.model.DomainRecipe) returnType:kotlin.Long
i: [kapt] method component1()J -> origin=OTHER element=null descriptor=IrBasedSimpleFunctionDescriptor: FUN GENERATED_DATA_CLASS_MEMBER name:component1 visibility:public modality:FINAL <> ($this:com.leo.paleorecipes.data.model.DomainRecipe) returnType:kotlin.Long [operator]
i: [kapt] method component2()Ljava/lang/String; -> origin=OTHER element=null descriptor=IrBasedSimpleFunctionDescriptor: FUN GENERATED_DATA_CLASS_MEMBER name:component2 visibility:public modality:FINAL <> ($this:com.leo.paleorecipes.data.model.DomainRecipe) returnType:kotlin.String [operator]
i: [kapt] method component3()Ljava/lang/String; -> origin=OTHER element=null descriptor=IrBasedSimpleFunctionDescriptor: FUN GENERATED_DATA_CLASS_MEMBER name:component3 visibility:public modality:FINAL <> ($this:com.leo.paleorecipes.data.model.DomainRecipe) returnType:kotlin.String [operator]
i: [kapt] method component4()Ljava/util/List; -> origin=OTHER element=null descriptor=IrBasedSimpleFunctionDescriptor: FUN GENERATED_DATA_CLASS_MEMBER name:component4 visibility:public modality:FINAL <> ($this:com.leo.paleorecipes.data.model.DomainRecipe) returnType:kotlin.collections.List<kotlin.String> [operator]
i: [kapt] method component5()Ljava/util/List; -> origin=OTHER element=null descriptor=IrBasedSimpleFunctionDescriptor: FUN GENERATED_DATA_CLASS_MEMBER name:component5 visibility:public modality:FINAL <> ($this:com.leo.paleorecipes.data.model.DomainRecipe) returnType:kotlin.collections.List<kotlin.String> [operator]
i: [kapt] method component6()I -> origin=OTHER element=null descriptor=IrBasedSimpleFunctionDescriptor: FUN GENERATED_DATA_CLASS_MEMBER name:component6 visibility:public modality:FINAL <> ($this:com.leo.paleorecipes.data.model.DomainRecipe) returnType:kotlin.Int [operator]
i: [kapt] method component7()I -> origin=OTHER element=null descriptor=IrBasedSimpleFunctionDescriptor: FUN GENERATED_DATA_CLASS_MEMBER name:component7 visibility:public modality:FINAL <> ($this:com.leo.paleorecipes.data.model.DomainRecipe) returnType:kotlin.Int [operator]
i: [kapt] method component8()I -> origin=OTHER element=null descriptor=IrBasedSimpleFunctionDescriptor: FUN GENERATED_DATA_CLASS_MEMBER name:component8 visibility:public modality:FINAL <> ($this:com.leo.paleorecipes.data.model.DomainRecipe) returnType:kotlin.Int [operator]
i: [kapt] method component9()Ljava/lang/String; -> origin=OTHER element=null descriptor=IrBasedSimpleFunctionDescriptor: FUN GENERATED_DATA_CLASS_MEMBER name:component9 visibility:public modality:FINAL <> ($this:com.leo.paleorecipes.data.model.DomainRecipe) returnType:kotlin.String [operator]
i: [kapt] method component10()Ljava/lang/String; -> origin=OTHER element=null descriptor=IrBasedSimpleFunctionDescriptor: FUN GENERATED_DATA_CLASS_MEMBER name:component10 visibility:public modality:FINAL <> ($this:com.leo.paleorecipes.data.model.DomainRecipe) returnType:kotlin.String [operator]
i: [kapt] method component11()Ljava/lang/String; -> origin=OTHER element=null descriptor=IrBasedSimpleFunctionDescriptor: FUN GENERATED_DATA_CLASS_MEMBER name:component11 visibility:public modality:FINAL <> ($this:com.leo.paleorecipes.data.model.DomainRecipe) returnType:kotlin.String [operator]
i: [kapt] method component12()Ljava/lang/String; -> origin=OTHER element=null descriptor=IrBasedSimpleFunctionDescriptor: FUN GENERATED_DATA_CLASS_MEMBER name:component12 visibility:public modality:FINAL <> ($this:com.leo.paleorecipes.data.model.DomainRecipe) returnType:kotlin.String [operator]
i: [kapt] method component13()Z -> origin=OTHER element=null descriptor=IrBasedSimpleFunctionDescriptor: FUN GENERATED_DATA_CLASS_MEMBER name:component13 visibility:public modality:FINAL <> ($this:com.leo.paleorecipes.data.model.DomainRecipe) returnType:kotlin.Boolean [operator]
i: [kapt] method component14()J -> origin=OTHER element=null descriptor=IrBasedSimpleFunctionDescriptor: FUN GENERATED_DATA_CLASS_MEMBER name:component14 visibility:public modality:FINAL <> ($this:com.leo.paleorecipes.data.model.DomainRecipe) returnType:kotlin.Long [operator]
i: [kapt] method copy(JLjava/lang/String;Ljava/lang/String;Ljava/util/List;Ljava/util/List;IIILjava/lang/String;Ljava/lang/String;Ljava/lang/String;Ljava/lang/String;ZJ)Lcom/leo/paleorecipes/data/model/DomainRecipe; -> origin=OTHER element=null descriptor=IrBasedSimpleFunctionDescriptor: FUN GENERATED_DATA_CLASS_MEMBER name:copy visibility:public modality:FINAL <> ($this:com.leo.paleorecipes.data.model.DomainRecipe, id:kotlin.Long, name:kotlin.String, description:kotlin.String, ingredients:kotlin.collections.List<kotlin.String>, instructions:kotlin.collections.List<kotlin.String>, prepTime:kotlin.Int, cookTime:kotlin.Int, servings:kotlin.Int, category:kotlin.String, difficulty:kotlin.String, notes:kotlin.String, imageUri:kotlin.String, isFavorite:kotlin.Boolean, dateAdded:kotlin.Long) returnType:com.leo.paleorecipes.data.model.DomainRecipe
i: [kapt] method toString()Ljava/lang/String; -> origin=OTHER element=null descriptor=IrBasedSimpleFunctionDescriptor: FUN GENERATED_DATA_CLASS_MEMBER name:toString visibility:public modality:OPEN <> ($this:com.leo.paleorecipes.data.model.DomainRecipe) returnType:kotlin.String
i: [kapt] method hashCode()I -> origin=OTHER element=null descriptor=IrBasedSimpleFunctionDescriptor: FUN GENERATED_DATA_CLASS_MEMBER name:hashCode visibility:public modality:OPEN <> ($this:com.leo.paleorecipes.data.model.DomainRecipe) returnType:kotlin.Int
i: [kapt] method equals(Ljava/lang/Object;)Z -> origin=OTHER element=null descriptor=IrBasedSimpleFunctionDescriptor: FUN GENERATED_DATA_CLASS_MEMBER name:equals visibility:public modality:OPEN <> ($this:com.leo.paleorecipes.data.model.DomainRecipe, other:kotlin.Any?) returnType:kotlin.Boolean [operator]
i: [kapt] field imageUri:Ljava/lang/String; -> origin=OTHER element=KtParameter descriptor=IrBasedFieldDescriptor: FIELD PROPERTY_BACKING_FIELD name:imageUri type:kotlin.String visibility:private [final]
i: [kapt] class com/leo/paleorecipes/data/model/Recipe -> origin=OTHER element=KtClass descriptor=IrBasedClassDescriptor: CLASS CLASS name:Recipe modality:FINAL visibility:public [data] superTypes:[kotlin.Any]
i: [kapt] method <init>(JLjava/lang/String;Ljava/lang/String;ILjava/util/List;Ljava/util/List;Ljava/util/List;Ljava/lang/Integer;Ljava/lang/Integer;Ljava/lang/String;Ljava/lang/String;Ljava/util/List;Ljava/util/List;ZZZZ)V -> origin=OTHER element=KtClass descriptor=IrBasedClassConstructorDescriptor: CONSTRUCTOR visibility:public <> (id:kotlin.Long, title:kotlin.String, image:kotlin.String?, missedIngredientCount:kotlin.Int, usedIngredients:kotlin.collections.List<com.leo.paleorecipes.data.model.Ingredient>, missedIngredients:kotlin.collections.List<com.leo.paleorecipes.data.model.Ingredient>, unusedIngredients:kotlin.collections.List<com.leo.paleorecipes.data.model.Ingredient>, readyInMinutes:kotlin.Int?, servings:kotlin.Int?, sourceUrl:kotlin.String?, summary:kotlin.String?, extendedIngredients:kotlin.collections.List<com.leo.paleorecipes.data.model.ExtendedIngredient>?, analyzedInstructions:kotlin.collections.List<com.leo.paleorecipes.data.model.AnalyzedInstruction>?, isVegetarian:kotlin.Boolean, isVegan:kotlin.Boolean, isGlutenFree:kotlin.Boolean, isDairyFree:kotlin.Boolean) returnType:com.leo.paleorecipes.data.model.Recipe [primary]
i: [kapt] method <init>(JLjava/lang/String;Ljava/lang/String;ILjava/util/List;Ljava/util/List;Ljava/util/List;Ljava/lang/Integer;Ljava/lang/Integer;Ljava/lang/String;Ljava/lang/String;Ljava/util/List;Ljava/util/List;ZZZZILkotlin/jvm/internal/DefaultConstructorMarker;)V -> origin=OTHER element=KtClass descriptor=IrBasedClassConstructorDescriptor: CONSTRUCTOR FUNCTION_FOR_DEFAULT_PARAMETER visibility:public <> (id:kotlin.Long, title:kotlin.String, image:kotlin.String?, missedIngredientCount:kotlin.Int, usedIngredients:kotlin.collections.List<com.leo.paleorecipes.data.model.Ingredient>?, missedIngredients:kotlin.collections.List<com.leo.paleorecipes.data.model.Ingredient>?, unusedIngredients:kotlin.collections.List<com.leo.paleorecipes.data.model.Ingredient>?, readyInMinutes:kotlin.Int?, servings:kotlin.Int?, sourceUrl:kotlin.String?, summary:kotlin.String?, extendedIngredients:kotlin.collections.List<com.leo.paleorecipes.data.model.ExtendedIngredient>?, analyzedInstructions:kotlin.collections.List<com.leo.paleorecipes.data.model.AnalyzedInstruction>?, isVegetarian:kotlin.Boolean, isVegan:kotlin.Boolean, isGlutenFree:kotlin.Boolean, isDairyFree:kotlin.Boolean, $mask0:kotlin.Int, $marker:kotlin.jvm.internal.DefaultConstructorMarker?) returnType:com.leo.paleorecipes.data.model.Recipe
i: [kapt] method getId()J -> origin=OTHER element=KtParameter descriptor=IrBasedPropertyGetterDescriptor: FUN DEFAULT_PROPERTY_ACCESSOR name:<get-id> visibility:public modality:FINAL <> ($this:com.leo.paleorecipes.data.model.Recipe) returnType:kotlin.Long
i: [kapt] method getTitle()Ljava/lang/String; -> origin=OTHER element=KtParameter descriptor=IrBasedPropertyGetterDescriptor: FUN DEFAULT_PROPERTY_ACCESSOR name:<get-title> visibility:public modality:FINAL <> ($this:com.leo.paleorecipes.data.model.Recipe) returnType:kotlin.String
i: [kapt] method getImage()Ljava/lang/String; -> origin=OTHER element=KtParameter descriptor=IrBasedPropertyGetterDescriptor: FUN DEFAULT_PROPERTY_ACCESSOR name:<get-image> visibility:public modality:FINAL <> ($this:com.leo.paleorecipes.data.model.Recipe) returnType:kotlin.String?
i: [kapt] method getMissedIngredientCount()I -> origin=OTHER element=KtParameter descriptor=IrBasedPropertyGetterDescriptor: FUN DEFAULT_PROPERTY_ACCESSOR name:<get-missedIngredientCount> visibility:public modality:FINAL <> ($this:com.leo.paleorecipes.data.model.Recipe) returnType:kotlin.Int
i: [kapt] method getUsedIngredients()Ljava/util/List; -> origin=OTHER element=KtParameter descriptor=IrBasedPropertyGetterDescriptor: FUN DEFAULT_PROPERTY_ACCESSOR name:<get-usedIngredients> visibility:public modality:FINAL <> ($this:com.leo.paleorecipes.data.model.Recipe) returnType:kotlin.collections.List<com.leo.paleorecipes.data.model.Ingredient>
i: [kapt] method getMissedIngredients()Ljava/util/List; -> origin=OTHER element=KtParameter descriptor=IrBasedPropertyGetterDescriptor: FUN DEFAULT_PROPERTY_ACCESSOR name:<get-missedIngredients> visibility:public modality:FINAL <> ($this:com.leo.paleorecipes.data.model.Recipe) returnType:kotlin.collections.List<com.leo.paleorecipes.data.model.Ingredient>
i: [kapt] method getUnusedIngredients()Ljava/util/List; -> origin=OTHER element=KtParameter descriptor=IrBasedPropertyGetterDescriptor: FUN DEFAULT_PROPERTY_ACCESSOR name:<get-unusedIngredients> visibility:public modality:FINAL <> ($this:com.leo.paleorecipes.data.model.Recipe) returnType:kotlin.collections.List<com.leo.paleorecipes.data.model.Ingredient>
i: [kapt] method getReadyInMinutes()Ljava/lang/Integer; -> origin=OTHER element=KtParameter descriptor=IrBasedPropertyGetterDescriptor: FUN DEFAULT_PROPERTY_ACCESSOR name:<get-readyInMinutes> visibility:public modality:FINAL <> ($this:com.leo.paleorecipes.data.model.Recipe) returnType:kotlin.Int?
i: [kapt] method getServings()Ljava/lang/Integer; -> origin=OTHER element=KtParameter descriptor=IrBasedPropertyGetterDescriptor: FUN DEFAULT_PROPERTY_ACCESSOR name:<get-servings> visibility:public modality:FINAL <> ($this:com.leo.paleorecipes.data.model.Recipe) returnType:kotlin.Int?
i: [kapt] method getSourceUrl()Ljava/lang/String; -> origin=OTHER element=KtParameter descriptor=IrBasedPropertyGetterDescriptor: FUN DEFAULT_PROPERTY_ACCESSOR name:<get-sourceUrl> visibility:public modality:FINAL <> ($this:com.leo.paleorecipes.data.model.Recipe) returnType:kotlin.String?
i: [kapt] method getSummary()Ljava/lang/String; -> origin=OTHER element=KtParameter descriptor=IrBasedPropertyGetterDescriptor: FUN DEFAULT_PROPERTY_ACCESSOR name:<get-summary> visibility:public modality:FINAL <> ($this:com.leo.paleorecipes.data.model.Recipe) returnType:kotlin.String?
i: [kapt] method getExtendedIngredients()Ljava/util/List; -> origin=OTHER element=KtParameter descriptor=IrBasedPropertyGetterDescriptor: FUN DEFAULT_PROPERTY_ACCESSOR name:<get-extendedIngredients> visibility:public modality:FINAL <> ($this:com.leo.paleorecipes.data.model.Recipe) returnType:kotlin.collections.List<com.leo.paleorecipes.data.model.ExtendedIngredient>?
i: [kapt] method getAnalyzedInstructions()Ljava/util/List; -> origin=OTHER element=KtParameter descriptor=IrBasedPropertyGetterDescriptor: FUN DEFAULT_PROPERTY_ACCESSOR name:<get-analyzedInstructions> visibility:public modality:FINAL <> ($this:com.leo.paleorecipes.data.model.Recipe) returnType:kotlin.collections.List<com.leo.paleorecipes.data.model.AnalyzedInstruction>?
i: [kapt] method isVegetarian()Z -> origin=OTHER element=KtParameter descriptor=IrBasedPropertyGetterDescriptor: FUN DEFAULT_PROPERTY_ACCESSOR name:<get-isVegetarian> visibility:public modality:FINAL <> ($this:com.leo.paleorecipes.data.model.Recipe) returnType:kotlin.Boolean
i: [kapt] method isVegan()Z -> origin=OTHER element=KtParameter descriptor=IrBasedPropertyGetterDescriptor: FUN DEFAULT_PROPERTY_ACCESSOR name:<get-isVegan> visibility:public modality:FINAL <> ($this:com.leo.paleorecipes.data.model.Recipe) returnType:kotlin.Boolean
i: [kapt] method isGlutenFree()Z -> origin=OTHER element=KtParameter descriptor=IrBasedPropertyGetterDescriptor: FUN DEFAULT_PROPERTY_ACCESSOR name:<get-isGlutenFree> visibility:public modality:FINAL <> ($this:com.leo.paleorecipes.data.model.Recipe) returnType:kotlin.Boolean
i: [kapt] method isDairyFree()Z -> origin=OTHER element=KtParameter descriptor=IrBasedPropertyGetterDescriptor: FUN DEFAULT_PROPERTY_ACCESSOR name:<get-isDairyFree> visibility:public modality:FINAL <> ($this:com.leo.paleorecipes.data.model.Recipe) returnType:kotlin.Boolean
i: [kapt] method component1()J -> origin=OTHER element=null descriptor=IrBasedSimpleFunctionDescriptor: FUN GENERATED_DATA_CLASS_MEMBER name:component1 visibility:public modality:FINAL <> ($this:com.leo.paleorecipes.data.model.Recipe) returnType:kotlin.Long [operator]
i: [kapt] method component2()Ljava/lang/String; -> origin=OTHER element=null descriptor=IrBasedSimpleFunctionDescriptor: FUN GENERATED_DATA_CLASS_MEMBER name:component2 visibility:public modality:FINAL <> ($this:com.leo.paleorecipes.data.model.Recipe) returnType:kotlin.String [operator]
i: [kapt] method component3()Ljava/lang/String; -> origin=OTHER element=null descriptor=IrBasedSimpleFunctionDescriptor: FUN GENERATED_DATA_CLASS_MEMBER name:component3 visibility:public modality:FINAL <> ($this:com.leo.paleorecipes.data.model.Recipe) returnType:kotlin.String? [operator]
i: [kapt] method component4()I -> origin=OTHER element=null descriptor=IrBasedSimpleFunctionDescriptor: FUN GENERATED_DATA_CLASS_MEMBER name:component4 visibility:public modality:FINAL <> ($this:com.leo.paleorecipes.data.model.Recipe) returnType:kotlin.Int [operator]
i: [kapt] method component5()Ljava/util/List; -> origin=OTHER element=null descriptor=IrBasedSimpleFunctionDescriptor: FUN GENERATED_DATA_CLASS_MEMBER name:component5 visibility:public modality:FINAL <> ($this:com.leo.paleorecipes.data.model.Recipe) returnType:kotlin.collections.List<com.leo.paleorecipes.data.model.Ingredient> [operator]
i: [kapt] method component6()Ljava/util/List; -> origin=OTHER element=null descriptor=IrBasedSimpleFunctionDescriptor: FUN GENERATED_DATA_CLASS_MEMBER name:component6 visibility:public modality:FINAL <> ($this:com.leo.paleorecipes.data.model.Recipe) returnType:kotlin.collections.List<com.leo.paleorecipes.data.model.Ingredient> [operator]
i: [kapt] method component7()Ljava/util/List; -> origin=OTHER element=null descriptor=IrBasedSimpleFunctionDescriptor: FUN GENERATED_DATA_CLASS_MEMBER name:component7 visibility:public modality:FINAL <> ($this:com.leo.paleorecipes.data.model.Recipe) returnType:kotlin.collections.List<com.leo.paleorecipes.data.model.Ingredient> [operator]
i: [kapt] method component8()Ljava/lang/Integer; -> origin=OTHER element=null descriptor=IrBasedSimpleFunctionDescriptor: FUN GENERATED_DATA_CLASS_MEMBER name:component8 visibility:public modality:FINAL <> ($this:com.leo.paleorecipes.data.model.Recipe) returnType:kotlin.Int? [operator]
i: [kapt] method component9()Ljava/lang/Integer; -> origin=OTHER element=null descriptor=IrBasedSimpleFunctionDescriptor: FUN GENERATED_DATA_CLASS_MEMBER name:component9 visibility:public modality:FINAL <> ($this:com.leo.paleorecipes.data.model.Recipe) returnType:kotlin.Int? [operator]
i: [kapt] method component10()Ljava/lang/String; -> origin=OTHER element=null descriptor=IrBasedSimpleFunctionDescriptor: FUN GENERATED_DATA_CLASS_MEMBER name:component10 visibility:public modality:FINAL <> ($this:com.leo.paleorecipes.data.model.Recipe) returnType:kotlin.String? [operator]
i: [kapt] method component11()Ljava/lang/String; -> origin=OTHER element=null descriptor=IrBasedSimpleFunctionDescriptor: FUN GENERATED_DATA_CLASS_MEMBER name:component11 visibility:public modality:FINAL <> ($this:com.leo.paleorecipes.data.model.Recipe) returnType:kotlin.String? [operator]
i: [kapt] method component12()Ljava/util/List; -> origin=OTHER element=null descriptor=IrBasedSimpleFunctionDescriptor: FUN GENERATED_DATA_CLASS_MEMBER name:component12 visibility:public modality:FINAL <> ($this:com.leo.paleorecipes.data.model.Recipe) returnType:kotlin.collections.List<com.leo.paleorecipes.data.model.ExtendedIngredient>? [operator]
i: [kapt] method component13()Ljava/util/List; -> origin=OTHER element=null descriptor=IrBasedSimpleFunctionDescriptor: FUN GENERATED_DATA_CLASS_MEMBER name:component13 visibility:public modality:FINAL <> ($this:com.leo.paleorecipes.data.model.Recipe) returnType:kotlin.collections.List<com.leo.paleorecipes.data.model.AnalyzedInstruction>? [operator]
i: [kapt] method component14()Z -> origin=OTHER element=null descriptor=IrBasedSimpleFunctionDescriptor: FUN GENERATED_DATA_CLASS_MEMBER name:component14 visibility:public modality:FINAL <> ($this:com.leo.paleorecipes.data.model.Recipe) returnType:kotlin.Boolean [operator]
i: [kapt] method component15()Z -> origin=OTHER element=null descriptor=IrBasedSimpleFunctionDescriptor: FUN GENERATED_DATA_CLASS_MEMBER name:component15 visibility:public modality:FINAL <> ($this:com.leo.paleorecipes.data.model.Recipe) returnType:kotlin.Boolean [operator]
i: [kapt] method component16()Z -> origin=OTHER element=null descriptor=IrBasedSimpleFunctionDescriptor: FUN GENERATED_DATA_CLASS_MEMBER name:component16 visibility:public modality:FINAL <> ($this:com.leo.paleorecipes.data.model.Recipe) returnType:kotlin.Boolean [operator]
i: [kapt] method component17()Z -> origin=OTHER element=null descriptor=IrBasedSimpleFunctionDescriptor: FUN GENERATED_DATA_CLASS_MEMBER name:component17 visibility:public modality:FINAL <> ($this:com.leo.paleorecipes.data.model.Recipe) returnType:kotlin.Boolean [operator]
i: [kapt] method copy(JLjava/lang/String;Ljava/lang/String;ILjava/util/List;Ljava/util/List;Ljava/util/List;Ljava/lang/Integer;Ljava/lang/Integer;Ljava/lang/String;Ljava/lang/String;Ljava/util/List;Ljava/util/List;ZZZZ)Lcom/leo/paleorecipes/data/model/Recipe; -> origin=OTHER element=null descriptor=IrBasedSimpleFunctionDescriptor: FUN GENERATED_DATA_CLASS_MEMBER name:copy visibility:public modality:FINAL <> ($this:com.leo.paleorecipes.data.model.Recipe, id:kotlin.Long, title:kotlin.String, image:kotlin.String?, missedIngredientCount:kotlin.Int, usedIngredients:kotlin.collections.List<com.leo.paleorecipes.data.model.Ingredient>, missedIngredients:kotlin.collections.List<com.leo.paleorecipes.data.model.Ingredient>, unusedIngredients:kotlin.collections.List<com.leo.paleorecipes.data.model.Ingredient>, readyInMinutes:kotlin.Int?, servings:kotlin.Int?, sourceUrl:kotlin.String?, summary:kotlin.String?, extendedIngredients:kotlin.collections.List<com.leo.paleorecipes.data.model.ExtendedIngredient>?, analyzedInstructions:kotlin.collections.List<com.leo.paleorecipes.data.model.AnalyzedInstruction>?, isVegetarian:kotlin.Boolean, isVegan:kotlin.Boolean, isGlutenFree:kotlin.Boolean, isDairyFree:kotlin.Boolean) returnType:com.leo.paleorecipes.data.model.Recipe
i: [kapt] method toString()Ljava/lang/String; -> origin=OTHER element=null descriptor=IrBasedSimpleFunctionDescriptor: FUN GENERATED_DATA_CLASS_MEMBER name:toString visibility:public modality:OPEN <> ($this:com.leo.paleorecipes.data.model.Recipe) returnType:kotlin.String
i: [kapt] method hashCode()I -> origin=OTHER element=null descriptor=IrBasedSimpleFunctionDescriptor: FUN GENERATED_DATA_CLASS_MEMBER name:hashCode visibility:public modality:OPEN <> ($this:com.leo.paleorecipes.data.model.Recipe) returnType:kotlin.Int
i: [kapt] method equals(Ljava/lang/Object;)Z -> origin=OTHER element=null descriptor=IrBasedSimpleFunctionDescriptor: FUN GENERATED_DATA_CLASS_MEMBER name:equals visibility:public modality:OPEN <> ($this:com.leo.paleorecipes.data.model.Recipe, other:kotlin.Any?) returnType:kotlin.Boolean [operator]
i: [kapt] field sourceUrl:Ljava/lang/String; -> origin=OTHER element=KtParameter descriptor=IrBasedFieldDescriptor: FIELD PROPERTY_BACKING_FIELD name:sourceUrl type:kotlin.String? visibility:private [final]
i: [kapt] field extendedIngredients:Ljava/util/List; -> origin=OTHER element=KtParameter descriptor=IrBasedFieldDescriptor: FIELD PROPERTY_BACKING_FIELD name:extendedIngredients type:kotlin.collections.List<com.leo.paleorecipes.data.model.ExtendedIngredient>? visibility:private [final]
i: [kapt] field analyzedInstructions:Ljava/util/List; -> origin=OTHER element=KtParameter descriptor=IrBasedFieldDescriptor: FIELD PROPERTY_BACKING_FIELD name:analyzedInstructions type:kotlin.collections.List<com.leo.paleorecipes.data.model.AnalyzedInstruction>? visibility:private [final]
i: [kapt] field isVegetarian:Z -> origin=OTHER element=KtParameter descriptor=IrBasedFieldDescriptor: FIELD PROPERTY_BACKING_FIELD name:isVegetarian type:kotlin.Boolean visibility:private [final]
i: [kapt] field isVegan:Z -> origin=OTHER element=KtParameter descriptor=IrBasedFieldDescriptor: FIELD PROPERTY_BACKING_FIELD name:isVegan type:kotlin.Boolean visibility:private [final]
i: [kapt] field isGlutenFree:Z -> origin=OTHER element=KtParameter descriptor=IrBasedFieldDescriptor: FIELD PROPERTY_BACKING_FIELD name:isGlutenFree type:kotlin.Boolean visibility:private [final]
i: [kapt] field isDairyFree:Z -> origin=OTHER element=KtParameter descriptor=IrBasedFieldDescriptor: FIELD PROPERTY_BACKING_FIELD name:isDairyFree type:kotlin.Boolean visibility:private [final]
i: [kapt] class com/leo/paleorecipes/data/model/RecipeDetail -> origin=OTHER element=KtClass descriptor=IrBasedClassDescriptor: CLASS CLASS name:RecipeDetail modality:FINAL visibility:public [data] superTypes:[kotlin.Any]
i: [kapt] method <init>(JLjava/lang/String;Ljava/lang/String;Ljava/lang/String;Ljava/lang/String;Ljava/util/List;IIZZZZ)V -> origin=OTHER element=KtClass descriptor=IrBasedClassConstructorDescriptor: CONSTRUCTOR visibility:public <> (id:kotlin.Long, title:kotlin.String, image:kotlin.String?, summary:kotlin.String, instructions:kotlin.String, extendedIngredients:kotlin.collections.List<com.leo.paleorecipes.data.model.ExtendedIngredient>, readyInMinutes:kotlin.Int, servings:kotlin.Int, isVegetarian:kotlin.Boolean, isVegan:kotlin.Boolean, isGlutenFree:kotlin.Boolean, isDairyFree:kotlin.Boolean) returnType:com.leo.paleorecipes.data.model.RecipeDetail [primary]
i: [kapt] method <init>(JLjava/lang/String;Ljava/lang/String;Ljava/lang/String;Ljava/lang/String;Ljava/util/List;IIZZZZILkotlin/jvm/internal/DefaultConstructorMarker;)V -> origin=OTHER element=KtClass descriptor=IrBasedClassConstructorDescriptor: CONSTRUCTOR FUNCTION_FOR_DEFAULT_PARAMETER visibility:public <> (id:kotlin.Long, title:kotlin.String, image:kotlin.String?, summary:kotlin.String, instructions:kotlin.String, extendedIngredients:kotlin.collections.List<com.leo.paleorecipes.data.model.ExtendedIngredient>, readyInMinutes:kotlin.Int, servings:kotlin.Int, isVegetarian:kotlin.Boolean, isVegan:kotlin.Boolean, isGlutenFree:kotlin.Boolean, isDairyFree:kotlin.Boolean, $mask0:kotlin.Int, $marker:kotlin.jvm.internal.DefaultConstructorMarker?) returnType:com.leo.paleorecipes.data.model.RecipeDetail
i: [kapt] method getId()J -> origin=OTHER element=KtParameter descriptor=IrBasedPropertyGetterDescriptor: FUN DEFAULT_PROPERTY_ACCESSOR name:<get-id> visibility:public modality:FINAL <> ($this:com.leo.paleorecipes.data.model.RecipeDetail) returnType:kotlin.Long
i: [kapt] method getTitle()Ljava/lang/String; -> origin=OTHER element=KtParameter descriptor=IrBasedPropertyGetterDescriptor: FUN DEFAULT_PROPERTY_ACCESSOR name:<get-title> visibility:public modality:FINAL <> ($this:com.leo.paleorecipes.data.model.RecipeDetail) returnType:kotlin.String
i: [kapt] method getImage()Ljava/lang/String; -> origin=OTHER element=KtParameter descriptor=IrBasedPropertyGetterDescriptor: FUN DEFAULT_PROPERTY_ACCESSOR name:<get-image> visibility:public modality:FINAL <> ($this:com.leo.paleorecipes.data.model.RecipeDetail) returnType:kotlin.String?
i: [kapt] method getSummary()Ljava/lang/String; -> origin=OTHER element=KtParameter descriptor=IrBasedPropertyGetterDescriptor: FUN DEFAULT_PROPERTY_ACCESSOR name:<get-summary> visibility:public modality:FINAL <> ($this:com.leo.paleorecipes.data.model.RecipeDetail) returnType:kotlin.String
i: [kapt] method getInstructions()Ljava/lang/String; -> origin=OTHER element=KtParameter descriptor=IrBasedPropertyGetterDescriptor: FUN DEFAULT_PROPERTY_ACCESSOR name:<get-instructions> visibility:public modality:FINAL <> ($this:com.leo.paleorecipes.data.model.RecipeDetail) returnType:kotlin.String
i: [kapt] method getExtendedIngredients()Ljava/util/List; -> origin=OTHER element=KtParameter descriptor=IrBasedPropertyGetterDescriptor: FUN DEFAULT_PROPERTY_ACCESSOR name:<get-extendedIngredients> visibility:public modality:FINAL <> ($this:com.leo.paleorecipes.data.model.RecipeDetail) returnType:kotlin.collections.List<com.leo.paleorecipes.data.model.ExtendedIngredient>
i: [kapt] method getReadyInMinutes()I -> origin=OTHER element=KtParameter descriptor=IrBasedPropertyGetterDescriptor: FUN DEFAULT_PROPERTY_ACCESSOR name:<get-readyInMinutes> visibility:public modality:FINAL <> ($this:com.leo.paleorecipes.data.model.RecipeDetail) returnType:kotlin.Int
i: [kapt] method getServings()I -> origin=OTHER element=KtParameter descriptor=IrBasedPropertyGetterDescriptor: FUN DEFAULT_PROPERTY_ACCESSOR name:<get-servings> visibility:public modality:FINAL <> ($this:com.leo.paleorecipes.data.model.RecipeDetail) returnType:kotlin.Int
i: [kapt] method isVegetarian()Z -> origin=OTHER element=KtParameter descriptor=IrBasedPropertyGetterDescriptor: FUN DEFAULT_PROPERTY_ACCESSOR name:<get-isVegetarian> visibility:public modality:FINAL <> ($this:com.leo.paleorecipes.data.model.RecipeDetail) returnType:kotlin.Boolean
i: [kapt] method isVegan()Z -> origin=OTHER element=KtParameter descriptor=IrBasedPropertyGetterDescriptor: FUN DEFAULT_PROPERTY_ACCESSOR name:<get-isVegan> visibility:public modality:FINAL <> ($this:com.leo.paleorecipes.data.model.RecipeDetail) returnType:kotlin.Boolean
i: [kapt] method isGlutenFree()Z -> origin=OTHER element=KtParameter descriptor=IrBasedPropertyGetterDescriptor: FUN DEFAULT_PROPERTY_ACCESSOR name:<get-isGlutenFree> visibility:public modality:FINAL <> ($this:com.leo.paleorecipes.data.model.RecipeDetail) returnType:kotlin.Boolean
i: [kapt] method isDairyFree()Z -> origin=OTHER element=KtParameter descriptor=IrBasedPropertyGetterDescriptor: FUN DEFAULT_PROPERTY_ACCESSOR name:<get-isDairyFree> visibility:public modality:FINAL <> ($this:com.leo.paleorecipes.data.model.RecipeDetail) returnType:kotlin.Boolean
i: [kapt] method component1()J -> origin=OTHER element=null descriptor=IrBasedSimpleFunctionDescriptor: FUN GENERATED_DATA_CLASS_MEMBER name:component1 visibility:public modality:FINAL <> ($this:com.leo.paleorecipes.data.model.RecipeDetail) returnType:kotlin.Long [operator]
i: [kapt] method component2()Ljava/lang/String; -> origin=OTHER element=null descriptor=IrBasedSimpleFunctionDescriptor: FUN GENERATED_DATA_CLASS_MEMBER name:component2 visibility:public modality:FINAL <> ($this:com.leo.paleorecipes.data.model.RecipeDetail) returnType:kotlin.String [operator]
i: [kapt] method component3()Ljava/lang/String; -> origin=OTHER element=null descriptor=IrBasedSimpleFunctionDescriptor: FUN GENERATED_DATA_CLASS_MEMBER name:component3 visibility:public modality:FINAL <> ($this:com.leo.paleorecipes.data.model.RecipeDetail) returnType:kotlin.String? [operator]
i: [kapt] method component4()Ljava/lang/String; -> origin=OTHER element=null descriptor=IrBasedSimpleFunctionDescriptor: FUN GENERATED_DATA_CLASS_MEMBER name:component4 visibility:public modality:FINAL <> ($this:com.leo.paleorecipes.data.model.RecipeDetail) returnType:kotlin.String [operator]
i: [kapt] method component5()Ljava/lang/String; -> origin=OTHER element=null descriptor=IrBasedSimpleFunctionDescriptor: FUN GENERATED_DATA_CLASS_MEMBER name:component5 visibility:public modality:FINAL <> ($this:com.leo.paleorecipes.data.model.RecipeDetail) returnType:kotlin.String [operator]
i: [kapt] method component6()Ljava/util/List; -> origin=OTHER element=null descriptor=IrBasedSimpleFunctionDescriptor: FUN GENERATED_DATA_CLASS_MEMBER name:component6 visibility:public modality:FINAL <> ($this:com.leo.paleorecipes.data.model.RecipeDetail) returnType:kotlin.collections.List<com.leo.paleorecipes.data.model.ExtendedIngredient> [operator]
i: [kapt] method component7()I -> origin=OTHER element=null descriptor=IrBasedSimpleFunctionDescriptor: FUN GENERATED_DATA_CLASS_MEMBER name:component7 visibility:public modality:FINAL <> ($this:com.leo.paleorecipes.data.model.RecipeDetail) returnType:kotlin.Int [operator]
i: [kapt] method component8()I -> origin=OTHER element=null descriptor=IrBasedSimpleFunctionDescriptor: FUN GENERATED_DATA_CLASS_MEMBER name:component8 visibility:public modality:FINAL <> ($this:com.leo.paleorecipes.data.model.RecipeDetail) returnType:kotlin.Int [operator]
i: [kapt] method component9()Z -> origin=OTHER element=null descriptor=IrBasedSimpleFunctionDescriptor: FUN GENERATED_DATA_CLASS_MEMBER name:component9 visibility:public modality:FINAL <> ($this:com.leo.paleorecipes.data.model.RecipeDetail) returnType:kotlin.Boolean [operator]
i: [kapt] method component10()Z -> origin=OTHER element=null descriptor=IrBasedSimpleFunctionDescriptor: FUN GENERATED_DATA_CLASS_MEMBER name:component10 visibility:public modality:FINAL <> ($this:com.leo.paleorecipes.data.model.RecipeDetail) returnType:kotlin.Boolean [operator]
i: [kapt] method component11()Z -> origin=OTHER element=null descriptor=IrBasedSimpleFunctionDescriptor: FUN GENERATED_DATA_CLASS_MEMBER name:component11 visibility:public modality:FINAL <> ($this:com.leo.paleorecipes.data.model.RecipeDetail) returnType:kotlin.Boolean [operator]
i: [kapt] method component12()Z -> origin=OTHER element=null descriptor=IrBasedSimpleFunctionDescriptor: FUN GENERATED_DATA_CLASS_MEMBER name:component12 visibility:public modality:FINAL <> ($this:com.leo.paleorecipes.data.model.RecipeDetail) returnType:kotlin.Boolean [operator]
i: [kapt] method copy(JLjava/lang/String;Ljava/lang/String;Ljava/lang/String;Ljava/lang/String;Ljava/util/List;IIZZZZ)Lcom/leo/paleorecipes/data/model/RecipeDetail; -> origin=OTHER element=null descriptor=IrBasedSimpleFunctionDescriptor: FUN GENERATED_DATA_CLASS_MEMBER name:copy visibility:public modality:FINAL <> ($this:com.leo.paleorecipes.data.model.RecipeDetail, id:kotlin.Long, title:kotlin.String, image:kotlin.String?, summary:kotlin.String, instructions:kotlin.String, extendedIngredients:kotlin.collections.List<com.leo.paleorecipes.data.model.ExtendedIngredient>, readyInMinutes:kotlin.Int, servings:kotlin.Int, isVegetarian:kotlin.Boolean, isVegan:kotlin.Boolean, isGlutenFree:kotlin.Boolean, isDairyFree:kotlin.Boolean) returnType:com.leo.paleorecipes.data.model.RecipeDetail
i: [kapt] method toString()Ljava/lang/String; -> origin=OTHER element=null descriptor=IrBasedSimpleFunctionDescriptor: FUN GENERATED_DATA_CLASS_MEMBER name:toString visibility:public modality:OPEN <> ($this:com.leo.paleorecipes.data.model.RecipeDetail) returnType:kotlin.String
i: [kapt] method hashCode()I -> origin=OTHER element=null descriptor=IrBasedSimpleFunctionDescriptor: FUN GENERATED_DATA_CLASS_MEMBER name:hashCode visibility:public modality:OPEN <> ($this:com.leo.paleorecipes.data.model.RecipeDetail) returnType:kotlin.Int
i: [kapt] method equals(Ljava/lang/Object;)Z -> origin=OTHER element=null descriptor=IrBasedSimpleFunctionDescriptor: FUN GENERATED_DATA_CLASS_MEMBER name:equals visibility:public modality:OPEN <> ($this:com.leo.paleorecipes.data.model.RecipeDetail, other:kotlin.Any?) returnType:kotlin.Boolean [operator]
i: [kapt] class com/leo/paleorecipes/data/model/AnalyzedInstruction -> origin=OTHER element=KtClass descriptor=IrBasedClassDescriptor: CLASS CLASS name:AnalyzedInstruction modality:FINAL visibility:public [data] superTypes:[kotlin.Any]
i: [kapt] method <init>(Ljava/lang/String;Ljava/util/List;)V -> origin=OTHER element=KtClass descriptor=IrBasedClassConstructorDescriptor: CONSTRUCTOR visibility:public <> (name:kotlin.String?, steps:kotlin.collections.List<com.leo.paleorecipes.data.model.Step>) returnType:com.leo.paleorecipes.data.model.AnalyzedInstruction [primary]
i: [kapt] method getName()Ljava/lang/String; -> origin=OTHER element=KtParameter descriptor=IrBasedPropertyGetterDescriptor: FUN DEFAULT_PROPERTY_ACCESSOR name:<get-name> visibility:public modality:FINAL <> ($this:com.leo.paleorecipes.data.model.AnalyzedInstruction) returnType:kotlin.String?
i: [kapt] method getSteps()Ljava/util/List; -> origin=OTHER element=KtParameter descriptor=IrBasedPropertyGetterDescriptor: FUN DEFAULT_PROPERTY_ACCESSOR name:<get-steps> visibility:public modality:FINAL <> ($this:com.leo.paleorecipes.data.model.AnalyzedInstruction) returnType:kotlin.collections.List<com.leo.paleorecipes.data.model.Step>
i: [kapt] method component1()Ljava/lang/String; -> origin=OTHER element=null descriptor=IrBasedSimpleFunctionDescriptor: FUN GENERATED_DATA_CLASS_MEMBER name:component1 visibility:public modality:FINAL <> ($this:com.leo.paleorecipes.data.model.AnalyzedInstruction) returnType:kotlin.String? [operator]
i: [kapt] method component2()Ljava/util/List; -> origin=OTHER element=null descriptor=IrBasedSimpleFunctionDescriptor: FUN GENERATED_DATA_CLASS_MEMBER name:component2 visibility:public modality:FINAL <> ($this:com.leo.paleorecipes.data.model.AnalyzedInstruction) returnType:kotlin.collections.List<com.leo.paleorecipes.data.model.Step> [operator]
i: [kapt] method copy(Ljava/lang/String;Ljava/util/List;)Lcom/leo/paleorecipes/data/model/AnalyzedInstruction; -> origin=OTHER element=null descriptor=IrBasedSimpleFunctionDescriptor: FUN GENERATED_DATA_CLASS_MEMBER name:copy visibility:public modality:FINAL <> ($this:com.leo.paleorecipes.data.model.AnalyzedInstruction, name:kotlin.String?, steps:kotlin.collections.List<com.leo.paleorecipes.data.model.Step>) returnType:com.leo.paleorecipes.data.model.AnalyzedInstruction
i: [kapt] method toString()Ljava/lang/String; -> origin=OTHER element=null descriptor=IrBasedSimpleFunctionDescriptor: FUN GENERATED_DATA_CLASS_MEMBER name:toString visibility:public modality:OPEN <> ($this:com.leo.paleorecipes.data.model.AnalyzedInstruction) returnType:kotlin.String
i: [kapt] method hashCode()I -> origin=OTHER element=null descriptor=IrBasedSimpleFunctionDescriptor: FUN GENERATED_DATA_CLASS_MEMBER name:hashCode visibility:public modality:OPEN <> ($this:com.leo.paleorecipes.data.model.AnalyzedInstruction) returnType:kotlin.Int
i: [kapt] method equals(Ljava/lang/Object;)Z -> origin=OTHER element=null descriptor=IrBasedSimpleFunctionDescriptor: FUN GENERATED_DATA_CLASS_MEMBER name:equals visibility:public modality:OPEN <> ($this:com.leo.paleorecipes.data.model.AnalyzedInstruction, other:kotlin.Any?) returnType:kotlin.Boolean [operator]
i: [kapt] field steps:Ljava/util/List; -> origin=OTHER element=KtParameter descriptor=IrBasedFieldDescriptor: FIELD PROPERTY_BACKING_FIELD name:steps type:kotlin.collections.List<com.leo.paleorecipes.data.model.Step> visibility:private [final]
i: [kapt] class com/leo/paleorecipes/data/model/Step -> origin=OTHER element=KtClass descriptor=IrBasedClassDescriptor: CLASS CLASS name:Step modality:FINAL visibility:public [data] superTypes:[kotlin.Any]
i: [kapt] method <init>(ILjava/lang/String;Ljava/util/List;Ljava/util/List;Lcom/leo/paleorecipes/data/model/Length;)V -> origin=OTHER element=KtClass descriptor=IrBasedClassConstructorDescriptor: CONSTRUCTOR visibility:public <> (number:kotlin.Int, step:kotlin.String, ingredients:kotlin.collections.List<com.leo.paleorecipes.data.model.Ingredient>, equipment:kotlin.collections.List<com.leo.paleorecipes.data.model.Equipment>, length:com.leo.paleorecipes.data.model.Length?) returnType:com.leo.paleorecipes.data.model.Step [primary]
i: [kapt] method <init>(ILjava/lang/String;Ljava/util/List;Ljava/util/List;Lcom/leo/paleorecipes/data/model/Length;ILkotlin/jvm/internal/DefaultConstructorMarker;)V -> origin=OTHER element=KtClass descriptor=IrBasedClassConstructorDescriptor: CONSTRUCTOR FUNCTION_FOR_DEFAULT_PARAMETER visibility:public <> (number:kotlin.Int, step:kotlin.String, ingredients:kotlin.collections.List<com.leo.paleorecipes.data.model.Ingredient>?, equipment:kotlin.collections.List<com.leo.paleorecipes.data.model.Equipment>?, length:com.leo.paleorecipes.data.model.Length?, $mask0:kotlin.Int, $marker:kotlin.jvm.internal.DefaultConstructorMarker?) returnType:com.leo.paleorecipes.data.model.Step
i: [kapt] method getNumber()I -> origin=OTHER element=KtParameter descriptor=IrBasedPropertyGetterDescriptor: FUN DEFAULT_PROPERTY_ACCESSOR name:<get-number> visibility:public modality:FINAL <> ($this:com.leo.paleorecipes.data.model.Step) returnType:kotlin.Int
i: [kapt] method getStep()Ljava/lang/String; -> origin=OTHER element=KtParameter descriptor=IrBasedPropertyGetterDescriptor: FUN DEFAULT_PROPERTY_ACCESSOR name:<get-step> visibility:public modality:FINAL <> ($this:com.leo.paleorecipes.data.model.Step) returnType:kotlin.String
i: [kapt] method getIngredients()Ljava/util/List; -> origin=OTHER element=KtParameter descriptor=IrBasedPropertyGetterDescriptor: FUN DEFAULT_PROPERTY_ACCESSOR name:<get-ingredients> visibility:public modality:FINAL <> ($this:com.leo.paleorecipes.data.model.Step) returnType:kotlin.collections.List<com.leo.paleorecipes.data.model.Ingredient>
i: [kapt] method getEquipment()Ljava/util/List; -> origin=OTHER element=KtParameter descriptor=IrBasedPropertyGetterDescriptor: FUN DEFAULT_PROPERTY_ACCESSOR name:<get-equipment> visibility:public modality:FINAL <> ($this:com.leo.paleorecipes.data.model.Step) returnType:kotlin.collections.List<com.leo.paleorecipes.data.model.Equipment>
i: [kapt] method getLength()Lcom/leo/paleorecipes/data/model/Length; -> origin=OTHER element=KtParameter descriptor=IrBasedPropertyGetterDescriptor: FUN DEFAULT_PROPERTY_ACCESSOR name:<get-length> visibility:public modality:FINAL <> ($this:com.leo.paleorecipes.data.model.Step) returnType:com.leo.paleorecipes.data.model.Length?
i: [kapt] method component1()I -> origin=OTHER element=null descriptor=IrBasedSimpleFunctionDescriptor: FUN GENERATED_DATA_CLASS_MEMBER name:component1 visibility:public modality:FINAL <> ($this:com.leo.paleorecipes.data.model.Step) returnType:kotlin.Int [operator]
i: [kapt] method component2()Ljava/lang/String; -> origin=OTHER element=null descriptor=IrBasedSimpleFunctionDescriptor: FUN GENERATED_DATA_CLASS_MEMBER name:component2 visibility:public modality:FINAL <> ($this:com.leo.paleorecipes.data.model.Step) returnType:kotlin.String [operator]
i: [kapt] method component3()Ljava/util/List; -> origin=OTHER element=null descriptor=IrBasedSimpleFunctionDescriptor: FUN GENERATED_DATA_CLASS_MEMBER name:component3 visibility:public modality:FINAL <> ($this:com.leo.paleorecipes.data.model.Step) returnType:kotlin.collections.List<com.leo.paleorecipes.data.model.Ingredient> [operator]
i: [kapt] method component4()Ljava/util/List; -> origin=OTHER element=null descriptor=IrBasedSimpleFunctionDescriptor: FUN GENERATED_DATA_CLASS_MEMBER name:component4 visibility:public modality:FINAL <> ($this:com.leo.paleorecipes.data.model.Step) returnType:kotlin.collections.List<com.leo.paleorecipes.data.model.Equipment> [operator]
i: [kapt] method component5()Lcom/leo/paleorecipes/data/model/Length; -> origin=OTHER element=null descriptor=IrBasedSimpleFunctionDescriptor: FUN GENERATED_DATA_CLASS_MEMBER name:component5 visibility:public modality:FINAL <> ($this:com.leo.paleorecipes.data.model.Step) returnType:com.leo.paleorecipes.data.model.Length? [operator]
i: [kapt] method copy(ILjava/lang/String;Ljava/util/List;Ljava/util/List;Lcom/leo/paleorecipes/data/model/Length;)Lcom/leo/paleorecipes/data/model/Step; -> origin=OTHER element=null descriptor=IrBasedSimpleFunctionDescriptor: FUN GENERATED_DATA_CLASS_MEMBER name:copy visibility:public modality:FINAL <> ($this:com.leo.paleorecipes.data.model.Step, number:kotlin.Int, step:kotlin.String, ingredients:kotlin.collections.List<com.leo.paleorecipes.data.model.Ingredient>, equipment:kotlin.collections.List<com.leo.paleorecipes.data.model.Equipment>, length:com.leo.paleorecipes.data.model.Length?) returnType:com.leo.paleorecipes.data.model.Step
i: [kapt] method toString()Ljava/lang/String; -> origin=OTHER element=null descriptor=IrBasedSimpleFunctionDescriptor: FUN GENERATED_DATA_CLASS_MEMBER name:toString visibility:public modality:OPEN <> ($this:com.leo.paleorecipes.data.model.Step) returnType:kotlin.String
i: [kapt] method hashCode()I -> origin=OTHER element=null descriptor=IrBasedSimpleFunctionDescriptor: FUN GENERATED_DATA_CLASS_MEMBER name:hashCode visibility:public modality:OPEN <> ($this:com.leo.paleorecipes.data.model.Step) returnType:kotlin.Int
i: [kapt] method equals(Ljava/lang/Object;)Z -> origin=OTHER element=null descriptor=IrBasedSimpleFunctionDescriptor: FUN GENERATED_DATA_CLASS_MEMBER name:equals visibility:public modality:OPEN <> ($this:com.leo.paleorecipes.data.model.Step, other:kotlin.Any?) returnType:kotlin.Boolean [operator]
i: [kapt] field number:I -> origin=OTHER element=KtParameter descriptor=IrBasedFieldDescriptor: FIELD PROPERTY_BACKING_FIELD name:number type:kotlin.Int visibility:private [final]
i: [kapt] field step:Ljava/lang/String; -> origin=OTHER element=KtParameter descriptor=IrBasedFieldDescriptor: FIELD PROPERTY_BACKING_FIELD name:step type:kotlin.String visibility:private [final]
i: [kapt] field ingredients:Ljava/util/List; -> origin=OTHER element=KtParameter descriptor=IrBasedFieldDescriptor: FIELD PROPERTY_BACKING_FIELD name:ingredients type:kotlin.collections.List<com.leo.paleorecipes.data.model.Ingredient> visibility:private [final]
i: [kapt] field equipment:Ljava/util/List; -> origin=OTHER element=KtParameter descriptor=IrBasedFieldDescriptor: FIELD PROPERTY_BACKING_FIELD name:equipment type:kotlin.collections.List<com.leo.paleorecipes.data.model.Equipment> visibility:private [final]
i: [kapt] field length:Lcom/leo/paleorecipes/data/model/Length; -> origin=OTHER element=KtParameter descriptor=IrBasedFieldDescriptor: FIELD PROPERTY_BACKING_FIELD name:length type:com.leo.paleorecipes.data.model.Length? visibility:private [final]
i: [kapt] class com/leo/paleorecipes/data/model/Length -> origin=OTHER element=KtClass descriptor=IrBasedClassDescriptor: CLASS CLASS name:Length modality:FINAL visibility:public [data] superTypes:[kotlin.Any]
i: [kapt] method <init>(ILjava/lang/String;)V -> origin=OTHER element=KtClass descriptor=IrBasedClassConstructorDescriptor: CONSTRUCTOR visibility:public <> (number:kotlin.Int, unit:kotlin.String) returnType:com.leo.paleorecipes.data.model.Length [primary]
i: [kapt] method getNumber()I -> origin=OTHER element=KtParameter descriptor=IrBasedPropertyGetterDescriptor: FUN DEFAULT_PROPERTY_ACCESSOR name:<get-number> visibility:public modality:FINAL <> ($this:com.leo.paleorecipes.data.model.Length) returnType:kotlin.Int
i: [kapt] method getUnit()Ljava/lang/String; -> origin=OTHER element=KtParameter descriptor=IrBasedPropertyGetterDescriptor: FUN DEFAULT_PROPERTY_ACCESSOR name:<get-unit> visibility:public modality:FINAL <> ($this:com.leo.paleorecipes.data.model.Length) returnType:kotlin.String
i: [kapt] method component1()I -> origin=OTHER element=null descriptor=IrBasedSimpleFunctionDescriptor: FUN GENERATED_DATA_CLASS_MEMBER name:component1 visibility:public modality:FINAL <> ($this:com.leo.paleorecipes.data.model.Length) returnType:kotlin.Int [operator]
i: [kapt] method component2()Ljava/lang/String; -> origin=OTHER element=null descriptor=IrBasedSimpleFunctionDescriptor: FUN GENERATED_DATA_CLASS_MEMBER name:component2 visibility:public modality:FINAL <> ($this:com.leo.paleorecipes.data.model.Length) returnType:kotlin.String [operator]
i: [kapt] method copy(ILjava/lang/String;)Lcom/leo/paleorecipes/data/model/Length; -> origin=OTHER element=null descriptor=IrBasedSimpleFunctionDescriptor: FUN GENERATED_DATA_CLASS_MEMBER name:copy visibility:public modality:FINAL <> ($this:com.leo.paleorecipes.data.model.Length, number:kotlin.Int, unit:kotlin.String) returnType:com.leo.paleorecipes.data.model.Length
i: [kapt] method toString()Ljava/lang/String; -> origin=OTHER element=null descriptor=IrBasedSimpleFunctionDescriptor: FUN GENERATED_DATA_CLASS_MEMBER name:toString visibility:public modality:OPEN <> ($this:com.leo.paleorecipes.data.model.Length) returnType:kotlin.String
i: [kapt] method hashCode()I -> origin=OTHER element=null descriptor=IrBasedSimpleFunctionDescriptor: FUN GENERATED_DATA_CLASS_MEMBER name:hashCode visibility:public modality:OPEN <> ($this:com.leo.paleorecipes.data.model.Length) returnType:kotlin.Int
i: [kapt] method equals(Ljava/lang/Object;)Z -> origin=OTHER element=null descriptor=IrBasedSimpleFunctionDescriptor: FUN GENERATED_DATA_CLASS_MEMBER name:equals visibility:public modality:OPEN <> ($this:com.leo.paleorecipes.data.model.Length, other:kotlin.Any?) returnType:kotlin.Boolean [operator]
i: [kapt] class com/leo/paleorecipes/data/model/Equipment -> origin=OTHER element=KtClass descriptor=IrBasedClassDescriptor: CLASS CLASS name:Equipment modality:FINAL visibility:public [data] superTypes:[kotlin.Any]
i: [kapt] method <init>(ILjava/lang/String;Ljava/lang/String;Ljava/lang/String;Lcom/leo/paleorecipes/data/model/Temperature;)V -> origin=OTHER element=KtClass descriptor=IrBasedClassConstructorDescriptor: CONSTRUCTOR visibility:public <> (id:kotlin.Int, name:kotlin.String, localizedName:kotlin.String?, image:kotlin.String?, temperature:com.leo.paleorecipes.data.model.Temperature?) returnType:com.leo.paleorecipes.data.model.Equipment [primary]
i: [kapt] method <init>(ILjava/lang/String;Ljava/lang/String;Ljava/lang/String;Lcom/leo/paleorecipes/data/model/Temperature;ILkotlin/jvm/internal/DefaultConstructorMarker;)V -> origin=OTHER element=KtClass descriptor=IrBasedClassConstructorDescriptor: CONSTRUCTOR FUNCTION_FOR_DEFAULT_PARAMETER visibility:public <> (id:kotlin.Int, name:kotlin.String, localizedName:kotlin.String?, image:kotlin.String?, temperature:com.leo.paleorecipes.data.model.Temperature?, $mask0:kotlin.Int, $marker:kotlin.jvm.internal.DefaultConstructorMarker?) returnType:com.leo.paleorecipes.data.model.Equipment
i: [kapt] method getId()I -> origin=OTHER element=KtParameter descriptor=IrBasedPropertyGetterDescriptor: FUN DEFAULT_PROPERTY_ACCESSOR name:<get-id> visibility:public modality:FINAL <> ($this:com.leo.paleorecipes.data.model.Equipment) returnType:kotlin.Int
i: [kapt] method getName()Ljava/lang/String; -> origin=OTHER element=KtParameter descriptor=IrBasedPropertyGetterDescriptor: FUN DEFAULT_PROPERTY_ACCESSOR name:<get-name> visibility:public modality:FINAL <> ($this:com.leo.paleorecipes.data.model.Equipment) returnType:kotlin.String
i: [kapt] method getLocalizedName()Ljava/lang/String; -> origin=OTHER element=KtParameter descriptor=IrBasedPropertyGetterDescriptor: FUN DEFAULT_PROPERTY_ACCESSOR name:<get-localizedName> visibility:public modality:FINAL <> ($this:com.leo.paleorecipes.data.model.Equipment) returnType:kotlin.String?
i: [kapt] method getImage()Ljava/lang/String; -> origin=OTHER element=KtParameter descriptor=IrBasedPropertyGetterDescriptor: FUN DEFAULT_PROPERTY_ACCESSOR name:<get-image> visibility:public modality:FINAL <> ($this:com.leo.paleorecipes.data.model.Equipment) returnType:kotlin.String?
i: [kapt] method getTemperature()Lcom/leo/paleorecipes/data/model/Temperature; -> origin=OTHER element=KtParameter descriptor=IrBasedPropertyGetterDescriptor: FUN DEFAULT_PROPERTY_ACCESSOR name:<get-temperature> visibility:public modality:FINAL <> ($this:com.leo.paleorecipes.data.model.Equipment) returnType:com.leo.paleorecipes.data.model.Temperature?
i: [kapt] method component1()I -> origin=OTHER element=null descriptor=IrBasedSimpleFunctionDescriptor: FUN GENERATED_DATA_CLASS_MEMBER name:component1 visibility:public modality:FINAL <> ($this:com.leo.paleorecipes.data.model.Equipment) returnType:kotlin.Int [operator]
i: [kapt] method component2()Ljava/lang/String; -> origin=OTHER element=null descriptor=IrBasedSimpleFunctionDescriptor: FUN GENERATED_DATA_CLASS_MEMBER name:component2 visibility:public modality:FINAL <> ($this:com.leo.paleorecipes.data.model.Equipment) returnType:kotlin.String [operator]
i: [kapt] method component3()Ljava/lang/String; -> origin=OTHER element=null descriptor=IrBasedSimpleFunctionDescriptor: FUN GENERATED_DATA_CLASS_MEMBER name:component3 visibility:public modality:FINAL <> ($this:com.leo.paleorecipes.data.model.Equipment) returnType:kotlin.String? [operator]
i: [kapt] method component4()Ljava/lang/String; -> origin=OTHER element=null descriptor=IrBasedSimpleFunctionDescriptor: FUN GENERATED_DATA_CLASS_MEMBER name:component4 visibility:public modality:FINAL <> ($this:com.leo.paleorecipes.data.model.Equipment) returnType:kotlin.String? [operator]
i: [kapt] method component5()Lcom/leo/paleorecipes/data/model/Temperature; -> origin=OTHER element=null descriptor=IrBasedSimpleFunctionDescriptor: FUN GENERATED_DATA_CLASS_MEMBER name:component5 visibility:public modality:FINAL <> ($this:com.leo.paleorecipes.data.model.Equipment) returnType:com.leo.paleorecipes.data.model.Temperature? [operator]
i: [kapt] method copy(ILjava/lang/String;Ljava/lang/String;Ljava/lang/String;Lcom/leo/paleorecipes/data/model/Temperature;)Lcom/leo/paleorecipes/data/model/Equipment; -> origin=OTHER element=null descriptor=IrBasedSimpleFunctionDescriptor: FUN GENERATED_DATA_CLASS_MEMBER name:copy visibility:public modality:FINAL <> ($this:com.leo.paleorecipes.data.model.Equipment, id:kotlin.Int, name:kotlin.String, localizedName:kotlin.String?, image:kotlin.String?, temperature:com.leo.paleorecipes.data.model.Temperature?) returnType:com.leo.paleorecipes.data.model.Equipment
i: [kapt] method toString()Ljava/lang/String; -> origin=OTHER element=null descriptor=IrBasedSimpleFunctionDescriptor: FUN GENERATED_DATA_CLASS_MEMBER name:toString visibility:public modality:OPEN <> ($this:com.leo.paleorecipes.data.model.Equipment) returnType:kotlin.String
i: [kapt] method hashCode()I -> origin=OTHER element=null descriptor=IrBasedSimpleFunctionDescriptor: FUN GENERATED_DATA_CLASS_MEMBER name:hashCode visibility:public modality:OPEN <> ($this:com.leo.paleorecipes.data.model.Equipment) returnType:kotlin.Int
i: [kapt] method equals(Ljava/lang/Object;)Z -> origin=OTHER element=null descriptor=IrBasedSimpleFunctionDescriptor: FUN GENERATED_DATA_CLASS_MEMBER name:equals visibility:public modality:OPEN <> ($this:com.leo.paleorecipes.data.model.Equipment, other:kotlin.Any?) returnType:kotlin.Boolean [operator]
i: [kapt] field temperature:Lcom/leo/paleorecipes/data/model/Temperature; -> origin=OTHER element=KtParameter descriptor=IrBasedFieldDescriptor: FIELD PROPERTY_BACKING_FIELD name:temperature type:com.leo.paleorecipes.data.model.Temperature? visibility:private [final]
i: [kapt] class com/leo/paleorecipes/data/model/Temperature -> origin=OTHER element=KtClass descriptor=IrBasedClassDescriptor: CLASS CLASS name:Temperature modality:FINAL visibility:public [data] superTypes:[kotlin.Any]
i: [kapt] method <init>(DLjava/lang/String;)V -> origin=OTHER element=KtClass descriptor=IrBasedClassConstructorDescriptor: CONSTRUCTOR visibility:public <> (number:kotlin.Double, unit:kotlin.String) returnType:com.leo.paleorecipes.data.model.Temperature [primary]
i: [kapt] method getNumber()D -> origin=OTHER element=KtParameter descriptor=IrBasedPropertyGetterDescriptor: FUN DEFAULT_PROPERTY_ACCESSOR name:<get-number> visibility:public modality:FINAL <> ($this:com.leo.paleorecipes.data.model.Temperature) returnType:kotlin.Double
i: [kapt] method getUnit()Ljava/lang/String; -> origin=OTHER element=KtParameter descriptor=IrBasedPropertyGetterDescriptor: FUN DEFAULT_PROPERTY_ACCESSOR name:<get-unit> visibility:public modality:FINAL <> ($this:com.leo.paleorecipes.data.model.Temperature) returnType:kotlin.String
i: [kapt] method component1()D -> origin=OTHER element=null descriptor=IrBasedSimpleFunctionDescriptor: FUN GENERATED_DATA_CLASS_MEMBER name:component1 visibility:public modality:FINAL <> ($this:com.leo.paleorecipes.data.model.Temperature) returnType:kotlin.Double [operator]
i: [kapt] method component2()Ljava/lang/String; -> origin=OTHER element=null descriptor=IrBasedSimpleFunctionDescriptor: FUN GENERATED_DATA_CLASS_MEMBER name:component2 visibility:public modality:FINAL <> ($this:com.leo.paleorecipes.data.model.Temperature) returnType:kotlin.String [operator]
i: [kapt] method copy(DLjava/lang/String;)Lcom/leo/paleorecipes/data/model/Temperature; -> origin=OTHER element=null descriptor=IrBasedSimpleFunctionDescriptor: FUN GENERATED_DATA_CLASS_MEMBER name:copy visibility:public modality:FINAL <> ($this:com.leo.paleorecipes.data.model.Temperature, number:kotlin.Double, unit:kotlin.String) returnType:com.leo.paleorecipes.data.model.Temperature
i: [kapt] method toString()Ljava/lang/String; -> origin=OTHER element=null descriptor=IrBasedSimpleFunctionDescriptor: FUN GENERATED_DATA_CLASS_MEMBER name:toString visibility:public modality:OPEN <> ($this:com.leo.paleorecipes.data.model.Temperature) returnType:kotlin.String
i: [kapt] method hashCode()I -> origin=OTHER element=null descriptor=IrBasedSimpleFunctionDescriptor: FUN GENERATED_DATA_CLASS_MEMBER name:hashCode visibility:public modality:OPEN <> ($this:com.leo.paleorecipes.data.model.Temperature) returnType:kotlin.Int
i: [kapt] method equals(Ljava/lang/Object;)Z -> origin=OTHER element=null descriptor=IrBasedSimpleFunctionDescriptor: FUN GENERATED_DATA_CLASS_MEMBER name:equals visibility:public modality:OPEN <> ($this:com.leo.paleorecipes.data.model.Temperature, other:kotlin.Any?) returnType:kotlin.Boolean [operator]
i: [kapt] field number:D -> origin=OTHER element=KtParameter descriptor=IrBasedFieldDescriptor: FIELD PROPERTY_BACKING_FIELD name:number type:kotlin.Double visibility:private [final]
i: [kapt] class com/leo/paleorecipes/data/repository/IngredientRepository -> origin=OTHER element=KtClass descriptor=IrBasedClassDescriptor: CLASS INTERFACE name:IngredientRepository modality:ABSTRACT visibility:public superTypes:[kotlin.Any]
i: [kapt] method addIngredient(Ljava/lang/String;Lkotlin/coroutines/Continuation;)Ljava/lang/Object; -> origin=OTHER element=KtNamedFunction descriptor=IrBasedSimpleFunctionDescriptor: FUN name:addIngredient visibility:public modality:ABSTRACT <> ($this:com.leo.paleorecipes.data.repository.IngredientRepository, ingredient:kotlin.String, $completion:kotlin.coroutines.Continuation<kotlin.Unit>) returnType:kotlin.Any? [suspend]
i: [kapt] method removeIngredient(Ljava/lang/String;Lkotlin/coroutines/Continuation;)Ljava/lang/Object; -> origin=OTHER element=KtNamedFunction descriptor=IrBasedSimpleFunctionDescriptor: FUN name:removeIngredient visibility:public modality:ABSTRACT <> ($this:com.leo.paleorecipes.data.repository.IngredientRepository, ingredient:kotlin.String, $completion:kotlin.coroutines.Continuation<kotlin.Unit>) returnType:kotlin.Any? [suspend]
i: [kapt] method getIngredients()Lkotlinx/coroutines/flow/Flow; -> origin=OTHER element=KtNamedFunction descriptor=IrBasedSimpleFunctionDescriptor: FUN name:getIngredients visibility:public modality:ABSTRACT <> ($this:com.leo.paleorecipes.data.repository.IngredientRepository) returnType:kotlinx.coroutines.flow.Flow<kotlin.collections.List<kotlin.String>>
i: [kapt] class com/leo/paleorecipes/data/repository/IngredientRepositoryImpl -> origin=OTHER element=KtClass descriptor=IrBasedClassDescriptor: CLASS CLASS name:IngredientRepositoryImpl modality:FINAL visibility:public superTypes:[com.leo.paleorecipes.data.repository.IngredientRepository]
i: [kapt] method <init>(Lcom/leo/paleorecipes/data/local/dao/IngredientDao;)V -> origin=OTHER element=KtClass descriptor=IrBasedClassConstructorDescriptor: CONSTRUCTOR visibility:public <> (ingredientDao:com.leo.paleorecipes.data.local.dao.IngredientDao) returnType:com.leo.paleorecipes.data.repository.IngredientRepositoryImpl [primary]
i: [kapt] method addIngredient(Ljava/lang/String;Lkotlin/coroutines/Continuation;)Ljava/lang/Object; -> origin=OTHER element=KtNamedFunction descriptor=IrBasedSimpleFunctionDescriptor: FUN name:addIngredient visibility:public modality:OPEN <> ($this:com.leo.paleorecipes.data.repository.IngredientRepositoryImpl, ingredient:kotlin.String, $completion:kotlin.coroutines.Continuation<kotlin.Unit>) returnType:kotlin.Any? [suspend]
i: [kapt] method removeIngredient(Ljava/lang/String;Lkotlin/coroutines/Continuation;)Ljava/lang/Object; -> origin=OTHER element=KtNamedFunction descriptor=IrBasedSimpleFunctionDescriptor: FUN name:removeIngredient visibility:public modality:OPEN <> ($this:com.leo.paleorecipes.data.repository.IngredientRepositoryImpl, ingredient:kotlin.String, $completion:kotlin.coroutines.Continuation<kotlin.Unit>) returnType:kotlin.Any? [suspend]
i: [kapt] method getIngredients()Lkotlinx/coroutines/flow/Flow; -> origin=OTHER element=KtNamedFunction descriptor=IrBasedSimpleFunctionDescriptor: FUN name:getIngredients visibility:public modality:OPEN <> ($this:com.leo.paleorecipes.data.repository.IngredientRepositoryImpl) returnType:kotlinx.coroutines.flow.Flow<kotlin.collections.List<kotlin.String>>
i: [kapt] field ingredientDao:Lcom/leo/paleorecipes/data/local/dao/IngredientDao; -> origin=OTHER element=KtParameter descriptor=IrBasedFieldDescriptor: FIELD PROPERTY_BACKING_FIELD name:ingredientDao type:com.leo.paleorecipes.data.local.dao.IngredientDao visibility:private [final]
i: [kapt] class com/leo/paleorecipes/data/repository/RecipeRepository -> origin=OTHER element=KtClass descriptor=IrBasedClassDescriptor: CLASS INTERFACE name:RecipeRepository modality:ABSTRACT visibility:public superTypes:[kotlin.Any]
i: [kapt] method getAllPaleoRecipes()Lkotlinx/coroutines/flow/Flow; -> origin=OTHER element=KtNamedFunction descriptor=IrBasedSimpleFunctionDescriptor: FUN name:getAllPaleoRecipes visibility:public modality:ABSTRACT <> ($this:com.leo.paleorecipes.data.repository.RecipeRepository) returnType:kotlinx.coroutines.flow.Flow<kotlin.collections.List<com.leo.paleorecipes.data.Recipe>>
i: [kapt] method getAllUserRecipes()Lkotlinx/coroutines/flow/Flow; -> origin=OTHER element=KtNamedFunction descriptor=IrBasedSimpleFunctionDescriptor: FUN name:getAllUserRecipes visibility:public modality:ABSTRACT <> ($this:com.leo.paleorecipes.data.repository.RecipeRepository) returnType:kotlinx.coroutines.flow.Flow<kotlin.collections.List<com.leo.paleorecipes.data.Recipe>>
i: [kapt] method getRecipeById(JLkotlin/coroutines/Continuation;)Ljava/lang/Object; -> origin=OTHER element=KtNamedFunction descriptor=IrBasedSimpleFunctionDescriptor: FUN name:getRecipeById visibility:public modality:ABSTRACT <> ($this:com.leo.paleorecipes.data.repository.RecipeRepository, id:kotlin.Long, $completion:kotlin.coroutines.Continuation<com.leo.paleorecipes.data.Recipe?>) returnType:kotlin.Any? [suspend]
i: [kapt] method observeRecipeById(J)Lkotlinx/coroutines/flow/Flow; -> origin=OTHER element=KtNamedFunction descriptor=IrBasedSimpleFunctionDescriptor: FUN name:observeRecipeById visibility:public modality:ABSTRACT <> ($this:com.leo.paleorecipes.data.repository.RecipeRepository, recipeId:kotlin.Long) returnType:kotlinx.coroutines.flow.Flow<com.leo.paleorecipes.data.Recipe?>
i: [kapt] method getFavoriteRecipes()Lkotlinx/coroutines/flow/Flow; -> origin=OTHER element=KtNamedFunction descriptor=IrBasedSimpleFunctionDescriptor: FUN name:getFavoriteRecipes visibility:public modality:ABSTRACT <> ($this:com.leo.paleorecipes.data.repository.RecipeRepository) returnType:kotlinx.coroutines.flow.Flow<kotlin.collections.List<com.leo.paleorecipes.data.Recipe>>
i: [kapt] method searchRecipes(Ljava/lang/String;)Lkotlinx/coroutines/flow/Flow; -> origin=OTHER element=KtNamedFunction descriptor=IrBasedSimpleFunctionDescriptor: FUN name:searchRecipes visibility:public modality:ABSTRACT <> ($this:com.leo.paleorecipes.data.repository.RecipeRepository, query:kotlin.String) returnType:kotlinx.coroutines.flow.Flow<kotlin.collections.List<com.leo.paleorecipes.data.Recipe>>
i: [kapt] method searchUserRecipes(Ljava/lang/String;)Lkotlinx/coroutines/flow/Flow; -> origin=OTHER element=KtNamedFunction descriptor=IrBasedSimpleFunctionDescriptor: FUN name:searchUserRecipes visibility:public modality:ABSTRACT <> ($this:com.leo.paleorecipes.data.repository.RecipeRepository, query:kotlin.String) returnType:kotlinx.coroutines.flow.Flow<kotlin.collections.List<com.leo.paleorecipes.data.Recipe>>
i: [kapt] method searchPaleoRecipes(Ljava/lang/String;)Lkotlinx/coroutines/flow/Flow; -> origin=OTHER element=KtNamedFunction descriptor=IrBasedSimpleFunctionDescriptor: FUN name:searchPaleoRecipes visibility:public modality:ABSTRACT <> ($this:com.leo.paleorecipes.data.repository.RecipeRepository, query:kotlin.String) returnType:kotlinx.coroutines.flow.Flow<kotlin.collections.List<com.leo.paleorecipes.data.Recipe>>
i: [kapt] method searchAllRecipes(Ljava/lang/String;)Lkotlinx/coroutines/flow/Flow; -> origin=OTHER element=KtNamedFunction descriptor=IrBasedSimpleFunctionDescriptor: FUN name:searchAllRecipes visibility:public modality:ABSTRACT <> ($this:com.leo.paleorecipes.data.repository.RecipeRepository, query:kotlin.String) returnType:kotlinx.coroutines.flow.Flow<kotlin.collections.List<com.leo.paleorecipes.data.Recipe>>
i: [kapt] method searchRecipesByIngredients(Ljava/util/List;Lkotlin/coroutines/Continuation;)Ljava/lang/Object; -> origin=OTHER element=KtNamedFunction descriptor=IrBasedSimpleFunctionDescriptor: FUN name:searchRecipesByIngredients visibility:public modality:ABSTRACT <> ($this:com.leo.paleorecipes.data.repository.RecipeRepository, ingredients:kotlin.collections.List<kotlin.String>, $completion:kotlin.coroutines.Continuation<kotlin.collections.List<com.leo.paleorecipes.data.Recipe>>) returnType:kotlin.Any? [suspend]
i: [kapt] method insertRecipe(Lcom/leo/paleorecipes/data/Recipe;Lkotlin/coroutines/Continuation;)Ljava/lang/Object; -> origin=OTHER element=KtNamedFunction descriptor=IrBasedSimpleFunctionDescriptor: FUN name:insertRecipe visibility:public modality:ABSTRACT <> ($this:com.leo.paleorecipes.data.repository.RecipeRepository, recipe:com.leo.paleorecipes.data.Recipe, $completion:kotlin.coroutines.Continuation<com.leo.paleorecipes.data.Recipe>) returnType:kotlin.Any? [suspend]
i: [kapt] method updateRecipe(Lcom/leo/paleorecipes/data/Recipe;Lkotlin/coroutines/Continuation;)Ljava/lang/Object; -> origin=OTHER element=KtNamedFunction descriptor=IrBasedSimpleFunctionDescriptor: FUN name:updateRecipe visibility:public modality:ABSTRACT <> ($this:com.leo.paleorecipes.data.repository.RecipeRepository, recipe:com.leo.paleorecipes.data.Recipe, $completion:kotlin.coroutines.Continuation<kotlin.Unit>) returnType:kotlin.Any? [suspend]
i: [kapt] method deleteRecipe(JLkotlin/coroutines/Continuation;)Ljava/lang/Object; -> origin=OTHER element=KtNamedFunction descriptor=IrBasedSimpleFunctionDescriptor: FUN name:deleteRecipe visibility:public modality:ABSTRACT <> ($this:com.leo.paleorecipes.data.repository.RecipeRepository, recipeId:kotlin.Long, $completion:kotlin.coroutines.Continuation<kotlin.Unit>) returnType:kotlin.Any? [suspend]
i: [kapt] method deleteAllRecipes(Lkotlin/coroutines/Continuation;)Ljava/lang/Object; -> origin=OTHER element=KtNamedFunction descriptor=IrBasedSimpleFunctionDescriptor: FUN name:deleteAllRecipes visibility:public modality:ABSTRACT <> ($this:com.leo.paleorecipes.data.repository.RecipeRepository, $completion:kotlin.coroutines.Continuation<kotlin.Unit>) returnType:kotlin.Any? [suspend]
i: [kapt] method getAllRecipesSync(Lkotlin/coroutines/Continuation;)Ljava/lang/Object; -> origin=OTHER element=KtNamedFunction descriptor=IrBasedSimpleFunctionDescriptor: FUN name:getAllRecipesSync visibility:public modality:ABSTRACT <> ($this:com.leo.paleorecipes.data.repository.RecipeRepository, $completion:kotlin.coroutines.Continuation<kotlin.collections.List<com.leo.paleorecipes.data.Recipe>>) returnType:kotlin.Any? [suspend]
i: [kapt] method syncRecipes-gIAlu-s(ZLkotlin/coroutines/Continuation;)Ljava/lang/Object; -> origin=OTHER element=KtNamedFunction descriptor=IrBasedSimpleFunctionDescriptor: FUN name:syncRecipes-gIAlu-s visibility:public modality:ABSTRACT <> ($this:com.leo.paleorecipes.data.repository.RecipeRepository, forceRefresh:kotlin.Boolean, $completion:kotlin.coroutines.Continuation<kotlin.Result<kotlin.Unit>>) returnType:kotlin.Any? [suspend]
i: [kapt] method syncRecipes-gIAlu-s$default(Lcom/leo/paleorecipes/data/repository/RecipeRepository;ZLkotlin/coroutines/Continuation;ILjava/lang/Object;)Ljava/lang/Object; -> origin=OTHER element=KtNamedFunction descriptor=IrBasedSimpleFunctionDescriptor: FUN FUNCTION_FOR_DEFAULT_PARAMETER name:syncRecipes-gIAlu-s$default visibility:public modality:FINAL <> ($this:com.leo.paleorecipes.data.repository.RecipeRepository, forceRefresh:kotlin.Boolean, $completion:kotlin.coroutines.Continuation<kotlin.Result<kotlin.Unit>>, $mask0:kotlin.Int, $handler:kotlin.Any?) returnType:kotlin.Any? [suspend]
i: [kapt] class com/leo/paleorecipes/data/repository/RecipeRepositoryImpl -> origin=OTHER element=KtClass descriptor=IrBasedClassDescriptor: CLASS CLASS name:RecipeRepositoryImpl modality:FINAL visibility:public superTypes:[com.leo.paleorecipes.data.repository.RecipeRepository]
i: [kapt] method <init>(Lcom/leo/paleorecipes/data/RecipeDao;Lcom/leo/paleorecipes/data/api/ApiClient;Lcom/leo/paleorecipes/utils/NetworkMonitor;)V -> origin=OTHER element=KtClass descriptor=IrBasedClassConstructorDescriptor: CONSTRUCTOR visibility:public <> (recipeDao:com.leo.paleorecipes.data.RecipeDao, apiClient:com.leo.paleorecipes.data.api.ApiClient, networkMonitor:com.leo.paleorecipes.utils.NetworkMonitor) returnType:com.leo.paleorecipes.data.repository.RecipeRepositoryImpl [primary]
i: [kapt] method getAllPaleoRecipes()Lkotlinx/coroutines/flow/Flow; -> origin=OTHER element=KtNamedFunction descriptor=IrBasedSimpleFunctionDescriptor: FUN name:getAllPaleoRecipes visibility:public modality:OPEN <> ($this:com.leo.paleorecipes.data.repository.RecipeRepositoryImpl) returnType:kotlinx.coroutines.flow.Flow<kotlin.collections.List<com.leo.paleorecipes.data.Recipe>>
i: [kapt] method getAllUserRecipes()Lkotlinx/coroutines/flow/Flow; -> origin=OTHER element=KtNamedFunction descriptor=IrBasedSimpleFunctionDescriptor: FUN name:getAllUserRecipes visibility:public modality:OPEN <> ($this:com.leo.paleorecipes.data.repository.RecipeRepositoryImpl) returnType:kotlinx.coroutines.flow.Flow<kotlin.collections.List<com.leo.paleorecipes.data.Recipe>>
i: [kapt] method getRecipeById(JLkotlin/coroutines/Continuation;)Ljava/lang/Object; -> origin=OTHER element=KtNamedFunction descriptor=IrBasedSimpleFunctionDescriptor: FUN name:getRecipeById visibility:public modality:OPEN <> ($this:com.leo.paleorecipes.data.repository.RecipeRepositoryImpl, id:kotlin.Long, $completion:kotlin.coroutines.Continuation<com.leo.paleorecipes.data.Recipe?>) returnType:kotlin.Any? [suspend]
i: [kapt] method observeRecipeById(J)Lkotlinx/coroutines/flow/Flow; -> origin=OTHER element=KtNamedFunction descriptor=IrBasedSimpleFunctionDescriptor: FUN name:observeRecipeById visibility:public modality:OPEN <> ($this:com.leo.paleorecipes.data.repository.RecipeRepositoryImpl, recipeId:kotlin.Long) returnType:kotlinx.coroutines.flow.Flow<com.leo.paleorecipes.data.Recipe?>
i: [kapt] method getFavoriteRecipes()Lkotlinx/coroutines/flow/Flow; -> origin=OTHER element=KtNamedFunction descriptor=IrBasedSimpleFunctionDescriptor: FUN name:getFavoriteRecipes visibility:public modality:OPEN <> ($this:com.leo.paleorecipes.data.repository.RecipeRepositoryImpl) returnType:kotlinx.coroutines.flow.Flow<kotlin.collections.List<com.leo.paleorecipes.data.Recipe>>
i: [kapt] method searchRecipes(Ljava/lang/String;)Lkotlinx/coroutines/flow/Flow; -> origin=OTHER element=KtNamedFunction descriptor=IrBasedSimpleFunctionDescriptor: FUN name:searchRecipes visibility:public modality:OPEN <> ($this:com.leo.paleorecipes.data.repository.RecipeRepositoryImpl, query:kotlin.String) returnType:kotlinx.coroutines.flow.Flow<kotlin.collections.List<com.leo.paleorecipes.data.Recipe>>
i: [kapt] method searchUserRecipes(Ljava/lang/String;)Lkotlinx/coroutines/flow/Flow; -> origin=OTHER element=KtNamedFunction descriptor=IrBasedSimpleFunctionDescriptor: FUN name:searchUserRecipes visibility:public modality:OPEN <> ($this:com.leo.paleorecipes.data.repository.RecipeRepositoryImpl, query:kotlin.String) returnType:kotlinx.coroutines.flow.Flow<kotlin.collections.List<com.leo.paleorecipes.data.Recipe>>
i: [kapt] method searchPaleoRecipes(Ljava/lang/String;)Lkotlinx/coroutines/flow/Flow; -> origin=OTHER element=KtNamedFunction descriptor=IrBasedSimpleFunctionDescriptor: FUN name:searchPaleoRecipes visibility:public modality:OPEN <> ($this:com.leo.paleorecipes.data.repository.RecipeRepositoryImpl, query:kotlin.String) returnType:kotlinx.coroutines.flow.Flow<kotlin.collections.List<com.leo.paleorecipes.data.Recipe>>
i: [kapt] method searchAllRecipes(Ljava/lang/String;)Lkotlinx/coroutines/flow/Flow; -> origin=OTHER element=KtNamedFunction descriptor=IrBasedSimpleFunctionDescriptor: FUN name:searchAllRecipes visibility:public modality:OPEN <> ($this:com.leo.paleorecipes.data.repository.RecipeRepositoryImpl, query:kotlin.String) returnType:kotlinx.coroutines.flow.Flow<kotlin.collections.List<com.leo.paleorecipes.data.Recipe>>
i: [kapt] method insertRecipe(Lcom/leo/paleorecipes/data/Recipe;Lkotlin/coroutines/Continuation;)Ljava/lang/Object; -> origin=OTHER element=KtNamedFunction descriptor=IrBasedSimpleFunctionDescriptor: FUN name:insertRecipe visibility:public modality:OPEN <> ($this:com.leo.paleorecipes.data.repository.RecipeRepositoryImpl, recipe:com.leo.paleorecipes.data.Recipe, $completion:kotlin.coroutines.Continuation<com.leo.paleorecipes.data.Recipe>) returnType:kotlin.Any? [suspend]
i: [kapt] method updateRecipe(Lcom/leo/paleorecipes/data/Recipe;Lkotlin/coroutines/Continuation;)Ljava/lang/Object; -> origin=OTHER element=KtNamedFunction descriptor=IrBasedSimpleFunctionDescriptor: FUN name:updateRecipe visibility:public modality:OPEN <> ($this:com.leo.paleorecipes.data.repository.RecipeRepositoryImpl, recipe:com.leo.paleorecipes.data.Recipe, $completion:kotlin.coroutines.Continuation<kotlin.Unit>) returnType:kotlin.Any? [suspend]
i: [kapt] method deleteRecipe(JLkotlin/coroutines/Continuation;)Ljava/lang/Object; -> origin=OTHER element=KtNamedFunction descriptor=IrBasedSimpleFunctionDescriptor: FUN name:deleteRecipe visibility:public modality:OPEN <> ($this:com.leo.paleorecipes.data.repository.RecipeRepositoryImpl, recipeId:kotlin.Long, $completion:kotlin.coroutines.Continuation<kotlin.Unit>) returnType:kotlin.Any? [suspend]
i: [kapt] method deleteAllRecipes(Lkotlin/coroutines/Continuation;)Ljava/lang/Object; -> origin=OTHER element=KtNamedFunction descriptor=IrBasedSimpleFunctionDescriptor: FUN name:deleteAllRecipes visibility:public modality:OPEN <> ($this:com.leo.paleorecipes.data.repository.RecipeRepositoryImpl, $completion:kotlin.coroutines.Continuation<kotlin.Unit>) returnType:kotlin.Any? [suspend]
i: [kapt] method getAllRecipesSync(Lkotlin/coroutines/Continuation;)Ljava/lang/Object; -> origin=OTHER element=KtNamedFunction descriptor=IrBasedSimpleFunctionDescriptor: FUN name:getAllRecipesSync visibility:public modality:OPEN <> ($this:com.leo.paleorecipes.data.repository.RecipeRepositoryImpl, $completion:kotlin.coroutines.Continuation<kotlin.collections.List<com.leo.paleorecipes.data.Recipe>>) returnType:kotlin.Any? [suspend]
i: [kapt] method syncRecipes-gIAlu-s(ZLkotlin/coroutines/Continuation;)Ljava/lang/Object; -> origin=OTHER element=KtNamedFunction descriptor=IrBasedSimpleFunctionDescriptor: FUN name:syncRecipes-gIAlu-s visibility:public modality:OPEN <> ($this:com.leo.paleorecipes.data.repository.RecipeRepositoryImpl, forceRefresh:kotlin.Boolean, $completion:kotlin.coroutines.Continuation<kotlin.Result<kotlin.Unit>>) returnType:kotlin.Any? [suspend]
i: [kapt] method searchRecipesByIngredients(Ljava/util/List;Lkotlin/coroutines/Continuation;)Ljava/lang/Object; -> origin=OTHER element=KtNamedFunction descriptor=IrBasedSimpleFunctionDescriptor: FUN name:searchRecipesByIngredients visibility:public modality:OPEN <> ($this:com.leo.paleorecipes.data.repository.RecipeRepositoryImpl, ingredients:kotlin.collections.List<kotlin.String>, $completion:kotlin.coroutines.Continuation<kotlin.collections.List<com.leo.paleorecipes.data.Recipe>>) returnType:kotlin.Any? [suspend]
i: [kapt] field recipeDao:Lcom/leo/paleorecipes/data/RecipeDao; -> origin=OTHER element=KtParameter descriptor=IrBasedFieldDescriptor: FIELD PROPERTY_BACKING_FIELD name:recipeDao type:com.leo.paleorecipes.data.RecipeDao visibility:private [final]
i: [kapt] field apiClient:Lcom/leo/paleorecipes/data/api/ApiClient; -> origin=OTHER element=KtParameter descriptor=IrBasedFieldDescriptor: FIELD PROPERTY_BACKING_FIELD name:apiClient type:com.leo.paleorecipes.data.api.ApiClient visibility:private [final]
i: [kapt] field networkMonitor:Lcom/leo/paleorecipes/utils/NetworkMonitor; -> origin=OTHER element=KtParameter descriptor=IrBasedFieldDescriptor: FIELD PROPERTY_BACKING_FIELD name:networkMonitor type:com.leo.paleorecipes.utils.NetworkMonitor visibility:private [final]
i: [kapt] class com/leo/paleorecipes/di/AppModule -> origin=OTHER element=KtObjectDeclaration descriptor=IrBasedClassDescriptor: CLASS OBJECT name:AppModule modality:FINAL visibility:public superTypes:[kotlin.Any]
i: [kapt] method <init>()V -> origin=OTHER element=KtObjectDeclaration descriptor=IrBasedClassConstructorDescriptor: CONSTRUCTOR visibility:private <> () returnType:com.leo.paleorecipes.di.AppModule [primary]
i: [kapt] method provideAppDatabase(Landroid/content/Context;)Lcom/leo/paleorecipes/data/AppDatabase; -> origin=OTHER element=KtNamedFunction descriptor=IrBasedSimpleFunctionDescriptor: FUN name:provideAppDatabase visibility:public modality:FINAL <> ($this:com.leo.paleorecipes.di.AppModule, context:android.content.Context) returnType:com.leo.paleorecipes.data.AppDatabase
i: [kapt] method provideRecipeDao(Lcom/leo/paleorecipes/data/AppDatabase;)Lcom/leo/paleorecipes/data/RecipeDao; -> origin=OTHER element=KtNamedFunction descriptor=IrBasedSimpleFunctionDescriptor: FUN name:provideRecipeDao visibility:public modality:FINAL <> ($this:com.leo.paleorecipes.di.AppModule, database:com.leo.paleorecipes.data.AppDatabase) returnType:com.leo.paleorecipes.data.RecipeDao
i: [kapt] method provideRecipeRepository(Lcom/leo/paleorecipes/data/RecipeDao;Lcom/leo/paleorecipes/data/api/ApiClient;Lcom/leo/paleorecipes/utils/NetworkMonitor;)Lcom/leo/paleorecipes/data/repository/RecipeRepository; -> origin=OTHER element=KtNamedFunction descriptor=IrBasedSimpleFunctionDescriptor: FUN name:provideRecipeRepository visibility:public modality:FINAL <> ($this:com.leo.paleorecipes.di.AppModule, recipeDao:com.leo.paleorecipes.data.RecipeDao, apiClient:com.leo.paleorecipes.data.api.ApiClient, networkMonitor:com.leo.paleorecipes.utils.NetworkMonitor) returnType:com.leo.paleorecipes.data.repository.RecipeRepository
i: [kapt] method provideOkHttpClient()Lokhttp3/OkHttpClient; -> origin=OTHER element=KtNamedFunction descriptor=IrBasedSimpleFunctionDescriptor: FUN name:provideOkHttpClient visibility:public modality:FINAL <> ($this:com.leo.paleorecipes.di.AppModule) returnType:okhttp3.OkHttpClient
i: [kapt] method provideRetrofit(Lokhttp3/OkHttpClient;)Lretrofit2/Retrofit; -> origin=OTHER element=KtNamedFunction descriptor=IrBasedSimpleFunctionDescriptor: FUN name:provideRetrofit visibility:public modality:FINAL <> ($this:com.leo.paleorecipes.di.AppModule, okHttpClient:okhttp3.OkHttpClient) returnType:retrofit2.Retrofit
i: [kapt] method provideSpoonacularApiService(Lretrofit2/Retrofit;)Lcom/leo/paleorecipes/data/api/SpoonacularApiService; -> origin=OTHER element=KtNamedFunction descriptor=IrBasedSimpleFunctionDescriptor: FUN name:provideSpoonacularApiService visibility:public modality:FINAL <> ($this:com.leo.paleorecipes.di.AppModule, retrofit:retrofit2.Retrofit) returnType:com.leo.paleorecipes.data.api.SpoonacularApiService
i: [kapt] method provideApiClient(Lcom/leo/paleorecipes/data/api/SpoonacularApiService;)Lcom/leo/paleorecipes/data/api/ApiClient; -> origin=OTHER element=KtNamedFunction descriptor=IrBasedSimpleFunctionDescriptor: FUN name:provideApiClient visibility:public modality:FINAL <> ($this:com.leo.paleorecipes.di.AppModule, apiService:com.leo.paleorecipes.data.api.SpoonacularApiService) returnType:com.leo.paleorecipes.data.api.ApiClient
i: [kapt] method provideNetworkMonitor(Landroid/content/Context;)Lcom/leo/paleorecipes/utils/NetworkMonitor; -> origin=OTHER element=KtNamedFunction descriptor=IrBasedSimpleFunctionDescriptor: FUN name:provideNetworkMonitor visibility:public modality:FINAL <> ($this:com.leo.paleorecipes.di.AppModule, context:android.content.Context) returnType:com.leo.paleorecipes.utils.NetworkMonitor
i: [kapt] method provideIoDispatcher()Lkotlinx/coroutines/CoroutineDispatcher; -> origin=OTHER element=KtNamedFunction descriptor=IrBasedSimpleFunctionDescriptor: FUN name:provideIoDispatcher visibility:public modality:FINAL <> ($this:com.leo.paleorecipes.di.AppModule) returnType:kotlinx.coroutines.CoroutineDispatcher
i: [kapt] method provideMainDispatcher()Lkotlinx/coroutines/CoroutineDispatcher; -> origin=OTHER element=KtNamedFunction descriptor=IrBasedSimpleFunctionDescriptor: FUN name:provideMainDispatcher visibility:public modality:FINAL <> ($this:com.leo.paleorecipes.di.AppModule) returnType:kotlinx.coroutines.CoroutineDispatcher
i: [kapt] method provideWorkManager(Landroid/content/Context;)Landroidx/work/WorkManager; -> origin=OTHER element=KtNamedFunction descriptor=IrBasedSimpleFunctionDescriptor: FUN name:provideWorkManager visibility:public modality:FINAL <> ($this:com.leo.paleorecipes.di.AppModule, context:android.content.Context) returnType:androidx.work.WorkManager
i: [kapt] field INSTANCE:Lcom/leo/paleorecipes/di/AppModule; -> origin=OTHER element=null descriptor=IrBasedFieldDescriptor: FIELD FIELD_FOR_OBJECT_INSTANCE name:INSTANCE type:com.leo.paleorecipes.di.AppModule visibility:public [final,static]
i: [kapt] class com/leo/paleorecipes/di/DatabaseModule -> origin=OTHER element=KtObjectDeclaration descriptor=IrBasedClassDescriptor: CLASS OBJECT name:DatabaseModule modality:FINAL visibility:public superTypes:[kotlin.Any]
i: [kapt] method <init>()V -> origin=OTHER element=KtObjectDeclaration descriptor=IrBasedClassConstructorDescriptor: CONSTRUCTOR visibility:private <> () returnType:com.leo.paleorecipes.di.DatabaseModule [primary]
i: [kapt] method provideAppDatabase(Landroid/content/Context;)Lcom/leo/paleorecipes/data/AppDatabase; -> origin=OTHER element=KtNamedFunction descriptor=IrBasedSimpleFunctionDescriptor: FUN name:provideAppDatabase visibility:public modality:FINAL <> ($this:com.leo.paleorecipes.di.DatabaseModule, context:android.content.Context) returnType:com.leo.paleorecipes.data.AppDatabase
i: [kapt] method provideRecipeDao(Lcom/leo/paleorecipes/data/AppDatabase;)Lcom/leo/paleorecipes/data/RecipeDao; -> origin=OTHER element=KtNamedFunction descriptor=IrBasedSimpleFunctionDescriptor: FUN name:provideRecipeDao visibility:public modality:FINAL <> ($this:com.leo.paleorecipes.di.DatabaseModule, database:com.leo.paleorecipes.data.AppDatabase) returnType:com.leo.paleorecipes.data.RecipeDao
i: [kapt] method provideIngredientDao(Lcom/leo/paleorecipes/data/AppDatabase;)Lcom/leo/paleorecipes/data/local/dao/IngredientDao; -> origin=OTHER element=KtNamedFunction descriptor=IrBasedSimpleFunctionDescriptor: FUN name:provideIngredientDao visibility:public modality:FINAL <> ($this:com.leo.paleorecipes.di.DatabaseModule, database:com.leo.paleorecipes.data.AppDatabase) returnType:com.leo.paleorecipes.data.local.dao.IngredientDao
i: [kapt] method provideIngredientRepository(Lcom/leo/paleorecipes/data/local/dao/IngredientDao;)Lcom/leo/paleorecipes/data/repository/IngredientRepository; -> origin=OTHER element=KtNamedFunction descriptor=IrBasedSimpleFunctionDescriptor: FUN name:provideIngredientRepository visibility:public modality:FINAL <> ($this:com.leo.paleorecipes.di.DatabaseModule, ingredientDao:com.leo.paleorecipes.data.local.dao.IngredientDao) returnType:com.leo.paleorecipes.data.repository.IngredientRepository
i: [kapt] field INSTANCE:Lcom/leo/paleorecipes/di/DatabaseModule; -> origin=OTHER element=null descriptor=IrBasedFieldDescriptor: FIELD FIELD_FOR_OBJECT_INSTANCE name:INSTANCE type:com.leo.paleorecipes.di.DatabaseModule visibility:public [final,static]
i: [kapt] class com/leo/paleorecipes/di/HiltWorkerFactory -> origin=OTHER element=KtClass descriptor=IrBasedClassDescriptor: CLASS CLASS name:HiltWorkerFactory modality:FINAL visibility:public superTypes:[androidx.work.WorkerFactory]
i: [kapt] method <init>(Ljava/util/Map;)V -> origin=OTHER element=KtClass descriptor=IrBasedClassConstructorDescriptor: CONSTRUCTOR visibility:public <> (workerFactories:kotlin.collections.Map<kotlin.String, @[JvmSuppressWildcards(suppress = <null>)] javax.inject.Provider<com.leo.paleorecipes.workers.ChildWorkerFactory>>) returnType:com.leo.paleorecipes.di.HiltWorkerFactory [primary]
i: [kapt] method createWorker(Landroid/content/Context;Ljava/lang/String;Landroidx/work/WorkerParameters;)Landroidx/work/ListenableWorker; -> origin=OTHER element=KtNamedFunction descriptor=IrBasedSimpleFunctionDescriptor: FUN name:createWorker visibility:public modality:OPEN <> ($this:com.leo.paleorecipes.di.HiltWorkerFactory, appContext:android.content.Context, workerClassName:kotlin.String, workerParameters:androidx.work.WorkerParameters) returnType:androidx.work.ListenableWorker?
i: [kapt] field workerFactories:Ljava/util/Map; -> origin=OTHER element=KtParameter descriptor=IrBasedFieldDescriptor: FIELD PROPERTY_BACKING_FIELD name:workerFactories type:kotlin.collections.Map<kotlin.String, @[JvmSuppressWildcards(suppress = <null>)] javax.inject.Provider<com.leo.paleorecipes.workers.ChildWorkerFactory>> visibility:private [final]
i: [kapt] class com/leo/paleorecipes/di/WorkerFactoryModule -> origin=OTHER element=KtClass descriptor=IrBasedClassDescriptor: CLASS CLASS name:WorkerFactoryModule modality:ABSTRACT visibility:public superTypes:[kotlin.Any]
i: [kapt] method <init>()V -> origin=OTHER element=KtClass descriptor=IrBasedClassConstructorDescriptor: CONSTRUCTOR visibility:public <> () returnType:com.leo.paleorecipes.di.WorkerFactoryModule [primary]
i: [kapt] method bindSyncRecipesWorkerFactory(Lcom/leo/paleorecipes/workers/SyncRecipesWorker$Factory;)Lcom/leo/paleorecipes/workers/ChildWorkerFactory; -> origin=OTHER element=KtNamedFunction descriptor=IrBasedSimpleFunctionDescriptor: FUN name:bindSyncRecipesWorkerFactory visibility:public modality:ABSTRACT <> ($this:com.leo.paleorecipes.di.WorkerFactoryModule, factory:com.leo.paleorecipes.workers.SyncRecipesWorker.Factory) returnType:com.leo.paleorecipes.workers.ChildWorkerFactory
i: [kapt] field Companion:Lcom/leo/paleorecipes/di/WorkerFactoryModule$Companion; -> origin=OTHER element=null descriptor=IrBasedFieldDescriptor: FIELD FIELD_FOR_OBJECT_INSTANCE name:Companion type:com.leo.paleorecipes.di.WorkerFactoryModule.Companion visibility:public [final,static]
i: [kapt] field SYNC_RECIPES_WORKER:Ljava/lang/String; -> origin=OTHER element=KtProperty descriptor=IrBasedFieldDescriptor: FIELD COMPANION_PROPERTY_BACKING_FIELD name:SYNC_RECIPES_WORKER type:kotlin.String visibility:private [final,static]
i: [kapt] class com/leo/paleorecipes/di/WorkerFactoryModule$Companion -> origin=OTHER element=KtObjectDeclaration descriptor=IrBasedClassDescriptor: CLASS OBJECT name:Companion modality:FINAL visibility:public [companion] superTypes:[kotlin.Any]
i: [kapt] method <init>()V -> origin=OTHER element=KtObjectDeclaration descriptor=IrBasedClassConstructorDescriptor: CONSTRUCTOR visibility:private <> () returnType:com.leo.paleorecipes.di.WorkerFactoryModule.Companion [primary]
i: [kapt] method provideHiltWorkerFactory(Ljava/util/Map;)Landroidx/work/WorkerFactory; -> origin=OTHER element=KtNamedFunction descriptor=IrBasedSimpleFunctionDescriptor: FUN name:provideHiltWorkerFactory visibility:public modality:FINAL <> ($this:com.leo.paleorecipes.di.WorkerFactoryModule.Companion, workerFactories:kotlin.collections.Map<kotlin.String, @[JvmSuppressWildcards(suppress = <null>)] javax.inject.Provider<com.leo.paleorecipes.workers.ChildWorkerFactory>>) returnType:androidx.work.WorkerFactory
i: [kapt] method <init>(Lkotlin/jvm/internal/DefaultConstructorMarker;)V -> origin=OTHER element=null descriptor=IrBasedClassConstructorDescriptor: CONSTRUCTOR SYNTHETIC_ACCESSOR visibility:public <> ($constructor_marker:kotlin.jvm.internal.DefaultConstructorMarker?) returnType:com.leo.paleorecipes.di.WorkerFactoryModule.Companion
i: [kapt] class com/leo/paleorecipes/di/RepositoryModule -> origin=OTHER element=KtClass descriptor=IrBasedClassDescriptor: CLASS CLASS name:RepositoryModule modality:ABSTRACT visibility:public superTypes:[kotlin.Any]
i: [kapt] method <init>()V -> origin=OTHER element=KtClass descriptor=IrBasedClassConstructorDescriptor: CONSTRUCTOR visibility:public <> () returnType:com.leo.paleorecipes.di.RepositoryModule [primary]
i: [kapt] class com/leo/paleorecipes/di/TestModule -> origin=OTHER element=KtObjectDeclaration descriptor=IrBasedClassDescriptor: CLASS OBJECT name:TestModule modality:FINAL visibility:public superTypes:[kotlin.Any]
i: [kapt] method <init>()V -> origin=OTHER element=KtObjectDeclaration descriptor=IrBasedClassConstructorDescriptor: CONSTRUCTOR visibility:private <> () returnType:com.leo.paleorecipes.di.TestModule [primary]
i: [kapt] method provideTestString()Ljava/lang/String; -> origin=OTHER element=KtNamedFunction descriptor=IrBasedSimpleFunctionDescriptor: FUN name:provideTestString visibility:public modality:FINAL <> ($this:com.leo.paleorecipes.di.TestModule) returnType:kotlin.String
i: [kapt] field INSTANCE:Lcom/leo/paleorecipes/di/TestModule; -> origin=OTHER element=null descriptor=IrBasedFieldDescriptor: FIELD FIELD_FOR_OBJECT_INSTANCE name:INSTANCE type:com.leo.paleorecipes.di.TestModule visibility:public [final,static]
i: [kapt] class com/leo/paleorecipes/di/WorkerHelperModule -> origin=OTHER element=KtObjectDeclaration descriptor=IrBasedClassDescriptor: CLASS OBJECT name:WorkerHelperModule modality:FINAL visibility:public superTypes:[kotlin.Any]
i: [kapt] method <init>()V -> origin=OTHER element=KtObjectDeclaration descriptor=IrBasedClassConstructorDescriptor: CONSTRUCTOR visibility:private <> () returnType:com.leo.paleorecipes.di.WorkerHelperModule [primary]
i: [kapt] method provideWorkManager(Landroid/content/Context;)Landroidx/work/WorkManager; -> origin=OTHER element=KtNamedFunction descriptor=IrBasedSimpleFunctionDescriptor: FUN name:provideWorkManager visibility:public modality:FINAL <> ($this:com.leo.paleorecipes.di.WorkerHelperModule, context:android.content.Context) returnType:androidx.work.WorkManager
i: [kapt] method provideWorkManagerHelper(Landroidx/work/WorkManager;)Lcom/leo/paleorecipes/workers/WorkManagerHelper; -> origin=OTHER element=KtNamedFunction descriptor=IrBasedSimpleFunctionDescriptor: FUN name:provideWorkManagerHelper visibility:public modality:FINAL <> ($this:com.leo.paleorecipes.di.WorkerHelperModule, workManager:androidx.work.WorkManager) returnType:com.leo.paleorecipes.workers.WorkManagerHelper
i: [kapt] field INSTANCE:Lcom/leo/paleorecipes/di/WorkerHelperModule; -> origin=OTHER element=null descriptor=IrBasedFieldDescriptor: FIELD FIELD_FOR_OBJECT_INSTANCE name:INSTANCE type:com.leo.paleorecipes.di.WorkerHelperModule visibility:public [final,static]
i: [kapt] class com/leo/paleorecipes/di/WorkerModule -> origin=OTHER element=KtClass descriptor=IrBasedClassDescriptor: CLASS CLASS name:WorkerModule modality:ABSTRACT visibility:public superTypes:[kotlin.Any]
i: [kapt] method <init>()V -> origin=OTHER element=KtClass descriptor=IrBasedClassConstructorDescriptor: CONSTRUCTOR visibility:public <> () returnType:com.leo.paleorecipes.di.WorkerModule [primary]
i: [kapt] method bindSyncRecipesWorkerFactory(Lcom/leo/paleorecipes/workers/SyncRecipesWorker$Factory;)Lcom/leo/paleorecipes/workers/ChildWorkerFactory; -> origin=OTHER element=KtNamedFunction descriptor=IrBasedSimpleFunctionDescriptor: FUN name:bindSyncRecipesWorkerFactory visibility:public modality:ABSTRACT <> ($this:com.leo.paleorecipes.di.WorkerModule, factory:com.leo.paleorecipes.workers.SyncRecipesWorker.Factory) returnType:com.leo.paleorecipes.workers.ChildWorkerFactory
i: [kapt] field Companion:Lcom/leo/paleorecipes/di/WorkerModule$Companion; -> origin=OTHER element=null descriptor=IrBasedFieldDescriptor: FIELD FIELD_FOR_OBJECT_INSTANCE name:Companion type:com.leo.paleorecipes.di.WorkerModule.Companion visibility:public [final,static]
i: [kapt] class com/leo/paleorecipes/di/WorkerModule$Companion -> origin=OTHER element=KtObjectDeclaration descriptor=IrBasedClassDescriptor: CLASS OBJECT name:Companion modality:FINAL visibility:public [companion] superTypes:[kotlin.Any]
i: [kapt] method <init>()V -> origin=OTHER element=KtObjectDeclaration descriptor=IrBasedClassConstructorDescriptor: CONSTRUCTOR visibility:private <> () returnType:com.leo.paleorecipes.di.WorkerModule.Companion [primary]
i: [kapt] method provideWorkManager(Landroid/content/Context;)Landroidx/work/WorkManager; -> origin=OTHER element=KtNamedFunction descriptor=IrBasedSimpleFunctionDescriptor: FUN name:provideWorkManager visibility:public modality:FINAL <> ($this:com.leo.paleorecipes.di.WorkerModule.Companion, context:android.content.Context) returnType:androidx.work.WorkManager
i: [kapt] method <init>(Lkotlin/jvm/internal/DefaultConstructorMarker;)V -> origin=OTHER element=null descriptor=IrBasedClassConstructorDescriptor: CONSTRUCTOR SYNTHETIC_ACCESSOR visibility:public <> ($constructor_marker:kotlin.jvm.internal.DefaultConstructorMarker?) returnType:com.leo.paleorecipes.di.WorkerModule.Companion
i: [kapt] class com/leo/paleorecipes/network/SpoonacularApi -> origin=OTHER element=KtClass descriptor=IrBasedClassDescriptor: CLASS CLASS name:SpoonacularApi modality:FINAL visibility:public superTypes:[kotlin.Any]
i: [kapt] method <init>(Lcom/leo/paleorecipes/network/SpoonacularService;)V -> origin=OTHER element=KtClass descriptor=IrBasedClassConstructorDescriptor: CONSTRUCTOR visibility:public <> (service:com.leo.paleorecipes.network.SpoonacularService) returnType:com.leo.paleorecipes.network.SpoonacularApi [primary]
i: [kapt] method searchRecipesByIngredients(Ljava/lang/String;ILjava/lang/String;ZILkotlin/coroutines/Continuation;)Ljava/lang/Object; -> origin=OTHER element=KtNamedFunction descriptor=IrBasedSimpleFunctionDescriptor: FUN name:searchRecipesByIngredients visibility:public modality:FINAL <> ($this:com.leo.paleorecipes.network.SpoonacularApi, ingredients:kotlin.String, number:kotlin.Int, apiKey:kotlin.String, ignorePantry:kotlin.Boolean, ranking:kotlin.Int, $completion:kotlin.coroutines.Continuation<kotlin.collections.List<com.leo.paleorecipes.data.model.Recipe>>) returnType:kotlin.Any? [suspend]
i: [kapt] method searchRecipesByIngredients$default(Lcom/leo/paleorecipes/network/SpoonacularApi;Ljava/lang/String;ILjava/lang/String;ZILkotlin/coroutines/Continuation;ILjava/lang/Object;)Ljava/lang/Object; -> origin=OTHER element=KtNamedFunction descriptor=IrBasedSimpleFunctionDescriptor: FUN FUNCTION_FOR_DEFAULT_PARAMETER name:searchRecipesByIngredients$default visibility:public modality:FINAL <> ($this:com.leo.paleorecipes.network.SpoonacularApi, ingredients:kotlin.String, number:kotlin.Int, apiKey:kotlin.String, ignorePantry:kotlin.Boolean, ranking:kotlin.Int, $completion:kotlin.coroutines.Continuation<kotlin.collections.List<com.leo.paleorecipes.data.model.Recipe>>, $mask0:kotlin.Int, $handler:kotlin.Any?) returnType:kotlin.Any? [suspend]
i: [kapt] method getRecipeInformation(ILjava/lang/String;ZLkotlin/coroutines/Continuation;)Ljava/lang/Object; -> origin=OTHER element=KtNamedFunction descriptor=IrBasedSimpleFunctionDescriptor: FUN name:getRecipeInformation visibility:public modality:FINAL <> ($this:com.leo.paleorecipes.network.SpoonacularApi, id:kotlin.Int, apiKey:kotlin.String, includeNutrition:kotlin.Boolean, $completion:kotlin.coroutines.Continuation<com.leo.paleorecipes.data.model.RecipeDetail>) returnType:kotlin.Any? [suspend]
i: [kapt] method getRecipeInformation$default(Lcom/leo/paleorecipes/network/SpoonacularApi;ILjava/lang/String;ZLkotlin/coroutines/Continuation;ILjava/lang/Object;)Ljava/lang/Object; -> origin=OTHER element=KtNamedFunction descriptor=IrBasedSimpleFunctionDescriptor: FUN FUNCTION_FOR_DEFAULT_PARAMETER name:getRecipeInformation$default visibility:public modality:FINAL <> ($this:com.leo.paleorecipes.network.SpoonacularApi, id:kotlin.Int, apiKey:kotlin.String, includeNutrition:kotlin.Boolean, $completion:kotlin.coroutines.Continuation<com.leo.paleorecipes.data.model.RecipeDetail>, $mask0:kotlin.Int, $handler:kotlin.Any?) returnType:kotlin.Any? [suspend]
i: [kapt] field service:Lcom/leo/paleorecipes/network/SpoonacularService; -> origin=OTHER element=KtParameter descriptor=IrBasedFieldDescriptor: FIELD PROPERTY_BACKING_FIELD name:service type:com.leo.paleorecipes.network.SpoonacularService visibility:private [final]
i: [kapt] class com/leo/paleorecipes/network/SpoonacularService -> origin=OTHER element=KtClass descriptor=IrBasedClassDescriptor: CLASS INTERFACE name:SpoonacularService modality:ABSTRACT visibility:public superTypes:[kotlin.Any]
i: [kapt] method searchRecipesByIngredients(Ljava/lang/String;ILjava/lang/String;ZILkotlin/coroutines/Continuation;)Ljava/lang/Object; -> origin=OTHER element=KtNamedFunction descriptor=IrBasedSimpleFunctionDescriptor: FUN name:searchRecipesByIngredients visibility:public modality:ABSTRACT <> ($this:com.leo.paleorecipes.network.SpoonacularService, ingredients:kotlin.String, number:kotlin.Int, apiKey:kotlin.String, ignorePantry:kotlin.Boolean, ranking:kotlin.Int, $completion:kotlin.coroutines.Continuation<kotlin.collections.List<com.leo.paleorecipes.data.model.Recipe>>) returnType:kotlin.Any? [suspend]
i: [kapt] method searchRecipesByIngredients$default(Lcom/leo/paleorecipes/network/SpoonacularService;Ljava/lang/String;ILjava/lang/String;ZILkotlin/coroutines/Continuation;ILjava/lang/Object;)Ljava/lang/Object; -> origin=OTHER element=KtNamedFunction descriptor=IrBasedSimpleFunctionDescriptor: FUN FUNCTION_FOR_DEFAULT_PARAMETER name:searchRecipesByIngredients$default visibility:public modality:FINAL <> ($this:com.leo.paleorecipes.network.SpoonacularService, ingredients:kotlin.String, number:kotlin.Int, apiKey:kotlin.String, ignorePantry:kotlin.Boolean, ranking:kotlin.Int, $completion:kotlin.coroutines.Continuation<kotlin.collections.List<com.leo.paleorecipes.data.model.Recipe>>, $mask0:kotlin.Int, $handler:kotlin.Any?) returnType:kotlin.Any? [suspend]
i: [kapt] method getRecipeInformation(ILjava/lang/String;ZLkotlin/coroutines/Continuation;)Ljava/lang/Object; -> origin=OTHER element=KtNamedFunction descriptor=IrBasedSimpleFunctionDescriptor: FUN name:getRecipeInformation visibility:public modality:ABSTRACT <> ($this:com.leo.paleorecipes.network.SpoonacularService, id:kotlin.Int, apiKey:kotlin.String, includeNutrition:kotlin.Boolean, $completion:kotlin.coroutines.Continuation<com.leo.paleorecipes.data.model.RecipeDetail>) returnType:kotlin.Any? [suspend]
i: [kapt] method getRecipeInformation$default(Lcom/leo/paleorecipes/network/SpoonacularService;ILjava/lang/String;ZLkotlin/coroutines/Continuation;ILjava/lang/Object;)Ljava/lang/Object; -> origin=OTHER element=KtNamedFunction descriptor=IrBasedSimpleFunctionDescriptor: FUN FUNCTION_FOR_DEFAULT_PARAMETER name:getRecipeInformation$default visibility:public modality:FINAL <> ($this:com.leo.paleorecipes.network.SpoonacularService, id:kotlin.Int, apiKey:kotlin.String, includeNutrition:kotlin.Boolean, $completion:kotlin.coroutines.Continuation<com.leo.paleorecipes.data.model.RecipeDetail>, $mask0:kotlin.Int, $handler:kotlin.Any?) returnType:kotlin.Any? [suspend]
i: [kapt] class com/leo/paleorecipes/network/RecipeDetailResponse -> origin=OTHER element=KtClass descriptor=IrBasedClassDescriptor: CLASS CLASS name:RecipeDetailResponse modality:FINAL visibility:public [data] superTypes:[kotlin.Any]
i: [kapt] method <init>(ILjava/lang/String;Ljava/lang/String;Ljava/lang/String;Ljava/lang/String;Ljava/util/List;II)V -> origin=OTHER element=KtClass descriptor=IrBasedClassConstructorDescriptor: CONSTRUCTOR visibility:public <> (id:kotlin.Int, title:kotlin.String, image:kotlin.String?, summary:kotlin.String, instructions:kotlin.String, extendedIngredients:kotlin.collections.List<com.leo.paleorecipes.network.ExtendedIngredient>, readyInMinutes:kotlin.Int, servings:kotlin.Int) returnType:com.leo.paleorecipes.network.RecipeDetailResponse [primary]
i: [kapt] method getId()I -> origin=OTHER element=KtParameter descriptor=IrBasedPropertyGetterDescriptor: FUN DEFAULT_PROPERTY_ACCESSOR name:<get-id> visibility:public modality:FINAL <> ($this:com.leo.paleorecipes.network.RecipeDetailResponse) returnType:kotlin.Int
i: [kapt] method getTitle()Ljava/lang/String; -> origin=OTHER element=KtParameter descriptor=IrBasedPropertyGetterDescriptor: FUN DEFAULT_PROPERTY_ACCESSOR name:<get-title> visibility:public modality:FINAL <> ($this:com.leo.paleorecipes.network.RecipeDetailResponse) returnType:kotlin.String
i: [kapt] method getImage()Ljava/lang/String; -> origin=OTHER element=KtParameter descriptor=IrBasedPropertyGetterDescriptor: FUN DEFAULT_PROPERTY_ACCESSOR name:<get-image> visibility:public modality:FINAL <> ($this:com.leo.paleorecipes.network.RecipeDetailResponse) returnType:kotlin.String?
i: [kapt] method getSummary()Ljava/lang/String; -> origin=OTHER element=KtParameter descriptor=IrBasedPropertyGetterDescriptor: FUN DEFAULT_PROPERTY_ACCESSOR name:<get-summary> visibility:public modality:FINAL <> ($this:com.leo.paleorecipes.network.RecipeDetailResponse) returnType:kotlin.String
i: [kapt] method getInstructions()Ljava/lang/String; -> origin=OTHER element=KtParameter descriptor=IrBasedPropertyGetterDescriptor: FUN DEFAULT_PROPERTY_ACCESSOR name:<get-instructions> visibility:public modality:FINAL <> ($this:com.leo.paleorecipes.network.RecipeDetailResponse) returnType:kotlin.String
i: [kapt] method getExtendedIngredients()Ljava/util/List; -> origin=OTHER element=KtParameter descriptor=IrBasedPropertyGetterDescriptor: FUN DEFAULT_PROPERTY_ACCESSOR name:<get-extendedIngredients> visibility:public modality:FINAL <> ($this:com.leo.paleorecipes.network.RecipeDetailResponse) returnType:kotlin.collections.List<com.leo.paleorecipes.network.ExtendedIngredient>
i: [kapt] method getReadyInMinutes()I -> origin=OTHER element=KtParameter descriptor=IrBasedPropertyGetterDescriptor: FUN DEFAULT_PROPERTY_ACCESSOR name:<get-readyInMinutes> visibility:public modality:FINAL <> ($this:com.leo.paleorecipes.network.RecipeDetailResponse) returnType:kotlin.Int
i: [kapt] method getServings()I -> origin=OTHER element=KtParameter descriptor=IrBasedPropertyGetterDescriptor: FUN DEFAULT_PROPERTY_ACCESSOR name:<get-servings> visibility:public modality:FINAL <> ($this:com.leo.paleorecipes.network.RecipeDetailResponse) returnType:kotlin.Int
i: [kapt] method component1()I -> origin=OTHER element=null descriptor=IrBasedSimpleFunctionDescriptor: FUN GENERATED_DATA_CLASS_MEMBER name:component1 visibility:public modality:FINAL <> ($this:com.leo.paleorecipes.network.RecipeDetailResponse) returnType:kotlin.Int [operator]
i: [kapt] method component2()Ljava/lang/String; -> origin=OTHER element=null descriptor=IrBasedSimpleFunctionDescriptor: FUN GENERATED_DATA_CLASS_MEMBER name:component2 visibility:public modality:FINAL <> ($this:com.leo.paleorecipes.network.RecipeDetailResponse) returnType:kotlin.String [operator]
i: [kapt] method component3()Ljava/lang/String; -> origin=OTHER element=null descriptor=IrBasedSimpleFunctionDescriptor: FUN GENERATED_DATA_CLASS_MEMBER name:component3 visibility:public modality:FINAL <> ($this:com.leo.paleorecipes.network.RecipeDetailResponse) returnType:kotlin.String? [operator]
i: [kapt] method component4()Ljava/lang/String; -> origin=OTHER element=null descriptor=IrBasedSimpleFunctionDescriptor: FUN GENERATED_DATA_CLASS_MEMBER name:component4 visibility:public modality:FINAL <> ($this:com.leo.paleorecipes.network.RecipeDetailResponse) returnType:kotlin.String [operator]
i: [kapt] method component5()Ljava/lang/String; -> origin=OTHER element=null descriptor=IrBasedSimpleFunctionDescriptor: FUN GENERATED_DATA_CLASS_MEMBER name:component5 visibility:public modality:FINAL <> ($this:com.leo.paleorecipes.network.RecipeDetailResponse) returnType:kotlin.String [operator]
i: [kapt] method component6()Ljava/util/List; -> origin=OTHER element=null descriptor=IrBasedSimpleFunctionDescriptor: FUN GENERATED_DATA_CLASS_MEMBER name:component6 visibility:public modality:FINAL <> ($this:com.leo.paleorecipes.network.RecipeDetailResponse) returnType:kotlin.collections.List<com.leo.paleorecipes.network.ExtendedIngredient> [operator]
i: [kapt] method component7()I -> origin=OTHER element=null descriptor=IrBasedSimpleFunctionDescriptor: FUN GENERATED_DATA_CLASS_MEMBER name:component7 visibility:public modality:FINAL <> ($this:com.leo.paleorecipes.network.RecipeDetailResponse) returnType:kotlin.Int [operator]
i: [kapt] method component8()I -> origin=OTHER element=null descriptor=IrBasedSimpleFunctionDescriptor: FUN GENERATED_DATA_CLASS_MEMBER name:component8 visibility:public modality:FINAL <> ($this:com.leo.paleorecipes.network.RecipeDetailResponse) returnType:kotlin.Int [operator]
i: [kapt] method copy(ILjava/lang/String;Ljava/lang/String;Ljava/lang/String;Ljava/lang/String;Ljava/util/List;II)Lcom/leo/paleorecipes/network/RecipeDetailResponse; -> origin=OTHER element=null descriptor=IrBasedSimpleFunctionDescriptor: FUN GENERATED_DATA_CLASS_MEMBER name:copy visibility:public modality:FINAL <> ($this:com.leo.paleorecipes.network.RecipeDetailResponse, id:kotlin.Int, title:kotlin.String, image:kotlin.String?, summary:kotlin.String, instructions:kotlin.String, extendedIngredients:kotlin.collections.List<com.leo.paleorecipes.network.ExtendedIngredient>, readyInMinutes:kotlin.Int, servings:kotlin.Int) returnType:com.leo.paleorecipes.network.RecipeDetailResponse
i: [kapt] method toString()Ljava/lang/String; -> origin=OTHER element=null descriptor=IrBasedSimpleFunctionDescriptor: FUN GENERATED_DATA_CLASS_MEMBER name:toString visibility:public modality:OPEN <> ($this:com.leo.paleorecipes.network.RecipeDetailResponse) returnType:kotlin.String
i: [kapt] method hashCode()I -> origin=OTHER element=null descriptor=IrBasedSimpleFunctionDescriptor: FUN GENERATED_DATA_CLASS_MEMBER name:hashCode visibility:public modality:OPEN <> ($this:com.leo.paleorecipes.network.RecipeDetailResponse) returnType:kotlin.Int
i: [kapt] method equals(Ljava/lang/Object;)Z -> origin=OTHER element=null descriptor=IrBasedSimpleFunctionDescriptor: FUN GENERATED_DATA_CLASS_MEMBER name:equals visibility:public modality:OPEN <> ($this:com.leo.paleorecipes.network.RecipeDetailResponse, other:kotlin.Any?) returnType:kotlin.Boolean [operator]
i: [kapt] field extendedIngredients:Ljava/util/List; -> origin=OTHER element=KtParameter descriptor=IrBasedFieldDescriptor: FIELD PROPERTY_BACKING_FIELD name:extendedIngredients type:kotlin.collections.List<com.leo.paleorecipes.network.ExtendedIngredient> visibility:private [final]
i: [kapt] class com/leo/paleorecipes/network/ExtendedIngredient -> origin=OTHER element=KtClass descriptor=IrBasedClassDescriptor: CLASS CLASS name:ExtendedIngredient modality:FINAL visibility:public [data] superTypes:[kotlin.Any]
i: [kapt] method <init>(ILjava/lang/String;DLjava/lang/String;Ljava/lang/String;)V -> origin=OTHER element=KtClass descriptor=IrBasedClassConstructorDescriptor: CONSTRUCTOR visibility:public <> (id:kotlin.Int, name:kotlin.String, amount:kotlin.Double, unit:kotlin.String, image:kotlin.String?) returnType:com.leo.paleorecipes.network.ExtendedIngredient [primary]
i: [kapt] method getId()I -> origin=OTHER element=KtParameter descriptor=IrBasedPropertyGetterDescriptor: FUN DEFAULT_PROPERTY_ACCESSOR name:<get-id> visibility:public modality:FINAL <> ($this:com.leo.paleorecipes.network.ExtendedIngredient) returnType:kotlin.Int
i: [kapt] method getName()Ljava/lang/String; -> origin=OTHER element=KtParameter descriptor=IrBasedPropertyGetterDescriptor: FUN DEFAULT_PROPERTY_ACCESSOR name:<get-name> visibility:public modality:FINAL <> ($this:com.leo.paleorecipes.network.ExtendedIngredient) returnType:kotlin.String
i: [kapt] method getAmount()D -> origin=OTHER element=KtParameter descriptor=IrBasedPropertyGetterDescriptor: FUN DEFAULT_PROPERTY_ACCESSOR name:<get-amount> visibility:public modality:FINAL <> ($this:com.leo.paleorecipes.network.ExtendedIngredient) returnType:kotlin.Double
i: [kapt] method getUnit()Ljava/lang/String; -> origin=OTHER element=KtParameter descriptor=IrBasedPropertyGetterDescriptor: FUN DEFAULT_PROPERTY_ACCESSOR name:<get-unit> visibility:public modality:FINAL <> ($this:com.leo.paleorecipes.network.ExtendedIngredient) returnType:kotlin.String
i: [kapt] method getImage()Ljava/lang/String; -> origin=OTHER element=KtParameter descriptor=IrBasedPropertyGetterDescriptor: FUN DEFAULT_PROPERTY_ACCESSOR name:<get-image> visibility:public modality:FINAL <> ($this:com.leo.paleorecipes.network.ExtendedIngredient) returnType:kotlin.String?
i: [kapt] method component1()I -> origin=OTHER element=null descriptor=IrBasedSimpleFunctionDescriptor: FUN GENERATED_DATA_CLASS_MEMBER name:component1 visibility:public modality:FINAL <> ($this:com.leo.paleorecipes.network.ExtendedIngredient) returnType:kotlin.Int [operator]
i: [kapt] method component2()Ljava/lang/String; -> origin=OTHER element=null descriptor=IrBasedSimpleFunctionDescriptor: FUN GENERATED_DATA_CLASS_MEMBER name:component2 visibility:public modality:FINAL <> ($this:com.leo.paleorecipes.network.ExtendedIngredient) returnType:kotlin.String [operator]
i: [kapt] method component3()D -> origin=OTHER element=null descriptor=IrBasedSimpleFunctionDescriptor: FUN GENERATED_DATA_CLASS_MEMBER name:component3 visibility:public modality:FINAL <> ($this:com.leo.paleorecipes.network.ExtendedIngredient) returnType:kotlin.Double [operator]
i: [kapt] method component4()Ljava/lang/String; -> origin=OTHER element=null descriptor=IrBasedSimpleFunctionDescriptor: FUN GENERATED_DATA_CLASS_MEMBER name:component4 visibility:public modality:FINAL <> ($this:com.leo.paleorecipes.network.ExtendedIngredient) returnType:kotlin.String [operator]
i: [kapt] method component5()Ljava/lang/String; -> origin=OTHER element=null descriptor=IrBasedSimpleFunctionDescriptor: FUN GENERATED_DATA_CLASS_MEMBER name:component5 visibility:public modality:FINAL <> ($this:com.leo.paleorecipes.network.ExtendedIngredient) returnType:kotlin.String? [operator]
i: [kapt] method copy(ILjava/lang/String;DLjava/lang/String;Ljava/lang/String;)Lcom/leo/paleorecipes/network/ExtendedIngredient; -> origin=OTHER element=null descriptor=IrBasedSimpleFunctionDescriptor: FUN GENERATED_DATA_CLASS_MEMBER name:copy visibility:public modality:FINAL <> ($this:com.leo.paleorecipes.network.ExtendedIngredient, id:kotlin.Int, name:kotlin.String, amount:kotlin.Double, unit:kotlin.String, image:kotlin.String?) returnType:com.leo.paleorecipes.network.ExtendedIngredient
i: [kapt] method toString()Ljava/lang/String; -> origin=OTHER element=null descriptor=IrBasedSimpleFunctionDescriptor: FUN GENERATED_DATA_CLASS_MEMBER name:toString visibility:public modality:OPEN <> ($this:com.leo.paleorecipes.network.ExtendedIngredient) returnType:kotlin.String
i: [kapt] method hashCode()I -> origin=OTHER element=null descriptor=IrBasedSimpleFunctionDescriptor: FUN GENERATED_DATA_CLASS_MEMBER name:hashCode visibility:public modality:OPEN <> ($this:com.leo.paleorecipes.network.ExtendedIngredient) returnType:kotlin.Int
i: [kapt] method equals(Ljava/lang/Object;)Z -> origin=OTHER element=null descriptor=IrBasedSimpleFunctionDescriptor: FUN GENERATED_DATA_CLASS_MEMBER name:equals visibility:public modality:OPEN <> ($this:com.leo.paleorecipes.network.ExtendedIngredient, other:kotlin.Any?) returnType:kotlin.Boolean [operator]
i: [kapt] class com/leo/paleorecipes/ui/components/BlackTextInputEditText -> origin=OTHER element=KtClass descriptor=IrBasedClassDescriptor: CLASS CLASS name:BlackTextInputEditText modality:FINAL visibility:public superTypes:[com.google.android.material.textfield.TextInputEditText]
i: [kapt] method <init>(Landroid/content/Context;Landroid/util/AttributeSet;I)V -> origin=OTHER element=KtClass descriptor=IrBasedClassConstructorDescriptor: CONSTRUCTOR visibility:public <> (context:android.content.Context, attrs:android.util.AttributeSet?, defStyleAttr:kotlin.Int) returnType:com.leo.paleorecipes.ui.components.BlackTextInputEditText [primary]
i: [kapt] method <init>(Landroid/content/Context;Landroid/util/AttributeSet;IILkotlin/jvm/internal/DefaultConstructorMarker;)V -> origin=OTHER element=KtClass descriptor=IrBasedClassConstructorDescriptor: CONSTRUCTOR FUNCTION_FOR_DEFAULT_PARAMETER visibility:public <> (context:android.content.Context, attrs:android.util.AttributeSet?, defStyleAttr:kotlin.Int, $mask0:kotlin.Int, $marker:kotlin.jvm.internal.DefaultConstructorMarker?) returnType:com.leo.paleorecipes.ui.components.BlackTextInputEditText
i: [kapt] method setTextColor(I)V -> origin=OTHER element=KtNamedFunction descriptor=IrBasedSimpleFunctionDescriptor: FUN name:setTextColor visibility:public modality:OPEN <> ($this:com.leo.paleorecipes.ui.components.BlackTextInputEditText, color:kotlin.Int) returnType:kotlin.Unit
i: [kapt] method setTextColor(Landroid/content/res/ColorStateList;)V -> origin=OTHER element=KtNamedFunction descriptor=IrBasedSimpleFunctionDescriptor: FUN name:setTextColor visibility:public modality:OPEN <> ($this:com.leo.paleorecipes.ui.components.BlackTextInputEditText, colors:android.content.res.ColorStateList?) returnType:kotlin.Unit
i: [kapt] method setTypeface(Landroid/graphics/Typeface;I)V -> origin=OTHER element=KtNamedFunction descriptor=IrBasedSimpleFunctionDescriptor: FUN name:setTypeface visibility:public modality:OPEN <> ($this:com.leo.paleorecipes.ui.components.BlackTextInputEditText, tf:android.graphics.Typeface?, style:kotlin.Int) returnType:kotlin.Unit
i: [kapt] method setTypeface(Landroid/graphics/Typeface;)V -> origin=OTHER element=KtNamedFunction descriptor=IrBasedSimpleFunctionDescriptor: FUN name:setTypeface visibility:public modality:OPEN <> ($this:com.leo.paleorecipes.ui.components.BlackTextInputEditText, tf:android.graphics.Typeface?) returnType:kotlin.Unit
i: [kapt] method onAttachedToWindow()V -> origin=OTHER element=KtNamedFunction descriptor=IrBasedSimpleFunctionDescriptor: FUN name:onAttachedToWindow visibility:protected modality:OPEN <> ($this:com.leo.paleorecipes.ui.components.BlackTextInputEditText) returnType:kotlin.Unit
i: [kapt] method <init>(Landroid/content/Context;Landroid/util/AttributeSet;)V -> origin=OTHER element=null descriptor=IrBasedClassConstructorDescriptor: CONSTRUCTOR JVM_OVERLOADS_WRAPPER visibility:public <> (context:android.content.Context, attrs:android.util.AttributeSet?) returnType:com.leo.paleorecipes.ui.components.BlackTextInputEditText
i: [kapt] method <init>(Landroid/content/Context;)V -> origin=OTHER element=null descriptor=IrBasedClassConstructorDescriptor: CONSTRUCTOR JVM_OVERLOADS_WRAPPER visibility:public <> (context:android.content.Context) returnType:com.leo.paleorecipes.ui.components.BlackTextInputEditText
i: [kapt] class com/leo/paleorecipes/ui/fridge/FridgeFragment -> origin=OTHER element=KtClass descriptor=IrBasedClassDescriptor: CLASS CLASS name:FridgeFragment modality:FINAL visibility:public superTypes:[androidx.fragment.app.Fragment]
i: [kapt] method <init>()V -> origin=OTHER element=KtClass descriptor=IrBasedClassConstructorDescriptor: CONSTRUCTOR visibility:public <> () returnType:com.leo.paleorecipes.ui.fridge.FridgeFragment [primary]
i: [kapt] method getBinding()Lcom/leo/paleorecipes/databinding/FragmentFridgeBinding; -> origin=OTHER element=KtPropertyAccessor descriptor=IrBasedPropertyGetterDescriptor: FUN name:<get-binding> visibility:private modality:FINAL <> ($this:com.leo.paleorecipes.ui.fridge.FridgeFragment) returnType:com.leo.paleorecipes.databinding.FragmentFridgeBinding
i: [kapt] method getViewModel()Lcom/leo/paleorecipes/ui/fridge/FridgeViewModel; -> origin=OTHER element=KtProperty descriptor=IrBasedPropertyGetterDescriptor: FUN DELEGATED_PROPERTY_ACCESSOR name:<get-viewModel> visibility:private modality:FINAL <> ($this:com.leo.paleorecipes.ui.fridge.FridgeFragment) returnType:com.leo.paleorecipes.ui.fridge.FridgeViewModel
i: [kapt] method onCreateView(Landroid/view/LayoutInflater;Landroid/view/ViewGroup;Landroid/os/Bundle;)Landroid/view/View; -> origin=OTHER element=KtNamedFunction descriptor=IrBasedSimpleFunctionDescriptor: FUN name:onCreateView visibility:public modality:OPEN <> ($this:com.leo.paleorecipes.ui.fridge.FridgeFragment, inflater:android.view.LayoutInflater, container:android.view.ViewGroup?, savedInstanceState:android.os.Bundle?) returnType:android.view.View
i: [kapt] method onViewCreated(Landroid/view/View;Landroid/os/Bundle;)V -> origin=OTHER element=KtNamedFunction descriptor=IrBasedSimpleFunctionDescriptor: FUN name:onViewCreated visibility:public modality:OPEN <> ($this:com.leo.paleorecipes.ui.fridge.FridgeFragment, view:android.view.View, savedInstanceState:android.os.Bundle?) returnType:kotlin.Unit
i: [kapt] method setupRecyclerView()V -> origin=OTHER element=KtNamedFunction descriptor=IrBasedSimpleFunctionDescriptor: FUN name:setupRecyclerView visibility:private modality:FINAL <> ($this:com.leo.paleorecipes.ui.fridge.FridgeFragment) returnType:kotlin.Unit
i: [kapt] method setupClickListeners()V -> origin=OTHER element=KtNamedFunction descriptor=IrBasedSimpleFunctionDescriptor: FUN name:setupClickListeners visibility:private modality:FINAL <> ($this:com.leo.paleorecipes.ui.fridge.FridgeFragment) returnType:kotlin.Unit
i: [kapt] method observeViewModel()V -> origin=OTHER element=KtNamedFunction descriptor=IrBasedSimpleFunctionDescriptor: FUN name:observeViewModel visibility:private modality:FINAL <> ($this:com.leo.paleorecipes.ui.fridge.FridgeFragment) returnType:kotlin.Unit
i: [kapt] method onDestroyView()V -> origin=OTHER element=KtNamedFunction descriptor=IrBasedSimpleFunctionDescriptor: FUN name:onDestroyView visibility:public modality:OPEN <> ($this:com.leo.paleorecipes.ui.fridge.FridgeFragment) returnType:kotlin.Unit
i: [kapt] field _binding:Lcom/leo/paleorecipes/databinding/FragmentFridgeBinding; -> origin=OTHER element=KtProperty descriptor=IrBasedFieldDescriptor: FIELD PROPERTY_BACKING_FIELD name:_binding type:com.leo.paleorecipes.databinding.FragmentFridgeBinding? visibility:private
i: [kapt] field adapter:Lcom/leo/paleorecipes/adapter/IngredientsAdapter; -> origin=OTHER element=KtProperty descriptor=IrBasedFieldDescriptor: FIELD PROPERTY_BACKING_FIELD name:adapter type:com.leo.paleorecipes.adapter.IngredientsAdapter? visibility:private
i: [kapt] class com/leo/paleorecipes/ui/fridge/FridgeViewModel -> origin=OTHER element=KtClass descriptor=IrBasedClassDescriptor: CLASS CLASS name:FridgeViewModel modality:FINAL visibility:public superTypes:[androidx.lifecycle.ViewModel]
i: [kapt] method <init>(Lcom/leo/paleorecipes/data/repository/IngredientRepository;)V -> origin=OTHER element=KtClass descriptor=IrBasedClassConstructorDescriptor: CONSTRUCTOR visibility:public <> (ingredientRepository:com.leo.paleorecipes.data.repository.IngredientRepository) returnType:com.leo.paleorecipes.ui.fridge.FridgeViewModel [primary]
i: [kapt] method getIngredients()Landroidx/lifecycle/LiveData; -> origin=OTHER element=KtProperty descriptor=IrBasedPropertyGetterDescriptor: FUN DEFAULT_PROPERTY_ACCESSOR name:<get-ingredients> visibility:public modality:FINAL <> ($this:com.leo.paleorecipes.ui.fridge.FridgeViewModel) returnType:androidx.lifecycle.LiveData<kotlin.collections.List<kotlin.String>>
i: [kapt] method getSnackbarMessage()Landroidx/lifecycle/LiveData; -> origin=OTHER element=KtProperty descriptor=IrBasedPropertyGetterDescriptor: FUN DEFAULT_PROPERTY_ACCESSOR name:<get-snackbarMessage> visibility:public modality:FINAL <> ($this:com.leo.paleorecipes.ui.fridge.FridgeViewModel) returnType:androidx.lifecycle.LiveData<kotlin.String>
i: [kapt] method addIngredient(Ljava/lang/String;)V -> origin=OTHER element=KtNamedFunction descriptor=IrBasedSimpleFunctionDescriptor: FUN name:addIngredient visibility:public modality:FINAL <> ($this:com.leo.paleorecipes.ui.fridge.FridgeViewModel, ingredient:kotlin.String) returnType:kotlin.Unit
i: [kapt] method removeIngredient(Ljava/lang/String;)V -> origin=OTHER element=KtNamedFunction descriptor=IrBasedSimpleFunctionDescriptor: FUN name:removeIngredient visibility:public modality:FINAL <> ($this:com.leo.paleorecipes.ui.fridge.FridgeViewModel, ingredient:kotlin.String) returnType:kotlin.Unit
i: [kapt] method onSnackbarShown()V -> origin=OTHER element=KtNamedFunction descriptor=IrBasedSimpleFunctionDescriptor: FUN name:onSnackbarShown visibility:public modality:FINAL <> ($this:com.leo.paleorecipes.ui.fridge.FridgeViewModel) returnType:kotlin.Unit
i: [kapt] method loadIngredients()V -> origin=OTHER element=KtNamedFunction descriptor=IrBasedSimpleFunctionDescriptor: FUN name:loadIngredients visibility:private modality:FINAL <> ($this:com.leo.paleorecipes.ui.fridge.FridgeViewModel) returnType:kotlin.Unit
i: [kapt] field ingredientRepository:Lcom/leo/paleorecipes/data/repository/IngredientRepository; -> origin=OTHER element=KtParameter descriptor=IrBasedFieldDescriptor: FIELD PROPERTY_BACKING_FIELD name:ingredientRepository type:com.leo.paleorecipes.data.repository.IngredientRepository visibility:private [final]
i: [kapt] field _ingredients:Landroidx/lifecycle/MutableLiveData; -> origin=OTHER element=KtProperty descriptor=IrBasedFieldDescriptor: FIELD PROPERTY_BACKING_FIELD name:_ingredients type:androidx.lifecycle.MutableLiveData<kotlin.collections.List<kotlin.String>> visibility:private [final]
i: [kapt] field ingredients:Landroidx/lifecycle/LiveData; -> origin=OTHER element=KtProperty descriptor=IrBasedFieldDescriptor: FIELD PROPERTY_BACKING_FIELD name:ingredients type:androidx.lifecycle.LiveData<kotlin.collections.List<kotlin.String>> visibility:private [final]
i: [kapt] field _snackbarMessage:Lcom/leo/paleorecipes/util/SingleLiveEvent; -> origin=OTHER element=KtProperty descriptor=IrBasedFieldDescriptor: FIELD PROPERTY_BACKING_FIELD name:_snackbarMessage type:com.leo.paleorecipes.util.SingleLiveEvent<kotlin.String> visibility:private [final]
i: [kapt] field snackbarMessage:Landroidx/lifecycle/LiveData; -> origin=OTHER element=KtProperty descriptor=IrBasedFieldDescriptor: FIELD PROPERTY_BACKING_FIELD name:snackbarMessage type:androidx.lifecycle.LiveData<kotlin.String> visibility:private [final]
i: [kapt] class com/leo/paleorecipes/ui/search/RecipeSearchActivity -> origin=OTHER element=KtClass descriptor=IrBasedClassDescriptor: CLASS CLASS name:RecipeSearchActivity modality:FINAL visibility:public superTypes:[androidx.appcompat.app.AppCompatActivity]
i: [kapt] method <init>()V -> origin=OTHER element=KtClass descriptor=IrBasedClassConstructorDescriptor: CONSTRUCTOR visibility:public <> () returnType:com.leo.paleorecipes.ui.search.RecipeSearchActivity [primary]
i: [kapt] method onCreate(Landroid/os/Bundle;)V -> origin=OTHER element=KtNamedFunction descriptor=IrBasedSimpleFunctionDescriptor: FUN name:onCreate visibility:protected modality:OPEN <> ($this:com.leo.paleorecipes.ui.search.RecipeSearchActivity, savedInstanceState:android.os.Bundle?) returnType:kotlin.Unit
i: [kapt] method onOptionsItemSelected(Landroid/view/MenuItem;)Z -> origin=OTHER element=KtNamedFunction descriptor=IrBasedSimpleFunctionDescriptor: FUN name:onOptionsItemSelected visibility:public modality:OPEN <> ($this:com.leo.paleorecipes.ui.search.RecipeSearchActivity, item:android.view.MenuItem) returnType:kotlin.Boolean
i: [kapt] field Companion:Lcom/leo/paleorecipes/ui/search/RecipeSearchActivity$Companion; -> origin=OTHER element=null descriptor=IrBasedFieldDescriptor: FIELD FIELD_FOR_OBJECT_INSTANCE name:Companion type:com.leo.paleorecipes.ui.search.RecipeSearchActivity.Companion visibility:public [final,static]
i: [kapt] field binding:Lcom/leo/paleorecipes/databinding/ActivityRecipeSearchContainerBinding; -> origin=OTHER element=KtProperty descriptor=IrBasedFieldDescriptor: FIELD PROPERTY_BACKING_FIELD name:binding type:com.leo.paleorecipes.databinding.ActivityRecipeSearchContainerBinding? visibility:private
i: [kapt] field EXTRA_INGREDIENTS:Ljava/lang/String; -> origin=OTHER element=KtProperty descriptor=IrBasedFieldDescriptor: FIELD COMPANION_PROPERTY_BACKING_FIELD name:EXTRA_INGREDIENTS type:kotlin.String visibility:private [final,static]
i: [kapt] class com/leo/paleorecipes/ui/search/RecipeSearchActivity$Companion -> origin=OTHER element=KtObjectDeclaration descriptor=IrBasedClassDescriptor: CLASS OBJECT name:Companion modality:FINAL visibility:public [companion] superTypes:[kotlin.Any]
i: [kapt] method <init>()V -> origin=OTHER element=KtObjectDeclaration descriptor=IrBasedClassConstructorDescriptor: CONSTRUCTOR visibility:private <> () returnType:com.leo.paleorecipes.ui.search.RecipeSearchActivity.Companion [primary]
i: [kapt] method newIntent(Landroid/content/Context;Ljava/util/List;)Landroid/content/Intent; -> origin=OTHER element=KtNamedFunction descriptor=IrBasedSimpleFunctionDescriptor: FUN name:newIntent visibility:public modality:FINAL <> ($this:com.leo.paleorecipes.ui.search.RecipeSearchActivity.Companion, context:android.content.Context, ingredients:kotlin.collections.List<kotlin.String>) returnType:android.content.Intent
i: [kapt] method <init>(Lkotlin/jvm/internal/DefaultConstructorMarker;)V -> origin=OTHER element=null descriptor=IrBasedClassConstructorDescriptor: CONSTRUCTOR SYNTHETIC_ACCESSOR visibility:public <> ($constructor_marker:kotlin.jvm.internal.DefaultConstructorMarker?) returnType:com.leo.paleorecipes.ui.search.RecipeSearchActivity.Companion
i: [kapt] class com/leo/paleorecipes/ui/search/RecipeSearchFragment -> origin=OTHER element=KtClass descriptor=IrBasedClassDescriptor: CLASS CLASS name:RecipeSearchFragment modality:FINAL visibility:public superTypes:[androidx.fragment.app.Fragment]
i: [kapt] method <init>()V -> origin=OTHER element=KtClass descriptor=IrBasedClassConstructorDescriptor: CONSTRUCTOR visibility:public <> () returnType:com.leo.paleorecipes.ui.search.RecipeSearchFragment [primary]
i: [kapt] method getBinding()Lcom/leo/paleorecipes/databinding/FragmentRecipeSearchListBinding; -> origin=OTHER element=KtPropertyAccessor descriptor=IrBasedPropertyGetterDescriptor: FUN name:<get-binding> visibility:private modality:FINAL <> ($this:com.leo.paleorecipes.ui.search.RecipeSearchFragment) returnType:com.leo.paleorecipes.databinding.FragmentRecipeSearchListBinding
i: [kapt] method getViewModel()Lcom/leo/paleorecipes/ui/search/RecipeSearchViewModel; -> origin=OTHER element=KtProperty descriptor=IrBasedPropertyGetterDescriptor: FUN DELEGATED_PROPERTY_ACCESSOR name:<get-viewModel> visibility:private modality:FINAL <> ($this:com.leo.paleorecipes.ui.search.RecipeSearchFragment) returnType:com.leo.paleorecipes.ui.search.RecipeSearchViewModel
i: [kapt] method getIngredients()Ljava/util/List; -> origin=OTHER element=KtProperty descriptor=IrBasedPropertyGetterDescriptor: FUN DELEGATED_PROPERTY_ACCESSOR name:<get-ingredients> visibility:private modality:FINAL <> ($this:com.leo.paleorecipes.ui.search.RecipeSearchFragment) returnType:kotlin.collections.List<kotlin.String>
i: [kapt] method onCreateView(Landroid/view/LayoutInflater;Landroid/view/ViewGroup;Landroid/os/Bundle;)Landroid/view/View; -> origin=OTHER element=KtNamedFunction descriptor=IrBasedSimpleFunctionDescriptor: FUN name:onCreateView visibility:public modality:OPEN <> ($this:com.leo.paleorecipes.ui.search.RecipeSearchFragment, inflater:android.view.LayoutInflater, container:android.view.ViewGroup?, savedInstanceState:android.os.Bundle?) returnType:android.view.View
i: [kapt] method onViewCreated(Landroid/view/View;Landroid/os/Bundle;)V -> origin=OTHER element=KtNamedFunction descriptor=IrBasedSimpleFunctionDescriptor: FUN name:onViewCreated visibility:public modality:OPEN <> ($this:com.leo.paleorecipes.ui.search.RecipeSearchFragment, view:android.view.View, savedInstanceState:android.os.Bundle?) returnType:kotlin.Unit
i: [kapt] method setupRecyclerView()V -> origin=OTHER element=KtNamedFunction descriptor=IrBasedSimpleFunctionDescriptor: FUN name:setupRecyclerView visibility:private modality:FINAL <> ($this:com.leo.paleorecipes.ui.search.RecipeSearchFragment) returnType:kotlin.Unit
i: [kapt] method observeViewModel()V -> origin=OTHER element=KtNamedFunction descriptor=IrBasedSimpleFunctionDescriptor: FUN name:observeViewModel visibility:private modality:FINAL <> ($this:com.leo.paleorecipes.ui.search.RecipeSearchFragment) returnType:kotlin.Unit
i: [kapt] method showRecipes(Ljava/util/List;)V -> origin=OTHER element=KtNamedFunction descriptor=IrBasedSimpleFunctionDescriptor: FUN name:showRecipes visibility:private modality:FINAL <> ($this:com.leo.paleorecipes.ui.search.RecipeSearchFragment, recipes:kotlin.collections.List<com.leo.paleorecipes.data.Recipe>) returnType:kotlin.Unit
i: [kapt] method showEmptyState(Ljava/lang/String;)V -> origin=OTHER element=KtNamedFunction descriptor=IrBasedSimpleFunctionDescriptor: FUN name:showEmptyState visibility:private modality:FINAL <> ($this:com.leo.paleorecipes.ui.search.RecipeSearchFragment, message:kotlin.String) returnType:kotlin.Unit
i: [kapt] method showError(Ljava/lang/String;)V -> origin=OTHER element=KtNamedFunction descriptor=IrBasedSimpleFunctionDescriptor: FUN name:showError visibility:private modality:FINAL <> ($this:com.leo.paleorecipes.ui.search.RecipeSearchFragment, error:kotlin.String) returnType:kotlin.Unit
i: [kapt] method onDestroyView()V -> origin=OTHER element=KtNamedFunction descriptor=IrBasedSimpleFunctionDescriptor: FUN name:onDestroyView visibility:public modality:OPEN <> ($this:com.leo.paleorecipes.ui.search.RecipeSearchFragment) returnType:kotlin.Unit
i: [kapt] field Companion:Lcom/leo/paleorecipes/ui/search/RecipeSearchFragment$Companion; -> origin=OTHER element=null descriptor=IrBasedFieldDescriptor: FIELD FIELD_FOR_OBJECT_INSTANCE name:Companion type:com.leo.paleorecipes.ui.search.RecipeSearchFragment.Companion visibility:public [final,static]
i: [kapt] field _binding:Lcom/leo/paleorecipes/databinding/FragmentRecipeSearchListBinding; -> origin=OTHER element=KtProperty descriptor=IrBasedFieldDescriptor: FIELD PROPERTY_BACKING_FIELD name:_binding type:com.leo.paleorecipes.databinding.FragmentRecipeSearchListBinding? visibility:private
i: [kapt] field adapter:Lcom/leo/paleorecipes/adapter/RecipesAdapter; -> origin=OTHER element=KtProperty descriptor=IrBasedFieldDescriptor: FIELD PROPERTY_BACKING_FIELD name:adapter type:com.leo.paleorecipes.adapter.RecipesAdapter? visibility:private
i: [kapt] field ingredients$delegate:Lkotlin/Lazy; -> origin=OTHER element=KtProperty descriptor=IrBasedFieldDescriptor: FIELD PROPERTY_DELEGATE name:ingredients$delegate type:kotlin.Lazy<*> visibility:private [final]
i: [kapt] field ARG_INGREDIENTS:Ljava/lang/String; -> origin=OTHER element=KtProperty descriptor=IrBasedFieldDescriptor: FIELD COMPANION_PROPERTY_BACKING_FIELD name:ARG_INGREDIENTS type:kotlin.String visibility:private [final,static]
i: [kapt] class com/leo/paleorecipes/ui/search/RecipeSearchFragment$Companion -> origin=OTHER element=KtObjectDeclaration descriptor=IrBasedClassDescriptor: CLASS OBJECT name:Companion modality:FINAL visibility:public [companion] superTypes:[kotlin.Any]
i: [kapt] method <init>()V -> origin=OTHER element=KtObjectDeclaration descriptor=IrBasedClassConstructorDescriptor: CONSTRUCTOR visibility:private <> () returnType:com.leo.paleorecipes.ui.search.RecipeSearchFragment.Companion [primary]
i: [kapt] method newInstance(Ljava/util/List;)Lcom/leo/paleorecipes/ui/search/RecipeSearchFragment; -> origin=OTHER element=KtNamedFunction descriptor=IrBasedSimpleFunctionDescriptor: FUN name:newInstance visibility:public modality:FINAL <> ($this:com.leo.paleorecipes.ui.search.RecipeSearchFragment.Companion, ingredients:kotlin.collections.List<kotlin.String>) returnType:com.leo.paleorecipes.ui.search.RecipeSearchFragment
i: [kapt] method <init>(Lkotlin/jvm/internal/DefaultConstructorMarker;)V -> origin=OTHER element=null descriptor=IrBasedClassConstructorDescriptor: CONSTRUCTOR SYNTHETIC_ACCESSOR visibility:public <> ($constructor_marker:kotlin.jvm.internal.DefaultConstructorMarker?) returnType:com.leo.paleorecipes.ui.search.RecipeSearchFragment.Companion
i: [kapt] class com/leo/paleorecipes/ui/search/RecipeSearchViewModel -> origin=OTHER element=KtClass descriptor=IrBasedClassDescriptor: CLASS CLASS name:RecipeSearchViewModel modality:FINAL visibility:public superTypes:[androidx.lifecycle.ViewModel]
i: [kapt] method <init>(Lcom/leo/paleorecipes/data/repository/RecipeRepository;)V -> origin=OTHER element=KtClass descriptor=IrBasedClassConstructorDescriptor: CONSTRUCTOR visibility:public <> (repository:com.leo.paleorecipes.data.repository.RecipeRepository) returnType:com.leo.paleorecipes.ui.search.RecipeSearchViewModel [primary]
i: [kapt] method getRecipes()Landroidx/lifecycle/LiveData; -> origin=OTHER element=KtProperty descriptor=IrBasedPropertyGetterDescriptor: FUN DEFAULT_PROPERTY_ACCESSOR name:<get-recipes> visibility:public modality:FINAL <> ($this:com.leo.paleorecipes.ui.search.RecipeSearchViewModel) returnType:androidx.lifecycle.LiveData<kotlin.collections.List<com.leo.paleorecipes.data.Recipe>>
i: [kapt] method getError()Landroidx/lifecycle/LiveData; -> origin=OTHER element=KtProperty descriptor=IrBasedPropertyGetterDescriptor: FUN DEFAULT_PROPERTY_ACCESSOR name:<get-error> visibility:public modality:FINAL <> ($this:com.leo.paleorecipes.ui.search.RecipeSearchViewModel) returnType:androidx.lifecycle.LiveData<kotlin.String?>
i: [kapt] method isLoading()Landroidx/lifecycle/LiveData; -> origin=OTHER element=KtProperty descriptor=IrBasedPropertyGetterDescriptor: FUN DEFAULT_PROPERTY_ACCESSOR name:<get-isLoading> visibility:public modality:FINAL <> ($this:com.leo.paleorecipes.ui.search.RecipeSearchViewModel) returnType:androidx.lifecycle.LiveData<kotlin.Boolean>
i: [kapt] method searchRecipes(Ljava/util/List;)V -> origin=OTHER element=KtNamedFunction descriptor=IrBasedSimpleFunctionDescriptor: FUN name:searchRecipes visibility:public modality:FINAL <> ($this:com.leo.paleorecipes.ui.search.RecipeSearchViewModel, ingredients:kotlin.collections.List<kotlin.String>) returnType:kotlin.Unit
i: [kapt] method toggleFavorite(Lcom/leo/paleorecipes/data/Recipe;)V -> origin=OTHER element=KtNamedFunction descriptor=IrBasedSimpleFunctionDescriptor: FUN name:toggleFavorite visibility:public modality:FINAL <> ($this:com.leo.paleorecipes.ui.search.RecipeSearchViewModel, recipe:com.leo.paleorecipes.data.Recipe) returnType:kotlin.Unit
i: [kapt] method onCleared()V -> origin=OTHER element=KtNamedFunction descriptor=IrBasedSimpleFunctionDescriptor: FUN name:onCleared visibility:protected modality:OPEN <> ($this:com.leo.paleorecipes.ui.search.RecipeSearchViewModel) returnType:kotlin.Unit
i: [kapt] field repository:Lcom/leo/paleorecipes/data/repository/RecipeRepository; -> origin=OTHER element=KtParameter descriptor=IrBasedFieldDescriptor: FIELD PROPERTY_BACKING_FIELD name:repository type:com.leo.paleorecipes.data.repository.RecipeRepository visibility:private [final]
i: [kapt] field _recipes:Landroidx/lifecycle/MutableLiveData; -> origin=OTHER element=KtProperty descriptor=IrBasedFieldDescriptor: FIELD PROPERTY_BACKING_FIELD name:_recipes type:androidx.lifecycle.MutableLiveData<kotlin.collections.List<com.leo.paleorecipes.data.Recipe>> visibility:private [final]
i: [kapt] field recipes:Landroidx/lifecycle/LiveData; -> origin=OTHER element=KtProperty descriptor=IrBasedFieldDescriptor: FIELD PROPERTY_BACKING_FIELD name:recipes type:androidx.lifecycle.LiveData<kotlin.collections.List<com.leo.paleorecipes.data.Recipe>> visibility:private [final]
i: [kapt] field _error:Landroidx/lifecycle/MutableLiveData; -> origin=OTHER element=KtProperty descriptor=IrBasedFieldDescriptor: FIELD PROPERTY_BACKING_FIELD name:_error type:androidx.lifecycle.MutableLiveData<kotlin.String?> visibility:private [final]
i: [kapt] field error:Landroidx/lifecycle/LiveData; -> origin=OTHER element=KtProperty descriptor=IrBasedFieldDescriptor: FIELD PROPERTY_BACKING_FIELD name:error type:androidx.lifecycle.LiveData<kotlin.String?> visibility:private [final]
i: [kapt] field _isLoading:Landroidx/lifecycle/MutableLiveData; -> origin=OTHER element=KtProperty descriptor=IrBasedFieldDescriptor: FIELD PROPERTY_BACKING_FIELD name:_isLoading type:androidx.lifecycle.MutableLiveData<kotlin.Boolean> visibility:private [final]
i: [kapt] field isLoading:Landroidx/lifecycle/LiveData; -> origin=OTHER element=KtProperty descriptor=IrBasedFieldDescriptor: FIELD PROPERTY_BACKING_FIELD name:isLoading type:androidx.lifecycle.LiveData<kotlin.Boolean> visibility:private [final]
i: [kapt] field searchJob:Lkotlinx/coroutines/Job; -> origin=OTHER element=KtProperty descriptor=IrBasedFieldDescriptor: FIELD PROPERTY_BACKING_FIELD name:searchJob type:kotlinx.coroutines.Job? visibility:private
i: [kapt] class com/leo/paleorecipes/ui/theme/ColorsKt -> origin=PACKAGE_PART element=KtFile descriptor=IrBasedClassDescriptor: CLASS FILE_CLASS CLASS name:ColorsKt modality:FINAL visibility:public superTypes:[kotlin.Any]
i: [kapt] method getPurple40()J -> origin=OTHER element=KtProperty descriptor=IrBasedPropertyGetterDescriptor: FUN DEFAULT_PROPERTY_ACCESSOR name:<get-Purple40> visibility:public modality:FINAL <> () returnType:androidx.compose.ui.graphics.Color
i: [kapt] method getPurpleGrey40()J -> origin=OTHER element=KtProperty descriptor=IrBasedPropertyGetterDescriptor: FUN DEFAULT_PROPERTY_ACCESSOR name:<get-PurpleGrey40> visibility:public modality:FINAL <> () returnType:androidx.compose.ui.graphics.Color
i: [kapt] method getPink40()J -> origin=OTHER element=KtProperty descriptor=IrBasedPropertyGetterDescriptor: FUN DEFAULT_PROPERTY_ACCESSOR name:<get-Pink40> visibility:public modality:FINAL <> () returnType:androidx.compose.ui.graphics.Color
i: [kapt] method getPurple80()J -> origin=OTHER element=KtProperty descriptor=IrBasedPropertyGetterDescriptor: FUN DEFAULT_PROPERTY_ACCESSOR name:<get-Purple80> visibility:public modality:FINAL <> () returnType:androidx.compose.ui.graphics.Color
i: [kapt] method getPurpleGrey80()J -> origin=OTHER element=KtProperty descriptor=IrBasedPropertyGetterDescriptor: FUN DEFAULT_PROPERTY_ACCESSOR name:<get-PurpleGrey80> visibility:public modality:FINAL <> () returnType:androidx.compose.ui.graphics.Color
i: [kapt] method getPink80()J -> origin=OTHER element=KtProperty descriptor=IrBasedPropertyGetterDescriptor: FUN DEFAULT_PROPERTY_ACCESSOR name:<get-Pink80> visibility:public modality:FINAL <> () returnType:androidx.compose.ui.graphics.Color
i: [kapt] method getPurple30()J -> origin=OTHER element=KtProperty descriptor=IrBasedPropertyGetterDescriptor: FUN DEFAULT_PROPERTY_ACCESSOR name:<get-Purple30> visibility:public modality:FINAL <> () returnType:androidx.compose.ui.graphics.Color
i: [kapt] method getPurple90()J -> origin=OTHER element=KtProperty descriptor=IrBasedPropertyGetterDescriptor: FUN DEFAULT_PROPERTY_ACCESSOR name:<get-Purple90> visibility:public modality:FINAL <> () returnType:androidx.compose.ui.graphics.Color
i: [kapt] method getPurpleGrey30()J -> origin=OTHER element=KtProperty descriptor=IrBasedPropertyGetterDescriptor: FUN DEFAULT_PROPERTY_ACCESSOR name:<get-PurpleGrey30> visibility:public modality:FINAL <> () returnType:androidx.compose.ui.graphics.Color
i: [kapt] method getPurpleGrey90()J -> origin=OTHER element=KtProperty descriptor=IrBasedPropertyGetterDescriptor: FUN DEFAULT_PROPERTY_ACCESSOR name:<get-PurpleGrey90> visibility:public modality:FINAL <> () returnType:androidx.compose.ui.graphics.Color
i: [kapt] method getPink30()J -> origin=OTHER element=KtProperty descriptor=IrBasedPropertyGetterDescriptor: FUN DEFAULT_PROPERTY_ACCESSOR name:<get-Pink30> visibility:public modality:FINAL <> () returnType:androidx.compose.ui.graphics.Color
i: [kapt] method getPink90()J -> origin=OTHER element=KtProperty descriptor=IrBasedPropertyGetterDescriptor: FUN DEFAULT_PROPERTY_ACCESSOR name:<get-Pink90> visibility:public modality:FINAL <> () returnType:androidx.compose.ui.graphics.Color
i: [kapt] method getPrimary()J -> origin=OTHER element=KtProperty descriptor=IrBasedPropertyGetterDescriptor: FUN DEFAULT_PROPERTY_ACCESSOR name:<get-primary> visibility:public modality:FINAL <> () returnType:androidx.compose.ui.graphics.Color
i: [kapt] method getPrimary_dark()J -> origin=OTHER element=KtProperty descriptor=IrBasedPropertyGetterDescriptor: FUN DEFAULT_PROPERTY_ACCESSOR name:<get-primary_dark> visibility:public modality:FINAL <> () returnType:androidx.compose.ui.graphics.Color
i: [kapt] method getPrimary_light()J -> origin=OTHER element=KtProperty descriptor=IrBasedPropertyGetterDescriptor: FUN DEFAULT_PROPERTY_ACCESSOR name:<get-primary_light> visibility:public modality:FINAL <> () returnType:androidx.compose.ui.graphics.Color
i: [kapt] method getBackground()J -> origin=OTHER element=KtProperty descriptor=IrBasedPropertyGetterDescriptor: FUN DEFAULT_PROPERTY_ACCESSOR name:<get-background> visibility:public modality:FINAL <> () returnType:androidx.compose.ui.graphics.Color
i: [kapt] method getOn_primary()J -> origin=OTHER element=KtProperty descriptor=IrBasedPropertyGetterDescriptor: FUN DEFAULT_PROPERTY_ACCESSOR name:<get-on_primary> visibility:public modality:FINAL <> () returnType:androidx.compose.ui.graphics.Color
i: [kapt] field Purple40:J -> origin=OTHER element=KtProperty descriptor=IrBasedFieldDescriptor: FIELD PROPERTY_BACKING_FIELD name:Purple40 type:androidx.compose.ui.graphics.Color visibility:private [final,static]
i: [kapt] field PurpleGrey40:J -> origin=OTHER element=KtProperty descriptor=IrBasedFieldDescriptor: FIELD PROPERTY_BACKING_FIELD name:PurpleGrey40 type:androidx.compose.ui.graphics.Color visibility:private [final,static]
i: [kapt] field Pink40:J -> origin=OTHER element=KtProperty descriptor=IrBasedFieldDescriptor: FIELD PROPERTY_BACKING_FIELD name:Pink40 type:androidx.compose.ui.graphics.Color visibility:private [final,static]
i: [kapt] field Purple80:J -> origin=OTHER element=KtProperty descriptor=IrBasedFieldDescriptor: FIELD PROPERTY_BACKING_FIELD name:Purple80 type:androidx.compose.ui.graphics.Color visibility:private [final,static]
i: [kapt] field PurpleGrey80:J -> origin=OTHER element=KtProperty descriptor=IrBasedFieldDescriptor: FIELD PROPERTY_BACKING_FIELD name:PurpleGrey80 type:androidx.compose.ui.graphics.Color visibility:private [final,static]
i: [kapt] field Pink80:J -> origin=OTHER element=KtProperty descriptor=IrBasedFieldDescriptor: FIELD PROPERTY_BACKING_FIELD name:Pink80 type:androidx.compose.ui.graphics.Color visibility:private [final,static]
i: [kapt] field Purple30:J -> origin=OTHER element=KtProperty descriptor=IrBasedFieldDescriptor: FIELD PROPERTY_BACKING_FIELD name:Purple30 type:androidx.compose.ui.graphics.Color visibility:private [final,static]
i: [kapt] field Purple90:J -> origin=OTHER element=KtProperty descriptor=IrBasedFieldDescriptor: FIELD PROPERTY_BACKING_FIELD name:Purple90 type:androidx.compose.ui.graphics.Color visibility:private [final,static]
i: [kapt] field PurpleGrey30:J -> origin=OTHER element=KtProperty descriptor=IrBasedFieldDescriptor: FIELD PROPERTY_BACKING_FIELD name:PurpleGrey30 type:androidx.compose.ui.graphics.Color visibility:private [final,static]
i: [kapt] field PurpleGrey90:J -> origin=OTHER element=KtProperty descriptor=IrBasedFieldDescriptor: FIELD PROPERTY_BACKING_FIELD name:PurpleGrey90 type:androidx.compose.ui.graphics.Color visibility:private [final,static]
i: [kapt] field Pink30:J -> origin=OTHER element=KtProperty descriptor=IrBasedFieldDescriptor: FIELD PROPERTY_BACKING_FIELD name:Pink30 type:androidx.compose.ui.graphics.Color visibility:private [final,static]
i: [kapt] field Pink90:J -> origin=OTHER element=KtProperty descriptor=IrBasedFieldDescriptor: FIELD PROPERTY_BACKING_FIELD name:Pink90 type:androidx.compose.ui.graphics.Color visibility:private [final,static]
i: [kapt] field primary:J -> origin=OTHER element=KtProperty descriptor=IrBasedFieldDescriptor: FIELD PROPERTY_BACKING_FIELD name:primary type:androidx.compose.ui.graphics.Color visibility:private [final,static]
i: [kapt] field primary_dark:J -> origin=OTHER element=KtProperty descriptor=IrBasedFieldDescriptor: FIELD PROPERTY_BACKING_FIELD name:primary_dark type:androidx.compose.ui.graphics.Color visibility:private [final,static]
i: [kapt] field primary_light:J -> origin=OTHER element=KtProperty descriptor=IrBasedFieldDescriptor: FIELD PROPERTY_BACKING_FIELD name:primary_light type:androidx.compose.ui.graphics.Color visibility:private [final,static]
i: [kapt] field background:J -> origin=OTHER element=KtProperty descriptor=IrBasedFieldDescriptor: FIELD PROPERTY_BACKING_FIELD name:background type:androidx.compose.ui.graphics.Color visibility:private [final,static]
i: [kapt] field on_primary:J -> origin=OTHER element=KtProperty descriptor=IrBasedFieldDescriptor: FIELD PROPERTY_BACKING_FIELD name:on_primary type:androidx.compose.ui.graphics.Color visibility:private [final,static]
i: [kapt] class com/leo/paleorecipes/ui/theme/ThemeKt -> origin=PACKAGE_PART element=KtFile descriptor=IrBasedClassDescriptor: CLASS FILE_CLASS CLASS name:ThemeKt modality:FINAL visibility:public superTypes:[kotlin.Any]
i: [kapt] method PaleoRecipesTheme(ZZLkotlin/jvm/functions/Function0;)V -> origin=OTHER element=KtNamedFunction descriptor=IrBasedSimpleFunctionDescriptor: FUN name:PaleoRecipesTheme visibility:public modality:FINAL <> (darkTheme:kotlin.Boolean, dynamicColor:kotlin.Boolean, content:@[Composable] kotlin.Function0<kotlin.Unit>) returnType:kotlin.Unit
i: [kapt] method PaleoRecipesTheme$default(ZZLkotlin/jvm/functions/Function0;ILjava/lang/Object;)V -> origin=OTHER element=KtNamedFunction descriptor=IrBasedSimpleFunctionDescriptor: FUN FUNCTION_FOR_DEFAULT_PARAMETER name:PaleoRecipesTheme$default visibility:public modality:FINAL <> (darkTheme:kotlin.Boolean, dynamicColor:kotlin.Boolean, content:@[Composable] kotlin.Function0<kotlin.Unit>, $mask0:kotlin.Int, $handler:kotlin.Any?) returnType:kotlin.Unit
i: [kapt] field DarkColorScheme:Landroidx/compose/material3/ColorScheme; -> origin=OTHER element=KtProperty descriptor=IrBasedFieldDescriptor: FIELD PROPERTY_BACKING_FIELD name:DarkColorScheme type:androidx.compose.material3.ColorScheme visibility:private [final,static]
i: [kapt] field LightColorScheme:Landroidx/compose/material3/ColorScheme; -> origin=OTHER element=KtProperty descriptor=IrBasedFieldDescriptor: FIELD PROPERTY_BACKING_FIELD name:LightColorScheme type:androidx.compose.material3.ColorScheme visibility:private [final,static]
i: [kapt] class com/leo/paleorecipes/ui/theme/TypeKt -> origin=PACKAGE_PART element=KtFile descriptor=IrBasedClassDescriptor: CLASS FILE_CLASS CLASS name:TypeKt modality:FINAL visibility:public superTypes:[kotlin.Any]
i: [kapt] method getTypography()Landroidx/compose/material3/Typography; -> origin=OTHER element=KtProperty descriptor=IrBasedPropertyGetterDescriptor: FUN DEFAULT_PROPERTY_ACCESSOR name:<get-Typography> visibility:public modality:FINAL <> () returnType:androidx.compose.material3.Typography
i: [kapt] field Typography:Landroidx/compose/material3/Typography; -> origin=OTHER element=KtProperty descriptor=IrBasedFieldDescriptor: FIELD PROPERTY_BACKING_FIELD name:Typography type:androidx.compose.material3.Typography visibility:private [final,static]
i: [kapt] class com/leo/paleorecipes/util/SingleLiveEvent -> origin=OTHER element=KtClass descriptor=IrBasedClassDescriptor: CLASS CLASS name:SingleLiveEvent modality:FINAL visibility:public superTypes:[androidx.lifecycle.MutableLiveData<T of com.leo.paleorecipes.util.SingleLiveEvent>]
i: [kapt] method <init>()V -> origin=OTHER element=KtClass descriptor=IrBasedClassConstructorDescriptor: CONSTRUCTOR visibility:public <> () returnType:com.leo.paleorecipes.util.SingleLiveEvent<T of com.leo.paleorecipes.util.SingleLiveEvent> [primary]
i: [kapt] method observe(Landroidx/lifecycle/LifecycleOwner;Landroidx/lifecycle/Observer;)V -> origin=OTHER element=KtNamedFunction descriptor=IrBasedSimpleFunctionDescriptor: FUN name:observe visibility:public modality:OPEN <> ($this:com.leo.paleorecipes.util.SingleLiveEvent<T of com.leo.paleorecipes.util.SingleLiveEvent>, owner:androidx.lifecycle.LifecycleOwner, observer:androidx.lifecycle.Observer<in T of com.leo.paleorecipes.util.SingleLiveEvent>) returnType:kotlin.Unit
i: [kapt] method setValue(Ljava/lang/Object;)V -> origin=OTHER element=KtNamedFunction descriptor=IrBasedSimpleFunctionDescriptor: FUN name:setValue visibility:public modality:OPEN <> ($this:com.leo.paleorecipes.util.SingleLiveEvent<T of com.leo.paleorecipes.util.SingleLiveEvent>, t:T of com.leo.paleorecipes.util.SingleLiveEvent?) returnType:kotlin.Unit
i: [kapt] method call()V -> origin=OTHER element=KtNamedFunction descriptor=IrBasedSimpleFunctionDescriptor: FUN name:call visibility:public modality:FINAL <> ($this:com.leo.paleorecipes.util.SingleLiveEvent<T of com.leo.paleorecipes.util.SingleLiveEvent>) returnType:kotlin.Unit
i: [kapt] field pending:Ljava/util/concurrent/atomic/AtomicBoolean; -> origin=OTHER element=KtProperty descriptor=IrBasedFieldDescriptor: FIELD PROPERTY_BACKING_FIELD name:pending type:java.util.concurrent.atomic.AtomicBoolean visibility:private [final]
i: [kapt] class com/leo/paleorecipes/utils/ApiErrorHandler -> origin=OTHER element=KtObjectDeclaration descriptor=IrBasedClassDescriptor: CLASS OBJECT name:ApiErrorHandler modality:FINAL visibility:public superTypes:[kotlin.Any]
i: [kapt] method <init>()V -> origin=OTHER element=KtObjectDeclaration descriptor=IrBasedClassConstructorDescriptor: CONSTRUCTOR visibility:private <> () returnType:com.leo.paleorecipes.utils.ApiErrorHandler [primary]
i: [kapt] method getErrorMessage(Ljava/lang/Throwable;Landroid/content/Context;)Ljava/lang/String; -> origin=OTHER element=KtNamedFunction descriptor=IrBasedSimpleFunctionDescriptor: FUN name:getErrorMessage visibility:public modality:FINAL <> ($this:com.leo.paleorecipes.utils.ApiErrorHandler, throwable:kotlin.Throwable, context:android.content.Context) returnType:kotlin.String
i: [kapt] method getErrorMessageSuspend(Ljava/lang/Throwable;Landroid/content/Context;Lkotlin/coroutines/Continuation;)Ljava/lang/Object; -> origin=OTHER element=KtNamedFunction descriptor=IrBasedSimpleFunctionDescriptor: FUN name:getErrorMessageSuspend visibility:public modality:FINAL <> ($this:com.leo.paleorecipes.utils.ApiErrorHandler, throwable:kotlin.Throwable, context:android.content.Context, $completion:kotlin.coroutines.Continuation<kotlin.String>) returnType:kotlin.Any? [suspend]
i: [kapt] field INSTANCE:Lcom/leo/paleorecipes/utils/ApiErrorHandler; -> origin=OTHER element=null descriptor=IrBasedFieldDescriptor: FIELD FIELD_FOR_OBJECT_INSTANCE name:INSTANCE type:com.leo.paleorecipes.utils.ApiErrorHandler visibility:public [final,static]
i: [kapt] class com/leo/paleorecipes/utils/ApiResponse -> origin=OTHER element=KtClass descriptor=IrBasedClassDescriptor: CLASS CLASS name:ApiResponse modality:SEALED visibility:public superTypes:[kotlin.Any]
i: [kapt] method <init>()V -> origin=OTHER element=KtClass descriptor=IrBasedClassConstructorDescriptor: CONSTRUCTOR visibility:private <> () returnType:com.leo.paleorecipes.utils.ApiResponse<T of com.leo.paleorecipes.utils.ApiResponse> [primary]
i: [kapt] method toString()Ljava/lang/String; -> origin=OTHER element=KtNamedFunction descriptor=IrBasedSimpleFunctionDescriptor: FUN name:toString visibility:public modality:OPEN <> ($this:com.leo.paleorecipes.utils.ApiResponse<T of com.leo.paleorecipes.utils.ApiResponse>) returnType:kotlin.String
i: [kapt] method <init>(Lkotlin/jvm/internal/DefaultConstructorMarker;)V -> origin=OTHER element=null descriptor=IrBasedClassConstructorDescriptor: CONSTRUCTOR SYNTHETIC_ACCESSOR_FOR_HIDDEN_CONSTRUCTOR visibility:public <> ($constructor_marker:kotlin.jvm.internal.DefaultConstructorMarker?) returnType:com.leo.paleorecipes.utils.ApiResponse<T of com.leo.paleorecipes.utils.ApiResponse>
i: [kapt] class com/leo/paleorecipes/utils/ApiResponse$Success -> origin=OTHER element=KtClass descriptor=IrBasedClassDescriptor: CLASS CLASS name:Success modality:FINAL visibility:public [data] superTypes:[com.leo.paleorecipes.utils.ApiResponse<T of com.leo.paleorecipes.utils.ApiResponse.Success>]
i: [kapt] method <init>(Ljava/lang/Object;)V -> origin=OTHER element=KtClass descriptor=IrBasedClassConstructorDescriptor: CONSTRUCTOR visibility:public <> (data:T of com.leo.paleorecipes.utils.ApiResponse.Success) returnType:com.leo.paleorecipes.utils.ApiResponse.Success<T of com.leo.paleorecipes.utils.ApiResponse.Success> [primary]
i: [kapt] method getData()Ljava/lang/Object; -> origin=OTHER element=KtParameter descriptor=IrBasedPropertyGetterDescriptor: FUN DEFAULT_PROPERTY_ACCESSOR name:<get-data> visibility:public modality:FINAL <> ($this:com.leo.paleorecipes.utils.ApiResponse.Success<T of com.leo.paleorecipes.utils.ApiResponse.Success>) returnType:T of com.leo.paleorecipes.utils.ApiResponse.Success
i: [kapt] method component1()Ljava/lang/Object; -> origin=OTHER element=null descriptor=IrBasedSimpleFunctionDescriptor: FUN GENERATED_DATA_CLASS_MEMBER name:component1 visibility:public modality:FINAL <> ($this:com.leo.paleorecipes.utils.ApiResponse.Success<T of com.leo.paleorecipes.utils.ApiResponse.Success>) returnType:T of com.leo.paleorecipes.utils.ApiResponse.Success [operator]
i: [kapt] method copy(Ljava/lang/Object;)Lcom/leo/paleorecipes/utils/ApiResponse$Success; -> origin=OTHER element=null descriptor=IrBasedSimpleFunctionDescriptor: FUN GENERATED_DATA_CLASS_MEMBER name:copy visibility:public modality:FINAL <> ($this:com.leo.paleorecipes.utils.ApiResponse.Success<T of com.leo.paleorecipes.utils.ApiResponse.Success>, data:T of com.leo.paleorecipes.utils.ApiResponse.Success) returnType:com.leo.paleorecipes.utils.ApiResponse.Success<T of com.leo.paleorecipes.utils.ApiResponse.Success>
i: [kapt] method toString()Ljava/lang/String; -> origin=OTHER element=null descriptor=IrBasedSimpleFunctionDescriptor: FUN GENERATED_DATA_CLASS_MEMBER name:toString visibility:public modality:OPEN <> ($this:com.leo.paleorecipes.utils.ApiResponse.Success<T of com.leo.paleorecipes.utils.ApiResponse.Success>) returnType:kotlin.String
i: [kapt] method hashCode()I -> origin=OTHER element=null descriptor=IrBasedSimpleFunctionDescriptor: FUN GENERATED_DATA_CLASS_MEMBER name:hashCode visibility:public modality:OPEN <> ($this:com.leo.paleorecipes.utils.ApiResponse.Success<T of com.leo.paleorecipes.utils.ApiResponse.Success>) returnType:kotlin.Int
i: [kapt] method equals(Ljava/lang/Object;)Z -> origin=OTHER element=null descriptor=IrBasedSimpleFunctionDescriptor: FUN GENERATED_DATA_CLASS_MEMBER name:equals visibility:public modality:OPEN <> ($this:com.leo.paleorecipes.utils.ApiResponse.Success<T of com.leo.paleorecipes.utils.ApiResponse.Success>, other:kotlin.Any?) returnType:kotlin.Boolean [operator]
i: [kapt] field data:Ljava/lang/Object; -> origin=OTHER element=KtParameter descriptor=IrBasedFieldDescriptor: FIELD PROPERTY_BACKING_FIELD name:data type:T of com.leo.paleorecipes.utils.ApiResponse.Success visibility:private [final]
i: [kapt] class com/leo/paleorecipes/utils/ApiResponse$Error -> origin=OTHER element=KtClass descriptor=IrBasedClassDescriptor: CLASS CLASS name:Error modality:FINAL visibility:public [data] superTypes:[com.leo.paleorecipes.utils.ApiResponse<kotlin.Nothing>]
i: [kapt] method <init>(Ljava/lang/Exception;)V -> origin=OTHER element=KtClass descriptor=IrBasedClassConstructorDescriptor: CONSTRUCTOR visibility:public <> (exception:java.lang.Exception{ kotlin.TypeAliasesKt.Exception }) returnType:com.leo.paleorecipes.utils.ApiResponse.Error [primary]
i: [kapt] method getException()Ljava/lang/Exception; -> origin=OTHER element=KtParameter descriptor=IrBasedPropertyGetterDescriptor: FUN DEFAULT_PROPERTY_ACCESSOR name:<get-exception> visibility:public modality:FINAL <> ($this:com.leo.paleorecipes.utils.ApiResponse.Error) returnType:java.lang.Exception{ kotlin.TypeAliasesKt.Exception }
i: [kapt] method component1()Ljava/lang/Exception; -> origin=OTHER element=null descriptor=IrBasedSimpleFunctionDescriptor: FUN GENERATED_DATA_CLASS_MEMBER name:component1 visibility:public modality:FINAL <> ($this:com.leo.paleorecipes.utils.ApiResponse.Error) returnType:java.lang.Exception{ kotlin.TypeAliasesKt.Exception } [operator]
i: [kapt] method copy(Ljava/lang/Exception;)Lcom/leo/paleorecipes/utils/ApiResponse$Error; -> origin=OTHER element=null descriptor=IrBasedSimpleFunctionDescriptor: FUN GENERATED_DATA_CLASS_MEMBER name:copy visibility:public modality:FINAL <> ($this:com.leo.paleorecipes.utils.ApiResponse.Error, exception:java.lang.Exception{ kotlin.TypeAliasesKt.Exception }) returnType:com.leo.paleorecipes.utils.ApiResponse.Error
i: [kapt] method toString()Ljava/lang/String; -> origin=OTHER element=null descriptor=IrBasedSimpleFunctionDescriptor: FUN GENERATED_DATA_CLASS_MEMBER name:toString visibility:public modality:OPEN <> ($this:com.leo.paleorecipes.utils.ApiResponse.Error) returnType:kotlin.String
i: [kapt] method hashCode()I -> origin=OTHER element=null descriptor=IrBasedSimpleFunctionDescriptor: FUN GENERATED_DATA_CLASS_MEMBER name:hashCode visibility:public modality:OPEN <> ($this:com.leo.paleorecipes.utils.ApiResponse.Error) returnType:kotlin.Int
i: [kapt] method equals(Ljava/lang/Object;)Z -> origin=OTHER element=null descriptor=IrBasedSimpleFunctionDescriptor: FUN GENERATED_DATA_CLASS_MEMBER name:equals visibility:public modality:OPEN <> ($this:com.leo.paleorecipes.utils.ApiResponse.Error, other:kotlin.Any?) returnType:kotlin.Boolean [operator]
i: [kapt] field exception:Ljava/lang/Exception; -> origin=OTHER element=KtParameter descriptor=IrBasedFieldDescriptor: FIELD PROPERTY_BACKING_FIELD name:exception type:java.lang.Exception{ kotlin.TypeAliasesKt.Exception } visibility:private [final]
i: [kapt] class com/leo/paleorecipes/utils/ApiResponse$Loading -> origin=OTHER element=KtObjectDeclaration descriptor=IrBasedClassDescriptor: CLASS OBJECT name:Loading modality:FINAL visibility:public superTypes:[com.leo.paleorecipes.utils.ApiResponse<kotlin.Nothing>]
i: [kapt] method <init>()V -> origin=OTHER element=KtObjectDeclaration descriptor=IrBasedClassConstructorDescriptor: CONSTRUCTOR visibility:private <> () returnType:com.leo.paleorecipes.utils.ApiResponse.Loading [primary]
i: [kapt] field INSTANCE:Lcom/leo/paleorecipes/utils/ApiResponse$Loading; -> origin=OTHER element=null descriptor=IrBasedFieldDescriptor: FIELD FIELD_FOR_OBJECT_INSTANCE name:INSTANCE type:com.leo.paleorecipes.utils.ApiResponse.Loading visibility:public [final,static]
i: [kapt] class com/leo/paleorecipes/utils/ApiResponse$Empty -> origin=OTHER element=KtObjectDeclaration descriptor=IrBasedClassDescriptor: CLASS OBJECT name:Empty modality:FINAL visibility:public superTypes:[com.leo.paleorecipes.utils.ApiResponse<kotlin.Nothing>]
i: [kapt] method <init>()V -> origin=OTHER element=KtObjectDeclaration descriptor=IrBasedClassConstructorDescriptor: CONSTRUCTOR visibility:private <> () returnType:com.leo.paleorecipes.utils.ApiResponse.Empty [primary]
i: [kapt] field INSTANCE:Lcom/leo/paleorecipes/utils/ApiResponse$Empty; -> origin=OTHER element=null descriptor=IrBasedFieldDescriptor: FIELD FIELD_FOR_OBJECT_INSTANCE name:INSTANCE type:com.leo.paleorecipes.utils.ApiResponse.Empty visibility:public [final,static]
i: [kapt] class com/leo/paleorecipes/utils/ApiResponseKt -> origin=PACKAGE_PART element=KtFile descriptor=IrBasedClassDescriptor: CLASS FILE_CLASS CLASS name:ApiResponseKt modality:FINAL visibility:public superTypes:[kotlin.Any]
i: [kapt] method getSucceeded(Lcom/leo/paleorecipes/utils/ApiResponse;)Z -> origin=OTHER element=KtPropertyAccessor descriptor=IrBasedPropertyGetterDescriptor: FUN name:<get-succeeded> visibility:public modality:FINAL <> ($receiver:com.leo.paleorecipes.utils.ApiResponse<*>) returnType:kotlin.Boolean
i: [kapt] method map(Lcom/leo/paleorecipes/utils/ApiResponse;Lkotlin/jvm/functions/Function1;)Lcom/leo/paleorecipes/utils/ApiResponse; -> origin=OTHER element=KtNamedFunction descriptor=IrBasedSimpleFunctionDescriptor: FUN name:map visibility:public modality:FINAL <T, R> ($receiver:com.leo.paleorecipes.utils.ApiResponse<T of com.leo.paleorecipes.utils.ApiResponseKt.map>, transform:kotlin.Function1<T of com.leo.paleorecipes.utils.ApiResponseKt.map, R of com.leo.paleorecipes.utils.ApiResponseKt.map>) returnType:com.leo.paleorecipes.utils.ApiResponse<R of com.leo.paleorecipes.utils.ApiResponseKt.map> [inline]
i: [kapt] method getOrNull(Lcom/leo/paleorecipes/utils/ApiResponse;)Ljava/lang/Object; -> origin=OTHER element=KtNamedFunction descriptor=IrBasedSimpleFunctionDescriptor: FUN name:getOrNull visibility:public modality:FINAL <T> ($receiver:com.leo.paleorecipes.utils.ApiResponse<T of com.leo.paleorecipes.utils.ApiResponseKt.getOrNull>) returnType:T of com.leo.paleorecipes.utils.ApiResponseKt.getOrNull?
i: [kapt] method getOrDefault(Lcom/leo/paleorecipes/utils/ApiResponse;Ljava/lang/Object;)Ljava/lang/Object; -> origin=OTHER element=KtNamedFunction descriptor=IrBasedSimpleFunctionDescriptor: FUN name:getOrDefault visibility:public modality:FINAL <T> ($receiver:com.leo.paleorecipes.utils.ApiResponse<T of com.leo.paleorecipes.utils.ApiResponseKt.getOrDefault>, default:T of com.leo.paleorecipes.utils.ApiResponseKt.getOrDefault) returnType:T of com.leo.paleorecipes.utils.ApiResponseKt.getOrDefault
i: [kapt] method getOrThrow(Lcom/leo/paleorecipes/utils/ApiResponse;)Ljava/lang/Object; -> origin=OTHER element=KtNamedFunction descriptor=IrBasedSimpleFunctionDescriptor: FUN name:getOrThrow visibility:public modality:FINAL <T> ($receiver:com.leo.paleorecipes.utils.ApiResponse<T of com.leo.paleorecipes.utils.ApiResponseKt.getOrThrow>) returnType:T of com.leo.paleorecipes.utils.ApiResponseKt.getOrThrow
i: [kapt] method flatMap(Lcom/leo/paleorecipes/utils/ApiResponse;Lkotlin/jvm/functions/Function1;)Lcom/leo/paleorecipes/utils/ApiResponse; -> origin=OTHER element=KtNamedFunction descriptor=IrBasedSimpleFunctionDescriptor: FUN name:flatMap visibility:public modality:FINAL <T, R> ($receiver:com.leo.paleorecipes.utils.ApiResponse<T of com.leo.paleorecipes.utils.ApiResponseKt.flatMap>, transform:kotlin.Function1<T of com.leo.paleorecipes.utils.ApiResponseKt.flatMap, com.leo.paleorecipes.utils.ApiResponse<R of com.leo.paleorecipes.utils.ApiResponseKt.flatMap>>) returnType:com.leo.paleorecipes.utils.ApiResponse<R of com.leo.paleorecipes.utils.ApiResponseKt.flatMap> [inline]
i: [kapt] class com/leo/paleorecipes/utils/ConnectivityManagerNetworkMonitor -> origin=OTHER element=KtClass descriptor=IrBasedClassDescriptor: CLASS CLASS name:ConnectivityManagerNetworkMonitor modality:FINAL visibility:public superTypes:[com.leo.paleorecipes.utils.NetworkMonitor]
i: [kapt] method <init>(Landroid/content/Context;)V -> origin=OTHER element=KtClass descriptor=IrBasedClassConstructorDescriptor: CONSTRUCTOR visibility:public <> (context:android.content.Context) returnType:com.leo.paleorecipes.utils.ConnectivityManagerNetworkMonitor [primary]
i: [kapt] method isOnline()Lkotlinx/coroutines/flow/Flow; -> origin=OTHER element=KtProperty descriptor=IrBasedPropertyGetterDescriptor: FUN DEFAULT_PROPERTY_ACCESSOR name:<get-isOnline> visibility:public modality:OPEN <> ($this:com.leo.paleorecipes.utils.ConnectivityManagerNetworkMonitor) returnType:kotlinx.coroutines.flow.Flow<kotlin.Boolean>
i: [kapt] field isOnline:Lkotlinx/coroutines/flow/Flow; -> origin=OTHER element=KtProperty descriptor=IrBasedFieldDescriptor: FIELD PROPERTY_BACKING_FIELD name:isOnline type:kotlinx.coroutines.flow.Flow<kotlin.Boolean> visibility:private [final]
i: [kapt] class com/leo/paleorecipes/utils/DispatcherProvider -> origin=OTHER element=KtClass descriptor=IrBasedClassDescriptor: CLASS INTERFACE name:DispatcherProvider modality:ABSTRACT visibility:public superTypes:[kotlin.Any]
i: [kapt] method getMain()Lkotlinx/coroutines/CoroutineDispatcher; -> origin=OTHER element=KtProperty descriptor=IrBasedPropertyGetterDescriptor: FUN DEFAULT_PROPERTY_ACCESSOR name:<get-main> visibility:public modality:ABSTRACT <> ($this:com.leo.paleorecipes.utils.DispatcherProvider) returnType:kotlinx.coroutines.CoroutineDispatcher
i: [kapt] method getIo()Lkotlinx/coroutines/CoroutineDispatcher; -> origin=OTHER element=KtProperty descriptor=IrBasedPropertyGetterDescriptor: FUN DEFAULT_PROPERTY_ACCESSOR name:<get-io> visibility:public modality:ABSTRACT <> ($this:com.leo.paleorecipes.utils.DispatcherProvider) returnType:kotlinx.coroutines.CoroutineDispatcher
i: [kapt] method getDefault()Lkotlinx/coroutines/CoroutineDispatcher; -> origin=OTHER element=KtProperty descriptor=IrBasedPropertyGetterDescriptor: FUN DEFAULT_PROPERTY_ACCESSOR name:<get-default> visibility:public modality:ABSTRACT <> ($this:com.leo.paleorecipes.utils.DispatcherProvider) returnType:kotlinx.coroutines.CoroutineDispatcher
i: [kapt] method getUnconfined()Lkotlinx/coroutines/CoroutineDispatcher; -> origin=OTHER element=KtProperty descriptor=IrBasedPropertyGetterDescriptor: FUN DEFAULT_PROPERTY_ACCESSOR name:<get-unconfined> visibility:public modality:ABSTRACT <> ($this:com.leo.paleorecipes.utils.DispatcherProvider) returnType:kotlinx.coroutines.CoroutineDispatcher
i: [kapt] class com/leo/paleorecipes/utils/DefaultDispatcherProvider -> origin=OTHER element=KtClass descriptor=IrBasedClassDescriptor: CLASS CLASS name:DefaultDispatcherProvider modality:FINAL visibility:public superTypes:[com.leo.paleorecipes.utils.DispatcherProvider]
i: [kapt] method <init>()V -> origin=OTHER element=KtClass descriptor=IrBasedClassConstructorDescriptor: CONSTRUCTOR visibility:public <> () returnType:com.leo.paleorecipes.utils.DefaultDispatcherProvider [primary]
i: [kapt] method getMain()Lkotlinx/coroutines/CoroutineDispatcher; -> origin=OTHER element=KtPropertyAccessor descriptor=IrBasedPropertyGetterDescriptor: FUN name:<get-main> visibility:public modality:OPEN <> ($this:com.leo.paleorecipes.utils.DefaultDispatcherProvider) returnType:kotlinx.coroutines.CoroutineDispatcher
i: [kapt] method getIo()Lkotlinx/coroutines/CoroutineDispatcher; -> origin=OTHER element=KtPropertyAccessor descriptor=IrBasedPropertyGetterDescriptor: FUN name:<get-io> visibility:public modality:OPEN <> ($this:com.leo.paleorecipes.utils.DefaultDispatcherProvider) returnType:kotlinx.coroutines.CoroutineDispatcher
i: [kapt] method getDefault()Lkotlinx/coroutines/CoroutineDispatcher; -> origin=OTHER element=KtPropertyAccessor descriptor=IrBasedPropertyGetterDescriptor: FUN name:<get-default> visibility:public modality:OPEN <> ($this:com.leo.paleorecipes.utils.DefaultDispatcherProvider) returnType:kotlinx.coroutines.CoroutineDispatcher
i: [kapt] method getUnconfined()Lkotlinx/coroutines/CoroutineDispatcher; -> origin=OTHER element=KtPropertyAccessor descriptor=IrBasedPropertyGetterDescriptor: FUN name:<get-unconfined> visibility:public modality:OPEN <> ($this:com.leo.paleorecipes.utils.DefaultDispatcherProvider) returnType:kotlinx.coroutines.CoroutineDispatcher
i: [kapt] class com/leo/paleorecipes/utils/TestDispatcherProvider -> origin=OTHER element=KtClass descriptor=IrBasedClassDescriptor: CLASS CLASS name:TestDispatcherProvider modality:FINAL visibility:public superTypes:[com.leo.paleorecipes.utils.DispatcherProvider]
i: [kapt] method <init>(Lkotlinx/coroutines/CoroutineDispatcher;Lkotlinx/coroutines/CoroutineDispatcher;Lkotlinx/coroutines/CoroutineDispatcher;Lkotlinx/coroutines/CoroutineDispatcher;)V -> origin=OTHER element=KtClass descriptor=IrBasedClassConstructorDescriptor: CONSTRUCTOR visibility:public <> (main:kotlinx.coroutines.CoroutineDispatcher, io:kotlinx.coroutines.CoroutineDispatcher, default:kotlinx.coroutines.CoroutineDispatcher, unconfined:kotlinx.coroutines.CoroutineDispatcher) returnType:com.leo.paleorecipes.utils.TestDispatcherProvider [primary]
i: [kapt] method <init>(Lkotlinx/coroutines/CoroutineDispatcher;Lkotlinx/coroutines/CoroutineDispatcher;Lkotlinx/coroutines/CoroutineDispatcher;Lkotlinx/coroutines/CoroutineDispatcher;ILkotlin/jvm/internal/DefaultConstructorMarker;)V -> origin=OTHER element=KtClass descriptor=IrBasedClassConstructorDescriptor: CONSTRUCTOR FUNCTION_FOR_DEFAULT_PARAMETER visibility:public <> (main:kotlinx.coroutines.CoroutineDispatcher?, io:kotlinx.coroutines.CoroutineDispatcher?, default:kotlinx.coroutines.CoroutineDispatcher?, unconfined:kotlinx.coroutines.CoroutineDispatcher?, $mask0:kotlin.Int, $marker:kotlin.jvm.internal.DefaultConstructorMarker?) returnType:com.leo.paleorecipes.utils.TestDispatcherProvider
i: [kapt] method getMain()Lkotlinx/coroutines/CoroutineDispatcher; -> origin=OTHER element=KtParameter descriptor=IrBasedPropertyGetterDescriptor: FUN DEFAULT_PROPERTY_ACCESSOR name:<get-main> visibility:public modality:OPEN <> ($this:com.leo.paleorecipes.utils.TestDispatcherProvider) returnType:kotlinx.coroutines.CoroutineDispatcher
i: [kapt] method getIo()Lkotlinx/coroutines/CoroutineDispatcher; -> origin=OTHER element=KtParameter descriptor=IrBasedPropertyGetterDescriptor: FUN DEFAULT_PROPERTY_ACCESSOR name:<get-io> visibility:public modality:OPEN <> ($this:com.leo.paleorecipes.utils.TestDispatcherProvider) returnType:kotlinx.coroutines.CoroutineDispatcher
i: [kapt] method getDefault()Lkotlinx/coroutines/CoroutineDispatcher; -> origin=OTHER element=KtParameter descriptor=IrBasedPropertyGetterDescriptor: FUN DEFAULT_PROPERTY_ACCESSOR name:<get-default> visibility:public modality:OPEN <> ($this:com.leo.paleorecipes.utils.TestDispatcherProvider) returnType:kotlinx.coroutines.CoroutineDispatcher
i: [kapt] method getUnconfined()Lkotlinx/coroutines/CoroutineDispatcher; -> origin=OTHER element=KtParameter descriptor=IrBasedPropertyGetterDescriptor: FUN DEFAULT_PROPERTY_ACCESSOR name:<get-unconfined> visibility:public modality:OPEN <> ($this:com.leo.paleorecipes.utils.TestDispatcherProvider) returnType:kotlinx.coroutines.CoroutineDispatcher
i: [kapt] method <init>()V -> origin=OTHER element=null descriptor=IrBasedClassConstructorDescriptor: CONSTRUCTOR visibility:public <> () returnType:com.leo.paleorecipes.utils.TestDispatcherProvider
i: [kapt] field main:Lkotlinx/coroutines/CoroutineDispatcher; -> origin=OTHER element=KtParameter descriptor=IrBasedFieldDescriptor: FIELD PROPERTY_BACKING_FIELD name:main type:kotlinx.coroutines.CoroutineDispatcher visibility:private [final]
i: [kapt] field io:Lkotlinx/coroutines/CoroutineDispatcher; -> origin=OTHER element=KtParameter descriptor=IrBasedFieldDescriptor: FIELD PROPERTY_BACKING_FIELD name:io type:kotlinx.coroutines.CoroutineDispatcher visibility:private [final]
i: [kapt] field default:Lkotlinx/coroutines/CoroutineDispatcher; -> origin=OTHER element=KtParameter descriptor=IrBasedFieldDescriptor: FIELD PROPERTY_BACKING_FIELD name:default type:kotlinx.coroutines.CoroutineDispatcher visibility:private [final]
i: [kapt] field unconfined:Lkotlinx/coroutines/CoroutineDispatcher; -> origin=OTHER element=KtParameter descriptor=IrBasedFieldDescriptor: FIELD PROPERTY_BACKING_FIELD name:unconfined type:kotlinx.coroutines.CoroutineDispatcher visibility:private [final]
i: [kapt] class com/leo/paleorecipes/utils/DateTimeUtils -> origin=OTHER element=KtClass descriptor=IrBasedClassDescriptor: CLASS CLASS name:DateTimeUtils modality:FINAL visibility:public superTypes:[kotlin.Any]
i: [kapt] method <init>()V -> origin=OTHER element=KtClass descriptor=IrBasedClassConstructorDescriptor: CONSTRUCTOR visibility:public <> () returnType:com.leo.paleorecipes.utils.DateTimeUtils [primary]
i: [kapt] method formatDate(Ljava/util/Date;Ljava/lang/String;)Ljava/lang/String; -> origin=OTHER element=KtNamedFunction descriptor=IrBasedSimpleFunctionDescriptor: FUN name:formatDate visibility:public modality:FINAL <> ($this:com.leo.paleorecipes.utils.DateTimeUtils, date:java.util.Date, pattern:kotlin.String) returnType:kotlin.String
i: [kapt] method formatDate$default(Lcom/leo/paleorecipes/utils/DateTimeUtils;Ljava/util/Date;Ljava/lang/String;ILjava/lang/Object;)Ljava/lang/String; -> origin=OTHER element=KtNamedFunction descriptor=IrBasedSimpleFunctionDescriptor: FUN FUNCTION_FOR_DEFAULT_PARAMETER name:formatDate$default visibility:public modality:FINAL <> ($this:com.leo.paleorecipes.utils.DateTimeUtils, date:java.util.Date, pattern:kotlin.String?, $mask0:kotlin.Int, $handler:kotlin.Any?) returnType:kotlin.String
i: [kapt] method parseDate(Ljava/lang/String;Ljava/lang/String;)Ljava/util/Date; -> origin=OTHER element=KtNamedFunction descriptor=IrBasedSimpleFunctionDescriptor: FUN name:parseDate visibility:public modality:FINAL <> ($this:com.leo.paleorecipes.utils.DateTimeUtils, dateString:kotlin.String, pattern:kotlin.String) returnType:java.util.Date?
i: [kapt] method parseDate$default(Lcom/leo/paleorecipes/utils/DateTimeUtils;Ljava/lang/String;Ljava/lang/String;ILjava/lang/Object;)Ljava/util/Date; -> origin=OTHER element=KtNamedFunction descriptor=IrBasedSimpleFunctionDescriptor: FUN FUNCTION_FOR_DEFAULT_PARAMETER name:parseDate$default visibility:public modality:FINAL <> ($this:com.leo.paleorecipes.utils.DateTimeUtils, dateString:kotlin.String, pattern:kotlin.String?, $mask0:kotlin.Int, $handler:kotlin.Any?) returnType:java.util.Date?
i: [kapt] method getCurrentDateTime()Ljava/util/Date; -> origin=OTHER element=KtNamedFunction descriptor=IrBasedSimpleFunctionDescriptor: FUN name:getCurrentDateTime visibility:public modality:FINAL <> ($this:com.leo.paleorecipes.utils.DateTimeUtils) returnType:java.util.Date
i: [kapt] method getCurrentDateTimeFormatted(Ljava/lang/String;)Ljava/lang/String; -> origin=OTHER element=KtNamedFunction descriptor=IrBasedSimpleFunctionDescriptor: FUN name:getCurrentDateTimeFormatted visibility:public modality:FINAL <> ($this:com.leo.paleorecipes.utils.DateTimeUtils, pattern:kotlin.String) returnType:kotlin.String
i: [kapt] method getCurrentDateTimeFormatted$default(Lcom/leo/paleorecipes/utils/DateTimeUtils;Ljava/lang/String;ILjava/lang/Object;)Ljava/lang/String; -> origin=OTHER element=KtNamedFunction descriptor=IrBasedSimpleFunctionDescriptor: FUN FUNCTION_FOR_DEFAULT_PARAMETER name:getCurrentDateTimeFormatted$default visibility:public modality:FINAL <> ($this:com.leo.paleorecipes.utils.DateTimeUtils, pattern:kotlin.String?, $mask0:kotlin.Int, $handler:kotlin.Any?) returnType:kotlin.String
i: [kapt] method addDays(Ljava/util/Date;I)Ljava/util/Date; -> origin=OTHER element=KtNamedFunction descriptor=IrBasedSimpleFunctionDescriptor: FUN name:addDays visibility:public modality:FINAL <> ($this:com.leo.paleorecipes.utils.DateTimeUtils, date:java.util.Date, days:kotlin.Int) returnType:java.util.Date
i: [kapt] method getDaysBetween(Ljava/util/Date;Ljava/util/Date;)J -> origin=OTHER element=KtNamedFunction descriptor=IrBasedSimpleFunctionDescriptor: FUN name:getDaysBetween visibility:public modality:FINAL <> ($this:com.leo.paleorecipes.utils.DateTimeUtils, startDate:java.util.Date, endDate:java.util.Date) returnType:kotlin.Long
i: [kapt] method timestampToDateString(JLjava/lang/String;)Ljava/lang/String; -> origin=OTHER element=KtNamedFunction descriptor=IrBasedSimpleFunctionDescriptor: FUN name:timestampToDateString visibility:public modality:FINAL <> ($this:com.leo.paleorecipes.utils.DateTimeUtils, timestamp:kotlin.Long, pattern:kotlin.String) returnType:kotlin.String
i: [kapt] method timestampToDateString$default(Lcom/leo/paleorecipes/utils/DateTimeUtils;JLjava/lang/String;ILjava/lang/Object;)Ljava/lang/String; -> origin=OTHER element=KtNamedFunction descriptor=IrBasedSimpleFunctionDescriptor: FUN FUNCTION_FOR_DEFAULT_PARAMETER name:timestampToDateString$default visibility:public modality:FINAL <> ($this:com.leo.paleorecipes.utils.DateTimeUtils, timestamp:kotlin.Long, pattern:kotlin.String?, $mask0:kotlin.Int, $handler:kotlin.Any?) returnType:kotlin.String
i: [kapt] method dateStringToTimestamp(Ljava/lang/String;Ljava/lang/String;)J -> origin=OTHER element=KtNamedFunction descriptor=IrBasedSimpleFunctionDescriptor: FUN name:dateStringToTimestamp visibility:public modality:FINAL <> ($this:com.leo.paleorecipes.utils.DateTimeUtils, dateString:kotlin.String, pattern:kotlin.String) returnType:kotlin.Long
i: [kapt] method dateStringToTimestamp$default(Lcom/leo/paleorecipes/utils/DateTimeUtils;Ljava/lang/String;Ljava/lang/String;ILjava/lang/Object;)J -> origin=OTHER element=KtNamedFunction descriptor=IrBasedSimpleFunctionDescriptor: FUN FUNCTION_FOR_DEFAULT_PARAMETER name:dateStringToTimestamp$default visibility:public modality:FINAL <> ($this:com.leo.paleorecipes.utils.DateTimeUtils, dateString:kotlin.String, pattern:kotlin.String?, $mask0:kotlin.Int, $handler:kotlin.Any?) returnType:kotlin.Long
i: [kapt] method isToday(Ljava/util/Date;)Z -> origin=OTHER element=KtNamedFunction descriptor=IrBasedSimpleFunctionDescriptor: FUN name:isToday visibility:public modality:FINAL <> ($this:com.leo.paleorecipes.utils.DateTimeUtils, date:java.util.Date) returnType:kotlin.Boolean
i: [kapt] method isPastDate(Ljava/util/Date;)Z -> origin=OTHER element=KtNamedFunction descriptor=IrBasedSimpleFunctionDescriptor: FUN name:isPastDate visibility:public modality:FINAL <> ($this:com.leo.paleorecipes.utils.DateTimeUtils, date:java.util.Date) returnType:kotlin.Boolean
i: [kapt] method getRelativeTimeSpanString(Ljava/util/Date;)Ljava/lang/String; -> origin=OTHER element=KtNamedFunction descriptor=IrBasedSimpleFunctionDescriptor: FUN name:getRelativeTimeSpanString visibility:public modality:FINAL <> ($this:com.leo.paleorecipes.utils.DateTimeUtils, date:java.util.Date) returnType:kotlin.String
i: [kapt] field Companion:Lcom/leo/paleorecipes/utils/DateTimeUtils$Companion; -> origin=OTHER element=null descriptor=IrBasedFieldDescriptor: FIELD FIELD_FOR_OBJECT_INSTANCE name:Companion type:com.leo.paleorecipes.utils.DateTimeUtils.Companion visibility:public [final,static]
i: [kapt] field defaultLocale:Ljava/util/Locale; -> origin=OTHER element=KtProperty descriptor=IrBasedFieldDescriptor: FIELD PROPERTY_BACKING_FIELD name:defaultLocale type:@[FlexibleNullability] java.util.Locale? visibility:private [final]
i: [kapt] field DATE_FORMAT:Ljava/lang/String; -> origin=OTHER element=KtProperty descriptor=IrBasedFieldDescriptor: FIELD COMPANION_PROPERTY_BACKING_FIELD name:DATE_FORMAT type:kotlin.String visibility:public [final,static]
i: [kapt] field TIME_FORMAT:Ljava/lang/String; -> origin=OTHER element=KtProperty descriptor=IrBasedFieldDescriptor: FIELD COMPANION_PROPERTY_BACKING_FIELD name:TIME_FORMAT type:kotlin.String visibility:public [final,static]
i: [kapt] field DATE_TIME_FORMAT:Ljava/lang/String; -> origin=OTHER element=KtProperty descriptor=IrBasedFieldDescriptor: FIELD COMPANION_PROPERTY_BACKING_FIELD name:DATE_TIME_FORMAT type:kotlin.String visibility:public [final,static]
i: [kapt] field DISPLAY_DATE_FORMAT:Ljava/lang/String; -> origin=OTHER element=KtProperty descriptor=IrBasedFieldDescriptor: FIELD COMPANION_PROPERTY_BACKING_FIELD name:DISPLAY_DATE_FORMAT type:kotlin.String visibility:public [final,static]
i: [kapt] field DISPLAY_TIME_FORMAT:Ljava/lang/String; -> origin=OTHER element=KtProperty descriptor=IrBasedFieldDescriptor: FIELD COMPANION_PROPERTY_BACKING_FIELD name:DISPLAY_TIME_FORMAT type:kotlin.String visibility:public [final,static]
i: [kapt] field DISPLAY_DATE_TIME_FORMAT:Ljava/lang/String; -> origin=OTHER element=KtProperty descriptor=IrBasedFieldDescriptor: FIELD COMPANION_PROPERTY_BACKING_FIELD name:DISPLAY_DATE_TIME_FORMAT type:kotlin.String visibility:public [final,static]
i: [kapt] field ISO_8601_FORMAT:Ljava/lang/String; -> origin=OTHER element=KtProperty descriptor=IrBasedFieldDescriptor: FIELD COMPANION_PROPERTY_BACKING_FIELD name:ISO_8601_FORMAT type:kotlin.String visibility:public [final,static]
i: [kapt] class com/leo/paleorecipes/utils/DateTimeUtils$Companion -> origin=OTHER element=KtObjectDeclaration descriptor=IrBasedClassDescriptor: CLASS OBJECT name:Companion modality:FINAL visibility:public [companion] superTypes:[kotlin.Any]
i: [kapt] method <init>()V -> origin=OTHER element=KtObjectDeclaration descriptor=IrBasedClassConstructorDescriptor: CONSTRUCTOR visibility:private <> () returnType:com.leo.paleorecipes.utils.DateTimeUtils.Companion [primary]
i: [kapt] method <init>(Lkotlin/jvm/internal/DefaultConstructorMarker;)V -> origin=OTHER element=null descriptor=IrBasedClassConstructorDescriptor: CONSTRUCTOR SYNTHETIC_ACCESSOR visibility:public <> ($constructor_marker:kotlin.jvm.internal.DefaultConstructorMarker?) returnType:com.leo.paleorecipes.utils.DateTimeUtils.Companion
i: [kapt] class com/leo/paleorecipes/utils/FileUtils -> origin=OTHER element=KtClass descriptor=IrBasedClassDescriptor: CLASS CLASS name:FileUtils modality:FINAL visibility:public superTypes:[kotlin.Any]
i: [kapt] method <init>(Landroid/content/Context;)V -> origin=OTHER element=KtClass descriptor=IrBasedClassConstructorDescriptor: CONSTRUCTOR visibility:public <> (context:android.content.Context) returnType:com.leo.paleorecipes.utils.FileUtils [primary]
i: [kapt] method getAuthority()Ljava/lang/String; -> origin=OTHER element=KtProperty descriptor=IrBasedPropertyGetterDescriptor: FUN DELEGATED_PROPERTY_ACCESSOR name:<get-authority> visibility:private modality:FINAL <> ($this:com.leo.paleorecipes.utils.FileUtils) returnType:kotlin.String
i: [kapt] method createTempFile(Ljava/lang/String;Ljava/lang/String;)Ljava/io/File; -> origin=OTHER element=KtNamedFunction descriptor=IrBasedSimpleFunctionDescriptor: FUN name:createTempFile visibility:public modality:FINAL <> ($this:com.leo.paleorecipes.utils.FileUtils, prefix:kotlin.String, suffix:kotlin.String) returnType:java.io.File
i: [kapt] method createTempFile$default(Lcom/leo/paleorecipes/utils/FileUtils;Ljava/lang/String;Ljava/lang/String;ILjava/lang/Object;)Ljava/io/File; -> origin=OTHER element=KtNamedFunction descriptor=IrBasedSimpleFunctionDescriptor: FUN FUNCTION_FOR_DEFAULT_PARAMETER name:createTempFile$default visibility:public modality:FINAL <> ($this:com.leo.paleorecipes.utils.FileUtils, prefix:kotlin.String?, suffix:kotlin.String?, $mask0:kotlin.Int, $handler:kotlin.Any?) returnType:java.io.File
i: [kapt] method createImageFile(Ljava/lang/String;)Ljava/io/File; -> origin=OTHER element=KtNamedFunction descriptor=IrBasedSimpleFunctionDescriptor: FUN name:createImageFile visibility:public modality:FINAL <> ($this:com.leo.paleorecipes.utils.FileUtils, prefix:kotlin.String) returnType:java.io.File
i: [kapt] method createImageFile$default(Lcom/leo/paleorecipes/utils/FileUtils;Ljava/lang/String;ILjava/lang/Object;)Ljava/io/File; -> origin=OTHER element=KtNamedFunction descriptor=IrBasedSimpleFunctionDescriptor: FUN FUNCTION_FOR_DEFAULT_PARAMETER name:createImageFile$default visibility:public modality:FINAL <> ($this:com.leo.paleorecipes.utils.FileUtils, prefix:kotlin.String?, $mask0:kotlin.Int, $handler:kotlin.Any?) returnType:java.io.File
i: [kapt] method getFileExtension(Ljava/lang/String;)Ljava/lang/String; -> origin=OTHER element=KtNamedFunction descriptor=IrBasedSimpleFunctionDescriptor: FUN name:getFileExtension visibility:public modality:FINAL <> ($this:com.leo.paleorecipes.utils.FileUtils, fileName:kotlin.String) returnType:kotlin.String
i: [kapt] method getUriForFile(Ljava/io/File;)Landroid/net/Uri; -> origin=OTHER element=KtNamedFunction descriptor=IrBasedSimpleFunctionDescriptor: FUN name:getUriForFile visibility:public modality:FINAL <> ($this:com.leo.paleorecipes.utils.FileUtils, file:java.io.File) returnType:android.net.Uri
i: [kapt] method getRealPathFromUri(Landroid/net/Uri;)Ljava/lang/String; -> origin=OTHER element=KtNamedFunction descriptor=IrBasedSimpleFunctionDescriptor: FUN name:getRealPathFromUri visibility:public modality:FINAL <> ($this:com.leo.paleorecipes.utils.FileUtils, uri:android.net.Uri) returnType:kotlin.String?
i: [kapt] method getFileName(Landroid/net/Uri;)Ljava/lang/String; -> origin=OTHER element=KtNamedFunction descriptor=IrBasedSimpleFunctionDescriptor: FUN name:getFileName visibility:public modality:FINAL <> ($this:com.leo.paleorecipes.utils.FileUtils, uri:android.net.Uri) returnType:kotlin.String?
i: [kapt] method copyFile(Landroid/net/Uri;Ljava/io/File;)Z -> origin=OTHER element=KtNamedFunction descriptor=IrBasedSimpleFunctionDescriptor: FUN name:copyFile visibility:public modality:FINAL <> ($this:com.leo.paleorecipes.utils.FileUtils, sourceUri:android.net.Uri, destFile:java.io.File) returnType:kotlin.Boolean
i: [kapt] method deleteRecursive(Ljava/io/File;)Z -> origin=OTHER element=KtNamedFunction descriptor=IrBasedSimpleFunctionDescriptor: FUN name:deleteRecursive visibility:public modality:FINAL <> ($this:com.leo.paleorecipes.utils.FileUtils, fileOrDirectory:java.io.File) returnType:kotlin.Boolean
i: [kapt] method getDirectorySize(Ljava/io/File;)J -> origin=OTHER element=KtNamedFunction descriptor=IrBasedSimpleFunctionDescriptor: FUN name:getDirectorySize visibility:public modality:FINAL <> ($this:com.leo.paleorecipes.utils.FileUtils, directory:java.io.File) returnType:kotlin.Long
i: [kapt] method formatFileSize(J)Ljava/lang/String; -> origin=OTHER element=KtNamedFunction descriptor=IrBasedSimpleFunctionDescriptor: FUN name:formatFileSize visibility:public modality:FINAL <> ($this:com.leo.paleorecipes.utils.FileUtils, size:kotlin.Long) returnType:kotlin.String
i: [kapt] method isExternalStorageDocument(Landroid/net/Uri;)Z -> origin=OTHER element=KtNamedFunction descriptor=IrBasedSimpleFunctionDescriptor: FUN name:isExternalStorageDocument visibility:private modality:FINAL <> ($this:com.leo.paleorecipes.utils.FileUtils, uri:android.net.Uri) returnType:kotlin.Boolean
i: [kapt] method isDownloadsDocument(Landroid/net/Uri;)Z -> origin=OTHER element=KtNamedFunction descriptor=IrBasedSimpleFunctionDescriptor: FUN name:isDownloadsDocument visibility:private modality:FINAL <> ($this:com.leo.paleorecipes.utils.FileUtils, uri:android.net.Uri) returnType:kotlin.Boolean
i: [kapt] method isMediaDocument(Landroid/net/Uri;)Z -> origin=OTHER element=KtNamedFunction descriptor=IrBasedSimpleFunctionDescriptor: FUN name:isMediaDocument visibility:private modality:FINAL <> ($this:com.leo.paleorecipes.utils.FileUtils, uri:android.net.Uri) returnType:kotlin.Boolean
i: [kapt] method getDataColumn(Landroid/content/Context;Landroid/net/Uri;Ljava/lang/String;[Ljava/lang/String;)Ljava/lang/String; -> origin=OTHER element=KtNamedFunction descriptor=IrBasedSimpleFunctionDescriptor: FUN name:getDataColumn visibility:private modality:FINAL <> ($this:com.leo.paleorecipes.utils.FileUtils, context:android.content.Context, uri:android.net.Uri, selection:kotlin.String?, selectionArgs:kotlin.Array<kotlin.String>?) returnType:kotlin.String?
i: [kapt] method getMimeType(Ljava/io/File;)Ljava/lang/String; -> origin=OTHER element=null descriptor=IrBasedSimpleFunctionDescriptor: FUN JVM_STATIC_WRAPPER name:getMimeType visibility:public modality:FINAL <> (file:java.io.File) returnType:kotlin.String
i: [kapt] field Companion:Lcom/leo/paleorecipes/utils/FileUtils$Companion; -> origin=OTHER element=null descriptor=IrBasedFieldDescriptor: FIELD FIELD_FOR_OBJECT_INSTANCE name:Companion type:com.leo.paleorecipes.utils.FileUtils.Companion visibility:public [final,static]
i: [kapt] field authority$delegate:Lkotlin/Lazy; -> origin=OTHER element=KtProperty descriptor=IrBasedFieldDescriptor: FIELD PROPERTY_DELEGATE name:authority$delegate type:kotlin.Lazy<*> visibility:private [final]
i: [kapt] field IMAGE_DIRECTORY:Ljava/lang/String; -> origin=OTHER element=KtProperty descriptor=IrBasedFieldDescriptor: FIELD COMPANION_PROPERTY_BACKING_FIELD name:IMAGE_DIRECTORY type:kotlin.String visibility:private [final,static]
i: [kapt] field TEMP_FILE_PREFIX:Ljava/lang/String; -> origin=OTHER element=KtProperty descriptor=IrBasedFieldDescriptor: FIELD COMPANION_PROPERTY_BACKING_FIELD name:TEMP_FILE_PREFIX type:kotlin.String visibility:private [final,static]
i: [kapt] field TEMP_FILE_SUFFIX:Ljava/lang/String; -> origin=OTHER element=KtProperty descriptor=IrBasedFieldDescriptor: FIELD COMPANION_PROPERTY_BACKING_FIELD name:TEMP_FILE_SUFFIX type:kotlin.String visibility:private [final,static]
i: [kapt] class com/leo/paleorecipes/utils/FileUtils$Companion -> origin=OTHER element=KtObjectDeclaration descriptor=IrBasedClassDescriptor: CLASS OBJECT name:Companion modality:FINAL visibility:public [companion] superTypes:[kotlin.Any]
i: [kapt] method <init>()V -> origin=OTHER element=KtObjectDeclaration descriptor=IrBasedClassConstructorDescriptor: CONSTRUCTOR visibility:private <> () returnType:com.leo.paleorecipes.utils.FileUtils.Companion [primary]
i: [kapt] method getMimeType(Ljava/io/File;)Ljava/lang/String; -> origin=OTHER element=KtNamedFunction descriptor=IrBasedSimpleFunctionDescriptor: FUN name:getMimeType visibility:public modality:FINAL <> ($this:com.leo.paleorecipes.utils.FileUtils.Companion, file:java.io.File) returnType:kotlin.String
i: [kapt] method <init>(Lkotlin/jvm/internal/DefaultConstructorMarker;)V -> origin=OTHER element=null descriptor=IrBasedClassConstructorDescriptor: CONSTRUCTOR SYNTHETIC_ACCESSOR visibility:public <> ($constructor_marker:kotlin.jvm.internal.DefaultConstructorMarker?) returnType:com.leo.paleorecipes.utils.FileUtils.Companion
i: [kapt] class com/leo/paleorecipes/utils/ImageLoader -> origin=OTHER element=KtClass descriptor=IrBasedClassDescriptor: CLASS CLASS name:ImageLoader modality:FINAL visibility:public superTypes:[kotlin.Any]
i: [kapt] method <init>(Landroid/content/Context;)V -> origin=OTHER element=KtClass descriptor=IrBasedClassConstructorDescriptor: CONSTRUCTOR visibility:public <> (context:android.content.Context) returnType:com.leo.paleorecipes.utils.ImageLoader [primary]
i: [kapt] method loadImage(Ljava/lang/String;Landroid/widget/ImageView;IIZZLkotlin/jvm/functions/Function0;Lkotlin/jvm/functions/Function1;)V -> origin=OTHER element=KtNamedFunction descriptor=IrBasedSimpleFunctionDescriptor: FUN name:loadImage visibility:public modality:FINAL <> ($this:com.leo.paleorecipes.utils.ImageLoader, url:kotlin.String?, imageView:android.widget.ImageView, placeholderResId:kotlin.Int, errorResId:kotlin.Int, centerCrop:kotlin.Boolean, circleCrop:kotlin.Boolean, onSuccess:kotlin.Function0<kotlin.Unit>?, onError:kotlin.Function1<@[ParameterName(name = 'e')] com.bumptech.glide.load.engine.GlideException?, kotlin.Unit>?) returnType:kotlin.Unit
i: [kapt] method loadImage$default(Lcom/leo/paleorecipes/utils/ImageLoader;Ljava/lang/String;Landroid/widget/ImageView;IIZZLkotlin/jvm/functions/Function0;Lkotlin/jvm/functions/Function1;ILjava/lang/Object;)V -> origin=OTHER element=KtNamedFunction descriptor=IrBasedSimpleFunctionDescriptor: FUN FUNCTION_FOR_DEFAULT_PARAMETER name:loadImage$default visibility:public modality:FINAL <> ($this:com.leo.paleorecipes.utils.ImageLoader, url:kotlin.String?, imageView:android.widget.ImageView, placeholderResId:kotlin.Int, errorResId:kotlin.Int, centerCrop:kotlin.Boolean, circleCrop:kotlin.Boolean, onSuccess:kotlin.Function0<kotlin.Unit>?, onError:kotlin.Function1<@[ParameterName(name = 'e')] com.bumptech.glide.load.engine.GlideException?, kotlin.Unit>?, $mask0:kotlin.Int, $handler:kotlin.Any?) returnType:kotlin.Unit
i: [kapt] method loadImage(ILandroid/widget/ImageView;ZZ)V -> origin=OTHER element=KtNamedFunction descriptor=IrBasedSimpleFunctionDescriptor: FUN name:loadImage visibility:public modality:FINAL <> ($this:com.leo.paleorecipes.utils.ImageLoader, resourceId:kotlin.Int, imageView:android.widget.ImageView, centerCrop:kotlin.Boolean, circleCrop:kotlin.Boolean) returnType:kotlin.Unit
i: [kapt] method loadImage$default(Lcom/leo/paleorecipes/utils/ImageLoader;ILandroid/widget/ImageView;ZZILjava/lang/Object;)V -> origin=OTHER element=KtNamedFunction descriptor=IrBasedSimpleFunctionDescriptor: FUN FUNCTION_FOR_DEFAULT_PARAMETER name:loadImage$default visibility:public modality:FINAL <> ($this:com.leo.paleorecipes.utils.ImageLoader, resourceId:kotlin.Int, imageView:android.widget.ImageView, centerCrop:kotlin.Boolean, circleCrop:kotlin.Boolean, $mask0:kotlin.Int, $handler:kotlin.Any?) returnType:kotlin.Unit
i: [kapt] method loadImage(Landroid/net/Uri;Landroid/widget/ImageView;IIZZ)V -> origin=OTHER element=KtNamedFunction descriptor=IrBasedSimpleFunctionDescriptor: FUN name:loadImage visibility:public modality:FINAL <> ($this:com.leo.paleorecipes.utils.ImageLoader, uri:android.net.Uri?, imageView:android.widget.ImageView, placeholderResId:kotlin.Int, errorResId:kotlin.Int, centerCrop:kotlin.Boolean, circleCrop:kotlin.Boolean) returnType:kotlin.Unit
i: [kapt] method loadImage$default(Lcom/leo/paleorecipes/utils/ImageLoader;Landroid/net/Uri;Landroid/widget/ImageView;IIZZILjava/lang/Object;)V -> origin=OTHER element=KtNamedFunction descriptor=IrBasedSimpleFunctionDescriptor: FUN FUNCTION_FOR_DEFAULT_PARAMETER name:loadImage$default visibility:public modality:FINAL <> ($this:com.leo.paleorecipes.utils.ImageLoader, uri:android.net.Uri?, imageView:android.widget.ImageView, placeholderResId:kotlin.Int, errorResId:kotlin.Int, centerCrop:kotlin.Boolean, circleCrop:kotlin.Boolean, $mask0:kotlin.Int, $handler:kotlin.Any?) returnType:kotlin.Unit
i: [kapt] method loadImageAsBitmap(Ljava/lang/String;Lkotlin/jvm/functions/Function1;Lkotlin/jvm/functions/Function1;)V -> origin=OTHER element=KtNamedFunction descriptor=IrBasedSimpleFunctionDescriptor: FUN name:loadImageAsBitmap visibility:public modality:FINAL <> ($this:com.leo.paleorecipes.utils.ImageLoader, url:kotlin.String?, onSuccess:kotlin.Function1<android.graphics.Bitmap, kotlin.Unit>, onError:kotlin.Function1<@[ParameterName(name = 'e')] java.lang.Exception{ kotlin.TypeAliasesKt.Exception }, kotlin.Unit>) returnType:kotlin.Unit
i: [kapt] method loadImageAsBitmap$default(Lcom/leo/paleorecipes/utils/ImageLoader;Ljava/lang/String;Lkotlin/jvm/functions/Function1;Lkotlin/jvm/functions/Function1;ILjava/lang/Object;)V -> origin=OTHER element=KtNamedFunction descriptor=IrBasedSimpleFunctionDescriptor: FUN FUNCTION_FOR_DEFAULT_PARAMETER name:loadImageAsBitmap$default visibility:public modality:FINAL <> ($this:com.leo.paleorecipes.utils.ImageLoader, url:kotlin.String?, onSuccess:kotlin.Function1<android.graphics.Bitmap, kotlin.Unit>, onError:kotlin.Function1<@[ParameterName(name = 'e')] java.lang.Exception, kotlin.Unit>?, $mask0:kotlin.Int, $handler:kotlin.Any?) returnType:kotlin.Unit
i: [kapt] method clearMemoryCache()V -> origin=OTHER element=KtNamedFunction descriptor=IrBasedSimpleFunctionDescriptor: FUN name:clearMemoryCache visibility:public modality:FINAL <> ($this:com.leo.paleorecipes.utils.ImageLoader) returnType:kotlin.Unit
i: [kapt] method clearDiskCache()V -> origin=OTHER element=KtNamedFunction descriptor=IrBasedSimpleFunctionDescriptor: FUN name:clearDiskCache visibility:public modality:FINAL <> ($this:com.leo.paleorecipes.utils.ImageLoader) returnType:kotlin.Unit
i: [kapt] method clearView(Landroid/widget/ImageView;)V -> origin=OTHER element=KtNamedFunction descriptor=IrBasedSimpleFunctionDescriptor: FUN name:clearView visibility:public modality:FINAL <> ($this:com.leo.paleorecipes.utils.ImageLoader, view:android.widget.ImageView) returnType:kotlin.Unit
i: [kapt] method createGlideListener(Lkotlin/jvm/functions/Function0;Lkotlin/jvm/functions/Function1;)Lcom/bumptech/glide/request/RequestListener; -> origin=OTHER element=KtNamedFunction descriptor=IrBasedSimpleFunctionDescriptor: FUN name:createGlideListener visibility:private modality:FINAL <T> ($this:com.leo.paleorecipes.utils.ImageLoader, onSuccess:kotlin.Function0<kotlin.Unit>?, onError:kotlin.Function1<@[ParameterName(name = 'e')] com.bumptech.glide.load.engine.GlideException?, kotlin.Unit>?) returnType:com.bumptech.glide.request.RequestListener<T of com.leo.paleorecipes.utils.ImageLoader.createGlideListener>?
i: [kapt] method applyTransformations(Lcom/bumptech/glide/RequestBuilder;ZZ)V -> origin=OTHER element=KtNamedFunction descriptor=IrBasedSimpleFunctionDescriptor: FUN name:applyTransformations visibility:private modality:FINAL <T> ($this:com.leo.paleorecipes.utils.ImageLoader, requestBuilder:com.bumptech.glide.RequestBuilder<T of com.leo.paleorecipes.utils.ImageLoader.applyTransformations>, centerCrop:kotlin.Boolean, circleCrop:kotlin.Boolean) returnType:kotlin.Unit
i: [kapt] field Companion:Lcom/leo/paleorecipes/utils/ImageLoader$Companion; -> origin=OTHER element=null descriptor=IrBasedFieldDescriptor: FIELD FIELD_FOR_OBJECT_INSTANCE name:Companion type:com.leo.paleorecipes.utils.ImageLoader.Companion visibility:public [final,static]
i: [kapt] class com/leo/paleorecipes/utils/ImageLoader$Companion -> origin=OTHER element=KtObjectDeclaration descriptor=IrBasedClassDescriptor: CLASS OBJECT name:Companion modality:FINAL visibility:public [companion] superTypes:[kotlin.Any]
i: [kapt] method <init>()V -> origin=OTHER element=KtObjectDeclaration descriptor=IrBasedClassConstructorDescriptor: CONSTRUCTOR visibility:private <> () returnType:com.leo.paleorecipes.utils.ImageLoader.Companion [primary]
i: [kapt] method preloadImage(Landroid/content/Context;Ljava/lang/String;)V -> origin=OTHER element=KtNamedFunction descriptor=IrBasedSimpleFunctionDescriptor: FUN name:preloadImage visibility:public modality:FINAL <> ($this:com.leo.paleorecipes.utils.ImageLoader.Companion, context:android.content.Context, url:kotlin.String) returnType:kotlin.Unit
i: [kapt] method clearAllCaches(Landroid/content/Context;)V -> origin=OTHER element=KtNamedFunction descriptor=IrBasedSimpleFunctionDescriptor: FUN name:clearAllCaches visibility:public modality:FINAL <> ($this:com.leo.paleorecipes.utils.ImageLoader.Companion, context:android.content.Context) returnType:kotlin.Unit
i: [kapt] method <init>(Lkotlin/jvm/internal/DefaultConstructorMarker;)V -> origin=OTHER element=null descriptor=IrBasedClassConstructorDescriptor: CONSTRUCTOR SYNTHETIC_ACCESSOR visibility:public <> ($constructor_marker:kotlin.jvm.internal.DefaultConstructorMarker?) returnType:com.leo.paleorecipes.utils.ImageLoader.Companion
i: [kapt] class com/leo/paleorecipes/utils/ImageUtils -> origin=OTHER element=KtObjectDeclaration descriptor=IrBasedClassDescriptor: CLASS OBJECT name:ImageUtils modality:FINAL visibility:public superTypes:[kotlin.Any]
i: [kapt] method <init>()V -> origin=OTHER element=KtObjectDeclaration descriptor=IrBasedClassConstructorDescriptor: CONSTRUCTOR visibility:private <> () returnType:com.leo.paleorecipes.utils.ImageUtils [primary]
i: [kapt] method initImageCache(Landroid/content/Context;)V -> origin=OTHER element=KtNamedFunction descriptor=IrBasedSimpleFunctionDescriptor: FUN name:initImageCache visibility:public modality:FINAL <> ($this:com.leo.paleorecipes.utils.ImageUtils, context:android.content.Context) returnType:kotlin.Unit
i: [kapt] method saveImageToInternalStorage(Landroid/content/Context;Landroid/net/Uri;)Ljava/lang/String; -> origin=OTHER element=KtNamedFunction descriptor=IrBasedSimpleFunctionDescriptor: FUN name:saveImageToInternalStorage visibility:public modality:FINAL <> ($this:com.leo.paleorecipes.utils.ImageUtils, context:android.content.Context, imageUri:android.net.Uri) returnType:kotlin.String?
i: [kapt] method getFilePathFromUri(Landroid/content/Context;Ljava/lang/String;)Ljava/lang/String; -> origin=OTHER element=KtNamedFunction descriptor=IrBasedSimpleFunctionDescriptor: FUN name:getFilePathFromUri visibility:public modality:FINAL <> ($this:com.leo.paleorecipes.utils.ImageUtils, context:android.content.Context, uri:kotlin.String) returnType:kotlin.String?
i: [kapt] method isImageFileExists(Ljava/lang/String;)Z -> origin=OTHER element=KtNamedFunction descriptor=IrBasedSimpleFunctionDescriptor: FUN name:isImageFileExists visibility:public modality:FINAL <> ($this:com.leo.paleorecipes.utils.ImageUtils, filePath:kotlin.String?) returnType:kotlin.Boolean
i: [kapt] method cleanupOrphanedImages(Landroid/content/Context;Ljava/util/List;)V -> origin=OTHER element=KtNamedFunction descriptor=IrBasedSimpleFunctionDescriptor: FUN name:cleanupOrphanedImages visibility:public modality:FINAL <> ($this:com.leo.paleorecipes.utils.ImageUtils, context:android.content.Context, imageUris:kotlin.collections.List<kotlin.String?>) returnType:kotlin.Unit
i: [kapt] field INSTANCE:Lcom/leo/paleorecipes/utils/ImageUtils; -> origin=OTHER element=null descriptor=IrBasedFieldDescriptor: FIELD FIELD_FOR_OBJECT_INSTANCE name:INSTANCE type:com.leo.paleorecipes.utils.ImageUtils visibility:public [final,static]
i: [kapt] field TAG:Ljava/lang/String; -> origin=OTHER element=KtProperty descriptor=IrBasedFieldDescriptor: FIELD PROPERTY_BACKING_FIELD name:TAG type:kotlin.String visibility:private [final,static]
i: [kapt] field IMAGE_DIR:Ljava/lang/String; -> origin=OTHER element=KtProperty descriptor=IrBasedFieldDescriptor: FIELD PROPERTY_BACKING_FIELD name:IMAGE_DIR type:kotlin.String visibility:private [final,static]
i: [kapt] field imageCacheDir:Ljava/io/File; -> origin=OTHER element=KtProperty descriptor=IrBasedFieldDescriptor: FIELD PROPERTY_BACKING_FIELD name:imageCacheDir type:java.io.File? visibility:private [static]
i: [kapt] class com/leo/paleorecipes/utils/NetworkConnectivityObserver -> origin=OTHER element=KtClass descriptor=IrBasedClassDescriptor: CLASS CLASS name:NetworkConnectivityObserver modality:FINAL visibility:public superTypes:[com.leo.paleorecipes.utils.NetworkMonitor]
i: [kapt] method <init>(Landroid/content/Context;)V -> origin=OTHER element=KtClass descriptor=IrBasedClassConstructorDescriptor: CONSTRUCTOR visibility:public <> (context:android.content.Context) returnType:com.leo.paleorecipes.utils.NetworkConnectivityObserver [primary]
i: [kapt] method isOnline()Lkotlinx/coroutines/flow/Flow; -> origin=OTHER element=KtProperty descriptor=IrBasedPropertyGetterDescriptor: FUN DEFAULT_PROPERTY_ACCESSOR name:<get-isOnline> visibility:public modality:OPEN <> ($this:com.leo.paleorecipes.utils.NetworkConnectivityObserver) returnType:kotlinx.coroutines.flow.Flow<kotlin.Boolean>
i: [kapt] method isCurrentlyConnected()Z -> origin=OTHER element=KtNamedFunction descriptor=IrBasedSimpleFunctionDescriptor: FUN name:isCurrentlyConnected visibility:public modality:FINAL <> ($this:com.leo.paleorecipes.utils.NetworkConnectivityObserver) returnType:kotlin.Boolean
i: [kapt] field connectivityManager:Landroid/net/ConnectivityManager; -> origin=OTHER element=KtProperty descriptor=IrBasedFieldDescriptor: FIELD PROPERTY_BACKING_FIELD name:connectivityManager type:android.net.ConnectivityManager visibility:private [final]
i: [kapt] class com/leo/paleorecipes/utils/NetworkMonitor -> origin=OTHER element=KtClass descriptor=IrBasedClassDescriptor: CLASS INTERFACE name:NetworkMonitor modality:ABSTRACT visibility:public superTypes:[kotlin.Any]
i: [kapt] method isOnline()Lkotlinx/coroutines/flow/Flow; -> origin=OTHER element=KtProperty descriptor=IrBasedPropertyGetterDescriptor: FUN DEFAULT_PROPERTY_ACCESSOR name:<get-isOnline> visibility:public modality:ABSTRACT <> ($this:com.leo.paleorecipes.utils.NetworkMonitor) returnType:kotlinx.coroutines.flow.Flow<kotlin.Boolean>
i: [kapt] class com/leo/paleorecipes/utils/NetworkUtils -> origin=OTHER element=KtObjectDeclaration descriptor=IrBasedClassDescriptor: CLASS OBJECT name:NetworkUtils modality:FINAL visibility:public superTypes:[kotlin.Any]
i: [kapt] method <init>()V -> origin=OTHER element=KtObjectDeclaration descriptor=IrBasedClassConstructorDescriptor: CONSTRUCTOR visibility:private <> () returnType:com.leo.paleorecipes.utils.NetworkUtils [primary]
i: [kapt] method isNetworkAvailable(Landroid/content/Context;)Z -> origin=OTHER element=KtNamedFunction descriptor=IrBasedSimpleFunctionDescriptor: FUN name:isNetworkAvailable visibility:public modality:FINAL <> ($this:com.leo.paleorecipes.utils.NetworkUtils, context:android.content.Context) returnType:kotlin.Boolean
i: [kapt] method isMeteredNetwork(Landroid/content/Context;)Z -> origin=OTHER element=KtNamedFunction descriptor=IrBasedSimpleFunctionDescriptor: FUN name:isMeteredNetwork visibility:public modality:FINAL <> ($this:com.leo.paleorecipes.utils.NetworkUtils, context:android.content.Context) returnType:kotlin.Boolean
i: [kapt] field INSTANCE:Lcom/leo/paleorecipes/utils/NetworkUtils; -> origin=OTHER element=null descriptor=IrBasedFieldDescriptor: FIELD FIELD_FOR_OBJECT_INSTANCE name:INSTANCE type:com.leo.paleorecipes.utils.NetworkUtils visibility:public [final,static]
i: [kapt] class com/leo/paleorecipes/utils/PreferenceHelper -> origin=OTHER element=KtClass descriptor=IrBasedClassDescriptor: CLASS CLASS name:PreferenceHelper modality:FINAL visibility:public superTypes:[kotlin.Any]
i: [kapt] method <init>(Landroid/content/Context;Ljava/lang/String;)V -> origin=OTHER element=KtClass descriptor=IrBasedClassConstructorDescriptor: CONSTRUCTOR visibility:public <> (context:android.content.Context, preferenceName:kotlin.String) returnType:com.leo.paleorecipes.utils.PreferenceHelper [primary]
i: [kapt] method <init>(Landroid/content/Context;Ljava/lang/String;ILkotlin/jvm/internal/DefaultConstructorMarker;)V -> origin=OTHER element=KtClass descriptor=IrBasedClassConstructorDescriptor: CONSTRUCTOR FUNCTION_FOR_DEFAULT_PARAMETER visibility:public <> (context:android.content.Context, preferenceName:kotlin.String?, $mask0:kotlin.Int, $marker:kotlin.jvm.internal.DefaultConstructorMarker?) returnType:com.leo.paleorecipes.utils.PreferenceHelper
i: [kapt] method save(Ljava/lang/String;Ljava/lang/Object;)V -> origin=OTHER element=KtNamedFunction descriptor=IrBasedSimpleFunctionDescriptor: FUN name:save visibility:public modality:FINAL <T> ($this:com.leo.paleorecipes.utils.PreferenceHelper, key:kotlin.String, value:T of com.leo.paleorecipes.utils.PreferenceHelper.save) returnType:kotlin.Unit
i: [kapt] method get(Ljava/lang/String;Ljava/lang/Object;)Ljava/lang/Object; -> origin=OTHER element=KtNamedFunction descriptor=IrBasedSimpleFunctionDescriptor: FUN name:get visibility:public modality:FINAL <T> ($this:com.leo.paleorecipes.utils.PreferenceHelper, key:kotlin.String, defaultValue:T of com.leo.paleorecipes.utils.PreferenceHelper.get) returnType:T of com.leo.paleorecipes.utils.PreferenceHelper.get
i: [kapt] method remove(Ljava/lang/String;)V -> origin=OTHER element=KtNamedFunction descriptor=IrBasedSimpleFunctionDescriptor: FUN name:remove visibility:public modality:FINAL <> ($this:com.leo.paleorecipes.utils.PreferenceHelper, key:kotlin.String) returnType:kotlin.Unit
i: [kapt] method contains(Ljava/lang/String;)Z -> origin=OTHER element=KtNamedFunction descriptor=IrBasedSimpleFunctionDescriptor: FUN name:contains visibility:public modality:FINAL <> ($this:com.leo.paleorecipes.utils.PreferenceHelper, key:kotlin.String) returnType:kotlin.Boolean
i: [kapt] method clear()V -> origin=OTHER element=KtNamedFunction descriptor=IrBasedSimpleFunctionDescriptor: FUN name:clear visibility:public modality:FINAL <> ($this:com.leo.paleorecipes.utils.PreferenceHelper) returnType:kotlin.Unit
i: [kapt] method registerOnSharedPreferenceChangeListener(Landroid/content/SharedPreferences$OnSharedPreferenceChangeListener;)V -> origin=OTHER element=KtNamedFunction descriptor=IrBasedSimpleFunctionDescriptor: FUN name:registerOnSharedPreferenceChangeListener visibility:public modality:FINAL <> ($this:com.leo.paleorecipes.utils.PreferenceHelper, listener:android.content.SharedPreferences.OnSharedPreferenceChangeListener) returnType:kotlin.Unit
i: [kapt] method unregisterOnSharedPreferenceChangeListener(Landroid/content/SharedPreferences$OnSharedPreferenceChangeListener;)V -> origin=OTHER element=KtNamedFunction descriptor=IrBasedSimpleFunctionDescriptor: FUN name:unregisterOnSharedPreferenceChangeListener visibility:public modality:FINAL <> ($this:com.leo.paleorecipes.utils.PreferenceHelper, listener:android.content.SharedPreferences.OnSharedPreferenceChangeListener) returnType:kotlin.Unit
i: [kapt] field preferenceName:Ljava/lang/String; -> origin=OTHER element=KtParameter descriptor=IrBasedFieldDescriptor: FIELD PROPERTY_BACKING_FIELD name:preferenceName type:kotlin.String visibility:private [final]
i: [kapt] field prefs:Lkotlin/Lazy; -> origin=OTHER element=KtProperty descriptor=IrBasedFieldDescriptor: FIELD PROPERTY_BACKING_FIELD name:prefs type:kotlin.Lazy<android.content.SharedPreferences> visibility:private [final]
i: [kapt] class com/leo/paleorecipes/utils/Resource -> origin=OTHER element=KtClass descriptor=IrBasedClassDescriptor: CLASS CLASS name:Resource modality:SEALED visibility:public superTypes:[kotlin.Any]
i: [kapt] method <init>(Ljava/lang/Object;Ljava/lang/String;Ljava/lang/Throwable;)V -> origin=OTHER element=KtClass descriptor=IrBasedClassConstructorDescriptor: CONSTRUCTOR visibility:private <> (data:T of com.leo.paleorecipes.utils.Resource?, message:kotlin.String?, throwable:kotlin.Throwable?) returnType:com.leo.paleorecipes.utils.Resource<T of com.leo.paleorecipes.utils.Resource> [primary]
i: [kapt] method <init>(Ljava/lang/Object;Ljava/lang/String;Ljava/lang/Throwable;ILkotlin/jvm/internal/DefaultConstructorMarker;)V -> origin=OTHER element=KtClass descriptor=IrBasedClassConstructorDescriptor: CONSTRUCTOR FUNCTION_FOR_DEFAULT_PARAMETER visibility:public <> (data:T of com.leo.paleorecipes.utils.Resource?, message:kotlin.String?, throwable:kotlin.Throwable?, $mask0:kotlin.Int, $marker:kotlin.jvm.internal.DefaultConstructorMarker?) returnType:com.leo.paleorecipes.utils.Resource<T of com.leo.paleorecipes.utils.Resource>
i: [kapt] method getData()Ljava/lang/Object; -> origin=OTHER element=KtParameter descriptor=IrBasedPropertyGetterDescriptor: FUN DEFAULT_PROPERTY_ACCESSOR name:<get-data> visibility:public modality:FINAL <> ($this:com.leo.paleorecipes.utils.Resource<T of com.leo.paleorecipes.utils.Resource>) returnType:T of com.leo.paleorecipes.utils.Resource?
i: [kapt] method getMessage()Ljava/lang/String; -> origin=OTHER element=KtParameter descriptor=IrBasedPropertyGetterDescriptor: FUN DEFAULT_PROPERTY_ACCESSOR name:<get-message> visibility:public modality:FINAL <> ($this:com.leo.paleorecipes.utils.Resource<T of com.leo.paleorecipes.utils.Resource>) returnType:kotlin.String?
i: [kapt] method getThrowable()Ljava/lang/Throwable; -> origin=OTHER element=KtParameter descriptor=IrBasedPropertyGetterDescriptor: FUN DEFAULT_PROPERTY_ACCESSOR name:<get-throwable> visibility:public modality:FINAL <> ($this:com.leo.paleorecipes.utils.Resource<T of com.leo.paleorecipes.utils.Resource>) returnType:kotlin.Throwable?
i: [kapt] method isSuccess()Z -> origin=OTHER element=KtPropertyAccessor descriptor=IrBasedPropertyGetterDescriptor: FUN name:<get-isSuccess> visibility:public modality:FINAL <> ($this:com.leo.paleorecipes.utils.Resource<T of com.leo.paleorecipes.utils.Resource>) returnType:kotlin.Boolean
i: [kapt] method isLoading()Z -> origin=OTHER element=KtPropertyAccessor descriptor=IrBasedPropertyGetterDescriptor: FUN name:<get-isLoading> visibility:public modality:FINAL <> ($this:com.leo.paleorecipes.utils.Resource<T of com.leo.paleorecipes.utils.Resource>) returnType:kotlin.Boolean
i: [kapt] method isError()Z -> origin=OTHER element=KtPropertyAccessor descriptor=IrBasedPropertyGetterDescriptor: FUN name:<get-isError> visibility:public modality:FINAL <> ($this:com.leo.paleorecipes.utils.Resource<T of com.leo.paleorecipes.utils.Resource>) returnType:kotlin.Boolean
i: [kapt] method getOrNull()Ljava/lang/Object; -> origin=OTHER element=KtNamedFunction descriptor=IrBasedSimpleFunctionDescriptor: FUN name:getOrNull visibility:public modality:FINAL <> ($this:com.leo.paleorecipes.utils.Resource<T of com.leo.paleorecipes.utils.Resource>) returnType:T of com.leo.paleorecipes.utils.Resource?
i: [kapt] method getOrDefault(Ljava/lang/Object;)Ljava/lang/Object; -> origin=OTHER element=KtNamedFunction descriptor=IrBasedSimpleFunctionDescriptor: FUN name:getOrDefault visibility:public modality:FINAL <> ($this:com.leo.paleorecipes.utils.Resource<T of com.leo.paleorecipes.utils.Resource>, default:T of com.leo.paleorecipes.utils.Resource) returnType:T of com.leo.paleorecipes.utils.Resource
i: [kapt] method getOrThrow()Ljava/lang/Object; -> origin=OTHER element=KtNamedFunction descriptor=IrBasedSimpleFunctionDescriptor: FUN name:getOrThrow visibility:public modality:FINAL <> ($this:com.leo.paleorecipes.utils.Resource<T of com.leo.paleorecipes.utils.Resource>) returnType:T of com.leo.paleorecipes.utils.Resource
i: [kapt] method map(Lkotlin/jvm/functions/Function1;)Lcom/leo/paleorecipes/utils/Resource; -> origin=OTHER element=KtNamedFunction descriptor=IrBasedSimpleFunctionDescriptor: FUN name:map visibility:public modality:FINAL <R> ($this:com.leo.paleorecipes.utils.Resource<T of com.leo.paleorecipes.utils.Resource>, transform:kotlin.Function1<T of com.leo.paleorecipes.utils.Resource, R of com.leo.paleorecipes.utils.Resource.map>) returnType:com.leo.paleorecipes.utils.Resource<R of com.leo.paleorecipes.utils.Resource.map>
i: [kapt] method flatMap(Lkotlin/jvm/functions/Function1;)Lcom/leo/paleorecipes/utils/Resource; -> origin=OTHER element=KtNamedFunction descriptor=IrBasedSimpleFunctionDescriptor: FUN name:flatMap visibility:public modality:FINAL <R> ($this:com.leo.paleorecipes.utils.Resource<T of com.leo.paleorecipes.utils.Resource>, transform:kotlin.Function1<T of com.leo.paleorecipes.utils.Resource, com.leo.paleorecipes.utils.Resource<R of com.leo.paleorecipes.utils.Resource.flatMap>>) returnType:com.leo.paleorecipes.utils.Resource<R of com.leo.paleorecipes.utils.Resource.flatMap>
i: [kapt] method onSuccess(Lkotlin/jvm/functions/Function1;)Lcom/leo/paleorecipes/utils/Resource; -> origin=OTHER element=KtNamedFunction descriptor=IrBasedSimpleFunctionDescriptor: FUN name:onSuccess visibility:public modality:FINAL <> ($this:com.leo.paleorecipes.utils.Resource<T of com.leo.paleorecipes.utils.Resource>, action:kotlin.Function1<T of com.leo.paleorecipes.utils.Resource, kotlin.Unit>) returnType:com.leo.paleorecipes.utils.Resource<T of com.leo.paleorecipes.utils.Resource>
i: [kapt] method onError(Lkotlin/jvm/functions/Function2;)Lcom/leo/paleorecipes/utils/Resource; -> origin=OTHER element=KtNamedFunction descriptor=IrBasedSimpleFunctionDescriptor: FUN name:onError visibility:public modality:FINAL <> ($this:com.leo.paleorecipes.utils.Resource<T of com.leo.paleorecipes.utils.Resource>, action:kotlin.Function2<@[ParameterName(name = 'message')] kotlin.String?, @[ParameterName(name = 'throwable')] kotlin.Throwable?, kotlin.Unit>) returnType:com.leo.paleorecipes.utils.Resource<T of com.leo.paleorecipes.utils.Resource>
i: [kapt] method onLoading(Lkotlin/jvm/functions/Function1;)Lcom/leo/paleorecipes/utils/Resource; -> origin=OTHER element=KtNamedFunction descriptor=IrBasedSimpleFunctionDescriptor: FUN name:onLoading visibility:public modality:FINAL <> ($this:com.leo.paleorecipes.utils.Resource<T of com.leo.paleorecipes.utils.Resource>, action:kotlin.Function1<T of com.leo.paleorecipes.utils.Resource?, kotlin.Unit>) returnType:com.leo.paleorecipes.utils.Resource<T of com.leo.paleorecipes.utils.Resource>
i: [kapt] method <init>(Ljava/lang/Object;Ljava/lang/String;)V -> origin=OTHER element=null descriptor=IrBasedClassConstructorDescriptor: CONSTRUCTOR JVM_OVERLOADS_WRAPPER visibility:private <> (data:T of com.leo.paleorecipes.utils.Resource?, message:kotlin.String?) returnType:com.leo.paleorecipes.utils.Resource<T of com.leo.paleorecipes.utils.Resource>
i: [kapt] method <init>(Ljava/lang/Object;)V -> origin=OTHER element=null descriptor=IrBasedClassConstructorDescriptor: CONSTRUCTOR JVM_OVERLOADS_WRAPPER visibility:private <> (data:T of com.leo.paleorecipes.utils.Resource?) returnType:com.leo.paleorecipes.utils.Resource<T of com.leo.paleorecipes.utils.Resource>
i: [kapt] method <init>()V -> origin=OTHER element=null descriptor=IrBasedClassConstructorDescriptor: CONSTRUCTOR JVM_OVERLOADS_WRAPPER visibility:private <> () returnType:com.leo.paleorecipes.utils.Resource<T of com.leo.paleorecipes.utils.Resource>
i: [kapt] method <init>(Ljava/lang/Object;Ljava/lang/String;Ljava/lang/Throwable;Lkotlin/jvm/internal/DefaultConstructorMarker;)V -> origin=OTHER element=null descriptor=IrBasedClassConstructorDescriptor: CONSTRUCTOR SYNTHETIC_ACCESSOR_FOR_HIDDEN_CONSTRUCTOR visibility:public <> (data:T of com.leo.paleorecipes.utils.Resource?, message:kotlin.String?, throwable:kotlin.Throwable?, $constructor_marker:kotlin.jvm.internal.DefaultConstructorMarker?) returnType:com.leo.paleorecipes.utils.Resource<T of com.leo.paleorecipes.utils.Resource>
i: [kapt] method <init>(Ljava/lang/Object;Ljava/lang/String;Lkotlin/jvm/internal/DefaultConstructorMarker;)V -> origin=OTHER element=null descriptor=IrBasedClassConstructorDescriptor: CONSTRUCTOR SYNTHETIC_ACCESSOR_FOR_HIDDEN_CONSTRUCTOR visibility:public <> (data:T of com.leo.paleorecipes.utils.Resource?, message:kotlin.String?, $constructor_marker:kotlin.jvm.internal.DefaultConstructorMarker?) returnType:com.leo.paleorecipes.utils.Resource<T of com.leo.paleorecipes.utils.Resource>
i: [kapt] method <init>(Ljava/lang/Object;Lkotlin/jvm/internal/DefaultConstructorMarker;)V -> origin=OTHER element=null descriptor=IrBasedClassConstructorDescriptor: CONSTRUCTOR SYNTHETIC_ACCESSOR_FOR_HIDDEN_CONSTRUCTOR visibility:public <> (data:T of com.leo.paleorecipes.utils.Resource?, $constructor_marker:kotlin.jvm.internal.DefaultConstructorMarker?) returnType:com.leo.paleorecipes.utils.Resource<T of com.leo.paleorecipes.utils.Resource>
i: [kapt] method <init>(Lkotlin/jvm/internal/DefaultConstructorMarker;)V -> origin=OTHER element=null descriptor=IrBasedClassConstructorDescriptor: CONSTRUCTOR SYNTHETIC_ACCESSOR_FOR_HIDDEN_CONSTRUCTOR visibility:public <> ($constructor_marker:kotlin.jvm.internal.DefaultConstructorMarker?) returnType:com.leo.paleorecipes.utils.Resource<T of com.leo.paleorecipes.utils.Resource>
i: [kapt] field Companion:Lcom/leo/paleorecipes/utils/Resource$Companion; -> origin=OTHER element=null descriptor=IrBasedFieldDescriptor: FIELD FIELD_FOR_OBJECT_INSTANCE name:Companion type:com.leo.paleorecipes.utils.Resource.Companion visibility:public [final,static]
i: [kapt] field data:Ljava/lang/Object; -> origin=OTHER element=KtParameter descriptor=IrBasedFieldDescriptor: FIELD PROPERTY_BACKING_FIELD name:data type:T of com.leo.paleorecipes.utils.Resource? visibility:private [final]
i: [kapt] field message:Ljava/lang/String; -> origin=OTHER element=KtParameter descriptor=IrBasedFieldDescriptor: FIELD PROPERTY_BACKING_FIELD name:message type:kotlin.String? visibility:private [final]
i: [kapt] field throwable:Ljava/lang/Throwable; -> origin=OTHER element=KtParameter descriptor=IrBasedFieldDescriptor: FIELD PROPERTY_BACKING_FIELD name:throwable type:kotlin.Throwable? visibility:private [final]
i: [kapt] class com/leo/paleorecipes/utils/Resource$Success -> origin=OTHER element=KtClass descriptor=IrBasedClassDescriptor: CLASS CLASS name:Success modality:FINAL visibility:public superTypes:[com.leo.paleorecipes.utils.Resource<T of com.leo.paleorecipes.utils.Resource.Success>]
i: [kapt] method <init>(Ljava/lang/Object;)V -> origin=OTHER element=KtClass descriptor=IrBasedClassConstructorDescriptor: CONSTRUCTOR visibility:public <> (data:T of com.leo.paleorecipes.utils.Resource.Success) returnType:com.leo.paleorecipes.utils.Resource.Success<T of com.leo.paleorecipes.utils.Resource.Success> [primary]
i: [kapt] class com/leo/paleorecipes/utils/Resource$Loading -> origin=OTHER element=KtClass descriptor=IrBasedClassDescriptor: CLASS CLASS name:Loading modality:FINAL visibility:public superTypes:[com.leo.paleorecipes.utils.Resource<T of com.leo.paleorecipes.utils.Resource.Loading>]
i: [kapt] method <init>(Ljava/lang/Object;)V -> origin=OTHER element=KtClass descriptor=IrBasedClassConstructorDescriptor: CONSTRUCTOR visibility:public <> (data:T of com.leo.paleorecipes.utils.Resource.Loading?) returnType:com.leo.paleorecipes.utils.Resource.Loading<T of com.leo.paleorecipes.utils.Resource.Loading> [primary]
i: [kapt] method <init>(Ljava/lang/Object;ILkotlin/jvm/internal/DefaultConstructorMarker;)V -> origin=OTHER element=KtClass descriptor=IrBasedClassConstructorDescriptor: CONSTRUCTOR FUNCTION_FOR_DEFAULT_PARAMETER visibility:public <> (data:T of com.leo.paleorecipes.utils.Resource.Loading?, $mask0:kotlin.Int, $marker:kotlin.jvm.internal.DefaultConstructorMarker?) returnType:com.leo.paleorecipes.utils.Resource.Loading<T of com.leo.paleorecipes.utils.Resource.Loading>
i: [kapt] method <init>()V -> origin=OTHER element=null descriptor=IrBasedClassConstructorDescriptor: CONSTRUCTOR visibility:public <> () returnType:com.leo.paleorecipes.utils.Resource.Loading<T of com.leo.paleorecipes.utils.Resource.Loading>
i: [kapt] class com/leo/paleorecipes/utils/Resource$Error -> origin=OTHER element=KtClass descriptor=IrBasedClassDescriptor: CLASS CLASS name:Error modality:FINAL visibility:public superTypes:[com.leo.paleorecipes.utils.Resource<T of com.leo.paleorecipes.utils.Resource.Error>]
i: [kapt] method <init>(Ljava/lang/String;Ljava/lang/Throwable;Ljava/lang/Object;)V -> origin=OTHER element=KtClass descriptor=IrBasedClassConstructorDescriptor: CONSTRUCTOR visibility:public <> (message:kotlin.String, throwable:kotlin.Throwable?, data:T of com.leo.paleorecipes.utils.Resource.Error?) returnType:com.leo.paleorecipes.utils.Resource.Error<T of com.leo.paleorecipes.utils.Resource.Error> [primary]
i: [kapt] method <init>(Ljava/lang/String;Ljava/lang/Throwable;Ljava/lang/Object;ILkotlin/jvm/internal/DefaultConstructorMarker;)V -> origin=OTHER element=KtClass descriptor=IrBasedClassConstructorDescriptor: CONSTRUCTOR FUNCTION_FOR_DEFAULT_PARAMETER visibility:public <> (message:kotlin.String, throwable:kotlin.Throwable?, data:T of com.leo.paleorecipes.utils.Resource.Error?, $mask0:kotlin.Int, $marker:kotlin.jvm.internal.DefaultConstructorMarker?) returnType:com.leo.paleorecipes.utils.Resource.Error<T of com.leo.paleorecipes.utils.Resource.Error>
i: [kapt] class com/leo/paleorecipes/utils/Resource$Companion -> origin=OTHER element=KtObjectDeclaration descriptor=IrBasedClassDescriptor: CLASS OBJECT name:Companion modality:FINAL visibility:public [companion] superTypes:[kotlin.Any]
i: [kapt] method <init>()V -> origin=OTHER element=KtObjectDeclaration descriptor=IrBasedClassConstructorDescriptor: CONSTRUCTOR visibility:private <> () returnType:com.leo.paleorecipes.utils.Resource.Companion [primary]
i: [kapt] method success(Ljava/lang/Object;)Lcom/leo/paleorecipes/utils/Resource; -> origin=OTHER element=KtNamedFunction descriptor=IrBasedSimpleFunctionDescriptor: FUN name:success visibility:public modality:FINAL <T> ($this:com.leo.paleorecipes.utils.Resource.Companion, data:T of com.leo.paleorecipes.utils.Resource.Companion.success) returnType:com.leo.paleorecipes.utils.Resource<T of com.leo.paleorecipes.utils.Resource.Companion.success>
i: [kapt] method loading(Ljava/lang/Object;)Lcom/leo/paleorecipes/utils/Resource; -> origin=OTHER element=KtNamedFunction descriptor=IrBasedSimpleFunctionDescriptor: FUN name:loading visibility:public modality:FINAL <T> ($this:com.leo.paleorecipes.utils.Resource.Companion, data:T of com.leo.paleorecipes.utils.Resource.Companion.loading?) returnType:com.leo.paleorecipes.utils.Resource<T of com.leo.paleorecipes.utils.Resource.Companion.loading>
i: [kapt] method loading$default(Lcom/leo/paleorecipes/utils/Resource$Companion;Ljava/lang/Object;ILjava/lang/Object;)Lcom/leo/paleorecipes/utils/Resource; -> origin=OTHER element=KtNamedFunction descriptor=IrBasedSimpleFunctionDescriptor: FUN FUNCTION_FOR_DEFAULT_PARAMETER name:loading$default visibility:public modality:FINAL <T> ($this:com.leo.paleorecipes.utils.Resource.Companion, data:T of com.leo.paleorecipes.utils.Resource.Companion.loading$default?, $mask0:kotlin.Int, $handler:kotlin.Any?) returnType:com.leo.paleorecipes.utils.Resource<T of com.leo.paleorecipes.utils.Resource.Companion.loading$default>
i: [kapt] method error(Ljava/lang/String;Ljava/lang/Throwable;Ljava/lang/Object;)Lcom/leo/paleorecipes/utils/Resource; -> origin=OTHER element=KtNamedFunction descriptor=IrBasedSimpleFunctionDescriptor: FUN name:error visibility:public modality:FINAL <T> ($this:com.leo.paleorecipes.utils.Resource.Companion, message:kotlin.String, throwable:kotlin.Throwable?, data:T of com.leo.paleorecipes.utils.Resource.Companion.error?) returnType:com.leo.paleorecipes.utils.Resource<T of com.leo.paleorecipes.utils.Resource.Companion.error>
i: [kapt] method error$default(Lcom/leo/paleorecipes/utils/Resource$Companion;Ljava/lang/String;Ljava/lang/Throwable;Ljava/lang/Object;ILjava/lang/Object;)Lcom/leo/paleorecipes/utils/Resource; -> origin=OTHER element=KtNamedFunction descriptor=IrBasedSimpleFunctionDescriptor: FUN FUNCTION_FOR_DEFAULT_PARAMETER name:error$default visibility:public modality:FINAL <T> ($this:com.leo.paleorecipes.utils.Resource.Companion, message:kotlin.String, throwable:kotlin.Throwable?, data:T of com.leo.paleorecipes.utils.Resource.Companion.error$default?, $mask0:kotlin.Int, $handler:kotlin.Any?) returnType:com.leo.paleorecipes.utils.Resource<T of com.leo.paleorecipes.utils.Resource.Companion.error$default>
i: [kapt] method <init>(Lkotlin/jvm/internal/DefaultConstructorMarker;)V -> origin=OTHER element=null descriptor=IrBasedClassConstructorDescriptor: CONSTRUCTOR SYNTHETIC_ACCESSOR visibility:public <> ($constructor_marker:kotlin.jvm.internal.DefaultConstructorMarker?) returnType:com.leo.paleorecipes.utils.Resource.Companion
i: [kapt] class com/leo/paleorecipes/viewmodel/RecipeViewModel -> origin=OTHER element=KtClass descriptor=IrBasedClassDescriptor: CLASS CLASS name:RecipeViewModel modality:FINAL visibility:public superTypes:[androidx.lifecycle.AndroidViewModel]
i: [kapt] method <init>(Landroid/app/Application;Lcom/leo/paleorecipes/data/repository/RecipeRepository;)V -> origin=OTHER element=KtClass descriptor=IrBasedClassConstructorDescriptor: CONSTRUCTOR visibility:public <> (application:android.app.Application, repository:com.leo.paleorecipes.data.repository.RecipeRepository) returnType:com.leo.paleorecipes.viewmodel.RecipeViewModel [primary]
i: [kapt] method getAllUserRecipes()Landroidx/lifecycle/LiveData; -> origin=OTHER element=KtProperty descriptor=IrBasedPropertyGetterDescriptor: FUN DEFAULT_PROPERTY_ACCESSOR name:<get-allUserRecipes> visibility:public modality:FINAL <> ($this:com.leo.paleorecipes.viewmodel.RecipeViewModel) returnType:androidx.lifecycle.LiveData<kotlin.collections.List<com.leo.paleorecipes.data.Recipe>>
i: [kapt] method getUiState()Lkotlinx/coroutines/flow/StateFlow; -> origin=OTHER element=KtProperty descriptor=IrBasedPropertyGetterDescriptor: FUN DEFAULT_PROPERTY_ACCESSOR name:<get-uiState> visibility:public modality:FINAL <> ($this:com.leo.paleorecipes.viewmodel.RecipeViewModel) returnType:kotlinx.coroutines.flow.StateFlow<com.leo.paleorecipes.viewmodel.RecipeViewModel.RecipeUiState>
i: [kapt] method getSelectedRecipe()Landroidx/lifecycle/LiveData; -> origin=OTHER element=KtProperty descriptor=IrBasedPropertyGetterDescriptor: FUN DEFAULT_PROPERTY_ACCESSOR name:<get-selectedRecipe> visibility:public modality:FINAL <> ($this:com.leo.paleorecipes.viewmodel.RecipeViewModel) returnType:androidx.lifecycle.LiveData<com.leo.paleorecipes.data.Recipe>
i: [kapt] method getSearchResults()Landroidx/lifecycle/LiveData; -> origin=OTHER element=KtProperty descriptor=IrBasedPropertyGetterDescriptor: FUN DEFAULT_PROPERTY_ACCESSOR name:<get-searchResults> visibility:public modality:FINAL <> ($this:com.leo.paleorecipes.viewmodel.RecipeViewModel) returnType:androidx.lifecycle.LiveData<kotlin.collections.List<com.leo.paleorecipes.data.Recipe>>
i: [kapt] method insertRecipe(Lcom/leo/paleorecipes/data/Recipe;)V -> origin=OTHER element=KtNamedFunction descriptor=IrBasedSimpleFunctionDescriptor: FUN name:insertRecipe visibility:public modality:FINAL <> ($this:com.leo.paleorecipes.viewmodel.RecipeViewModel, recipe:com.leo.paleorecipes.data.Recipe) returnType:kotlin.Unit
i: [kapt] method updateRecipe(Lcom/leo/paleorecipes/data/Recipe;)V -> origin=OTHER element=KtNamedFunction descriptor=IrBasedSimpleFunctionDescriptor: FUN name:updateRecipe visibility:public modality:FINAL <> ($this:com.leo.paleorecipes.viewmodel.RecipeViewModel, recipe:com.leo.paleorecipes.data.Recipe) returnType:kotlin.Unit
i: [kapt] method deleteRecipe(Lcom/leo/paleorecipes/data/Recipe;)V -> origin=OTHER element=KtNamedFunction descriptor=IrBasedSimpleFunctionDescriptor: FUN name:deleteRecipe visibility:public modality:FINAL <> ($this:com.leo.paleorecipes.viewmodel.RecipeViewModel, recipe:com.leo.paleorecipes.data.Recipe) returnType:kotlin.Unit
i: [kapt] method toggleFavorite(Lcom/leo/paleorecipes/data/Recipe;)V -> origin=OTHER element=KtNamedFunction descriptor=IrBasedSimpleFunctionDescriptor: FUN name:toggleFavorite visibility:public modality:FINAL <> ($this:com.leo.paleorecipes.viewmodel.RecipeViewModel, recipe:com.leo.paleorecipes.data.Recipe) returnType:kotlin.Unit
i: [kapt] method setSelectedRecipe(Lcom/leo/paleorecipes/data/Recipe;)V -> origin=OTHER element=KtNamedFunction descriptor=IrBasedSimpleFunctionDescriptor: FUN name:setSelectedRecipe visibility:public modality:FINAL <> ($this:com.leo.paleorecipes.viewmodel.RecipeViewModel, recipe:com.leo.paleorecipes.data.Recipe) returnType:kotlin.Unit
i: [kapt] method loadRecipeById(J)V -> origin=OTHER element=KtNamedFunction descriptor=IrBasedSimpleFunctionDescriptor: FUN name:loadRecipeById visibility:public modality:FINAL <> ($this:com.leo.paleorecipes.viewmodel.RecipeViewModel, id:kotlin.Long) returnType:kotlin.Unit
i: [kapt] method searchRecipesByIngredients(Ljava/util/List;)V -> origin=OTHER element=KtNamedFunction descriptor=IrBasedSimpleFunctionDescriptor: FUN name:searchRecipesByIngredients visibility:public modality:FINAL <> ($this:com.leo.paleorecipes.viewmodel.RecipeViewModel, ingredients:kotlin.collections.List<kotlin.String>) returnType:kotlin.Unit
i: [kapt] method searchUserRecipes(Ljava/lang/String;)V -> origin=OTHER element=KtNamedFunction descriptor=IrBasedSimpleFunctionDescriptor: FUN name:searchUserRecipes visibility:public modality:FINAL <> ($this:com.leo.paleorecipes.viewmodel.RecipeViewModel, query:kotlin.String) returnType:kotlin.Unit
i: [kapt] method loadFavoriteRecipes()V -> origin=OTHER element=KtNamedFunction descriptor=IrBasedSimpleFunctionDescriptor: FUN name:loadFavoriteRecipes visibility:public modality:FINAL <> ($this:com.leo.paleorecipes.viewmodel.RecipeViewModel) returnType:kotlin.Unit
i: [kapt] method getCurrentSearchQuery()Ljava/lang/String; -> origin=OTHER element=KtNamedFunction descriptor=IrBasedSimpleFunctionDescriptor: FUN name:getCurrentSearchQuery visibility:public modality:FINAL <> ($this:com.leo.paleorecipes.viewmodel.RecipeViewModel) returnType:kotlin.String
i: [kapt] method clearSearchResults()V -> origin=OTHER element=KtNamedFunction descriptor=IrBasedSimpleFunctionDescriptor: FUN name:clearSearchResults visibility:public modality:FINAL <> ($this:com.leo.paleorecipes.viewmodel.RecipeViewModel) returnType:kotlin.Unit
i: [kapt] method getRecipeById(J)Landroidx/lifecycle/LiveData; -> origin=OTHER element=KtNamedFunction descriptor=IrBasedSimpleFunctionDescriptor: FUN name:getRecipeById visibility:public modality:FINAL <> ($this:com.leo.paleorecipes.viewmodel.RecipeViewModel, id:kotlin.Long) returnType:androidx.lifecycle.LiveData<com.leo.paleorecipes.data.Recipe?>
i: [kapt] method onCleared()V -> origin=OTHER element=KtNamedFunction descriptor=IrBasedSimpleFunctionDescriptor: FUN name:onCleared visibility:protected modality:OPEN <> ($this:com.leo.paleorecipes.viewmodel.RecipeViewModel) returnType:kotlin.Unit
i: [kapt] field _allUserRecipes:Landroidx/lifecycle/MutableLiveData; -> origin=OTHER element=KtProperty descriptor=IrBasedFieldDescriptor: FIELD PROPERTY_BACKING_FIELD name:_allUserRecipes type:androidx.lifecycle.MutableLiveData<kotlin.collections.List<com.leo.paleorecipes.data.Recipe>> visibility:private [final]
i: [kapt] field allUserRecipes:Landroidx/lifecycle/LiveData; -> origin=OTHER element=KtProperty descriptor=IrBasedFieldDescriptor: FIELD PROPERTY_BACKING_FIELD name:allUserRecipes type:androidx.lifecycle.LiveData<kotlin.collections.List<com.leo.paleorecipes.data.Recipe>> visibility:private [final]
i: [kapt] field _uiState:Lkotlinx/coroutines/flow/MutableStateFlow; -> origin=OTHER element=KtProperty descriptor=IrBasedFieldDescriptor: FIELD PROPERTY_BACKING_FIELD name:_uiState type:kotlinx.coroutines.flow.MutableStateFlow<com.leo.paleorecipes.viewmodel.RecipeViewModel.RecipeUiState> visibility:private [final]
i: [kapt] field uiState:Lkotlinx/coroutines/flow/StateFlow; -> origin=OTHER element=KtProperty descriptor=IrBasedFieldDescriptor: FIELD PROPERTY_BACKING_FIELD name:uiState type:kotlinx.coroutines.flow.StateFlow<com.leo.paleorecipes.viewmodel.RecipeViewModel.RecipeUiState> visibility:private [final]
i: [kapt] field _selectedRecipe:Landroidx/lifecycle/MutableLiveData; -> origin=OTHER element=KtProperty descriptor=IrBasedFieldDescriptor: FIELD PROPERTY_BACKING_FIELD name:_selectedRecipe type:androidx.lifecycle.MutableLiveData<com.leo.paleorecipes.data.Recipe> visibility:private [final]
i: [kapt] field selectedRecipe:Landroidx/lifecycle/LiveData; -> origin=OTHER element=KtProperty descriptor=IrBasedFieldDescriptor: FIELD PROPERTY_BACKING_FIELD name:selectedRecipe type:androidx.lifecycle.LiveData<com.leo.paleorecipes.data.Recipe> visibility:private [final]
i: [kapt] field _searchResults:Landroidx/lifecycle/MutableLiveData; -> origin=OTHER element=KtProperty descriptor=IrBasedFieldDescriptor: FIELD PROPERTY_BACKING_FIELD name:_searchResults type:androidx.lifecycle.MutableLiveData<kotlin.collections.List<com.leo.paleorecipes.data.Recipe>> visibility:private [final]
i: [kapt] field searchResults:Landroidx/lifecycle/LiveData; -> origin=OTHER element=KtProperty descriptor=IrBasedFieldDescriptor: FIELD PROPERTY_BACKING_FIELD name:searchResults type:androidx.lifecycle.LiveData<kotlin.collections.List<com.leo.paleorecipes.data.Recipe>> visibility:private [final]
i: [kapt] field currentSearchQuery:Ljava/lang/String; -> origin=OTHER element=KtProperty descriptor=IrBasedFieldDescriptor: FIELD PROPERTY_BACKING_FIELD name:currentSearchQuery type:kotlin.String visibility:private
i: [kapt] class com/leo/paleorecipes/viewmodel/RecipeViewModel$RecipeUiState -> origin=OTHER element=KtClass descriptor=IrBasedClassDescriptor: CLASS CLASS name:RecipeUiState modality:SEALED visibility:public superTypes:[kotlin.Any]
i: [kapt] method <init>()V -> origin=OTHER element=KtClass descriptor=IrBasedClassConstructorDescriptor: CONSTRUCTOR visibility:private <> () returnType:com.leo.paleorecipes.viewmodel.RecipeViewModel.RecipeUiState [primary]
i: [kapt] method <init>(Lkotlin/jvm/internal/DefaultConstructorMarker;)V -> origin=OTHER element=null descriptor=IrBasedClassConstructorDescriptor: CONSTRUCTOR SYNTHETIC_ACCESSOR_FOR_HIDDEN_CONSTRUCTOR visibility:public <> ($constructor_marker:kotlin.jvm.internal.DefaultConstructorMarker?) returnType:com.leo.paleorecipes.viewmodel.RecipeViewModel.RecipeUiState
i: [kapt] class com/leo/paleorecipes/viewmodel/RecipeViewModel$RecipeUiState$Loading -> origin=OTHER element=KtObjectDeclaration descriptor=IrBasedClassDescriptor: CLASS OBJECT name:Loading modality:FINAL visibility:public superTypes:[com.leo.paleorecipes.viewmodel.RecipeViewModel.RecipeUiState]
i: [kapt] method <init>()V -> origin=OTHER element=KtObjectDeclaration descriptor=IrBasedClassConstructorDescriptor: CONSTRUCTOR visibility:private <> () returnType:com.leo.paleorecipes.viewmodel.RecipeViewModel.RecipeUiState.Loading [primary]
i: [kapt] field INSTANCE:Lcom/leo/paleorecipes/viewmodel/RecipeViewModel$RecipeUiState$Loading; -> origin=OTHER element=null descriptor=IrBasedFieldDescriptor: FIELD FIELD_FOR_OBJECT_INSTANCE name:INSTANCE type:com.leo.paleorecipes.viewmodel.RecipeViewModel.RecipeUiState.Loading visibility:public [final,static]
i: [kapt] class com/leo/paleorecipes/viewmodel/RecipeViewModel$RecipeUiState$Success -> origin=OTHER element=KtClass descriptor=IrBasedClassDescriptor: CLASS CLASS name:Success modality:FINAL visibility:public [data] superTypes:[com.leo.paleorecipes.viewmodel.RecipeViewModel.RecipeUiState]
i: [kapt] method <init>(Ljava/lang/String;)V -> origin=OTHER element=KtClass descriptor=IrBasedClassConstructorDescriptor: CONSTRUCTOR visibility:public <> (message:kotlin.String) returnType:com.leo.paleorecipes.viewmodel.RecipeViewModel.RecipeUiState.Success [primary]
i: [kapt] method getMessage()Ljava/lang/String; -> origin=OTHER element=KtParameter descriptor=IrBasedPropertyGetterDescriptor: FUN DEFAULT_PROPERTY_ACCESSOR name:<get-message> visibility:public modality:FINAL <> ($this:com.leo.paleorecipes.viewmodel.RecipeViewModel.RecipeUiState.Success) returnType:kotlin.String
i: [kapt] method component1()Ljava/lang/String; -> origin=OTHER element=null descriptor=IrBasedSimpleFunctionDescriptor: FUN GENERATED_DATA_CLASS_MEMBER name:component1 visibility:public modality:FINAL <> ($this:com.leo.paleorecipes.viewmodel.RecipeViewModel.RecipeUiState.Success) returnType:kotlin.String [operator]
i: [kapt] method copy(Ljava/lang/String;)Lcom/leo/paleorecipes/viewmodel/RecipeViewModel$RecipeUiState$Success; -> origin=OTHER element=null descriptor=IrBasedSimpleFunctionDescriptor: FUN GENERATED_DATA_CLASS_MEMBER name:copy visibility:public modality:FINAL <> ($this:com.leo.paleorecipes.viewmodel.RecipeViewModel.RecipeUiState.Success, message:kotlin.String) returnType:com.leo.paleorecipes.viewmodel.RecipeViewModel.RecipeUiState.Success
i: [kapt] method toString()Ljava/lang/String; -> origin=OTHER element=null descriptor=IrBasedSimpleFunctionDescriptor: FUN GENERATED_DATA_CLASS_MEMBER name:toString visibility:public modality:OPEN <> ($this:com.leo.paleorecipes.viewmodel.RecipeViewModel.RecipeUiState.Success) returnType:kotlin.String
i: [kapt] method hashCode()I -> origin=OTHER element=null descriptor=IrBasedSimpleFunctionDescriptor: FUN GENERATED_DATA_CLASS_MEMBER name:hashCode visibility:public modality:OPEN <> ($this:com.leo.paleorecipes.viewmodel.RecipeViewModel.RecipeUiState.Success) returnType:kotlin.Int
i: [kapt] method equals(Ljava/lang/Object;)Z -> origin=OTHER element=null descriptor=IrBasedSimpleFunctionDescriptor: FUN GENERATED_DATA_CLASS_MEMBER name:equals visibility:public modality:OPEN <> ($this:com.leo.paleorecipes.viewmodel.RecipeViewModel.RecipeUiState.Success, other:kotlin.Any?) returnType:kotlin.Boolean [operator]
i: [kapt] field message:Ljava/lang/String; -> origin=OTHER element=KtParameter descriptor=IrBasedFieldDescriptor: FIELD PROPERTY_BACKING_FIELD name:message type:kotlin.String visibility:private [final]
i: [kapt] class com/leo/paleorecipes/viewmodel/RecipeViewModel$RecipeUiState$Error -> origin=OTHER element=KtClass descriptor=IrBasedClassDescriptor: CLASS CLASS name:Error modality:FINAL visibility:public [data] superTypes:[com.leo.paleorecipes.viewmodel.RecipeViewModel.RecipeUiState]
i: [kapt] method <init>(Ljava/lang/String;)V -> origin=OTHER element=KtClass descriptor=IrBasedClassConstructorDescriptor: CONSTRUCTOR visibility:public <> (message:kotlin.String) returnType:com.leo.paleorecipes.viewmodel.RecipeViewModel.RecipeUiState.Error [primary]
i: [kapt] method getMessage()Ljava/lang/String; -> origin=OTHER element=KtParameter descriptor=IrBasedPropertyGetterDescriptor: FUN DEFAULT_PROPERTY_ACCESSOR name:<get-message> visibility:public modality:FINAL <> ($this:com.leo.paleorecipes.viewmodel.RecipeViewModel.RecipeUiState.Error) returnType:kotlin.String
i: [kapt] method component1()Ljava/lang/String; -> origin=OTHER element=null descriptor=IrBasedSimpleFunctionDescriptor: FUN GENERATED_DATA_CLASS_MEMBER name:component1 visibility:public modality:FINAL <> ($this:com.leo.paleorecipes.viewmodel.RecipeViewModel.RecipeUiState.Error) returnType:kotlin.String [operator]
i: [kapt] method copy(Ljava/lang/String;)Lcom/leo/paleorecipes/viewmodel/RecipeViewModel$RecipeUiState$Error; -> origin=OTHER element=null descriptor=IrBasedSimpleFunctionDescriptor: FUN GENERATED_DATA_CLASS_MEMBER name:copy visibility:public modality:FINAL <> ($this:com.leo.paleorecipes.viewmodel.RecipeViewModel.RecipeUiState.Error, message:kotlin.String) returnType:com.leo.paleorecipes.viewmodel.RecipeViewModel.RecipeUiState.Error
i: [kapt] method toString()Ljava/lang/String; -> origin=OTHER element=null descriptor=IrBasedSimpleFunctionDescriptor: FUN GENERATED_DATA_CLASS_MEMBER name:toString visibility:public modality:OPEN <> ($this:com.leo.paleorecipes.viewmodel.RecipeViewModel.RecipeUiState.Error) returnType:kotlin.String
i: [kapt] method hashCode()I -> origin=OTHER element=null descriptor=IrBasedSimpleFunctionDescriptor: FUN GENERATED_DATA_CLASS_MEMBER name:hashCode visibility:public modality:OPEN <> ($this:com.leo.paleorecipes.viewmodel.RecipeViewModel.RecipeUiState.Error) returnType:kotlin.Int
i: [kapt] method equals(Ljava/lang/Object;)Z -> origin=OTHER element=null descriptor=IrBasedSimpleFunctionDescriptor: FUN GENERATED_DATA_CLASS_MEMBER name:equals visibility:public modality:OPEN <> ($this:com.leo.paleorecipes.viewmodel.RecipeViewModel.RecipeUiState.Error, other:kotlin.Any?) returnType:kotlin.Boolean [operator]
i: [kapt] class com/leo/paleorecipes/viewmodel/RecipeViewModel$RecipeUiState$Empty -> origin=OTHER element=KtClass descriptor=IrBasedClassDescriptor: CLASS CLASS name:Empty modality:FINAL visibility:public [data] superTypes:[com.leo.paleorecipes.viewmodel.RecipeViewModel.RecipeUiState]
i: [kapt] method <init>(Ljava/lang/String;)V -> origin=OTHER element=KtClass descriptor=IrBasedClassConstructorDescriptor: CONSTRUCTOR visibility:public <> (message:kotlin.String) returnType:com.leo.paleorecipes.viewmodel.RecipeViewModel.RecipeUiState.Empty [primary]
i: [kapt] method getMessage()Ljava/lang/String; -> origin=OTHER element=KtParameter descriptor=IrBasedPropertyGetterDescriptor: FUN DEFAULT_PROPERTY_ACCESSOR name:<get-message> visibility:public modality:FINAL <> ($this:com.leo.paleorecipes.viewmodel.RecipeViewModel.RecipeUiState.Empty) returnType:kotlin.String
i: [kapt] method component1()Ljava/lang/String; -> origin=OTHER element=null descriptor=IrBasedSimpleFunctionDescriptor: FUN GENERATED_DATA_CLASS_MEMBER name:component1 visibility:public modality:FINAL <> ($this:com.leo.paleorecipes.viewmodel.RecipeViewModel.RecipeUiState.Empty) returnType:kotlin.String [operator]
i: [kapt] method copy(Ljava/lang/String;)Lcom/leo/paleorecipes/viewmodel/RecipeViewModel$RecipeUiState$Empty; -> origin=OTHER element=null descriptor=IrBasedSimpleFunctionDescriptor: FUN GENERATED_DATA_CLASS_MEMBER name:copy visibility:public modality:FINAL <> ($this:com.leo.paleorecipes.viewmodel.RecipeViewModel.RecipeUiState.Empty, message:kotlin.String) returnType:com.leo.paleorecipes.viewmodel.RecipeViewModel.RecipeUiState.Empty
i: [kapt] method toString()Ljava/lang/String; -> origin=OTHER element=null descriptor=IrBasedSimpleFunctionDescriptor: FUN GENERATED_DATA_CLASS_MEMBER name:toString visibility:public modality:OPEN <> ($this:com.leo.paleorecipes.viewmodel.RecipeViewModel.RecipeUiState.Empty) returnType:kotlin.String
i: [kapt] method hashCode()I -> origin=OTHER element=null descriptor=IrBasedSimpleFunctionDescriptor: FUN GENERATED_DATA_CLASS_MEMBER name:hashCode visibility:public modality:OPEN <> ($this:com.leo.paleorecipes.viewmodel.RecipeViewModel.RecipeUiState.Empty) returnType:kotlin.Int
i: [kapt] method equals(Ljava/lang/Object;)Z -> origin=OTHER element=null descriptor=IrBasedSimpleFunctionDescriptor: FUN GENERATED_DATA_CLASS_MEMBER name:equals visibility:public modality:OPEN <> ($this:com.leo.paleorecipes.viewmodel.RecipeViewModel.RecipeUiState.Empty, other:kotlin.Any?) returnType:kotlin.Boolean [operator]
i: [kapt] class com/leo/paleorecipes/viewmodel/RecipeViewModel$RecipeUiState$RecipeLoaded -> origin=OTHER element=KtClass descriptor=IrBasedClassDescriptor: CLASS CLASS name:RecipeLoaded modality:FINAL visibility:public [data] superTypes:[com.leo.paleorecipes.viewmodel.RecipeViewModel.RecipeUiState]
i: [kapt] method <init>(Lcom/leo/paleorecipes/data/Recipe;)V -> origin=OTHER element=KtClass descriptor=IrBasedClassConstructorDescriptor: CONSTRUCTOR visibility:public <> (recipe:com.leo.paleorecipes.data.Recipe) returnType:com.leo.paleorecipes.viewmodel.RecipeViewModel.RecipeUiState.RecipeLoaded [primary]
i: [kapt] method getRecipe()Lcom/leo/paleorecipes/data/Recipe; -> origin=OTHER element=KtParameter descriptor=IrBasedPropertyGetterDescriptor: FUN DEFAULT_PROPERTY_ACCESSOR name:<get-recipe> visibility:public modality:FINAL <> ($this:com.leo.paleorecipes.viewmodel.RecipeViewModel.RecipeUiState.RecipeLoaded) returnType:com.leo.paleorecipes.data.Recipe
i: [kapt] method component1()Lcom/leo/paleorecipes/data/Recipe; -> origin=OTHER element=null descriptor=IrBasedSimpleFunctionDescriptor: FUN GENERATED_DATA_CLASS_MEMBER name:component1 visibility:public modality:FINAL <> ($this:com.leo.paleorecipes.viewmodel.RecipeViewModel.RecipeUiState.RecipeLoaded) returnType:com.leo.paleorecipes.data.Recipe [operator]
i: [kapt] method copy(Lcom/leo/paleorecipes/data/Recipe;)Lcom/leo/paleorecipes/viewmodel/RecipeViewModel$RecipeUiState$RecipeLoaded; -> origin=OTHER element=null descriptor=IrBasedSimpleFunctionDescriptor: FUN GENERATED_DATA_CLASS_MEMBER name:copy visibility:public modality:FINAL <> ($this:com.leo.paleorecipes.viewmodel.RecipeViewModel.RecipeUiState.RecipeLoaded, recipe:com.leo.paleorecipes.data.Recipe) returnType:com.leo.paleorecipes.viewmodel.RecipeViewModel.RecipeUiState.RecipeLoaded
i: [kapt] method toString()Ljava/lang/String; -> origin=OTHER element=null descriptor=IrBasedSimpleFunctionDescriptor: FUN GENERATED_DATA_CLASS_MEMBER name:toString visibility:public modality:OPEN <> ($this:com.leo.paleorecipes.viewmodel.RecipeViewModel.RecipeUiState.RecipeLoaded) returnType:kotlin.String
i: [kapt] method hashCode()I -> origin=OTHER element=null descriptor=IrBasedSimpleFunctionDescriptor: FUN GENERATED_DATA_CLASS_MEMBER name:hashCode visibility:public modality:OPEN <> ($this:com.leo.paleorecipes.viewmodel.RecipeViewModel.RecipeUiState.RecipeLoaded) returnType:kotlin.Int
i: [kapt] method equals(Ljava/lang/Object;)Z -> origin=OTHER element=null descriptor=IrBasedSimpleFunctionDescriptor: FUN GENERATED_DATA_CLASS_MEMBER name:equals visibility:public modality:OPEN <> ($this:com.leo.paleorecipes.viewmodel.RecipeViewModel.RecipeUiState.RecipeLoaded, other:kotlin.Any?) returnType:kotlin.Boolean [operator]
i: [kapt] class com/leo/paleorecipes/workers/ChildWorkerFactory -> origin=OTHER element=KtClass descriptor=IrBasedClassDescriptor: CLASS INTERFACE name:ChildWorkerFactory modality:ABSTRACT visibility:public superTypes:[kotlin.Any]
i: [kapt] method create(Landroid/content/Context;Landroidx/work/WorkerParameters;)Landroidx/work/ListenableWorker; -> origin=OTHER element=KtNamedFunction descriptor=IrBasedSimpleFunctionDescriptor: FUN name:create visibility:public modality:ABSTRACT <> ($this:com.leo.paleorecipes.workers.ChildWorkerFactory, context:android.content.Context, workerParams:androidx.work.WorkerParameters) returnType:androidx.work.ListenableWorker
i: [kapt] class com/leo/paleorecipes/workers/SyncRecipesWorker -> origin=OTHER element=KtClass descriptor=IrBasedClassDescriptor: CLASS CLASS name:SyncRecipesWorker modality:FINAL visibility:public superTypes:[androidx.work.CoroutineWorker]
i: [kapt] method <init>(Landroid/content/Context;Landroidx/work/WorkerParameters;Lcom/leo/paleorecipes/data/repository/RecipeRepository;)V -> origin=OTHER element=KtClass descriptor=IrBasedClassConstructorDescriptor: CONSTRUCTOR visibility:public <> (appContext:android.content.Context, workerParams:androidx.work.WorkerParameters, repository:com.leo.paleorecipes.data.repository.RecipeRepository) returnType:com.leo.paleorecipes.workers.SyncRecipesWorker [primary]
i: [kapt] method doWork(Lkotlin/coroutines/Continuation;)Ljava/lang/Object; -> origin=OTHER element=KtNamedFunction descriptor=IrBasedSimpleFunctionDescriptor: FUN name:doWork visibility:public modality:OPEN <> ($this:com.leo.paleorecipes.workers.SyncRecipesWorker, $completion:kotlin.coroutines.Continuation<androidx.work.ListenableWorker.Result>) returnType:kotlin.Any? [suspend]
i: [kapt] field Companion:Lcom/leo/paleorecipes/workers/SyncRecipesWorker$Companion; -> origin=OTHER element=null descriptor=IrBasedFieldDescriptor: FIELD FIELD_FOR_OBJECT_INSTANCE name:Companion type:com.leo.paleorecipes.workers.SyncRecipesWorker.Companion visibility:public [final,static]
i: [kapt] field appContext:Landroid/content/Context; -> origin=OTHER element=KtParameter descriptor=IrBasedFieldDescriptor: FIELD PROPERTY_BACKING_FIELD name:appContext type:android.content.Context visibility:private [final]
i: [kapt] field workerParams:Landroidx/work/WorkerParameters; -> origin=OTHER element=KtParameter descriptor=IrBasedFieldDescriptor: FIELD PROPERTY_BACKING_FIELD name:workerParams type:androidx.work.WorkerParameters visibility:private [final]
i: [kapt] field TAG:Ljava/lang/String; -> origin=OTHER element=KtProperty descriptor=IrBasedFieldDescriptor: FIELD COMPANION_PROPERTY_BACKING_FIELD name:TAG type:kotlin.String visibility:public [final,static]
i: [kapt] field WORK_NAME:Ljava/lang/String; -> origin=OTHER element=KtProperty descriptor=IrBasedFieldDescriptor: FIELD COMPANION_PROPERTY_BACKING_FIELD name:WORK_NAME type:kotlin.String visibility:public [final,static]
i: [kapt] field KEY_FORCE_REFRESH:Ljava/lang/String; -> origin=OTHER element=KtProperty descriptor=IrBasedFieldDescriptor: FIELD COMPANION_PROPERTY_BACKING_FIELD name:KEY_FORCE_REFRESH type:kotlin.String visibility:public [final,static]
i: [kapt] field BACKOFF_DELAY_MINUTES:J -> origin=OTHER element=KtProperty descriptor=IrBasedFieldDescriptor: FIELD COMPANION_PROPERTY_BACKING_FIELD name:BACKOFF_DELAY_MINUTES type:kotlin.Long visibility:public [final,static]
i: [kapt] class com/leo/paleorecipes/workers/SyncRecipesWorker$Companion -> origin=OTHER element=KtObjectDeclaration descriptor=IrBasedClassDescriptor: CLASS OBJECT name:Companion modality:FINAL visibility:public [companion] superTypes:[kotlin.Any]
i: [kapt] method <init>()V -> origin=OTHER element=KtObjectDeclaration descriptor=IrBasedClassConstructorDescriptor: CONSTRUCTOR visibility:private <> () returnType:com.leo.paleorecipes.workers.SyncRecipesWorker.Companion [primary]
i: [kapt] method <init>(Lkotlin/jvm/internal/DefaultConstructorMarker;)V -> origin=OTHER element=null descriptor=IrBasedClassConstructorDescriptor: CONSTRUCTOR SYNTHETIC_ACCESSOR visibility:public <> ($constructor_marker:kotlin.jvm.internal.DefaultConstructorMarker?) returnType:com.leo.paleorecipes.workers.SyncRecipesWorker.Companion
i: [kapt] class com/leo/paleorecipes/workers/SyncRecipesWorker$Factory -> origin=OTHER element=KtClass descriptor=IrBasedClassDescriptor: CLASS INTERFACE name:Factory modality:ABSTRACT visibility:public superTypes:[com.leo.paleorecipes.workers.ChildWorkerFactory]
i: [kapt] method create(Landroid/content/Context;Landroidx/work/WorkerParameters;)Lcom/leo/paleorecipes/workers/SyncRecipesWorker; -> origin=OTHER element=KtNamedFunction descriptor=IrBasedSimpleFunctionDescriptor: FUN name:create visibility:public modality:ABSTRACT <> ($this:com.leo.paleorecipes.workers.SyncRecipesWorker.Factory, appContext:android.content.Context, params:androidx.work.WorkerParameters) returnType:com.leo.paleorecipes.workers.SyncRecipesWorker
i: [kapt] class com/leo/paleorecipes/workers/WorkManagerHelper -> origin=OTHER element=KtClass descriptor=IrBasedClassDescriptor: CLASS CLASS name:WorkManagerHelper modality:FINAL visibility:public superTypes:[kotlin.Any]
i: [kapt] method <init>(Landroidx/work/WorkManager;)V -> origin=OTHER element=KtClass descriptor=IrBasedClassConstructorDescriptor: CONSTRUCTOR visibility:public <> (workManager:androidx.work.WorkManager) returnType:com.leo.paleorecipes.workers.WorkManagerHelper [primary]
i: [kapt] method scheduleRecipeSync(Z)V -> origin=OTHER element=KtNamedFunction descriptor=IrBasedSimpleFunctionDescriptor: FUN name:scheduleRecipeSync visibility:public modality:FINAL <> ($this:com.leo.paleorecipes.workers.WorkManagerHelper, forceRefresh:kotlin.Boolean) returnType:kotlin.Unit
i: [kapt] method scheduleRecipeSync$default(Lcom/leo/paleorecipes/workers/WorkManagerHelper;ZILjava/lang/Object;)V -> origin=OTHER element=KtNamedFunction descriptor=IrBasedSimpleFunctionDescriptor: FUN FUNCTION_FOR_DEFAULT_PARAMETER name:scheduleRecipeSync$default visibility:public modality:FINAL <> ($this:com.leo.paleorecipes.workers.WorkManagerHelper, forceRefresh:kotlin.Boolean, $mask0:kotlin.Int, $handler:kotlin.Any?) returnType:kotlin.Unit
i: [kapt] method cancelRecipeSync()V -> origin=OTHER element=KtNamedFunction descriptor=IrBasedSimpleFunctionDescriptor: FUN name:cancelRecipeSync visibility:public modality:FINAL <> ($this:com.leo.paleorecipes.workers.WorkManagerHelper) returnType:kotlin.Unit
i: [kapt] field workManager:Landroidx/work/WorkManager; -> origin=OTHER element=KtParameter descriptor=IrBasedFieldDescriptor: FIELD PROPERTY_BACKING_FIELD name:workManager type:androidx.work.WorkManager visibility:private [final]
i: [kapt] Java stub generation took 190 ms
i: [kapt] Stubs for Kotlin classes: com/leo/paleorecipes/AboutActivity.java, com/leo/paleorecipes/AboutPaleoActivity.java, com/leo/paleorecipes/AddEditRecipeActivity.java, com/leo/paleorecipes/AddRecipeActivity.java, com/leo/paleorecipes/BaseActivity.java, com/leo/paleorecipes/FridgeActivity.java, com/leo/paleorecipes/MainActivity.java, com/leo/paleorecipes/MainActivityCompose.java, com/leo/paleorecipes/MainActivityComposeKt.java, com/leo/paleorecipes/PaleoRecipesApplication.java, com/leo/paleorecipes/RecipeAdapter.java, com/leo/paleorecipes/RecipeDiffCallback.java, com/leo/paleorecipes/RecipeDetailActivity.java, com/leo/paleorecipes/RecipeListActivity.java, com/leo/paleorecipes/RecipePrintAdapter.java, com/leo/paleorecipes/SettingsActivity.java, com/leo/paleorecipes/SplashActivity.java, com/leo/paleorecipes/adapter/IngredientsAdapter.java, com/leo/paleorecipes/adapter/IngredientDiffCallback.java, com/leo/paleorecipes/adapter/RecipesAdapter.java, com/leo/paleorecipes/adapter/RecipeDiffCallback.java, com/leo/paleorecipes/data/AppDatabase.java, com/leo/paleorecipes/data/Converters.java, com/leo/paleorecipes/data/Recipe.java, com/leo/paleorecipes/data/RecipeDao.java, com/leo/paleorecipes/data/RecipeMapper.java, com/leo/paleorecipes/data/api/ApiClient.java, com/leo/paleorecipes/data/api/SpoonacularApiService.java, com/leo/paleorecipes/data/api/model/ApiRecipe.java, com/leo/paleorecipes/data/api/model/ApiRecipeDetail.java, com/leo/paleorecipes/data/api/model/ApiIngredient.java, com/leo/paleorecipes/data/api/model/ApiAnalyzedInstruction.java, com/leo/paleorecipes/data/api/model/ApiInstructionStep.java, com/leo/paleorecipes/data/api/model/ApiEquipment.java, com/leo/paleorecipes/data/local/dao/IngredientDao.java, com/leo/paleorecipes/data/local/entity/IngredientEntity.java, com/leo/paleorecipes/data/model/RecipeResponse.java, com/leo/paleorecipes/data/model/Ingredient.java, com/leo/paleorecipes/data/model/RecipeDetailResponse.java, com/leo/paleorecipes/data/model/ExtendedIngredient.java, com/leo/paleorecipes/data/model/DomainRecipe.java, com/leo/paleorecipes/data/model/Recipe.java, com/leo/paleorecipes/data/model/RecipeDetail.java, com/leo/paleorecipes/data/model/AnalyzedInstruction.java, com/leo/paleorecipes/data/model/Step.java, com/leo/paleorecipes/data/model/Length.java, com/leo/paleorecipes/data/model/Equipment.java, com/leo/paleorecipes/data/model/Temperature.java, com/leo/paleorecipes/data/repository/IngredientRepository.java, com/leo/paleorecipes/data/repository/IngredientRepositoryImpl.java, com/leo/paleorecipes/data/repository/RecipeRepository.java, com/leo/paleorecipes/data/repository/RecipeRepositoryImpl.java, com/leo/paleorecipes/di/AppModule.java, com/leo/paleorecipes/di/DatabaseModule.java, com/leo/paleorecipes/di/HiltWorkerFactory.java, com/leo/paleorecipes/di/WorkerFactoryModule.java, com/leo/paleorecipes/di/RepositoryModule.java, com/leo/paleorecipes/di/TestModule.java, com/leo/paleorecipes/di/WorkerHelperModule.java, com/leo/paleorecipes/di/WorkerModule.java, com/leo/paleorecipes/network/SpoonacularApi.java, com/leo/paleorecipes/network/SpoonacularService.java, com/leo/paleorecipes/network/RecipeDetailResponse.java, com/leo/paleorecipes/network/ExtendedIngredient.java, com/leo/paleorecipes/ui/components/BlackTextInputEditText.java, com/leo/paleorecipes/ui/fridge/FridgeFragment.java, com/leo/paleorecipes/ui/fridge/FridgeViewModel.java, com/leo/paleorecipes/ui/search/RecipeSearchActivity.java, com/leo/paleorecipes/ui/search/RecipeSearchFragment.java, com/leo/paleorecipes/ui/search/RecipeSearchViewModel.java, com/leo/paleorecipes/ui/theme/ColorsKt.java, com/leo/paleorecipes/ui/theme/ThemeKt.java, com/leo/paleorecipes/ui/theme/TypeKt.java, com/leo/paleorecipes/util/SingleLiveEvent.java, com/leo/paleorecipes/utils/ApiErrorHandler.java, com/leo/paleorecipes/utils/ApiResponse.java, com/leo/paleorecipes/utils/ApiResponseKt.java, com/leo/paleorecipes/utils/ConnectivityManagerNetworkMonitor.java, com/leo/paleorecipes/utils/DispatcherProvider.java, com/leo/paleorecipes/utils/DefaultDispatcherProvider.java, com/leo/paleorecipes/utils/TestDispatcherProvider.java, com/leo/paleorecipes/utils/DateTimeUtils.java, com/leo/paleorecipes/utils/FileUtils.java, com/leo/paleorecipes/utils/ImageLoader.java, com/leo/paleorecipes/utils/ImageUtils.java, com/leo/paleorecipes/utils/NetworkConnectivityObserver.java, com/leo/paleorecipes/utils/NetworkMonitor.java, com/leo/paleorecipes/utils/NetworkUtils.java, com/leo/paleorecipes/utils/PreferenceHelper.java, com/leo/paleorecipes/utils/Resource.java, com/leo/paleorecipes/viewmodel/RecipeViewModel.java, com/leo/paleorecipes/workers/ChildWorkerFactory.java, com/leo/paleorecipes/workers/SyncRecipesWorker.java, com/leo/paleorecipes/workers/WorkManagerHelper.java, error/NonExistentClass.java

> Task :app:kaptGenerateStubsDebugKotlin
i: [kapt] Kapt is enabled.
Annotation processing mode: stubs
Memory leak detection mode: default
Show processor stats: false
Verbose mode: true
Info as warnings: false
Use light analysis: true
Correct error types: false
Dump default parameter values: false
Map diagnostic locations: false
Strict mode: false
Detect annotation processors in compile classpath: false
Incremental annotation processing (apt mode): false
Strip @Metadata annotations from stubs: false
Keep KDoc comments in stubs: true
Use JVM IR backend: true
Use K2: false
Project base dir: null
Compile classpath: C:\Users\leoja\AndroidStudioProjects\PaleobyLeoRecipes\app\build\intermediates\compile_and_runtime_not_namespaced_r_class_jar\debug\R.jar, C:\Users\leoja\.gradle\caches\transforms-3\f49bf0f66b836319ecb7b03b712e15aa\transformed\databinding-runtime-8.1.0-api.jar, C:\Users\leoja\.gradle\caches\transforms-3\891fafeafff99247d77edfdd984a6798\transformed\viewbinding-8.1.0-api.jar, C:\Users\leoja\.gradle\caches\transforms-3\dfc000f292b14402f228266d0a29aebf\transformed\databinding-adapters-8.1.0-api.jar, C:\Users\leoja\.gradle\caches\modules-2\files-2.1\androidx.databinding\databinding-common\8.1.0\2be3530b78477835e69dce953b17adc1dbc5c6fa\databinding-common-8.1.0.jar, C:\Users\leoja\.gradle\caches\transforms-3\76e3e79701839d3ef92f4bab4ec688c7\transformed\databinding-ktx-8.1.0-api.jar, C:\Users\leoja\.gradle\caches\transforms-3\cb878bc15339cd4072c5ec28d92b8be1\transformed\navigation-common-2.7.6-api.jar, C:\Users\leoja\.gradle\caches\transforms-3\a9a8b6491e9e00dd600d5e3202ea043e\transformed\navigation-common-ktx-2.7.6-api.jar, C:\Users\leoja\.gradle\caches\transforms-3\7d9832543a5e6653f3c670dd519577d5\transformed\navigation-runtime-2.7.6-api.jar, C:\Users\leoja\.gradle\caches\transforms-3\fb595f47b989ba01d3734d976474ed12\transformed\navigation-runtime-ktx-2.7.6-api.jar, C:\Users\leoja\.gradle\caches\transforms-3\df2462af91f230b25f5ae837a324a45f\transformed\navigation-fragment-2.7.6-api.jar, C:\Users\leoja\.gradle\caches\transforms-3\d20a5139c8a0fea12eda143e76b9b68b\transformed\navigation-fragment-ktx-2.7.6-api.jar, C:\Users\leoja\.gradle\caches\transforms-3\b31a6a33c0bfcfcbc0d512073b69239f\transformed\navigation-ui-ktx-2.7.6-api.jar, C:\Users\leoja\.gradle\caches\transforms-3\ab9e571522114e87564ca15cd9385111\transformed\navigation-ui-2.7.6-api.jar, C:\Users\leoja\.gradle\caches\transforms-3\1e57c69845abae1c63e2286bec4c515a\transformed\material-1.11.0-api.jar, C:\Users\leoja\.gradle\caches\transforms-3\8d87dc66d26557fecef040a4ab2fc267\transformed\appcompat-1.6.1-api.jar, C:\Users\leoja\.gradle\caches\transforms-3\f177ac596d3fef4234d78cb86d47bc46\transformed\hilt-work-1.0.0-api.jar, C:\Users\leoja\.gradle\caches\transforms-3\302f6689f7f4b105ea6985e1ea4b467a\transformed\hilt-android-2.46.1-api.jar, C:\Users\leoja\.gradle\caches\transforms-3\0a560d915f791797d5e38faae4a16844\transformed\okhttp3-integration-4.16.0-api.jar, C:\Users\leoja\.gradle\caches\transforms-3\ca621cbf0b2d23a3de05b547847227e7\transformed\glide-4.16.0-api.jar, C:\Users\leoja\.gradle\caches\transforms-3\4b0a4c9a532b19db353ae182608c2638\transformed\viewpager2-1.0.0-api.jar, C:\Users\leoja\.gradle\caches\transforms-3\ef83b5e1e3e47478c22184bed42a0bb3\transformed\fragment-1.6.2-api.jar, C:\Users\leoja\.gradle\caches\transforms-3\ad8ef0fccb3959d223cfce57b642dc9d\transformed\fragment-ktx-1.6.2-api.jar, C:\Users\leoja\.gradle\caches\transforms-3\2b58e803469d7c95465a4e63e5c4ec7b\transformed\material3-1.1.2-api.jar, C:\Users\leoja\.gradle\caches\transforms-3\642d53251572e6cdfee22d6b45de9d5d\transformed\material-icons-core-release-api.jar, C:\Users\leoja\.gradle\caches\transforms-3\e6efbd564d7b9c720a017a8c315de7fe\transformed\material-ripple-release-api.jar, C:\Users\leoja\.gradle\caches\transforms-3\28906a3fd93902be292cbd7fd132303e\transformed\animation-core-release-api.jar, C:\Users\leoja\.gradle\caches\transforms-3\34e420e5654b6a730f53e87f30ea9585\transformed\animation-release-api.jar, C:\Users\leoja\.gradle\caches\transforms-3\22d24e55a25ffc1ff385760e47a3e492\transformed\foundation-layout-release-api.jar, C:\Users\leoja\.gradle\caches\transforms-3\dba6734d497b94c43f343b8e4a3a28ed\transformed\foundation-release-api.jar, C:\Users\leoja\.gradle\caches\transforms-3\d75e1babda830266f4e62d4452c3bc85\transformed\runtime-saveable-release-api.jar, C:\Users\leoja\.gradle\caches\transforms-3\ff7f153aeef9ea8ccf0b75cc09e6d97c\transformed\ui-unit-release-api.jar, C:\Users\leoja\.gradle\caches\transforms-3\65be5b597eba989b7cde52aba0f1a646\transformed\ui-geometry-release-api.jar, C:\Users\leoja\.gradle\caches\transforms-3\79ff55918d19907f322016d61c407144\transformed\ui-text-release-api.jar, C:\Users\leoja\.gradle\caches\transforms-3\422a7d886ef827c0ff728c3f8898915b\transformed\ui-graphics-release-api.jar, C:\Users\leoja\.gradle\caches\transforms-3\40fa4dd3b0d7b28350ce57f15a6bf198\transformed\ui-tooling-data-release-api.jar, C:\Users\leoja\.gradle\caches\transforms-3\c6b6e0b9aedf9bf6101f4fc8376b906a\transformed\runtime-release-api.jar, C:\Users\leoja\.gradle\caches\transforms-3\9da9d23293af35847c298d197a876dcc\transformed\runtime-livedata-1.5.4-api.jar, C:\Users\leoja\.gradle\caches\transforms-3\d1fc0c24fa648909602e2dd43547b0ff\transformed\lifecycle-livedata-core-2.7.0-api.jar, C:\Users\leoja\.gradle\caches\modules-2\files-2.1\androidx.lifecycle\lifecycle-common\2.7.0\85334205d65cca70ed0109c3acbd29e22a2d9cb1\lifecycle-common-2.7.0.jar, C:\Users\leoja\.gradle\caches\transforms-3\7b10ffa28c7b0b37f9a5597eaa62987a\transformed\lifecycle-viewmodel-savedstate-2.7.0-api.jar, C:\Users\leoja\.gradle\caches\modules-2\files-2.1\androidx.lifecycle\lifecycle-common-java8\2.7.0\2ad14aed781c4a73ed4dbb421966d408a0a06686\lifecycle-common-java8-2.7.0.jar, C:\Users\leoja\.gradle\caches\transforms-3\8174b6fac7bd7b93dfa6eb13d6920fb1\transformed\lifecycle-livedata-core-ktx-2.7.0-api.jar, C:\Users\leoja\.gradle\caches\transforms-3\cfa7f7fb831d145772d14d9659f9fdaa\transformed\dynamicanimation-1.0.0-api.jar, C:\Users\leoja\.gradle\caches\transforms-3\a9f426d32959a09a02f5e9975a52ad7e\transformed\legacy-support-core-utils-1.0.0-api.jar, C:\Users\leoja\.gradle\caches\transforms-3\15016f5bd754cfabe690ea2960a54261\transformed\loader-1.0.0-api.jar, C:\Users\leoja\.gradle\caches\transforms-3\38eb5dfe1150352db8c75e4a7f18404d\transformed\lifecycle-viewmodel-2.7.0-api.jar, C:\Users\leoja\.gradle\caches\transforms-3\3c5b5e5b24979e3db94e09c748b3890b\transformed\lifecycle-service-2.7.0-api.jar, C:\Users\leoja\.gradle\caches\transforms-3\c704fd5e6820c5045d5d36e3f453947f\transformed\lifecycle-process-2.7.0-api.jar, C:\Users\leoja\.gradle\caches\transforms-3\f4834198d33bd0bce3b11a9c8e501873\transformed\work-runtime-ktx-2.9.0-api.jar, C:\Users\leoja\.gradle\caches\transforms-3\4559dd1625818b06be8bca1239656ab8\transformed\work-runtime-2.9.0-api.jar, C:\Users\leoja\.gradle\caches\transforms-3\b3f6799363f4dd00664f76d567eae13d\transformed\lifecycle-livedata-2.7.0-api.jar, C:\Users\leoja\.gradle\caches\transforms-3\cb0721182121f2eda5c2ddd1eeedf050\transformed\lifecycle-runtime-ktx-2.7.0-api.jar, C:\Users\leoja\.gradle\caches\transforms-3\cd9a69e882a70d989b9282962c52ad93\transformed\appcompat-resources-1.6.1-api.jar, C:\Users\leoja\.gradle\caches\transforms-3\f533757ce47b86ec0751ee14ecd65863\transformed\drawerlayout-1.1.1-api.jar, C:\Users\leoja\.gradle\caches\transforms-3\4416bf719ccc8e299ece31eacef80399\transformed\coordinatorlayout-1.1.0-api.jar, C:\Users\leoja\.gradle\caches\transforms-3\0252a6acff1698e484055abf705c4fbd\transformed\recyclerview-1.1.0-api.jar, C:\Users\leoja\.gradle\caches\transforms-3\1b3bfb90ceb2cf9f68792b873dac00d0\transformed\transition-1.4.1-api.jar, C:\Users\leoja\.gradle\caches\transforms-3\2ae9d9a3fc993172ff8c4f6699ec7782\transformed\vectordrawable-animated-1.1.0-api.jar, C:\Users\leoja\.gradle\caches\transforms-3\f32bf90656ca1b7180360ec5fe49519b\transformed\vectordrawable-1.1.0-api.jar, C:\Users\leoja\.gradle\caches\transforms-3\3c57d0750b88da03605df81e52a5a1cf\transformed\viewpager-1.0.0-api.jar, C:\Users\leoja\.gradle\caches\transforms-3\10453a4911f02c5ec903fcaf76e09378\transformed\slidingpanelayout-1.2.0-api.jar, C:\Users\leoja\.gradle\caches\transforms-3\60682d6ef85379c86995d92777af9e6c\transformed\customview-1.1.0-api.jar, C:\Users\leoja\.gradle\caches\transforms-3\eb5c9f19b443ad2aa92a614852014fde\transformed\core-1.12.0-api.jar, C:\Users\leoja\.gradle\caches\transforms-3\fbc4cc3bcbccf5214c0bb18d2016f82f\transformed\lifecycle-runtime-2.7.0-api.jar, C:\Users\leoja\.gradle\caches\transforms-3\193c6af5fdae46925d29a7e34b02159a\transformed\lifecycle-viewmodel-ktx-2.7.0-api.jar, C:\Users\leoja\.gradle\caches\transforms-3\1aa305f14d93b49602edd18a5de4e287\transformed\lifecycle-livedata-ktx-2.7.0-api.jar, C:\Users\leoja\.gradle\caches\transforms-3\4d1122b506cfa45c2c54623ed3b1f6da\transformed\lifecycle-viewmodel-compose-2.7.0-api.jar, C:\Users\leoja\.gradle\caches\transforms-3\448769df45cb97e78ba4fdd1806b89bc\transformed\ui-release-api.jar, C:\Users\leoja\.gradle\caches\transforms-3\fc8d80fefb21094fbaefe5b96a6e3f0e\transformed\ui-tooling-preview-release-api.jar, C:\Users\leoja\.gradle\caches\transforms-3\8d57d4c561b75e4b08c8b2f368c7636a\transformed\ui-tooling-release-api.jar, C:\Users\leoja\.gradle\caches\transforms-3\b257244ae648be2f5020711bd08220b3\transformed\ui-test-manifest-1.5.4-api.jar, C:\Users\leoja\.gradle\caches\transforms-3\fc791cb4035f7f8487b63cdfde0acf00\transformed\activity-1.8.2-api.jar, C:\Users\leoja\.gradle\caches\transforms-3\4f9431b99a3678c122ff5e9514df8679\transformed\activity-compose-1.8.2-api.jar, C:\Users\leoja\.gradle\caches\transforms-3\28f5d61248ea6d8aa80b51f3e27c2b53\transformed\activity-ktx-1.8.2-api.jar, C:\Users\leoja\.gradle\caches\transforms-3\ceb341e23d605126082169f803333aa2\transformed\core-ktx-1.12.0-api.jar, C:\Users\leoja\.gradle\caches\modules-2\files-2.1\androidx.room\room-common\2.6.1\ff1b9580850a9b7eef56554e356628d225785265\room-common-2.6.1.jar, C:\Users\leoja\.gradle\caches\transforms-3\4b9a547487a52349783b4f9781f57f25\transformed\room-runtime-2.6.1-api.jar, C:\Users\leoja\.gradle\caches\transforms-3\8dd38aab49d99be2c530d85c5053a419\transformed\room-ktx-2.6.1-api.jar, C:\Users\leoja\.gradle\caches\transforms-3\88ab74477ac4d93b94fb1bbe6cbf6ff9\transformed\timber-5.0.1-api.jar, C:\Users\leoja\.gradle\caches\transforms-3\20b4a4384f826d47c659bfd727910b0b\transformed\savedstate-ktx-1.2.1-api.jar, C:\Users\leoja\.gradle\caches\transforms-3\9f22f38010ee99e90ac16ef7f3561ba6\transformed\savedstate-1.2.1-api.jar, C:\Users\leoja\.gradle\caches\transforms-3\978ff4e94ab235d13263e9d05ca067e5\transformed\annotation-experimental-1.3.0-api.jar, C:\Users\leoja\.gradle\caches\modules-2\files-2.1\androidx.collection\collection-ktx\1.1.0\f807b2f366f7b75142a67d2f3c10031065b5168\collection-ktx-1.1.0.jar, C:\Users\leoja\.gradle\caches\modules-2\files-2.1\com.squareup.okhttp3\logging-interceptor\4.12.0\e922c1f14d365c0f2bed140cc0825e18462c2778\logging-interceptor-4.12.0.jar, C:\Users\leoja\.gradle\caches\modules-2\files-2.1\org.jetbrains.kotlinx\kotlinx-coroutines-core-jvm\1.7.1\63a0779cf668e2a47d13fda7c3b0c4f8dc7762f4\kotlinx-coroutines-core-jvm-1.7.1.jar, C:\Users\leoja\.gradle\caches\modules-2\files-2.1\org.jetbrains.kotlinx\kotlinx-coroutines-android\1.7.1\c2d86b569f10b7fc7e28d3f50c0eed97897d77a7\kotlinx-coroutines-android-1.7.1.jar, C:\Users\leoja\.gradle\caches\modules-2\files-2.1\com.squareup.retrofit2\converter-gson\2.9.0\fc93484fc67ab52b1e0ccbdaa3922d8a6678e097\converter-gson-2.9.0.jar, C:\Users\leoja\.gradle\caches\modules-2\files-2.1\com.squareup.retrofit2\retrofit\2.9.0\d8fdfbd5da952141a665a403348b74538efc05ff\retrofit-2.9.0.jar, C:\Users\leoja\.gradle\caches\modules-2\files-2.1\com.squareup.okhttp3\okhttp\4.12.0\2f4525d4a200e97e1b87449c2cd9bd2e25b7e8cd\okhttp-4.12.0.jar, C:\Users\leoja\.gradle\caches\modules-2\files-2.1\com.squareup.okio\okio-jvm\3.6.0\5600569133b7bdefe1daf9ec7f4abeb6d13e1786\okio-jvm-3.6.0.jar, C:\Users\leoja\.gradle\caches\modules-2\files-2.1\org.jetbrains.kotlin\kotlin-stdlib-jdk8\1.9.10\c7510d64a83411a649c76f2778304ddf71d7437b\kotlin-stdlib-jdk8-1.9.10.jar, C:\Users\leoja\.gradle\caches\transforms-3\4a7dc48357636ae3c46e6f6fd2f195bd\transformed\cursoradapter-1.0.0-api.jar, C:\Users\leoja\.gradle\caches\transforms-3\b61e28cdec1966681391e30f159d4284\transformed\cardview-1.0.0-api.jar, C:\Users\leoja\.gradle\caches\transforms-3\ff924fe302accc5e2edf4448411b3570\transformed\sqlite-framework-2.4.0-api.jar, C:\Users\leoja\.gradle\caches\transforms-3\ef460c8b7386bc65bd85f1d7f3bed773\transformed\sqlite-2.4.0-api.jar, C:\Users\leoja\.gradle\caches\transforms-3\5b12659c7ec62f653acc52b97a721fa5\transformed\gifdecoder-4.16.0-api.jar, C:\Users\leoja\.gradle\caches\transforms-3\fadfd15ffb1d15a51e860d8539309831\transformed\core-runtime-2.2.0-api.jar, C:\Users\leoja\.gradle\caches\modules-2\files-2.1\androidx.arch.core\core-common\2.2.0\5e1b8b81dfd5f52c56a8d53b18ca759c19a301f3\core-common-2.2.0.jar, C:\Users\leoja\.gradle\caches\transforms-3\01d40390f4e13ce5e63a5fa45662f241\transformed\versionedparcelable-1.1.1-api.jar, C:\Users\leoja\.gradle\caches\modules-2\files-2.1\androidx.collection\collection\1.1.0\1f27220b47669781457de0d600849a5de0e89909\collection-1.1.0.jar, C:\Users\leoja\.gradle\caches\transforms-3\cff61172ed9af5e866882e8094e3c684\transformed\interpolator-1.0.0-api.jar, C:\Users\leoja\.gradle\caches\transforms-3\d810a606712169beec3dd2b83c03ff42\transformed\documentfile-1.0.0-api.jar, C:\Users\leoja\.gradle\caches\transforms-3\a90d9f45808c38eac14b10a685e45b36\transformed\localbroadcastmanager-1.0.0-api.jar, C:\Users\leoja\.gradle\caches\transforms-3\647998b24bb910bc34ba348ffed9ed5d\transformed\print-1.0.0-api.jar, C:\Users\leoja\.gradle\caches\modules-2\files-2.1\androidx.annotation\annotation-jvm\1.6.0\a7257339a052df0f91433cf9651231bbb802b502\annotation-jvm-1.6.0.jar, C:\Users\leoja\.gradle\caches\modules-2\files-2.1\org.jetbrains.kotlin\kotlin-stdlib-jdk7\1.9.10\bc5bfc2690338defd5195b05c57562f2194eeb10\kotlin-stdlib-jdk7-1.9.10.jar, C:\Users\leoja\.gradle\caches\modules-2\files-2.1\org.jetbrains.kotlin\kotlin-stdlib\1.9.21\17ee3e873d439566c7d8354403b5f3d9744c4c9c\kotlin-stdlib-1.9.21.jar, C:\Users\leoja\.gradle\caches\modules-2\files-2.1\org.jetbrains\annotations\23.0.0\8cc20c07506ec18e0834947b84a864bfc094484e\annotations-23.0.0.jar, C:\Users\leoja\.gradle\caches\transforms-3\6707ec695d1e03c75889005214df65ec\transformed\startup-runtime-1.1.1-api.jar, C:\Users\leoja\.gradle\caches\transforms-3\73e730f0cf2c9891064a47c8e472c9c0\transformed\tracing-1.0.0-api.jar, C:\Users\leoja\.gradle\caches\modules-2\files-2.1\com.google.guava\listenablefuture\1.0\c949a840a6acbc5268d088e47b04177bf90b3cad\listenablefuture-1.0.jar, C:\Users\leoja\.gradle\caches\modules-2\files-2.1\androidx.resourceinspection\resourceinspection-annotation\1.0.1\8c21f8ff5d96d5d52c948707f7e4d6ca6773feef\resourceinspection-annotation-1.0.1.jar, C:\Users\leoja\.gradle\caches\transforms-3\1abd341585f99fa152f2f30423465eed\transformed\constraintlayout-2.1.4-api.jar, C:\Users\leoja\.gradle\caches\modules-2\files-2.1\com.google.dagger\hilt-core\2.46.1\848183d99f6abf4fc7f29a97dbafc21d46a8ed27\hilt-core-2.46.1.jar, C:\Users\leoja\.gradle\caches\modules-2\files-2.1\com.google.dagger\dagger\2.46.1\8554769ea04410d4cbbd0e5f92ce5fd4e7b7f61\dagger-2.46.1.jar, C:\Users\leoja\.gradle\caches\modules-2\files-2.1\javax.inject\javax.inject\1\6975da39a7040257bd51d21a231b76c915872d38\javax.inject-1.jar, C:\Users\leoja\.gradle\caches\transforms-3\43f89e60308d636cd05695aa574026b2\transformed\dagger-lint-aar-2.46.1-api.jar, C:\Users\leoja\.gradle\caches\modules-2\files-2.1\com.google.code.findbugs\jsr305\3.0.2\25ea2e8b0c338a877313bd4672d3fe056ea78f0d\jsr305-3.0.2.jar, C:\Users\leoja\.gradle\caches\modules-2\files-2.1\com.github.bumptech.glide\disklrucache\4.16.0\411aa175d50d10b37c7a1a04d21a4e7145249557\disklrucache-4.16.0.jar, C:\Users\leoja\.gradle\caches\modules-2\files-2.1\com.github.bumptech.glide\annotations\4.16.0\90730f6498299d207aa0878124ab7585969808f0\annotations-4.16.0.jar, C:\Users\leoja\.gradle\caches\transforms-3\e630e905ac9af92e4877f133cc765e5c\transformed\exifinterface-1.3.6-api.jar, C:\Users\leoja\.gradle\caches\modules-2\files-2.1\com.google.code.gson\gson\2.8.5\f645ed69d595b24d4cf8b3fbb64cc505bede8829\gson-2.8.5.jar, C:\Users\leoja\.gradle\caches\modules-2\files-2.1\androidx.hilt\hilt-common\1.0.0\3c8727e21f194dd46aa78e44acbdf937ab045ebb\hilt-common-1.0.0.jar, C:\Users\leoja\AppData\Local\Android\Sdk\platforms\android-34\android.jar, C:\Users\leoja\AppData\Local\Android\Sdk\build-tools\33.0.1\core-lambda-stubs.jar
Java source roots: C:\Users\leoja\AndroidStudioProjects\PaleobyLeoRecipes\app\build\generated\source\buildConfig\debug\com\leo\paleorecipes\BuildConfig.java, C:\Users\leoja\AndroidStudioProjects\PaleobyLeoRecipes\app\build\generated\data_binding_base_class_source_out\debug\out\com\leo\paleorecipes\databinding\ActivityAboutPaleoBinding.java, C:\Users\leoja\AndroidStudioProjects\PaleobyLeoRecipes\app\build\generated\data_binding_base_class_source_out\debug\out\com\leo\paleorecipes\databinding\ActivityAddEditRecipeBinding.java, C:\Users\leoja\AndroidStudioProjects\PaleobyLeoRecipes\app\build\generated\data_binding_base_class_source_out\debug\out\com\leo\paleorecipes\databinding\ActivityAddRecipeBinding.java, C:\Users\leoja\AndroidStudioProjects\PaleobyLeoRecipes\app\build\generated\data_binding_base_class_source_out\debug\out\com\leo\paleorecipes\databinding\ActivityFridgeBinding.java, C:\Users\leoja\AndroidStudioProjects\PaleobyLeoRecipes\app\build\generated\data_binding_base_class_source_out\debug\out\com\leo\paleorecipes\databinding\ActivityMainBinding.java, C:\Users\leoja\AndroidStudioProjects\PaleobyLeoRecipes\app\build\generated\data_binding_base_class_source_out\debug\out\com\leo\paleorecipes\databinding\ActivityMainSimpleBinding.java, C:\Users\leoja\AndroidStudioProjects\PaleobyLeoRecipes\app\build\generated\data_binding_base_class_source_out\debug\out\com\leo\paleorecipes\databinding\ActivityRecipeDetailBinding.java, C:\Users\leoja\AndroidStudioProjects\PaleobyLeoRecipes\app\build\generated\data_binding_base_class_source_out\debug\out\com\leo\paleorecipes\databinding\ActivityRecipeDetailNewBinding.java, C:\Users\leoja\AndroidStudioProjects\PaleobyLeoRecipes\app\build\generated\data_binding_base_class_source_out\debug\out\com\leo\paleorecipes\databinding\ActivityRecipeListBinding.java, C:\Users\leoja\AndroidStudioProjects\PaleobyLeoRecipes\app\build\generated\data_binding_base_class_source_out\debug\out\com\leo\paleorecipes\databinding\ActivityRecipeSearchContainerBinding.java, C:\Users\leoja\AndroidStudioProjects\PaleobyLeoRecipes\app\build\generated\data_binding_base_class_source_out\debug\out\com\leo\paleorecipes\databinding\ActivitySettingsBinding.java, C:\Users\leoja\AndroidStudioProjects\PaleobyLeoRecipes\app\build\generated\data_binding_base_class_source_out\debug\out\com\leo\paleorecipes\databinding\ActivitySplashBinding.java, C:\Users\leoja\AndroidStudioProjects\PaleobyLeoRecipes\app\build\generated\data_binding_base_class_source_out\debug\out\com\leo\paleorecipes\databinding\CustomPopupMenuBinding.java, C:\Users\leoja\AndroidStudioProjects\PaleobyLeoRecipes\app\build\generated\data_binding_base_class_source_out\debug\out\com\leo\paleorecipes\databinding\FragmentFridgeBinding.java, C:\Users\leoja\AndroidStudioProjects\PaleobyLeoRecipes\app\build\generated\data_binding_base_class_source_out\debug\out\com\leo\paleorecipes\databinding\FragmentRecipeSearchBinding.java, C:\Users\leoja\AndroidStudioProjects\PaleobyLeoRecipes\app\build\generated\data_binding_base_class_source_out\debug\out\com\leo\paleorecipes\databinding\FragmentRecipeSearchListBinding.java, C:\Users\leoja\AndroidStudioProjects\PaleobyLeoRecipes\app\build\generated\data_binding_base_class_source_out\debug\out\com\leo\paleorecipes\databinding\ItemIngredientBinding.java, C:\Users\leoja\AndroidStudioProjects\PaleobyLeoRecipes\app\build\generated\data_binding_base_class_source_out\debug\out\com\leo\paleorecipes\databinding\ItemRecipeBasicBinding.java, C:\Users\leoja\AndroidStudioProjects\PaleobyLeoRecipes\app\build\generated\data_binding_base_class_source_out\debug\out\com\leo\paleorecipes\databinding\ItemRecipeBinding.java, C:\Users\leoja\AndroidStudioProjects\PaleobyLeoRecipes\app\build\generated\data_binding_base_class_source_out\debug\out\com\leo\paleorecipes\databinding\ItemRecipeSimpleBinding.java, C:\Users\leoja\AndroidStudioProjects\PaleobyLeoRecipes\app\build\generated\data_binding_base_class_source_out\debug\out\com\leo\paleorecipes\databinding\PopupMenuItemBinding.java, C:\Users\leoja\AndroidStudioProjects\PaleobyLeoRecipes\app\build\generated\data_binding_base_class_source_out\debug\out\com\leo\paleorecipes\databinding\PrintRecipeDetailBinding.java, C:\Users\leoja\AndroidStudioProjects\PaleobyLeoRecipes\app\build\generated\data_binding_trigger\debug\com\leo\paleorecipes\DataBindingTriggerClass.java
Sources output directory: C:\Users\leoja\AndroidStudioProjects\PaleobyLeoRecipes\app\build\tmp\kapt3\incrementalData\debug
Class files output directory: C:\Users\leoja\AndroidStudioProjects\PaleobyLeoRecipes\app\build\tmp\kapt3\incrementalData\debug
Stubs output directory: C:\Users\leoja\AndroidStudioProjects\PaleobyLeoRecipes\app\build\tmp\kapt3\stubs\debug
Incremental data output directory: C:\Users\leoja\AndroidStudioProjects\PaleobyLeoRecipes\app\build\tmp\kapt3\incrementalData\debug
Annotation processing classpath: C:\Users\leoja\.gradle\caches\modules-2\files-2.1\com.google.dagger\hilt-android-compiler\2.46.1\7938f34d3318a5d75de85646757991af2a56ccd3\hilt-android-compiler-2.46.1.jar, C:\Users\leoja\.gradle\caches\modules-2\files-2.1\androidx.hilt\hilt-compiler\1.0.0\282fb739f492e9dd5b9dcf1bef8f8c9b7a2b5c18\hilt-compiler-1.0.0.jar, C:\Users\leoja\.gradle\caches\modules-2\files-2.1\androidx.room\room-migration\2.6.1\8d8218e4ccfe9b34485619a8ca68f8760840301d\room-migration-2.6.1.jar, C:\Users\leoja\.gradle\caches\modules-2\files-2.1\androidx.room\room-compiler-processing\2.6.1\64891dd45a3adbb4137f338563b6d716dca7c456\room-compiler-processing-2.6.1.jar, C:\Users\leoja\.gradle\caches\modules-2\files-2.1\androidx.room\room-common\2.6.1\ff1b9580850a9b7eef56554e356628d225785265\room-common-2.6.1.jar, C:\Users\leoja\.gradle\caches\modules-2\files-2.1\androidx.room\room-compiler\2.6.1\d789379e27b40fa5cc6e17f4c56988d6500a4036\room-compiler-2.6.1.jar, C:\Users\leoja\.gradle\caches\modules-2\files-2.1\com.github.bumptech.glide\compiler\4.16.0\1749a31b9b16306702244fc6faec167340599549\compiler-4.16.0.jar, C:\Users\leoja\.gradle\caches\modules-2\files-2.1\androidx.databinding\databinding-compiler\8.1.0\a324e499c3fe87870c6bfcd93200194fe02bb78f\databinding-compiler-8.1.0.jar, C:\Users\leoja\.gradle\caches\modules-2\files-2.1\com.google.dagger\dagger-compiler\2.46.1\29d5d3b9eee228457d9df70fa2a41dbdf1c82bd7\dagger-compiler-2.46.1.jar, C:\Users\leoja\.gradle\caches\modules-2\files-2.1\com.google.dagger\dagger-spi\2.46.1\e8dc8f60a8c08a48ff36f5dca847f729af8d6c35\dagger-spi-2.46.1.jar, C:\Users\leoja\.gradle\caches\modules-2\files-2.1\com.google.dagger\dagger-producers\2.46.1\6286f1ed8921cefe8d0a7606f7e765be72a67484\dagger-producers-2.46.1.jar, C:\Users\leoja\.gradle\caches\modules-2\files-2.1\com.google.dagger\dagger\2.46.1\8554769ea04410d4cbbd0e5f92ce5fd4e7b7f61\dagger-2.46.1.jar, C:\Users\leoja\.gradle\caches\modules-2\files-2.1\com.google.auto\auto-common\0.11\345a7dc983e11c123c8000a53383cc2b83848caf\auto-common-0.11.jar, C:\Users\leoja\.gradle\caches\modules-2\files-2.1\androidx.databinding\databinding-compiler-common\8.1.0\a1c7a90144aedb0b918534ea90f928e18855264b\databinding-compiler-common-8.1.0.jar, C:\Users\leoja\.gradle\caches\modules-2\files-2.1\com.google.googlejavaformat\google-java-format\1.5\fba7f130d29061d2d2ea384b4880c10cae92ef73\google-java-format-1.5.jar, C:\Users\leoja\.gradle\caches\modules-2\files-2.1\com.google.guava\guava\31.1-jre\60458f877d055d0c9114d9e1a2efb737b4bc282c\guava-31.1-jre.jar, C:\Users\leoja\.gradle\caches\modules-2\files-2.1\com.google.code.findbugs\jsr305\3.0.2\25ea2e8b0c338a877313bd4672d3fe056ea78f0d\jsr305-3.0.2.jar, C:\Users\leoja\.gradle\caches\modules-2\files-2.1\com.google.guava\failureaccess\1.0.1\1dcf1de382a0bf95a3d8b0849546c88bac1292c9\failureaccess-1.0.1.jar, C:\Users\leoja\.gradle\caches\modules-2\files-2.1\com.squareup\kotlinpoet-javapoet\1.14.2\e4481d491afe47e3dcce952c87628141dc16454b\kotlinpoet-javapoet-1.14.2.jar, C:\Users\leoja\.gradle\caches\modules-2\files-2.1\com.squareup\javapoet\1.13.0\d6562d385049f35eb50403fa86bb11cce76b866a\javapoet-1.13.0.jar, C:\Users\leoja\.gradle\caches\modules-2\files-2.1\javax.annotation\javax.annotation-api\1.3.2\934c04d3cfef185a8008e7bf34331b79730a9d43\javax.annotation-api-1.3.2.jar, C:\Users\leoja\.gradle\caches\modules-2\files-2.1\javax.inject\javax.inject\1\6975da39a7040257bd51d21a231b76c915872d38\javax.inject-1.jar, C:\Users\leoja\.gradle\caches\modules-2\files-2.1\net.ltgt.gradle.incap\incap\0.2\c73e3db9bee414d6ee27995d951fcdbee09acad\incap-0.2.jar, C:\Users\leoja\.gradle\caches\modules-2\files-2.1\com.google.devtools.ksp\symbol-processing-api\1.9.0-1.0.13\c001c57ba3e093c65d23e124adfcdf5df9dde8a2\symbol-processing-api-1.9.0-1.0.13.jar, C:\Users\leoja\.gradle\caches\modules-2\files-2.1\com.squareup\kotlinpoet\1.14.2\b6741951260d555a05932e39de177fc64ef450bd\kotlinpoet-1.14.2.jar, C:\Users\leoja\.gradle\caches\modules-2\files-2.1\org.jetbrains.kotlin\kotlin-stdlib-jdk8\1.8.22\b25c86d47d6b962b9cf0f8c3f320c8a10eea3dd1\kotlin-stdlib-jdk8-1.8.22.jar, C:\Users\leoja\.gradle\caches\modules-2\files-2.1\org.jetbrains.kotlin\kotlin-reflect\1.8.21\662838019bc1141f8a311180d93b9e13765c7f55\kotlin-reflect-1.8.21.jar, C:\Users\leoja\.gradle\caches\modules-2\files-2.1\com.android.tools.build.jetifier\jetifier-core\1.0.0-beta10\6e621022a9c95af12a7004d6b55805bbd1126837\jetifier-core-1.0.0-beta10.jar, C:\Users\leoja\.gradle\caches\modules-2\files-2.1\org.jetbrains.kotlin\kotlin-stdlib-jdk7\1.8.22\4dabb8248310d833bb6a8b516024a91fd3d275c\kotlin-stdlib-jdk7-1.8.22.jar, C:\Users\leoja\.gradle\caches\modules-2\files-2.1\org.jetbrains.kotlin\kotlin-stdlib\1.9.0\8ee15ef0c67dc83d874f412d84378d7f0eb50b63\kotlin-stdlib-1.9.0.jar, C:\Users\leoja\.gradle\caches\modules-2\files-2.1\com.google.auto.value\auto-value-annotations\1.6.3\b88c1bb7f149f6d2cc03898359283e57b08f39cc\auto-value-annotations-1.6.3.jar, C:\Users\leoja\.gradle\caches\modules-2\files-2.1\com.intellij\annotations\12.0\bbcf6448f6d40abe506e2c83b70a3e8bfd2b4539\annotations-12.0.jar, C:\Users\leoja\.gradle\caches\modules-2\files-2.1\commons-codec\commons-codec\1.15\49d94806b6e3dc933dacbd8acb0fdbab8ebd1e5d\commons-codec-1.15.jar, C:\Users\leoja\.gradle\caches\modules-2\files-2.1\org.xerial\sqlite-jdbc\3.41.2.2\ddeb8d3a3004f412ed19b4c98b3aec11d9452ab5\sqlite-jdbc-3.41.2.2.jar, C:\Users\leoja\.gradle\caches\modules-2\files-2.1\com.github.bumptech.glide\annotations\4.16.0\90730f6498299d207aa0878124ab7585969808f0\annotations-4.16.0.jar, C:\Users\leoja\.gradle\caches\modules-2\files-2.1\androidx.databinding\databinding-common\8.1.0\2be3530b78477835e69dce953b17adc1dbc5c6fa\databinding-common-8.1.0.jar, C:\Users\leoja\.gradle\caches\modules-2\files-2.1\com.android.tools\annotations\31.1.0\d70720d1aed8e56163636f82782985acfe66eba8\annotations-31.1.0.jar, C:\Users\leoja\.gradle\caches\modules-2\files-2.1\com.google.code.gson\gson\2.9.0\8a1167e089096758b49f9b34066ef98b2f4b37aa\gson-2.9.0.jar, C:\Users\leoja\.gradle\caches\modules-2\files-2.1\com.googlecode.juniversalchardet\juniversalchardet\1.0.3\cd49678784c46aa8789c060538e0154013bb421b\juniversalchardet-1.0.3.jar, C:\Users\leoja\.gradle\caches\modules-2\files-2.1\commons-io\commons-io\2.4\b1b6ea3b7e4aa4f492509a4952029cd8e48019ad\commons-io-2.4.jar, C:\Users\leoja\.gradle\caches\modules-2\files-2.1\org.glassfish.jaxb\jaxb-runtime\2.3.2\5528bc882ea499a09d720b42af11785c4fc6be2a\jaxb-runtime-2.3.2.jar, C:\Users\leoja\.gradle\caches\modules-2\files-2.1\org.checkerframework\checker-compat-qual\2.5.5\435dc33e3019c9f019e15f01aa111de9d6b2b79c\checker-compat-qual-2.5.5.jar, C:\Users\leoja\.gradle\caches\modules-2\files-2.1\org.jetbrains.kotlin\kotlin-stdlib-common\1.9.0\cd65c21cfd1eec4d44ef09f9f52b6d9f8a720636\kotlin-stdlib-common-1.9.0.jar, C:\Users\leoja\.gradle\caches\modules-2\files-2.1\org.jetbrains\annotations\13.0\919f0dfe192fb4e063e7dacadee7f8bb9a2672a9\annotations-13.0.jar, C:\Users\leoja\.gradle\caches\modules-2\files-2.1\androidx.annotation\annotation\1.3.0\21f49f5f9b85fc49de712539f79123119740595\annotation-1.3.0.jar, C:\Users\leoja\.gradle\caches\modules-2\files-2.1\com.google.guava\listenablefuture\9999.0-empty-to-avoid-conflict-with-guava\b421526c5f297295adef1c886e5246c39d4ac629\listenablefuture-9999.0-empty-to-avoid-conflict-with-guava.jar, C:\Users\leoja\.gradle\caches\modules-2\files-2.1\org.checkerframework\checker-qual\3.12.0\d5692f0526415fcc6de94bb5bfbd3afd9dd3b3e5\checker-qual-3.12.0.jar, C:\Users\leoja\.gradle\caches\modules-2\files-2.1\com.google.errorprone\error_prone_annotations\2.11.0\c5a0ace696d3f8b1c1d8cc036d8c03cc0cbe6b69\error_prone_annotations-2.11.0.jar, C:\Users\leoja\.gradle\caches\modules-2\files-2.1\com.google.j2objc\j2objc-annotations\1.3\ba035118bc8bac37d7eff77700720999acd9986d\j2objc-annotations-1.3.jar, C:\Users\leoja\.gradle\caches\modules-2\files-2.1\com.android.databinding\baseLibrary\8.1.0\7e7399239e52d4069896277615e005add7ae8e5a\baseLibrary-8.1.0.jar, C:\Users\leoja\.gradle\caches\modules-2\files-2.1\org.jvnet.staxex\stax-ex\1.8.1\78011e483a21102fb4858f3e8f269a677e50aa23\stax-ex-1.8.1.jar, C:\Users\leoja\.gradle\caches\modules-2\files-2.1\jakarta.xml.bind\jakarta.xml.bind-api\2.3.2\8d49996a4338670764d7ca4b85a1c4ccf7fe665d\jakarta.xml.bind-api-2.3.2.jar, C:\Users\leoja\.gradle\caches\modules-2\files-2.1\org.glassfish.jaxb\txw2\2.3.2\ce5be7da2e442c25ec14c766cb60cb802741727b\txw2-2.3.2.jar, C:\Users\leoja\.gradle\caches\modules-2\files-2.1\com.sun.istack\istack-commons-runtime\3.0.8\d6a97364045aa6b99bf2d3c566a3f98599c2d296\istack-commons-runtime-3.0.8.jar, C:\Users\leoja\.gradle\caches\modules-2\files-2.1\com.sun.xml.fastinfoset\FastInfoset\1.2.16\4eb6a0adad553bf759ffe86927df6f3b848c8bea\FastInfoset-1.2.16.jar, C:\Users\leoja\.gradle\caches\modules-2\files-2.1\jakarta.activation\jakarta.activation-api\1.2.1\562a587face36ec7eff2db7f2fc95425c6602bc1\jakarta.activation-api-1.2.1.jar, C:\Users\leoja\.gradle\caches\modules-2\files-2.1\com.google.errorprone\javac-shaded\9-dev-r4023-3\72b688efd290280a0afde5f9892b0fde6f362d1d\javac-shaded-9-dev-r4023-3.jar
Annotation processors: 
AP options: {}
Javac options: {}
[incremental apt] Changed files: []
[incremental apt] Compiled sources directories: 
[incremental apt] Cache directory for incremental compilation: null
[incremental apt] Changed classpath names: 

i: [kapt] Initial analysis took 1275 ms
i: [kapt] Kotlin files to compile: [AboutActivity.kt, AboutPaleoActivity.kt, AddEditRecipeActivity.kt, AddRecipeActivity.kt, BaseActivity.kt, FridgeActivity.kt, MainActivity.kt, MainActivityCompose.kt, PaleoRecipesApplication.kt, RecipeAdapter.kt, RecipeDetailActivity.kt, RecipeListActivity.kt, RecipePrintAdapter.kt, SettingsActivity.kt, SplashActivity.kt, IngredientsAdapter.kt, RecipesAdapter.kt, AppDatabase.kt, Converters.kt, Recipe.kt, RecipeDao.kt, RecipeMapper.kt, ApiClient.kt, SpoonacularApiService.kt, ApiModels.kt, IngredientDao.kt, IngredientEntity.kt, ApiModels.kt, RecipeResponse.kt, IngredientRepository.kt, IngredientRepositoryImpl.kt, RecipeRepository.kt, RecipeRepositoryImpl.kt, AppModule.kt, DatabaseModule.kt, HiltWorkerFactory.kt, RepositoryModule.kt, TestModule.kt, WorkerHelperModule.kt, WorkerModule.kt, SpoonacularApi.kt, SpoonacularService.kt, BlackTextInputEditText.kt, FridgeFragment.kt, FridgeViewModel.kt, RecipeSearchActivity.kt, RecipeSearchFragment.kt, RecipeSearchViewModel.kt, Colors.kt, Theme.kt, Type.kt, SingleLiveEvent.kt, ApiErrorHandler.kt, ApiResponse.kt, ConnectivityManagerNetworkMonitor.kt, CoroutineDispatchers.kt, DateTimeUtils.kt, FileUtils.kt, ImageLoader.kt, ImageUtils.kt, NetworkConnectivityObserver.kt, NetworkMonitor.kt, NetworkUtils.kt, PreferenceHelper.kt, Resource.kt, RecipeViewModel.kt, ChildWorkerFactory.kt, SyncRecipesWorker.kt, WorkManagerHelper.kt]
i: [kapt] Stubs compilation took 1027 ms
i: [kapt] Compiled classes: com/leo/paleorecipes/AboutActivity, com/leo/paleorecipes/AboutPaleoActivity, com/leo/paleorecipes/AddEditRecipeActivity, com/leo/paleorecipes/AddEditRecipeActivity$Companion, com/leo/paleorecipes/AddRecipeActivity, com/leo/paleorecipes/BaseActivity, com/leo/paleorecipes/FridgeActivity, com/leo/paleorecipes/MainActivity, com/leo/paleorecipes/MainActivityCompose, com/leo/paleorecipes/MainActivityComposeKt, com/leo/paleorecipes/PaleoRecipesApplication, com/leo/paleorecipes/RecipeAdapter, com/leo/paleorecipes/RecipeAdapter$RecipeViewHolder, com/leo/paleorecipes/RecipeDiffCallback, com/leo/paleorecipes/RecipeDetailActivity, com/leo/paleorecipes/RecipeListActivity, com/leo/paleorecipes/RecipePrintAdapter, com/leo/paleorecipes/SettingsActivity, com/leo/paleorecipes/SplashActivity, com/leo/paleorecipes/adapter/IngredientsAdapter, com/leo/paleorecipes/adapter/IngredientsAdapter$IngredientViewHolder, com/leo/paleorecipes/adapter/IngredientDiffCallback, com/leo/paleorecipes/adapter/RecipesAdapter, com/leo/paleorecipes/adapter/RecipesAdapter$RecipeViewHolder, com/leo/paleorecipes/adapter/RecipeDiffCallback, com/leo/paleorecipes/data/AppDatabase, com/leo/paleorecipes/data/AppDatabase$Companion, com/leo/paleorecipes/data/Converters, com/leo/paleorecipes/data/Recipe, com/leo/paleorecipes/data/Recipe$CREATOR, com/leo/paleorecipes/data/RecipeDao, com/leo/paleorecipes/data/RecipeMapper, com/leo/paleorecipes/data/api/ApiClient, com/leo/paleorecipes/data/api/ApiClient$Companion, com/leo/paleorecipes/data/api/SpoonacularApiService, com/leo/paleorecipes/data/api/model/ApiRecipe, com/leo/paleorecipes/data/api/model/ApiRecipeDetail, com/leo/paleorecipes/data/api/model/ApiIngredient, com/leo/paleorecipes/data/api/model/ApiAnalyzedInstruction, com/leo/paleorecipes/data/api/model/ApiInstructionStep, com/leo/paleorecipes/data/api/model/ApiEquipment, com/leo/paleorecipes/data/local/dao/IngredientDao, com/leo/paleorecipes/data/local/entity/IngredientEntity, com/leo/paleorecipes/data/model/RecipeResponse, com/leo/paleorecipes/data/model/Ingredient, com/leo/paleorecipes/data/model/RecipeDetailResponse, com/leo/paleorecipes/data/model/ExtendedIngredient, com/leo/paleorecipes/data/model/DomainRecipe, com/leo/paleorecipes/data/model/Recipe, com/leo/paleorecipes/data/model/RecipeDetail, com/leo/paleorecipes/data/model/AnalyzedInstruction, com/leo/paleorecipes/data/model/Step, com/leo/paleorecipes/data/model/Length, com/leo/paleorecipes/data/model/Equipment, com/leo/paleorecipes/data/model/Temperature, com/leo/paleorecipes/data/repository/IngredientRepository, com/leo/paleorecipes/data/repository/IngredientRepositoryImpl, com/leo/paleorecipes/data/repository/RecipeRepository, com/leo/paleorecipes/data/repository/RecipeRepositoryImpl, com/leo/paleorecipes/di/AppModule, com/leo/paleorecipes/di/DatabaseModule, com/leo/paleorecipes/di/HiltWorkerFactory, com/leo/paleorecipes/di/WorkerFactoryModule, com/leo/paleorecipes/di/WorkerFactoryModule$Companion, com/leo/paleorecipes/di/RepositoryModule, com/leo/paleorecipes/di/TestModule, com/leo/paleorecipes/di/WorkerHelperModule, com/leo/paleorecipes/di/WorkerModule, com/leo/paleorecipes/di/WorkerModule$Companion, com/leo/paleorecipes/network/SpoonacularApi, com/leo/paleorecipes/network/SpoonacularService, com/leo/paleorecipes/network/RecipeDetailResponse, com/leo/paleorecipes/network/ExtendedIngredient, com/leo/paleorecipes/ui/components/BlackTextInputEditText, com/leo/paleorecipes/ui/fridge/FridgeFragment, com/leo/paleorecipes/ui/fridge/FridgeViewModel, com/leo/paleorecipes/ui/search/RecipeSearchActivity, com/leo/paleorecipes/ui/search/RecipeSearchActivity$Companion, com/leo/paleorecipes/ui/search/RecipeSearchFragment, com/leo/paleorecipes/ui/search/RecipeSearchFragment$Companion, com/leo/paleorecipes/ui/search/RecipeSearchViewModel, com/leo/paleorecipes/ui/theme/ColorsKt, com/leo/paleorecipes/ui/theme/ThemeKt, com/leo/paleorecipes/ui/theme/TypeKt, com/leo/paleorecipes/util/SingleLiveEvent, com/leo/paleorecipes/utils/ApiErrorHandler, com/leo/paleorecipes/utils/ApiResponse, com/leo/paleorecipes/utils/ApiResponse$Success, com/leo/paleorecipes/utils/ApiResponse$Error, com/leo/paleorecipes/utils/ApiResponse$Loading, com/leo/paleorecipes/utils/ApiResponse$Empty, com/leo/paleorecipes/utils/ApiResponseKt, com/leo/paleorecipes/utils/ConnectivityManagerNetworkMonitor, com/leo/paleorecipes/utils/DispatcherProvider, com/leo/paleorecipes/utils/DefaultDispatcherProvider, com/leo/paleorecipes/utils/TestDispatcherProvider, com/leo/paleorecipes/utils/DateTimeUtils, com/leo/paleorecipes/utils/DateTimeUtils$Companion, com/leo/paleorecipes/utils/FileUtils, com/leo/paleorecipes/utils/FileUtils$Companion, com/leo/paleorecipes/utils/ImageLoader, com/leo/paleorecipes/utils/ImageLoader$Companion, com/leo/paleorecipes/utils/ImageUtils, com/leo/paleorecipes/utils/NetworkConnectivityObserver, com/leo/paleorecipes/utils/NetworkMonitor, com/leo/paleorecipes/utils/NetworkUtils, com/leo/paleorecipes/utils/PreferenceHelper, com/leo/paleorecipes/utils/Resource, com/leo/paleorecipes/utils/Resource$Success, com/leo/paleorecipes/utils/Resource$Loading, com/leo/paleorecipes/utils/Resource$Error, com/leo/paleorecipes/utils/Resource$Companion, com/leo/paleorecipes/viewmodel/RecipeViewModel, com/leo/paleorecipes/viewmodel/RecipeViewModel$RecipeUiState, com/leo/paleorecipes/viewmodel/RecipeViewModel$RecipeUiState$Loading, com/leo/paleorecipes/viewmodel/RecipeViewModel$RecipeUiState$Success, com/leo/paleorecipes/viewmodel/RecipeViewModel$RecipeUiState$Error, com/leo/paleorecipes/viewmodel/RecipeViewModel$RecipeUiState$Empty, com/leo/paleorecipes/viewmodel/RecipeViewModel$RecipeUiState$RecipeLoaded, com/leo/paleorecipes/workers/ChildWorkerFactory, com/leo/paleorecipes/workers/SyncRecipesWorker, com/leo/paleorecipes/workers/SyncRecipesWorker$Companion, com/leo/paleorecipes/workers/SyncRecipesWorker$Factory, com/leo/paleorecipes/workers/WorkManagerHelper
i: [kapt] All Javac options: {-proc:=only, accessInternalAPI=true, --class-path=C:\Users\leoja\AndroidStudioProjects\PaleobyLeoRecipes\app\build\intermediates\compile_and_runtime_not_namespaced_r_class_jar\debug\R.jar;C:\Users\leoja\.gradle\caches\transforms-3\f49bf0f66b836319ecb7b03b712e15aa\transformed\databinding-runtime-8.1.0-api.jar;C:\Users\leoja\.gradle\caches\transforms-3\891fafeafff99247d77edfdd984a6798\transformed\viewbinding-8.1.0-api.jar;C:\Users\leoja\.gradle\caches\transforms-3\dfc000f292b14402f228266d0a29aebf\transformed\databinding-adapters-8.1.0-api.jar;C:\Users\leoja\.gradle\caches\modules-2\files-2.1\androidx.databinding\databinding-common\8.1.0\2be3530b78477835e69dce953b17adc1dbc5c6fa\databinding-common-8.1.0.jar;C:\Users\leoja\.gradle\caches\transforms-3\76e3e79701839d3ef92f4bab4ec688c7\transformed\databinding-ktx-8.1.0-api.jar;C:\Users\leoja\.gradle\caches\transforms-3\cb878bc15339cd4072c5ec28d92b8be1\transformed\navigation-common-2.7.6-api.jar;C:\Users\leoja\.gradle\caches\transforms-3\a9a8b6491e9e00dd600d5e3202ea043e\transformed\navigation-common-ktx-2.7.6-api.jar;C:\Users\leoja\.gradle\caches\transforms-3\7d9832543a5e6653f3c670dd519577d5\transformed\navigation-runtime-2.7.6-api.jar;C:\Users\leoja\.gradle\caches\transforms-3\fb595f47b989ba01d3734d976474ed12\transformed\navigation-runtime-ktx-2.7.6-api.jar;C:\Users\leoja\.gradle\caches\transforms-3\df2462af91f230b25f5ae837a324a45f\transformed\navigation-fragment-2.7.6-api.jar;C:\Users\leoja\.gradle\caches\transforms-3\d20a5139c8a0fea12eda143e76b9b68b\transformed\navigation-fragment-ktx-2.7.6-api.jar;C:\Users\leoja\.gradle\caches\transforms-3\b31a6a33c0bfcfcbc0d512073b69239f\transformed\navigation-ui-ktx-2.7.6-api.jar;C:\Users\leoja\.gradle\caches\transforms-3\ab9e571522114e87564ca15cd9385111\transformed\navigation-ui-2.7.6-api.jar;C:\Users\leoja\.gradle\caches\transforms-3\1e57c69845abae1c63e2286bec4c515a\transformed\material-1.11.0-api.jar;C:\Users\leoja\.gradle\caches\transforms-3\8d87dc66d26557fecef040a4ab2fc267\transformed\appcompat-1.6.1-api.jar;C:\Users\leoja\.gradle\caches\transforms-3\f177ac596d3fef4234d78cb86d47bc46\transformed\hilt-work-1.0.0-api.jar;C:\Users\leoja\.gradle\caches\transforms-3\302f6689f7f4b105ea6985e1ea4b467a\transformed\hilt-android-2.46.1-api.jar;C:\Users\leoja\.gradle\caches\transforms-3\0a560d915f791797d5e38faae4a16844\transformed\okhttp3-integration-4.16.0-api.jar;C:\Users\leoja\.gradle\caches\transforms-3\ca621cbf0b2d23a3de05b547847227e7\transformed\glide-4.16.0-api.jar;C:\Users\leoja\.gradle\caches\transforms-3\4b0a4c9a532b19db353ae182608c2638\transformed\viewpager2-1.0.0-api.jar;C:\Users\leoja\.gradle\caches\transforms-3\ef83b5e1e3e47478c22184bed42a0bb3\transformed\fragment-1.6.2-api.jar;C:\Users\leoja\.gradle\caches\transforms-3\ad8ef0fccb3959d223cfce57b642dc9d\transformed\fragment-ktx-1.6.2-api.jar;C:\Users\leoja\.gradle\caches\transforms-3\2b58e803469d7c95465a4e63e5c4ec7b\transformed\material3-1.1.2-api.jar;C:\Users\leoja\.gradle\caches\transforms-3\642d53251572e6cdfee22d6b45de9d5d\transformed\material-icons-core-release-api.jar;C:\Users\leoja\.gradle\caches\transforms-3\e6efbd564d7b9c720a017a8c315de7fe\transformed\material-ripple-release-api.jar;C:\Users\leoja\.gradle\caches\transforms-3\28906a3fd93902be292cbd7fd132303e\transformed\animation-core-release-api.jar;C:\Users\leoja\.gradle\caches\transforms-3\34e420e5654b6a730f53e87f30ea9585\transformed\animation-release-api.jar;C:\Users\leoja\.gradle\caches\transforms-3\22d24e55a25ffc1ff385760e47a3e492\transformed\foundation-layout-release-api.jar;C:\Users\leoja\.gradle\caches\transforms-3\dba6734d497b94c43f343b8e4a3a28ed\transformed\foundation-release-api.jar;C:\Users\leoja\.gradle\caches\transforms-3\d75e1babda830266f4e62d4452c3bc85\transformed\runtime-saveable-release-api.jar;C:\Users\leoja\.gradle\caches\transforms-3\ff7f153aeef9ea8ccf0b75cc09e6d97c\transformed\ui-unit-release-api.jar;C:\Users\leoja\.gradle\caches\transforms-3\65be5b597eba989b7cde52aba0f1a646\transformed\ui-geometry-release-api.jar;C:\Users\leoja\.gradle\caches\transforms-3\79ff55918d19907f322016d61c407144\transformed\ui-text-release-api.jar;C:\Users\leoja\.gradle\caches\transforms-3\422a7d886ef827c0ff728c3f8898915b\transformed\ui-graphics-release-api.jar;C:\Users\leoja\.gradle\caches\transforms-3\40fa4dd3b0d7b28350ce57f15a6bf198\transformed\ui-tooling-data-release-api.jar;C:\Users\leoja\.gradle\caches\transforms-3\c6b6e0b9aedf9bf6101f4fc8376b906a\transformed\runtime-release-api.jar;C:\Users\leoja\.gradle\caches\transforms-3\9da9d23293af35847c298d197a876dcc\transformed\runtime-livedata-1.5.4-api.jar;C:\Users\leoja\.gradle\caches\transforms-3\d1fc0c24fa648909602e2dd43547b0ff\transformed\lifecycle-livedata-core-2.7.0-api.jar;C:\Users\leoja\.gradle\caches\modules-2\files-2.1\androidx.lifecycle\lifecycle-common\2.7.0\85334205d65cca70ed0109c3acbd29e22a2d9cb1\lifecycle-common-2.7.0.jar;C:\Users\leoja\.gradle\caches\transforms-3\7b10ffa28c7b0b37f9a5597eaa62987a\transformed\lifecycle-viewmodel-savedstate-2.7.0-api.jar;C:\Users\leoja\.gradle\caches\modules-2\files-2.1\androidx.lifecycle\lifecycle-common-java8\2.7.0\2ad14aed781c4a73ed4dbb421966d408a0a06686\lifecycle-common-java8-2.7.0.jar;C:\Users\leoja\.gradle\caches\transforms-3\8174b6fac7bd7b93dfa6eb13d6920fb1\transformed\lifecycle-livedata-core-ktx-2.7.0-api.jar;C:\Users\leoja\.gradle\caches\transforms-3\cfa7f7fb831d145772d14d9659f9fdaa\transformed\dynamicanimation-1.0.0-api.jar;C:\Users\leoja\.gradle\caches\transforms-3\a9f426d32959a09a02f5e9975a52ad7e\transformed\legacy-support-core-utils-1.0.0-api.jar;C:\Users\leoja\.gradle\caches\transforms-3\15016f5bd754cfabe690ea2960a54261\transformed\loader-1.0.0-api.jar;C:\Users\leoja\.gradle\caches\transforms-3\38eb5dfe1150352db8c75e4a7f18404d\transformed\lifecycle-viewmodel-2.7.0-api.jar;C:\Users\leoja\.gradle\caches\transforms-3\3c5b5e5b24979e3db94e09c748b3890b\transformed\lifecycle-service-2.7.0-api.jar;C:\Users\leoja\.gradle\caches\transforms-3\c704fd5e6820c5045d5d36e3f453947f\transformed\lifecycle-process-2.7.0-api.jar;C:\Users\leoja\.gradle\caches\transforms-3\f4834198d33bd0bce3b11a9c8e501873\transformed\work-runtime-ktx-2.9.0-api.jar;C:\Users\leoja\.gradle\caches\transforms-3\4559dd1625818b06be8bca1239656ab8\transformed\work-runtime-2.9.0-api.jar;C:\Users\leoja\.gradle\caches\transforms-3\b3f6799363f4dd00664f76d567eae13d\transformed\lifecycle-livedata-2.7.0-api.jar;C:\Users\leoja\.gradle\caches\transforms-3\cb0721182121f2eda5c2ddd1eeedf050\transformed\lifecycle-runtime-ktx-2.7.0-api.jar;C:\Users\leoja\.gradle\caches\transforms-3\cd9a69e882a70d989b9282962c52ad93\transformed\appcompat-resources-1.6.1-api.jar;C:\Users\leoja\.gradle\caches\transforms-3\f533757ce47b86ec0751ee14ecd65863\transformed\drawerlayout-1.1.1-api.jar;C:\Users\leoja\.gradle\caches\transforms-3\4416bf719ccc8e299ece31eacef80399\transformed\coordinatorlayout-1.1.0-api.jar;C:\Users\leoja\.gradle\caches\transforms-3\0252a6acff1698e484055abf705c4fbd\transformed\recyclerview-1.1.0-api.jar;C:\Users\leoja\.gradle\caches\transforms-3\1b3bfb90ceb2cf9f68792b873dac00d0\transformed\transition-1.4.1-api.jar;C:\Users\leoja\.gradle\caches\transforms-3\2ae9d9a3fc993172ff8c4f6699ec7782\transformed\vectordrawable-animated-1.1.0-api.jar;C:\Users\leoja\.gradle\caches\transforms-3\f32bf90656ca1b7180360ec5fe49519b\transformed\vectordrawable-1.1.0-api.jar;C:\Users\leoja\.gradle\caches\transforms-3\3c57d0750b88da03605df81e52a5a1cf\transformed\viewpager-1.0.0-api.jar;C:\Users\leoja\.gradle\caches\transforms-3\10453a4911f02c5ec903fcaf76e09378\transformed\slidingpanelayout-1.2.0-api.jar;C:\Users\leoja\.gradle\caches\transforms-3\60682d6ef85379c86995d92777af9e6c\transformed\customview-1.1.0-api.jar;C:\Users\leoja\.gradle\caches\transforms-3\eb5c9f19b443ad2aa92a614852014fde\transformed\core-1.12.0-api.jar;C:\Users\leoja\.gradle\caches\transforms-3\fbc4cc3bcbccf5214c0bb18d2016f82f\transformed\lifecycle-runtime-2.7.0-api.jar;C:\Users\leoja\.gradle\caches\transforms-3\193c6af5fdae46925d29a7e34b02159a\transformed\lifecycle-viewmodel-ktx-2.7.0-api.jar;C:\Users\leoja\.gradle\caches\transforms-3\1aa305f14d93b49602edd18a5de4e287\transformed\lifecycle-livedata-ktx-2.7.0-api.jar;C:\Users\leoja\.gradle\caches\transforms-3\4d1122b506cfa45c2c54623ed3b1f6da\transformed\lifecycle-viewmodel-compose-2.7.0-api.jar;C:\Users\leoja\.gradle\caches\transforms-3\448769df45cb97e78ba4fdd1806b89bc\transformed\ui-release-api.jar;C:\Users\leoja\.gradle\caches\transforms-3\fc8d80fefb21094fbaefe5b96a6e3f0e\transformed\ui-tooling-preview-release-api.jar;C:\Users\leoja\.gradle\caches\transforms-3\8d57d4c561b75e4b08c8b2f368c7636a\transformed\ui-tooling-release-api.jar;C:\Users\leoja\.gradle\caches\transforms-3\b257244ae648be2f5020711bd08220b3\transformed\ui-test-manifest-1.5.4-api.jar;C:\Users\leoja\.gradle\caches\transforms-3\fc791cb4035f7f8487b63cdfde0acf00\transformed\activity-1.8.2-api.jar;C:\Users\leoja\.gradle\caches\transforms-3\4f9431b99a3678c122ff5e9514df8679\transformed\activity-compose-1.8.2-api.jar;C:\Users\leoja\.gradle\caches\transforms-3\28f5d61248ea6d8aa80b51f3e27c2b53\transformed\activity-ktx-1.8.2-api.jar;C:\Users\leoja\.gradle\caches\transforms-3\ceb341e23d605126082169f803333aa2\transformed\core-ktx-1.12.0-api.jar;C:\Users\leoja\.gradle\caches\modules-2\files-2.1\androidx.room\room-common\2.6.1\ff1b9580850a9b7eef56554e356628d225785265\room-common-2.6.1.jar;C:\Users\leoja\.gradle\caches\transforms-3\4b9a547487a52349783b4f9781f57f25\transformed\room-runtime-2.6.1-api.jar;C:\Users\leoja\.gradle\caches\transforms-3\8dd38aab49d99be2c530d85c5053a419\transformed\room-ktx-2.6.1-api.jar;C:\Users\leoja\.gradle\caches\transforms-3\88ab74477ac4d93b94fb1bbe6cbf6ff9\transformed\timber-5.0.1-api.jar;C:\Users\leoja\.gradle\caches\transforms-3\20b4a4384f826d47c659bfd727910b0b\transformed\savedstate-ktx-1.2.1-api.jar;C:\Users\leoja\.gradle\caches\transforms-3\9f22f38010ee99e90ac16ef7f3561ba6\transformed\savedstate-1.2.1-api.jar;C:\Users\leoja\.gradle\caches\transforms-3\978ff4e94ab235d13263e9d05ca067e5\transformed\annotation-experimental-1.3.0-api.jar;C:\Users\leoja\.gradle\caches\modules-2\files-2.1\androidx.collection\collection-ktx\1.1.0\f807b2f366f7b75142a67d2f3c10031065b5168\collection-ktx-1.1.0.jar;C:\Users\leoja\.gradle\caches\modules-2\files-2.1\com.squareup.okhttp3\logging-interceptor\4.12.0\e922c1f14d365c0f2bed140cc0825e18462c2778\logging-interceptor-4.12.0.jar;C:\Users\leoja\.gradle\caches\modules-2\files-2.1\org.jetbrains.kotlinx\kotlinx-coroutines-core-jvm\1.7.1\63a0779cf668e2a47d13fda7c3b0c4f8dc7762f4\kotlinx-coroutines-core-jvm-1.7.1.jar;C:\Users\leoja\.gradle\caches\modules-2\files-2.1\org.jetbrains.kotlinx\kotlinx-coroutines-android\1.7.1\c2d86b569f10b7fc7e28d3f50c0eed97897d77a7\kotlinx-coroutines-android-1.7.1.jar;C:\Users\leoja\.gradle\caches\modules-2\files-2.1\com.squareup.retrofit2\converter-gson\2.9.0\fc93484fc67ab52b1e0ccbdaa3922d8a6678e097\converter-gson-2.9.0.jar;C:\Users\leoja\.gradle\caches\modules-2\files-2.1\com.squareup.retrofit2\retrofit\2.9.0\d8fdfbd5da952141a665a403348b74538efc05ff\retrofit-2.9.0.jar;C:\Users\leoja\.gradle\caches\modules-2\files-2.1\com.squareup.okhttp3\okhttp\4.12.0\2f4525d4a200e97e1b87449c2cd9bd2e25b7e8cd\okhttp-4.12.0.jar;C:\Users\leoja\.gradle\caches\modules-2\files-2.1\com.squareup.okio\okio-jvm\3.6.0\5600569133b7bdefe1daf9ec7f4abeb6d13e1786\okio-jvm-3.6.0.jar;C:\Users\leoja\.gradle\caches\modules-2\files-2.1\org.jetbrains.kotlin\kotlin-stdlib-jdk8\1.9.10\c7510d64a83411a649c76f2778304ddf71d7437b\kotlin-stdlib-jdk8-1.9.10.jar;C:\Users\leoja\.gradle\caches\transforms-3\4a7dc48357636ae3c46e6f6fd2f195bd\transformed\cursoradapter-1.0.0-api.jar;C:\Users\leoja\.gradle\caches\transforms-3\b61e28cdec1966681391e30f159d4284\transformed\cardview-1.0.0-api.jar;C:\Users\leoja\.gradle\caches\transforms-3\ff924fe302accc5e2edf4448411b3570\transformed\sqlite-framework-2.4.0-api.jar;C:\Users\leoja\.gradle\caches\transforms-3\ef460c8b7386bc65bd85f1d7f3bed773\transformed\sqlite-2.4.0-api.jar;C:\Users\leoja\.gradle\caches\transforms-3\5b12659c7ec62f653acc52b97a721fa5\transformed\gifdecoder-4.16.0-api.jar;C:\Users\leoja\.gradle\caches\transforms-3\fadfd15ffb1d15a51e860d8539309831\transformed\core-runtime-2.2.0-api.jar;C:\Users\leoja\.gradle\caches\modules-2\files-2.1\androidx.arch.core\core-common\2.2.0\5e1b8b81dfd5f52c56a8d53b18ca759c19a301f3\core-common-2.2.0.jar;C:\Users\leoja\.gradle\caches\transforms-3\01d40390f4e13ce5e63a5fa45662f241\transformed\versionedparcelable-1.1.1-api.jar;C:\Users\leoja\.gradle\caches\modules-2\files-2.1\androidx.collection\collection\1.1.0\1f27220b47669781457de0d600849a5de0e89909\collection-1.1.0.jar;C:\Users\leoja\.gradle\caches\transforms-3\cff61172ed9af5e866882e8094e3c684\transformed\interpolator-1.0.0-api.jar;C:\Users\leoja\.gradle\caches\transforms-3\d810a606712169beec3dd2b83c03ff42\transformed\documentfile-1.0.0-api.jar;C:\Users\leoja\.gradle\caches\transforms-3\a90d9f45808c38eac14b10a685e45b36\transformed\localbroadcastmanager-1.0.0-api.jar;C:\Users\leoja\.gradle\caches\transforms-3\647998b24bb910bc34ba348ffed9ed5d\transformed\print-1.0.0-api.jar;C:\Users\leoja\.gradle\caches\modules-2\files-2.1\androidx.annotation\annotation-jvm\1.6.0\a7257339a052df0f91433cf9651231bbb802b502\annotation-jvm-1.6.0.jar;C:\Users\leoja\.gradle\caches\modules-2\files-2.1\org.jetbrains.kotlin\kotlin-stdlib-jdk7\1.9.10\bc5bfc2690338defd5195b05c57562f2194eeb10\kotlin-stdlib-jdk7-1.9.10.jar;C:\Users\leoja\.gradle\caches\modules-2\files-2.1\org.jetbrains.kotlin\kotlin-stdlib\1.9.21\17ee3e873d439566c7d8354403b5f3d9744c4c9c\kotlin-stdlib-1.9.21.jar;C:\Users\leoja\.gradle\caches\modules-2\files-2.1\org.jetbrains\annotations\23.0.0\8cc20c07506ec18e0834947b84a864bfc094484e\annotations-23.0.0.jar;C:\Users\leoja\.gradle\caches\transforms-3\6707ec695d1e03c75889005214df65ec\transformed\startup-runtime-1.1.1-api.jar;C:\Users\leoja\.gradle\caches\transforms-3\73e730f0cf2c9891064a47c8e472c9c0\transformed\tracing-1.0.0-api.jar;C:\Users\leoja\.gradle\caches\modules-2\files-2.1\com.google.guava\listenablefuture\1.0\c949a840a6acbc5268d088e47b04177bf90b3cad\listenablefuture-1.0.jar;C:\Users\leoja\.gradle\caches\modules-2\files-2.1\androidx.resourceinspection\resourceinspection-annotation\1.0.1\8c21f8ff5d96d5d52c948707f7e4d6ca6773feef\resourceinspection-annotation-1.0.1.jar;C:\Users\leoja\.gradle\caches\transforms-3\1abd341585f99fa152f2f30423465eed\transformed\constraintlayout-2.1.4-api.jar;C:\Users\leoja\.gradle\caches\modules-2\files-2.1\com.google.dagger\hilt-core\2.46.1\848183d99f6abf4fc7f29a97dbafc21d46a8ed27\hilt-core-2.46.1.jar;C:\Users\leoja\.gradle\caches\modules-2\files-2.1\com.google.dagger\dagger\2.46.1\8554769ea04410d4cbbd0e5f92ce5fd4e7b7f61\dagger-2.46.1.jar;C:\Users\leoja\.gradle\caches\modules-2\files-2.1\javax.inject\javax.inject\1\6975da39a7040257bd51d21a231b76c915872d38\javax.inject-1.jar;C:\Users\leoja\.gradle\caches\transforms-3\43f89e60308d636cd05695aa574026b2\transformed\dagger-lint-aar-2.46.1-api.jar;C:\Users\leoja\.gradle\caches\modules-2\files-2.1\com.google.code.findbugs\jsr305\3.0.2\25ea2e8b0c338a877313bd4672d3fe056ea78f0d\jsr305-3.0.2.jar;C:\Users\leoja\.gradle\caches\modules-2\files-2.1\com.github.bumptech.glide\disklrucache\4.16.0\411aa175d50d10b37c7a1a04d21a4e7145249557\disklrucache-4.16.0.jar;C:\Users\leoja\.gradle\caches\modules-2\files-2.1\com.github.bumptech.glide\annotations\4.16.0\90730f6498299d207aa0878124ab7585969808f0\annotations-4.16.0.jar;C:\Users\leoja\.gradle\caches\transforms-3\e630e905ac9af92e4877f133cc765e5c\transformed\exifinterface-1.3.6-api.jar;C:\Users\leoja\.gradle\caches\modules-2\files-2.1\com.google.code.gson\gson\2.8.5\f645ed69d595b24d4cf8b3fbb64cc505bede8829\gson-2.8.5.jar;C:\Users\leoja\.gradle\caches\modules-2\files-2.1\androidx.hilt\hilt-common\1.0.0\3c8727e21f194dd46aa78e44acbdf937ab045ebb\hilt-common-1.0.0.jar;C:\Users\leoja\AppData\Local\Android\Sdk\platforms\android-34\android.jar;C:\Users\leoja\AppData\Local\Android\Sdk\build-tools\33.0.1\core-lambda-stubs.jar, --processor-path=C:\Users\leoja\.gradle\caches\modules-2\files-2.1\com.google.dagger\hilt-android-compiler\2.46.1\7938f34d3318a5d75de85646757991af2a56ccd3\hilt-android-compiler-2.46.1.jar;C:\Users\leoja\.gradle\caches\modules-2\files-2.1\androidx.hilt\hilt-compiler\1.0.0\282fb739f492e9dd5b9dcf1bef8f8c9b7a2b5c18\hilt-compiler-1.0.0.jar;C:\Users\leoja\.gradle\caches\modules-2\files-2.1\androidx.room\room-migration\2.6.1\8d8218e4ccfe9b34485619a8ca68f8760840301d\room-migration-2.6.1.jar;C:\Users\leoja\.gradle\caches\modules-2\files-2.1\androidx.room\room-compiler-processing\2.6.1\64891dd45a3adbb4137f338563b6d716dca7c456\room-compiler-processing-2.6.1.jar;C:\Users\leoja\.gradle\caches\modules-2\files-2.1\androidx.room\room-common\2.6.1\ff1b9580850a9b7eef56554e356628d225785265\room-common-2.6.1.jar;C:\Users\leoja\.gradle\caches\modules-2\files-2.1\androidx.room\room-compiler\2.6.1\d789379e27b40fa5cc6e17f4c56988d6500a4036\room-compiler-2.6.1.jar;C:\Users\leoja\.gradle\caches\modules-2\files-2.1\com.github.bumptech.glide\compiler\4.16.0\1749a31b9b16306702244fc6faec167340599549\compiler-4.16.0.jar;C:\Users\leoja\.gradle\caches\modules-2\files-2.1\androidx.databinding\databinding-compiler\8.1.0\a324e499c3fe87870c6bfcd93200194fe02bb78f\databinding-compiler-8.1.0.jar;C:\Users\leoja\.gradle\caches\modules-2\files-2.1\com.google.dagger\dagger-compiler\2.46.1\29d5d3b9eee228457d9df70fa2a41dbdf1c82bd7\dagger-compiler-2.46.1.jar;C:\Users\leoja\.gradle\caches\modules-2\files-2.1\com.google.dagger\dagger-spi\2.46.1\e8dc8f60a8c08a48ff36f5dca847f729af8d6c35\dagger-spi-2.46.1.jar;C:\Users\leoja\.gradle\caches\modules-2\files-2.1\com.google.dagger\dagger-producers\2.46.1\6286f1ed8921cefe8d0a7606f7e765be72a67484\dagger-producers-2.46.1.jar;C:\Users\leoja\.gradle\caches\modules-2\files-2.1\com.google.dagger\dagger\2.46.1\8554769ea04410d4cbbd0e5f92ce5fd4e7b7f61\dagger-2.46.1.jar;C:\Users\leoja\.gradle\caches\modules-2\files-2.1\com.google.auto\auto-common\0.11\345a7dc983e11c123c8000a53383cc2b83848caf\auto-common-0.11.jar;C:\Users\leoja\.gradle\caches\modules-2\files-2.1\androidx.databinding\databinding-compiler-common\8.1.0\a1c7a90144aedb0b918534ea90f928e18855264b\databinding-compiler-common-8.1.0.jar;C:\Users\leoja\.gradle\caches\modules-2\files-2.1\com.google.googlejavaformat\google-java-format\1.5\fba7f130d29061d2d2ea384b4880c10cae92ef73\google-java-format-1.5.jar;C:\Users\leoja\.gradle\caches\modules-2\files-2.1\com.google.guava\guava\31.1-jre\60458f877d055d0c9114d9e1a2efb737b4bc282c\guava-31.1-jre.jar;C:\Users\leoja\.gradle\caches\modules-2\files-2.1\com.google.code.findbugs\jsr305\3.0.2\25ea2e8b0c338a877313bd4672d3fe056ea78f0d\jsr305-3.0.2.jar;C:\Users\leoja\.gradle\caches\modules-2\files-2.1\com.google.guava\failureaccess\1.0.1\1dcf1de382a0bf95a3d8b0849546c88bac1292c9\failureaccess-1.0.1.jar;C:\Users\leoja\.gradle\caches\modules-2\files-2.1\com.squareup\kotlinpoet-javapoet\1.14.2\e4481d491afe47e3dcce952c87628141dc16454b\kotlinpoet-javapoet-1.14.2.jar;C:\Users\leoja\.gradle\caches\modules-2\files-2.1\com.squareup\javapoet\1.13.0\d6562d385049f35eb50403fa86bb11cce76b866a\javapoet-1.13.0.jar;C:\Users\leoja\.gradle\caches\modules-2\files-2.1\javax.annotation\javax.annotation-api\1.3.2\934c04d3cfef185a8008e7bf34331b79730a9d43\javax.annotation-api-1.3.2.jar;C:\Users\leoja\.gradle\caches\modules-2\files-2.1\javax.inject\javax.inject\1\6975da39a7040257bd51d21a231b76c915872d38\javax.inject-1.jar;C:\Users\leoja\.gradle\caches\modules-2\files-2.1\net.ltgt.gradle.incap\incap\0.2\c73e3db9bee414d6ee27995d951fcdbee09acad\incap-0.2.jar;C:\Users\leoja\.gradle\caches\modules-2\files-2.1\com.google.devtools.ksp\symbol-processing-api\1.9.0-1.0.13\c001c57ba3e093c65d23e124adfcdf5df9dde8a2\symbol-processing-api-1.9.0-1.0.13.jar;C:\Users\leoja\.gradle\caches\modules-2\files-2.1\com.squareup\kotlinpoet\1.14.2\b6741951260d555a05932e39de177fc64ef450bd\kotlinpoet-1.14.2.jar;C:\Users\leoja\.gradle\caches\modules-2\files-2.1\org.jetbrains.kotlin\kotlin-stdlib-jdk8\1.8.22\b25c86d47d6b962b9cf0f8c3f320c8a10eea3dd1\kotlin-stdlib-jdk8-1.8.22.jar;C:\Users\leoja\.gradle\caches\modules-2\files-2.1\org.jetbrains.kotlin\kotlin-reflect\1.8.21\662838019bc1141f8a311180d93b9e13765c7f55\kotlin-reflect-1.8.21.jar;C:\Users\leoja\.gradle\caches\modules-2\files-2.1\com.android.tools.build.jetifier\jetifier-core\1.0.0-beta10\6e621022a9c95af12a7004d6b55805bbd1126837\jetifier-core-1.0.0-beta10.jar;C:\Users\leoja\.gradle\caches\modules-2\files-2.1\org.jetbrains.kotlin\kotlin-stdlib-jdk7\1.8.22\4dabb8248310d833bb6a8b516024a91fd3d275c\kotlin-stdlib-jdk7-1.8.22.jar;C:\Users\leoja\.gradle\caches\modules-2\files-2.1\org.jetbrains.kotlin\kotlin-stdlib\1.9.0\8ee15ef0c67dc83d874f412d84378d7f0eb50b63\kotlin-stdlib-1.9.0.jar;C:\Users\leoja\.gradle\caches\modules-2\files-2.1\com.google.auto.value\auto-value-annotations\1.6.3\b88c1bb7f149f6d2cc03898359283e57b08f39cc\auto-value-annotations-1.6.3.jar;C:\Users\leoja\.gradle\caches\modules-2\files-2.1\com.intellij\annotations\12.0\bbcf6448f6d40abe506e2c83b70a3e8bfd2b4539\annotations-12.0.jar;C:\Users\leoja\.gradle\caches\modules-2\files-2.1\commons-codec\commons-codec\1.15\49d94806b6e3dc933dacbd8acb0fdbab8ebd1e5d\commons-codec-1.15.jar;C:\Users\leoja\.gradle\caches\modules-2\files-2.1\org.xerial\sqlite-jdbc\3.41.2.2\ddeb8d3a3004f412ed19b4c98b3aec11d9452ab5\sqlite-jdbc-3.41.2.2.jar;C:\Users\leoja\.gradle\caches\modules-2\files-2.1\com.github.bumptech.glide\annotations\4.16.0\90730f6498299d207aa0878124ab7585969808f0\annotations-4.16.0.jar;C:\Users\leoja\.gradle\caches\modules-2\files-2.1\androidx.databinding\databinding-common\8.1.0\2be3530b78477835e69dce953b17adc1dbc5c6fa\databinding-common-8.1.0.jar;C:\Users\leoja\.gradle\caches\modules-2\files-2.1\com.android.tools\annotations\31.1.0\d70720d1aed8e56163636f82782985acfe66eba8\annotations-31.1.0.jar;C:\Users\leoja\.gradle\caches\modules-2\files-2.1\com.google.code.gson\gson\2.9.0\8a1167e089096758b49f9b34066ef98b2f4b37aa\gson-2.9.0.jar;C:\Users\leoja\.gradle\caches\modules-2\files-2.1\com.googlecode.juniversalchardet\juniversalchardet\1.0.3\cd49678784c46aa8789c060538e0154013bb421b\juniversalchardet-1.0.3.jar;C:\Users\leoja\.gradle\caches\modules-2\files-2.1\commons-io\commons-io\2.4\b1b6ea3b7e4aa4f492509a4952029cd8e48019ad\commons-io-2.4.jar;C:\Users\leoja\.gradle\caches\modules-2\files-2.1\org.glassfish.jaxb\jaxb-runtime\2.3.2\5528bc882ea499a09d720b42af11785c4fc6be2a\jaxb-runtime-2.3.2.jar;C:\Users\leoja\.gradle\caches\modules-2\files-2.1\org.checkerframework\checker-compat-qual\2.5.5\435dc33e3019c9f019e15f01aa111de9d6b2b79c\checker-compat-qual-2.5.5.jar;C:\Users\leoja\.gradle\caches\modules-2\files-2.1\org.jetbrains.kotlin\kotlin-stdlib-common\1.9.0\cd65c21cfd1eec4d44ef09f9f52b6d9f8a720636\kotlin-stdlib-common-1.9.0.jar;C:\Users\leoja\.gradle\caches\modules-2\files-2.1\org.jetbrains\annotations\13.0\919f0dfe192fb4e063e7dacadee7f8bb9a2672a9\annotations-13.0.jar;C:\Users\leoja\.gradle\caches\modules-2\files-2.1\androidx.annotation\annotation\1.3.0\21f49f5f9b85fc49de712539f79123119740595\annotation-1.3.0.jar;C:\Users\leoja\.gradle\caches\modules-2\files-2.1\com.google.guava\listenablefuture\9999.0-empty-to-avoid-conflict-with-guava\b421526c5f297295adef1c886e5246c39d4ac629\listenablefuture-9999.0-empty-to-avoid-conflict-with-guava.jar;C:\Users\leoja\.gradle\caches\modules-2\files-2.1\org.checkerframework\checker-qual\3.12.0\d5692f0526415fcc6de94bb5bfbd3afd9dd3b3e5\checker-qual-3.12.0.jar;C:\Users\leoja\.gradle\caches\modules-2\files-2.1\com.google.errorprone\error_prone_annotations\2.11.0\c5a0ace696d3f8b1c1d8cc036d8c03cc0cbe6b69\error_prone_annotations-2.11.0.jar;C:\Users\leoja\.gradle\caches\modules-2\files-2.1\com.google.j2objc\j2objc-annotations\1.3\ba035118bc8bac37d7eff77700720999acd9986d\j2objc-annotations-1.3.jar;C:\Users\leoja\.gradle\caches\modules-2\files-2.1\com.android.databinding\baseLibrary\8.1.0\7e7399239e52d4069896277615e005add7ae8e5a\baseLibrary-8.1.0.jar;C:\Users\leoja\.gradle\caches\modules-2\files-2.1\org.jvnet.staxex\stax-ex\1.8.1\78011e483a21102fb4858f3e8f269a677e50aa23\stax-ex-1.8.1.jar;C:\Users\leoja\.gradle\caches\modules-2\files-2.1\jakarta.xml.bind\jakarta.xml.bind-api\2.3.2\8d49996a4338670764d7ca4b85a1c4ccf7fe665d\jakarta.xml.bind-api-2.3.2.jar;C:\Users\leoja\.gradle\caches\modules-2\files-2.1\org.glassfish.jaxb\txw2\2.3.2\ce5be7da2e442c25ec14c766cb60cb802741727b\txw2-2.3.2.jar;C:\Users\leoja\.gradle\caches\modules-2\files-2.1\com.sun.istack\istack-commons-runtime\3.0.8\d6a97364045aa6b99bf2d3c566a3f98599c2d296\istack-commons-runtime-3.0.8.jar;C:\Users\leoja\.gradle\caches\modules-2\files-2.1\com.sun.xml.fastinfoset\FastInfoset\1.2.16\4eb6a0adad553bf759ffe86927df6f3b848c8bea\FastInfoset-1.2.16.jar;C:\Users\leoja\.gradle\caches\modules-2\files-2.1\jakarta.activation\jakarta.activation-api\1.2.1\562a587face36ec7eff2db7f2fc95425c6602bc1\jakarta.activation-api-1.2.1.jar;C:\Users\leoja\.gradle\caches\modules-2\files-2.1\com.google.errorprone\javac-shaded\9-dev-r4023-3\72b688efd290280a0afde5f9892b0fde6f362d1d\javac-shaded-9-dev-r4023-3.jar, -s=C:\Users\leoja\AndroidStudioProjects\PaleobyLeoRecipes\app\build\tmp\kapt3\incrementalData\debug, -d=C:\Users\leoja\AndroidStudioProjects\PaleobyLeoRecipes\app\build\tmp\kapt3\incrementalData\debug, -encoding=UTF-8}
i: [kapt] Declaration origins:
i: [kapt] class com/leo/paleorecipes/AboutActivity -> origin=OTHER element=KtClass descriptor=IrBasedClassDescriptor: CLASS CLASS name:AboutActivity modality:FINAL visibility:public superTypes:[androidx.appcompat.app.AppCompatActivity]
i: [kapt] method <init>()V -> origin=OTHER element=KtClass descriptor=IrBasedClassConstructorDescriptor: CONSTRUCTOR visibility:public <> () returnType:com.leo.paleorecipes.AboutActivity [primary]
i: [kapt] method onCreate(Landroid/os/Bundle;)V -> origin=OTHER element=KtNamedFunction descriptor=IrBasedSimpleFunctionDescriptor: FUN name:onCreate visibility:protected modality:OPEN <> ($this:com.leo.paleorecipes.AboutActivity, savedInstanceState:android.os.Bundle?) returnType:kotlin.Unit
i: [kapt] class com/leo/paleorecipes/AboutPaleoActivity -> origin=OTHER element=KtClass descriptor=IrBasedClassDescriptor: CLASS CLASS name:AboutPaleoActivity modality:FINAL visibility:public superTypes:[androidx.appcompat.app.AppCompatActivity]
i: [kapt] method <init>()V -> origin=OTHER element=KtClass descriptor=IrBasedClassConstructorDescriptor: CONSTRUCTOR visibility:public <> () returnType:com.leo.paleorecipes.AboutPaleoActivity [primary]
i: [kapt] method onCreate(Landroid/os/Bundle;)V -> origin=OTHER element=KtNamedFunction descriptor=IrBasedSimpleFunctionDescriptor: FUN name:onCreate visibility:protected modality:OPEN <> ($this:com.leo.paleorecipes.AboutPaleoActivity, savedInstanceState:android.os.Bundle?) returnType:kotlin.Unit
i: [kapt] method onOptionsItemSelected(Landroid/view/MenuItem;)Z -> origin=OTHER element=KtNamedFunction descriptor=IrBasedSimpleFunctionDescriptor: FUN name:onOptionsItemSelected visibility:public modality:OPEN <> ($this:com.leo.paleorecipes.AboutPaleoActivity, item:android.view.MenuItem) returnType:kotlin.Boolean
i: [kapt] field TAG:Ljava/lang/String; -> origin=OTHER element=KtProperty descriptor=IrBasedFieldDescriptor: FIELD PROPERTY_BACKING_FIELD name:TAG type:kotlin.String visibility:private [final]
i: [kapt] class com/leo/paleorecipes/AddEditRecipeActivity -> origin=OTHER element=KtClass descriptor=IrBasedClassDescriptor: CLASS CLASS name:AddEditRecipeActivity modality:FINAL visibility:public superTypes:[androidx.appcompat.app.AppCompatActivity]
i: [kapt] method <init>()V -> origin=OTHER element=KtClass descriptor=IrBasedClassConstructorDescriptor: CONSTRUCTOR visibility:public <> () returnType:com.leo.paleorecipes.AddEditRecipeActivity [primary]
i: [kapt] method getViewModel()Lcom/leo/paleorecipes/viewmodel/RecipeViewModel; -> origin=OTHER element=KtProperty descriptor=IrBasedPropertyGetterDescriptor: FUN DELEGATED_PROPERTY_ACCESSOR name:<get-viewModel> visibility:private modality:FINAL <> ($this:com.leo.paleorecipes.AddEditRecipeActivity) returnType:com.leo.paleorecipes.viewmodel.RecipeViewModel
i: [kapt] method onCreate(Landroid/os/Bundle;)V -> origin=OTHER element=KtNamedFunction descriptor=IrBasedSimpleFunctionDescriptor: FUN name:onCreate visibility:protected modality:OPEN <> ($this:com.leo.paleorecipes.AddEditRecipeActivity, savedInstanceState:android.os.Bundle?) returnType:kotlin.Unit
i: [kapt] method onOptionsItemSelected(Landroid/view/MenuItem;)Z -> origin=OTHER element=KtNamedFunction descriptor=IrBasedSimpleFunctionDescriptor: FUN name:onOptionsItemSelected visibility:public modality:OPEN <> ($this:com.leo.paleorecipes.AddEditRecipeActivity, item:android.view.MenuItem) returnType:kotlin.Boolean
i: [kapt] method checkPermissionAndSelectImage()V -> origin=OTHER element=KtNamedFunction descriptor=IrBasedSimpleFunctionDescriptor: FUN name:checkPermissionAndSelectImage visibility:private modality:FINAL <> ($this:com.leo.paleorecipes.AddEditRecipeActivity) returnType:kotlin.Unit
i: [kapt] method openImagePicker()V -> origin=OTHER element=KtNamedFunction descriptor=IrBasedSimpleFunctionDescriptor: FUN name:openImagePicker visibility:private modality:FINAL <> ($this:com.leo.paleorecipes.AddEditRecipeActivity) returnType:kotlin.Unit
i: [kapt] method displaySelectedImage(Landroid/net/Uri;)V -> origin=OTHER element=KtNamedFunction descriptor=IrBasedSimpleFunctionDescriptor: FUN name:displaySelectedImage visibility:private modality:FINAL <> ($this:com.leo.paleorecipes.AddEditRecipeActivity, uri:android.net.Uri) returnType:kotlin.Unit
i: [kapt] method saveSelectedImageToAppStorage()Ljava/lang/String; -> origin=OTHER element=KtNamedFunction descriptor=IrBasedSimpleFunctionDescriptor: FUN name:saveSelectedImageToAppStorage visibility:private modality:FINAL <> ($this:com.leo.paleorecipes.AddEditRecipeActivity) returnType:kotlin.String?
i: [kapt] method releaseUriPermissions()V -> origin=OTHER element=KtNamedFunction descriptor=IrBasedSimpleFunctionDescriptor: FUN name:releaseUriPermissions visibility:private modality:FINAL <> ($this:com.leo.paleorecipes.AddEditRecipeActivity) returnType:kotlin.Unit
i: [kapt] method populateFields(Lcom/leo/paleorecipes/data/Recipe;)V -> origin=OTHER element=KtNamedFunction descriptor=IrBasedSimpleFunctionDescriptor: FUN name:populateFields visibility:private modality:FINAL <> ($this:com.leo.paleorecipes.AddEditRecipeActivity, recipe:com.leo.paleorecipes.data.Recipe) returnType:kotlin.Unit
i: [kapt] method saveRecipe()V -> origin=OTHER element=KtNamedFunction descriptor=IrBasedSimpleFunctionDescriptor: FUN name:saveRecipe visibility:private modality:FINAL <> ($this:com.leo.paleorecipes.AddEditRecipeActivity) returnType:kotlin.Unit
i: [kapt] method <clinit>()V -> origin=OTHER element=KtClass descriptor=IrBasedSimpleFunctionDescriptor: FUN CLASS_STATIC_INITIALIZER name:<clinit> visibility:public/*package*/ modality:FINAL <> () returnType:kotlin.Unit
i: [kapt] field Companion:Lcom/leo/paleorecipes/AddEditRecipeActivity$Companion; -> origin=OTHER element=null descriptor=IrBasedFieldDescriptor: FIELD FIELD_FOR_OBJECT_INSTANCE name:Companion type:com.leo.paleorecipes.AddEditRecipeActivity.Companion visibility:public [final,static]
i: [kapt] field binding:Lcom/leo/paleorecipes/databinding/ActivityAddEditRecipeBinding; -> origin=OTHER element=KtProperty descriptor=IrBasedFieldDescriptor: FIELD PROPERTY_BACKING_FIELD name:binding type:com.leo.paleorecipes.databinding.ActivityAddEditRecipeBinding? visibility:private
i: [kapt] field viewModel$delegate:Lkotlin/Lazy; -> origin=OTHER element=KtProperty descriptor=IrBasedFieldDescriptor: FIELD PROPERTY_DELEGATE name:viewModel$delegate type:kotlin.Lazy<*> visibility:private [final]
i: [kapt] field editingRecipe:Lcom/leo/paleorecipes/data/Recipe; -> origin=OTHER element=KtProperty descriptor=IrBasedFieldDescriptor: FIELD PROPERTY_BACKING_FIELD name:editingRecipe type:com.leo.paleorecipes.data.Recipe? visibility:private
i: [kapt] field selectedImageUri:Landroid/net/Uri; -> origin=OTHER element=KtProperty descriptor=IrBasedFieldDescriptor: FIELD PROPERTY_BACKING_FIELD name:selectedImageUri type:android.net.Uri? visibility:private
i: [kapt] field selectImageLauncher:Landroidx/activity/result/ActivityResultLauncher; -> origin=OTHER element=KtProperty descriptor=IrBasedFieldDescriptor: FIELD PROPERTY_BACKING_FIELD name:selectImageLauncher type:androidx.activity.result.ActivityResultLauncher<@[FlexibleNullability] android.content.Intent?> visibility:private [final]
i: [kapt] field requestPermissionLauncher:Landroidx/activity/result/ActivityResultLauncher; -> origin=OTHER element=KtProperty descriptor=IrBasedFieldDescriptor: FIELD PROPERTY_BACKING_FIELD name:requestPermissionLauncher type:androidx.activity.result.ActivityResultLauncher<kotlin.Array<kotlin.String>> visibility:private [final]
i: [kapt] field STORAGE_PERMISSION_CODE:I -> origin=OTHER element=KtProperty descriptor=IrBasedFieldDescriptor: FIELD COMPANION_PROPERTY_BACKING_FIELD name:STORAGE_PERMISSION_CODE type:kotlin.Int visibility:private [final,static]
i: [kapt] class com/leo/paleorecipes/AddEditRecipeActivity$Companion -> origin=OTHER element=KtObjectDeclaration descriptor=IrBasedClassDescriptor: CLASS OBJECT name:Companion modality:FINAL visibility:public [companion] superTypes:[kotlin.Any]
i: [kapt] method <init>()V -> origin=OTHER element=KtObjectDeclaration descriptor=IrBasedClassConstructorDescriptor: CONSTRUCTOR visibility:private <> () returnType:com.leo.paleorecipes.AddEditRecipeActivity.Companion [primary]
i: [kapt] method <init>(Lkotlin/jvm/internal/DefaultConstructorMarker;)V -> origin=OTHER element=null descriptor=IrBasedClassConstructorDescriptor: CONSTRUCTOR SYNTHETIC_ACCESSOR visibility:public <> ($constructor_marker:kotlin.jvm.internal.DefaultConstructorMarker?) returnType:com.leo.paleorecipes.AddEditRecipeActivity.Companion
i: [kapt] class com/leo/paleorecipes/AddRecipeActivity -> origin=OTHER element=KtClass descriptor=IrBasedClassDescriptor: CLASS CLASS name:AddRecipeActivity modality:FINAL visibility:public superTypes:[androidx.appcompat.app.AppCompatActivity]
i: [kapt] method <init>()V -> origin=OTHER element=KtClass descriptor=IrBasedClassConstructorDescriptor: CONSTRUCTOR visibility:public <> () returnType:com.leo.paleorecipes.AddRecipeActivity [primary]
i: [kapt] method getRecipeRepository()Lcom/leo/paleorecipes/data/repository/RecipeRepository; -> origin=OTHER element=KtProperty descriptor=IrBasedPropertyGetterDescriptor: FUN DEFAULT_PROPERTY_ACCESSOR name:<get-recipeRepository> visibility:public modality:FINAL <> ($this:com.leo.paleorecipes.AddRecipeActivity) returnType:com.leo.paleorecipes.data.repository.RecipeRepository
i: [kapt] method setRecipeRepository(Lcom/leo/paleorecipes/data/repository/RecipeRepository;)V -> origin=OTHER element=KtProperty descriptor=IrBasedPropertySetterDescriptor: FUN DEFAULT_PROPERTY_ACCESSOR name:<set-recipeRepository> visibility:public modality:FINAL <> ($this:com.leo.paleorecipes.AddRecipeActivity, <set-?>:com.leo.paleorecipes.data.repository.RecipeRepository) returnType:kotlin.Unit
i: [kapt] method onCreate(Landroid/os/Bundle;)V -> origin=OTHER element=KtNamedFunction descriptor=IrBasedSimpleFunctionDescriptor: FUN name:onCreate visibility:protected modality:OPEN <> ($this:com.leo.paleorecipes.AddRecipeActivity, savedInstanceState:android.os.Bundle?) returnType:kotlin.Unit
i: [kapt] method setupToolbar()V -> origin=OTHER element=KtNamedFunction descriptor=IrBasedSimpleFunctionDescriptor: FUN name:setupToolbar visibility:private modality:FINAL <> ($this:com.leo.paleorecipes.AddRecipeActivity) returnType:kotlin.Unit
i: [kapt] method setupCategorySpinner()V -> origin=OTHER element=KtNamedFunction descriptor=IrBasedSimpleFunctionDescriptor: FUN name:setupCategorySpinner visibility:private modality:FINAL <> ($this:com.leo.paleorecipes.AddRecipeActivity) returnType:kotlin.Unit
i: [kapt] method setupDifficultySpinner()V -> origin=OTHER element=KtNamedFunction descriptor=IrBasedSimpleFunctionDescriptor: FUN name:setupDifficultySpinner visibility:private modality:FINAL <> ($this:com.leo.paleorecipes.AddRecipeActivity) returnType:kotlin.Unit
i: [kapt] method setupButtons()V -> origin=OTHER element=KtNamedFunction descriptor=IrBasedSimpleFunctionDescriptor: FUN name:setupButtons visibility:private modality:FINAL <> ($this:com.leo.paleorecipes.AddRecipeActivity) returnType:kotlin.Unit
i: [kapt] method showImagePickerOptions()V -> origin=OTHER element=KtNamedFunction descriptor=IrBasedSimpleFunctionDescriptor: FUN name:showImagePickerOptions visibility:private modality:FINAL <> ($this:com.leo.paleorecipes.AddRecipeActivity) returnType:kotlin.Unit
i: [kapt] method takePhoto()V -> origin=OTHER element=KtNamedFunction descriptor=IrBasedSimpleFunctionDescriptor: FUN name:takePhoto visibility:private modality:FINAL <> ($this:com.leo.paleorecipes.AddRecipeActivity) returnType:kotlin.Unit
i: [kapt] method chooseFromGallery()V -> origin=OTHER element=KtNamedFunction descriptor=IrBasedSimpleFunctionDescriptor: FUN name:chooseFromGallery visibility:private modality:FINAL <> ($this:com.leo.paleorecipes.AddRecipeActivity) returnType:kotlin.Unit
i: [kapt] method createImageFile()Ljava/io/File; -> origin=OTHER element=KtNamedFunction descriptor=IrBasedSimpleFunctionDescriptor: FUN name:createImageFile visibility:private modality:FINAL <> ($this:com.leo.paleorecipes.AddRecipeActivity) returnType:java.io.File?
i: [kapt] method saveRecipe()V -> origin=OTHER element=KtNamedFunction descriptor=IrBasedSimpleFunctionDescriptor: FUN name:saveRecipe visibility:private modality:FINAL <> ($this:com.leo.paleorecipes.AddRecipeActivity) returnType:kotlin.Unit
i: [kapt] field recipeRepository:Lcom/leo/paleorecipes/data/repository/RecipeRepository; -> origin=OTHER element=KtProperty descriptor=IrBasedFieldDescriptor: FIELD PROPERTY_BACKING_FIELD name:recipeRepository type:com.leo.paleorecipes.data.repository.RecipeRepository? visibility:public
i: [kapt] field binding:Lcom/leo/paleorecipes/databinding/ActivityAddRecipeBinding; -> origin=OTHER element=KtProperty descriptor=IrBasedFieldDescriptor: FIELD PROPERTY_BACKING_FIELD name:binding type:com.leo.paleorecipes.databinding.ActivityAddRecipeBinding? visibility:private
i: [kapt] field currentPhotoPath:Ljava/lang/String; -> origin=OTHER element=KtProperty descriptor=IrBasedFieldDescriptor: FIELD PROPERTY_BACKING_FIELD name:currentPhotoPath type:kotlin.String? visibility:private
i: [kapt] field takePictureLauncher:Landroidx/activity/result/ActivityResultLauncher; -> origin=OTHER element=KtProperty descriptor=IrBasedFieldDescriptor: FIELD PROPERTY_BACKING_FIELD name:takePictureLauncher type:androidx.activity.result.ActivityResultLauncher<@[FlexibleNullability] android.net.Uri?> visibility:private [final]
i: [kapt] field pickImageLauncher:Landroidx/activity/result/ActivityResultLauncher; -> origin=OTHER element=KtProperty descriptor=IrBasedFieldDescriptor: FIELD PROPERTY_BACKING_FIELD name:pickImageLauncher type:androidx.activity.result.ActivityResultLauncher<@[FlexibleNullability] kotlin.String?> visibility:private [final]
i: [kapt] class com/leo/paleorecipes/BaseActivity -> origin=OTHER element=KtClass descriptor=IrBasedClassDescriptor: CLASS CLASS name:BaseActivity modality:OPEN visibility:public superTypes:[androidx.appcompat.app.AppCompatActivity]
i: [kapt] method <init>()V -> origin=OTHER element=KtClass descriptor=IrBasedClassConstructorDescriptor: CONSTRUCTOR visibility:public <> () returnType:com.leo.paleorecipes.BaseActivity [primary]
i: [kapt] method attachBaseContext(Landroid/content/Context;)V -> origin=OTHER element=KtNamedFunction descriptor=IrBasedSimpleFunctionDescriptor: FUN name:attachBaseContext visibility:protected modality:OPEN <> ($this:com.leo.paleorecipes.BaseActivity, newBase:android.content.Context) returnType:kotlin.Unit
i: [kapt] method onCreate(Landroid/os/Bundle;)V -> origin=OTHER element=KtNamedFunction descriptor=IrBasedSimpleFunctionDescriptor: FUN name:onCreate visibility:protected modality:OPEN <> ($this:com.leo.paleorecipes.BaseActivity, savedInstanceState:android.os.Bundle?) returnType:kotlin.Unit
i: [kapt] class com/leo/paleorecipes/FridgeActivity -> origin=OTHER element=KtClass descriptor=IrBasedClassDescriptor: CLASS CLASS name:FridgeActivity modality:FINAL visibility:public superTypes:[androidx.appcompat.app.AppCompatActivity]
i: [kapt] method <init>()V -> origin=OTHER element=KtClass descriptor=IrBasedClassConstructorDescriptor: CONSTRUCTOR visibility:public <> () returnType:com.leo.paleorecipes.FridgeActivity [primary]
i: [kapt] method onCreate(Landroid/os/Bundle;)V -> origin=OTHER element=KtNamedFunction descriptor=IrBasedSimpleFunctionDescriptor: FUN name:onCreate visibility:protected modality:OPEN <> ($this:com.leo.paleorecipes.FridgeActivity, savedInstanceState:android.os.Bundle?) returnType:kotlin.Unit
i: [kapt] class com/leo/paleorecipes/MainActivity -> origin=OTHER element=KtClass descriptor=IrBasedClassDescriptor: CLASS CLASS name:MainActivity modality:FINAL visibility:public superTypes:[androidx.appcompat.app.AppCompatActivity]
i: [kapt] method <init>()V -> origin=OTHER element=KtClass descriptor=IrBasedClassConstructorDescriptor: CONSTRUCTOR visibility:public <> () returnType:com.leo.paleorecipes.MainActivity [primary]
i: [kapt] method onCreate(Landroid/os/Bundle;)V -> origin=OTHER element=KtNamedFunction descriptor=IrBasedSimpleFunctionDescriptor: FUN name:onCreate visibility:protected modality:OPEN <> ($this:com.leo.paleorecipes.MainActivity, savedInstanceState:android.os.Bundle?) returnType:kotlin.Unit
i: [kapt] method onCreateOptionsMenu(Landroid/view/Menu;)Z -> origin=OTHER element=KtNamedFunction descriptor=IrBasedSimpleFunctionDescriptor: FUN name:onCreateOptionsMenu visibility:public modality:OPEN <> ($this:com.leo.paleorecipes.MainActivity, menu:android.view.Menu) returnType:kotlin.Boolean
i: [kapt] method onOptionsItemSelected(Landroid/view/MenuItem;)Z -> origin=OTHER element=KtNamedFunction descriptor=IrBasedSimpleFunctionDescriptor: FUN name:onOptionsItemSelected visibility:public modality:OPEN <> ($this:com.leo.paleorecipes.MainActivity, item:android.view.MenuItem) returnType:kotlin.Boolean
i: [kapt] method showCustomPopupMenu(Landroid/view/View;)V -> origin=OTHER element=KtNamedFunction descriptor=IrBasedSimpleFunctionDescriptor: FUN name:showCustomPopupMenu visibility:private modality:FINAL <> ($this:com.leo.paleorecipes.MainActivity, anchor:android.view.View) returnType:kotlin.Unit
i: [kapt] method onSupportNavigateUp()Z -> origin=OTHER element=KtNamedFunction descriptor=IrBasedSimpleFunctionDescriptor: FUN name:onSupportNavigateUp visibility:public modality:OPEN <> ($this:com.leo.paleorecipes.MainActivity) returnType:kotlin.Boolean
i: [kapt] field binding:Lcom/leo/paleorecipes/databinding/ActivityMainBinding; -> origin=OTHER element=KtProperty descriptor=IrBasedFieldDescriptor: FIELD PROPERTY_BACKING_FIELD name:binding type:com.leo.paleorecipes.databinding.ActivityMainBinding? visibility:private
i: [kapt] class com/leo/paleorecipes/MainActivityCompose -> origin=OTHER element=KtClass descriptor=IrBasedClassDescriptor: CLASS CLASS name:MainActivityCompose modality:FINAL visibility:public superTypes:[androidx.activity.ComponentActivity]
i: [kapt] method <init>()V -> origin=OTHER element=KtClass descriptor=IrBasedClassConstructorDescriptor: CONSTRUCTOR visibility:public <> () returnType:com.leo.paleorecipes.MainActivityCompose [primary]
i: [kapt] method onCreate(Landroid/os/Bundle;)V -> origin=OTHER element=KtNamedFunction descriptor=IrBasedSimpleFunctionDescriptor: FUN name:onCreate visibility:protected modality:OPEN <> ($this:com.leo.paleorecipes.MainActivityCompose, savedInstanceState:android.os.Bundle?) returnType:kotlin.Unit
i: [kapt] class com/leo/paleorecipes/MainActivityComposeKt -> origin=PACKAGE_PART element=KtFile descriptor=IrBasedClassDescriptor: CLASS FILE_CLASS CLASS name:MainActivityComposeKt modality:FINAL visibility:public superTypes:[kotlin.Any]
i: [kapt] method MainScreen()V -> origin=OTHER element=KtNamedFunction descriptor=IrBasedSimpleFunctionDescriptor: FUN name:MainScreen visibility:public modality:FINAL <> () returnType:kotlin.Unit
i: [kapt] method MainButton-0YGnOg8(Ljava/lang/String;Lkotlin/jvm/functions/Function0;JJ)V -> origin=OTHER element=KtNamedFunction descriptor=IrBasedSimpleFunctionDescriptor: FUN name:MainButton-0YGnOg8 visibility:public modality:FINAL <> (text:kotlin.String, onClick:kotlin.Function0<kotlin.Unit>, backgroundColor:androidx.compose.ui.graphics.Color, textColor:androidx.compose.ui.graphics.Color) returnType:kotlin.Unit
i: [kapt] method MainButton-0YGnOg8$default(Ljava/lang/String;Lkotlin/jvm/functions/Function0;JJILjava/lang/Object;)V -> origin=OTHER element=KtNamedFunction descriptor=IrBasedSimpleFunctionDescriptor: FUN FUNCTION_FOR_DEFAULT_PARAMETER name:MainButton-0YGnOg8$default visibility:public modality:FINAL <> (text:kotlin.String, onClick:kotlin.Function0<kotlin.Unit>, backgroundColor:androidx.compose.ui.graphics.Color, textColor:androidx.compose.ui.graphics.Color, $mask0:kotlin.Int, $handler:kotlin.Any?) returnType:kotlin.Unit
i: [kapt] class com/leo/paleorecipes/PaleoRecipesApplication -> origin=OTHER element=KtClass descriptor=IrBasedClassDescriptor: CLASS CLASS name:PaleoRecipesApplication modality:FINAL visibility:public superTypes:[android.app.Application; androidx.work.Configuration.Provider]
i: [kapt] method <init>()V -> origin=OTHER element=KtClass descriptor=IrBasedClassConstructorDescriptor: CONSTRUCTOR visibility:public <> () returnType:com.leo.paleorecipes.PaleoRecipesApplication [primary]
i: [kapt] method getRepository()Lcom/leo/paleorecipes/data/repository/RecipeRepository; -> origin=OTHER element=KtProperty descriptor=IrBasedPropertyGetterDescriptor: FUN DEFAULT_PROPERTY_ACCESSOR name:<get-repository> visibility:public modality:FINAL <> ($this:com.leo.paleorecipes.PaleoRecipesApplication) returnType:com.leo.paleorecipes.data.repository.RecipeRepository
i: [kapt] method setRepository(Lcom/leo/paleorecipes/data/repository/RecipeRepository;)V -> origin=OTHER element=KtProperty descriptor=IrBasedPropertySetterDescriptor: FUN DEFAULT_PROPERTY_ACCESSOR name:<set-repository> visibility:public modality:FINAL <> ($this:com.leo.paleorecipes.PaleoRecipesApplication, <set-?>:com.leo.paleorecipes.data.repository.RecipeRepository) returnType:kotlin.Unit
i: [kapt] method getWorkerFactory()Lcom/leo/paleorecipes/di/HiltWorkerFactory; -> origin=OTHER element=KtProperty descriptor=IrBasedPropertyGetterDescriptor: FUN DEFAULT_PROPERTY_ACCESSOR name:<get-workerFactory> visibility:public modality:FINAL <> ($this:com.leo.paleorecipes.PaleoRecipesApplication) returnType:com.leo.paleorecipes.di.HiltWorkerFactory
i: [kapt] method setWorkerFactory(Lcom/leo/paleorecipes/di/HiltWorkerFactory;)V -> origin=OTHER element=KtProperty descriptor=IrBasedPropertySetterDescriptor: FUN DEFAULT_PROPERTY_ACCESSOR name:<set-workerFactory> visibility:public modality:FINAL <> ($this:com.leo.paleorecipes.PaleoRecipesApplication, <set-?>:com.leo.paleorecipes.di.HiltWorkerFactory) returnType:kotlin.Unit
i: [kapt] method getWorkManagerConfiguration()Landroidx/work/Configuration; -> origin=OTHER element=KtPropertyAccessor descriptor=IrBasedPropertyGetterDescriptor: FUN name:<get-workManagerConfiguration> visibility:public modality:OPEN <> ($this:com.leo.paleorecipes.PaleoRecipesApplication) returnType:androidx.work.Configuration
i: [kapt] method onCreate()V -> origin=OTHER element=KtNamedFunction descriptor=IrBasedSimpleFunctionDescriptor: FUN name:onCreate visibility:public modality:OPEN <> ($this:com.leo.paleorecipes.PaleoRecipesApplication) returnType:kotlin.Unit
i: [kapt] field repository:Lcom/leo/paleorecipes/data/repository/RecipeRepository; -> origin=OTHER element=KtProperty descriptor=IrBasedFieldDescriptor: FIELD PROPERTY_BACKING_FIELD name:repository type:com.leo.paleorecipes.data.repository.RecipeRepository? visibility:public
i: [kapt] field workerFactory:Lcom/leo/paleorecipes/di/HiltWorkerFactory; -> origin=OTHER element=KtProperty descriptor=IrBasedFieldDescriptor: FIELD PROPERTY_BACKING_FIELD name:workerFactory type:com.leo.paleorecipes.di.HiltWorkerFactory? visibility:public
i: [kapt] field applicationScope:Lkotlinx/coroutines/CoroutineScope; -> origin=OTHER element=KtProperty descriptor=IrBasedFieldDescriptor: FIELD PROPERTY_BACKING_FIELD name:applicationScope type:kotlinx.coroutines.CoroutineScope visibility:private [final]
i: [kapt] class com/leo/paleorecipes/RecipeAdapter -> origin=OTHER element=KtClass descriptor=IrBasedClassDescriptor: CLASS CLASS name:RecipeAdapter modality:FINAL visibility:public superTypes:[androidx.recyclerview.widget.ListAdapter<com.leo.paleorecipes.data.Recipe, com.leo.paleorecipes.RecipeAdapter.RecipeViewHolder>]
i: [kapt] method <init>(ZZLkotlin/jvm/functions/Function1;Lkotlin/jvm/functions/Function1;Lkotlin/jvm/functions/Function1;Lkotlin/jvm/functions/Function1;)V -> origin=OTHER element=KtClass descriptor=IrBasedClassConstructorDescriptor: CONSTRUCTOR visibility:public <> (editMode:kotlin.Boolean, printMode:kotlin.Boolean, onRecipeClick:kotlin.Function1<com.leo.paleorecipes.data.Recipe, kotlin.Unit>, onEditClick:kotlin.Function1<com.leo.paleorecipes.data.Recipe, kotlin.Unit>?, onDeleteClick:kotlin.Function1<com.leo.paleorecipes.data.Recipe, kotlin.Unit>?, onPrintClick:kotlin.Function1<com.leo.paleorecipes.data.Recipe, kotlin.Unit>?) returnType:com.leo.paleorecipes.RecipeAdapter [primary]
i: [kapt] method <init>(ZZLkotlin/jvm/functions/Function1;Lkotlin/jvm/functions/Function1;Lkotlin/jvm/functions/Function1;Lkotlin/jvm/functions/Function1;ILkotlin/jvm/internal/DefaultConstructorMarker;)V -> origin=OTHER element=KtClass descriptor=IrBasedClassConstructorDescriptor: CONSTRUCTOR FUNCTION_FOR_DEFAULT_PARAMETER visibility:public <> (editMode:kotlin.Boolean, printMode:kotlin.Boolean, onRecipeClick:kotlin.Function1<com.leo.paleorecipes.data.Recipe, kotlin.Unit>, onEditClick:kotlin.Function1<com.leo.paleorecipes.data.Recipe, kotlin.Unit>?, onDeleteClick:kotlin.Function1<com.leo.paleorecipes.data.Recipe, kotlin.Unit>?, onPrintClick:kotlin.Function1<com.leo.paleorecipes.data.Recipe, kotlin.Unit>?, $mask0:kotlin.Int, $marker:kotlin.jvm.internal.DefaultConstructorMarker?) returnType:com.leo.paleorecipes.RecipeAdapter
i: [kapt] method onCreateViewHolder(Landroid/view/ViewGroup;I)Lcom/leo/paleorecipes/RecipeAdapter$RecipeViewHolder; -> origin=OTHER element=KtNamedFunction descriptor=IrBasedSimpleFunctionDescriptor: FUN name:onCreateViewHolder visibility:public modality:OPEN <> ($this:com.leo.paleorecipes.RecipeAdapter, parent:android.view.ViewGroup, viewType:kotlin.Int) returnType:com.leo.paleorecipes.RecipeAdapter.RecipeViewHolder
i: [kapt] method onBindViewHolder(Lcom/leo/paleorecipes/RecipeAdapter$RecipeViewHolder;I)V -> origin=OTHER element=KtNamedFunction descriptor=IrBasedSimpleFunctionDescriptor: FUN name:onBindViewHolder visibility:public modality:OPEN <> ($this:com.leo.paleorecipes.RecipeAdapter, holder:com.leo.paleorecipes.RecipeAdapter.RecipeViewHolder, position:kotlin.Int) returnType:kotlin.Unit
i: [kapt] method onCreateViewHolder(Landroid/view/ViewGroup;I)Landroidx/recyclerview/widget/RecyclerView$ViewHolder; -> origin=OTHER element=null descriptor=IrBasedSimpleFunctionDescriptor: FUN BRIDGE name:onCreateViewHolder visibility:public modality:OPEN <> ($this:com.leo.paleorecipes.RecipeAdapter, p0:@[EnhancedNullability] android.view.ViewGroup, p1:kotlin.Int) returnType:androidx.recyclerview.widget.RecyclerView.ViewHolder
i: [kapt] method onBindViewHolder(Landroidx/recyclerview/widget/RecyclerView$ViewHolder;I)V -> origin=OTHER element=null descriptor=IrBasedSimpleFunctionDescriptor: FUN BRIDGE name:onBindViewHolder visibility:public modality:OPEN <> ($this:com.leo.paleorecipes.RecipeAdapter, p0:androidx.recyclerview.widget.RecyclerView.ViewHolder, p1:kotlin.Int) returnType:kotlin.Unit
i: [kapt] field editMode:Z -> origin=OTHER element=KtParameter descriptor=IrBasedFieldDescriptor: FIELD PROPERTY_BACKING_FIELD name:editMode type:kotlin.Boolean visibility:private [final]
i: [kapt] field printMode:Z -> origin=OTHER element=KtParameter descriptor=IrBasedFieldDescriptor: FIELD PROPERTY_BACKING_FIELD name:printMode type:kotlin.Boolean visibility:private [final]
i: [kapt] field onRecipeClick:Lkotlin/jvm/functions/Function1; -> origin=OTHER element=KtParameter descriptor=IrBasedFieldDescriptor: FIELD PROPERTY_BACKING_FIELD name:onRecipeClick type:kotlin.Function1<com.leo.paleorecipes.data.Recipe, kotlin.Unit> visibility:private [final]
i: [kapt] field onEditClick:Lkotlin/jvm/functions/Function1; -> origin=OTHER element=KtParameter descriptor=IrBasedFieldDescriptor: FIELD PROPERTY_BACKING_FIELD name:onEditClick type:kotlin.Function1<com.leo.paleorecipes.data.Recipe, kotlin.Unit>? visibility:private [final]
i: [kapt] field onDeleteClick:Lkotlin/jvm/functions/Function1; -> origin=OTHER element=KtParameter descriptor=IrBasedFieldDescriptor: FIELD PROPERTY_BACKING_FIELD name:onDeleteClick type:kotlin.Function1<com.leo.paleorecipes.data.Recipe, kotlin.Unit>? visibility:private [final]
i: [kapt] field onPrintClick:Lkotlin/jvm/functions/Function1; -> origin=OTHER element=KtParameter descriptor=IrBasedFieldDescriptor: FIELD PROPERTY_BACKING_FIELD name:onPrintClick type:kotlin.Function1<com.leo.paleorecipes.data.Recipe, kotlin.Unit>? visibility:private [final]
i: [kapt] class com/leo/paleorecipes/RecipeAdapter$RecipeViewHolder -> origin=OTHER element=KtClass descriptor=IrBasedClassDescriptor: CLASS CLASS name:RecipeViewHolder modality:FINAL visibility:public [inner] superTypes:[androidx.recyclerview.widget.RecyclerView.ViewHolder]
i: [kapt] method <init>(Lcom/leo/paleorecipes/RecipeAdapter;Lcom/leo/paleorecipes/databinding/ItemRecipeBinding;)V -> origin=OTHER element=KtClass descriptor=IrBasedClassConstructorDescriptor: CONSTRUCTOR visibility:public <> (this$0:com.leo.paleorecipes.RecipeAdapter, binding:com.leo.paleorecipes.databinding.ItemRecipeBinding) returnType:com.leo.paleorecipes.RecipeAdapter.RecipeViewHolder [primary]
i: [kapt] method bind(Lcom/leo/paleorecipes/data/Recipe;)V -> origin=OTHER element=KtNamedFunction descriptor=IrBasedSimpleFunctionDescriptor: FUN name:bind visibility:public modality:FINAL <> ($this:com.leo.paleorecipes.RecipeAdapter.RecipeViewHolder, recipe:com.leo.paleorecipes.data.Recipe) returnType:kotlin.Unit
i: [kapt] field binding:Lcom/leo/paleorecipes/databinding/ItemRecipeBinding; -> origin=OTHER element=KtParameter descriptor=IrBasedFieldDescriptor: FIELD PROPERTY_BACKING_FIELD name:binding type:com.leo.paleorecipes.databinding.ItemRecipeBinding visibility:private [final]
i: [kapt] field this$0:Lcom/leo/paleorecipes/RecipeAdapter; -> origin=OTHER element=null descriptor=IrBasedFieldDescriptor: FIELD FIELD_FOR_OUTER_THIS name:this$0 type:com.leo.paleorecipes.RecipeAdapter visibility:public/*package*/ [final]
i: [kapt] class com/leo/paleorecipes/RecipeDiffCallback -> origin=OTHER element=KtClass descriptor=IrBasedClassDescriptor: CLASS CLASS name:RecipeDiffCallback modality:FINAL visibility:public superTypes:[androidx.recyclerview.widget.DiffUtil.ItemCallback<com.leo.paleorecipes.data.Recipe>]
i: [kapt] method <init>()V -> origin=OTHER element=KtClass descriptor=IrBasedClassConstructorDescriptor: CONSTRUCTOR visibility:public <> () returnType:com.leo.paleorecipes.RecipeDiffCallback [primary]
i: [kapt] method areItemsTheSame(Lcom/leo/paleorecipes/data/Recipe;Lcom/leo/paleorecipes/data/Recipe;)Z -> origin=OTHER element=KtNamedFunction descriptor=IrBasedSimpleFunctionDescriptor: FUN name:areItemsTheSame visibility:public modality:OPEN <> ($this:com.leo.paleorecipes.RecipeDiffCallback, oldItem:com.leo.paleorecipes.data.Recipe, newItem:com.leo.paleorecipes.data.Recipe) returnType:kotlin.Boolean
i: [kapt] method areContentsTheSame(Lcom/leo/paleorecipes/data/Recipe;Lcom/leo/paleorecipes/data/Recipe;)Z -> origin=OTHER element=KtNamedFunction descriptor=IrBasedSimpleFunctionDescriptor: FUN name:areContentsTheSame visibility:public modality:OPEN <> ($this:com.leo.paleorecipes.RecipeDiffCallback, oldItem:com.leo.paleorecipes.data.Recipe, newItem:com.leo.paleorecipes.data.Recipe) returnType:kotlin.Boolean
i: [kapt] method areItemsTheSame(Ljava/lang/Object;Ljava/lang/Object;)Z -> origin=OTHER element=null descriptor=IrBasedSimpleFunctionDescriptor: FUN BRIDGE name:areItemsTheSame visibility:public modality:OPEN <> ($this:com.leo.paleorecipes.RecipeDiffCallback, p0:kotlin.Any, p1:kotlin.Any) returnType:kotlin.Boolean
i: [kapt] method areContentsTheSame(Ljava/lang/Object;Ljava/lang/Object;)Z -> origin=OTHER element=null descriptor=IrBasedSimpleFunctionDescriptor: FUN BRIDGE name:areContentsTheSame visibility:public modality:OPEN <> ($this:com.leo.paleorecipes.RecipeDiffCallback, p0:kotlin.Any, p1:kotlin.Any) returnType:kotlin.Boolean
i: [kapt] class com/leo/paleorecipes/RecipeDetailActivity -> origin=OTHER element=KtClass descriptor=IrBasedClassDescriptor: CLASS CLASS name:RecipeDetailActivity modality:FINAL visibility:public superTypes:[androidx.appcompat.app.AppCompatActivity]
i: [kapt] method <init>()V -> origin=OTHER element=KtClass descriptor=IrBasedClassConstructorDescriptor: CONSTRUCTOR visibility:public <> () returnType:com.leo.paleorecipes.RecipeDetailActivity [primary]
i: [kapt] method onCreate(Landroid/os/Bundle;)V -> origin=OTHER element=KtNamedFunction descriptor=IrBasedSimpleFunctionDescriptor: FUN name:onCreate visibility:protected modality:OPEN <> ($this:com.leo.paleorecipes.RecipeDetailActivity, savedInstanceState:android.os.Bundle?) returnType:kotlin.Unit
i: [kapt] method printRecipe()V -> origin=OTHER element=KtNamedFunction descriptor=IrBasedSimpleFunctionDescriptor: FUN name:printRecipe visibility:private modality:FINAL <> ($this:com.leo.paleorecipes.RecipeDetailActivity) returnType:kotlin.Unit
i: [kapt] method createWebPrintJob(Landroid/webkit/WebView;)V -> origin=OTHER element=KtNamedFunction descriptor=IrBasedSimpleFunctionDescriptor: FUN name:createWebPrintJob visibility:private modality:FINAL <> ($this:com.leo.paleorecipes.RecipeDetailActivity, webView:android.webkit.WebView) returnType:kotlin.Unit
i: [kapt] method showPlaceholder()V -> origin=OTHER element=KtNamedFunction descriptor=IrBasedSimpleFunctionDescriptor: FUN name:showPlaceholder visibility:private modality:FINAL <> ($this:com.leo.paleorecipes.RecipeDetailActivity) returnType:kotlin.Unit
i: [kapt] method setupUI()V -> origin=OTHER element=KtNamedFunction descriptor=IrBasedSimpleFunctionDescriptor: FUN name:setupUI visibility:private modality:FINAL <> ($this:com.leo.paleorecipes.RecipeDetailActivity) returnType:kotlin.Unit
i: [kapt] field binding:Lcom/leo/paleorecipes/databinding/ActivityRecipeDetailBinding; -> origin=OTHER element=KtProperty descriptor=IrBasedFieldDescriptor: FIELD PROPERTY_BACKING_FIELD name:binding type:com.leo.paleorecipes.databinding.ActivityRecipeDetailBinding? visibility:private
i: [kapt] field recipe:Lcom/leo/paleorecipes/data/Recipe; -> origin=OTHER element=KtProperty descriptor=IrBasedFieldDescriptor: FIELD PROPERTY_BACKING_FIELD name:recipe type:com.leo.paleorecipes.data.Recipe? visibility:private
i: [kapt] class com/leo/paleorecipes/RecipeListActivity -> origin=OTHER element=KtClass descriptor=IrBasedClassDescriptor: CLASS CLASS name:RecipeListActivity modality:FINAL visibility:public superTypes:[androidx.appcompat.app.AppCompatActivity]
i: [kapt] method <init>()V -> origin=OTHER element=KtClass descriptor=IrBasedClassConstructorDescriptor: CONSTRUCTOR visibility:public <> () returnType:com.leo.paleorecipes.RecipeListActivity [primary]
i: [kapt] method getViewModel()Lcom/leo/paleorecipes/viewmodel/RecipeViewModel; -> origin=OTHER element=KtProperty descriptor=IrBasedPropertyGetterDescriptor: FUN DELEGATED_PROPERTY_ACCESSOR name:<get-viewModel> visibility:private modality:FINAL <> ($this:com.leo.paleorecipes.RecipeListActivity) returnType:com.leo.paleorecipes.viewmodel.RecipeViewModel
i: [kapt] method onCreate(Landroid/os/Bundle;)V -> origin=OTHER element=KtNamedFunction descriptor=IrBasedSimpleFunctionDescriptor: FUN name:onCreate visibility:protected modality:OPEN <> ($this:com.leo.paleorecipes.RecipeListActivity, savedInstanceState:android.os.Bundle?) returnType:kotlin.Unit
i: [kapt] method onOptionsItemSelected(Landroid/view/MenuItem;)Z -> origin=OTHER element=KtNamedFunction descriptor=IrBasedSimpleFunctionDescriptor: FUN name:onOptionsItemSelected visibility:public modality:OPEN <> ($this:com.leo.paleorecipes.RecipeListActivity, item:android.view.MenuItem) returnType:kotlin.Boolean
i: [kapt] method setupRecyclerView()V -> origin=OTHER element=KtNamedFunction descriptor=IrBasedSimpleFunctionDescriptor: FUN name:setupRecyclerView visibility:private modality:FINAL <> ($this:com.leo.paleorecipes.RecipeListActivity) returnType:kotlin.Unit
i: [kapt] method setupSearch()V -> origin=OTHER element=KtNamedFunction descriptor=IrBasedSimpleFunctionDescriptor: FUN name:setupSearch visibility:private modality:FINAL <> ($this:com.leo.paleorecipes.RecipeListActivity) returnType:kotlin.Unit
i: [kapt] method setupFab()V -> origin=OTHER element=KtNamedFunction descriptor=IrBasedSimpleFunctionDescriptor: FUN name:setupFab visibility:private modality:FINAL <> ($this:com.leo.paleorecipes.RecipeListActivity) returnType:kotlin.Unit
i: [kapt] method performSearch(Ljava/lang/String;)V -> origin=OTHER element=KtNamedFunction descriptor=IrBasedSimpleFunctionDescriptor: FUN name:performSearch visibility:private modality:FINAL <> ($this:com.leo.paleorecipes.RecipeListActivity, query:kotlin.String) returnType:kotlin.Unit
i: [kapt] method observeViewModel()V -> origin=OTHER element=KtNamedFunction descriptor=IrBasedSimpleFunctionDescriptor: FUN name:observeViewModel visibility:private modality:FINAL <> ($this:com.leo.paleorecipes.RecipeListActivity) returnType:kotlin.Unit
i: [kapt] method updateEmptyView(Z)V -> origin=OTHER element=KtNamedFunction descriptor=IrBasedSimpleFunctionDescriptor: FUN name:updateEmptyView visibility:private modality:FINAL <> ($this:com.leo.paleorecipes.RecipeListActivity, isEmpty:kotlin.Boolean) returnType:kotlin.Unit
i: [kapt] method showDeleteConfirmationDialog(Lcom/leo/paleorecipes/data/Recipe;)V -> origin=OTHER element=KtNamedFunction descriptor=IrBasedSimpleFunctionDescriptor: FUN name:showDeleteConfirmationDialog visibility:private modality:FINAL <> ($this:com.leo.paleorecipes.RecipeListActivity, recipe:com.leo.paleorecipes.data.Recipe) returnType:kotlin.Unit
i: [kapt] method printRecipe(Lcom/leo/paleorecipes/data/Recipe;)V -> origin=OTHER element=KtNamedFunction descriptor=IrBasedSimpleFunctionDescriptor: FUN name:printRecipe visibility:private modality:FINAL <> ($this:com.leo.paleorecipes.RecipeListActivity, recipe:com.leo.paleorecipes.data.Recipe) returnType:kotlin.Unit
i: [kapt] method onResume()V -> origin=OTHER element=KtNamedFunction descriptor=IrBasedSimpleFunctionDescriptor: FUN name:onResume visibility:protected modality:OPEN <> ($this:com.leo.paleorecipes.RecipeListActivity) returnType:kotlin.Unit
i: [kapt] field binding:Lcom/leo/paleorecipes/databinding/ActivityRecipeListBinding; -> origin=OTHER element=KtProperty descriptor=IrBasedFieldDescriptor: FIELD PROPERTY_BACKING_FIELD name:binding type:com.leo.paleorecipes.databinding.ActivityRecipeListBinding? visibility:private
i: [kapt] field adapter:Lcom/leo/paleorecipes/RecipeAdapter; -> origin=OTHER element=KtProperty descriptor=IrBasedFieldDescriptor: FIELD PROPERTY_BACKING_FIELD name:adapter type:com.leo.paleorecipes.RecipeAdapter? visibility:private
i: [kapt] field isUserRecipes:Z -> origin=OTHER element=KtProperty descriptor=IrBasedFieldDescriptor: FIELD PROPERTY_BACKING_FIELD name:isUserRecipes type:kotlin.Boolean visibility:private
i: [kapt] field editMode:Z -> origin=OTHER element=KtProperty descriptor=IrBasedFieldDescriptor: FIELD PROPERTY_BACKING_FIELD name:editMode type:kotlin.Boolean visibility:private
i: [kapt] field printMode:Z -> origin=OTHER element=KtProperty descriptor=IrBasedFieldDescriptor: FIELD PROPERTY_BACKING_FIELD name:printMode type:kotlin.Boolean visibility:private
i: [kapt] class com/leo/paleorecipes/RecipePrintAdapter -> origin=OTHER element=KtClass descriptor=IrBasedClassDescriptor: CLASS CLASS name:RecipePrintAdapter modality:FINAL visibility:public superTypes:[android.print.PrintDocumentAdapter]
i: [kapt] method <init>(Landroid/content/Context;Lcom/leo/paleorecipes/data/Recipe;)V -> origin=OTHER element=KtClass descriptor=IrBasedClassConstructorDescriptor: CONSTRUCTOR visibility:public <> (context:android.content.Context, recipe:com.leo.paleorecipes.data.Recipe) returnType:com.leo.paleorecipes.RecipePrintAdapter [primary]
i: [kapt] method onLayout(Landroid/print/PrintAttributes;Landroid/print/PrintAttributes;Landroid/os/CancellationSignal;Landroid/print/PrintDocumentAdapter$LayoutResultCallback;Landroid/os/Bundle;)V -> origin=OTHER element=KtNamedFunction descriptor=IrBasedSimpleFunctionDescriptor: FUN name:onLayout visibility:public modality:OPEN <> ($this:com.leo.paleorecipes.RecipePrintAdapter, oldAttributes:android.print.PrintAttributes?, newAttributes:android.print.PrintAttributes, cancellationSignal:android.os.CancellationSignal?, callback:android.print.PrintDocumentAdapter.LayoutResultCallback, extras:android.os.Bundle?) returnType:kotlin.Unit
i: [kapt] method onWrite([Landroid/print/PageRange;Landroid/os/ParcelFileDescriptor;Landroid/os/CancellationSignal;Landroid/print/PrintDocumentAdapter$WriteResultCallback;)V -> origin=OTHER element=KtNamedFunction descriptor=IrBasedSimpleFunctionDescriptor: FUN name:onWrite visibility:public modality:OPEN <> ($this:com.leo.paleorecipes.RecipePrintAdapter, pages:kotlin.Array<out android.print.PageRange>, destination:android.os.ParcelFileDescriptor, cancellationSignal:android.os.CancellationSignal?, callback:android.print.PrintDocumentAdapter.WriteResultCallback) returnType:kotlin.Unit
i: [kapt] method drawRecipe(Landroid/graphics/Canvas;)V -> origin=OTHER element=KtNamedFunction descriptor=IrBasedSimpleFunctionDescriptor: FUN name:drawRecipe visibility:private modality:FINAL <> ($this:com.leo.paleorecipes.RecipePrintAdapter, canvas:android.graphics.Canvas) returnType:kotlin.Unit
i: [kapt] method calculateInSampleSize(Landroid/graphics/BitmapFactory$Options;II)I -> origin=OTHER element=KtNamedFunction descriptor=IrBasedSimpleFunctionDescriptor: FUN name:calculateInSampleSize visibility:private modality:FINAL <> ($this:com.leo.paleorecipes.RecipePrintAdapter, options:android.graphics.BitmapFactory.Options, reqWidth:kotlin.Int, reqHeight:kotlin.Int) returnType:kotlin.Int
i: [kapt] method splitTextIntoLines(Ljava/lang/String;Landroid/graphics/Paint;F)Ljava/util/List; -> origin=OTHER element=KtNamedFunction descriptor=IrBasedSimpleFunctionDescriptor: FUN name:splitTextIntoLines visibility:private modality:FINAL <> ($this:com.leo.paleorecipes.RecipePrintAdapter, text:kotlin.String, paint:android.graphics.Paint, maxWidth:kotlin.Float) returnType:kotlin.collections.List<kotlin.String>
i: [kapt] method cleanup()V -> origin=OTHER element=KtNamedFunction descriptor=IrBasedSimpleFunctionDescriptor: FUN name:cleanup visibility:public modality:FINAL <> ($this:com.leo.paleorecipes.RecipePrintAdapter) returnType:kotlin.Unit
i: [kapt] field context:Landroid/content/Context; -> origin=OTHER element=KtParameter descriptor=IrBasedFieldDescriptor: FIELD PROPERTY_BACKING_FIELD name:context type:android.content.Context visibility:private [final]
i: [kapt] field recipe:Lcom/leo/paleorecipes/data/Recipe; -> origin=OTHER element=KtParameter descriptor=IrBasedFieldDescriptor: FIELD PROPERTY_BACKING_FIELD name:recipe type:com.leo.paleorecipes.data.Recipe visibility:private [final]
i: [kapt] field pdfDocument:Landroid/graphics/pdf/PdfDocument; -> origin=OTHER element=KtProperty descriptor=IrBasedFieldDescriptor: FIELD PROPERTY_BACKING_FIELD name:pdfDocument type:android.graphics.pdf.PdfDocument? visibility:private
i: [kapt] field recipeBitmap:Landroid/graphics/Bitmap; -> origin=OTHER element=KtProperty descriptor=IrBasedFieldDescriptor: FIELD PROPERTY_BACKING_FIELD name:recipeBitmap type:android.graphics.Bitmap? visibility:private
i: [kapt] class com/leo/paleorecipes/SettingsActivity -> origin=OTHER element=KtClass descriptor=IrBasedClassDescriptor: CLASS CLASS name:SettingsActivity modality:FINAL visibility:public superTypes:[androidx.appcompat.app.AppCompatActivity]
i: [kapt] method <init>()V -> origin=OTHER element=KtClass descriptor=IrBasedClassConstructorDescriptor: CONSTRUCTOR visibility:public <> () returnType:com.leo.paleorecipes.SettingsActivity [primary]
i: [kapt] method onCreate(Landroid/os/Bundle;)V -> origin=OTHER element=KtNamedFunction descriptor=IrBasedSimpleFunctionDescriptor: FUN name:onCreate visibility:protected modality:OPEN <> ($this:com.leo.paleorecipes.SettingsActivity, savedInstanceState:android.os.Bundle?) returnType:kotlin.Unit
i: [kapt] class com/leo/paleorecipes/SplashActivity -> origin=OTHER element=KtClass descriptor=IrBasedClassDescriptor: CLASS CLASS name:SplashActivity modality:FINAL visibility:public superTypes:[androidx.appcompat.app.AppCompatActivity]
i: [kapt] method <init>()V -> origin=OTHER element=KtClass descriptor=IrBasedClassConstructorDescriptor: CONSTRUCTOR visibility:public <> () returnType:com.leo.paleorecipes.SplashActivity [primary]
i: [kapt] method onCreate(Landroid/os/Bundle;)V -> origin=OTHER element=KtNamedFunction descriptor=IrBasedSimpleFunctionDescriptor: FUN name:onCreate visibility:protected modality:OPEN <> ($this:com.leo.paleorecipes.SplashActivity, savedInstanceState:android.os.Bundle?) returnType:kotlin.Unit
i: [kapt] class com/leo/paleorecipes/adapter/IngredientsAdapter -> origin=OTHER element=KtClass descriptor=IrBasedClassDescriptor: CLASS CLASS name:IngredientsAdapter modality:FINAL visibility:public superTypes:[androidx.recyclerview.widget.ListAdapter<kotlin.String, com.leo.paleorecipes.adapter.IngredientsAdapter.IngredientViewHolder>]
i: [kapt] method <init>(Lkotlin/jvm/functions/Function1;)V -> origin=OTHER element=KtClass descriptor=IrBasedClassConstructorDescriptor: CONSTRUCTOR visibility:public <> (onRemoveClick:kotlin.Function1<kotlin.String, kotlin.Unit>) returnType:com.leo.paleorecipes.adapter.IngredientsAdapter [primary]
i: [kapt] method onCreateViewHolder(Landroid/view/ViewGroup;I)Lcom/leo/paleorecipes/adapter/IngredientsAdapter$IngredientViewHolder; -> origin=OTHER element=KtNamedFunction descriptor=IrBasedSimpleFunctionDescriptor: FUN name:onCreateViewHolder visibility:public modality:OPEN <> ($this:com.leo.paleorecipes.adapter.IngredientsAdapter, parent:android.view.ViewGroup, viewType:kotlin.Int) returnType:com.leo.paleorecipes.adapter.IngredientsAdapter.IngredientViewHolder
i: [kapt] method onBindViewHolder(Lcom/leo/paleorecipes/adapter/IngredientsAdapter$IngredientViewHolder;I)V -> origin=OTHER element=KtNamedFunction descriptor=IrBasedSimpleFunctionDescriptor: FUN name:onBindViewHolder visibility:public modality:OPEN <> ($this:com.leo.paleorecipes.adapter.IngredientsAdapter, holder:com.leo.paleorecipes.adapter.IngredientsAdapter.IngredientViewHolder, position:kotlin.Int) returnType:kotlin.Unit
i: [kapt] method onCreateViewHolder(Landroid/view/ViewGroup;I)Landroidx/recyclerview/widget/RecyclerView$ViewHolder; -> origin=OTHER element=null descriptor=IrBasedSimpleFunctionDescriptor: FUN BRIDGE name:onCreateViewHolder visibility:public modality:OPEN <> ($this:com.leo.paleorecipes.adapter.IngredientsAdapter, p0:@[EnhancedNullability] android.view.ViewGroup, p1:kotlin.Int) returnType:androidx.recyclerview.widget.RecyclerView.ViewHolder
i: [kapt] method onBindViewHolder(Landroidx/recyclerview/widget/RecyclerView$ViewHolder;I)V -> origin=OTHER element=null descriptor=IrBasedSimpleFunctionDescriptor: FUN BRIDGE name:onBindViewHolder visibility:public modality:OPEN <> ($this:com.leo.paleorecipes.adapter.IngredientsAdapter, p0:androidx.recyclerview.widget.RecyclerView.ViewHolder, p1:kotlin.Int) returnType:kotlin.Unit
i: [kapt] field onRemoveClick:Lkotlin/jvm/functions/Function1; -> origin=OTHER element=KtParameter descriptor=IrBasedFieldDescriptor: FIELD PROPERTY_BACKING_FIELD name:onRemoveClick type:kotlin.Function1<kotlin.String, kotlin.Unit> visibility:private [final]
i: [kapt] class com/leo/paleorecipes/adapter/IngredientsAdapter$IngredientViewHolder -> origin=OTHER element=KtClass descriptor=IrBasedClassDescriptor: CLASS CLASS name:IngredientViewHolder modality:FINAL visibility:public superTypes:[androidx.recyclerview.widget.RecyclerView.ViewHolder]
i: [kapt] method <init>(Landroid/view/View;Lkotlin/jvm/functions/Function1;)V -> origin=OTHER element=KtClass descriptor=IrBasedClassConstructorDescriptor: CONSTRUCTOR visibility:public <> (itemView:android.view.View, onRemoveClick:kotlin.Function1<kotlin.String, kotlin.Unit>) returnType:com.leo.paleorecipes.adapter.IngredientsAdapter.IngredientViewHolder [primary]
i: [kapt] method bind(Ljava/lang/String;)V -> origin=OTHER element=KtNamedFunction descriptor=IrBasedSimpleFunctionDescriptor: FUN name:bind visibility:public modality:FINAL <> ($this:com.leo.paleorecipes.adapter.IngredientsAdapter.IngredientViewHolder, ingredient:kotlin.String) returnType:kotlin.Unit
i: [kapt] field ingredientName:Landroid/widget/TextView; -> origin=OTHER element=KtProperty descriptor=IrBasedFieldDescriptor: FIELD PROPERTY_BACKING_FIELD name:ingredientName type:android.widget.TextView visibility:private [final]
i: [kapt] field removeButton:Landroid/widget/ImageButton; -> origin=OTHER element=KtProperty descriptor=IrBasedFieldDescriptor: FIELD PROPERTY_BACKING_FIELD name:removeButton type:android.widget.ImageButton visibility:private [final]
i: [kapt] class com/leo/paleorecipes/adapter/IngredientDiffCallback -> origin=OTHER element=KtClass descriptor=IrBasedClassDescriptor: CLASS CLASS name:IngredientDiffCallback modality:FINAL visibility:public superTypes:[androidx.recyclerview.widget.DiffUtil.ItemCallback<kotlin.String>]
i: [kapt] method <init>()V -> origin=OTHER element=KtClass descriptor=IrBasedClassConstructorDescriptor: CONSTRUCTOR visibility:public <> () returnType:com.leo.paleorecipes.adapter.IngredientDiffCallback [primary]
i: [kapt] method areItemsTheSame(Ljava/lang/String;Ljava/lang/String;)Z -> origin=OTHER element=KtNamedFunction descriptor=IrBasedSimpleFunctionDescriptor: FUN name:areItemsTheSame visibility:public modality:OPEN <> ($this:com.leo.paleorecipes.adapter.IngredientDiffCallback, oldItem:kotlin.String, newItem:kotlin.String) returnType:kotlin.Boolean
i: [kapt] method areContentsTheSame(Ljava/lang/String;Ljava/lang/String;)Z -> origin=OTHER element=KtNamedFunction descriptor=IrBasedSimpleFunctionDescriptor: FUN name:areContentsTheSame visibility:public modality:OPEN <> ($this:com.leo.paleorecipes.adapter.IngredientDiffCallback, oldItem:kotlin.String, newItem:kotlin.String) returnType:kotlin.Boolean
i: [kapt] method areItemsTheSame(Ljava/lang/Object;Ljava/lang/Object;)Z -> origin=OTHER element=null descriptor=IrBasedSimpleFunctionDescriptor: FUN BRIDGE name:areItemsTheSame visibility:public modality:OPEN <> ($this:com.leo.paleorecipes.adapter.IngredientDiffCallback, p0:kotlin.Any, p1:kotlin.Any) returnType:kotlin.Boolean
i: [kapt] method areContentsTheSame(Ljava/lang/Object;Ljava/lang/Object;)Z -> origin=OTHER element=null descriptor=IrBasedSimpleFunctionDescriptor: FUN BRIDGE name:areContentsTheSame visibility:public modality:OPEN <> ($this:com.leo.paleorecipes.adapter.IngredientDiffCallback, p0:kotlin.Any, p1:kotlin.Any) returnType:kotlin.Boolean
i: [kapt] class com/leo/paleorecipes/adapter/RecipesAdapter -> origin=OTHER element=KtClass descriptor=IrBasedClassDescriptor: CLASS CLASS name:RecipesAdapter modality:FINAL visibility:public superTypes:[androidx.recyclerview.widget.ListAdapter<com.leo.paleorecipes.data.Recipe, com.leo.paleorecipes.adapter.RecipesAdapter.RecipeViewHolder>]
i: [kapt] method <init>(Lkotlin/jvm/functions/Function1;Lkotlin/jvm/functions/Function1;)V -> origin=OTHER element=KtClass descriptor=IrBasedClassConstructorDescriptor: CONSTRUCTOR visibility:public <> (onRecipeClick:kotlin.Function1<com.leo.paleorecipes.data.Recipe, kotlin.Unit>, onFavoriteClick:kotlin.Function1<com.leo.paleorecipes.data.Recipe, kotlin.Unit>) returnType:com.leo.paleorecipes.adapter.RecipesAdapter [primary]
i: [kapt] method onCreateViewHolder(Landroid/view/ViewGroup;I)Lcom/leo/paleorecipes/adapter/RecipesAdapter$RecipeViewHolder; -> origin=OTHER element=KtNamedFunction descriptor=IrBasedSimpleFunctionDescriptor: FUN name:onCreateViewHolder visibility:public modality:OPEN <> ($this:com.leo.paleorecipes.adapter.RecipesAdapter, parent:android.view.ViewGroup, viewType:kotlin.Int) returnType:com.leo.paleorecipes.adapter.RecipesAdapter.RecipeViewHolder
i: [kapt] method onBindViewHolder(Lcom/leo/paleorecipes/adapter/RecipesAdapter$RecipeViewHolder;I)V -> origin=OTHER element=KtNamedFunction descriptor=IrBasedSimpleFunctionDescriptor: FUN name:onBindViewHolder visibility:public modality:OPEN <> ($this:com.leo.paleorecipes.adapter.RecipesAdapter, holder:com.leo.paleorecipes.adapter.RecipesAdapter.RecipeViewHolder, position:kotlin.Int) returnType:kotlin.Unit
i: [kapt] method getItemViewType(I)I -> origin=OTHER element=KtNamedFunction descriptor=IrBasedSimpleFunctionDescriptor: FUN name:getItemViewType visibility:public modality:OPEN <> ($this:com.leo.paleorecipes.adapter.RecipesAdapter, position:kotlin.Int) returnType:kotlin.Int
i: [kapt] method updateRecipe(Lcom/leo/paleorecipes/data/Recipe;)V -> origin=OTHER element=KtNamedFunction descriptor=IrBasedSimpleFunctionDescriptor: FUN name:updateRecipe visibility:public modality:FINAL <> ($this:com.leo.paleorecipes.adapter.RecipesAdapter, updatedRecipe:com.leo.paleorecipes.data.Recipe) returnType:kotlin.Unit
i: [kapt] method onCreateViewHolder(Landroid/view/ViewGroup;I)Landroidx/recyclerview/widget/RecyclerView$ViewHolder; -> origin=OTHER element=null descriptor=IrBasedSimpleFunctionDescriptor: FUN BRIDGE name:onCreateViewHolder visibility:public modality:OPEN <> ($this:com.leo.paleorecipes.adapter.RecipesAdapter, p0:@[EnhancedNullability] android.view.ViewGroup, p1:kotlin.Int) returnType:androidx.recyclerview.widget.RecyclerView.ViewHolder
i: [kapt] method onBindViewHolder(Landroidx/recyclerview/widget/RecyclerView$ViewHolder;I)V -> origin=OTHER element=null descriptor=IrBasedSimpleFunctionDescriptor: FUN BRIDGE name:onBindViewHolder visibility:public modality:OPEN <> ($this:com.leo.paleorecipes.adapter.RecipesAdapter, p0:androidx.recyclerview.widget.RecyclerView.ViewHolder, p1:kotlin.Int) returnType:kotlin.Unit
i: [kapt] field onFavoriteClick:Lkotlin/jvm/functions/Function1; -> origin=OTHER element=KtParameter descriptor=IrBasedFieldDescriptor: FIELD PROPERTY_BACKING_FIELD name:onFavoriteClick type:kotlin.Function1<com.leo.paleorecipes.data.Recipe, kotlin.Unit> visibility:private [final]
i: [kapt] class com/leo/paleorecipes/adapter/RecipesAdapter$RecipeViewHolder -> origin=OTHER element=KtClass descriptor=IrBasedClassDescriptor: CLASS CLASS name:RecipeViewHolder modality:FINAL visibility:public [inner] superTypes:[androidx.recyclerview.widget.RecyclerView.ViewHolder]
i: [kapt] method <init>(Lcom/leo/paleorecipes/adapter/RecipesAdapter;Landroid/view/View;)V -> origin=OTHER element=KtClass descriptor=IrBasedClassConstructorDescriptor: CONSTRUCTOR visibility:public <> (this$0:com.leo.paleorecipes.adapter.RecipesAdapter, itemView:android.view.View) returnType:com.leo.paleorecipes.adapter.RecipesAdapter.RecipeViewHolder [primary]
i: [kapt] method bind(Lcom/leo/paleorecipes/data/Recipe;)V -> origin=OTHER element=KtNamedFunction descriptor=IrBasedSimpleFunctionDescriptor: FUN name:bind visibility:public modality:FINAL <> ($this:com.leo.paleorecipes.adapter.RecipesAdapter.RecipeViewHolder, recipe:com.leo.paleorecipes.data.Recipe) returnType:kotlin.Unit
i: [kapt] field titleText:Landroid/widget/TextView; -> origin=OTHER element=KtProperty descriptor=IrBasedFieldDescriptor: FIELD PROPERTY_BACKING_FIELD name:titleText type:android.widget.TextView visibility:private [final]
i: [kapt] field ingredientsText:Landroid/widget/TextView; -> origin=OTHER element=KtProperty descriptor=IrBasedFieldDescriptor: FIELD PROPERTY_BACKING_FIELD name:ingredientsText type:android.widget.TextView visibility:private [final]
i: [kapt] field timeText:Landroid/widget/TextView; -> origin=OTHER element=KtProperty descriptor=IrBasedFieldDescriptor: FIELD PROPERTY_BACKING_FIELD name:timeText type:android.widget.TextView visibility:private [final]
i: [kapt] field recipeImage:Landroid/widget/ImageView; -> origin=OTHER element=KtProperty descriptor=IrBasedFieldDescriptor: FIELD PROPERTY_BACKING_FIELD name:recipeImage type:android.widget.ImageView visibility:private [final]
i: [kapt] field favoriteIcon:Landroid/widget/ImageView; -> origin=OTHER element=KtProperty descriptor=IrBasedFieldDescriptor: FIELD PROPERTY_BACKING_FIELD name:favoriteIcon type:android.widget.ImageView visibility:private [final]
i: [kapt] field this$0:Lcom/leo/paleorecipes/adapter/RecipesAdapter; -> origin=OTHER element=null descriptor=IrBasedFieldDescriptor: FIELD FIELD_FOR_OUTER_THIS name:this$0 type:com.leo.paleorecipes.adapter.RecipesAdapter visibility:public/*package*/ [final]
i: [kapt] class com/leo/paleorecipes/adapter/RecipeDiffCallback -> origin=OTHER element=KtClass descriptor=IrBasedClassDescriptor: CLASS CLASS name:RecipeDiffCallback modality:FINAL visibility:public superTypes:[androidx.recyclerview.widget.DiffUtil.ItemCallback<com.leo.paleorecipes.data.Recipe>]
i: [kapt] method <init>()V -> origin=OTHER element=KtClass descriptor=IrBasedClassConstructorDescriptor: CONSTRUCTOR visibility:public <> () returnType:com.leo.paleorecipes.adapter.RecipeDiffCallback [primary]
i: [kapt] method areItemsTheSame(Lcom/leo/paleorecipes/data/Recipe;Lcom/leo/paleorecipes/data/Recipe;)Z -> origin=OTHER element=KtNamedFunction descriptor=IrBasedSimpleFunctionDescriptor: FUN name:areItemsTheSame visibility:public modality:OPEN <> ($this:com.leo.paleorecipes.adapter.RecipeDiffCallback, oldItem:com.leo.paleorecipes.data.Recipe, newItem:com.leo.paleorecipes.data.Recipe) returnType:kotlin.Boolean
i: [kapt] method areContentsTheSame(Lcom/leo/paleorecipes/data/Recipe;Lcom/leo/paleorecipes/data/Recipe;)Z -> origin=OTHER element=KtNamedFunction descriptor=IrBasedSimpleFunctionDescriptor: FUN name:areContentsTheSame visibility:public modality:OPEN <> ($this:com.leo.paleorecipes.adapter.RecipeDiffCallback, oldItem:com.leo.paleorecipes.data.Recipe, newItem:com.leo.paleorecipes.data.Recipe) returnType:kotlin.Boolean
i: [kapt] method areItemsTheSame(Ljava/lang/Object;Ljava/lang/Object;)Z -> origin=OTHER element=null descriptor=IrBasedSimpleFunctionDescriptor: FUN BRIDGE name:areItemsTheSame visibility:public modality:OPEN <> ($this:com.leo.paleorecipes.adapter.RecipeDiffCallback, p0:kotlin.Any, p1:kotlin.Any) returnType:kotlin.Boolean
i: [kapt] method areContentsTheSame(Ljava/lang/Object;Ljava/lang/Object;)Z -> origin=OTHER element=null descriptor=IrBasedSimpleFunctionDescriptor: FUN BRIDGE name:areContentsTheSame visibility:public modality:OPEN <> ($this:com.leo.paleorecipes.adapter.RecipeDiffCallback, p0:kotlin.Any, p1:kotlin.Any) returnType:kotlin.Boolean
i: [kapt] class com/leo/paleorecipes/data/AppDatabase -> origin=OTHER element=KtClass descriptor=IrBasedClassDescriptor: CLASS CLASS name:AppDatabase modality:ABSTRACT visibility:public superTypes:[androidx.room.RoomDatabase]
i: [kapt] method <init>()V -> origin=OTHER element=KtClass descriptor=IrBasedClassConstructorDescriptor: CONSTRUCTOR visibility:public <> () returnType:com.leo.paleorecipes.data.AppDatabase [primary]
i: [kapt] method recipeDao()Lcom/leo/paleorecipes/data/RecipeDao; -> origin=OTHER element=KtNamedFunction descriptor=IrBasedSimpleFunctionDescriptor: FUN name:recipeDao visibility:public modality:ABSTRACT <> ($this:com.leo.paleorecipes.data.AppDatabase) returnType:com.leo.paleorecipes.data.RecipeDao
i: [kapt] method ingredientDao()Lcom/leo/paleorecipes/data/local/dao/IngredientDao; -> origin=OTHER element=KtNamedFunction descriptor=IrBasedSimpleFunctionDescriptor: FUN name:ingredientDao visibility:public modality:ABSTRACT <> ($this:com.leo.paleorecipes.data.AppDatabase) returnType:com.leo.paleorecipes.data.local.dao.IngredientDao
i: [kapt] field Companion:Lcom/leo/paleorecipes/data/AppDatabase$Companion; -> origin=OTHER element=null descriptor=IrBasedFieldDescriptor: FIELD FIELD_FOR_OBJECT_INSTANCE name:Companion type:com.leo.paleorecipes.data.AppDatabase.Companion visibility:public [final,static]
i: [kapt] field TAG:Ljava/lang/String; -> origin=OTHER element=KtProperty descriptor=IrBasedFieldDescriptor: FIELD COMPANION_PROPERTY_BACKING_FIELD name:TAG type:kotlin.String visibility:private [final,static]
i: [kapt] field INSTANCE:Lcom/leo/paleorecipes/data/AppDatabase; -> origin=OTHER element=KtProperty descriptor=IrBasedFieldDescriptor: FIELD COMPANION_PROPERTY_BACKING_FIELD name:INSTANCE type:com.leo.paleorecipes.data.AppDatabase? visibility:private [static]
i: [kapt] class com/leo/paleorecipes/data/AppDatabase$Companion -> origin=OTHER element=KtObjectDeclaration descriptor=IrBasedClassDescriptor: CLASS OBJECT name:Companion modality:FINAL visibility:public [companion] superTypes:[kotlin.Any]
i: [kapt] method <init>()V -> origin=OTHER element=KtObjectDeclaration descriptor=IrBasedClassConstructorDescriptor: CONSTRUCTOR visibility:private <> () returnType:com.leo.paleorecipes.data.AppDatabase.Companion [primary]
i: [kapt] method getDatabase(Landroid/content/Context;)Lcom/leo/paleorecipes/data/AppDatabase; -> origin=OTHER element=KtNamedFunction descriptor=IrBasedSimpleFunctionDescriptor: FUN name:getDatabase visibility:public modality:FINAL <> ($this:com.leo.paleorecipes.data.AppDatabase.Companion, context:android.content.Context) returnType:com.leo.paleorecipes.data.AppDatabase
i: [kapt] method <init>(Lkotlin/jvm/internal/DefaultConstructorMarker;)V -> origin=OTHER element=null descriptor=IrBasedClassConstructorDescriptor: CONSTRUCTOR SYNTHETIC_ACCESSOR visibility:public <> ($constructor_marker:kotlin.jvm.internal.DefaultConstructorMarker?) returnType:com.leo.paleorecipes.data.AppDatabase.Companion
i: [kapt] class com/leo/paleorecipes/data/Converters -> origin=OTHER element=KtClass descriptor=IrBasedClassDescriptor: CLASS CLASS name:Converters modality:FINAL visibility:public superTypes:[kotlin.Any]
i: [kapt] method <init>()V -> origin=OTHER element=KtClass descriptor=IrBasedClassConstructorDescriptor: CONSTRUCTOR visibility:public <> () returnType:com.leo.paleorecipes.data.Converters [primary]
i: [kapt] method fromStringList(Ljava/util/List;)Ljava/lang/String; -> origin=OTHER element=KtNamedFunction descriptor=IrBasedSimpleFunctionDescriptor: FUN name:fromStringList visibility:public modality:FINAL <> ($this:com.leo.paleorecipes.data.Converters, value:kotlin.collections.List<kotlin.String>) returnType:kotlin.String
i: [kapt] method toStringList(Ljava/lang/String;)Ljava/util/List; -> origin=OTHER element=KtNamedFunction descriptor=IrBasedSimpleFunctionDescriptor: FUN name:toStringList visibility:public modality:FINAL <> ($this:com.leo.paleorecipes.data.Converters, value:kotlin.String) returnType:kotlin.collections.List<kotlin.String>
i: [kapt] field gson:Lcom/google/gson/Gson; -> origin=OTHER element=KtProperty descriptor=IrBasedFieldDescriptor: FIELD PROPERTY_BACKING_FIELD name:gson type:com.google.gson.Gson visibility:private [final]
i: [kapt] class com/leo/paleorecipes/data/Recipe -> origin=OTHER element=KtClass descriptor=IrBasedClassDescriptor: CLASS CLASS name:Recipe modality:FINAL visibility:public [data] superTypes:[android.os.Parcelable]
i: [kapt] method <init>(JLjava/lang/String;Ljava/lang/String;Ljava/util/List;Ljava/util/List;IIILjava/lang/String;Ljava/lang/String;Ljava/lang/String;Ljava/lang/String;ZZJ)V -> origin=OTHER element=KtClass descriptor=IrBasedClassConstructorDescriptor: CONSTRUCTOR visibility:public <> (id:kotlin.Long, title:kotlin.String, description:kotlin.String, ingredients:kotlin.collections.List<kotlin.String>, instructions:kotlin.collections.List<kotlin.String>, prepTime:kotlin.Int, cookTime:kotlin.Int, servings:kotlin.Int, imageUrl:kotlin.String, category:kotlin.String, difficulty:kotlin.String, notes:kotlin.String, isUserCreated:kotlin.Boolean, isFavorite:kotlin.Boolean, dateAdded:kotlin.Long) returnType:com.leo.paleorecipes.data.Recipe [primary]
i: [kapt] method <init>(JLjava/lang/String;Ljava/lang/String;Ljava/util/List;Ljava/util/List;IIILjava/lang/String;Ljava/lang/String;Ljava/lang/String;Ljava/lang/String;ZZJILkotlin/jvm/internal/DefaultConstructorMarker;)V -> origin=OTHER element=KtClass descriptor=IrBasedClassConstructorDescriptor: CONSTRUCTOR FUNCTION_FOR_DEFAULT_PARAMETER visibility:public <> (id:kotlin.Long, title:kotlin.String, description:kotlin.String?, ingredients:kotlin.collections.List<kotlin.String>, instructions:kotlin.collections.List<kotlin.String>, prepTime:kotlin.Int, cookTime:kotlin.Int, servings:kotlin.Int, imageUrl:kotlin.String?, category:kotlin.String?, difficulty:kotlin.String?, notes:kotlin.String?, isUserCreated:kotlin.Boolean, isFavorite:kotlin.Boolean, dateAdded:kotlin.Long, $mask0:kotlin.Int, $marker:kotlin.jvm.internal.DefaultConstructorMarker?) returnType:com.leo.paleorecipes.data.Recipe
i: [kapt] method getId()J -> origin=OTHER element=KtParameter descriptor=IrBasedPropertyGetterDescriptor: FUN DEFAULT_PROPERTY_ACCESSOR name:<get-id> visibility:public modality:FINAL <> ($this:com.leo.paleorecipes.data.Recipe) returnType:kotlin.Long
i: [kapt] method getTitle()Ljava/lang/String; -> origin=OTHER element=KtParameter descriptor=IrBasedPropertyGetterDescriptor: FUN DEFAULT_PROPERTY_ACCESSOR name:<get-title> visibility:public modality:FINAL <> ($this:com.leo.paleorecipes.data.Recipe) returnType:kotlin.String
i: [kapt] method getDescription()Ljava/lang/String; -> origin=OTHER element=KtParameter descriptor=IrBasedPropertyGetterDescriptor: FUN DEFAULT_PROPERTY_ACCESSOR name:<get-description> visibility:public modality:FINAL <> ($this:com.leo.paleorecipes.data.Recipe) returnType:kotlin.String
i: [kapt] method getIngredients()Ljava/util/List; -> origin=OTHER element=KtParameter descriptor=IrBasedPropertyGetterDescriptor: FUN DEFAULT_PROPERTY_ACCESSOR name:<get-ingredients> visibility:public modality:FINAL <> ($this:com.leo.paleorecipes.data.Recipe) returnType:kotlin.collections.List<kotlin.String>
i: [kapt] method getInstructions()Ljava/util/List; -> origin=OTHER element=KtParameter descriptor=IrBasedPropertyGetterDescriptor: FUN DEFAULT_PROPERTY_ACCESSOR name:<get-instructions> visibility:public modality:FINAL <> ($this:com.leo.paleorecipes.data.Recipe) returnType:kotlin.collections.List<kotlin.String>
i: [kapt] method getPrepTime()I -> origin=OTHER element=KtParameter descriptor=IrBasedPropertyGetterDescriptor: FUN DEFAULT_PROPERTY_ACCESSOR name:<get-prepTime> visibility:public modality:FINAL <> ($this:com.leo.paleorecipes.data.Recipe) returnType:kotlin.Int
i: [kapt] method getCookTime()I -> origin=OTHER element=KtParameter descriptor=IrBasedPropertyGetterDescriptor: FUN DEFAULT_PROPERTY_ACCESSOR name:<get-cookTime> visibility:public modality:FINAL <> ($this:com.leo.paleorecipes.data.Recipe) returnType:kotlin.Int
i: [kapt] method getServings()I -> origin=OTHER element=KtParameter descriptor=IrBasedPropertyGetterDescriptor: FUN DEFAULT_PROPERTY_ACCESSOR name:<get-servings> visibility:public modality:FINAL <> ($this:com.leo.paleorecipes.data.Recipe) returnType:kotlin.Int
i: [kapt] method getImageUrl()Ljava/lang/String; -> origin=OTHER element=KtParameter descriptor=IrBasedPropertyGetterDescriptor: FUN DEFAULT_PROPERTY_ACCESSOR name:<get-imageUrl> visibility:public modality:FINAL <> ($this:com.leo.paleorecipes.data.Recipe) returnType:kotlin.String
i: [kapt] method getCategory()Ljava/lang/String; -> origin=OTHER element=KtParameter descriptor=IrBasedPropertyGetterDescriptor: FUN DEFAULT_PROPERTY_ACCESSOR name:<get-category> visibility:public modality:FINAL <> ($this:com.leo.paleorecipes.data.Recipe) returnType:kotlin.String
i: [kapt] method getDifficulty()Ljava/lang/String; -> origin=OTHER element=KtParameter descriptor=IrBasedPropertyGetterDescriptor: FUN DEFAULT_PROPERTY_ACCESSOR name:<get-difficulty> visibility:public modality:FINAL <> ($this:com.leo.paleorecipes.data.Recipe) returnType:kotlin.String
i: [kapt] method getNotes()Ljava/lang/String; -> origin=OTHER element=KtParameter descriptor=IrBasedPropertyGetterDescriptor: FUN DEFAULT_PROPERTY_ACCESSOR name:<get-notes> visibility:public modality:FINAL <> ($this:com.leo.paleorecipes.data.Recipe) returnType:kotlin.String
i: [kapt] method isUserCreated()Z -> origin=OTHER element=KtParameter descriptor=IrBasedPropertyGetterDescriptor: FUN DEFAULT_PROPERTY_ACCESSOR name:<get-isUserCreated> visibility:public modality:FINAL <> ($this:com.leo.paleorecipes.data.Recipe) returnType:kotlin.Boolean
i: [kapt] method isFavorite()Z -> origin=OTHER element=KtParameter descriptor=IrBasedPropertyGetterDescriptor: FUN DEFAULT_PROPERTY_ACCESSOR name:<get-isFavorite> visibility:public modality:FINAL <> ($this:com.leo.paleorecipes.data.Recipe) returnType:kotlin.Boolean
i: [kapt] method getDateAdded()J -> origin=OTHER element=KtParameter descriptor=IrBasedPropertyGetterDescriptor: FUN DEFAULT_PROPERTY_ACCESSOR name:<get-dateAdded> visibility:public modality:FINAL <> ($this:com.leo.paleorecipes.data.Recipe) returnType:kotlin.Long
i: [kapt] method getTotalTime()I -> origin=OTHER element=KtPropertyAccessor descriptor=IrBasedPropertyGetterDescriptor: FUN name:<get-totalTime> visibility:public modality:FINAL <> ($this:com.leo.paleorecipes.data.Recipe) returnType:kotlin.Int
i: [kapt] method hasValidImageUrl()Z -> origin=OTHER element=KtNamedFunction descriptor=IrBasedSimpleFunctionDescriptor: FUN name:hasValidImageUrl visibility:public modality:FINAL <> ($this:com.leo.paleorecipes.data.Recipe) returnType:kotlin.Boolean
i: [kapt] method toMap()Ljava/util/Map; -> origin=OTHER element=KtNamedFunction descriptor=IrBasedSimpleFunctionDescriptor: FUN name:toMap visibility:public modality:FINAL <> ($this:com.leo.paleorecipes.data.Recipe) returnType:kotlin.collections.Map<kotlin.String, kotlin.Any?>
i: [kapt] method describeContents()I -> origin=OTHER element=KtNamedFunction descriptor=IrBasedSimpleFunctionDescriptor: FUN name:describeContents visibility:public modality:OPEN <> ($this:com.leo.paleorecipes.data.Recipe) returnType:kotlin.Int
i: [kapt] method writeToParcel(Landroid/os/Parcel;I)V -> origin=OTHER element=KtNamedFunction descriptor=IrBasedSimpleFunctionDescriptor: FUN name:writeToParcel visibility:public modality:OPEN <> ($this:com.leo.paleorecipes.data.Recipe, dest:android.os.Parcel, flags:kotlin.Int) returnType:kotlin.Unit
i: [kapt] method component1()J -> origin=OTHER element=null descriptor=IrBasedSimpleFunctionDescriptor: FUN GENERATED_DATA_CLASS_MEMBER name:component1 visibility:public modality:FINAL <> ($this:com.leo.paleorecipes.data.Recipe) returnType:kotlin.Long [operator]
i: [kapt] method component2()Ljava/lang/String; -> origin=OTHER element=null descriptor=IrBasedSimpleFunctionDescriptor: FUN GENERATED_DATA_CLASS_MEMBER name:component2 visibility:public modality:FINAL <> ($this:com.leo.paleorecipes.data.Recipe) returnType:kotlin.String [operator]
i: [kapt] method component3()Ljava/lang/String; -> origin=OTHER element=null descriptor=IrBasedSimpleFunctionDescriptor: FUN GENERATED_DATA_CLASS_MEMBER name:component3 visibility:public modality:FINAL <> ($this:com.leo.paleorecipes.data.Recipe) returnType:kotlin.String [operator]
i: [kapt] method component4()Ljava/util/List; -> origin=OTHER element=null descriptor=IrBasedSimpleFunctionDescriptor: FUN GENERATED_DATA_CLASS_MEMBER name:component4 visibility:public modality:FINAL <> ($this:com.leo.paleorecipes.data.Recipe) returnType:kotlin.collections.List<kotlin.String> [operator]
i: [kapt] method component5()Ljava/util/List; -> origin=OTHER element=null descriptor=IrBasedSimpleFunctionDescriptor: FUN GENERATED_DATA_CLASS_MEMBER name:component5 visibility:public modality:FINAL <> ($this:com.leo.paleorecipes.data.Recipe) returnType:kotlin.collections.List<kotlin.String> [operator]
i: [kapt] method component6()I -> origin=OTHER element=null descriptor=IrBasedSimpleFunctionDescriptor: FUN GENERATED_DATA_CLASS_MEMBER name:component6 visibility:public modality:FINAL <> ($this:com.leo.paleorecipes.data.Recipe) returnType:kotlin.Int [operator]
i: [kapt] method component7()I -> origin=OTHER element=null descriptor=IrBasedSimpleFunctionDescriptor: FUN GENERATED_DATA_CLASS_MEMBER name:component7 visibility:public modality:FINAL <> ($this:com.leo.paleorecipes.data.Recipe) returnType:kotlin.Int [operator]
i: [kapt] method component8()I -> origin=OTHER element=null descriptor=IrBasedSimpleFunctionDescriptor: FUN GENERATED_DATA_CLASS_MEMBER name:component8 visibility:public modality:FINAL <> ($this:com.leo.paleorecipes.data.Recipe) returnType:kotlin.Int [operator]
i: [kapt] method component9()Ljava/lang/String; -> origin=OTHER element=null descriptor=IrBasedSimpleFunctionDescriptor: FUN GENERATED_DATA_CLASS_MEMBER name:component9 visibility:public modality:FINAL <> ($this:com.leo.paleorecipes.data.Recipe) returnType:kotlin.String [operator]
i: [kapt] method component10()Ljava/lang/String; -> origin=OTHER element=null descriptor=IrBasedSimpleFunctionDescriptor: FUN GENERATED_DATA_CLASS_MEMBER name:component10 visibility:public modality:FINAL <> ($this:com.leo.paleorecipes.data.Recipe) returnType:kotlin.String [operator]
i: [kapt] method component11()Ljava/lang/String; -> origin=OTHER element=null descriptor=IrBasedSimpleFunctionDescriptor: FUN GENERATED_DATA_CLASS_MEMBER name:component11 visibility:public modality:FINAL <> ($this:com.leo.paleorecipes.data.Recipe) returnType:kotlin.String [operator]
i: [kapt] method component12()Ljava/lang/String; -> origin=OTHER element=null descriptor=IrBasedSimpleFunctionDescriptor: FUN GENERATED_DATA_CLASS_MEMBER name:component12 visibility:public modality:FINAL <> ($this:com.leo.paleorecipes.data.Recipe) returnType:kotlin.String [operator]
i: [kapt] method component13()Z -> origin=OTHER element=null descriptor=IrBasedSimpleFunctionDescriptor: FUN GENERATED_DATA_CLASS_MEMBER name:component13 visibility:public modality:FINAL <> ($this:com.leo.paleorecipes.data.Recipe) returnType:kotlin.Boolean [operator]
i: [kapt] method component14()Z -> origin=OTHER element=null descriptor=IrBasedSimpleFunctionDescriptor: FUN GENERATED_DATA_CLASS_MEMBER name:component14 visibility:public modality:FINAL <> ($this:com.leo.paleorecipes.data.Recipe) returnType:kotlin.Boolean [operator]
i: [kapt] method component15()J -> origin=OTHER element=null descriptor=IrBasedSimpleFunctionDescriptor: FUN GENERATED_DATA_CLASS_MEMBER name:component15 visibility:public modality:FINAL <> ($this:com.leo.paleorecipes.data.Recipe) returnType:kotlin.Long [operator]
i: [kapt] method copy(JLjava/lang/String;Ljava/lang/String;Ljava/util/List;Ljava/util/List;IIILjava/lang/String;Ljava/lang/String;Ljava/lang/String;Ljava/lang/String;ZZJ)Lcom/leo/paleorecipes/data/Recipe; -> origin=OTHER element=null descriptor=IrBasedSimpleFunctionDescriptor: FUN GENERATED_DATA_CLASS_MEMBER name:copy visibility:public modality:FINAL <> ($this:com.leo.paleorecipes.data.Recipe, id:kotlin.Long, title:kotlin.String, description:kotlin.String, ingredients:kotlin.collections.List<kotlin.String>, instructions:kotlin.collections.List<kotlin.String>, prepTime:kotlin.Int, cookTime:kotlin.Int, servings:kotlin.Int, imageUrl:kotlin.String, category:kotlin.String, difficulty:kotlin.String, notes:kotlin.String, isUserCreated:kotlin.Boolean, isFavorite:kotlin.Boolean, dateAdded:kotlin.Long) returnType:com.leo.paleorecipes.data.Recipe
i: [kapt] method toString()Ljava/lang/String; -> origin=OTHER element=null descriptor=IrBasedSimpleFunctionDescriptor: FUN GENERATED_DATA_CLASS_MEMBER name:toString visibility:public modality:OPEN <> ($this:com.leo.paleorecipes.data.Recipe) returnType:kotlin.String
i: [kapt] method hashCode()I -> origin=OTHER element=null descriptor=IrBasedSimpleFunctionDescriptor: FUN GENERATED_DATA_CLASS_MEMBER name:hashCode visibility:public modality:OPEN <> ($this:com.leo.paleorecipes.data.Recipe) returnType:kotlin.Int
i: [kapt] method equals(Ljava/lang/Object;)Z -> origin=OTHER element=null descriptor=IrBasedSimpleFunctionDescriptor: FUN GENERATED_DATA_CLASS_MEMBER name:equals visibility:public modality:OPEN <> ($this:com.leo.paleorecipes.data.Recipe, other:kotlin.Any?) returnType:kotlin.Boolean [operator]
i: [kapt] field CREATOR:Lcom/leo/paleorecipes/data/Recipe$CREATOR; -> origin=OTHER element=null descriptor=IrBasedFieldDescriptor: FIELD FIELD_FOR_OBJECT_INSTANCE name:CREATOR type:com.leo.paleorecipes.data.Recipe.CREATOR visibility:public [final,static]
i: [kapt] field id:J -> origin=OTHER element=KtParameter descriptor=IrBasedFieldDescriptor: FIELD PROPERTY_BACKING_FIELD name:id type:kotlin.Long visibility:private [final]
i: [kapt] field title:Ljava/lang/String; -> origin=OTHER element=KtParameter descriptor=IrBasedFieldDescriptor: FIELD PROPERTY_BACKING_FIELD name:title type:kotlin.String visibility:private [final]
i: [kapt] field description:Ljava/lang/String; -> origin=OTHER element=KtParameter descriptor=IrBasedFieldDescriptor: FIELD PROPERTY_BACKING_FIELD name:description type:kotlin.String visibility:private [final]
i: [kapt] field ingredients:Ljava/util/List; -> origin=OTHER element=KtParameter descriptor=IrBasedFieldDescriptor: FIELD PROPERTY_BACKING_FIELD name:ingredients type:kotlin.collections.List<kotlin.String> visibility:private [final]
i: [kapt] field instructions:Ljava/util/List; -> origin=OTHER element=KtParameter descriptor=IrBasedFieldDescriptor: FIELD PROPERTY_BACKING_FIELD name:instructions type:kotlin.collections.List<kotlin.String> visibility:private [final]
i: [kapt] field prepTime:I -> origin=OTHER element=KtParameter descriptor=IrBasedFieldDescriptor: FIELD PROPERTY_BACKING_FIELD name:prepTime type:kotlin.Int visibility:private [final]
i: [kapt] field cookTime:I -> origin=OTHER element=KtParameter descriptor=IrBasedFieldDescriptor: FIELD PROPERTY_BACKING_FIELD name:cookTime type:kotlin.Int visibility:private [final]
i: [kapt] field servings:I -> origin=OTHER element=KtParameter descriptor=IrBasedFieldDescriptor: FIELD PROPERTY_BACKING_FIELD name:servings type:kotlin.Int visibility:private [final]
i: [kapt] field imageUrl:Ljava/lang/String; -> origin=OTHER element=KtParameter descriptor=IrBasedFieldDescriptor: FIELD PROPERTY_BACKING_FIELD name:imageUrl type:kotlin.String visibility:private [final]
i: [kapt] field category:Ljava/lang/String; -> origin=OTHER element=KtParameter descriptor=IrBasedFieldDescriptor: FIELD PROPERTY_BACKING_FIELD name:category type:kotlin.String visibility:private [final]
i: [kapt] field difficulty:Ljava/lang/String; -> origin=OTHER element=KtParameter descriptor=IrBasedFieldDescriptor: FIELD PROPERTY_BACKING_FIELD name:difficulty type:kotlin.String visibility:private [final]
i: [kapt] field notes:Ljava/lang/String; -> origin=OTHER element=KtParameter descriptor=IrBasedFieldDescriptor: FIELD PROPERTY_BACKING_FIELD name:notes type:kotlin.String visibility:private [final]
i: [kapt] field isUserCreated:Z -> origin=OTHER element=KtParameter descriptor=IrBasedFieldDescriptor: FIELD PROPERTY_BACKING_FIELD name:isUserCreated type:kotlin.Boolean visibility:private [final]
i: [kapt] field isFavorite:Z -> origin=OTHER element=KtParameter descriptor=IrBasedFieldDescriptor: FIELD PROPERTY_BACKING_FIELD name:isFavorite type:kotlin.Boolean visibility:private [final]
i: [kapt] field dateAdded:J -> origin=OTHER element=KtParameter descriptor=IrBasedFieldDescriptor: FIELD PROPERTY_BACKING_FIELD name:dateAdded type:kotlin.Long visibility:private [final]
i: [kapt] class com/leo/paleorecipes/data/Recipe$CREATOR -> origin=OTHER element=KtObjectDeclaration descriptor=IrBasedClassDescriptor: CLASS OBJECT name:CREATOR modality:FINAL visibility:public [companion] superTypes:[android.os.Parcelable.Creator<com.leo.paleorecipes.data.Recipe>]
i: [kapt] method <init>()V -> origin=OTHER element=KtObjectDeclaration descriptor=IrBasedClassConstructorDescriptor: CONSTRUCTOR visibility:private <> () returnType:com.leo.paleorecipes.data.Recipe.CREATOR [primary]
i: [kapt] method createFromParcel(Landroid/os/Parcel;)Lcom/leo/paleorecipes/data/Recipe; -> origin=OTHER element=KtNamedFunction descriptor=IrBasedSimpleFunctionDescriptor: FUN name:createFromParcel visibility:public modality:OPEN <> ($this:com.leo.paleorecipes.data.Recipe.CREATOR, parcel:android.os.Parcel) returnType:com.leo.paleorecipes.data.Recipe
i: [kapt] method newArray(I)[Lcom/leo/paleorecipes/data/Recipe; -> origin=OTHER element=KtNamedFunction descriptor=IrBasedSimpleFunctionDescriptor: FUN name:newArray visibility:public modality:OPEN <> ($this:com.leo.paleorecipes.data.Recipe.CREATOR, size:kotlin.Int) returnType:kotlin.Array<com.leo.paleorecipes.data.Recipe?>
i: [kapt] method createFromParcel(Landroid/os/Parcel;)Ljava/lang/Object; -> origin=OTHER element=null descriptor=IrBasedSimpleFunctionDescriptor: FUN BRIDGE name:createFromParcel visibility:public modality:OPEN <> ($this:com.leo.paleorecipes.data.Recipe.CREATOR, p0:@[FlexibleNullability] android.os.Parcel?) returnType:kotlin.Any?
i: [kapt] method newArray(I)[Ljava/lang/Object; -> origin=OTHER element=null descriptor=IrBasedSimpleFunctionDescriptor: FUN BRIDGE name:newArray visibility:public modality:OPEN <> ($this:com.leo.paleorecipes.data.Recipe.CREATOR, p0:kotlin.Int) returnType:@[FlexibleNullability] kotlin.Array<out kotlin.Any?>?
i: [kapt] method <init>(Lkotlin/jvm/internal/DefaultConstructorMarker;)V -> origin=OTHER element=null descriptor=IrBasedClassConstructorDescriptor: CONSTRUCTOR SYNTHETIC_ACCESSOR visibility:public <> ($constructor_marker:kotlin.jvm.internal.DefaultConstructorMarker?) returnType:com.leo.paleorecipes.data.Recipe.CREATOR
i: [kapt] class com/leo/paleorecipes/data/RecipeDao -> origin=OTHER element=KtClass descriptor=IrBasedClassDescriptor: CLASS INTERFACE name:RecipeDao modality:ABSTRACT visibility:public superTypes:[kotlin.Any]
i: [kapt] method insert(Lcom/leo/paleorecipes/data/Recipe;Lkotlin/coroutines/Continuation;)Ljava/lang/Object; -> origin=OTHER element=KtNamedFunction descriptor=IrBasedSimpleFunctionDescriptor: FUN name:insert visibility:public modality:ABSTRACT <> ($this:com.leo.paleorecipes.data.RecipeDao, recipe:com.leo.paleorecipes.data.Recipe, $completion:kotlin.coroutines.Continuation<kotlin.Long>) returnType:kotlin.Any? [suspend]
i: [kapt] method insertAll(Ljava/util/List;Lkotlin/coroutines/Continuation;)Ljava/lang/Object; -> origin=OTHER element=KtNamedFunction descriptor=IrBasedSimpleFunctionDescriptor: FUN name:insertAll visibility:public modality:ABSTRACT <> ($this:com.leo.paleorecipes.data.RecipeDao, recipes:kotlin.collections.List<com.leo.paleorecipes.data.Recipe>, $completion:kotlin.coroutines.Continuation<kotlin.collections.List<kotlin.Long>>) returnType:kotlin.Any? [suspend]
i: [kapt] method update(Lcom/leo/paleorecipes/data/Recipe;Lkotlin/coroutines/Continuation;)Ljava/lang/Object; -> origin=OTHER element=KtNamedFunction descriptor=IrBasedSimpleFunctionDescriptor: FUN name:update visibility:public modality:ABSTRACT <> ($this:com.leo.paleorecipes.data.RecipeDao, recipe:com.leo.paleorecipes.data.Recipe, $completion:kotlin.coroutines.Continuation<kotlin.Int>) returnType:kotlin.Any? [suspend]
i: [kapt] method updateAll(Ljava/util/List;Lkotlin/coroutines/Continuation;)Ljava/lang/Object; -> origin=OTHER element=KtNamedFunction descriptor=IrBasedSimpleFunctionDescriptor: FUN name:updateAll visibility:public modality:ABSTRACT <> ($this:com.leo.paleorecipes.data.RecipeDao, recipes:kotlin.collections.List<com.leo.paleorecipes.data.Recipe>, $completion:kotlin.coroutines.Continuation<kotlin.Int>) returnType:kotlin.Any? [suspend]
i: [kapt] method delete(JLkotlin/coroutines/Continuation;)Ljava/lang/Object; -> origin=OTHER element=KtNamedFunction descriptor=IrBasedSimpleFunctionDescriptor: FUN name:delete visibility:public modality:ABSTRACT <> ($this:com.leo.paleorecipes.data.RecipeDao, id:kotlin.Long, $completion:kotlin.coroutines.Continuation<kotlin.Int>) returnType:kotlin.Any? [suspend]
i: [kapt] method deleteById(JLkotlin/coroutines/Continuation;)Ljava/lang/Object; -> origin=OTHER element=KtNamedFunction descriptor=IrBasedSimpleFunctionDescriptor: FUN name:deleteById visibility:public modality:ABSTRACT <> ($this:com.leo.paleorecipes.data.RecipeDao, recipeId:kotlin.Long, $completion:kotlin.coroutines.Continuation<kotlin.Int>) returnType:kotlin.Any? [suspend]
i: [kapt] method deleteAll(Lkotlin/coroutines/Continuation;)Ljava/lang/Object; -> origin=OTHER element=KtNamedFunction descriptor=IrBasedSimpleFunctionDescriptor: FUN name:deleteAll visibility:public modality:ABSTRACT <> ($this:com.leo.paleorecipes.data.RecipeDao, $completion:kotlin.coroutines.Continuation<kotlin.Int>) returnType:kotlin.Any? [suspend]
i: [kapt] method getAllPaleoRecipes()Lkotlinx/coroutines/flow/Flow; -> origin=OTHER element=KtNamedFunction descriptor=IrBasedSimpleFunctionDescriptor: FUN name:getAllPaleoRecipes visibility:public modality:ABSTRACT <> ($this:com.leo.paleorecipes.data.RecipeDao) returnType:kotlinx.coroutines.flow.Flow<kotlin.collections.List<com.leo.paleorecipes.data.Recipe>>
i: [kapt] method getAllUserRecipes()Lkotlinx/coroutines/flow/Flow; -> origin=OTHER element=KtNamedFunction descriptor=IrBasedSimpleFunctionDescriptor: FUN name:getAllUserRecipes visibility:public modality:ABSTRACT <> ($this:com.leo.paleorecipes.data.RecipeDao) returnType:kotlinx.coroutines.flow.Flow<kotlin.collections.List<com.leo.paleorecipes.data.Recipe>>
i: [kapt] method getRecipeById(JLkotlin/coroutines/Continuation;)Ljava/lang/Object; -> origin=OTHER element=KtNamedFunction descriptor=IrBasedSimpleFunctionDescriptor: FUN name:getRecipeById visibility:public modality:ABSTRACT <> ($this:com.leo.paleorecipes.data.RecipeDao, id:kotlin.Long, $completion:kotlin.coroutines.Continuation<com.leo.paleorecipes.data.Recipe?>) returnType:kotlin.Any? [suspend]
i: [kapt] method searchRecipes(Ljava/lang/String;)Lkotlinx/coroutines/flow/Flow; -> origin=OTHER element=KtNamedFunction descriptor=IrBasedSimpleFunctionDescriptor: FUN name:searchRecipes visibility:public modality:ABSTRACT <> ($this:com.leo.paleorecipes.data.RecipeDao, query:kotlin.String) returnType:kotlinx.coroutines.flow.Flow<kotlin.collections.List<com.leo.paleorecipes.data.Recipe>>
i: [kapt] method observeRecipeById(J)Lkotlinx/coroutines/flow/Flow; -> origin=OTHER element=KtNamedFunction descriptor=IrBasedSimpleFunctionDescriptor: FUN name:observeRecipeById visibility:public modality:ABSTRACT <> ($this:com.leo.paleorecipes.data.RecipeDao, recipeId:kotlin.Long) returnType:kotlinx.coroutines.flow.Flow<com.leo.paleorecipes.data.Recipe?>
i: [kapt] method getFavoriteRecipes()Lkotlinx/coroutines/flow/Flow; -> origin=OTHER element=KtNamedFunction descriptor=IrBasedSimpleFunctionDescriptor: FUN name:getFavoriteRecipes visibility:public modality:ABSTRACT <> ($this:com.leo.paleorecipes.data.RecipeDao) returnType:kotlinx.coroutines.flow.Flow<kotlin.collections.List<com.leo.paleorecipes.data.Recipe>>
i: [kapt] method searchUserRecipes(Ljava/lang/String;)Lkotlinx/coroutines/flow/Flow; -> origin=OTHER element=KtNamedFunction descriptor=IrBasedSimpleFunctionDescriptor: FUN name:searchUserRecipes visibility:public modality:ABSTRACT <> ($this:com.leo.paleorecipes.data.RecipeDao, query:kotlin.String) returnType:kotlinx.coroutines.flow.Flow<kotlin.collections.List<com.leo.paleorecipes.data.Recipe>>
i: [kapt] method searchPaleoRecipes(Ljava/lang/String;)Lkotlinx/coroutines/flow/Flow; -> origin=OTHER element=KtNamedFunction descriptor=IrBasedSimpleFunctionDescriptor: FUN name:searchPaleoRecipes visibility:public modality:ABSTRACT <> ($this:com.leo.paleorecipes.data.RecipeDao, query:kotlin.String) returnType:kotlinx.coroutines.flow.Flow<kotlin.collections.List<com.leo.paleorecipes.data.Recipe>>
i: [kapt] method searchAllRecipes(Ljava/lang/String;)Lkotlinx/coroutines/flow/Flow; -> origin=OTHER element=KtNamedFunction descriptor=IrBasedSimpleFunctionDescriptor: FUN name:searchAllRecipes visibility:public modality:ABSTRACT <> ($this:com.leo.paleorecipes.data.RecipeDao, query:kotlin.String) returnType:kotlinx.coroutines.flow.Flow<kotlin.collections.List<com.leo.paleorecipes.data.Recipe>>
i: [kapt] method getAllRecipesSync(Lkotlin/coroutines/Continuation;)Ljava/lang/Object; -> origin=OTHER element=KtNamedFunction descriptor=IrBasedSimpleFunctionDescriptor: FUN name:getAllRecipesSync visibility:public modality:ABSTRACT <> ($this:com.leo.paleorecipes.data.RecipeDao, $completion:kotlin.coroutines.Continuation<kotlin.collections.List<com.leo.paleorecipes.data.Recipe>>) returnType:kotlin.Any? [suspend]
i: [kapt] method insertWithTransaction(Lcom/leo/paleorecipes/data/Recipe;Lkotlin/coroutines/Continuation;)Ljava/lang/Object; -> origin=OTHER element=KtNamedFunction descriptor=IrBasedSimpleFunctionDescriptor: FUN name:insertWithTransaction visibility:public modality:OPEN <> ($this:com.leo.paleorecipes.data.RecipeDao, recipe:com.leo.paleorecipes.data.Recipe, $completion:kotlin.coroutines.Continuation<kotlin.Long>) returnType:kotlin.Any? [suspend]
i: [kapt] method insertWithTransaction$suspendImpl(Lcom/leo/paleorecipes/data/RecipeDao;Lcom/leo/paleorecipes/data/Recipe;Lkotlin/coroutines/Continuation;)Ljava/lang/Object; -> origin=OTHER element=KtNamedFunction descriptor=IrBasedSimpleFunctionDescriptor: FUN SUSPEND_IMPL_STATIC_FUNCTION name:insertWithTransaction$suspendImpl visibility:public modality:OPEN <> ($this:com.leo.paleorecipes.data.RecipeDao, recipe:com.leo.paleorecipes.data.Recipe, $completion:kotlin.coroutines.Continuation<kotlin.Long>) returnType:kotlin.Any? [suspend]
i: [kapt] method updateWithTransaction(Lcom/leo/paleorecipes/data/Recipe;Lkotlin/coroutines/Continuation;)Ljava/lang/Object; -> origin=OTHER element=KtNamedFunction descriptor=IrBasedSimpleFunctionDescriptor: FUN name:updateWithTransaction visibility:public modality:OPEN <> ($this:com.leo.paleorecipes.data.RecipeDao, recipe:com.leo.paleorecipes.data.Recipe, $completion:kotlin.coroutines.Continuation<kotlin.Int>) returnType:kotlin.Any? [suspend]
i: [kapt] method updateWithTransaction$suspendImpl(Lcom/leo/paleorecipes/data/RecipeDao;Lcom/leo/paleorecipes/data/Recipe;Lkotlin/coroutines/Continuation;)Ljava/lang/Object; -> origin=OTHER element=KtNamedFunction descriptor=IrBasedSimpleFunctionDescriptor: FUN SUSPEND_IMPL_STATIC_FUNCTION name:updateWithTransaction$suspendImpl visibility:public modality:OPEN <> ($this:com.leo.paleorecipes.data.RecipeDao, recipe:com.leo.paleorecipes.data.Recipe, $completion:kotlin.coroutines.Continuation<kotlin.Int>) returnType:kotlin.Any? [suspend]
i: [kapt] method deleteWithTransaction(JLkotlin/coroutines/Continuation;)Ljava/lang/Object; -> origin=OTHER element=KtNamedFunction descriptor=IrBasedSimpleFunctionDescriptor: FUN name:deleteWithTransaction visibility:public modality:OPEN <> ($this:com.leo.paleorecipes.data.RecipeDao, recipeId:kotlin.Long, $completion:kotlin.coroutines.Continuation<kotlin.Int>) returnType:kotlin.Any? [suspend]
i: [kapt] method deleteWithTransaction$suspendImpl(Lcom/leo/paleorecipes/data/RecipeDao;JLkotlin/coroutines/Continuation;)Ljava/lang/Object; -> origin=OTHER element=KtNamedFunction descriptor=IrBasedSimpleFunctionDescriptor: FUN SUSPEND_IMPL_STATIC_FUNCTION name:deleteWithTransaction$suspendImpl visibility:public modality:OPEN <> ($this:com.leo.paleorecipes.data.RecipeDao, recipeId:kotlin.Long, $completion:kotlin.coroutines.Continuation<kotlin.Int>) returnType:kotlin.Any? [suspend]
i: [kapt] class com/leo/paleorecipes/data/RecipeMapper -> origin=OTHER element=KtObjectDeclaration descriptor=IrBasedClassDescriptor: CLASS OBJECT name:RecipeMapper modality:FINAL visibility:public superTypes:[kotlin.Any]
i: [kapt] method <init>()V -> origin=OTHER element=KtObjectDeclaration descriptor=IrBasedClassConstructorDescriptor: CONSTRUCTOR visibility:private <> () returnType:com.leo.paleorecipes.data.RecipeMapper [primary]
i: [kapt] method mapApiResponseToData(Lcom/leo/paleorecipes/data/api/model/ApiRecipe;Lcom/leo/paleorecipes/data/api/model/ApiRecipeDetail;)Lcom/leo/paleorecipes/data/Recipe; -> origin=OTHER element=KtNamedFunction descriptor=IrBasedSimpleFunctionDescriptor: FUN name:mapApiResponseToData visibility:public modality:FINAL <> ($this:com.leo.paleorecipes.data.RecipeMapper, apiRecipe:com.leo.paleorecipes.data.api.model.ApiRecipe, details:com.leo.paleorecipes.data.api.model.ApiRecipeDetail?) returnType:com.leo.paleorecipes.data.Recipe
i: [kapt] method mapApiResponseToData$default(Lcom/leo/paleorecipes/data/RecipeMapper;Lcom/leo/paleorecipes/data/api/model/ApiRecipe;Lcom/leo/paleorecipes/data/api/model/ApiRecipeDetail;ILjava/lang/Object;)Lcom/leo/paleorecipes/data/Recipe; -> origin=OTHER element=KtNamedFunction descriptor=IrBasedSimpleFunctionDescriptor: FUN FUNCTION_FOR_DEFAULT_PARAMETER name:mapApiResponseToData$default visibility:public modality:FINAL <> ($this:com.leo.paleorecipes.data.RecipeMapper, apiRecipe:com.leo.paleorecipes.data.api.model.ApiRecipe, details:com.leo.paleorecipes.data.api.model.ApiRecipeDetail?, $mask0:kotlin.Int, $handler:kotlin.Any?) returnType:com.leo.paleorecipes.data.Recipe
i: [kapt] method mapDataToApi(Lcom/leo/paleorecipes/data/Recipe;)Lcom/leo/paleorecipes/data/api/model/ApiRecipe; -> origin=OTHER element=KtNamedFunction descriptor=IrBasedSimpleFunctionDescriptor: FUN name:mapDataToApi visibility:public modality:FINAL <> ($this:com.leo.paleorecipes.data.RecipeMapper, recipe:com.leo.paleorecipes.data.Recipe) returnType:com.leo.paleorecipes.data.api.model.ApiRecipe
i: [kapt] method <clinit>()V -> origin=OTHER element=KtObjectDeclaration descriptor=IrBasedSimpleFunctionDescriptor: FUN CLASS_STATIC_INITIALIZER name:<clinit> visibility:public/*package*/ modality:FINAL <> () returnType:kotlin.Unit
i: [kapt] field INSTANCE:Lcom/leo/paleorecipes/data/RecipeMapper; -> origin=OTHER element=null descriptor=IrBasedFieldDescriptor: FIELD FIELD_FOR_OBJECT_INSTANCE name:INSTANCE type:com.leo.paleorecipes.data.RecipeMapper visibility:public [final,static]
i: [kapt] class com/leo/paleorecipes/data/api/ApiClient -> origin=OTHER element=KtClass descriptor=IrBasedClassDescriptor: CLASS CLASS name:ApiClient modality:FINAL visibility:public superTypes:[kotlin.Any]
i: [kapt] method <init>(Lcom/leo/paleorecipes/data/api/SpoonacularApiService;)V -> origin=OTHER element=KtClass descriptor=IrBasedClassConstructorDescriptor: CONSTRUCTOR visibility:public <> (spoonacularService:com.leo.paleorecipes.data.api.SpoonacularApiService) returnType:com.leo.paleorecipes.data.api.ApiClient [primary]
i: [kapt] method searchRecipesByIngredients(Ljava/lang/String;IZILkotlin/coroutines/Continuation;)Ljava/lang/Object; -> origin=OTHER element=KtNamedFunction descriptor=IrBasedSimpleFunctionDescriptor: FUN name:searchRecipesByIngredients visibility:public modality:FINAL <> ($this:com.leo.paleorecipes.data.api.ApiClient, ingredients:kotlin.String, number:kotlin.Int, ignorePantry:kotlin.Boolean, ranking:kotlin.Int, $completion:kotlin.coroutines.Continuation<kotlin.collections.List<com.leo.paleorecipes.data.api.model.ApiRecipe>>) returnType:kotlin.Any? [suspend]
i: [kapt] method searchRecipesByIngredients$default(Lcom/leo/paleorecipes/data/api/ApiClient;Ljava/lang/String;IZILkotlin/coroutines/Continuation;ILjava/lang/Object;)Ljava/lang/Object; -> origin=OTHER element=KtNamedFunction descriptor=IrBasedSimpleFunctionDescriptor: FUN FUNCTION_FOR_DEFAULT_PARAMETER name:searchRecipesByIngredients$default visibility:public modality:FINAL <> ($this:com.leo.paleorecipes.data.api.ApiClient, ingredients:kotlin.String, number:kotlin.Int, ignorePantry:kotlin.Boolean, ranking:kotlin.Int, $completion:kotlin.coroutines.Continuation<kotlin.collections.List<com.leo.paleorecipes.data.api.model.ApiRecipe>>, $mask0:kotlin.Int, $handler:kotlin.Any?) returnType:kotlin.Any? [suspend]
i: [kapt] method getRecipeInformation(JZLkotlin/coroutines/Continuation;)Ljava/lang/Object; -> origin=OTHER element=KtNamedFunction descriptor=IrBasedSimpleFunctionDescriptor: FUN name:getRecipeInformation visibility:public modality:FINAL <> ($this:com.leo.paleorecipes.data.api.ApiClient, id:kotlin.Long, includeNutrition:kotlin.Boolean, $completion:kotlin.coroutines.Continuation<com.leo.paleorecipes.data.api.model.ApiRecipeDetail>) returnType:kotlin.Any? [suspend]
i: [kapt] method getRecipeInformation$default(Lcom/leo/paleorecipes/data/api/ApiClient;JZLkotlin/coroutines/Continuation;ILjava/lang/Object;)Ljava/lang/Object; -> origin=OTHER element=KtNamedFunction descriptor=IrBasedSimpleFunctionDescriptor: FUN FUNCTION_FOR_DEFAULT_PARAMETER name:getRecipeInformation$default visibility:public modality:FINAL <> ($this:com.leo.paleorecipes.data.api.ApiClient, id:kotlin.Long, includeNutrition:kotlin.Boolean, $completion:kotlin.coroutines.Continuation<com.leo.paleorecipes.data.api.model.ApiRecipeDetail>, $mask0:kotlin.Int, $handler:kotlin.Any?) returnType:kotlin.Any? [suspend]
i: [kapt] method getApiService()Lcom/leo/paleorecipes/data/api/SpoonacularApiService; -> origin=OTHER element=KtNamedFunction descriptor=IrBasedSimpleFunctionDescriptor: FUN name:getApiService visibility:public modality:FINAL <> ($this:com.leo.paleorecipes.data.api.ApiClient) returnType:com.leo.paleorecipes.data.api.SpoonacularApiService
i: [kapt] field Companion:Lcom/leo/paleorecipes/data/api/ApiClient$Companion; -> origin=OTHER element=null descriptor=IrBasedFieldDescriptor: FIELD FIELD_FOR_OBJECT_INSTANCE name:Companion type:com.leo.paleorecipes.data.api.ApiClient.Companion visibility:public [final,static]
i: [kapt] field spoonacularService:Lcom/leo/paleorecipes/data/api/SpoonacularApiService; -> origin=OTHER element=KtParameter descriptor=IrBasedFieldDescriptor: FIELD PROPERTY_BACKING_FIELD name:spoonacularService type:com.leo.paleorecipes.data.api.SpoonacularApiService visibility:private [final]
i: [kapt] field API_KEY:Ljava/lang/String; -> origin=OTHER element=KtProperty descriptor=IrBasedFieldDescriptor: FIELD COMPANION_PROPERTY_BACKING_FIELD name:API_KEY type:kotlin.String visibility:public [final,static]
i: [kapt] class com/leo/paleorecipes/data/api/ApiClient$Companion -> origin=OTHER element=KtObjectDeclaration descriptor=IrBasedClassDescriptor: CLASS OBJECT name:Companion modality:FINAL visibility:public [companion] superTypes:[kotlin.Any]
i: [kapt] method <init>()V -> origin=OTHER element=KtObjectDeclaration descriptor=IrBasedClassConstructorDescriptor: CONSTRUCTOR visibility:private <> () returnType:com.leo.paleorecipes.data.api.ApiClient.Companion [primary]
i: [kapt] method <init>(Lkotlin/jvm/internal/DefaultConstructorMarker;)V -> origin=OTHER element=null descriptor=IrBasedClassConstructorDescriptor: CONSTRUCTOR SYNTHETIC_ACCESSOR visibility:public <> ($constructor_marker:kotlin.jvm.internal.DefaultConstructorMarker?) returnType:com.leo.paleorecipes.data.api.ApiClient.Companion
i: [kapt] class com/leo/paleorecipes/data/api/SpoonacularApiService -> origin=OTHER element=KtClass descriptor=IrBasedClassDescriptor: CLASS INTERFACE name:SpoonacularApiService modality:ABSTRACT visibility:public superTypes:[kotlin.Any]
i: [kapt] method searchRecipesByIngredients(Ljava/lang/String;ILjava/lang/String;ZILkotlin/coroutines/Continuation;)Ljava/lang/Object; -> origin=OTHER element=KtNamedFunction descriptor=IrBasedSimpleFunctionDescriptor: FUN name:searchRecipesByIngredients visibility:public modality:ABSTRACT <> ($this:com.leo.paleorecipes.data.api.SpoonacularApiService, ingredients:kotlin.String, number:kotlin.Int, apiKey:kotlin.String, ignorePantry:kotlin.Boolean, ranking:kotlin.Int, $completion:kotlin.coroutines.Continuation<kotlin.collections.List<com.leo.paleorecipes.data.api.model.ApiRecipe>>) returnType:kotlin.Any? [suspend]
i: [kapt] method searchRecipesByIngredients$default(Lcom/leo/paleorecipes/data/api/SpoonacularApiService;Ljava/lang/String;ILjava/lang/String;ZILkotlin/coroutines/Continuation;ILjava/lang/Object;)Ljava/lang/Object; -> origin=OTHER element=KtNamedFunction descriptor=IrBasedSimpleFunctionDescriptor: FUN FUNCTION_FOR_DEFAULT_PARAMETER name:searchRecipesByIngredients$default visibility:public modality:FINAL <> ($this:com.leo.paleorecipes.data.api.SpoonacularApiService, ingredients:kotlin.String, number:kotlin.Int, apiKey:kotlin.String, ignorePantry:kotlin.Boolean, ranking:kotlin.Int, $completion:kotlin.coroutines.Continuation<kotlin.collections.List<com.leo.paleorecipes.data.api.model.ApiRecipe>>, $mask0:kotlin.Int, $handler:kotlin.Any?) returnType:kotlin.Any? [suspend]
i: [kapt] method getRecipeInformation(JLjava/lang/String;ZLkotlin/coroutines/Continuation;)Ljava/lang/Object; -> origin=OTHER element=KtNamedFunction descriptor=IrBasedSimpleFunctionDescriptor: FUN name:getRecipeInformation visibility:public modality:ABSTRACT <> ($this:com.leo.paleorecipes.data.api.SpoonacularApiService, id:kotlin.Long, apiKey:kotlin.String, includeNutrition:kotlin.Boolean, $completion:kotlin.coroutines.Continuation<com.leo.paleorecipes.data.api.model.ApiRecipeDetail>) returnType:kotlin.Any? [suspend]
i: [kapt] method getRecipeInformation$default(Lcom/leo/paleorecipes/data/api/SpoonacularApiService;JLjava/lang/String;ZLkotlin/coroutines/Continuation;ILjava/lang/Object;)Ljava/lang/Object; -> origin=OTHER element=KtNamedFunction descriptor=IrBasedSimpleFunctionDescriptor: FUN FUNCTION_FOR_DEFAULT_PARAMETER name:getRecipeInformation$default visibility:public modality:FINAL <> ($this:com.leo.paleorecipes.data.api.SpoonacularApiService, id:kotlin.Long, apiKey:kotlin.String, includeNutrition:kotlin.Boolean, $completion:kotlin.coroutines.Continuation<com.leo.paleorecipes.data.api.model.ApiRecipeDetail>, $mask0:kotlin.Int, $handler:kotlin.Any?) returnType:kotlin.Any? [suspend]
i: [kapt] class com/leo/paleorecipes/data/api/model/ApiRecipe -> origin=OTHER element=KtClass descriptor=IrBasedClassDescriptor: CLASS CLASS name:ApiRecipe modality:FINAL visibility:public [data] superTypes:[kotlin.Any]
i: [kapt] method <init>(JLjava/lang/String;Ljava/lang/String;Ljava/util/List;Ljava/util/List;Ljava/util/List;Ljava/lang/Integer;Ljava/lang/Integer;)V -> origin=OTHER element=KtClass descriptor=IrBasedClassConstructorDescriptor: CONSTRUCTOR visibility:public <> (id:kotlin.Long, title:kotlin.String, image:kotlin.String?, usedIngredients:kotlin.collections.List<com.leo.paleorecipes.data.api.model.ApiIngredient>?, missedIngredients:kotlin.collections.List<com.leo.paleorecipes.data.api.model.ApiIngredient>?, unusedIngredients:kotlin.collections.List<com.leo.paleorecipes.data.api.model.ApiIngredient>?, readyInMinutes:kotlin.Int?, servings:kotlin.Int?) returnType:com.leo.paleorecipes.data.api.model.ApiRecipe [primary]
i: [kapt] method <init>(JLjava/lang/String;Ljava/lang/String;Ljava/util/List;Ljava/util/List;Ljava/util/List;Ljava/lang/Integer;Ljava/lang/Integer;ILkotlin/jvm/internal/DefaultConstructorMarker;)V -> origin=OTHER element=KtClass descriptor=IrBasedClassConstructorDescriptor: CONSTRUCTOR FUNCTION_FOR_DEFAULT_PARAMETER visibility:public <> (id:kotlin.Long, title:kotlin.String, image:kotlin.String?, usedIngredients:kotlin.collections.List<com.leo.paleorecipes.data.api.model.ApiIngredient>?, missedIngredients:kotlin.collections.List<com.leo.paleorecipes.data.api.model.ApiIngredient>?, unusedIngredients:kotlin.collections.List<com.leo.paleorecipes.data.api.model.ApiIngredient>?, readyInMinutes:kotlin.Int?, servings:kotlin.Int?, $mask0:kotlin.Int, $marker:kotlin.jvm.internal.DefaultConstructorMarker?) returnType:com.leo.paleorecipes.data.api.model.ApiRecipe
i: [kapt] method getId()J -> origin=OTHER element=KtParameter descriptor=IrBasedPropertyGetterDescriptor: FUN DEFAULT_PROPERTY_ACCESSOR name:<get-id> visibility:public modality:FINAL <> ($this:com.leo.paleorecipes.data.api.model.ApiRecipe) returnType:kotlin.Long
i: [kapt] method getTitle()Ljava/lang/String; -> origin=OTHER element=KtParameter descriptor=IrBasedPropertyGetterDescriptor: FUN DEFAULT_PROPERTY_ACCESSOR name:<get-title> visibility:public modality:FINAL <> ($this:com.leo.paleorecipes.data.api.model.ApiRecipe) returnType:kotlin.String
i: [kapt] method getImage()Ljava/lang/String; -> origin=OTHER element=KtParameter descriptor=IrBasedPropertyGetterDescriptor: FUN DEFAULT_PROPERTY_ACCESSOR name:<get-image> visibility:public modality:FINAL <> ($this:com.leo.paleorecipes.data.api.model.ApiRecipe) returnType:kotlin.String?
i: [kapt] method getUsedIngredients()Ljava/util/List; -> origin=OTHER element=KtParameter descriptor=IrBasedPropertyGetterDescriptor: FUN DEFAULT_PROPERTY_ACCESSOR name:<get-usedIngredients> visibility:public modality:FINAL <> ($this:com.leo.paleorecipes.data.api.model.ApiRecipe) returnType:kotlin.collections.List<com.leo.paleorecipes.data.api.model.ApiIngredient>?
i: [kapt] method getMissedIngredients()Ljava/util/List; -> origin=OTHER element=KtParameter descriptor=IrBasedPropertyGetterDescriptor: FUN DEFAULT_PROPERTY_ACCESSOR name:<get-missedIngredients> visibility:public modality:FINAL <> ($this:com.leo.paleorecipes.data.api.model.ApiRecipe) returnType:kotlin.collections.List<com.leo.paleorecipes.data.api.model.ApiIngredient>?
i: [kapt] method getUnusedIngredients()Ljava/util/List; -> origin=OTHER element=KtParameter descriptor=IrBasedPropertyGetterDescriptor: FUN DEFAULT_PROPERTY_ACCESSOR name:<get-unusedIngredients> visibility:public modality:FINAL <> ($this:com.leo.paleorecipes.data.api.model.ApiRecipe) returnType:kotlin.collections.List<com.leo.paleorecipes.data.api.model.ApiIngredient>?
i: [kapt] method getReadyInMinutes()Ljava/lang/Integer; -> origin=OTHER element=KtParameter descriptor=IrBasedPropertyGetterDescriptor: FUN DEFAULT_PROPERTY_ACCESSOR name:<get-readyInMinutes> visibility:public modality:FINAL <> ($this:com.leo.paleorecipes.data.api.model.ApiRecipe) returnType:kotlin.Int?
i: [kapt] method getServings()Ljava/lang/Integer; -> origin=OTHER element=KtParameter descriptor=IrBasedPropertyGetterDescriptor: FUN DEFAULT_PROPERTY_ACCESSOR name:<get-servings> visibility:public modality:FINAL <> ($this:com.leo.paleorecipes.data.api.model.ApiRecipe) returnType:kotlin.Int?
i: [kapt] method component1()J -> origin=OTHER element=null descriptor=IrBasedSimpleFunctionDescriptor: FUN GENERATED_DATA_CLASS_MEMBER name:component1 visibility:public modality:FINAL <> ($this:com.leo.paleorecipes.data.api.model.ApiRecipe) returnType:kotlin.Long [operator]
i: [kapt] method component2()Ljava/lang/String; -> origin=OTHER element=null descriptor=IrBasedSimpleFunctionDescriptor: FUN GENERATED_DATA_CLASS_MEMBER name:component2 visibility:public modality:FINAL <> ($this:com.leo.paleorecipes.data.api.model.ApiRecipe) returnType:kotlin.String [operator]
i: [kapt] method component3()Ljava/lang/String; -> origin=OTHER element=null descriptor=IrBasedSimpleFunctionDescriptor: FUN GENERATED_DATA_CLASS_MEMBER name:component3 visibility:public modality:FINAL <> ($this:com.leo.paleorecipes.data.api.model.ApiRecipe) returnType:kotlin.String? [operator]
i: [kapt] method component4()Ljava/util/List; -> origin=OTHER element=null descriptor=IrBasedSimpleFunctionDescriptor: FUN GENERATED_DATA_CLASS_MEMBER name:component4 visibility:public modality:FINAL <> ($this:com.leo.paleorecipes.data.api.model.ApiRecipe) returnType:kotlin.collections.List<com.leo.paleorecipes.data.api.model.ApiIngredient>? [operator]
i: [kapt] method component5()Ljava/util/List; -> origin=OTHER element=null descriptor=IrBasedSimpleFunctionDescriptor: FUN GENERATED_DATA_CLASS_MEMBER name:component5 visibility:public modality:FINAL <> ($this:com.leo.paleorecipes.data.api.model.ApiRecipe) returnType:kotlin.collections.List<com.leo.paleorecipes.data.api.model.ApiIngredient>? [operator]
i: [kapt] method component6()Ljava/util/List; -> origin=OTHER element=null descriptor=IrBasedSimpleFunctionDescriptor: FUN GENERATED_DATA_CLASS_MEMBER name:component6 visibility:public modality:FINAL <> ($this:com.leo.paleorecipes.data.api.model.ApiRecipe) returnType:kotlin.collections.List<com.leo.paleorecipes.data.api.model.ApiIngredient>? [operator]
i: [kapt] method component7()Ljava/lang/Integer; -> origin=OTHER element=null descriptor=IrBasedSimpleFunctionDescriptor: FUN GENERATED_DATA_CLASS_MEMBER name:component7 visibility:public modality:FINAL <> ($this:com.leo.paleorecipes.data.api.model.ApiRecipe) returnType:kotlin.Int? [operator]
i: [kapt] method component8()Ljava/lang/Integer; -> origin=OTHER element=null descriptor=IrBasedSimpleFunctionDescriptor: FUN GENERATED_DATA_CLASS_MEMBER name:component8 visibility:public modality:FINAL <> ($this:com.leo.paleorecipes.data.api.model.ApiRecipe) returnType:kotlin.Int? [operator]
i: [kapt] method copy(JLjava/lang/String;Ljava/lang/String;Ljava/util/List;Ljava/util/List;Ljava/util/List;Ljava/lang/Integer;Ljava/lang/Integer;)Lcom/leo/paleorecipes/data/api/model/ApiRecipe; -> origin=OTHER element=null descriptor=IrBasedSimpleFunctionDescriptor: FUN GENERATED_DATA_CLASS_MEMBER name:copy visibility:public modality:FINAL <> ($this:com.leo.paleorecipes.data.api.model.ApiRecipe, id:kotlin.Long, title:kotlin.String, image:kotlin.String?, usedIngredients:kotlin.collections.List<com.leo.paleorecipes.data.api.model.ApiIngredient>?, missedIngredients:kotlin.collections.List<com.leo.paleorecipes.data.api.model.ApiIngredient>?, unusedIngredients:kotlin.collections.List<com.leo.paleorecipes.data.api.model.ApiIngredient>?, readyInMinutes:kotlin.Int?, servings:kotlin.Int?) returnType:com.leo.paleorecipes.data.api.model.ApiRecipe
i: [kapt] method toString()Ljava/lang/String; -> origin=OTHER element=null descriptor=IrBasedSimpleFunctionDescriptor: FUN GENERATED_DATA_CLASS_MEMBER name:toString visibility:public modality:OPEN <> ($this:com.leo.paleorecipes.data.api.model.ApiRecipe) returnType:kotlin.String
i: [kapt] method hashCode()I -> origin=OTHER element=null descriptor=IrBasedSimpleFunctionDescriptor: FUN GENERATED_DATA_CLASS_MEMBER name:hashCode visibility:public modality:OPEN <> ($this:com.leo.paleorecipes.data.api.model.ApiRecipe) returnType:kotlin.Int
i: [kapt] method equals(Ljava/lang/Object;)Z -> origin=OTHER element=null descriptor=IrBasedSimpleFunctionDescriptor: FUN GENERATED_DATA_CLASS_MEMBER name:equals visibility:public modality:OPEN <> ($this:com.leo.paleorecipes.data.api.model.ApiRecipe, other:kotlin.Any?) returnType:kotlin.Boolean [operator]
i: [kapt] field image:Ljava/lang/String; -> origin=OTHER element=KtParameter descriptor=IrBasedFieldDescriptor: FIELD PROPERTY_BACKING_FIELD name:image type:kotlin.String? visibility:private [final]
i: [kapt] field usedIngredients:Ljava/util/List; -> origin=OTHER element=KtParameter descriptor=IrBasedFieldDescriptor: FIELD PROPERTY_BACKING_FIELD name:usedIngredients type:kotlin.collections.List<com.leo.paleorecipes.data.api.model.ApiIngredient>? visibility:private [final]
i: [kapt] field missedIngredients:Ljava/util/List; -> origin=OTHER element=KtParameter descriptor=IrBasedFieldDescriptor: FIELD PROPERTY_BACKING_FIELD name:missedIngredients type:kotlin.collections.List<com.leo.paleorecipes.data.api.model.ApiIngredient>? visibility:private [final]
i: [kapt] field unusedIngredients:Ljava/util/List; -> origin=OTHER element=KtParameter descriptor=IrBasedFieldDescriptor: FIELD PROPERTY_BACKING_FIELD name:unusedIngredients type:kotlin.collections.List<com.leo.paleorecipes.data.api.model.ApiIngredient>? visibility:private [final]
i: [kapt] field readyInMinutes:Ljava/lang/Integer; -> origin=OTHER element=KtParameter descriptor=IrBasedFieldDescriptor: FIELD PROPERTY_BACKING_FIELD name:readyInMinutes type:kotlin.Int? visibility:private [final]
i: [kapt] field servings:Ljava/lang/Integer; -> origin=OTHER element=KtParameter descriptor=IrBasedFieldDescriptor: FIELD PROPERTY_BACKING_FIELD name:servings type:kotlin.Int? visibility:private [final]
i: [kapt] class com/leo/paleorecipes/data/api/model/ApiRecipeDetail -> origin=OTHER element=KtClass descriptor=IrBasedClassDescriptor: CLASS CLASS name:ApiRecipeDetail modality:FINAL visibility:public [data] superTypes:[kotlin.Any]
i: [kapt] method <init>(JLjava/lang/String;Ljava/lang/String;Ljava/lang/String;Ljava/lang/String;Ljava/lang/Integer;Ljava/lang/Integer;Ljava/util/List;Ljava/util/List;)V -> origin=OTHER element=KtClass descriptor=IrBasedClassConstructorDescriptor: CONSTRUCTOR visibility:public <> (id:kotlin.Long, title:kotlin.String, image:kotlin.String?, summary:kotlin.String?, instructions:kotlin.String?, readyInMinutes:kotlin.Int?, servings:kotlin.Int?, extendedIngredients:kotlin.collections.List<com.leo.paleorecipes.data.api.model.ApiIngredient>?, analyzedInstructions:kotlin.collections.List<com.leo.paleorecipes.data.api.model.ApiAnalyzedInstruction>?) returnType:com.leo.paleorecipes.data.api.model.ApiRecipeDetail [primary]
i: [kapt] method <init>(JLjava/lang/String;Ljava/lang/String;Ljava/lang/String;Ljava/lang/String;Ljava/lang/Integer;Ljava/lang/Integer;Ljava/util/List;Ljava/util/List;ILkotlin/jvm/internal/DefaultConstructorMarker;)V -> origin=OTHER element=KtClass descriptor=IrBasedClassConstructorDescriptor: CONSTRUCTOR FUNCTION_FOR_DEFAULT_PARAMETER visibility:public <> (id:kotlin.Long, title:kotlin.String, image:kotlin.String?, summary:kotlin.String?, instructions:kotlin.String?, readyInMinutes:kotlin.Int?, servings:kotlin.Int?, extendedIngredients:kotlin.collections.List<com.leo.paleorecipes.data.api.model.ApiIngredient>?, analyzedInstructions:kotlin.collections.List<com.leo.paleorecipes.data.api.model.ApiAnalyzedInstruction>?, $mask0:kotlin.Int, $marker:kotlin.jvm.internal.DefaultConstructorMarker?) returnType:com.leo.paleorecipes.data.api.model.ApiRecipeDetail
i: [kapt] method getId()J -> origin=OTHER element=KtParameter descriptor=IrBasedPropertyGetterDescriptor: FUN DEFAULT_PROPERTY_ACCESSOR name:<get-id> visibility:public modality:FINAL <> ($this:com.leo.paleorecipes.data.api.model.ApiRecipeDetail) returnType:kotlin.Long
i: [kapt] method getTitle()Ljava/lang/String; -> origin=OTHER element=KtParameter descriptor=IrBasedPropertyGetterDescriptor: FUN DEFAULT_PROPERTY_ACCESSOR name:<get-title> visibility:public modality:FINAL <> ($this:com.leo.paleorecipes.data.api.model.ApiRecipeDetail) returnType:kotlin.String
i: [kapt] method getImage()Ljava/lang/String; -> origin=OTHER element=KtParameter descriptor=IrBasedPropertyGetterDescriptor: FUN DEFAULT_PROPERTY_ACCESSOR name:<get-image> visibility:public modality:FINAL <> ($this:com.leo.paleorecipes.data.api.model.ApiRecipeDetail) returnType:kotlin.String?
i: [kapt] method getSummary()Ljava/lang/String; -> origin=OTHER element=KtParameter descriptor=IrBasedPropertyGetterDescriptor: FUN DEFAULT_PROPERTY_ACCESSOR name:<get-summary> visibility:public modality:FINAL <> ($this:com.leo.paleorecipes.data.api.model.ApiRecipeDetail) returnType:kotlin.String?
i: [kapt] method getInstructions()Ljava/lang/String; -> origin=OTHER element=KtParameter descriptor=IrBasedPropertyGetterDescriptor: FUN DEFAULT_PROPERTY_ACCESSOR name:<get-instructions> visibility:public modality:FINAL <> ($this:com.leo.paleorecipes.data.api.model.ApiRecipeDetail) returnType:kotlin.String?
i: [kapt] method getReadyInMinutes()Ljava/lang/Integer; -> origin=OTHER element=KtParameter descriptor=IrBasedPropertyGetterDescriptor: FUN DEFAULT_PROPERTY_ACCESSOR name:<get-readyInMinutes> visibility:public modality:FINAL <> ($this:com.leo.paleorecipes.data.api.model.ApiRecipeDetail) returnType:kotlin.Int?
i: [kapt] method getServings()Ljava/lang/Integer; -> origin=OTHER element=KtParameter descriptor=IrBasedPropertyGetterDescriptor: FUN DEFAULT_PROPERTY_ACCESSOR name:<get-servings> visibility:public modality:FINAL <> ($this:com.leo.paleorecipes.data.api.model.ApiRecipeDetail) returnType:kotlin.Int?
i: [kapt] method getExtendedIngredients()Ljava/util/List; -> origin=OTHER element=KtParameter descriptor=IrBasedPropertyGetterDescriptor: FUN DEFAULT_PROPERTY_ACCESSOR name:<get-extendedIngredients> visibility:public modality:FINAL <> ($this:com.leo.paleorecipes.data.api.model.ApiRecipeDetail) returnType:kotlin.collections.List<com.leo.paleorecipes.data.api.model.ApiIngredient>?
i: [kapt] method getAnalyzedInstructions()Ljava/util/List; -> origin=OTHER element=KtParameter descriptor=IrBasedPropertyGetterDescriptor: FUN DEFAULT_PROPERTY_ACCESSOR name:<get-analyzedInstructions> visibility:public modality:FINAL <> ($this:com.leo.paleorecipes.data.api.model.ApiRecipeDetail) returnType:kotlin.collections.List<com.leo.paleorecipes.data.api.model.ApiAnalyzedInstruction>?
i: [kapt] method component1()J -> origin=OTHER element=null descriptor=IrBasedSimpleFunctionDescriptor: FUN GENERATED_DATA_CLASS_MEMBER name:component1 visibility:public modality:FINAL <> ($this:com.leo.paleorecipes.data.api.model.ApiRecipeDetail) returnType:kotlin.Long [operator]
i: [kapt] method component2()Ljava/lang/String; -> origin=OTHER element=null descriptor=IrBasedSimpleFunctionDescriptor: FUN GENERATED_DATA_CLASS_MEMBER name:component2 visibility:public modality:FINAL <> ($this:com.leo.paleorecipes.data.api.model.ApiRecipeDetail) returnType:kotlin.String [operator]
i: [kapt] method component3()Ljava/lang/String; -> origin=OTHER element=null descriptor=IrBasedSimpleFunctionDescriptor: FUN GENERATED_DATA_CLASS_MEMBER name:component3 visibility:public modality:FINAL <> ($this:com.leo.paleorecipes.data.api.model.ApiRecipeDetail) returnType:kotlin.String? [operator]
i: [kapt] method component4()Ljava/lang/String; -> origin=OTHER element=null descriptor=IrBasedSimpleFunctionDescriptor: FUN GENERATED_DATA_CLASS_MEMBER name:component4 visibility:public modality:FINAL <> ($this:com.leo.paleorecipes.data.api.model.ApiRecipeDetail) returnType:kotlin.String? [operator]
i: [kapt] method component5()Ljava/lang/String; -> origin=OTHER element=null descriptor=IrBasedSimpleFunctionDescriptor: FUN GENERATED_DATA_CLASS_MEMBER name:component5 visibility:public modality:FINAL <> ($this:com.leo.paleorecipes.data.api.model.ApiRecipeDetail) returnType:kotlin.String? [operator]
i: [kapt] method component6()Ljava/lang/Integer; -> origin=OTHER element=null descriptor=IrBasedSimpleFunctionDescriptor: FUN GENERATED_DATA_CLASS_MEMBER name:component6 visibility:public modality:FINAL <> ($this:com.leo.paleorecipes.data.api.model.ApiRecipeDetail) returnType:kotlin.Int? [operator]
i: [kapt] method component7()Ljava/lang/Integer; -> origin=OTHER element=null descriptor=IrBasedSimpleFunctionDescriptor: FUN GENERATED_DATA_CLASS_MEMBER name:component7 visibility:public modality:FINAL <> ($this:com.leo.paleorecipes.data.api.model.ApiRecipeDetail) returnType:kotlin.Int? [operator]
i: [kapt] method component8()Ljava/util/List; -> origin=OTHER element=null descriptor=IrBasedSimpleFunctionDescriptor: FUN GENERATED_DATA_CLASS_MEMBER name:component8 visibility:public modality:FINAL <> ($this:com.leo.paleorecipes.data.api.model.ApiRecipeDetail) returnType:kotlin.collections.List<com.leo.paleorecipes.data.api.model.ApiIngredient>? [operator]
i: [kapt] method component9()Ljava/util/List; -> origin=OTHER element=null descriptor=IrBasedSimpleFunctionDescriptor: FUN GENERATED_DATA_CLASS_MEMBER name:component9 visibility:public modality:FINAL <> ($this:com.leo.paleorecipes.data.api.model.ApiRecipeDetail) returnType:kotlin.collections.List<com.leo.paleorecipes.data.api.model.ApiAnalyzedInstruction>? [operator]
i: [kapt] method copy(JLjava/lang/String;Ljava/lang/String;Ljava/lang/String;Ljava/lang/String;Ljava/lang/Integer;Ljava/lang/Integer;Ljava/util/List;Ljava/util/List;)Lcom/leo/paleorecipes/data/api/model/ApiRecipeDetail; -> origin=OTHER element=null descriptor=IrBasedSimpleFunctionDescriptor: FUN GENERATED_DATA_CLASS_MEMBER name:copy visibility:public modality:FINAL <> ($this:com.leo.paleorecipes.data.api.model.ApiRecipeDetail, id:kotlin.Long, title:kotlin.String, image:kotlin.String?, summary:kotlin.String?, instructions:kotlin.String?, readyInMinutes:kotlin.Int?, servings:kotlin.Int?, extendedIngredients:kotlin.collections.List<com.leo.paleorecipes.data.api.model.ApiIngredient>?, analyzedInstructions:kotlin.collections.List<com.leo.paleorecipes.data.api.model.ApiAnalyzedInstruction>?) returnType:com.leo.paleorecipes.data.api.model.ApiRecipeDetail
i: [kapt] method toString()Ljava/lang/String; -> origin=OTHER element=null descriptor=IrBasedSimpleFunctionDescriptor: FUN GENERATED_DATA_CLASS_MEMBER name:toString visibility:public modality:OPEN <> ($this:com.leo.paleorecipes.data.api.model.ApiRecipeDetail) returnType:kotlin.String
i: [kapt] method hashCode()I -> origin=OTHER element=null descriptor=IrBasedSimpleFunctionDescriptor: FUN GENERATED_DATA_CLASS_MEMBER name:hashCode visibility:public modality:OPEN <> ($this:com.leo.paleorecipes.data.api.model.ApiRecipeDetail) returnType:kotlin.Int
i: [kapt] method equals(Ljava/lang/Object;)Z -> origin=OTHER element=null descriptor=IrBasedSimpleFunctionDescriptor: FUN GENERATED_DATA_CLASS_MEMBER name:equals visibility:public modality:OPEN <> ($this:com.leo.paleorecipes.data.api.model.ApiRecipeDetail, other:kotlin.Any?) returnType:kotlin.Boolean [operator]
i: [kapt] field summary:Ljava/lang/String; -> origin=OTHER element=KtParameter descriptor=IrBasedFieldDescriptor: FIELD PROPERTY_BACKING_FIELD name:summary type:kotlin.String? visibility:private [final]
i: [kapt] field instructions:Ljava/lang/String; -> origin=OTHER element=KtParameter descriptor=IrBasedFieldDescriptor: FIELD PROPERTY_BACKING_FIELD name:instructions type:kotlin.String? visibility:private [final]
i: [kapt] field extendedIngredients:Ljava/util/List; -> origin=OTHER element=KtParameter descriptor=IrBasedFieldDescriptor: FIELD PROPERTY_BACKING_FIELD name:extendedIngredients type:kotlin.collections.List<com.leo.paleorecipes.data.api.model.ApiIngredient>? visibility:private [final]
i: [kapt] field analyzedInstructions:Ljava/util/List; -> origin=OTHER element=KtParameter descriptor=IrBasedFieldDescriptor: FIELD PROPERTY_BACKING_FIELD name:analyzedInstructions type:kotlin.collections.List<com.leo.paleorecipes.data.api.model.ApiAnalyzedInstruction>? visibility:private [final]
i: [kapt] class com/leo/paleorecipes/data/api/model/ApiIngredient -> origin=OTHER element=KtClass descriptor=IrBasedClassDescriptor: CLASS CLASS name:ApiIngredient modality:FINAL visibility:public [data] superTypes:[kotlin.Any]
i: [kapt] method <init>(Ljava/lang/Long;Ljava/lang/String;Ljava/lang/String;Ljava/lang/Double;Ljava/lang/String;)V -> origin=OTHER element=KtClass descriptor=IrBasedClassConstructorDescriptor: CONSTRUCTOR visibility:public <> (id:kotlin.Long?, name:kotlin.String?, original:kotlin.String?, amount:kotlin.Double?, unit:kotlin.String?) returnType:com.leo.paleorecipes.data.api.model.ApiIngredient [primary]
i: [kapt] method getId()Ljava/lang/Long; -> origin=OTHER element=KtParameter descriptor=IrBasedPropertyGetterDescriptor: FUN DEFAULT_PROPERTY_ACCESSOR name:<get-id> visibility:public modality:FINAL <> ($this:com.leo.paleorecipes.data.api.model.ApiIngredient) returnType:kotlin.Long?
i: [kapt] method getName()Ljava/lang/String; -> origin=OTHER element=KtParameter descriptor=IrBasedPropertyGetterDescriptor: FUN DEFAULT_PROPERTY_ACCESSOR name:<get-name> visibility:public modality:FINAL <> ($this:com.leo.paleorecipes.data.api.model.ApiIngredient) returnType:kotlin.String?
i: [kapt] method getOriginal()Ljava/lang/String; -> origin=OTHER element=KtParameter descriptor=IrBasedPropertyGetterDescriptor: FUN DEFAULT_PROPERTY_ACCESSOR name:<get-original> visibility:public modality:FINAL <> ($this:com.leo.paleorecipes.data.api.model.ApiIngredient) returnType:kotlin.String?
i: [kapt] method getAmount()Ljava/lang/Double; -> origin=OTHER element=KtParameter descriptor=IrBasedPropertyGetterDescriptor: FUN DEFAULT_PROPERTY_ACCESSOR name:<get-amount> visibility:public modality:FINAL <> ($this:com.leo.paleorecipes.data.api.model.ApiIngredient) returnType:kotlin.Double?
i: [kapt] method getUnit()Ljava/lang/String; -> origin=OTHER element=KtParameter descriptor=IrBasedPropertyGetterDescriptor: FUN DEFAULT_PROPERTY_ACCESSOR name:<get-unit> visibility:public modality:FINAL <> ($this:com.leo.paleorecipes.data.api.model.ApiIngredient) returnType:kotlin.String?
i: [kapt] method component1()Ljava/lang/Long; -> origin=OTHER element=null descriptor=IrBasedSimpleFunctionDescriptor: FUN GENERATED_DATA_CLASS_MEMBER name:component1 visibility:public modality:FINAL <> ($this:com.leo.paleorecipes.data.api.model.ApiIngredient) returnType:kotlin.Long? [operator]
i: [kapt] method component2()Ljava/lang/String; -> origin=OTHER element=null descriptor=IrBasedSimpleFunctionDescriptor: FUN GENERATED_DATA_CLASS_MEMBER name:component2 visibility:public modality:FINAL <> ($this:com.leo.paleorecipes.data.api.model.ApiIngredient) returnType:kotlin.String? [operator]
i: [kapt] method component3()Ljava/lang/String; -> origin=OTHER element=null descriptor=IrBasedSimpleFunctionDescriptor: FUN GENERATED_DATA_CLASS_MEMBER name:component3 visibility:public modality:FINAL <> ($this:com.leo.paleorecipes.data.api.model.ApiIngredient) returnType:kotlin.String? [operator]
i: [kapt] method component4()Ljava/lang/Double; -> origin=OTHER element=null descriptor=IrBasedSimpleFunctionDescriptor: FUN GENERATED_DATA_CLASS_MEMBER name:component4 visibility:public modality:FINAL <> ($this:com.leo.paleorecipes.data.api.model.ApiIngredient) returnType:kotlin.Double? [operator]
i: [kapt] method component5()Ljava/lang/String; -> origin=OTHER element=null descriptor=IrBasedSimpleFunctionDescriptor: FUN GENERATED_DATA_CLASS_MEMBER name:component5 visibility:public modality:FINAL <> ($this:com.leo.paleorecipes.data.api.model.ApiIngredient) returnType:kotlin.String? [operator]
i: [kapt] method copy(Ljava/lang/Long;Ljava/lang/String;Ljava/lang/String;Ljava/lang/Double;Ljava/lang/String;)Lcom/leo/paleorecipes/data/api/model/ApiIngredient; -> origin=OTHER element=null descriptor=IrBasedSimpleFunctionDescriptor: FUN GENERATED_DATA_CLASS_MEMBER name:copy visibility:public modality:FINAL <> ($this:com.leo.paleorecipes.data.api.model.ApiIngredient, id:kotlin.Long?, name:kotlin.String?, original:kotlin.String?, amount:kotlin.Double?, unit:kotlin.String?) returnType:com.leo.paleorecipes.data.api.model.ApiIngredient
i: [kapt] method toString()Ljava/lang/String; -> origin=OTHER element=null descriptor=IrBasedSimpleFunctionDescriptor: FUN GENERATED_DATA_CLASS_MEMBER name:toString visibility:public modality:OPEN <> ($this:com.leo.paleorecipes.data.api.model.ApiIngredient) returnType:kotlin.String
i: [kapt] method hashCode()I -> origin=OTHER element=null descriptor=IrBasedSimpleFunctionDescriptor: FUN GENERATED_DATA_CLASS_MEMBER name:hashCode visibility:public modality:OPEN <> ($this:com.leo.paleorecipes.data.api.model.ApiIngredient) returnType:kotlin.Int
i: [kapt] method equals(Ljava/lang/Object;)Z -> origin=OTHER element=null descriptor=IrBasedSimpleFunctionDescriptor: FUN GENERATED_DATA_CLASS_MEMBER name:equals visibility:public modality:OPEN <> ($this:com.leo.paleorecipes.data.api.model.ApiIngredient, other:kotlin.Any?) returnType:kotlin.Boolean [operator]
i: [kapt] field id:Ljava/lang/Long; -> origin=OTHER element=KtParameter descriptor=IrBasedFieldDescriptor: FIELD PROPERTY_BACKING_FIELD name:id type:kotlin.Long? visibility:private [final]
i: [kapt] field name:Ljava/lang/String; -> origin=OTHER element=KtParameter descriptor=IrBasedFieldDescriptor: FIELD PROPERTY_BACKING_FIELD name:name type:kotlin.String? visibility:private [final]
i: [kapt] field original:Ljava/lang/String; -> origin=OTHER element=KtParameter descriptor=IrBasedFieldDescriptor: FIELD PROPERTY_BACKING_FIELD name:original type:kotlin.String? visibility:private [final]
i: [kapt] field amount:Ljava/lang/Double; -> origin=OTHER element=KtParameter descriptor=IrBasedFieldDescriptor: FIELD PROPERTY_BACKING_FIELD name:amount type:kotlin.Double? visibility:private [final]
i: [kapt] field unit:Ljava/lang/String; -> origin=OTHER element=KtParameter descriptor=IrBasedFieldDescriptor: FIELD PROPERTY_BACKING_FIELD name:unit type:kotlin.String? visibility:private [final]
i: [kapt] class com/leo/paleorecipes/data/api/model/ApiAnalyzedInstruction -> origin=OTHER element=KtClass descriptor=IrBasedClassDescriptor: CLASS CLASS name:ApiAnalyzedInstruction modality:FINAL visibility:public [data] superTypes:[kotlin.Any]
i: [kapt] method <init>(Ljava/lang/String;Ljava/util/List;)V -> origin=OTHER element=KtClass descriptor=IrBasedClassConstructorDescriptor: CONSTRUCTOR visibility:public <> (name:kotlin.String?, steps:kotlin.collections.List<com.leo.paleorecipes.data.api.model.ApiInstructionStep>?) returnType:com.leo.paleorecipes.data.api.model.ApiAnalyzedInstruction [primary]
i: [kapt] method getName()Ljava/lang/String; -> origin=OTHER element=KtParameter descriptor=IrBasedPropertyGetterDescriptor: FUN DEFAULT_PROPERTY_ACCESSOR name:<get-name> visibility:public modality:FINAL <> ($this:com.leo.paleorecipes.data.api.model.ApiAnalyzedInstruction) returnType:kotlin.String?
i: [kapt] method getSteps()Ljava/util/List; -> origin=OTHER element=KtParameter descriptor=IrBasedPropertyGetterDescriptor: FUN DEFAULT_PROPERTY_ACCESSOR name:<get-steps> visibility:public modality:FINAL <> ($this:com.leo.paleorecipes.data.api.model.ApiAnalyzedInstruction) returnType:kotlin.collections.List<com.leo.paleorecipes.data.api.model.ApiInstructionStep>?
i: [kapt] method component1()Ljava/lang/String; -> origin=OTHER element=null descriptor=IrBasedSimpleFunctionDescriptor: FUN GENERATED_DATA_CLASS_MEMBER name:component1 visibility:public modality:FINAL <> ($this:com.leo.paleorecipes.data.api.model.ApiAnalyzedInstruction) returnType:kotlin.String? [operator]
i: [kapt] method component2()Ljava/util/List; -> origin=OTHER element=null descriptor=IrBasedSimpleFunctionDescriptor: FUN GENERATED_DATA_CLASS_MEMBER name:component2 visibility:public modality:FINAL <> ($this:com.leo.paleorecipes.data.api.model.ApiAnalyzedInstruction) returnType:kotlin.collections.List<com.leo.paleorecipes.data.api.model.ApiInstructionStep>? [operator]
i: [kapt] method copy(Ljava/lang/String;Ljava/util/List;)Lcom/leo/paleorecipes/data/api/model/ApiAnalyzedInstruction; -> origin=OTHER element=null descriptor=IrBasedSimpleFunctionDescriptor: FUN GENERATED_DATA_CLASS_MEMBER name:copy visibility:public modality:FINAL <> ($this:com.leo.paleorecipes.data.api.model.ApiAnalyzedInstruction, name:kotlin.String?, steps:kotlin.collections.List<com.leo.paleorecipes.data.api.model.ApiInstructionStep>?) returnType:com.leo.paleorecipes.data.api.model.ApiAnalyzedInstruction
i: [kapt] method toString()Ljava/lang/String; -> origin=OTHER element=null descriptor=IrBasedSimpleFunctionDescriptor: FUN GENERATED_DATA_CLASS_MEMBER name:toString visibility:public modality:OPEN <> ($this:com.leo.paleorecipes.data.api.model.ApiAnalyzedInstruction) returnType:kotlin.String
i: [kapt] method hashCode()I -> origin=OTHER element=null descriptor=IrBasedSimpleFunctionDescriptor: FUN GENERATED_DATA_CLASS_MEMBER name:hashCode visibility:public modality:OPEN <> ($this:com.leo.paleorecipes.data.api.model.ApiAnalyzedInstruction) returnType:kotlin.Int
i: [kapt] method equals(Ljava/lang/Object;)Z -> origin=OTHER element=null descriptor=IrBasedSimpleFunctionDescriptor: FUN GENERATED_DATA_CLASS_MEMBER name:equals visibility:public modality:OPEN <> ($this:com.leo.paleorecipes.data.api.model.ApiAnalyzedInstruction, other:kotlin.Any?) returnType:kotlin.Boolean [operator]
i: [kapt] field steps:Ljava/util/List; -> origin=OTHER element=KtParameter descriptor=IrBasedFieldDescriptor: FIELD PROPERTY_BACKING_FIELD name:steps type:kotlin.collections.List<com.leo.paleorecipes.data.api.model.ApiInstructionStep>? visibility:private [final]
i: [kapt] class com/leo/paleorecipes/data/api/model/ApiInstructionStep -> origin=OTHER element=KtClass descriptor=IrBasedClassDescriptor: CLASS CLASS name:ApiInstructionStep modality:FINAL visibility:public [data] superTypes:[kotlin.Any]
i: [kapt] method <init>(Ljava/lang/Integer;Ljava/lang/String;Ljava/util/List;Ljava/util/List;)V -> origin=OTHER element=KtClass descriptor=IrBasedClassConstructorDescriptor: CONSTRUCTOR visibility:public <> (number:kotlin.Int?, step:kotlin.String?, ingredients:kotlin.collections.List<com.leo.paleorecipes.data.api.model.ApiIngredient>?, equipment:kotlin.collections.List<com.leo.paleorecipes.data.api.model.ApiEquipment>?) returnType:com.leo.paleorecipes.data.api.model.ApiInstructionStep [primary]
i: [kapt] method getNumber()Ljava/lang/Integer; -> origin=OTHER element=KtParameter descriptor=IrBasedPropertyGetterDescriptor: FUN DEFAULT_PROPERTY_ACCESSOR name:<get-number> visibility:public modality:FINAL <> ($this:com.leo.paleorecipes.data.api.model.ApiInstructionStep) returnType:kotlin.Int?
i: [kapt] method getStep()Ljava/lang/String; -> origin=OTHER element=KtParameter descriptor=IrBasedPropertyGetterDescriptor: FUN DEFAULT_PROPERTY_ACCESSOR name:<get-step> visibility:public modality:FINAL <> ($this:com.leo.paleorecipes.data.api.model.ApiInstructionStep) returnType:kotlin.String?
i: [kapt] method getIngredients()Ljava/util/List; -> origin=OTHER element=KtParameter descriptor=IrBasedPropertyGetterDescriptor: FUN DEFAULT_PROPERTY_ACCESSOR name:<get-ingredients> visibility:public modality:FINAL <> ($this:com.leo.paleorecipes.data.api.model.ApiInstructionStep) returnType:kotlin.collections.List<com.leo.paleorecipes.data.api.model.ApiIngredient>?
i: [kapt] method getEquipment()Ljava/util/List; -> origin=OTHER element=KtParameter descriptor=IrBasedPropertyGetterDescriptor: FUN DEFAULT_PROPERTY_ACCESSOR name:<get-equipment> visibility:public modality:FINAL <> ($this:com.leo.paleorecipes.data.api.model.ApiInstructionStep) returnType:kotlin.collections.List<com.leo.paleorecipes.data.api.model.ApiEquipment>?
i: [kapt] method component1()Ljava/lang/Integer; -> origin=OTHER element=null descriptor=IrBasedSimpleFunctionDescriptor: FUN GENERATED_DATA_CLASS_MEMBER name:component1 visibility:public modality:FINAL <> ($this:com.leo.paleorecipes.data.api.model.ApiInstructionStep) returnType:kotlin.Int? [operator]
i: [kapt] method component2()Ljava/lang/String; -> origin=OTHER element=null descriptor=IrBasedSimpleFunctionDescriptor: FUN GENERATED_DATA_CLASS_MEMBER name:component2 visibility:public modality:FINAL <> ($this:com.leo.paleorecipes.data.api.model.ApiInstructionStep) returnType:kotlin.String? [operator]
i: [kapt] method component3()Ljava/util/List; -> origin=OTHER element=null descriptor=IrBasedSimpleFunctionDescriptor: FUN GENERATED_DATA_CLASS_MEMBER name:component3 visibility:public modality:FINAL <> ($this:com.leo.paleorecipes.data.api.model.ApiInstructionStep) returnType:kotlin.collections.List<com.leo.paleorecipes.data.api.model.ApiIngredient>? [operator]
i: [kapt] method component4()Ljava/util/List; -> origin=OTHER element=null descriptor=IrBasedSimpleFunctionDescriptor: FUN GENERATED_DATA_CLASS_MEMBER name:component4 visibility:public modality:FINAL <> ($this:com.leo.paleorecipes.data.api.model.ApiInstructionStep) returnType:kotlin.collections.List<com.leo.paleorecipes.data.api.model.ApiEquipment>? [operator]
i: [kapt] method copy(Ljava/lang/Integer;Ljava/lang/String;Ljava/util/List;Ljava/util/List;)Lcom/leo/paleorecipes/data/api/model/ApiInstructionStep; -> origin=OTHER element=null descriptor=IrBasedSimpleFunctionDescriptor: FUN GENERATED_DATA_CLASS_MEMBER name:copy visibility:public modality:FINAL <> ($this:com.leo.paleorecipes.data.api.model.ApiInstructionStep, number:kotlin.Int?, step:kotlin.String?, ingredients:kotlin.collections.List<com.leo.paleorecipes.data.api.model.ApiIngredient>?, equipment:kotlin.collections.List<com.leo.paleorecipes.data.api.model.ApiEquipment>?) returnType:com.leo.paleorecipes.data.api.model.ApiInstructionStep
i: [kapt] method toString()Ljava/lang/String; -> origin=OTHER element=null descriptor=IrBasedSimpleFunctionDescriptor: FUN GENERATED_DATA_CLASS_MEMBER name:toString visibility:public modality:OPEN <> ($this:com.leo.paleorecipes.data.api.model.ApiInstructionStep) returnType:kotlin.String
i: [kapt] method hashCode()I -> origin=OTHER element=null descriptor=IrBasedSimpleFunctionDescriptor: FUN GENERATED_DATA_CLASS_MEMBER name:hashCode visibility:public modality:OPEN <> ($this:com.leo.paleorecipes.data.api.model.ApiInstructionStep) returnType:kotlin.Int
i: [kapt] method equals(Ljava/lang/Object;)Z -> origin=OTHER element=null descriptor=IrBasedSimpleFunctionDescriptor: FUN GENERATED_DATA_CLASS_MEMBER name:equals visibility:public modality:OPEN <> ($this:com.leo.paleorecipes.data.api.model.ApiInstructionStep, other:kotlin.Any?) returnType:kotlin.Boolean [operator]
i: [kapt] field number:Ljava/lang/Integer; -> origin=OTHER element=KtParameter descriptor=IrBasedFieldDescriptor: FIELD PROPERTY_BACKING_FIELD name:number type:kotlin.Int? visibility:private [final]
i: [kapt] field step:Ljava/lang/String; -> origin=OTHER element=KtParameter descriptor=IrBasedFieldDescriptor: FIELD PROPERTY_BACKING_FIELD name:step type:kotlin.String? visibility:private [final]
i: [kapt] field ingredients:Ljava/util/List; -> origin=OTHER element=KtParameter descriptor=IrBasedFieldDescriptor: FIELD PROPERTY_BACKING_FIELD name:ingredients type:kotlin.collections.List<com.leo.paleorecipes.data.api.model.ApiIngredient>? visibility:private [final]
i: [kapt] field equipment:Ljava/util/List; -> origin=OTHER element=KtParameter descriptor=IrBasedFieldDescriptor: FIELD PROPERTY_BACKING_FIELD name:equipment type:kotlin.collections.List<com.leo.paleorecipes.data.api.model.ApiEquipment>? visibility:private [final]
i: [kapt] class com/leo/paleorecipes/data/api/model/ApiEquipment -> origin=OTHER element=KtClass descriptor=IrBasedClassDescriptor: CLASS CLASS name:ApiEquipment modality:FINAL visibility:public [data] superTypes:[kotlin.Any]
i: [kapt] method <init>(Ljava/lang/Long;Ljava/lang/String;Ljava/lang/String;Ljava/lang/String;)V -> origin=OTHER element=KtClass descriptor=IrBasedClassConstructorDescriptor: CONSTRUCTOR visibility:public <> (id:kotlin.Long?, name:kotlin.String?, localizedName:kotlin.String?, image:kotlin.String?) returnType:com.leo.paleorecipes.data.api.model.ApiEquipment [primary]
i: [kapt] method getId()Ljava/lang/Long; -> origin=OTHER element=KtParameter descriptor=IrBasedPropertyGetterDescriptor: FUN DEFAULT_PROPERTY_ACCESSOR name:<get-id> visibility:public modality:FINAL <> ($this:com.leo.paleorecipes.data.api.model.ApiEquipment) returnType:kotlin.Long?
i: [kapt] method getName()Ljava/lang/String; -> origin=OTHER element=KtParameter descriptor=IrBasedPropertyGetterDescriptor: FUN DEFAULT_PROPERTY_ACCESSOR name:<get-name> visibility:public modality:FINAL <> ($this:com.leo.paleorecipes.data.api.model.ApiEquipment) returnType:kotlin.String?
i: [kapt] method getLocalizedName()Ljava/lang/String; -> origin=OTHER element=KtParameter descriptor=IrBasedPropertyGetterDescriptor: FUN DEFAULT_PROPERTY_ACCESSOR name:<get-localizedName> visibility:public modality:FINAL <> ($this:com.leo.paleorecipes.data.api.model.ApiEquipment) returnType:kotlin.String?
i: [kapt] method getImage()Ljava/lang/String; -> origin=OTHER element=KtParameter descriptor=IrBasedPropertyGetterDescriptor: FUN DEFAULT_PROPERTY_ACCESSOR name:<get-image> visibility:public modality:FINAL <> ($this:com.leo.paleorecipes.data.api.model.ApiEquipment) returnType:kotlin.String?
i: [kapt] method component1()Ljava/lang/Long; -> origin=OTHER element=null descriptor=IrBasedSimpleFunctionDescriptor: FUN GENERATED_DATA_CLASS_MEMBER name:component1 visibility:public modality:FINAL <> ($this:com.leo.paleorecipes.data.api.model.ApiEquipment) returnType:kotlin.Long? [operator]
i: [kapt] method component2()Ljava/lang/String; -> origin=OTHER element=null descriptor=IrBasedSimpleFunctionDescriptor: FUN GENERATED_DATA_CLASS_MEMBER name:component2 visibility:public modality:FINAL <> ($this:com.leo.paleorecipes.data.api.model.ApiEquipment) returnType:kotlin.String? [operator]
i: [kapt] method component3()Ljava/lang/String; -> origin=OTHER element=null descriptor=IrBasedSimpleFunctionDescriptor: FUN GENERATED_DATA_CLASS_MEMBER name:component3 visibility:public modality:FINAL <> ($this:com.leo.paleorecipes.data.api.model.ApiEquipment) returnType:kotlin.String? [operator]
i: [kapt] method component4()Ljava/lang/String; -> origin=OTHER element=null descriptor=IrBasedSimpleFunctionDescriptor: FUN GENERATED_DATA_CLASS_MEMBER name:component4 visibility:public modality:FINAL <> ($this:com.leo.paleorecipes.data.api.model.ApiEquipment) returnType:kotlin.String? [operator]
i: [kapt] method copy(Ljava/lang/Long;Ljava/lang/String;Ljava/lang/String;Ljava/lang/String;)Lcom/leo/paleorecipes/data/api/model/ApiEquipment; -> origin=OTHER element=null descriptor=IrBasedSimpleFunctionDescriptor: FUN GENERATED_DATA_CLASS_MEMBER name:copy visibility:public modality:FINAL <> ($this:com.leo.paleorecipes.data.api.model.ApiEquipment, id:kotlin.Long?, name:kotlin.String?, localizedName:kotlin.String?, image:kotlin.String?) returnType:com.leo.paleorecipes.data.api.model.ApiEquipment
i: [kapt] method toString()Ljava/lang/String; -> origin=OTHER element=null descriptor=IrBasedSimpleFunctionDescriptor: FUN GENERATED_DATA_CLASS_MEMBER name:toString visibility:public modality:OPEN <> ($this:com.leo.paleorecipes.data.api.model.ApiEquipment) returnType:kotlin.String
i: [kapt] method hashCode()I -> origin=OTHER element=null descriptor=IrBasedSimpleFunctionDescriptor: FUN GENERATED_DATA_CLASS_MEMBER name:hashCode visibility:public modality:OPEN <> ($this:com.leo.paleorecipes.data.api.model.ApiEquipment) returnType:kotlin.Int
i: [kapt] method equals(Ljava/lang/Object;)Z -> origin=OTHER element=null descriptor=IrBasedSimpleFunctionDescriptor: FUN GENERATED_DATA_CLASS_MEMBER name:equals visibility:public modality:OPEN <> ($this:com.leo.paleorecipes.data.api.model.ApiEquipment, other:kotlin.Any?) returnType:kotlin.Boolean [operator]
i: [kapt] field localizedName:Ljava/lang/String; -> origin=OTHER element=KtParameter descriptor=IrBasedFieldDescriptor: FIELD PROPERTY_BACKING_FIELD name:localizedName type:kotlin.String? visibility:private [final]
i: [kapt] class com/leo/paleorecipes/data/local/dao/IngredientDao -> origin=OTHER element=KtClass descriptor=IrBasedClassDescriptor: CLASS INTERFACE name:IngredientDao modality:ABSTRACT visibility:public superTypes:[kotlin.Any]
i: [kapt] method getAllIngredients()Lkotlinx/coroutines/flow/Flow; -> origin=OTHER element=KtNamedFunction descriptor=IrBasedSimpleFunctionDescriptor: FUN name:getAllIngredients visibility:public modality:ABSTRACT <> ($this:com.leo.paleorecipes.data.local.dao.IngredientDao) returnType:kotlinx.coroutines.flow.Flow<kotlin.collections.List<com.leo.paleorecipes.data.local.entity.IngredientEntity>>
i: [kapt] method insertIngredient(Lcom/leo/paleorecipes/data/local/entity/IngredientEntity;Lkotlin/coroutines/Continuation;)Ljava/lang/Object; -> origin=OTHER element=KtNamedFunction descriptor=IrBasedSimpleFunctionDescriptor: FUN name:insertIngredient visibility:public modality:ABSTRACT <> ($this:com.leo.paleorecipes.data.local.dao.IngredientDao, ingredient:com.leo.paleorecipes.data.local.entity.IngredientEntity, $completion:kotlin.coroutines.Continuation<kotlin.Long>) returnType:kotlin.Any? [suspend]
i: [kapt] method deleteIngredient(Ljava/lang/String;Lkotlin/coroutines/Continuation;)Ljava/lang/Object; -> origin=OTHER element=KtNamedFunction descriptor=IrBasedSimpleFunctionDescriptor: FUN name:deleteIngredient visibility:public modality:ABSTRACT <> ($this:com.leo.paleorecipes.data.local.dao.IngredientDao, ingredientName:kotlin.String, $completion:kotlin.coroutines.Continuation<kotlin.Unit>) returnType:kotlin.Any? [suspend]
i: [kapt] method deleteAllIngredients(Lkotlin/coroutines/Continuation;)Ljava/lang/Object; -> origin=OTHER element=KtNamedFunction descriptor=IrBasedSimpleFunctionDescriptor: FUN name:deleteAllIngredients visibility:public modality:ABSTRACT <> ($this:com.leo.paleorecipes.data.local.dao.IngredientDao, $completion:kotlin.coroutines.Continuation<kotlin.Unit>) returnType:kotlin.Any? [suspend]
i: [kapt] class com/leo/paleorecipes/data/local/entity/IngredientEntity -> origin=OTHER element=KtClass descriptor=IrBasedClassDescriptor: CLASS CLASS name:IngredientEntity modality:FINAL visibility:public [data] superTypes:[kotlin.Any]
i: [kapt] method <init>(Ljava/lang/String;)V -> origin=OTHER element=KtClass descriptor=IrBasedClassConstructorDescriptor: CONSTRUCTOR visibility:public <> (name:kotlin.String) returnType:com.leo.paleorecipes.data.local.entity.IngredientEntity [primary]
i: [kapt] method getName()Ljava/lang/String; -> origin=OTHER element=KtParameter descriptor=IrBasedPropertyGetterDescriptor: FUN DEFAULT_PROPERTY_ACCESSOR name:<get-name> visibility:public modality:FINAL <> ($this:com.leo.paleorecipes.data.local.entity.IngredientEntity) returnType:kotlin.String
i: [kapt] method component1()Ljava/lang/String; -> origin=OTHER element=null descriptor=IrBasedSimpleFunctionDescriptor: FUN GENERATED_DATA_CLASS_MEMBER name:component1 visibility:public modality:FINAL <> ($this:com.leo.paleorecipes.data.local.entity.IngredientEntity) returnType:kotlin.String [operator]
i: [kapt] method copy(Ljava/lang/String;)Lcom/leo/paleorecipes/data/local/entity/IngredientEntity; -> origin=OTHER element=null descriptor=IrBasedSimpleFunctionDescriptor: FUN GENERATED_DATA_CLASS_MEMBER name:copy visibility:public modality:FINAL <> ($this:com.leo.paleorecipes.data.local.entity.IngredientEntity, name:kotlin.String) returnType:com.leo.paleorecipes.data.local.entity.IngredientEntity
i: [kapt] method toString()Ljava/lang/String; -> origin=OTHER element=null descriptor=IrBasedSimpleFunctionDescriptor: FUN GENERATED_DATA_CLASS_MEMBER name:toString visibility:public modality:OPEN <> ($this:com.leo.paleorecipes.data.local.entity.IngredientEntity) returnType:kotlin.String
i: [kapt] method hashCode()I -> origin=OTHER element=null descriptor=IrBasedSimpleFunctionDescriptor: FUN GENERATED_DATA_CLASS_MEMBER name:hashCode visibility:public modality:OPEN <> ($this:com.leo.paleorecipes.data.local.entity.IngredientEntity) returnType:kotlin.Int
i: [kapt] method equals(Ljava/lang/Object;)Z -> origin=OTHER element=null descriptor=IrBasedSimpleFunctionDescriptor: FUN GENERATED_DATA_CLASS_MEMBER name:equals visibility:public modality:OPEN <> ($this:com.leo.paleorecipes.data.local.entity.IngredientEntity, other:kotlin.Any?) returnType:kotlin.Boolean [operator]
i: [kapt] field name:Ljava/lang/String; -> origin=OTHER element=KtParameter descriptor=IrBasedFieldDescriptor: FIELD PROPERTY_BACKING_FIELD name:name type:kotlin.String visibility:private [final]
i: [kapt] class com/leo/paleorecipes/data/model/RecipeResponse -> origin=OTHER element=KtClass descriptor=IrBasedClassDescriptor: CLASS CLASS name:RecipeResponse modality:FINAL visibility:public [data] superTypes:[kotlin.Any]
i: [kapt] method <init>(ILjava/lang/String;Ljava/lang/String;ILjava/util/List;Ljava/util/List;Ljava/util/List;)V -> origin=OTHER element=KtClass descriptor=IrBasedClassConstructorDescriptor: CONSTRUCTOR visibility:public <> (id:kotlin.Int, title:kotlin.String, image:kotlin.String?, missedIngredientCount:kotlin.Int, usedIngredients:kotlin.collections.List<com.leo.paleorecipes.data.model.Ingredient>, missedIngredients:kotlin.collections.List<com.leo.paleorecipes.data.model.Ingredient>, unusedIngredients:kotlin.collections.List<com.leo.paleorecipes.data.model.Ingredient>) returnType:com.leo.paleorecipes.data.model.RecipeResponse [primary]
i: [kapt] method getId()I -> origin=OTHER element=KtParameter descriptor=IrBasedPropertyGetterDescriptor: FUN DEFAULT_PROPERTY_ACCESSOR name:<get-id> visibility:public modality:FINAL <> ($this:com.leo.paleorecipes.data.model.RecipeResponse) returnType:kotlin.Int
i: [kapt] method getTitle()Ljava/lang/String; -> origin=OTHER element=KtParameter descriptor=IrBasedPropertyGetterDescriptor: FUN DEFAULT_PROPERTY_ACCESSOR name:<get-title> visibility:public modality:FINAL <> ($this:com.leo.paleorecipes.data.model.RecipeResponse) returnType:kotlin.String
i: [kapt] method getImage()Ljava/lang/String; -> origin=OTHER element=KtParameter descriptor=IrBasedPropertyGetterDescriptor: FUN DEFAULT_PROPERTY_ACCESSOR name:<get-image> visibility:public modality:FINAL <> ($this:com.leo.paleorecipes.data.model.RecipeResponse) returnType:kotlin.String?
i: [kapt] method getMissedIngredientCount()I -> origin=OTHER element=KtParameter descriptor=IrBasedPropertyGetterDescriptor: FUN DEFAULT_PROPERTY_ACCESSOR name:<get-missedIngredientCount> visibility:public modality:FINAL <> ($this:com.leo.paleorecipes.data.model.RecipeResponse) returnType:kotlin.Int
i: [kapt] method getUsedIngredients()Ljava/util/List; -> origin=OTHER element=KtParameter descriptor=IrBasedPropertyGetterDescriptor: FUN DEFAULT_PROPERTY_ACCESSOR name:<get-usedIngredients> visibility:public modality:FINAL <> ($this:com.leo.paleorecipes.data.model.RecipeResponse) returnType:kotlin.collections.List<com.leo.paleorecipes.data.model.Ingredient>
i: [kapt] method getMissedIngredients()Ljava/util/List; -> origin=OTHER element=KtParameter descriptor=IrBasedPropertyGetterDescriptor: FUN DEFAULT_PROPERTY_ACCESSOR name:<get-missedIngredients> visibility:public modality:FINAL <> ($this:com.leo.paleorecipes.data.model.RecipeResponse) returnType:kotlin.collections.List<com.leo.paleorecipes.data.model.Ingredient>
i: [kapt] method getUnusedIngredients()Ljava/util/List; -> origin=OTHER element=KtParameter descriptor=IrBasedPropertyGetterDescriptor: FUN DEFAULT_PROPERTY_ACCESSOR name:<get-unusedIngredients> visibility:public modality:FINAL <> ($this:com.leo.paleorecipes.data.model.RecipeResponse) returnType:kotlin.collections.List<com.leo.paleorecipes.data.model.Ingredient>
i: [kapt] method component1()I -> origin=OTHER element=null descriptor=IrBasedSimpleFunctionDescriptor: FUN GENERATED_DATA_CLASS_MEMBER name:component1 visibility:public modality:FINAL <> ($this:com.leo.paleorecipes.data.model.RecipeResponse) returnType:kotlin.Int [operator]
i: [kapt] method component2()Ljava/lang/String; -> origin=OTHER element=null descriptor=IrBasedSimpleFunctionDescriptor: FUN GENERATED_DATA_CLASS_MEMBER name:component2 visibility:public modality:FINAL <> ($this:com.leo.paleorecipes.data.model.RecipeResponse) returnType:kotlin.String [operator]
i: [kapt] method component3()Ljava/lang/String; -> origin=OTHER element=null descriptor=IrBasedSimpleFunctionDescriptor: FUN GENERATED_DATA_CLASS_MEMBER name:component3 visibility:public modality:FINAL <> ($this:com.leo.paleorecipes.data.model.RecipeResponse) returnType:kotlin.String? [operator]
i: [kapt] method component4()I -> origin=OTHER element=null descriptor=IrBasedSimpleFunctionDescriptor: FUN GENERATED_DATA_CLASS_MEMBER name:component4 visibility:public modality:FINAL <> ($this:com.leo.paleorecipes.data.model.RecipeResponse) returnType:kotlin.Int [operator]
i: [kapt] method component5()Ljava/util/List; -> origin=OTHER element=null descriptor=IrBasedSimpleFunctionDescriptor: FUN GENERATED_DATA_CLASS_MEMBER name:component5 visibility:public modality:FINAL <> ($this:com.leo.paleorecipes.data.model.RecipeResponse) returnType:kotlin.collections.List<com.leo.paleorecipes.data.model.Ingredient> [operator]
i: [kapt] method component6()Ljava/util/List; -> origin=OTHER element=null descriptor=IrBasedSimpleFunctionDescriptor: FUN GENERATED_DATA_CLASS_MEMBER name:component6 visibility:public modality:FINAL <> ($this:com.leo.paleorecipes.data.model.RecipeResponse) returnType:kotlin.collections.List<com.leo.paleorecipes.data.model.Ingredient> [operator]
i: [kapt] method component7()Ljava/util/List; -> origin=OTHER element=null descriptor=IrBasedSimpleFunctionDescriptor: FUN GENERATED_DATA_CLASS_MEMBER name:component7 visibility:public modality:FINAL <> ($this:com.leo.paleorecipes.data.model.RecipeResponse) returnType:kotlin.collections.List<com.leo.paleorecipes.data.model.Ingredient> [operator]
i: [kapt] method copy(ILjava/lang/String;Ljava/lang/String;ILjava/util/List;Ljava/util/List;Ljava/util/List;)Lcom/leo/paleorecipes/data/model/RecipeResponse; -> origin=OTHER element=null descriptor=IrBasedSimpleFunctionDescriptor: FUN GENERATED_DATA_CLASS_MEMBER name:copy visibility:public modality:FINAL <> ($this:com.leo.paleorecipes.data.model.RecipeResponse, id:kotlin.Int, title:kotlin.String, image:kotlin.String?, missedIngredientCount:kotlin.Int, usedIngredients:kotlin.collections.List<com.leo.paleorecipes.data.model.Ingredient>, missedIngredients:kotlin.collections.List<com.leo.paleorecipes.data.model.Ingredient>, unusedIngredients:kotlin.collections.List<com.leo.paleorecipes.data.model.Ingredient>) returnType:com.leo.paleorecipes.data.model.RecipeResponse
i: [kapt] method toString()Ljava/lang/String; -> origin=OTHER element=null descriptor=IrBasedSimpleFunctionDescriptor: FUN GENERATED_DATA_CLASS_MEMBER name:toString visibility:public modality:OPEN <> ($this:com.leo.paleorecipes.data.model.RecipeResponse) returnType:kotlin.String
i: [kapt] method hashCode()I -> origin=OTHER element=null descriptor=IrBasedSimpleFunctionDescriptor: FUN GENERATED_DATA_CLASS_MEMBER name:hashCode visibility:public modality:OPEN <> ($this:com.leo.paleorecipes.data.model.RecipeResponse) returnType:kotlin.Int
i: [kapt] method equals(Ljava/lang/Object;)Z -> origin=OTHER element=null descriptor=IrBasedSimpleFunctionDescriptor: FUN GENERATED_DATA_CLASS_MEMBER name:equals visibility:public modality:OPEN <> ($this:com.leo.paleorecipes.data.model.RecipeResponse, other:kotlin.Any?) returnType:kotlin.Boolean [operator]
i: [kapt] field id:I -> origin=OTHER element=KtParameter descriptor=IrBasedFieldDescriptor: FIELD PROPERTY_BACKING_FIELD name:id type:kotlin.Int visibility:private [final]
i: [kapt] field missedIngredientCount:I -> origin=OTHER element=KtParameter descriptor=IrBasedFieldDescriptor: FIELD PROPERTY_BACKING_FIELD name:missedIngredientCount type:kotlin.Int visibility:private [final]
i: [kapt] field usedIngredients:Ljava/util/List; -> origin=OTHER element=KtParameter descriptor=IrBasedFieldDescriptor: FIELD PROPERTY_BACKING_FIELD name:usedIngredients type:kotlin.collections.List<com.leo.paleorecipes.data.model.Ingredient> visibility:private [final]
i: [kapt] field missedIngredients:Ljava/util/List; -> origin=OTHER element=KtParameter descriptor=IrBasedFieldDescriptor: FIELD PROPERTY_BACKING_FIELD name:missedIngredients type:kotlin.collections.List<com.leo.paleorecipes.data.model.Ingredient> visibility:private [final]
i: [kapt] field unusedIngredients:Ljava/util/List; -> origin=OTHER element=KtParameter descriptor=IrBasedFieldDescriptor: FIELD PROPERTY_BACKING_FIELD name:unusedIngredients type:kotlin.collections.List<com.leo.paleorecipes.data.model.Ingredient> visibility:private [final]
i: [kapt] class com/leo/paleorecipes/data/model/Ingredient -> origin=OTHER element=KtClass descriptor=IrBasedClassDescriptor: CLASS CLASS name:Ingredient modality:FINAL visibility:public [data] superTypes:[kotlin.Any]
i: [kapt] method <init>(ILjava/lang/String;DLjava/lang/String;Ljava/lang/String;Ljava/lang/String;)V -> origin=OTHER element=KtClass descriptor=IrBasedClassConstructorDescriptor: CONSTRUCTOR visibility:public <> (id:kotlin.Int, name:kotlin.String, amount:kotlin.Double, unit:kotlin.String, image:kotlin.String?, original:kotlin.String?) returnType:com.leo.paleorecipes.data.model.Ingredient [primary]
i: [kapt] method <init>(ILjava/lang/String;DLjava/lang/String;Ljava/lang/String;Ljava/lang/String;ILkotlin/jvm/internal/DefaultConstructorMarker;)V -> origin=OTHER element=KtClass descriptor=IrBasedClassConstructorDescriptor: CONSTRUCTOR FUNCTION_FOR_DEFAULT_PARAMETER visibility:public <> (id:kotlin.Int, name:kotlin.String, amount:kotlin.Double, unit:kotlin.String, image:kotlin.String?, original:kotlin.String?, $mask0:kotlin.Int, $marker:kotlin.jvm.internal.DefaultConstructorMarker?) returnType:com.leo.paleorecipes.data.model.Ingredient
i: [kapt] method getId()I -> origin=OTHER element=KtParameter descriptor=IrBasedPropertyGetterDescriptor: FUN DEFAULT_PROPERTY_ACCESSOR name:<get-id> visibility:public modality:FINAL <> ($this:com.leo.paleorecipes.data.model.Ingredient) returnType:kotlin.Int
i: [kapt] method getName()Ljava/lang/String; -> origin=OTHER element=KtParameter descriptor=IrBasedPropertyGetterDescriptor: FUN DEFAULT_PROPERTY_ACCESSOR name:<get-name> visibility:public modality:FINAL <> ($this:com.leo.paleorecipes.data.model.Ingredient) returnType:kotlin.String
i: [kapt] method getAmount()D -> origin=OTHER element=KtParameter descriptor=IrBasedPropertyGetterDescriptor: FUN DEFAULT_PROPERTY_ACCESSOR name:<get-amount> visibility:public modality:FINAL <> ($this:com.leo.paleorecipes.data.model.Ingredient) returnType:kotlin.Double
i: [kapt] method getUnit()Ljava/lang/String; -> origin=OTHER element=KtParameter descriptor=IrBasedPropertyGetterDescriptor: FUN DEFAULT_PROPERTY_ACCESSOR name:<get-unit> visibility:public modality:FINAL <> ($this:com.leo.paleorecipes.data.model.Ingredient) returnType:kotlin.String
i: [kapt] method getImage()Ljava/lang/String; -> origin=OTHER element=KtParameter descriptor=IrBasedPropertyGetterDescriptor: FUN DEFAULT_PROPERTY_ACCESSOR name:<get-image> visibility:public modality:FINAL <> ($this:com.leo.paleorecipes.data.model.Ingredient) returnType:kotlin.String?
i: [kapt] method getOriginal()Ljava/lang/String; -> origin=OTHER element=KtParameter descriptor=IrBasedPropertyGetterDescriptor: FUN DEFAULT_PROPERTY_ACCESSOR name:<get-original> visibility:public modality:FINAL <> ($this:com.leo.paleorecipes.data.model.Ingredient) returnType:kotlin.String?
i: [kapt] method component1()I -> origin=OTHER element=null descriptor=IrBasedSimpleFunctionDescriptor: FUN GENERATED_DATA_CLASS_MEMBER name:component1 visibility:public modality:FINAL <> ($this:com.leo.paleorecipes.data.model.Ingredient) returnType:kotlin.Int [operator]
i: [kapt] method component2()Ljava/lang/String; -> origin=OTHER element=null descriptor=IrBasedSimpleFunctionDescriptor: FUN GENERATED_DATA_CLASS_MEMBER name:component2 visibility:public modality:FINAL <> ($this:com.leo.paleorecipes.data.model.Ingredient) returnType:kotlin.String [operator]
i: [kapt] method component3()D -> origin=OTHER element=null descriptor=IrBasedSimpleFunctionDescriptor: FUN GENERATED_DATA_CLASS_MEMBER name:component3 visibility:public modality:FINAL <> ($this:com.leo.paleorecipes.data.model.Ingredient) returnType:kotlin.Double [operator]
i: [kapt] method component4()Ljava/lang/String; -> origin=OTHER element=null descriptor=IrBasedSimpleFunctionDescriptor: FUN GENERATED_DATA_CLASS_MEMBER name:component4 visibility:public modality:FINAL <> ($this:com.leo.paleorecipes.data.model.Ingredient) returnType:kotlin.String [operator]
i: [kapt] method component5()Ljava/lang/String; -> origin=OTHER element=null descriptor=IrBasedSimpleFunctionDescriptor: FUN GENERATED_DATA_CLASS_MEMBER name:component5 visibility:public modality:FINAL <> ($this:com.leo.paleorecipes.data.model.Ingredient) returnType:kotlin.String? [operator]
i: [kapt] method component6()Ljava/lang/String; -> origin=OTHER element=null descriptor=IrBasedSimpleFunctionDescriptor: FUN GENERATED_DATA_CLASS_MEMBER name:component6 visibility:public modality:FINAL <> ($this:com.leo.paleorecipes.data.model.Ingredient) returnType:kotlin.String? [operator]
i: [kapt] method copy(ILjava/lang/String;DLjava/lang/String;Ljava/lang/String;Ljava/lang/String;)Lcom/leo/paleorecipes/data/model/Ingredient; -> origin=OTHER element=null descriptor=IrBasedSimpleFunctionDescriptor: FUN GENERATED_DATA_CLASS_MEMBER name:copy visibility:public modality:FINAL <> ($this:com.leo.paleorecipes.data.model.Ingredient, id:kotlin.Int, name:kotlin.String, amount:kotlin.Double, unit:kotlin.String, image:kotlin.String?, original:kotlin.String?) returnType:com.leo.paleorecipes.data.model.Ingredient
i: [kapt] method toString()Ljava/lang/String; -> origin=OTHER element=null descriptor=IrBasedSimpleFunctionDescriptor: FUN GENERATED_DATA_CLASS_MEMBER name:toString visibility:public modality:OPEN <> ($this:com.leo.paleorecipes.data.model.Ingredient) returnType:kotlin.String
i: [kapt] method hashCode()I -> origin=OTHER element=null descriptor=IrBasedSimpleFunctionDescriptor: FUN GENERATED_DATA_CLASS_MEMBER name:hashCode visibility:public modality:OPEN <> ($this:com.leo.paleorecipes.data.model.Ingredient) returnType:kotlin.Int
i: [kapt] method equals(Ljava/lang/Object;)Z -> origin=OTHER element=null descriptor=IrBasedSimpleFunctionDescriptor: FUN GENERATED_DATA_CLASS_MEMBER name:equals visibility:public modality:OPEN <> ($this:com.leo.paleorecipes.data.model.Ingredient, other:kotlin.Any?) returnType:kotlin.Boolean [operator]
i: [kapt] field amount:D -> origin=OTHER element=KtParameter descriptor=IrBasedFieldDescriptor: FIELD PROPERTY_BACKING_FIELD name:amount type:kotlin.Double visibility:private [final]
i: [kapt] field unit:Ljava/lang/String; -> origin=OTHER element=KtParameter descriptor=IrBasedFieldDescriptor: FIELD PROPERTY_BACKING_FIELD name:unit type:kotlin.String visibility:private [final]
i: [kapt] class com/leo/paleorecipes/data/model/RecipeDetailResponse -> origin=OTHER element=KtClass descriptor=IrBasedClassDescriptor: CLASS CLASS name:RecipeDetailResponse modality:FINAL visibility:public [data] superTypes:[kotlin.Any]
i: [kapt] method <init>(ILjava/lang/String;Ljava/lang/String;Ljava/lang/String;Ljava/lang/String;Ljava/util/List;II)V -> origin=OTHER element=KtClass descriptor=IrBasedClassConstructorDescriptor: CONSTRUCTOR visibility:public <> (id:kotlin.Int, title:kotlin.String, image:kotlin.String?, summary:kotlin.String, instructions:kotlin.String, extendedIngredients:kotlin.collections.List<com.leo.paleorecipes.data.model.ExtendedIngredient>, readyInMinutes:kotlin.Int, servings:kotlin.Int) returnType:com.leo.paleorecipes.data.model.RecipeDetailResponse [primary]
i: [kapt] method getId()I -> origin=OTHER element=KtParameter descriptor=IrBasedPropertyGetterDescriptor: FUN DEFAULT_PROPERTY_ACCESSOR name:<get-id> visibility:public modality:FINAL <> ($this:com.leo.paleorecipes.data.model.RecipeDetailResponse) returnType:kotlin.Int
i: [kapt] method getTitle()Ljava/lang/String; -> origin=OTHER element=KtParameter descriptor=IrBasedPropertyGetterDescriptor: FUN DEFAULT_PROPERTY_ACCESSOR name:<get-title> visibility:public modality:FINAL <> ($this:com.leo.paleorecipes.data.model.RecipeDetailResponse) returnType:kotlin.String
i: [kapt] method getImage()Ljava/lang/String; -> origin=OTHER element=KtParameter descriptor=IrBasedPropertyGetterDescriptor: FUN DEFAULT_PROPERTY_ACCESSOR name:<get-image> visibility:public modality:FINAL <> ($this:com.leo.paleorecipes.data.model.RecipeDetailResponse) returnType:kotlin.String?
i: [kapt] method getSummary()Ljava/lang/String; -> origin=OTHER element=KtParameter descriptor=IrBasedPropertyGetterDescriptor: FUN DEFAULT_PROPERTY_ACCESSOR name:<get-summary> visibility:public modality:FINAL <> ($this:com.leo.paleorecipes.data.model.RecipeDetailResponse) returnType:kotlin.String
i: [kapt] method getInstructions()Ljava/lang/String; -> origin=OTHER element=KtParameter descriptor=IrBasedPropertyGetterDescriptor: FUN DEFAULT_PROPERTY_ACCESSOR name:<get-instructions> visibility:public modality:FINAL <> ($this:com.leo.paleorecipes.data.model.RecipeDetailResponse) returnType:kotlin.String
i: [kapt] method getExtendedIngredients()Ljava/util/List; -> origin=OTHER element=KtParameter descriptor=IrBasedPropertyGetterDescriptor: FUN DEFAULT_PROPERTY_ACCESSOR name:<get-extendedIngredients> visibility:public modality:FINAL <> ($this:com.leo.paleorecipes.data.model.RecipeDetailResponse) returnType:kotlin.collections.List<com.leo.paleorecipes.data.model.ExtendedIngredient>
i: [kapt] method getReadyInMinutes()I -> origin=OTHER element=KtParameter descriptor=IrBasedPropertyGetterDescriptor: FUN DEFAULT_PROPERTY_ACCESSOR name:<get-readyInMinutes> visibility:public modality:FINAL <> ($this:com.leo.paleorecipes.data.model.RecipeDetailResponse) returnType:kotlin.Int
i: [kapt] method getServings()I -> origin=OTHER element=KtParameter descriptor=IrBasedPropertyGetterDescriptor: FUN DEFAULT_PROPERTY_ACCESSOR name:<get-servings> visibility:public modality:FINAL <> ($this:com.leo.paleorecipes.data.model.RecipeDetailResponse) returnType:kotlin.Int
i: [kapt] method component1()I -> origin=OTHER element=null descriptor=IrBasedSimpleFunctionDescriptor: FUN GENERATED_DATA_CLASS_MEMBER name:component1 visibility:public modality:FINAL <> ($this:com.leo.paleorecipes.data.model.RecipeDetailResponse) returnType:kotlin.Int [operator]
i: [kapt] method component2()Ljava/lang/String; -> origin=OTHER element=null descriptor=IrBasedSimpleFunctionDescriptor: FUN GENERATED_DATA_CLASS_MEMBER name:component2 visibility:public modality:FINAL <> ($this:com.leo.paleorecipes.data.model.RecipeDetailResponse) returnType:kotlin.String [operator]
i: [kapt] method component3()Ljava/lang/String; -> origin=OTHER element=null descriptor=IrBasedSimpleFunctionDescriptor: FUN GENERATED_DATA_CLASS_MEMBER name:component3 visibility:public modality:FINAL <> ($this:com.leo.paleorecipes.data.model.RecipeDetailResponse) returnType:kotlin.String? [operator]
i: [kapt] method component4()Ljava/lang/String; -> origin=OTHER element=null descriptor=IrBasedSimpleFunctionDescriptor: FUN GENERATED_DATA_CLASS_MEMBER name:component4 visibility:public modality:FINAL <> ($this:com.leo.paleorecipes.data.model.RecipeDetailResponse) returnType:kotlin.String [operator]
i: [kapt] method component5()Ljava/lang/String; -> origin=OTHER element=null descriptor=IrBasedSimpleFunctionDescriptor: FUN GENERATED_DATA_CLASS_MEMBER name:component5 visibility:public modality:FINAL <> ($this:com.leo.paleorecipes.data.model.RecipeDetailResponse) returnType:kotlin.String [operator]
i: [kapt] method component6()Ljava/util/List; -> origin=OTHER element=null descriptor=IrBasedSimpleFunctionDescriptor: FUN GENERATED_DATA_CLASS_MEMBER name:component6 visibility:public modality:FINAL <> ($this:com.leo.paleorecipes.data.model.RecipeDetailResponse) returnType:kotlin.collections.List<com.leo.paleorecipes.data.model.ExtendedIngredient> [operator]
i: [kapt] method component7()I -> origin=OTHER element=null descriptor=IrBasedSimpleFunctionDescriptor: FUN GENERATED_DATA_CLASS_MEMBER name:component7 visibility:public modality:FINAL <> ($this:com.leo.paleorecipes.data.model.RecipeDetailResponse) returnType:kotlin.Int [operator]
i: [kapt] method component8()I -> origin=OTHER element=null descriptor=IrBasedSimpleFunctionDescriptor: FUN GENERATED_DATA_CLASS_MEMBER name:component8 visibility:public modality:FINAL <> ($this:com.leo.paleorecipes.data.model.RecipeDetailResponse) returnType:kotlin.Int [operator]
i: [kapt] method copy(ILjava/lang/String;Ljava/lang/String;Ljava/lang/String;Ljava/lang/String;Ljava/util/List;II)Lcom/leo/paleorecipes/data/model/RecipeDetailResponse; -> origin=OTHER element=null descriptor=IrBasedSimpleFunctionDescriptor: FUN GENERATED_DATA_CLASS_MEMBER name:copy visibility:public modality:FINAL <> ($this:com.leo.paleorecipes.data.model.RecipeDetailResponse, id:kotlin.Int, title:kotlin.String, image:kotlin.String?, summary:kotlin.String, instructions:kotlin.String, extendedIngredients:kotlin.collections.List<com.leo.paleorecipes.data.model.ExtendedIngredient>, readyInMinutes:kotlin.Int, servings:kotlin.Int) returnType:com.leo.paleorecipes.data.model.RecipeDetailResponse
i: [kapt] method toString()Ljava/lang/String; -> origin=OTHER element=null descriptor=IrBasedSimpleFunctionDescriptor: FUN GENERATED_DATA_CLASS_MEMBER name:toString visibility:public modality:OPEN <> ($this:com.leo.paleorecipes.data.model.RecipeDetailResponse) returnType:kotlin.String
i: [kapt] method hashCode()I -> origin=OTHER element=null descriptor=IrBasedSimpleFunctionDescriptor: FUN GENERATED_DATA_CLASS_MEMBER name:hashCode visibility:public modality:OPEN <> ($this:com.leo.paleorecipes.data.model.RecipeDetailResponse) returnType:kotlin.Int
i: [kapt] method equals(Ljava/lang/Object;)Z -> origin=OTHER element=null descriptor=IrBasedSimpleFunctionDescriptor: FUN GENERATED_DATA_CLASS_MEMBER name:equals visibility:public modality:OPEN <> ($this:com.leo.paleorecipes.data.model.RecipeDetailResponse, other:kotlin.Any?) returnType:kotlin.Boolean [operator]
i: [kapt] field summary:Ljava/lang/String; -> origin=OTHER element=KtParameter descriptor=IrBasedFieldDescriptor: FIELD PROPERTY_BACKING_FIELD name:summary type:kotlin.String visibility:private [final]
i: [kapt] field instructions:Ljava/lang/String; -> origin=OTHER element=KtParameter descriptor=IrBasedFieldDescriptor: FIELD PROPERTY_BACKING_FIELD name:instructions type:kotlin.String visibility:private [final]
i: [kapt] field extendedIngredients:Ljava/util/List; -> origin=OTHER element=KtParameter descriptor=IrBasedFieldDescriptor: FIELD PROPERTY_BACKING_FIELD name:extendedIngredients type:kotlin.collections.List<com.leo.paleorecipes.data.model.ExtendedIngredient> visibility:private [final]
i: [kapt] field readyInMinutes:I -> origin=OTHER element=KtParameter descriptor=IrBasedFieldDescriptor: FIELD PROPERTY_BACKING_FIELD name:readyInMinutes type:kotlin.Int visibility:private [final]
i: [kapt] class com/leo/paleorecipes/data/model/ExtendedIngredient -> origin=OTHER element=KtClass descriptor=IrBasedClassDescriptor: CLASS CLASS name:ExtendedIngredient modality:FINAL visibility:public [data] superTypes:[kotlin.Any]
i: [kapt] method <init>(ILjava/lang/String;DLjava/lang/String;Ljava/lang/String;Ljava/lang/String;)V -> origin=OTHER element=KtClass descriptor=IrBasedClassConstructorDescriptor: CONSTRUCTOR visibility:public <> (id:kotlin.Int, name:kotlin.String, amount:kotlin.Double, unit:kotlin.String, original:kotlin.String, image:kotlin.String?) returnType:com.leo.paleorecipes.data.model.ExtendedIngredient [primary]
i: [kapt] method getId()I -> origin=OTHER element=KtParameter descriptor=IrBasedPropertyGetterDescriptor: FUN DEFAULT_PROPERTY_ACCESSOR name:<get-id> visibility:public modality:FINAL <> ($this:com.leo.paleorecipes.data.model.ExtendedIngredient) returnType:kotlin.Int
i: [kapt] method getName()Ljava/lang/String; -> origin=OTHER element=KtParameter descriptor=IrBasedPropertyGetterDescriptor: FUN DEFAULT_PROPERTY_ACCESSOR name:<get-name> visibility:public modality:FINAL <> ($this:com.leo.paleorecipes.data.model.ExtendedIngredient) returnType:kotlin.String
i: [kapt] method getAmount()D -> origin=OTHER element=KtParameter descriptor=IrBasedPropertyGetterDescriptor: FUN DEFAULT_PROPERTY_ACCESSOR name:<get-amount> visibility:public modality:FINAL <> ($this:com.leo.paleorecipes.data.model.ExtendedIngredient) returnType:kotlin.Double
i: [kapt] method getUnit()Ljava/lang/String; -> origin=OTHER element=KtParameter descriptor=IrBasedPropertyGetterDescriptor: FUN DEFAULT_PROPERTY_ACCESSOR name:<get-unit> visibility:public modality:FINAL <> ($this:com.leo.paleorecipes.data.model.ExtendedIngredient) returnType:kotlin.String
i: [kapt] method getOriginal()Ljava/lang/String; -> origin=OTHER element=KtParameter descriptor=IrBasedPropertyGetterDescriptor: FUN DEFAULT_PROPERTY_ACCESSOR name:<get-original> visibility:public modality:FINAL <> ($this:com.leo.paleorecipes.data.model.ExtendedIngredient) returnType:kotlin.String
i: [kapt] method getImage()Ljava/lang/String; -> origin=OTHER element=KtParameter descriptor=IrBasedPropertyGetterDescriptor: FUN DEFAULT_PROPERTY_ACCESSOR name:<get-image> visibility:public modality:FINAL <> ($this:com.leo.paleorecipes.data.model.ExtendedIngredient) returnType:kotlin.String?
i: [kapt] method component1()I -> origin=OTHER element=null descriptor=IrBasedSimpleFunctionDescriptor: FUN GENERATED_DATA_CLASS_MEMBER name:component1 visibility:public modality:FINAL <> ($this:com.leo.paleorecipes.data.model.ExtendedIngredient) returnType:kotlin.Int [operator]
i: [kapt] method component2()Ljava/lang/String; -> origin=OTHER element=null descriptor=IrBasedSimpleFunctionDescriptor: FUN GENERATED_DATA_CLASS_MEMBER name:component2 visibility:public modality:FINAL <> ($this:com.leo.paleorecipes.data.model.ExtendedIngredient) returnType:kotlin.String [operator]
i: [kapt] method component3()D -> origin=OTHER element=null descriptor=IrBasedSimpleFunctionDescriptor: FUN GENERATED_DATA_CLASS_MEMBER name:component3 visibility:public modality:FINAL <> ($this:com.leo.paleorecipes.data.model.ExtendedIngredient) returnType:kotlin.Double [operator]
i: [kapt] method component4()Ljava/lang/String; -> origin=OTHER element=null descriptor=IrBasedSimpleFunctionDescriptor: FUN GENERATED_DATA_CLASS_MEMBER name:component4 visibility:public modality:FINAL <> ($this:com.leo.paleorecipes.data.model.ExtendedIngredient) returnType:kotlin.String [operator]
i: [kapt] method component5()Ljava/lang/String; -> origin=OTHER element=null descriptor=IrBasedSimpleFunctionDescriptor: FUN GENERATED_DATA_CLASS_MEMBER name:component5 visibility:public modality:FINAL <> ($this:com.leo.paleorecipes.data.model.ExtendedIngredient) returnType:kotlin.String [operator]
i: [kapt] method component6()Ljava/lang/String; -> origin=OTHER element=null descriptor=IrBasedSimpleFunctionDescriptor: FUN GENERATED_DATA_CLASS_MEMBER name:component6 visibility:public modality:FINAL <> ($this:com.leo.paleorecipes.data.model.ExtendedIngredient) returnType:kotlin.String? [operator]
i: [kapt] method copy(ILjava/lang/String;DLjava/lang/String;Ljava/lang/String;Ljava/lang/String;)Lcom/leo/paleorecipes/data/model/ExtendedIngredient; -> origin=OTHER element=null descriptor=IrBasedSimpleFunctionDescriptor: FUN GENERATED_DATA_CLASS_MEMBER name:copy visibility:public modality:FINAL <> ($this:com.leo.paleorecipes.data.model.ExtendedIngredient, id:kotlin.Int, name:kotlin.String, amount:kotlin.Double, unit:kotlin.String, original:kotlin.String, image:kotlin.String?) returnType:com.leo.paleorecipes.data.model.ExtendedIngredient
i: [kapt] method toString()Ljava/lang/String; -> origin=OTHER element=null descriptor=IrBasedSimpleFunctionDescriptor: FUN GENERATED_DATA_CLASS_MEMBER name:toString visibility:public modality:OPEN <> ($this:com.leo.paleorecipes.data.model.ExtendedIngredient) returnType:kotlin.String
i: [kapt] method hashCode()I -> origin=OTHER element=null descriptor=IrBasedSimpleFunctionDescriptor: FUN GENERATED_DATA_CLASS_MEMBER name:hashCode visibility:public modality:OPEN <> ($this:com.leo.paleorecipes.data.model.ExtendedIngredient) returnType:kotlin.Int
i: [kapt] method equals(Ljava/lang/Object;)Z -> origin=OTHER element=null descriptor=IrBasedSimpleFunctionDescriptor: FUN GENERATED_DATA_CLASS_MEMBER name:equals visibility:public modality:OPEN <> ($this:com.leo.paleorecipes.data.model.ExtendedIngredient, other:kotlin.Any?) returnType:kotlin.Boolean [operator]
i: [kapt] field original:Ljava/lang/String; -> origin=OTHER element=KtParameter descriptor=IrBasedFieldDescriptor: FIELD PROPERTY_BACKING_FIELD name:original type:kotlin.String visibility:private [final]
i: [kapt] class com/leo/paleorecipes/data/model/DomainRecipe -> origin=OTHER element=KtClass descriptor=IrBasedClassDescriptor: CLASS CLASS name:DomainRecipe modality:FINAL visibility:public [data] superTypes:[kotlin.Any]
i: [kapt] method <init>(JLjava/lang/String;Ljava/lang/String;Ljava/util/List;Ljava/util/List;IIILjava/lang/String;Ljava/lang/String;Ljava/lang/String;Ljava/lang/String;ZJ)V -> origin=OTHER element=KtClass descriptor=IrBasedClassConstructorDescriptor: CONSTRUCTOR visibility:public <> (id:kotlin.Long, name:kotlin.String, description:kotlin.String, ingredients:kotlin.collections.List<kotlin.String>, instructions:kotlin.collections.List<kotlin.String>, prepTime:kotlin.Int, cookTime:kotlin.Int, servings:kotlin.Int, category:kotlin.String, difficulty:kotlin.String, notes:kotlin.String, imageUri:kotlin.String, isFavorite:kotlin.Boolean, dateAdded:kotlin.Long) returnType:com.leo.paleorecipes.data.model.DomainRecipe [primary]
i: [kapt] method <init>(JLjava/lang/String;Ljava/lang/String;Ljava/util/List;Ljava/util/List;IIILjava/lang/String;Ljava/lang/String;Ljava/lang/String;Ljava/lang/String;ZJILkotlin/jvm/internal/DefaultConstructorMarker;)V -> origin=OTHER element=KtClass descriptor=IrBasedClassConstructorDescriptor: CONSTRUCTOR FUNCTION_FOR_DEFAULT_PARAMETER visibility:public <> (id:kotlin.Long, name:kotlin.String, description:kotlin.String?, ingredients:kotlin.collections.List<kotlin.String>, instructions:kotlin.collections.List<kotlin.String>, prepTime:kotlin.Int, cookTime:kotlin.Int, servings:kotlin.Int, category:kotlin.String?, difficulty:kotlin.String?, notes:kotlin.String?, imageUri:kotlin.String?, isFavorite:kotlin.Boolean, dateAdded:kotlin.Long, $mask0:kotlin.Int, $marker:kotlin.jvm.internal.DefaultConstructorMarker?) returnType:com.leo.paleorecipes.data.model.DomainRecipe
i: [kapt] method getId()J -> origin=OTHER element=KtParameter descriptor=IrBasedPropertyGetterDescriptor: FUN DEFAULT_PROPERTY_ACCESSOR name:<get-id> visibility:public modality:FINAL <> ($this:com.leo.paleorecipes.data.model.DomainRecipe) returnType:kotlin.Long
i: [kapt] method getName()Ljava/lang/String; -> origin=OTHER element=KtParameter descriptor=IrBasedPropertyGetterDescriptor: FUN DEFAULT_PROPERTY_ACCESSOR name:<get-name> visibility:public modality:FINAL <> ($this:com.leo.paleorecipes.data.model.DomainRecipe) returnType:kotlin.String
i: [kapt] method getDescription()Ljava/lang/String; -> origin=OTHER element=KtParameter descriptor=IrBasedPropertyGetterDescriptor: FUN DEFAULT_PROPERTY_ACCESSOR name:<get-description> visibility:public modality:FINAL <> ($this:com.leo.paleorecipes.data.model.DomainRecipe) returnType:kotlin.String
i: [kapt] method getIngredients()Ljava/util/List; -> origin=OTHER element=KtParameter descriptor=IrBasedPropertyGetterDescriptor: FUN DEFAULT_PROPERTY_ACCESSOR name:<get-ingredients> visibility:public modality:FINAL <> ($this:com.leo.paleorecipes.data.model.DomainRecipe) returnType:kotlin.collections.List<kotlin.String>
i: [kapt] method getInstructions()Ljava/util/List; -> origin=OTHER element=KtParameter descriptor=IrBasedPropertyGetterDescriptor: FUN DEFAULT_PROPERTY_ACCESSOR name:<get-instructions> visibility:public modality:FINAL <> ($this:com.leo.paleorecipes.data.model.DomainRecipe) returnType:kotlin.collections.List<kotlin.String>
i: [kapt] method getPrepTime()I -> origin=OTHER element=KtParameter descriptor=IrBasedPropertyGetterDescriptor: FUN DEFAULT_PROPERTY_ACCESSOR name:<get-prepTime> visibility:public modality:FINAL <> ($this:com.leo.paleorecipes.data.model.DomainRecipe) returnType:kotlin.Int
i: [kapt] method getCookTime()I -> origin=OTHER element=KtParameter descriptor=IrBasedPropertyGetterDescriptor: FUN DEFAULT_PROPERTY_ACCESSOR name:<get-cookTime> visibility:public modality:FINAL <> ($this:com.leo.paleorecipes.data.model.DomainRecipe) returnType:kotlin.Int
i: [kapt] method getServings()I -> origin=OTHER element=KtParameter descriptor=IrBasedPropertyGetterDescriptor: FUN DEFAULT_PROPERTY_ACCESSOR name:<get-servings> visibility:public modality:FINAL <> ($this:com.leo.paleorecipes.data.model.DomainRecipe) returnType:kotlin.Int
i: [kapt] method getCategory()Ljava/lang/String; -> origin=OTHER element=KtParameter descriptor=IrBasedPropertyGetterDescriptor: FUN DEFAULT_PROPERTY_ACCESSOR name:<get-category> visibility:public modality:FINAL <> ($this:com.leo.paleorecipes.data.model.DomainRecipe) returnType:kotlin.String
i: [kapt] method getDifficulty()Ljava/lang/String; -> origin=OTHER element=KtParameter descriptor=IrBasedPropertyGetterDescriptor: FUN DEFAULT_PROPERTY_ACCESSOR name:<get-difficulty> visibility:public modality:FINAL <> ($this:com.leo.paleorecipes.data.model.DomainRecipe) returnType:kotlin.String
i: [kapt] method getNotes()Ljava/lang/String; -> origin=OTHER element=KtParameter descriptor=IrBasedPropertyGetterDescriptor: FUN DEFAULT_PROPERTY_ACCESSOR name:<get-notes> visibility:public modality:FINAL <> ($this:com.leo.paleorecipes.data.model.DomainRecipe) returnType:kotlin.String
i: [kapt] method getImageUri()Ljava/lang/String; -> origin=OTHER element=KtParameter descriptor=IrBasedPropertyGetterDescriptor: FUN DEFAULT_PROPERTY_ACCESSOR name:<get-imageUri> visibility:public modality:FINAL <> ($this:com.leo.paleorecipes.data.model.DomainRecipe) returnType:kotlin.String
i: [kapt] method isFavorite()Z -> origin=OTHER element=KtParameter descriptor=IrBasedPropertyGetterDescriptor: FUN DEFAULT_PROPERTY_ACCESSOR name:<get-isFavorite> visibility:public modality:FINAL <> ($this:com.leo.paleorecipes.data.model.DomainRecipe) returnType:kotlin.Boolean
i: [kapt] method getDateAdded()J -> origin=OTHER element=KtParameter descriptor=IrBasedPropertyGetterDescriptor: FUN DEFAULT_PROPERTY_ACCESSOR name:<get-dateAdded> visibility:public modality:FINAL <> ($this:com.leo.paleorecipes.data.model.DomainRecipe) returnType:kotlin.Long
i: [kapt] method component1()J -> origin=OTHER element=null descriptor=IrBasedSimpleFunctionDescriptor: FUN GENERATED_DATA_CLASS_MEMBER name:component1 visibility:public modality:FINAL <> ($this:com.leo.paleorecipes.data.model.DomainRecipe) returnType:kotlin.Long [operator]
i: [kapt] method component2()Ljava/lang/String; -> origin=OTHER element=null descriptor=IrBasedSimpleFunctionDescriptor: FUN GENERATED_DATA_CLASS_MEMBER name:component2 visibility:public modality:FINAL <> ($this:com.leo.paleorecipes.data.model.DomainRecipe) returnType:kotlin.String [operator]
i: [kapt] method component3()Ljava/lang/String; -> origin=OTHER element=null descriptor=IrBasedSimpleFunctionDescriptor: FUN GENERATED_DATA_CLASS_MEMBER name:component3 visibility:public modality:FINAL <> ($this:com.leo.paleorecipes.data.model.DomainRecipe) returnType:kotlin.String [operator]
i: [kapt] method component4()Ljava/util/List; -> origin=OTHER element=null descriptor=IrBasedSimpleFunctionDescriptor: FUN GENERATED_DATA_CLASS_MEMBER name:component4 visibility:public modality:FINAL <> ($this:com.leo.paleorecipes.data.model.DomainRecipe) returnType:kotlin.collections.List<kotlin.String> [operator]
i: [kapt] method component5()Ljava/util/List; -> origin=OTHER element=null descriptor=IrBasedSimpleFunctionDescriptor: FUN GENERATED_DATA_CLASS_MEMBER name:component5 visibility:public modality:FINAL <> ($this:com.leo.paleorecipes.data.model.DomainRecipe) returnType:kotlin.collections.List<kotlin.String> [operator]
i: [kapt] method component6()I -> origin=OTHER element=null descriptor=IrBasedSimpleFunctionDescriptor: FUN GENERATED_DATA_CLASS_MEMBER name:component6 visibility:public modality:FINAL <> ($this:com.leo.paleorecipes.data.model.DomainRecipe) returnType:kotlin.Int [operator]
i: [kapt] method component7()I -> origin=OTHER element=null descriptor=IrBasedSimpleFunctionDescriptor: FUN GENERATED_DATA_CLASS_MEMBER name:component7 visibility:public modality:FINAL <> ($this:com.leo.paleorecipes.data.model.DomainRecipe) returnType:kotlin.Int [operator]
i: [kapt] method component8()I -> origin=OTHER element=null descriptor=IrBasedSimpleFunctionDescriptor: FUN GENERATED_DATA_CLASS_MEMBER name:component8 visibility:public modality:FINAL <> ($this:com.leo.paleorecipes.data.model.DomainRecipe) returnType:kotlin.Int [operator]
i: [kapt] method component9()Ljava/lang/String; -> origin=OTHER element=null descriptor=IrBasedSimpleFunctionDescriptor: FUN GENERATED_DATA_CLASS_MEMBER name:component9 visibility:public modality:FINAL <> ($this:com.leo.paleorecipes.data.model.DomainRecipe) returnType:kotlin.String [operator]
i: [kapt] method component10()Ljava/lang/String; -> origin=OTHER element=null descriptor=IrBasedSimpleFunctionDescriptor: FUN GENERATED_DATA_CLASS_MEMBER name:component10 visibility:public modality:FINAL <> ($this:com.leo.paleorecipes.data.model.DomainRecipe) returnType:kotlin.String [operator]
i: [kapt] method component11()Ljava/lang/String; -> origin=OTHER element=null descriptor=IrBasedSimpleFunctionDescriptor: FUN GENERATED_DATA_CLASS_MEMBER name:component11 visibility:public modality:FINAL <> ($this:com.leo.paleorecipes.data.model.DomainRecipe) returnType:kotlin.String [operator]
i: [kapt] method component12()Ljava/lang/String; -> origin=OTHER element=null descriptor=IrBasedSimpleFunctionDescriptor: FUN GENERATED_DATA_CLASS_MEMBER name:component12 visibility:public modality:FINAL <> ($this:com.leo.paleorecipes.data.model.DomainRecipe) returnType:kotlin.String [operator]
i: [kapt] method component13()Z -> origin=OTHER element=null descriptor=IrBasedSimpleFunctionDescriptor: FUN GENERATED_DATA_CLASS_MEMBER name:component13 visibility:public modality:FINAL <> ($this:com.leo.paleorecipes.data.model.DomainRecipe) returnType:kotlin.Boolean [operator]
i: [kapt] method component14()J -> origin=OTHER element=null descriptor=IrBasedSimpleFunctionDescriptor: FUN GENERATED_DATA_CLASS_MEMBER name:component14 visibility:public modality:FINAL <> ($this:com.leo.paleorecipes.data.model.DomainRecipe) returnType:kotlin.Long [operator]
i: [kapt] method copy(JLjava/lang/String;Ljava/lang/String;Ljava/util/List;Ljava/util/List;IIILjava/lang/String;Ljava/lang/String;Ljava/lang/String;Ljava/lang/String;ZJ)Lcom/leo/paleorecipes/data/model/DomainRecipe; -> origin=OTHER element=null descriptor=IrBasedSimpleFunctionDescriptor: FUN GENERATED_DATA_CLASS_MEMBER name:copy visibility:public modality:FINAL <> ($this:com.leo.paleorecipes.data.model.DomainRecipe, id:kotlin.Long, name:kotlin.String, description:kotlin.String, ingredients:kotlin.collections.List<kotlin.String>, instructions:kotlin.collections.List<kotlin.String>, prepTime:kotlin.Int, cookTime:kotlin.Int, servings:kotlin.Int, category:kotlin.String, difficulty:kotlin.String, notes:kotlin.String, imageUri:kotlin.String, isFavorite:kotlin.Boolean, dateAdded:kotlin.Long) returnType:com.leo.paleorecipes.data.model.DomainRecipe
i: [kapt] method toString()Ljava/lang/String; -> origin=OTHER element=null descriptor=IrBasedSimpleFunctionDescriptor: FUN GENERATED_DATA_CLASS_MEMBER name:toString visibility:public modality:OPEN <> ($this:com.leo.paleorecipes.data.model.DomainRecipe) returnType:kotlin.String
i: [kapt] method hashCode()I -> origin=OTHER element=null descriptor=IrBasedSimpleFunctionDescriptor: FUN GENERATED_DATA_CLASS_MEMBER name:hashCode visibility:public modality:OPEN <> ($this:com.leo.paleorecipes.data.model.DomainRecipe) returnType:kotlin.Int
i: [kapt] method equals(Ljava/lang/Object;)Z -> origin=OTHER element=null descriptor=IrBasedSimpleFunctionDescriptor: FUN GENERATED_DATA_CLASS_MEMBER name:equals visibility:public modality:OPEN <> ($this:com.leo.paleorecipes.data.model.DomainRecipe, other:kotlin.Any?) returnType:kotlin.Boolean [operator]
i: [kapt] field imageUri:Ljava/lang/String; -> origin=OTHER element=KtParameter descriptor=IrBasedFieldDescriptor: FIELD PROPERTY_BACKING_FIELD name:imageUri type:kotlin.String visibility:private [final]
i: [kapt] class com/leo/paleorecipes/data/model/Recipe -> origin=OTHER element=KtClass descriptor=IrBasedClassDescriptor: CLASS CLASS name:Recipe modality:FINAL visibility:public [data] superTypes:[kotlin.Any]
i: [kapt] method <init>(JLjava/lang/String;Ljava/lang/String;ILjava/util/List;Ljava/util/List;Ljava/util/List;Ljava/lang/Integer;Ljava/lang/Integer;Ljava/lang/String;Ljava/lang/String;Ljava/util/List;Ljava/util/List;ZZZZ)V -> origin=OTHER element=KtClass descriptor=IrBasedClassConstructorDescriptor: CONSTRUCTOR visibility:public <> (id:kotlin.Long, title:kotlin.String, image:kotlin.String?, missedIngredientCount:kotlin.Int, usedIngredients:kotlin.collections.List<com.leo.paleorecipes.data.model.Ingredient>, missedIngredients:kotlin.collections.List<com.leo.paleorecipes.data.model.Ingredient>, unusedIngredients:kotlin.collections.List<com.leo.paleorecipes.data.model.Ingredient>, readyInMinutes:kotlin.Int?, servings:kotlin.Int?, sourceUrl:kotlin.String?, summary:kotlin.String?, extendedIngredients:kotlin.collections.List<com.leo.paleorecipes.data.model.ExtendedIngredient>?, analyzedInstructions:kotlin.collections.List<com.leo.paleorecipes.data.model.AnalyzedInstruction>?, isVegetarian:kotlin.Boolean, isVegan:kotlin.Boolean, isGlutenFree:kotlin.Boolean, isDairyFree:kotlin.Boolean) returnType:com.leo.paleorecipes.data.model.Recipe [primary]
i: [kapt] method <init>(JLjava/lang/String;Ljava/lang/String;ILjava/util/List;Ljava/util/List;Ljava/util/List;Ljava/lang/Integer;Ljava/lang/Integer;Ljava/lang/String;Ljava/lang/String;Ljava/util/List;Ljava/util/List;ZZZZILkotlin/jvm/internal/DefaultConstructorMarker;)V -> origin=OTHER element=KtClass descriptor=IrBasedClassConstructorDescriptor: CONSTRUCTOR FUNCTION_FOR_DEFAULT_PARAMETER visibility:public <> (id:kotlin.Long, title:kotlin.String, image:kotlin.String?, missedIngredientCount:kotlin.Int, usedIngredients:kotlin.collections.List<com.leo.paleorecipes.data.model.Ingredient>?, missedIngredients:kotlin.collections.List<com.leo.paleorecipes.data.model.Ingredient>?, unusedIngredients:kotlin.collections.List<com.leo.paleorecipes.data.model.Ingredient>?, readyInMinutes:kotlin.Int?, servings:kotlin.Int?, sourceUrl:kotlin.String?, summary:kotlin.String?, extendedIngredients:kotlin.collections.List<com.leo.paleorecipes.data.model.ExtendedIngredient>?, analyzedInstructions:kotlin.collections.List<com.leo.paleorecipes.data.model.AnalyzedInstruction>?, isVegetarian:kotlin.Boolean, isVegan:kotlin.Boolean, isGlutenFree:kotlin.Boolean, isDairyFree:kotlin.Boolean, $mask0:kotlin.Int, $marker:kotlin.jvm.internal.DefaultConstructorMarker?) returnType:com.leo.paleorecipes.data.model.Recipe
i: [kapt] method getId()J -> origin=OTHER element=KtParameter descriptor=IrBasedPropertyGetterDescriptor: FUN DEFAULT_PROPERTY_ACCESSOR name:<get-id> visibility:public modality:FINAL <> ($this:com.leo.paleorecipes.data.model.Recipe) returnType:kotlin.Long
i: [kapt] method getTitle()Ljava/lang/String; -> origin=OTHER element=KtParameter descriptor=IrBasedPropertyGetterDescriptor: FUN DEFAULT_PROPERTY_ACCESSOR name:<get-title> visibility:public modality:FINAL <> ($this:com.leo.paleorecipes.data.model.Recipe) returnType:kotlin.String
i: [kapt] method getImage()Ljava/lang/String; -> origin=OTHER element=KtParameter descriptor=IrBasedPropertyGetterDescriptor: FUN DEFAULT_PROPERTY_ACCESSOR name:<get-image> visibility:public modality:FINAL <> ($this:com.leo.paleorecipes.data.model.Recipe) returnType:kotlin.String?
i: [kapt] method getMissedIngredientCount()I -> origin=OTHER element=KtParameter descriptor=IrBasedPropertyGetterDescriptor: FUN DEFAULT_PROPERTY_ACCESSOR name:<get-missedIngredientCount> visibility:public modality:FINAL <> ($this:com.leo.paleorecipes.data.model.Recipe) returnType:kotlin.Int
i: [kapt] method getUsedIngredients()Ljava/util/List; -> origin=OTHER element=KtParameter descriptor=IrBasedPropertyGetterDescriptor: FUN DEFAULT_PROPERTY_ACCESSOR name:<get-usedIngredients> visibility:public modality:FINAL <> ($this:com.leo.paleorecipes.data.model.Recipe) returnType:kotlin.collections.List<com.leo.paleorecipes.data.model.Ingredient>
i: [kapt] method getMissedIngredients()Ljava/util/List; -> origin=OTHER element=KtParameter descriptor=IrBasedPropertyGetterDescriptor: FUN DEFAULT_PROPERTY_ACCESSOR name:<get-missedIngredients> visibility:public modality:FINAL <> ($this:com.leo.paleorecipes.data.model.Recipe) returnType:kotlin.collections.List<com.leo.paleorecipes.data.model.Ingredient>
i: [kapt] method getUnusedIngredients()Ljava/util/List; -> origin=OTHER element=KtParameter descriptor=IrBasedPropertyGetterDescriptor: FUN DEFAULT_PROPERTY_ACCESSOR name:<get-unusedIngredients> visibility:public modality:FINAL <> ($this:com.leo.paleorecipes.data.model.Recipe) returnType:kotlin.collections.List<com.leo.paleorecipes.data.model.Ingredient>
i: [kapt] method getReadyInMinutes()Ljava/lang/Integer; -> origin=OTHER element=KtParameter descriptor=IrBasedPropertyGetterDescriptor: FUN DEFAULT_PROPERTY_ACCESSOR name:<get-readyInMinutes> visibility:public modality:FINAL <> ($this:com.leo.paleorecipes.data.model.Recipe) returnType:kotlin.Int?
i: [kapt] method getServings()Ljava/lang/Integer; -> origin=OTHER element=KtParameter descriptor=IrBasedPropertyGetterDescriptor: FUN DEFAULT_PROPERTY_ACCESSOR name:<get-servings> visibility:public modality:FINAL <> ($this:com.leo.paleorecipes.data.model.Recipe) returnType:kotlin.Int?
i: [kapt] method getSourceUrl()Ljava/lang/String; -> origin=OTHER element=KtParameter descriptor=IrBasedPropertyGetterDescriptor: FUN DEFAULT_PROPERTY_ACCESSOR name:<get-sourceUrl> visibility:public modality:FINAL <> ($this:com.leo.paleorecipes.data.model.Recipe) returnType:kotlin.String?
i: [kapt] method getSummary()Ljava/lang/String; -> origin=OTHER element=KtParameter descriptor=IrBasedPropertyGetterDescriptor: FUN DEFAULT_PROPERTY_ACCESSOR name:<get-summary> visibility:public modality:FINAL <> ($this:com.leo.paleorecipes.data.model.Recipe) returnType:kotlin.String?
i: [kapt] method getExtendedIngredients()Ljava/util/List; -> origin=OTHER element=KtParameter descriptor=IrBasedPropertyGetterDescriptor: FUN DEFAULT_PROPERTY_ACCESSOR name:<get-extendedIngredients> visibility:public modality:FINAL <> ($this:com.leo.paleorecipes.data.model.Recipe) returnType:kotlin.collections.List<com.leo.paleorecipes.data.model.ExtendedIngredient>?
i: [kapt] method getAnalyzedInstructions()Ljava/util/List; -> origin=OTHER element=KtParameter descriptor=IrBasedPropertyGetterDescriptor: FUN DEFAULT_PROPERTY_ACCESSOR name:<get-analyzedInstructions> visibility:public modality:FINAL <> ($this:com.leo.paleorecipes.data.model.Recipe) returnType:kotlin.collections.List<com.leo.paleorecipes.data.model.AnalyzedInstruction>?
i: [kapt] method isVegetarian()Z -> origin=OTHER element=KtParameter descriptor=IrBasedPropertyGetterDescriptor: FUN DEFAULT_PROPERTY_ACCESSOR name:<get-isVegetarian> visibility:public modality:FINAL <> ($this:com.leo.paleorecipes.data.model.Recipe) returnType:kotlin.Boolean
i: [kapt] method isVegan()Z -> origin=OTHER element=KtParameter descriptor=IrBasedPropertyGetterDescriptor: FUN DEFAULT_PROPERTY_ACCESSOR name:<get-isVegan> visibility:public modality:FINAL <> ($this:com.leo.paleorecipes.data.model.Recipe) returnType:kotlin.Boolean
i: [kapt] method isGlutenFree()Z -> origin=OTHER element=KtParameter descriptor=IrBasedPropertyGetterDescriptor: FUN DEFAULT_PROPERTY_ACCESSOR name:<get-isGlutenFree> visibility:public modality:FINAL <> ($this:com.leo.paleorecipes.data.model.Recipe) returnType:kotlin.Boolean
i: [kapt] method isDairyFree()Z -> origin=OTHER element=KtParameter descriptor=IrBasedPropertyGetterDescriptor: FUN DEFAULT_PROPERTY_ACCESSOR name:<get-isDairyFree> visibility:public modality:FINAL <> ($this:com.leo.paleorecipes.data.model.Recipe) returnType:kotlin.Boolean
i: [kapt] method component1()J -> origin=OTHER element=null descriptor=IrBasedSimpleFunctionDescriptor: FUN GENERATED_DATA_CLASS_MEMBER name:component1 visibility:public modality:FINAL <> ($this:com.leo.paleorecipes.data.model.Recipe) returnType:kotlin.Long [operator]
i: [kapt] method component2()Ljava/lang/String; -> origin=OTHER element=null descriptor=IrBasedSimpleFunctionDescriptor: FUN GENERATED_DATA_CLASS_MEMBER name:component2 visibility:public modality:FINAL <> ($this:com.leo.paleorecipes.data.model.Recipe) returnType:kotlin.String [operator]
i: [kapt] method component3()Ljava/lang/String; -> origin=OTHER element=null descriptor=IrBasedSimpleFunctionDescriptor: FUN GENERATED_DATA_CLASS_MEMBER name:component3 visibility:public modality:FINAL <> ($this:com.leo.paleorecipes.data.model.Recipe) returnType:kotlin.String? [operator]
i: [kapt] method component4()I -> origin=OTHER element=null descriptor=IrBasedSimpleFunctionDescriptor: FUN GENERATED_DATA_CLASS_MEMBER name:component4 visibility:public modality:FINAL <> ($this:com.leo.paleorecipes.data.model.Recipe) returnType:kotlin.Int [operator]
i: [kapt] method component5()Ljava/util/List; -> origin=OTHER element=null descriptor=IrBasedSimpleFunctionDescriptor: FUN GENERATED_DATA_CLASS_MEMBER name:component5 visibility:public modality:FINAL <> ($this:com.leo.paleorecipes.data.model.Recipe) returnType:kotlin.collections.List<com.leo.paleorecipes.data.model.Ingredient> [operator]
i: [kapt] method component6()Ljava/util/List; -> origin=OTHER element=null descriptor=IrBasedSimpleFunctionDescriptor: FUN GENERATED_DATA_CLASS_MEMBER name:component6 visibility:public modality:FINAL <> ($this:com.leo.paleorecipes.data.model.Recipe) returnType:kotlin.collections.List<com.leo.paleorecipes.data.model.Ingredient> [operator]
i: [kapt] method component7()Ljava/util/List; -> origin=OTHER element=null descriptor=IrBasedSimpleFunctionDescriptor: FUN GENERATED_DATA_CLASS_MEMBER name:component7 visibility:public modality:FINAL <> ($this:com.leo.paleorecipes.data.model.Recipe) returnType:kotlin.collections.List<com.leo.paleorecipes.data.model.Ingredient> [operator]
i: [kapt] method component8()Ljava/lang/Integer; -> origin=OTHER element=null descriptor=IrBasedSimpleFunctionDescriptor: FUN GENERATED_DATA_CLASS_MEMBER name:component8 visibility:public modality:FINAL <> ($this:com.leo.paleorecipes.data.model.Recipe) returnType:kotlin.Int? [operator]
i: [kapt] method component9()Ljava/lang/Integer; -> origin=OTHER element=null descriptor=IrBasedSimpleFunctionDescriptor: FUN GENERATED_DATA_CLASS_MEMBER name:component9 visibility:public modality:FINAL <> ($this:com.leo.paleorecipes.data.model.Recipe) returnType:kotlin.Int? [operator]
i: [kapt] method component10()Ljava/lang/String; -> origin=OTHER element=null descriptor=IrBasedSimpleFunctionDescriptor: FUN GENERATED_DATA_CLASS_MEMBER name:component10 visibility:public modality:FINAL <> ($this:com.leo.paleorecipes.data.model.Recipe) returnType:kotlin.String? [operator]
i: [kapt] method component11()Ljava/lang/String; -> origin=OTHER element=null descriptor=IrBasedSimpleFunctionDescriptor: FUN GENERATED_DATA_CLASS_MEMBER name:component11 visibility:public modality:FINAL <> ($this:com.leo.paleorecipes.data.model.Recipe) returnType:kotlin.String? [operator]
i: [kapt] method component12()Ljava/util/List; -> origin=OTHER element=null descriptor=IrBasedSimpleFunctionDescriptor: FUN GENERATED_DATA_CLASS_MEMBER name:component12 visibility:public modality:FINAL <> ($this:com.leo.paleorecipes.data.model.Recipe) returnType:kotlin.collections.List<com.leo.paleorecipes.data.model.ExtendedIngredient>? [operator]
i: [kapt] method component13()Ljava/util/List; -> origin=OTHER element=null descriptor=IrBasedSimpleFunctionDescriptor: FUN GENERATED_DATA_CLASS_MEMBER name:component13 visibility:public modality:FINAL <> ($this:com.leo.paleorecipes.data.model.Recipe) returnType:kotlin.collections.List<com.leo.paleorecipes.data.model.AnalyzedInstruction>? [operator]
i: [kapt] method component14()Z -> origin=OTHER element=null descriptor=IrBasedSimpleFunctionDescriptor: FUN GENERATED_DATA_CLASS_MEMBER name:component14 visibility:public modality:FINAL <> ($this:com.leo.paleorecipes.data.model.Recipe) returnType:kotlin.Boolean [operator]
i: [kapt] method component15()Z -> origin=OTHER element=null descriptor=IrBasedSimpleFunctionDescriptor: FUN GENERATED_DATA_CLASS_MEMBER name:component15 visibility:public modality:FINAL <> ($this:com.leo.paleorecipes.data.model.Recipe) returnType:kotlin.Boolean [operator]
i: [kapt] method component16()Z -> origin=OTHER element=null descriptor=IrBasedSimpleFunctionDescriptor: FUN GENERATED_DATA_CLASS_MEMBER name:component16 visibility:public modality:FINAL <> ($this:com.leo.paleorecipes.data.model.Recipe) returnType:kotlin.Boolean [operator]
i: [kapt] method component17()Z -> origin=OTHER element=null descriptor=IrBasedSimpleFunctionDescriptor: FUN GENERATED_DATA_CLASS_MEMBER name:component17 visibility:public modality:FINAL <> ($this:com.leo.paleorecipes.data.model.Recipe) returnType:kotlin.Boolean [operator]
i: [kapt] method copy(JLjava/lang/String;Ljava/lang/String;ILjava/util/List;Ljava/util/List;Ljava/util/List;Ljava/lang/Integer;Ljava/lang/Integer;Ljava/lang/String;Ljava/lang/String;Ljava/util/List;Ljava/util/List;ZZZZ)Lcom/leo/paleorecipes/data/model/Recipe; -> origin=OTHER element=null descriptor=IrBasedSimpleFunctionDescriptor: FUN GENERATED_DATA_CLASS_MEMBER name:copy visibility:public modality:FINAL <> ($this:com.leo.paleorecipes.data.model.Recipe, id:kotlin.Long, title:kotlin.String, image:kotlin.String?, missedIngredientCount:kotlin.Int, usedIngredients:kotlin.collections.List<com.leo.paleorecipes.data.model.Ingredient>, missedIngredients:kotlin.collections.List<com.leo.paleorecipes.data.model.Ingredient>, unusedIngredients:kotlin.collections.List<com.leo.paleorecipes.data.model.Ingredient>, readyInMinutes:kotlin.Int?, servings:kotlin.Int?, sourceUrl:kotlin.String?, summary:kotlin.String?, extendedIngredients:kotlin.collections.List<com.leo.paleorecipes.data.model.ExtendedIngredient>?, analyzedInstructions:kotlin.collections.List<com.leo.paleorecipes.data.model.AnalyzedInstruction>?, isVegetarian:kotlin.Boolean, isVegan:kotlin.Boolean, isGlutenFree:kotlin.Boolean, isDairyFree:kotlin.Boolean) returnType:com.leo.paleorecipes.data.model.Recipe
i: [kapt] method toString()Ljava/lang/String; -> origin=OTHER element=null descriptor=IrBasedSimpleFunctionDescriptor: FUN GENERATED_DATA_CLASS_MEMBER name:toString visibility:public modality:OPEN <> ($this:com.leo.paleorecipes.data.model.Recipe) returnType:kotlin.String
i: [kapt] method hashCode()I -> origin=OTHER element=null descriptor=IrBasedSimpleFunctionDescriptor: FUN GENERATED_DATA_CLASS_MEMBER name:hashCode visibility:public modality:OPEN <> ($this:com.leo.paleorecipes.data.model.Recipe) returnType:kotlin.Int
i: [kapt] method equals(Ljava/lang/Object;)Z -> origin=OTHER element=null descriptor=IrBasedSimpleFunctionDescriptor: FUN GENERATED_DATA_CLASS_MEMBER name:equals visibility:public modality:OPEN <> ($this:com.leo.paleorecipes.data.model.Recipe, other:kotlin.Any?) returnType:kotlin.Boolean [operator]
i: [kapt] field sourceUrl:Ljava/lang/String; -> origin=OTHER element=KtParameter descriptor=IrBasedFieldDescriptor: FIELD PROPERTY_BACKING_FIELD name:sourceUrl type:kotlin.String? visibility:private [final]
i: [kapt] field extendedIngredients:Ljava/util/List; -> origin=OTHER element=KtParameter descriptor=IrBasedFieldDescriptor: FIELD PROPERTY_BACKING_FIELD name:extendedIngredients type:kotlin.collections.List<com.leo.paleorecipes.data.model.ExtendedIngredient>? visibility:private [final]
i: [kapt] field analyzedInstructions:Ljava/util/List; -> origin=OTHER element=KtParameter descriptor=IrBasedFieldDescriptor: FIELD PROPERTY_BACKING_FIELD name:analyzedInstructions type:kotlin.collections.List<com.leo.paleorecipes.data.model.AnalyzedInstruction>? visibility:private [final]
i: [kapt] field isVegetarian:Z -> origin=OTHER element=KtParameter descriptor=IrBasedFieldDescriptor: FIELD PROPERTY_BACKING_FIELD name:isVegetarian type:kotlin.Boolean visibility:private [final]
i: [kapt] field isVegan:Z -> origin=OTHER element=KtParameter descriptor=IrBasedFieldDescriptor: FIELD PROPERTY_BACKING_FIELD name:isVegan type:kotlin.Boolean visibility:private [final]
i: [kapt] field isGlutenFree:Z -> origin=OTHER element=KtParameter descriptor=IrBasedFieldDescriptor: FIELD PROPERTY_BACKING_FIELD name:isGlutenFree type:kotlin.Boolean visibility:private [final]
i: [kapt] field isDairyFree:Z -> origin=OTHER element=KtParameter descriptor=IrBasedFieldDescriptor: FIELD PROPERTY_BACKING_FIELD name:isDairyFree type:kotlin.Boolean visibility:private [final]
i: [kapt] class com/leo/paleorecipes/data/model/RecipeDetail -> origin=OTHER element=KtClass descriptor=IrBasedClassDescriptor: CLASS CLASS name:RecipeDetail modality:FINAL visibility:public [data] superTypes:[kotlin.Any]
i: [kapt] method <init>(JLjava/lang/String;Ljava/lang/String;Ljava/lang/String;Ljava/lang/String;Ljava/util/List;IIZZZZ)V -> origin=OTHER element=KtClass descriptor=IrBasedClassConstructorDescriptor: CONSTRUCTOR visibility:public <> (id:kotlin.Long, title:kotlin.String, image:kotlin.String?, summary:kotlin.String, instructions:kotlin.String, extendedIngredients:kotlin.collections.List<com.leo.paleorecipes.data.model.ExtendedIngredient>, readyInMinutes:kotlin.Int, servings:kotlin.Int, isVegetarian:kotlin.Boolean, isVegan:kotlin.Boolean, isGlutenFree:kotlin.Boolean, isDairyFree:kotlin.Boolean) returnType:com.leo.paleorecipes.data.model.RecipeDetail [primary]
i: [kapt] method <init>(JLjava/lang/String;Ljava/lang/String;Ljava/lang/String;Ljava/lang/String;Ljava/util/List;IIZZZZILkotlin/jvm/internal/DefaultConstructorMarker;)V -> origin=OTHER element=KtClass descriptor=IrBasedClassConstructorDescriptor: CONSTRUCTOR FUNCTION_FOR_DEFAULT_PARAMETER visibility:public <> (id:kotlin.Long, title:kotlin.String, image:kotlin.String?, summary:kotlin.String, instructions:kotlin.String, extendedIngredients:kotlin.collections.List<com.leo.paleorecipes.data.model.ExtendedIngredient>, readyInMinutes:kotlin.Int, servings:kotlin.Int, isVegetarian:kotlin.Boolean, isVegan:kotlin.Boolean, isGlutenFree:kotlin.Boolean, isDairyFree:kotlin.Boolean, $mask0:kotlin.Int, $marker:kotlin.jvm.internal.DefaultConstructorMarker?) returnType:com.leo.paleorecipes.data.model.RecipeDetail
i: [kapt] method getId()J -> origin=OTHER element=KtParameter descriptor=IrBasedPropertyGetterDescriptor: FUN DEFAULT_PROPERTY_ACCESSOR name:<get-id> visibility:public modality:FINAL <> ($this:com.leo.paleorecipes.data.model.RecipeDetail) returnType:kotlin.Long
i: [kapt] method getTitle()Ljava/lang/String; -> origin=OTHER element=KtParameter descriptor=IrBasedPropertyGetterDescriptor: FUN DEFAULT_PROPERTY_ACCESSOR name:<get-title> visibility:public modality:FINAL <> ($this:com.leo.paleorecipes.data.model.RecipeDetail) returnType:kotlin.String
i: [kapt] method getImage()Ljava/lang/String; -> origin=OTHER element=KtParameter descriptor=IrBasedPropertyGetterDescriptor: FUN DEFAULT_PROPERTY_ACCESSOR name:<get-image> visibility:public modality:FINAL <> ($this:com.leo.paleorecipes.data.model.RecipeDetail) returnType:kotlin.String?
i: [kapt] method getSummary()Ljava/lang/String; -> origin=OTHER element=KtParameter descriptor=IrBasedPropertyGetterDescriptor: FUN DEFAULT_PROPERTY_ACCESSOR name:<get-summary> visibility:public modality:FINAL <> ($this:com.leo.paleorecipes.data.model.RecipeDetail) returnType:kotlin.String
i: [kapt] method getInstructions()Ljava/lang/String; -> origin=OTHER element=KtParameter descriptor=IrBasedPropertyGetterDescriptor: FUN DEFAULT_PROPERTY_ACCESSOR name:<get-instructions> visibility:public modality:FINAL <> ($this:com.leo.paleorecipes.data.model.RecipeDetail) returnType:kotlin.String
i: [kapt] method getExtendedIngredients()Ljava/util/List; -> origin=OTHER element=KtParameter descriptor=IrBasedPropertyGetterDescriptor: FUN DEFAULT_PROPERTY_ACCESSOR name:<get-extendedIngredients> visibility:public modality:FINAL <> ($this:com.leo.paleorecipes.data.model.RecipeDetail) returnType:kotlin.collections.List<com.leo.paleorecipes.data.model.ExtendedIngredient>
i: [kapt] method getReadyInMinutes()I -> origin=OTHER element=KtParameter descriptor=IrBasedPropertyGetterDescriptor: FUN DEFAULT_PROPERTY_ACCESSOR name:<get-readyInMinutes> visibility:public modality:FINAL <> ($this:com.leo.paleorecipes.data.model.RecipeDetail) returnType:kotlin.Int
i: [kapt] method getServings()I -> origin=OTHER element=KtParameter descriptor=IrBasedPropertyGetterDescriptor: FUN DEFAULT_PROPERTY_ACCESSOR name:<get-servings> visibility:public modality:FINAL <> ($this:com.leo.paleorecipes.data.model.RecipeDetail) returnType:kotlin.Int
i: [kapt] method isVegetarian()Z -> origin=OTHER element=KtParameter descriptor=IrBasedPropertyGetterDescriptor: FUN DEFAULT_PROPERTY_ACCESSOR name:<get-isVegetarian> visibility:public modality:FINAL <> ($this:com.leo.paleorecipes.data.model.RecipeDetail) returnType:kotlin.Boolean
i: [kapt] method isVegan()Z -> origin=OTHER element=KtParameter descriptor=IrBasedPropertyGetterDescriptor: FUN DEFAULT_PROPERTY_ACCESSOR name:<get-isVegan> visibility:public modality:FINAL <> ($this:com.leo.paleorecipes.data.model.RecipeDetail) returnType:kotlin.Boolean
i: [kapt] method isGlutenFree()Z -> origin=OTHER element=KtParameter descriptor=IrBasedPropertyGetterDescriptor: FUN DEFAULT_PROPERTY_ACCESSOR name:<get-isGlutenFree> visibility:public modality:FINAL <> ($this:com.leo.paleorecipes.data.model.RecipeDetail) returnType:kotlin.Boolean
i: [kapt] method isDairyFree()Z -> origin=OTHER element=KtParameter descriptor=IrBasedPropertyGetterDescriptor: FUN DEFAULT_PROPERTY_ACCESSOR name:<get-isDairyFree> visibility:public modality:FINAL <> ($this:com.leo.paleorecipes.data.model.RecipeDetail) returnType:kotlin.Boolean
i: [kapt] method component1()J -> origin=OTHER element=null descriptor=IrBasedSimpleFunctionDescriptor: FUN GENERATED_DATA_CLASS_MEMBER name:component1 visibility:public modality:FINAL <> ($this:com.leo.paleorecipes.data.model.RecipeDetail) returnType:kotlin.Long [operator]
i: [kapt] method component2()Ljava/lang/String; -> origin=OTHER element=null descriptor=IrBasedSimpleFunctionDescriptor: FUN GENERATED_DATA_CLASS_MEMBER name:component2 visibility:public modality:FINAL <> ($this:com.leo.paleorecipes.data.model.RecipeDetail) returnType:kotlin.String [operator]
i: [kapt] method component3()Ljava/lang/String; -> origin=OTHER element=null descriptor=IrBasedSimpleFunctionDescriptor: FUN GENERATED_DATA_CLASS_MEMBER name:component3 visibility:public modality:FINAL <> ($this:com.leo.paleorecipes.data.model.RecipeDetail) returnType:kotlin.String? [operator]
i: [kapt] method component4()Ljava/lang/String; -> origin=OTHER element=null descriptor=IrBasedSimpleFunctionDescriptor: FUN GENERATED_DATA_CLASS_MEMBER name:component4 visibility:public modality:FINAL <> ($this:com.leo.paleorecipes.data.model.RecipeDetail) returnType:kotlin.String [operator]
i: [kapt] method component5()Ljava/lang/String; -> origin=OTHER element=null descriptor=IrBasedSimpleFunctionDescriptor: FUN GENERATED_DATA_CLASS_MEMBER name:component5 visibility:public modality:FINAL <> ($this:com.leo.paleorecipes.data.model.RecipeDetail) returnType:kotlin.String [operator]
i: [kapt] method component6()Ljava/util/List; -> origin=OTHER element=null descriptor=IrBasedSimpleFunctionDescriptor: FUN GENERATED_DATA_CLASS_MEMBER name:component6 visibility:public modality:FINAL <> ($this:com.leo.paleorecipes.data.model.RecipeDetail) returnType:kotlin.collections.List<com.leo.paleorecipes.data.model.ExtendedIngredient> [operator]
i: [kapt] method component7()I -> origin=OTHER element=null descriptor=IrBasedSimpleFunctionDescriptor: FUN GENERATED_DATA_CLASS_MEMBER name:component7 visibility:public modality:FINAL <> ($this:com.leo.paleorecipes.data.model.RecipeDetail) returnType:kotlin.Int [operator]
i: [kapt] method component8()I -> origin=OTHER element=null descriptor=IrBasedSimpleFunctionDescriptor: FUN GENERATED_DATA_CLASS_MEMBER name:component8 visibility:public modality:FINAL <> ($this:com.leo.paleorecipes.data.model.RecipeDetail) returnType:kotlin.Int [operator]
i: [kapt] method component9()Z -> origin=OTHER element=null descriptor=IrBasedSimpleFunctionDescriptor: FUN GENERATED_DATA_CLASS_MEMBER name:component9 visibility:public modality:FINAL <> ($this:com.leo.paleorecipes.data.model.RecipeDetail) returnType:kotlin.Boolean [operator]
i: [kapt] method component10()Z -> origin=OTHER element=null descriptor=IrBasedSimpleFunctionDescriptor: FUN GENERATED_DATA_CLASS_MEMBER name:component10 visibility:public modality:FINAL <> ($this:com.leo.paleorecipes.data.model.RecipeDetail) returnType:kotlin.Boolean [operator]
i: [kapt] method component11()Z -> origin=OTHER element=null descriptor=IrBasedSimpleFunctionDescriptor: FUN GENERATED_DATA_CLASS_MEMBER name:component11 visibility:public modality:FINAL <> ($this:com.leo.paleorecipes.data.model.RecipeDetail) returnType:kotlin.Boolean [operator]
i: [kapt] method component12()Z -> origin=OTHER element=null descriptor=IrBasedSimpleFunctionDescriptor: FUN GENERATED_DATA_CLASS_MEMBER name:component12 visibility:public modality:FINAL <> ($this:com.leo.paleorecipes.data.model.RecipeDetail) returnType:kotlin.Boolean [operator]
i: [kapt] method copy(JLjava/lang/String;Ljava/lang/String;Ljava/lang/String;Ljava/lang/String;Ljava/util/List;IIZZZZ)Lcom/leo/paleorecipes/data/model/RecipeDetail; -> origin=OTHER element=null descriptor=IrBasedSimpleFunctionDescriptor: FUN GENERATED_DATA_CLASS_MEMBER name:copy visibility:public modality:FINAL <> ($this:com.leo.paleorecipes.data.model.RecipeDetail, id:kotlin.Long, title:kotlin.String, image:kotlin.String?, summary:kotlin.String, instructions:kotlin.String, extendedIngredients:kotlin.collections.List<com.leo.paleorecipes.data.model.ExtendedIngredient>, readyInMinutes:kotlin.Int, servings:kotlin.Int, isVegetarian:kotlin.Boolean, isVegan:kotlin.Boolean, isGlutenFree:kotlin.Boolean, isDairyFree:kotlin.Boolean) returnType:com.leo.paleorecipes.data.model.RecipeDetail
i: [kapt] method toString()Ljava/lang/String; -> origin=OTHER element=null descriptor=IrBasedSimpleFunctionDescriptor: FUN GENERATED_DATA_CLASS_MEMBER name:toString visibility:public modality:OPEN <> ($this:com.leo.paleorecipes.data.model.RecipeDetail) returnType:kotlin.String
i: [kapt] method hashCode()I -> origin=OTHER element=null descriptor=IrBasedSimpleFunctionDescriptor: FUN GENERATED_DATA_CLASS_MEMBER name:hashCode visibility:public modality:OPEN <> ($this:com.leo.paleorecipes.data.model.RecipeDetail) returnType:kotlin.Int
i: [kapt] method equals(Ljava/lang/Object;)Z -> origin=OTHER element=null descriptor=IrBasedSimpleFunctionDescriptor: FUN GENERATED_DATA_CLASS_MEMBER name:equals visibility:public modality:OPEN <> ($this:com.leo.paleorecipes.data.model.RecipeDetail, other:kotlin.Any?) returnType:kotlin.Boolean [operator]
i: [kapt] class com/leo/paleorecipes/data/model/AnalyzedInstruction -> origin=OTHER element=KtClass descriptor=IrBasedClassDescriptor: CLASS CLASS name:AnalyzedInstruction modality:FINAL visibility:public [data] superTypes:[kotlin.Any]
i: [kapt] method <init>(Ljava/lang/String;Ljava/util/List;)V -> origin=OTHER element=KtClass descriptor=IrBasedClassConstructorDescriptor: CONSTRUCTOR visibility:public <> (name:kotlin.String?, steps:kotlin.collections.List<com.leo.paleorecipes.data.model.Step>) returnType:com.leo.paleorecipes.data.model.AnalyzedInstruction [primary]
i: [kapt] method getName()Ljava/lang/String; -> origin=OTHER element=KtParameter descriptor=IrBasedPropertyGetterDescriptor: FUN DEFAULT_PROPERTY_ACCESSOR name:<get-name> visibility:public modality:FINAL <> ($this:com.leo.paleorecipes.data.model.AnalyzedInstruction) returnType:kotlin.String?
i: [kapt] method getSteps()Ljava/util/List; -> origin=OTHER element=KtParameter descriptor=IrBasedPropertyGetterDescriptor: FUN DEFAULT_PROPERTY_ACCESSOR name:<get-steps> visibility:public modality:FINAL <> ($this:com.leo.paleorecipes.data.model.AnalyzedInstruction) returnType:kotlin.collections.List<com.leo.paleorecipes.data.model.Step>
i: [kapt] method component1()Ljava/lang/String; -> origin=OTHER element=null descriptor=IrBasedSimpleFunctionDescriptor: FUN GENERATED_DATA_CLASS_MEMBER name:component1 visibility:public modality:FINAL <> ($this:com.leo.paleorecipes.data.model.AnalyzedInstruction) returnType:kotlin.String? [operator]
i: [kapt] method component2()Ljava/util/List; -> origin=OTHER element=null descriptor=IrBasedSimpleFunctionDescriptor: FUN GENERATED_DATA_CLASS_MEMBER name:component2 visibility:public modality:FINAL <> ($this:com.leo.paleorecipes.data.model.AnalyzedInstruction) returnType:kotlin.collections.List<com.leo.paleorecipes.data.model.Step> [operator]
i: [kapt] method copy(Ljava/lang/String;Ljava/util/List;)Lcom/leo/paleorecipes/data/model/AnalyzedInstruction; -> origin=OTHER element=null descriptor=IrBasedSimpleFunctionDescriptor: FUN GENERATED_DATA_CLASS_MEMBER name:copy visibility:public modality:FINAL <> ($this:com.leo.paleorecipes.data.model.AnalyzedInstruction, name:kotlin.String?, steps:kotlin.collections.List<com.leo.paleorecipes.data.model.Step>) returnType:com.leo.paleorecipes.data.model.AnalyzedInstruction
i: [kapt] method toString()Ljava/lang/String; -> origin=OTHER element=null descriptor=IrBasedSimpleFunctionDescriptor: FUN GENERATED_DATA_CLASS_MEMBER name:toString visibility:public modality:OPEN <> ($this:com.leo.paleorecipes.data.model.AnalyzedInstruction) returnType:kotlin.String
i: [kapt] method hashCode()I -> origin=OTHER element=null descriptor=IrBasedSimpleFunctionDescriptor: FUN GENERATED_DATA_CLASS_MEMBER name:hashCode visibility:public modality:OPEN <> ($this:com.leo.paleorecipes.data.model.AnalyzedInstruction) returnType:kotlin.Int
i: [kapt] method equals(Ljava/lang/Object;)Z -> origin=OTHER element=null descriptor=IrBasedSimpleFunctionDescriptor: FUN GENERATED_DATA_CLASS_MEMBER name:equals visibility:public modality:OPEN <> ($this:com.leo.paleorecipes.data.model.AnalyzedInstruction, other:kotlin.Any?) returnType:kotlin.Boolean [operator]
i: [kapt] field steps:Ljava/util/List; -> origin=OTHER element=KtParameter descriptor=IrBasedFieldDescriptor: FIELD PROPERTY_BACKING_FIELD name:steps type:kotlin.collections.List<com.leo.paleorecipes.data.model.Step> visibility:private [final]
i: [kapt] class com/leo/paleorecipes/data/model/Step -> origin=OTHER element=KtClass descriptor=IrBasedClassDescriptor: CLASS CLASS name:Step modality:FINAL visibility:public [data] superTypes:[kotlin.Any]
i: [kapt] method <init>(ILjava/lang/String;Ljava/util/List;Ljava/util/List;Lcom/leo/paleorecipes/data/model/Length;)V -> origin=OTHER element=KtClass descriptor=IrBasedClassConstructorDescriptor: CONSTRUCTOR visibility:public <> (number:kotlin.Int, step:kotlin.String, ingredients:kotlin.collections.List<com.leo.paleorecipes.data.model.Ingredient>, equipment:kotlin.collections.List<com.leo.paleorecipes.data.model.Equipment>, length:com.leo.paleorecipes.data.model.Length?) returnType:com.leo.paleorecipes.data.model.Step [primary]
i: [kapt] method <init>(ILjava/lang/String;Ljava/util/List;Ljava/util/List;Lcom/leo/paleorecipes/data/model/Length;ILkotlin/jvm/internal/DefaultConstructorMarker;)V -> origin=OTHER element=KtClass descriptor=IrBasedClassConstructorDescriptor: CONSTRUCTOR FUNCTION_FOR_DEFAULT_PARAMETER visibility:public <> (number:kotlin.Int, step:kotlin.String, ingredients:kotlin.collections.List<com.leo.paleorecipes.data.model.Ingredient>?, equipment:kotlin.collections.List<com.leo.paleorecipes.data.model.Equipment>?, length:com.leo.paleorecipes.data.model.Length?, $mask0:kotlin.Int, $marker:kotlin.jvm.internal.DefaultConstructorMarker?) returnType:com.leo.paleorecipes.data.model.Step
i: [kapt] method getNumber()I -> origin=OTHER element=KtParameter descriptor=IrBasedPropertyGetterDescriptor: FUN DEFAULT_PROPERTY_ACCESSOR name:<get-number> visibility:public modality:FINAL <> ($this:com.leo.paleorecipes.data.model.Step) returnType:kotlin.Int
i: [kapt] method getStep()Ljava/lang/String; -> origin=OTHER element=KtParameter descriptor=IrBasedPropertyGetterDescriptor: FUN DEFAULT_PROPERTY_ACCESSOR name:<get-step> visibility:public modality:FINAL <> ($this:com.leo.paleorecipes.data.model.Step) returnType:kotlin.String
i: [kapt] method getIngredients()Ljava/util/List; -> origin=OTHER element=KtParameter descriptor=IrBasedPropertyGetterDescriptor: FUN DEFAULT_PROPERTY_ACCESSOR name:<get-ingredients> visibility:public modality:FINAL <> ($this:com.leo.paleorecipes.data.model.Step) returnType:kotlin.collections.List<com.leo.paleorecipes.data.model.Ingredient>
i: [kapt] method getEquipment()Ljava/util/List; -> origin=OTHER element=KtParameter descriptor=IrBasedPropertyGetterDescriptor: FUN DEFAULT_PROPERTY_ACCESSOR name:<get-equipment> visibility:public modality:FINAL <> ($this:com.leo.paleorecipes.data.model.Step) returnType:kotlin.collections.List<com.leo.paleorecipes.data.model.Equipment>
i: [kapt] method getLength()Lcom/leo/paleorecipes/data/model/Length; -> origin=OTHER element=KtParameter descriptor=IrBasedPropertyGetterDescriptor: FUN DEFAULT_PROPERTY_ACCESSOR name:<get-length> visibility:public modality:FINAL <> ($this:com.leo.paleorecipes.data.model.Step) returnType:com.leo.paleorecipes.data.model.Length?
i: [kapt] method component1()I -> origin=OTHER element=null descriptor=IrBasedSimpleFunctionDescriptor: FUN GENERATED_DATA_CLASS_MEMBER name:component1 visibility:public modality:FINAL <> ($this:com.leo.paleorecipes.data.model.Step) returnType:kotlin.Int [operator]
i: [kapt] method component2()Ljava/lang/String; -> origin=OTHER element=null descriptor=IrBasedSimpleFunctionDescriptor: FUN GENERATED_DATA_CLASS_MEMBER name:component2 visibility:public modality:FINAL <> ($this:com.leo.paleorecipes.data.model.Step) returnType:kotlin.String [operator]
i: [kapt] method component3()Ljava/util/List; -> origin=OTHER element=null descriptor=IrBasedSimpleFunctionDescriptor: FUN GENERATED_DATA_CLASS_MEMBER name:component3 visibility:public modality:FINAL <> ($this:com.leo.paleorecipes.data.model.Step) returnType:kotlin.collections.List<com.leo.paleorecipes.data.model.Ingredient> [operator]
i: [kapt] method component4()Ljava/util/List; -> origin=OTHER element=null descriptor=IrBasedSimpleFunctionDescriptor: FUN GENERATED_DATA_CLASS_MEMBER name:component4 visibility:public modality:FINAL <> ($this:com.leo.paleorecipes.data.model.Step) returnType:kotlin.collections.List<com.leo.paleorecipes.data.model.Equipment> [operator]
i: [kapt] method component5()Lcom/leo/paleorecipes/data/model/Length; -> origin=OTHER element=null descriptor=IrBasedSimpleFunctionDescriptor: FUN GENERATED_DATA_CLASS_MEMBER name:component5 visibility:public modality:FINAL <> ($this:com.leo.paleorecipes.data.model.Step) returnType:com.leo.paleorecipes.data.model.Length? [operator]
i: [kapt] method copy(ILjava/lang/String;Ljava/util/List;Ljava/util/List;Lcom/leo/paleorecipes/data/model/Length;)Lcom/leo/paleorecipes/data/model/Step; -> origin=OTHER element=null descriptor=IrBasedSimpleFunctionDescriptor: FUN GENERATED_DATA_CLASS_MEMBER name:copy visibility:public modality:FINAL <> ($this:com.leo.paleorecipes.data.model.Step, number:kotlin.Int, step:kotlin.String, ingredients:kotlin.collections.List<com.leo.paleorecipes.data.model.Ingredient>, equipment:kotlin.collections.List<com.leo.paleorecipes.data.model.Equipment>, length:com.leo.paleorecipes.data.model.Length?) returnType:com.leo.paleorecipes.data.model.Step
i: [kapt] method toString()Ljava/lang/String; -> origin=OTHER element=null descriptor=IrBasedSimpleFunctionDescriptor: FUN GENERATED_DATA_CLASS_MEMBER name:toString visibility:public modality:OPEN <> ($this:com.leo.paleorecipes.data.model.Step) returnType:kotlin.String
i: [kapt] method hashCode()I -> origin=OTHER element=null descriptor=IrBasedSimpleFunctionDescriptor: FUN GENERATED_DATA_CLASS_MEMBER name:hashCode visibility:public modality:OPEN <> ($this:com.leo.paleorecipes.data.model.Step) returnType:kotlin.Int
i: [kapt] method equals(Ljava/lang/Object;)Z -> origin=OTHER element=null descriptor=IrBasedSimpleFunctionDescriptor: FUN GENERATED_DATA_CLASS_MEMBER name:equals visibility:public modality:OPEN <> ($this:com.leo.paleorecipes.data.model.Step, other:kotlin.Any?) returnType:kotlin.Boolean [operator]
i: [kapt] field number:I -> origin=OTHER element=KtParameter descriptor=IrBasedFieldDescriptor: FIELD PROPERTY_BACKING_FIELD name:number type:kotlin.Int visibility:private [final]
i: [kapt] field step:Ljava/lang/String; -> origin=OTHER element=KtParameter descriptor=IrBasedFieldDescriptor: FIELD PROPERTY_BACKING_FIELD name:step type:kotlin.String visibility:private [final]
i: [kapt] field ingredients:Ljava/util/List; -> origin=OTHER element=KtParameter descriptor=IrBasedFieldDescriptor: FIELD PROPERTY_BACKING_FIELD name:ingredients type:kotlin.collections.List<com.leo.paleorecipes.data.model.Ingredient> visibility:private [final]
i: [kapt] field equipment:Ljava/util/List; -> origin=OTHER element=KtParameter descriptor=IrBasedFieldDescriptor: FIELD PROPERTY_BACKING_FIELD name:equipment type:kotlin.collections.List<com.leo.paleorecipes.data.model.Equipment> visibility:private [final]
i: [kapt] field length:Lcom/leo/paleorecipes/data/model/Length; -> origin=OTHER element=KtParameter descriptor=IrBasedFieldDescriptor: FIELD PROPERTY_BACKING_FIELD name:length type:com.leo.paleorecipes.data.model.Length? visibility:private [final]
i: [kapt] class com/leo/paleorecipes/data/model/Length -> origin=OTHER element=KtClass descriptor=IrBasedClassDescriptor: CLASS CLASS name:Length modality:FINAL visibility:public [data] superTypes:[kotlin.Any]
i: [kapt] method <init>(ILjava/lang/String;)V -> origin=OTHER element=KtClass descriptor=IrBasedClassConstructorDescriptor: CONSTRUCTOR visibility:public <> (number:kotlin.Int, unit:kotlin.String) returnType:com.leo.paleorecipes.data.model.Length [primary]
i: [kapt] method getNumber()I -> origin=OTHER element=KtParameter descriptor=IrBasedPropertyGetterDescriptor: FUN DEFAULT_PROPERTY_ACCESSOR name:<get-number> visibility:public modality:FINAL <> ($this:com.leo.paleorecipes.data.model.Length) returnType:kotlin.Int
i: [kapt] method getUnit()Ljava/lang/String; -> origin=OTHER element=KtParameter descriptor=IrBasedPropertyGetterDescriptor: FUN DEFAULT_PROPERTY_ACCESSOR name:<get-unit> visibility:public modality:FINAL <> ($this:com.leo.paleorecipes.data.model.Length) returnType:kotlin.String
i: [kapt] method component1()I -> origin=OTHER element=null descriptor=IrBasedSimpleFunctionDescriptor: FUN GENERATED_DATA_CLASS_MEMBER name:component1 visibility:public modality:FINAL <> ($this:com.leo.paleorecipes.data.model.Length) returnType:kotlin.Int [operator]
i: [kapt] method component2()Ljava/lang/String; -> origin=OTHER element=null descriptor=IrBasedSimpleFunctionDescriptor: FUN GENERATED_DATA_CLASS_MEMBER name:component2 visibility:public modality:FINAL <> ($this:com.leo.paleorecipes.data.model.Length) returnType:kotlin.String [operator]
i: [kapt] method copy(ILjava/lang/String;)Lcom/leo/paleorecipes/data/model/Length; -> origin=OTHER element=null descriptor=IrBasedSimpleFunctionDescriptor: FUN GENERATED_DATA_CLASS_MEMBER name:copy visibility:public modality:FINAL <> ($this:com.leo.paleorecipes.data.model.Length, number:kotlin.Int, unit:kotlin.String) returnType:com.leo.paleorecipes.data.model.Length
i: [kapt] method toString()Ljava/lang/String; -> origin=OTHER element=null descriptor=IrBasedSimpleFunctionDescriptor: FUN GENERATED_DATA_CLASS_MEMBER name:toString visibility:public modality:OPEN <> ($this:com.leo.paleorecipes.data.model.Length) returnType:kotlin.String
i: [kapt] method hashCode()I -> origin=OTHER element=null descriptor=IrBasedSimpleFunctionDescriptor: FUN GENERATED_DATA_CLASS_MEMBER name:hashCode visibility:public modality:OPEN <> ($this:com.leo.paleorecipes.data.model.Length) returnType:kotlin.Int
i: [kapt] method equals(Ljava/lang/Object;)Z -> origin=OTHER element=null descriptor=IrBasedSimpleFunctionDescriptor: FUN GENERATED_DATA_CLASS_MEMBER name:equals visibility:public modality:OPEN <> ($this:com.leo.paleorecipes.data.model.Length, other:kotlin.Any?) returnType:kotlin.Boolean [operator]
i: [kapt] class com/leo/paleorecipes/data/model/Equipment -> origin=OTHER element=KtClass descriptor=IrBasedClassDescriptor: CLASS CLASS name:Equipment modality:FINAL visibility:public [data] superTypes:[kotlin.Any]
i: [kapt] method <init>(ILjava/lang/String;Ljava/lang/String;Ljava/lang/String;Lcom/leo/paleorecipes/data/model/Temperature;)V -> origin=OTHER element=KtClass descriptor=IrBasedClassConstructorDescriptor: CONSTRUCTOR visibility:public <> (id:kotlin.Int, name:kotlin.String, localizedName:kotlin.String?, image:kotlin.String?, temperature:com.leo.paleorecipes.data.model.Temperature?) returnType:com.leo.paleorecipes.data.model.Equipment [primary]
i: [kapt] method <init>(ILjava/lang/String;Ljava/lang/String;Ljava/lang/String;Lcom/leo/paleorecipes/data/model/Temperature;ILkotlin/jvm/internal/DefaultConstructorMarker;)V -> origin=OTHER element=KtClass descriptor=IrBasedClassConstructorDescriptor: CONSTRUCTOR FUNCTION_FOR_DEFAULT_PARAMETER visibility:public <> (id:kotlin.Int, name:kotlin.String, localizedName:kotlin.String?, image:kotlin.String?, temperature:com.leo.paleorecipes.data.model.Temperature?, $mask0:kotlin.Int, $marker:kotlin.jvm.internal.DefaultConstructorMarker?) returnType:com.leo.paleorecipes.data.model.Equipment
i: [kapt] method getId()I -> origin=OTHER element=KtParameter descriptor=IrBasedPropertyGetterDescriptor: FUN DEFAULT_PROPERTY_ACCESSOR name:<get-id> visibility:public modality:FINAL <> ($this:com.leo.paleorecipes.data.model.Equipment) returnType:kotlin.Int
i: [kapt] method getName()Ljava/lang/String; -> origin=OTHER element=KtParameter descriptor=IrBasedPropertyGetterDescriptor: FUN DEFAULT_PROPERTY_ACCESSOR name:<get-name> visibility:public modality:FINAL <> ($this:com.leo.paleorecipes.data.model.Equipment) returnType:kotlin.String
i: [kapt] method getLocalizedName()Ljava/lang/String; -> origin=OTHER element=KtParameter descriptor=IrBasedPropertyGetterDescriptor: FUN DEFAULT_PROPERTY_ACCESSOR name:<get-localizedName> visibility:public modality:FINAL <> ($this:com.leo.paleorecipes.data.model.Equipment) returnType:kotlin.String?
i: [kapt] method getImage()Ljava/lang/String; -> origin=OTHER element=KtParameter descriptor=IrBasedPropertyGetterDescriptor: FUN DEFAULT_PROPERTY_ACCESSOR name:<get-image> visibility:public modality:FINAL <> ($this:com.leo.paleorecipes.data.model.Equipment) returnType:kotlin.String?
i: [kapt] method getTemperature()Lcom/leo/paleorecipes/data/model/Temperature; -> origin=OTHER element=KtParameter descriptor=IrBasedPropertyGetterDescriptor: FUN DEFAULT_PROPERTY_ACCESSOR name:<get-temperature> visibility:public modality:FINAL <> ($this:com.leo.paleorecipes.data.model.Equipment) returnType:com.leo.paleorecipes.data.model.Temperature?
i: [kapt] method component1()I -> origin=OTHER element=null descriptor=IrBasedSimpleFunctionDescriptor: FUN GENERATED_DATA_CLASS_MEMBER name:component1 visibility:public modality:FINAL <> ($this:com.leo.paleorecipes.data.model.Equipment) returnType:kotlin.Int [operator]
i: [kapt] method component2()Ljava/lang/String; -> origin=OTHER element=null descriptor=IrBasedSimpleFunctionDescriptor: FUN GENERATED_DATA_CLASS_MEMBER name:component2 visibility:public modality:FINAL <> ($this:com.leo.paleorecipes.data.model.Equipment) returnType:kotlin.String [operator]
i: [kapt] method component3()Ljava/lang/String; -> origin=OTHER element=null descriptor=IrBasedSimpleFunctionDescriptor: FUN GENERATED_DATA_CLASS_MEMBER name:component3 visibility:public modality:FINAL <> ($this:com.leo.paleorecipes.data.model.Equipment) returnType:kotlin.String? [operator]
i: [kapt] method component4()Ljava/lang/String; -> origin=OTHER element=null descriptor=IrBasedSimpleFunctionDescriptor: FUN GENERATED_DATA_CLASS_MEMBER name:component4 visibility:public modality:FINAL <> ($this:com.leo.paleorecipes.data.model.Equipment) returnType:kotlin.String? [operator]
i: [kapt] method component5()Lcom/leo/paleorecipes/data/model/Temperature; -> origin=OTHER element=null descriptor=IrBasedSimpleFunctionDescriptor: FUN GENERATED_DATA_CLASS_MEMBER name:component5 visibility:public modality:FINAL <> ($this:com.leo.paleorecipes.data.model.Equipment) returnType:com.leo.paleorecipes.data.model.Temperature? [operator]
i: [kapt] method copy(ILjava/lang/String;Ljava/lang/String;Ljava/lang/String;Lcom/leo/paleorecipes/data/model/Temperature;)Lcom/leo/paleorecipes/data/model/Equipment; -> origin=OTHER element=null descriptor=IrBasedSimpleFunctionDescriptor: FUN GENERATED_DATA_CLASS_MEMBER name:copy visibility:public modality:FINAL <> ($this:com.leo.paleorecipes.data.model.Equipment, id:kotlin.Int, name:kotlin.String, localizedName:kotlin.String?, image:kotlin.String?, temperature:com.leo.paleorecipes.data.model.Temperature?) returnType:com.leo.paleorecipes.data.model.Equipment
i: [kapt] method toString()Ljava/lang/String; -> origin=OTHER element=null descriptor=IrBasedSimpleFunctionDescriptor: FUN GENERATED_DATA_CLASS_MEMBER name:toString visibility:public modality:OPEN <> ($this:com.leo.paleorecipes.data.model.Equipment) returnType:kotlin.String
i: [kapt] method hashCode()I -> origin=OTHER element=null descriptor=IrBasedSimpleFunctionDescriptor: FUN GENERATED_DATA_CLASS_MEMBER name:hashCode visibility:public modality:OPEN <> ($this:com.leo.paleorecipes.data.model.Equipment) returnType:kotlin.Int
i: [kapt] method equals(Ljava/lang/Object;)Z -> origin=OTHER element=null descriptor=IrBasedSimpleFunctionDescriptor: FUN GENERATED_DATA_CLASS_MEMBER name:equals visibility:public modality:OPEN <> ($this:com.leo.paleorecipes.data.model.Equipment, other:kotlin.Any?) returnType:kotlin.Boolean [operator]
i: [kapt] field temperature:Lcom/leo/paleorecipes/data/model/Temperature; -> origin=OTHER element=KtParameter descriptor=IrBasedFieldDescriptor: FIELD PROPERTY_BACKING_FIELD name:temperature type:com.leo.paleorecipes.data.model.Temperature? visibility:private [final]
i: [kapt] class com/leo/paleorecipes/data/model/Temperature -> origin=OTHER element=KtClass descriptor=IrBasedClassDescriptor: CLASS CLASS name:Temperature modality:FINAL visibility:public [data] superTypes:[kotlin.Any]
i: [kapt] method <init>(DLjava/lang/String;)V -> origin=OTHER element=KtClass descriptor=IrBasedClassConstructorDescriptor: CONSTRUCTOR visibility:public <> (number:kotlin.Double, unit:kotlin.String) returnType:com.leo.paleorecipes.data.model.Temperature [primary]
i: [kapt] method getNumber()D -> origin=OTHER element=KtParameter descriptor=IrBasedPropertyGetterDescriptor: FUN DEFAULT_PROPERTY_ACCESSOR name:<get-number> visibility:public modality:FINAL <> ($this:com.leo.paleorecipes.data.model.Temperature) returnType:kotlin.Double
i: [kapt] method getUnit()Ljava/lang/String; -> origin=OTHER element=KtParameter descriptor=IrBasedPropertyGetterDescriptor: FUN DEFAULT_PROPERTY_ACCESSOR name:<get-unit> visibility:public modality:FINAL <> ($this:com.leo.paleorecipes.data.model.Temperature) returnType:kotlin.String
i: [kapt] method component1()D -> origin=OTHER element=null descriptor=IrBasedSimpleFunctionDescriptor: FUN GENERATED_DATA_CLASS_MEMBER name:component1 visibility:public modality:FINAL <> ($this:com.leo.paleorecipes.data.model.Temperature) returnType:kotlin.Double [operator]
i: [kapt] method component2()Ljava/lang/String; -> origin=OTHER element=null descriptor=IrBasedSimpleFunctionDescriptor: FUN GENERATED_DATA_CLASS_MEMBER name:component2 visibility:public modality:FINAL <> ($this:com.leo.paleorecipes.data.model.Temperature) returnType:kotlin.String [operator]
i: [kapt] method copy(DLjava/lang/String;)Lcom/leo/paleorecipes/data/model/Temperature; -> origin=OTHER element=null descriptor=IrBasedSimpleFunctionDescriptor: FUN GENERATED_DATA_CLASS_MEMBER name:copy visibility:public modality:FINAL <> ($this:com.leo.paleorecipes.data.model.Temperature, number:kotlin.Double, unit:kotlin.String) returnType:com.leo.paleorecipes.data.model.Temperature
i: [kapt] method toString()Ljava/lang/String; -> origin=OTHER element=null descriptor=IrBasedSimpleFunctionDescriptor: FUN GENERATED_DATA_CLASS_MEMBER name:toString visibility:public modality:OPEN <> ($this:com.leo.paleorecipes.data.model.Temperature) returnType:kotlin.String
i: [kapt] method hashCode()I -> origin=OTHER element=null descriptor=IrBasedSimpleFunctionDescriptor: FUN GENERATED_DATA_CLASS_MEMBER name:hashCode visibility:public modality:OPEN <> ($this:com.leo.paleorecipes.data.model.Temperature) returnType:kotlin.Int
i: [kapt] method equals(Ljava/lang/Object;)Z -> origin=OTHER element=null descriptor=IrBasedSimpleFunctionDescriptor: FUN GENERATED_DATA_CLASS_MEMBER name:equals visibility:public modality:OPEN <> ($this:com.leo.paleorecipes.data.model.Temperature, other:kotlin.Any?) returnType:kotlin.Boolean [operator]
i: [kapt] field number:D -> origin=OTHER element=KtParameter descriptor=IrBasedFieldDescriptor: FIELD PROPERTY_BACKING_FIELD name:number type:kotlin.Double visibility:private [final]
i: [kapt] class com/leo/paleorecipes/data/repository/IngredientRepository -> origin=OTHER element=KtClass descriptor=IrBasedClassDescriptor: CLASS INTERFACE name:IngredientRepository modality:ABSTRACT visibility:public superTypes:[kotlin.Any]
i: [kapt] method addIngredient(Ljava/lang/String;Lkotlin/coroutines/Continuation;)Ljava/lang/Object; -> origin=OTHER element=KtNamedFunction descriptor=IrBasedSimpleFunctionDescriptor: FUN name:addIngredient visibility:public modality:ABSTRACT <> ($this:com.leo.paleorecipes.data.repository.IngredientRepository, ingredient:kotlin.String, $completion:kotlin.coroutines.Continuation<kotlin.Unit>) returnType:kotlin.Any? [suspend]
i: [kapt] method removeIngredient(Ljava/lang/String;Lkotlin/coroutines/Continuation;)Ljava/lang/Object; -> origin=OTHER element=KtNamedFunction descriptor=IrBasedSimpleFunctionDescriptor: FUN name:removeIngredient visibility:public modality:ABSTRACT <> ($this:com.leo.paleorecipes.data.repository.IngredientRepository, ingredient:kotlin.String, $completion:kotlin.coroutines.Continuation<kotlin.Unit>) returnType:kotlin.Any? [suspend]
i: [kapt] method getIngredients()Lkotlinx/coroutines/flow/Flow; -> origin=OTHER element=KtNamedFunction descriptor=IrBasedSimpleFunctionDescriptor: FUN name:getIngredients visibility:public modality:ABSTRACT <> ($this:com.leo.paleorecipes.data.repository.IngredientRepository) returnType:kotlinx.coroutines.flow.Flow<kotlin.collections.List<kotlin.String>>
i: [kapt] class com/leo/paleorecipes/data/repository/IngredientRepositoryImpl -> origin=OTHER element=KtClass descriptor=IrBasedClassDescriptor: CLASS CLASS name:IngredientRepositoryImpl modality:FINAL visibility:public superTypes:[com.leo.paleorecipes.data.repository.IngredientRepository]
i: [kapt] method <init>(Lcom/leo/paleorecipes/data/local/dao/IngredientDao;)V -> origin=OTHER element=KtClass descriptor=IrBasedClassConstructorDescriptor: CONSTRUCTOR visibility:public <> (ingredientDao:com.leo.paleorecipes.data.local.dao.IngredientDao) returnType:com.leo.paleorecipes.data.repository.IngredientRepositoryImpl [primary]
i: [kapt] method addIngredient(Ljava/lang/String;Lkotlin/coroutines/Continuation;)Ljava/lang/Object; -> origin=OTHER element=KtNamedFunction descriptor=IrBasedSimpleFunctionDescriptor: FUN name:addIngredient visibility:public modality:OPEN <> ($this:com.leo.paleorecipes.data.repository.IngredientRepositoryImpl, ingredient:kotlin.String, $completion:kotlin.coroutines.Continuation<kotlin.Unit>) returnType:kotlin.Any? [suspend]
i: [kapt] method removeIngredient(Ljava/lang/String;Lkotlin/coroutines/Continuation;)Ljava/lang/Object; -> origin=OTHER element=KtNamedFunction descriptor=IrBasedSimpleFunctionDescriptor: FUN name:removeIngredient visibility:public modality:OPEN <> ($this:com.leo.paleorecipes.data.repository.IngredientRepositoryImpl, ingredient:kotlin.String, $completion:kotlin.coroutines.Continuation<kotlin.Unit>) returnType:kotlin.Any? [suspend]
i: [kapt] method getIngredients()Lkotlinx/coroutines/flow/Flow; -> origin=OTHER element=KtNamedFunction descriptor=IrBasedSimpleFunctionDescriptor: FUN name:getIngredients visibility:public modality:OPEN <> ($this:com.leo.paleorecipes.data.repository.IngredientRepositoryImpl) returnType:kotlinx.coroutines.flow.Flow<kotlin.collections.List<kotlin.String>>
i: [kapt] field ingredientDao:Lcom/leo/paleorecipes/data/local/dao/IngredientDao; -> origin=OTHER element=KtParameter descriptor=IrBasedFieldDescriptor: FIELD PROPERTY_BACKING_FIELD name:ingredientDao type:com.leo.paleorecipes.data.local.dao.IngredientDao visibility:private [final]
i: [kapt] class com/leo/paleorecipes/data/repository/RecipeRepository -> origin=OTHER element=KtClass descriptor=IrBasedClassDescriptor: CLASS INTERFACE name:RecipeRepository modality:ABSTRACT visibility:public superTypes:[kotlin.Any]
i: [kapt] method getAllPaleoRecipes()Lkotlinx/coroutines/flow/Flow; -> origin=OTHER element=KtNamedFunction descriptor=IrBasedSimpleFunctionDescriptor: FUN name:getAllPaleoRecipes visibility:public modality:ABSTRACT <> ($this:com.leo.paleorecipes.data.repository.RecipeRepository) returnType:kotlinx.coroutines.flow.Flow<kotlin.collections.List<com.leo.paleorecipes.data.Recipe>>
i: [kapt] method getAllUserRecipes()Lkotlinx/coroutines/flow/Flow; -> origin=OTHER element=KtNamedFunction descriptor=IrBasedSimpleFunctionDescriptor: FUN name:getAllUserRecipes visibility:public modality:ABSTRACT <> ($this:com.leo.paleorecipes.data.repository.RecipeRepository) returnType:kotlinx.coroutines.flow.Flow<kotlin.collections.List<com.leo.paleorecipes.data.Recipe>>
i: [kapt] method getRecipeById(JLkotlin/coroutines/Continuation;)Ljava/lang/Object; -> origin=OTHER element=KtNamedFunction descriptor=IrBasedSimpleFunctionDescriptor: FUN name:getRecipeById visibility:public modality:ABSTRACT <> ($this:com.leo.paleorecipes.data.repository.RecipeRepository, id:kotlin.Long, $completion:kotlin.coroutines.Continuation<com.leo.paleorecipes.data.Recipe?>) returnType:kotlin.Any? [suspend]
i: [kapt] method observeRecipeById(J)Lkotlinx/coroutines/flow/Flow; -> origin=OTHER element=KtNamedFunction descriptor=IrBasedSimpleFunctionDescriptor: FUN name:observeRecipeById visibility:public modality:ABSTRACT <> ($this:com.leo.paleorecipes.data.repository.RecipeRepository, recipeId:kotlin.Long) returnType:kotlinx.coroutines.flow.Flow<com.leo.paleorecipes.data.Recipe?>
i: [kapt] method getFavoriteRecipes()Lkotlinx/coroutines/flow/Flow; -> origin=OTHER element=KtNamedFunction descriptor=IrBasedSimpleFunctionDescriptor: FUN name:getFavoriteRecipes visibility:public modality:ABSTRACT <> ($this:com.leo.paleorecipes.data.repository.RecipeRepository) returnType:kotlinx.coroutines.flow.Flow<kotlin.collections.List<com.leo.paleorecipes.data.Recipe>>
i: [kapt] method searchRecipes(Ljava/lang/String;)Lkotlinx/coroutines/flow/Flow; -> origin=OTHER element=KtNamedFunction descriptor=IrBasedSimpleFunctionDescriptor: FUN name:searchRecipes visibility:public modality:ABSTRACT <> ($this:com.leo.paleorecipes.data.repository.RecipeRepository, query:kotlin.String) returnType:kotlinx.coroutines.flow.Flow<kotlin.collections.List<com.leo.paleorecipes.data.Recipe>>
i: [kapt] method searchUserRecipes(Ljava/lang/String;)Lkotlinx/coroutines/flow/Flow; -> origin=OTHER element=KtNamedFunction descriptor=IrBasedSimpleFunctionDescriptor: FUN name:searchUserRecipes visibility:public modality:ABSTRACT <> ($this:com.leo.paleorecipes.data.repository.RecipeRepository, query:kotlin.String) returnType:kotlinx.coroutines.flow.Flow<kotlin.collections.List<com.leo.paleorecipes.data.Recipe>>
i: [kapt] method searchPaleoRecipes(Ljava/lang/String;)Lkotlinx/coroutines/flow/Flow; -> origin=OTHER element=KtNamedFunction descriptor=IrBasedSimpleFunctionDescriptor: FUN name:searchPaleoRecipes visibility:public modality:ABSTRACT <> ($this:com.leo.paleorecipes.data.repository.RecipeRepository, query:kotlin.String) returnType:kotlinx.coroutines.flow.Flow<kotlin.collections.List<com.leo.paleorecipes.data.Recipe>>
i: [kapt] method searchAllRecipes(Ljava/lang/String;)Lkotlinx/coroutines/flow/Flow; -> origin=OTHER element=KtNamedFunction descriptor=IrBasedSimpleFunctionDescriptor: FUN name:searchAllRecipes visibility:public modality:ABSTRACT <> ($this:com.leo.paleorecipes.data.repository.RecipeRepository, query:kotlin.String) returnType:kotlinx.coroutines.flow.Flow<kotlin.collections.List<com.leo.paleorecipes.data.Recipe>>
i: [kapt] method searchRecipesByIngredients(Ljava/util/List;Lkotlin/coroutines/Continuation;)Ljava/lang/Object; -> origin=OTHER element=KtNamedFunction descriptor=IrBasedSimpleFunctionDescriptor: FUN name:searchRecipesByIngredients visibility:public modality:ABSTRACT <> ($this:com.leo.paleorecipes.data.repository.RecipeRepository, ingredients:kotlin.collections.List<kotlin.String>, $completion:kotlin.coroutines.Continuation<kotlin.collections.List<com.leo.paleorecipes.data.Recipe>>) returnType:kotlin.Any? [suspend]
i: [kapt] method insertRecipe(Lcom/leo/paleorecipes/data/Recipe;Lkotlin/coroutines/Continuation;)Ljava/lang/Object; -> origin=OTHER element=KtNamedFunction descriptor=IrBasedSimpleFunctionDescriptor: FUN name:insertRecipe visibility:public modality:ABSTRACT <> ($this:com.leo.paleorecipes.data.repository.RecipeRepository, recipe:com.leo.paleorecipes.data.Recipe, $completion:kotlin.coroutines.Continuation<com.leo.paleorecipes.data.Recipe>) returnType:kotlin.Any? [suspend]
i: [kapt] method updateRecipe(Lcom/leo/paleorecipes/data/Recipe;Lkotlin/coroutines/Continuation;)Ljava/lang/Object; -> origin=OTHER element=KtNamedFunction descriptor=IrBasedSimpleFunctionDescriptor: FUN name:updateRecipe visibility:public modality:ABSTRACT <> ($this:com.leo.paleorecipes.data.repository.RecipeRepository, recipe:com.leo.paleorecipes.data.Recipe, $completion:kotlin.coroutines.Continuation<kotlin.Unit>) returnType:kotlin.Any? [suspend]
i: [kapt] method deleteRecipe(JLkotlin/coroutines/Continuation;)Ljava/lang/Object; -> origin=OTHER element=KtNamedFunction descriptor=IrBasedSimpleFunctionDescriptor: FUN name:deleteRecipe visibility:public modality:ABSTRACT <> ($this:com.leo.paleorecipes.data.repository.RecipeRepository, recipeId:kotlin.Long, $completion:kotlin.coroutines.Continuation<kotlin.Unit>) returnType:kotlin.Any? [suspend]
i: [kapt] method deleteAllRecipes(Lkotlin/coroutines/Continuation;)Ljava/lang/Object; -> origin=OTHER element=KtNamedFunction descriptor=IrBasedSimpleFunctionDescriptor: FUN name:deleteAllRecipes visibility:public modality:ABSTRACT <> ($this:com.leo.paleorecipes.data.repository.RecipeRepository, $completion:kotlin.coroutines.Continuation<kotlin.Unit>) returnType:kotlin.Any? [suspend]
i: [kapt] method getAllRecipesSync(Lkotlin/coroutines/Continuation;)Ljava/lang/Object; -> origin=OTHER element=KtNamedFunction descriptor=IrBasedSimpleFunctionDescriptor: FUN name:getAllRecipesSync visibility:public modality:ABSTRACT <> ($this:com.leo.paleorecipes.data.repository.RecipeRepository, $completion:kotlin.coroutines.Continuation<kotlin.collections.List<com.leo.paleorecipes.data.Recipe>>) returnType:kotlin.Any? [suspend]
i: [kapt] method syncRecipes-gIAlu-s(ZLkotlin/coroutines/Continuation;)Ljava/lang/Object; -> origin=OTHER element=KtNamedFunction descriptor=IrBasedSimpleFunctionDescriptor: FUN name:syncRecipes-gIAlu-s visibility:public modality:ABSTRACT <> ($this:com.leo.paleorecipes.data.repository.RecipeRepository, forceRefresh:kotlin.Boolean, $completion:kotlin.coroutines.Continuation<kotlin.Result<kotlin.Unit>>) returnType:kotlin.Any? [suspend]
i: [kapt] method syncRecipes-gIAlu-s$default(Lcom/leo/paleorecipes/data/repository/RecipeRepository;ZLkotlin/coroutines/Continuation;ILjava/lang/Object;)Ljava/lang/Object; -> origin=OTHER element=KtNamedFunction descriptor=IrBasedSimpleFunctionDescriptor: FUN FUNCTION_FOR_DEFAULT_PARAMETER name:syncRecipes-gIAlu-s$default visibility:public modality:FINAL <> ($this:com.leo.paleorecipes.data.repository.RecipeRepository, forceRefresh:kotlin.Boolean, $completion:kotlin.coroutines.Continuation<kotlin.Result<kotlin.Unit>>, $mask0:kotlin.Int, $handler:kotlin.Any?) returnType:kotlin.Any? [suspend]
i: [kapt] class com/leo/paleorecipes/data/repository/RecipeRepositoryImpl -> origin=OTHER element=KtClass descriptor=IrBasedClassDescriptor: CLASS CLASS name:RecipeRepositoryImpl modality:FINAL visibility:public superTypes:[com.leo.paleorecipes.data.repository.RecipeRepository]
i: [kapt] method <init>(Lcom/leo/paleorecipes/data/RecipeDao;Lcom/leo/paleorecipes/data/api/ApiClient;Lcom/leo/paleorecipes/utils/NetworkMonitor;)V -> origin=OTHER element=KtClass descriptor=IrBasedClassConstructorDescriptor: CONSTRUCTOR visibility:public <> (recipeDao:com.leo.paleorecipes.data.RecipeDao, apiClient:com.leo.paleorecipes.data.api.ApiClient, networkMonitor:com.leo.paleorecipes.utils.NetworkMonitor) returnType:com.leo.paleorecipes.data.repository.RecipeRepositoryImpl [primary]
i: [kapt] method getAllPaleoRecipes()Lkotlinx/coroutines/flow/Flow; -> origin=OTHER element=KtNamedFunction descriptor=IrBasedSimpleFunctionDescriptor: FUN name:getAllPaleoRecipes visibility:public modality:OPEN <> ($this:com.leo.paleorecipes.data.repository.RecipeRepositoryImpl) returnType:kotlinx.coroutines.flow.Flow<kotlin.collections.List<com.leo.paleorecipes.data.Recipe>>
i: [kapt] method getAllUserRecipes()Lkotlinx/coroutines/flow/Flow; -> origin=OTHER element=KtNamedFunction descriptor=IrBasedSimpleFunctionDescriptor: FUN name:getAllUserRecipes visibility:public modality:OPEN <> ($this:com.leo.paleorecipes.data.repository.RecipeRepositoryImpl) returnType:kotlinx.coroutines.flow.Flow<kotlin.collections.List<com.leo.paleorecipes.data.Recipe>>
i: [kapt] method getRecipeById(JLkotlin/coroutines/Continuation;)Ljava/lang/Object; -> origin=OTHER element=KtNamedFunction descriptor=IrBasedSimpleFunctionDescriptor: FUN name:getRecipeById visibility:public modality:OPEN <> ($this:com.leo.paleorecipes.data.repository.RecipeRepositoryImpl, id:kotlin.Long, $completion:kotlin.coroutines.Continuation<com.leo.paleorecipes.data.Recipe?>) returnType:kotlin.Any? [suspend]
i: [kapt] method observeRecipeById(J)Lkotlinx/coroutines/flow/Flow; -> origin=OTHER element=KtNamedFunction descriptor=IrBasedSimpleFunctionDescriptor: FUN name:observeRecipeById visibility:public modality:OPEN <> ($this:com.leo.paleorecipes.data.repository.RecipeRepositoryImpl, recipeId:kotlin.Long) returnType:kotlinx.coroutines.flow.Flow<com.leo.paleorecipes.data.Recipe?>
i: [kapt] method getFavoriteRecipes()Lkotlinx/coroutines/flow/Flow; -> origin=OTHER element=KtNamedFunction descriptor=IrBasedSimpleFunctionDescriptor: FUN name:getFavoriteRecipes visibility:public modality:OPEN <> ($this:com.leo.paleorecipes.data.repository.RecipeRepositoryImpl) returnType:kotlinx.coroutines.flow.Flow<kotlin.collections.List<com.leo.paleorecipes.data.Recipe>>
i: [kapt] method searchRecipes(Ljava/lang/String;)Lkotlinx/coroutines/flow/Flow; -> origin=OTHER element=KtNamedFunction descriptor=IrBasedSimpleFunctionDescriptor: FUN name:searchRecipes visibility:public modality:OPEN <> ($this:com.leo.paleorecipes.data.repository.RecipeRepositoryImpl, query:kotlin.String) returnType:kotlinx.coroutines.flow.Flow<kotlin.collections.List<com.leo.paleorecipes.data.Recipe>>
i: [kapt] method searchUserRecipes(Ljava/lang/String;)Lkotlinx/coroutines/flow/Flow; -> origin=OTHER element=KtNamedFunction descriptor=IrBasedSimpleFunctionDescriptor: FUN name:searchUserRecipes visibility:public modality:OPEN <> ($this:com.leo.paleorecipes.data.repository.RecipeRepositoryImpl, query:kotlin.String) returnType:kotlinx.coroutines.flow.Flow<kotlin.collections.List<com.leo.paleorecipes.data.Recipe>>
i: [kapt] method searchPaleoRecipes(Ljava/lang/String;)Lkotlinx/coroutines/flow/Flow; -> origin=OTHER element=KtNamedFunction descriptor=IrBasedSimpleFunctionDescriptor: FUN name:searchPaleoRecipes visibility:public modality:OPEN <> ($this:com.leo.paleorecipes.data.repository.RecipeRepositoryImpl, query:kotlin.String) returnType:kotlinx.coroutines.flow.Flow<kotlin.collections.List<com.leo.paleorecipes.data.Recipe>>
i: [kapt] method searchAllRecipes(Ljava/lang/String;)Lkotlinx/coroutines/flow/Flow; -> origin=OTHER element=KtNamedFunction descriptor=IrBasedSimpleFunctionDescriptor: FUN name:searchAllRecipes visibility:public modality:OPEN <> ($this:com.leo.paleorecipes.data.repository.RecipeRepositoryImpl, query:kotlin.String) returnType:kotlinx.coroutines.flow.Flow<kotlin.collections.List<com.leo.paleorecipes.data.Recipe>>
i: [kapt] method insertRecipe(Lcom/leo/paleorecipes/data/Recipe;Lkotlin/coroutines/Continuation;)Ljava/lang/Object; -> origin=OTHER element=KtNamedFunction descriptor=IrBasedSimpleFunctionDescriptor: FUN name:insertRecipe visibility:public modality:OPEN <> ($this:com.leo.paleorecipes.data.repository.RecipeRepositoryImpl, recipe:com.leo.paleorecipes.data.Recipe, $completion:kotlin.coroutines.Continuation<com.leo.paleorecipes.data.Recipe>) returnType:kotlin.Any? [suspend]
i: [kapt] method updateRecipe(Lcom/leo/paleorecipes/data/Recipe;Lkotlin/coroutines/Continuation;)Ljava/lang/Object; -> origin=OTHER element=KtNamedFunction descriptor=IrBasedSimpleFunctionDescriptor: FUN name:updateRecipe visibility:public modality:OPEN <> ($this:com.leo.paleorecipes.data.repository.RecipeRepositoryImpl, recipe:com.leo.paleorecipes.data.Recipe, $completion:kotlin.coroutines.Continuation<kotlin.Unit>) returnType:kotlin.Any? [suspend]
i: [kapt] method deleteRecipe(JLkotlin/coroutines/Continuation;)Ljava/lang/Object; -> origin=OTHER element=KtNamedFunction descriptor=IrBasedSimpleFunctionDescriptor: FUN name:deleteRecipe visibility:public modality:OPEN <> ($this:com.leo.paleorecipes.data.repository.RecipeRepositoryImpl, recipeId:kotlin.Long, $completion:kotlin.coroutines.Continuation<kotlin.Unit>) returnType:kotlin.Any? [suspend]
i: [kapt] method deleteAllRecipes(Lkotlin/coroutines/Continuation;)Ljava/lang/Object; -> origin=OTHER element=KtNamedFunction descriptor=IrBasedSimpleFunctionDescriptor: FUN name:deleteAllRecipes visibility:public modality:OPEN <> ($this:com.leo.paleorecipes.data.repository.RecipeRepositoryImpl, $completion:kotlin.coroutines.Continuation<kotlin.Unit>) returnType:kotlin.Any? [suspend]
i: [kapt] method getAllRecipesSync(Lkotlin/coroutines/Continuation;)Ljava/lang/Object; -> origin=OTHER element=KtNamedFunction descriptor=IrBasedSimpleFunctionDescriptor: FUN name:getAllRecipesSync visibility:public modality:OPEN <> ($this:com.leo.paleorecipes.data.repository.RecipeRepositoryImpl, $completion:kotlin.coroutines.Continuation<kotlin.collections.List<com.leo.paleorecipes.data.Recipe>>) returnType:kotlin.Any? [suspend]
i: [kapt] method syncRecipes-gIAlu-s(ZLkotlin/coroutines/Continuation;)Ljava/lang/Object; -> origin=OTHER element=KtNamedFunction descriptor=IrBasedSimpleFunctionDescriptor: FUN name:syncRecipes-gIAlu-s visibility:public modality:OPEN <> ($this:com.leo.paleorecipes.data.repository.RecipeRepositoryImpl, forceRefresh:kotlin.Boolean, $completion:kotlin.coroutines.Continuation<kotlin.Result<kotlin.Unit>>) returnType:kotlin.Any? [suspend]
i: [kapt] method searchRecipesByIngredients(Ljava/util/List;Lkotlin/coroutines/Continuation;)Ljava/lang/Object; -> origin=OTHER element=KtNamedFunction descriptor=IrBasedSimpleFunctionDescriptor: FUN name:searchRecipesByIngredients visibility:public modality:OPEN <> ($this:com.leo.paleorecipes.data.repository.RecipeRepositoryImpl, ingredients:kotlin.collections.List<kotlin.String>, $completion:kotlin.coroutines.Continuation<kotlin.collections.List<com.leo.paleorecipes.data.Recipe>>) returnType:kotlin.Any? [suspend]
i: [kapt] field recipeDao:Lcom/leo/paleorecipes/data/RecipeDao; -> origin=OTHER element=KtParameter descriptor=IrBasedFieldDescriptor: FIELD PROPERTY_BACKING_FIELD name:recipeDao type:com.leo.paleorecipes.data.RecipeDao visibility:private [final]
i: [kapt] field apiClient:Lcom/leo/paleorecipes/data/api/ApiClient; -> origin=OTHER element=KtParameter descriptor=IrBasedFieldDescriptor: FIELD PROPERTY_BACKING_FIELD name:apiClient type:com.leo.paleorecipes.data.api.ApiClient visibility:private [final]
i: [kapt] field networkMonitor:Lcom/leo/paleorecipes/utils/NetworkMonitor; -> origin=OTHER element=KtParameter descriptor=IrBasedFieldDescriptor: FIELD PROPERTY_BACKING_FIELD name:networkMonitor type:com.leo.paleorecipes.utils.NetworkMonitor visibility:private [final]
i: [kapt] class com/leo/paleorecipes/di/AppModule -> origin=OTHER element=KtObjectDeclaration descriptor=IrBasedClassDescriptor: CLASS OBJECT name:AppModule modality:FINAL visibility:public superTypes:[kotlin.Any]
i: [kapt] method <init>()V -> origin=OTHER element=KtObjectDeclaration descriptor=IrBasedClassConstructorDescriptor: CONSTRUCTOR visibility:private <> () returnType:com.leo.paleorecipes.di.AppModule [primary]
i: [kapt] method provideAppDatabase(Landroid/content/Context;)Lcom/leo/paleorecipes/data/AppDatabase; -> origin=OTHER element=KtNamedFunction descriptor=IrBasedSimpleFunctionDescriptor: FUN name:provideAppDatabase visibility:public modality:FINAL <> ($this:com.leo.paleorecipes.di.AppModule, context:android.content.Context) returnType:com.leo.paleorecipes.data.AppDatabase
i: [kapt] method provideRecipeDao(Lcom/leo/paleorecipes/data/AppDatabase;)Lcom/leo/paleorecipes/data/RecipeDao; -> origin=OTHER element=KtNamedFunction descriptor=IrBasedSimpleFunctionDescriptor: FUN name:provideRecipeDao visibility:public modality:FINAL <> ($this:com.leo.paleorecipes.di.AppModule, database:com.leo.paleorecipes.data.AppDatabase) returnType:com.leo.paleorecipes.data.RecipeDao
i: [kapt] method provideRecipeRepository(Lcom/leo/paleorecipes/data/RecipeDao;Lcom/leo/paleorecipes/data/api/ApiClient;Lcom/leo/paleorecipes/utils/NetworkMonitor;)Lcom/leo/paleorecipes/data/repository/RecipeRepository; -> origin=OTHER element=KtNamedFunction descriptor=IrBasedSimpleFunctionDescriptor: FUN name:provideRecipeRepository visibility:public modality:FINAL <> ($this:com.leo.paleorecipes.di.AppModule, recipeDao:com.leo.paleorecipes.data.RecipeDao, apiClient:com.leo.paleorecipes.data.api.ApiClient, networkMonitor:com.leo.paleorecipes.utils.NetworkMonitor) returnType:com.leo.paleorecipes.data.repository.RecipeRepository
i: [kapt] method provideOkHttpClient()Lokhttp3/OkHttpClient; -> origin=OTHER element=KtNamedFunction descriptor=IrBasedSimpleFunctionDescriptor: FUN name:provideOkHttpClient visibility:public modality:FINAL <> ($this:com.leo.paleorecipes.di.AppModule) returnType:okhttp3.OkHttpClient
i: [kapt] method provideRetrofit(Lokhttp3/OkHttpClient;)Lretrofit2/Retrofit; -> origin=OTHER element=KtNamedFunction descriptor=IrBasedSimpleFunctionDescriptor: FUN name:provideRetrofit visibility:public modality:FINAL <> ($this:com.leo.paleorecipes.di.AppModule, okHttpClient:okhttp3.OkHttpClient) returnType:retrofit2.Retrofit
i: [kapt] method provideSpoonacularApiService(Lretrofit2/Retrofit;)Lcom/leo/paleorecipes/data/api/SpoonacularApiService; -> origin=OTHER element=KtNamedFunction descriptor=IrBasedSimpleFunctionDescriptor: FUN name:provideSpoonacularApiService visibility:public modality:FINAL <> ($this:com.leo.paleorecipes.di.AppModule, retrofit:retrofit2.Retrofit) returnType:com.leo.paleorecipes.data.api.SpoonacularApiService
i: [kapt] method provideApiClient(Lcom/leo/paleorecipes/data/api/SpoonacularApiService;)Lcom/leo/paleorecipes/data/api/ApiClient; -> origin=OTHER element=KtNamedFunction descriptor=IrBasedSimpleFunctionDescriptor: FUN name:provideApiClient visibility:public modality:FINAL <> ($this:com.leo.paleorecipes.di.AppModule, apiService:com.leo.paleorecipes.data.api.SpoonacularApiService) returnType:com.leo.paleorecipes.data.api.ApiClient
i: [kapt] method provideNetworkMonitor(Landroid/content/Context;)Lcom/leo/paleorecipes/utils/NetworkMonitor; -> origin=OTHER element=KtNamedFunction descriptor=IrBasedSimpleFunctionDescriptor: FUN name:provideNetworkMonitor visibility:public modality:FINAL <> ($this:com.leo.paleorecipes.di.AppModule, context:android.content.Context) returnType:com.leo.paleorecipes.utils.NetworkMonitor
i: [kapt] method provideIoDispatcher()Lkotlinx/coroutines/CoroutineDispatcher; -> origin=OTHER element=KtNamedFunction descriptor=IrBasedSimpleFunctionDescriptor: FUN name:provideIoDispatcher visibility:public modality:FINAL <> ($this:com.leo.paleorecipes.di.AppModule) returnType:kotlinx.coroutines.CoroutineDispatcher
i: [kapt] method provideMainDispatcher()Lkotlinx/coroutines/CoroutineDispatcher; -> origin=OTHER element=KtNamedFunction descriptor=IrBasedSimpleFunctionDescriptor: FUN name:provideMainDispatcher visibility:public modality:FINAL <> ($this:com.leo.paleorecipes.di.AppModule) returnType:kotlinx.coroutines.CoroutineDispatcher
i: [kapt] method provideWorkManager(Landroid/content/Context;)Landroidx/work/WorkManager; -> origin=OTHER element=KtNamedFunction descriptor=IrBasedSimpleFunctionDescriptor: FUN name:provideWorkManager visibility:public modality:FINAL <> ($this:com.leo.paleorecipes.di.AppModule, context:android.content.Context) returnType:androidx.work.WorkManager
i: [kapt] field INSTANCE:Lcom/leo/paleorecipes/di/AppModule; -> origin=OTHER element=null descriptor=IrBasedFieldDescriptor: FIELD FIELD_FOR_OBJECT_INSTANCE name:INSTANCE type:com.leo.paleorecipes.di.AppModule visibility:public [final,static]
i: [kapt] class com/leo/paleorecipes/di/DatabaseModule -> origin=OTHER element=KtObjectDeclaration descriptor=IrBasedClassDescriptor: CLASS OBJECT name:DatabaseModule modality:FINAL visibility:public superTypes:[kotlin.Any]
i: [kapt] method <init>()V -> origin=OTHER element=KtObjectDeclaration descriptor=IrBasedClassConstructorDescriptor: CONSTRUCTOR visibility:private <> () returnType:com.leo.paleorecipes.di.DatabaseModule [primary]
i: [kapt] method provideAppDatabase(Landroid/content/Context;)Lcom/leo/paleorecipes/data/AppDatabase; -> origin=OTHER element=KtNamedFunction descriptor=IrBasedSimpleFunctionDescriptor: FUN name:provideAppDatabase visibility:public modality:FINAL <> ($this:com.leo.paleorecipes.di.DatabaseModule, context:android.content.Context) returnType:com.leo.paleorecipes.data.AppDatabase
i: [kapt] method provideRecipeDao(Lcom/leo/paleorecipes/data/AppDatabase;)Lcom/leo/paleorecipes/data/RecipeDao; -> origin=OTHER element=KtNamedFunction descriptor=IrBasedSimpleFunctionDescriptor: FUN name:provideRecipeDao visibility:public modality:FINAL <> ($this:com.leo.paleorecipes.di.DatabaseModule, database:com.leo.paleorecipes.data.AppDatabase) returnType:com.leo.paleorecipes.data.RecipeDao
i: [kapt] method provideIngredientDao(Lcom/leo/paleorecipes/data/AppDatabase;)Lcom/leo/paleorecipes/data/local/dao/IngredientDao; -> origin=OTHER element=KtNamedFunction descriptor=IrBasedSimpleFunctionDescriptor: FUN name:provideIngredientDao visibility:public modality:FINAL <> ($this:com.leo.paleorecipes.di.DatabaseModule, database:com.leo.paleorecipes.data.AppDatabase) returnType:com.leo.paleorecipes.data.local.dao.IngredientDao
i: [kapt] method provideIngredientRepository(Lcom/leo/paleorecipes/data/local/dao/IngredientDao;)Lcom/leo/paleorecipes/data/repository/IngredientRepository; -> origin=OTHER element=KtNamedFunction descriptor=IrBasedSimpleFunctionDescriptor: FUN name:provideIngredientRepository visibility:public modality:FINAL <> ($this:com.leo.paleorecipes.di.DatabaseModule, ingredientDao:com.leo.paleorecipes.data.local.dao.IngredientDao) returnType:com.leo.paleorecipes.data.repository.IngredientRepository
i: [kapt] field INSTANCE:Lcom/leo/paleorecipes/di/DatabaseModule; -> origin=OTHER element=null descriptor=IrBasedFieldDescriptor: FIELD FIELD_FOR_OBJECT_INSTANCE name:INSTANCE type:com.leo.paleorecipes.di.DatabaseModule visibility:public [final,static]
i: [kapt] class com/leo/paleorecipes/di/HiltWorkerFactory -> origin=OTHER element=KtClass descriptor=IrBasedClassDescriptor: CLASS CLASS name:HiltWorkerFactory modality:FINAL visibility:public superTypes:[androidx.work.WorkerFactory]
i: [kapt] method <init>(Ljava/util/Map;)V -> origin=OTHER element=KtClass descriptor=IrBasedClassConstructorDescriptor: CONSTRUCTOR visibility:public <> (workerFactories:kotlin.collections.Map<kotlin.String, @[JvmSuppressWildcards(suppress = <null>)] javax.inject.Provider<com.leo.paleorecipes.workers.ChildWorkerFactory>>) returnType:com.leo.paleorecipes.di.HiltWorkerFactory [primary]
i: [kapt] method createWorker(Landroid/content/Context;Ljava/lang/String;Landroidx/work/WorkerParameters;)Landroidx/work/ListenableWorker; -> origin=OTHER element=KtNamedFunction descriptor=IrBasedSimpleFunctionDescriptor: FUN name:createWorker visibility:public modality:OPEN <> ($this:com.leo.paleorecipes.di.HiltWorkerFactory, appContext:android.content.Context, workerClassName:kotlin.String, workerParameters:androidx.work.WorkerParameters) returnType:androidx.work.ListenableWorker?
i: [kapt] field workerFactories:Ljava/util/Map; -> origin=OTHER element=KtParameter descriptor=IrBasedFieldDescriptor: FIELD PROPERTY_BACKING_FIELD name:workerFactories type:kotlin.collections.Map<kotlin.String, @[JvmSuppressWildcards(suppress = <null>)] javax.inject.Provider<com.leo.paleorecipes.workers.ChildWorkerFactory>> visibility:private [final]
i: [kapt] class com/leo/paleorecipes/di/WorkerFactoryModule -> origin=OTHER element=KtClass descriptor=IrBasedClassDescriptor: CLASS CLASS name:WorkerFactoryModule modality:ABSTRACT visibility:public superTypes:[kotlin.Any]
i: [kapt] method <init>()V -> origin=OTHER element=KtClass descriptor=IrBasedClassConstructorDescriptor: CONSTRUCTOR visibility:public <> () returnType:com.leo.paleorecipes.di.WorkerFactoryModule [primary]
i: [kapt] method bindSyncRecipesWorkerFactory(Lcom/leo/paleorecipes/workers/SyncRecipesWorker$Factory;)Lcom/leo/paleorecipes/workers/ChildWorkerFactory; -> origin=OTHER element=KtNamedFunction descriptor=IrBasedSimpleFunctionDescriptor: FUN name:bindSyncRecipesWorkerFactory visibility:public modality:ABSTRACT <> ($this:com.leo.paleorecipes.di.WorkerFactoryModule, factory:com.leo.paleorecipes.workers.SyncRecipesWorker.Factory) returnType:com.leo.paleorecipes.workers.ChildWorkerFactory
i: [kapt] field Companion:Lcom/leo/paleorecipes/di/WorkerFactoryModule$Companion; -> origin=OTHER element=null descriptor=IrBasedFieldDescriptor: FIELD FIELD_FOR_OBJECT_INSTANCE name:Companion type:com.leo.paleorecipes.di.WorkerFactoryModule.Companion visibility:public [final,static]
i: [kapt] field SYNC_RECIPES_WORKER:Ljava/lang/String; -> origin=OTHER element=KtProperty descriptor=IrBasedFieldDescriptor: FIELD COMPANION_PROPERTY_BACKING_FIELD name:SYNC_RECIPES_WORKER type:kotlin.String visibility:private [final,static]
i: [kapt] class com/leo/paleorecipes/di/WorkerFactoryModule$Companion -> origin=OTHER element=KtObjectDeclaration descriptor=IrBasedClassDescriptor: CLASS OBJECT name:Companion modality:FINAL visibility:public [companion] superTypes:[kotlin.Any]
i: [kapt] method <init>()V -> origin=OTHER element=KtObjectDeclaration descriptor=IrBasedClassConstructorDescriptor: CONSTRUCTOR visibility:private <> () returnType:com.leo.paleorecipes.di.WorkerFactoryModule.Companion [primary]
i: [kapt] method provideHiltWorkerFactory(Ljava/util/Map;)Landroidx/work/WorkerFactory; -> origin=OTHER element=KtNamedFunction descriptor=IrBasedSimpleFunctionDescriptor: FUN name:provideHiltWorkerFactory visibility:public modality:FINAL <> ($this:com.leo.paleorecipes.di.WorkerFactoryModule.Companion, workerFactories:kotlin.collections.Map<kotlin.String, @[JvmSuppressWildcards(suppress = <null>)] javax.inject.Provider<com.leo.paleorecipes.workers.ChildWorkerFactory>>) returnType:androidx.work.WorkerFactory
i: [kapt] method <init>(Lkotlin/jvm/internal/DefaultConstructorMarker;)V -> origin=OTHER element=null descriptor=IrBasedClassConstructorDescriptor: CONSTRUCTOR SYNTHETIC_ACCESSOR visibility:public <> ($constructor_marker:kotlin.jvm.internal.DefaultConstructorMarker?) returnType:com.leo.paleorecipes.di.WorkerFactoryModule.Companion
i: [kapt] class com/leo/paleorecipes/di/RepositoryModule -> origin=OTHER element=KtClass descriptor=IrBasedClassDescriptor: CLASS CLASS name:RepositoryModule modality:ABSTRACT visibility:public superTypes:[kotlin.Any]
i: [kapt] method <init>()V -> origin=OTHER element=KtClass descriptor=IrBasedClassConstructorDescriptor: CONSTRUCTOR visibility:public <> () returnType:com.leo.paleorecipes.di.RepositoryModule [primary]
i: [kapt] class com/leo/paleorecipes/di/TestModule -> origin=OTHER element=KtObjectDeclaration descriptor=IrBasedClassDescriptor: CLASS OBJECT name:TestModule modality:FINAL visibility:public superTypes:[kotlin.Any]
i: [kapt] method <init>()V -> origin=OTHER element=KtObjectDeclaration descriptor=IrBasedClassConstructorDescriptor: CONSTRUCTOR visibility:private <> () returnType:com.leo.paleorecipes.di.TestModule [primary]
i: [kapt] method provideTestString()Ljava/lang/String; -> origin=OTHER element=KtNamedFunction descriptor=IrBasedSimpleFunctionDescriptor: FUN name:provideTestString visibility:public modality:FINAL <> ($this:com.leo.paleorecipes.di.TestModule) returnType:kotlin.String
i: [kapt] field INSTANCE:Lcom/leo/paleorecipes/di/TestModule; -> origin=OTHER element=null descriptor=IrBasedFieldDescriptor: FIELD FIELD_FOR_OBJECT_INSTANCE name:INSTANCE type:com.leo.paleorecipes.di.TestModule visibility:public [final,static]
i: [kapt] class com/leo/paleorecipes/di/WorkerHelperModule -> origin=OTHER element=KtObjectDeclaration descriptor=IrBasedClassDescriptor: CLASS OBJECT name:WorkerHelperModule modality:FINAL visibility:public superTypes:[kotlin.Any]
i: [kapt] method <init>()V -> origin=OTHER element=KtObjectDeclaration descriptor=IrBasedClassConstructorDescriptor: CONSTRUCTOR visibility:private <> () returnType:com.leo.paleorecipes.di.WorkerHelperModule [primary]
i: [kapt] method provideWorkManager(Landroid/content/Context;)Landroidx/work/WorkManager; -> origin=OTHER element=KtNamedFunction descriptor=IrBasedSimpleFunctionDescriptor: FUN name:provideWorkManager visibility:public modality:FINAL <> ($this:com.leo.paleorecipes.di.WorkerHelperModule, context:android.content.Context) returnType:androidx.work.WorkManager
i: [kapt] method provideWorkManagerHelper(Landroidx/work/WorkManager;)Lcom/leo/paleorecipes/workers/WorkManagerHelper; -> origin=OTHER element=KtNamedFunction descriptor=IrBasedSimpleFunctionDescriptor: FUN name:provideWorkManagerHelper visibility:public modality:FINAL <> ($this:com.leo.paleorecipes.di.WorkerHelperModule, workManager:androidx.work.WorkManager) returnType:com.leo.paleorecipes.workers.WorkManagerHelper
i: [kapt] field INSTANCE:Lcom/leo/paleorecipes/di/WorkerHelperModule; -> origin=OTHER element=null descriptor=IrBasedFieldDescriptor: FIELD FIELD_FOR_OBJECT_INSTANCE name:INSTANCE type:com.leo.paleorecipes.di.WorkerHelperModule visibility:public [final,static]
i: [kapt] class com/leo/paleorecipes/di/WorkerModule -> origin=OTHER element=KtClass descriptor=IrBasedClassDescriptor: CLASS CLASS name:WorkerModule modality:ABSTRACT visibility:public superTypes:[kotlin.Any]
i: [kapt] method <init>()V -> origin=OTHER element=KtClass descriptor=IrBasedClassConstructorDescriptor: CONSTRUCTOR visibility:public <> () returnType:com.leo.paleorecipes.di.WorkerModule [primary]
i: [kapt] method bindSyncRecipesWorkerFactory(Lcom/leo/paleorecipes/workers/SyncRecipesWorker$Factory;)Lcom/leo/paleorecipes/workers/ChildWorkerFactory; -> origin=OTHER element=KtNamedFunction descriptor=IrBasedSimpleFunctionDescriptor: FUN name:bindSyncRecipesWorkerFactory visibility:public modality:ABSTRACT <> ($this:com.leo.paleorecipes.di.WorkerModule, factory:com.leo.paleorecipes.workers.SyncRecipesWorker.Factory) returnType:com.leo.paleorecipes.workers.ChildWorkerFactory
i: [kapt] field Companion:Lcom/leo/paleorecipes/di/WorkerModule$Companion; -> origin=OTHER element=null descriptor=IrBasedFieldDescriptor: FIELD FIELD_FOR_OBJECT_INSTANCE name:Companion type:com.leo.paleorecipes.di.WorkerModule.Companion visibility:public [final,static]
i: [kapt] class com/leo/paleorecipes/di/WorkerModule$Companion -> origin=OTHER element=KtObjectDeclaration descriptor=IrBasedClassDescriptor: CLASS OBJECT name:Companion modality:FINAL visibility:public [companion] superTypes:[kotlin.Any]
i: [kapt] method <init>()V -> origin=OTHER element=KtObjectDeclaration descriptor=IrBasedClassConstructorDescriptor: CONSTRUCTOR visibility:private <> () returnType:com.leo.paleorecipes.di.WorkerModule.Companion [primary]
i: [kapt] method provideWorkManager(Landroid/content/Context;)Landroidx/work/WorkManager; -> origin=OTHER element=KtNamedFunction descriptor=IrBasedSimpleFunctionDescriptor: FUN name:provideWorkManager visibility:public modality:FINAL <> ($this:com.leo.paleorecipes.di.WorkerModule.Companion, context:android.content.Context) returnType:androidx.work.WorkManager
i: [kapt] method <init>(Lkotlin/jvm/internal/DefaultConstructorMarker;)V -> origin=OTHER element=null descriptor=IrBasedClassConstructorDescriptor: CONSTRUCTOR SYNTHETIC_ACCESSOR visibility:public <> ($constructor_marker:kotlin.jvm.internal.DefaultConstructorMarker?) returnType:com.leo.paleorecipes.di.WorkerModule.Companion
i: [kapt] class com/leo/paleorecipes/network/SpoonacularApi -> origin=OTHER element=KtClass descriptor=IrBasedClassDescriptor: CLASS CLASS name:SpoonacularApi modality:FINAL visibility:public superTypes:[kotlin.Any]
i: [kapt] method <init>(Lcom/leo/paleorecipes/network/SpoonacularService;)V -> origin=OTHER element=KtClass descriptor=IrBasedClassConstructorDescriptor: CONSTRUCTOR visibility:public <> (service:com.leo.paleorecipes.network.SpoonacularService) returnType:com.leo.paleorecipes.network.SpoonacularApi [primary]
i: [kapt] method searchRecipesByIngredients(Ljava/lang/String;ILjava/lang/String;ZILkotlin/coroutines/Continuation;)Ljava/lang/Object; -> origin=OTHER element=KtNamedFunction descriptor=IrBasedSimpleFunctionDescriptor: FUN name:searchRecipesByIngredients visibility:public modality:FINAL <> ($this:com.leo.paleorecipes.network.SpoonacularApi, ingredients:kotlin.String, number:kotlin.Int, apiKey:kotlin.String, ignorePantry:kotlin.Boolean, ranking:kotlin.Int, $completion:kotlin.coroutines.Continuation<kotlin.collections.List<com.leo.paleorecipes.data.model.Recipe>>) returnType:kotlin.Any? [suspend]
i: [kapt] method searchRecipesByIngredients$default(Lcom/leo/paleorecipes/network/SpoonacularApi;Ljava/lang/String;ILjava/lang/String;ZILkotlin/coroutines/Continuation;ILjava/lang/Object;)Ljava/lang/Object; -> origin=OTHER element=KtNamedFunction descriptor=IrBasedSimpleFunctionDescriptor: FUN FUNCTION_FOR_DEFAULT_PARAMETER name:searchRecipesByIngredients$default visibility:public modality:FINAL <> ($this:com.leo.paleorecipes.network.SpoonacularApi, ingredients:kotlin.String, number:kotlin.Int, apiKey:kotlin.String, ignorePantry:kotlin.Boolean, ranking:kotlin.Int, $completion:kotlin.coroutines.Continuation<kotlin.collections.List<com.leo.paleorecipes.data.model.Recipe>>, $mask0:kotlin.Int, $handler:kotlin.Any?) returnType:kotlin.Any? [suspend]
i: [kapt] method getRecipeInformation(ILjava/lang/String;ZLkotlin/coroutines/Continuation;)Ljava/lang/Object; -> origin=OTHER element=KtNamedFunction descriptor=IrBasedSimpleFunctionDescriptor: FUN name:getRecipeInformation visibility:public modality:FINAL <> ($this:com.leo.paleorecipes.network.SpoonacularApi, id:kotlin.Int, apiKey:kotlin.String, includeNutrition:kotlin.Boolean, $completion:kotlin.coroutines.Continuation<com.leo.paleorecipes.data.model.RecipeDetail>) returnType:kotlin.Any? [suspend]
i: [kapt] method getRecipeInformation$default(Lcom/leo/paleorecipes/network/SpoonacularApi;ILjava/lang/String;ZLkotlin/coroutines/Continuation;ILjava/lang/Object;)Ljava/lang/Object; -> origin=OTHER element=KtNamedFunction descriptor=IrBasedSimpleFunctionDescriptor: FUN FUNCTION_FOR_DEFAULT_PARAMETER name:getRecipeInformation$default visibility:public modality:FINAL <> ($this:com.leo.paleorecipes.network.SpoonacularApi, id:kotlin.Int, apiKey:kotlin.String, includeNutrition:kotlin.Boolean, $completion:kotlin.coroutines.Continuation<com.leo.paleorecipes.data.model.RecipeDetail>, $mask0:kotlin.Int, $handler:kotlin.Any?) returnType:kotlin.Any? [suspend]
i: [kapt] field service:Lcom/leo/paleorecipes/network/SpoonacularService; -> origin=OTHER element=KtParameter descriptor=IrBasedFieldDescriptor: FIELD PROPERTY_BACKING_FIELD name:service type:com.leo.paleorecipes.network.SpoonacularService visibility:private [final]
i: [kapt] class com/leo/paleorecipes/network/SpoonacularService -> origin=OTHER element=KtClass descriptor=IrBasedClassDescriptor: CLASS INTERFACE name:SpoonacularService modality:ABSTRACT visibility:public superTypes:[kotlin.Any]
i: [kapt] method searchRecipesByIngredients(Ljava/lang/String;ILjava/lang/String;ZILkotlin/coroutines/Continuation;)Ljava/lang/Object; -> origin=OTHER element=KtNamedFunction descriptor=IrBasedSimpleFunctionDescriptor: FUN name:searchRecipesByIngredients visibility:public modality:ABSTRACT <> ($this:com.leo.paleorecipes.network.SpoonacularService, ingredients:kotlin.String, number:kotlin.Int, apiKey:kotlin.String, ignorePantry:kotlin.Boolean, ranking:kotlin.Int, $completion:kotlin.coroutines.Continuation<kotlin.collections.List<com.leo.paleorecipes.data.model.Recipe>>) returnType:kotlin.Any? [suspend]
i: [kapt] method searchRecipesByIngredients$default(Lcom/leo/paleorecipes/network/SpoonacularService;Ljava/lang/String;ILjava/lang/String;ZILkotlin/coroutines/Continuation;ILjava/lang/Object;)Ljava/lang/Object; -> origin=OTHER element=KtNamedFunction descriptor=IrBasedSimpleFunctionDescriptor: FUN FUNCTION_FOR_DEFAULT_PARAMETER name:searchRecipesByIngredients$default visibility:public modality:FINAL <> ($this:com.leo.paleorecipes.network.SpoonacularService, ingredients:kotlin.String, number:kotlin.Int, apiKey:kotlin.String, ignorePantry:kotlin.Boolean, ranking:kotlin.Int, $completion:kotlin.coroutines.Continuation<kotlin.collections.List<com.leo.paleorecipes.data.model.Recipe>>, $mask0:kotlin.Int, $handler:kotlin.Any?) returnType:kotlin.Any? [suspend]
i: [kapt] method getRecipeInformation(ILjava/lang/String;ZLkotlin/coroutines/Continuation;)Ljava/lang/Object; -> origin=OTHER element=KtNamedFunction descriptor=IrBasedSimpleFunctionDescriptor: FUN name:getRecipeInformation visibility:public modality:ABSTRACT <> ($this:com.leo.paleorecipes.network.SpoonacularService, id:kotlin.Int, apiKey:kotlin.String, includeNutrition:kotlin.Boolean, $completion:kotlin.coroutines.Continuation<com.leo.paleorecipes.data.model.RecipeDetail>) returnType:kotlin.Any? [suspend]
i: [kapt] method getRecipeInformation$default(Lcom/leo/paleorecipes/network/SpoonacularService;ILjava/lang/String;ZLkotlin/coroutines/Continuation;ILjava/lang/Object;)Ljava/lang/Object; -> origin=OTHER element=KtNamedFunction descriptor=IrBasedSimpleFunctionDescriptor: FUN FUNCTION_FOR_DEFAULT_PARAMETER name:getRecipeInformation$default visibility:public modality:FINAL <> ($this:com.leo.paleorecipes.network.SpoonacularService, id:kotlin.Int, apiKey:kotlin.String, includeNutrition:kotlin.Boolean, $completion:kotlin.coroutines.Continuation<com.leo.paleorecipes.data.model.RecipeDetail>, $mask0:kotlin.Int, $handler:kotlin.Any?) returnType:kotlin.Any? [suspend]
i: [kapt] class com/leo/paleorecipes/network/RecipeDetailResponse -> origin=OTHER element=KtClass descriptor=IrBasedClassDescriptor: CLASS CLASS name:RecipeDetailResponse modality:FINAL visibility:public [data] superTypes:[kotlin.Any]
i: [kapt] method <init>(ILjava/lang/String;Ljava/lang/String;Ljava/lang/String;Ljava/lang/String;Ljava/util/List;II)V -> origin=OTHER element=KtClass descriptor=IrBasedClassConstructorDescriptor: CONSTRUCTOR visibility:public <> (id:kotlin.Int, title:kotlin.String, image:kotlin.String?, summary:kotlin.String, instructions:kotlin.String, extendedIngredients:kotlin.collections.List<com.leo.paleorecipes.network.ExtendedIngredient>, readyInMinutes:kotlin.Int, servings:kotlin.Int) returnType:com.leo.paleorecipes.network.RecipeDetailResponse [primary]
i: [kapt] method getId()I -> origin=OTHER element=KtParameter descriptor=IrBasedPropertyGetterDescriptor: FUN DEFAULT_PROPERTY_ACCESSOR name:<get-id> visibility:public modality:FINAL <> ($this:com.leo.paleorecipes.network.RecipeDetailResponse) returnType:kotlin.Int
i: [kapt] method getTitle()Ljava/lang/String; -> origin=OTHER element=KtParameter descriptor=IrBasedPropertyGetterDescriptor: FUN DEFAULT_PROPERTY_ACCESSOR name:<get-title> visibility:public modality:FINAL <> ($this:com.leo.paleorecipes.network.RecipeDetailResponse) returnType:kotlin.String
i: [kapt] method getImage()Ljava/lang/String; -> origin=OTHER element=KtParameter descriptor=IrBasedPropertyGetterDescriptor: FUN DEFAULT_PROPERTY_ACCESSOR name:<get-image> visibility:public modality:FINAL <> ($this:com.leo.paleorecipes.network.RecipeDetailResponse) returnType:kotlin.String?
i: [kapt] method getSummary()Ljava/lang/String; -> origin=OTHER element=KtParameter descriptor=IrBasedPropertyGetterDescriptor: FUN DEFAULT_PROPERTY_ACCESSOR name:<get-summary> visibility:public modality:FINAL <> ($this:com.leo.paleorecipes.network.RecipeDetailResponse) returnType:kotlin.String
i: [kapt] method getInstructions()Ljava/lang/String; -> origin=OTHER element=KtParameter descriptor=IrBasedPropertyGetterDescriptor: FUN DEFAULT_PROPERTY_ACCESSOR name:<get-instructions> visibility:public modality:FINAL <> ($this:com.leo.paleorecipes.network.RecipeDetailResponse) returnType:kotlin.String
i: [kapt] method getExtendedIngredients()Ljava/util/List; -> origin=OTHER element=KtParameter descriptor=IrBasedPropertyGetterDescriptor: FUN DEFAULT_PROPERTY_ACCESSOR name:<get-extendedIngredients> visibility:public modality:FINAL <> ($this:com.leo.paleorecipes.network.RecipeDetailResponse) returnType:kotlin.collections.List<com.leo.paleorecipes.network.ExtendedIngredient>
i: [kapt] method getReadyInMinutes()I -> origin=OTHER element=KtParameter descriptor=IrBasedPropertyGetterDescriptor: FUN DEFAULT_PROPERTY_ACCESSOR name:<get-readyInMinutes> visibility:public modality:FINAL <> ($this:com.leo.paleorecipes.network.RecipeDetailResponse) returnType:kotlin.Int
i: [kapt] method getServings()I -> origin=OTHER element=KtParameter descriptor=IrBasedPropertyGetterDescriptor: FUN DEFAULT_PROPERTY_ACCESSOR name:<get-servings> visibility:public modality:FINAL <> ($this:com.leo.paleorecipes.network.RecipeDetailResponse) returnType:kotlin.Int
i: [kapt] method component1()I -> origin=OTHER element=null descriptor=IrBasedSimpleFunctionDescriptor: FUN GENERATED_DATA_CLASS_MEMBER name:component1 visibility:public modality:FINAL <> ($this:com.leo.paleorecipes.network.RecipeDetailResponse) returnType:kotlin.Int [operator]
i: [kapt] method component2()Ljava/lang/String; -> origin=OTHER element=null descriptor=IrBasedSimpleFunctionDescriptor: FUN GENERATED_DATA_CLASS_MEMBER name:component2 visibility:public modality:FINAL <> ($this:com.leo.paleorecipes.network.RecipeDetailResponse) returnType:kotlin.String [operator]
i: [kapt] method component3()Ljava/lang/String; -> origin=OTHER element=null descriptor=IrBasedSimpleFunctionDescriptor: FUN GENERATED_DATA_CLASS_MEMBER name:component3 visibility:public modality:FINAL <> ($this:com.leo.paleorecipes.network.RecipeDetailResponse) returnType:kotlin.String? [operator]
i: [kapt] method component4()Ljava/lang/String; -> origin=OTHER element=null descriptor=IrBasedSimpleFunctionDescriptor: FUN GENERATED_DATA_CLASS_MEMBER name:component4 visibility:public modality:FINAL <> ($this:com.leo.paleorecipes.network.RecipeDetailResponse) returnType:kotlin.String [operator]
i: [kapt] method component5()Ljava/lang/String; -> origin=OTHER element=null descriptor=IrBasedSimpleFunctionDescriptor: FUN GENERATED_DATA_CLASS_MEMBER name:component5 visibility:public modality:FINAL <> ($this:com.leo.paleorecipes.network.RecipeDetailResponse) returnType:kotlin.String [operator]
i: [kapt] method component6()Ljava/util/List; -> origin=OTHER element=null descriptor=IrBasedSimpleFunctionDescriptor: FUN GENERATED_DATA_CLASS_MEMBER name:component6 visibility:public modality:FINAL <> ($this:com.leo.paleorecipes.network.RecipeDetailResponse) returnType:kotlin.collections.List<com.leo.paleorecipes.network.ExtendedIngredient> [operator]
i: [kapt] method component7()I -> origin=OTHER element=null descriptor=IrBasedSimpleFunctionDescriptor: FUN GENERATED_DATA_CLASS_MEMBER name:component7 visibility:public modality:FINAL <> ($this:com.leo.paleorecipes.network.RecipeDetailResponse) returnType:kotlin.Int [operator]
i: [kapt] method component8()I -> origin=OTHER element=null descriptor=IrBasedSimpleFunctionDescriptor: FUN GENERATED_DATA_CLASS_MEMBER name:component8 visibility:public modality:FINAL <> ($this:com.leo.paleorecipes.network.RecipeDetailResponse) returnType:kotlin.Int [operator]
i: [kapt] method copy(ILjava/lang/String;Ljava/lang/String;Ljava/lang/String;Ljava/lang/String;Ljava/util/List;II)Lcom/leo/paleorecipes/network/RecipeDetailResponse; -> origin=OTHER element=null descriptor=IrBasedSimpleFunctionDescriptor: FUN GENERATED_DATA_CLASS_MEMBER name:copy visibility:public modality:FINAL <> ($this:com.leo.paleorecipes.network.RecipeDetailResponse, id:kotlin.Int, title:kotlin.String, image:kotlin.String?, summary:kotlin.String, instructions:kotlin.String, extendedIngredients:kotlin.collections.List<com.leo.paleorecipes.network.ExtendedIngredient>, readyInMinutes:kotlin.Int, servings:kotlin.Int) returnType:com.leo.paleorecipes.network.RecipeDetailResponse
i: [kapt] method toString()Ljava/lang/String; -> origin=OTHER element=null descriptor=IrBasedSimpleFunctionDescriptor: FUN GENERATED_DATA_CLASS_MEMBER name:toString visibility:public modality:OPEN <> ($this:com.leo.paleorecipes.network.RecipeDetailResponse) returnType:kotlin.String
i: [kapt] method hashCode()I -> origin=OTHER element=null descriptor=IrBasedSimpleFunctionDescriptor: FUN GENERATED_DATA_CLASS_MEMBER name:hashCode visibility:public modality:OPEN <> ($this:com.leo.paleorecipes.network.RecipeDetailResponse) returnType:kotlin.Int
i: [kapt] method equals(Ljava/lang/Object;)Z -> origin=OTHER element=null descriptor=IrBasedSimpleFunctionDescriptor: FUN GENERATED_DATA_CLASS_MEMBER name:equals visibility:public modality:OPEN <> ($this:com.leo.paleorecipes.network.RecipeDetailResponse, other:kotlin.Any?) returnType:kotlin.Boolean [operator]
i: [kapt] field extendedIngredients:Ljava/util/List; -> origin=OTHER element=KtParameter descriptor=IrBasedFieldDescriptor: FIELD PROPERTY_BACKING_FIELD name:extendedIngredients type:kotlin.collections.List<com.leo.paleorecipes.network.ExtendedIngredient> visibility:private [final]
i: [kapt] class com/leo/paleorecipes/network/ExtendedIngredient -> origin=OTHER element=KtClass descriptor=IrBasedClassDescriptor: CLASS CLASS name:ExtendedIngredient modality:FINAL visibility:public [data] superTypes:[kotlin.Any]
i: [kapt] method <init>(ILjava/lang/String;DLjava/lang/String;Ljava/lang/String;)V -> origin=OTHER element=KtClass descriptor=IrBasedClassConstructorDescriptor: CONSTRUCTOR visibility:public <> (id:kotlin.Int, name:kotlin.String, amount:kotlin.Double, unit:kotlin.String, image:kotlin.String?) returnType:com.leo.paleorecipes.network.ExtendedIngredient [primary]
i: [kapt] method getId()I -> origin=OTHER element=KtParameter descriptor=IrBasedPropertyGetterDescriptor: FUN DEFAULT_PROPERTY_ACCESSOR name:<get-id> visibility:public modality:FINAL <> ($this:com.leo.paleorecipes.network.ExtendedIngredient) returnType:kotlin.Int
i: [kapt] method getName()Ljava/lang/String; -> origin=OTHER element=KtParameter descriptor=IrBasedPropertyGetterDescriptor: FUN DEFAULT_PROPERTY_ACCESSOR name:<get-name> visibility:public modality:FINAL <> ($this:com.leo.paleorecipes.network.ExtendedIngredient) returnType:kotlin.String
i: [kapt] method getAmount()D -> origin=OTHER element=KtParameter descriptor=IrBasedPropertyGetterDescriptor: FUN DEFAULT_PROPERTY_ACCESSOR name:<get-amount> visibility:public modality:FINAL <> ($this:com.leo.paleorecipes.network.ExtendedIngredient) returnType:kotlin.Double
i: [kapt] method getUnit()Ljava/lang/String; -> origin=OTHER element=KtParameter descriptor=IrBasedPropertyGetterDescriptor: FUN DEFAULT_PROPERTY_ACCESSOR name:<get-unit> visibility:public modality:FINAL <> ($this:com.leo.paleorecipes.network.ExtendedIngredient) returnType:kotlin.String
i: [kapt] method getImage()Ljava/lang/String; -> origin=OTHER element=KtParameter descriptor=IrBasedPropertyGetterDescriptor: FUN DEFAULT_PROPERTY_ACCESSOR name:<get-image> visibility:public modality:FINAL <> ($this:com.leo.paleorecipes.network.ExtendedIngredient) returnType:kotlin.String?
i: [kapt] method component1()I -> origin=OTHER element=null descriptor=IrBasedSimpleFunctionDescriptor: FUN GENERATED_DATA_CLASS_MEMBER name:component1 visibility:public modality:FINAL <> ($this:com.leo.paleorecipes.network.ExtendedIngredient) returnType:kotlin.Int [operator]
i: [kapt] method component2()Ljava/lang/String; -> origin=OTHER element=null descriptor=IrBasedSimpleFunctionDescriptor: FUN GENERATED_DATA_CLASS_MEMBER name:component2 visibility:public modality:FINAL <> ($this:com.leo.paleorecipes.network.ExtendedIngredient) returnType:kotlin.String [operator]
i: [kapt] method component3()D -> origin=OTHER element=null descriptor=IrBasedSimpleFunctionDescriptor: FUN GENERATED_DATA_CLASS_MEMBER name:component3 visibility:public modality:FINAL <> ($this:com.leo.paleorecipes.network.ExtendedIngredient) returnType:kotlin.Double [operator]
i: [kapt] method component4()Ljava/lang/String; -> origin=OTHER element=null descriptor=IrBasedSimpleFunctionDescriptor: FUN GENERATED_DATA_CLASS_MEMBER name:component4 visibility:public modality:FINAL <> ($this:com.leo.paleorecipes.network.ExtendedIngredient) returnType:kotlin.String [operator]
i: [kapt] method component5()Ljava/lang/String; -> origin=OTHER element=null descriptor=IrBasedSimpleFunctionDescriptor: FUN GENERATED_DATA_CLASS_MEMBER name:component5 visibility:public modality:FINAL <> ($this:com.leo.paleorecipes.network.ExtendedIngredient) returnType:kotlin.String? [operator]
i: [kapt] method copy(ILjava/lang/String;DLjava/lang/String;Ljava/lang/String;)Lcom/leo/paleorecipes/network/ExtendedIngredient; -> origin=OTHER element=null descriptor=IrBasedSimpleFunctionDescriptor: FUN GENERATED_DATA_CLASS_MEMBER name:copy visibility:public modality:FINAL <> ($this:com.leo.paleorecipes.network.ExtendedIngredient, id:kotlin.Int, name:kotlin.String, amount:kotlin.Double, unit:kotlin.String, image:kotlin.String?) returnType:com.leo.paleorecipes.network.ExtendedIngredient
i: [kapt] method toString()Ljava/lang/String; -> origin=OTHER element=null descriptor=IrBasedSimpleFunctionDescriptor: FUN GENERATED_DATA_CLASS_MEMBER name:toString visibility:public modality:OPEN <> ($this:com.leo.paleorecipes.network.ExtendedIngredient) returnType:kotlin.String
i: [kapt] method hashCode()I -> origin=OTHER element=null descriptor=IrBasedSimpleFunctionDescriptor: FUN GENERATED_DATA_CLASS_MEMBER name:hashCode visibility:public modality:OPEN <> ($this:com.leo.paleorecipes.network.ExtendedIngredient) returnType:kotlin.Int
i: [kapt] method equals(Ljava/lang/Object;)Z -> origin=OTHER element=null descriptor=IrBasedSimpleFunctionDescriptor: FUN GENERATED_DATA_CLASS_MEMBER name:equals visibility:public modality:OPEN <> ($this:com.leo.paleorecipes.network.ExtendedIngredient, other:kotlin.Any?) returnType:kotlin.Boolean [operator]
i: [kapt] class com/leo/paleorecipes/ui/components/BlackTextInputEditText -> origin=OTHER element=KtClass descriptor=IrBasedClassDescriptor: CLASS CLASS name:BlackTextInputEditText modality:FINAL visibility:public superTypes:[com.google.android.material.textfield.TextInputEditText]
i: [kapt] method <init>(Landroid/content/Context;Landroid/util/AttributeSet;I)V -> origin=OTHER element=KtClass descriptor=IrBasedClassConstructorDescriptor: CONSTRUCTOR visibility:public <> (context:android.content.Context, attrs:android.util.AttributeSet?, defStyleAttr:kotlin.Int) returnType:com.leo.paleorecipes.ui.components.BlackTextInputEditText [primary]
i: [kapt] method <init>(Landroid/content/Context;Landroid/util/AttributeSet;IILkotlin/jvm/internal/DefaultConstructorMarker;)V -> origin=OTHER element=KtClass descriptor=IrBasedClassConstructorDescriptor: CONSTRUCTOR FUNCTION_FOR_DEFAULT_PARAMETER visibility:public <> (context:android.content.Context, attrs:android.util.AttributeSet?, defStyleAttr:kotlin.Int, $mask0:kotlin.Int, $marker:kotlin.jvm.internal.DefaultConstructorMarker?) returnType:com.leo.paleorecipes.ui.components.BlackTextInputEditText
i: [kapt] method setTextColor(I)V -> origin=OTHER element=KtNamedFunction descriptor=IrBasedSimpleFunctionDescriptor: FUN name:setTextColor visibility:public modality:OPEN <> ($this:com.leo.paleorecipes.ui.components.BlackTextInputEditText, color:kotlin.Int) returnType:kotlin.Unit
i: [kapt] method setTextColor(Landroid/content/res/ColorStateList;)V -> origin=OTHER element=KtNamedFunction descriptor=IrBasedSimpleFunctionDescriptor: FUN name:setTextColor visibility:public modality:OPEN <> ($this:com.leo.paleorecipes.ui.components.BlackTextInputEditText, colors:android.content.res.ColorStateList?) returnType:kotlin.Unit
i: [kapt] method setTypeface(Landroid/graphics/Typeface;I)V -> origin=OTHER element=KtNamedFunction descriptor=IrBasedSimpleFunctionDescriptor: FUN name:setTypeface visibility:public modality:OPEN <> ($this:com.leo.paleorecipes.ui.components.BlackTextInputEditText, tf:android.graphics.Typeface?, style:kotlin.Int) returnType:kotlin.Unit
i: [kapt] method setTypeface(Landroid/graphics/Typeface;)V -> origin=OTHER element=KtNamedFunction descriptor=IrBasedSimpleFunctionDescriptor: FUN name:setTypeface visibility:public modality:OPEN <> ($this:com.leo.paleorecipes.ui.components.BlackTextInputEditText, tf:android.graphics.Typeface?) returnType:kotlin.Unit
i: [kapt] method onAttachedToWindow()V -> origin=OTHER element=KtNamedFunction descriptor=IrBasedSimpleFunctionDescriptor: FUN name:onAttachedToWindow visibility:protected modality:OPEN <> ($this:com.leo.paleorecipes.ui.components.BlackTextInputEditText) returnType:kotlin.Unit
i: [kapt] method <init>(Landroid/content/Context;Landroid/util/AttributeSet;)V -> origin=OTHER element=null descriptor=IrBasedClassConstructorDescriptor: CONSTRUCTOR JVM_OVERLOADS_WRAPPER visibility:public <> (context:android.content.Context, attrs:android.util.AttributeSet?) returnType:com.leo.paleorecipes.ui.components.BlackTextInputEditText
i: [kapt] method <init>(Landroid/content/Context;)V -> origin=OTHER element=null descriptor=IrBasedClassConstructorDescriptor: CONSTRUCTOR JVM_OVERLOADS_WRAPPER visibility:public <> (context:android.content.Context) returnType:com.leo.paleorecipes.ui.components.BlackTextInputEditText
i: [kapt] class com/leo/paleorecipes/ui/fridge/FridgeFragment -> origin=OTHER element=KtClass descriptor=IrBasedClassDescriptor: CLASS CLASS name:FridgeFragment modality:FINAL visibility:public superTypes:[androidx.fragment.app.Fragment]
i: [kapt] method <init>()V -> origin=OTHER element=KtClass descriptor=IrBasedClassConstructorDescriptor: CONSTRUCTOR visibility:public <> () returnType:com.leo.paleorecipes.ui.fridge.FridgeFragment [primary]
i: [kapt] method getBinding()Lcom/leo/paleorecipes/databinding/FragmentFridgeBinding; -> origin=OTHER element=KtPropertyAccessor descriptor=IrBasedPropertyGetterDescriptor: FUN name:<get-binding> visibility:private modality:FINAL <> ($this:com.leo.paleorecipes.ui.fridge.FridgeFragment) returnType:com.leo.paleorecipes.databinding.FragmentFridgeBinding
i: [kapt] method getViewModel()Lcom/leo/paleorecipes/ui/fridge/FridgeViewModel; -> origin=OTHER element=KtProperty descriptor=IrBasedPropertyGetterDescriptor: FUN DELEGATED_PROPERTY_ACCESSOR name:<get-viewModel> visibility:private modality:FINAL <> ($this:com.leo.paleorecipes.ui.fridge.FridgeFragment) returnType:com.leo.paleorecipes.ui.fridge.FridgeViewModel
i: [kapt] method onCreateView(Landroid/view/LayoutInflater;Landroid/view/ViewGroup;Landroid/os/Bundle;)Landroid/view/View; -> origin=OTHER element=KtNamedFunction descriptor=IrBasedSimpleFunctionDescriptor: FUN name:onCreateView visibility:public modality:OPEN <> ($this:com.leo.paleorecipes.ui.fridge.FridgeFragment, inflater:android.view.LayoutInflater, container:android.view.ViewGroup?, savedInstanceState:android.os.Bundle?) returnType:android.view.View
i: [kapt] method onViewCreated(Landroid/view/View;Landroid/os/Bundle;)V -> origin=OTHER element=KtNamedFunction descriptor=IrBasedSimpleFunctionDescriptor: FUN name:onViewCreated visibility:public modality:OPEN <> ($this:com.leo.paleorecipes.ui.fridge.FridgeFragment, view:android.view.View, savedInstanceState:android.os.Bundle?) returnType:kotlin.Unit
i: [kapt] method setupRecyclerView()V -> origin=OTHER element=KtNamedFunction descriptor=IrBasedSimpleFunctionDescriptor: FUN name:setupRecyclerView visibility:private modality:FINAL <> ($this:com.leo.paleorecipes.ui.fridge.FridgeFragment) returnType:kotlin.Unit
i: [kapt] method setupClickListeners()V -> origin=OTHER element=KtNamedFunction descriptor=IrBasedSimpleFunctionDescriptor: FUN name:setupClickListeners visibility:private modality:FINAL <> ($this:com.leo.paleorecipes.ui.fridge.FridgeFragment) returnType:kotlin.Unit
i: [kapt] method observeViewModel()V -> origin=OTHER element=KtNamedFunction descriptor=IrBasedSimpleFunctionDescriptor: FUN name:observeViewModel visibility:private modality:FINAL <> ($this:com.leo.paleorecipes.ui.fridge.FridgeFragment) returnType:kotlin.Unit
i: [kapt] method onDestroyView()V -> origin=OTHER element=KtNamedFunction descriptor=IrBasedSimpleFunctionDescriptor: FUN name:onDestroyView visibility:public modality:OPEN <> ($this:com.leo.paleorecipes.ui.fridge.FridgeFragment) returnType:kotlin.Unit
i: [kapt] field _binding:Lcom/leo/paleorecipes/databinding/FragmentFridgeBinding; -> origin=OTHER element=KtProperty descriptor=IrBasedFieldDescriptor: FIELD PROPERTY_BACKING_FIELD name:_binding type:com.leo.paleorecipes.databinding.FragmentFridgeBinding? visibility:private
i: [kapt] field adapter:Lcom/leo/paleorecipes/adapter/IngredientsAdapter; -> origin=OTHER element=KtProperty descriptor=IrBasedFieldDescriptor: FIELD PROPERTY_BACKING_FIELD name:adapter type:com.leo.paleorecipes.adapter.IngredientsAdapter? visibility:private
i: [kapt] class com/leo/paleorecipes/ui/fridge/FridgeViewModel -> origin=OTHER element=KtClass descriptor=IrBasedClassDescriptor: CLASS CLASS name:FridgeViewModel modality:FINAL visibility:public superTypes:[androidx.lifecycle.ViewModel]
i: [kapt] method <init>(Lcom/leo/paleorecipes/data/repository/IngredientRepository;)V -> origin=OTHER element=KtClass descriptor=IrBasedClassConstructorDescriptor: CONSTRUCTOR visibility:public <> (ingredientRepository:com.leo.paleorecipes.data.repository.IngredientRepository) returnType:com.leo.paleorecipes.ui.fridge.FridgeViewModel [primary]
i: [kapt] method getIngredients()Landroidx/lifecycle/LiveData; -> origin=OTHER element=KtProperty descriptor=IrBasedPropertyGetterDescriptor: FUN DEFAULT_PROPERTY_ACCESSOR name:<get-ingredients> visibility:public modality:FINAL <> ($this:com.leo.paleorecipes.ui.fridge.FridgeViewModel) returnType:androidx.lifecycle.LiveData<kotlin.collections.List<kotlin.String>>
i: [kapt] method getSnackbarMessage()Landroidx/lifecycle/LiveData; -> origin=OTHER element=KtProperty descriptor=IrBasedPropertyGetterDescriptor: FUN DEFAULT_PROPERTY_ACCESSOR name:<get-snackbarMessage> visibility:public modality:FINAL <> ($this:com.leo.paleorecipes.ui.fridge.FridgeViewModel) returnType:androidx.lifecycle.LiveData<kotlin.String>
i: [kapt] method addIngredient(Ljava/lang/String;)V -> origin=OTHER element=KtNamedFunction descriptor=IrBasedSimpleFunctionDescriptor: FUN name:addIngredient visibility:public modality:FINAL <> ($this:com.leo.paleorecipes.ui.fridge.FridgeViewModel, ingredient:kotlin.String) returnType:kotlin.Unit
i: [kapt] method removeIngredient(Ljava/lang/String;)V -> origin=OTHER element=KtNamedFunction descriptor=IrBasedSimpleFunctionDescriptor: FUN name:removeIngredient visibility:public modality:FINAL <> ($this:com.leo.paleorecipes.ui.fridge.FridgeViewModel, ingredient:kotlin.String) returnType:kotlin.Unit
i: [kapt] method onSnackbarShown()V -> origin=OTHER element=KtNamedFunction descriptor=IrBasedSimpleFunctionDescriptor: FUN name:onSnackbarShown visibility:public modality:FINAL <> ($this:com.leo.paleorecipes.ui.fridge.FridgeViewModel) returnType:kotlin.Unit
i: [kapt] method loadIngredients()V -> origin=OTHER element=KtNamedFunction descriptor=IrBasedSimpleFunctionDescriptor: FUN name:loadIngredients visibility:private modality:FINAL <> ($this:com.leo.paleorecipes.ui.fridge.FridgeViewModel) returnType:kotlin.Unit
i: [kapt] field ingredientRepository:Lcom/leo/paleorecipes/data/repository/IngredientRepository; -> origin=OTHER element=KtParameter descriptor=IrBasedFieldDescriptor: FIELD PROPERTY_BACKING_FIELD name:ingredientRepository type:com.leo.paleorecipes.data.repository.IngredientRepository visibility:private [final]
i: [kapt] field _ingredients:Landroidx/lifecycle/MutableLiveData; -> origin=OTHER element=KtProperty descriptor=IrBasedFieldDescriptor: FIELD PROPERTY_BACKING_FIELD name:_ingredients type:androidx.lifecycle.MutableLiveData<kotlin.collections.List<kotlin.String>> visibility:private [final]
i: [kapt] field ingredients:Landroidx/lifecycle/LiveData; -> origin=OTHER element=KtProperty descriptor=IrBasedFieldDescriptor: FIELD PROPERTY_BACKING_FIELD name:ingredients type:androidx.lifecycle.LiveData<kotlin.collections.List<kotlin.String>> visibility:private [final]
i: [kapt] field _snackbarMessage:Lcom/leo/paleorecipes/util/SingleLiveEvent; -> origin=OTHER element=KtProperty descriptor=IrBasedFieldDescriptor: FIELD PROPERTY_BACKING_FIELD name:_snackbarMessage type:com.leo.paleorecipes.util.SingleLiveEvent<kotlin.String> visibility:private [final]
i: [kapt] field snackbarMessage:Landroidx/lifecycle/LiveData; -> origin=OTHER element=KtProperty descriptor=IrBasedFieldDescriptor: FIELD PROPERTY_BACKING_FIELD name:snackbarMessage type:androidx.lifecycle.LiveData<kotlin.String> visibility:private [final]
i: [kapt] class com/leo/paleorecipes/ui/search/RecipeSearchActivity -> origin=OTHER element=KtClass descriptor=IrBasedClassDescriptor: CLASS CLASS name:RecipeSearchActivity modality:FINAL visibility:public superTypes:[androidx.appcompat.app.AppCompatActivity]
i: [kapt] method <init>()V -> origin=OTHER element=KtClass descriptor=IrBasedClassConstructorDescriptor: CONSTRUCTOR visibility:public <> () returnType:com.leo.paleorecipes.ui.search.RecipeSearchActivity [primary]
i: [kapt] method onCreate(Landroid/os/Bundle;)V -> origin=OTHER element=KtNamedFunction descriptor=IrBasedSimpleFunctionDescriptor: FUN name:onCreate visibility:protected modality:OPEN <> ($this:com.leo.paleorecipes.ui.search.RecipeSearchActivity, savedInstanceState:android.os.Bundle?) returnType:kotlin.Unit
i: [kapt] method onOptionsItemSelected(Landroid/view/MenuItem;)Z -> origin=OTHER element=KtNamedFunction descriptor=IrBasedSimpleFunctionDescriptor: FUN name:onOptionsItemSelected visibility:public modality:OPEN <> ($this:com.leo.paleorecipes.ui.search.RecipeSearchActivity, item:android.view.MenuItem) returnType:kotlin.Boolean
i: [kapt] field Companion:Lcom/leo/paleorecipes/ui/search/RecipeSearchActivity$Companion; -> origin=OTHER element=null descriptor=IrBasedFieldDescriptor: FIELD FIELD_FOR_OBJECT_INSTANCE name:Companion type:com.leo.paleorecipes.ui.search.RecipeSearchActivity.Companion visibility:public [final,static]
i: [kapt] field binding:Lcom/leo/paleorecipes/databinding/ActivityRecipeSearchContainerBinding; -> origin=OTHER element=KtProperty descriptor=IrBasedFieldDescriptor: FIELD PROPERTY_BACKING_FIELD name:binding type:com.leo.paleorecipes.databinding.ActivityRecipeSearchContainerBinding? visibility:private
i: [kapt] field EXTRA_INGREDIENTS:Ljava/lang/String; -> origin=OTHER element=KtProperty descriptor=IrBasedFieldDescriptor: FIELD COMPANION_PROPERTY_BACKING_FIELD name:EXTRA_INGREDIENTS type:kotlin.String visibility:private [final,static]
i: [kapt] class com/leo/paleorecipes/ui/search/RecipeSearchActivity$Companion -> origin=OTHER element=KtObjectDeclaration descriptor=IrBasedClassDescriptor: CLASS OBJECT name:Companion modality:FINAL visibility:public [companion] superTypes:[kotlin.Any]
i: [kapt] method <init>()V -> origin=OTHER element=KtObjectDeclaration descriptor=IrBasedClassConstructorDescriptor: CONSTRUCTOR visibility:private <> () returnType:com.leo.paleorecipes.ui.search.RecipeSearchActivity.Companion [primary]
i: [kapt] method newIntent(Landroid/content/Context;Ljava/util/List;)Landroid/content/Intent; -> origin=OTHER element=KtNamedFunction descriptor=IrBasedSimpleFunctionDescriptor: FUN name:newIntent visibility:public modality:FINAL <> ($this:com.leo.paleorecipes.ui.search.RecipeSearchActivity.Companion, context:android.content.Context, ingredients:kotlin.collections.List<kotlin.String>) returnType:android.content.Intent
i: [kapt] method <init>(Lkotlin/jvm/internal/DefaultConstructorMarker;)V -> origin=OTHER element=null descriptor=IrBasedClassConstructorDescriptor: CONSTRUCTOR SYNTHETIC_ACCESSOR visibility:public <> ($constructor_marker:kotlin.jvm.internal.DefaultConstructorMarker?) returnType:com.leo.paleorecipes.ui.search.RecipeSearchActivity.Companion
i: [kapt] class com/leo/paleorecipes/ui/search/RecipeSearchFragment -> origin=OTHER element=KtClass descriptor=IrBasedClassDescriptor: CLASS CLASS name:RecipeSearchFragment modality:FINAL visibility:public superTypes:[androidx.fragment.app.Fragment]
i: [kapt] method <init>()V -> origin=OTHER element=KtClass descriptor=IrBasedClassConstructorDescriptor: CONSTRUCTOR visibility:public <> () returnType:com.leo.paleorecipes.ui.search.RecipeSearchFragment [primary]
i: [kapt] method getBinding()Lcom/leo/paleorecipes/databinding/FragmentRecipeSearchListBinding; -> origin=OTHER element=KtPropertyAccessor descriptor=IrBasedPropertyGetterDescriptor: FUN name:<get-binding> visibility:private modality:FINAL <> ($this:com.leo.paleorecipes.ui.search.RecipeSearchFragment) returnType:com.leo.paleorecipes.databinding.FragmentRecipeSearchListBinding
i: [kapt] method getViewModel()Lcom/leo/paleorecipes/ui/search/RecipeSearchViewModel; -> origin=OTHER element=KtProperty descriptor=IrBasedPropertyGetterDescriptor: FUN DELEGATED_PROPERTY_ACCESSOR name:<get-viewModel> visibility:private modality:FINAL <> ($this:com.leo.paleorecipes.ui.search.RecipeSearchFragment) returnType:com.leo.paleorecipes.ui.search.RecipeSearchViewModel
i: [kapt] method getIngredients()Ljava/util/List; -> origin=OTHER element=KtProperty descriptor=IrBasedPropertyGetterDescriptor: FUN DELEGATED_PROPERTY_ACCESSOR name:<get-ingredients> visibility:private modality:FINAL <> ($this:com.leo.paleorecipes.ui.search.RecipeSearchFragment) returnType:kotlin.collections.List<kotlin.String>
i: [kapt] method onCreateView(Landroid/view/LayoutInflater;Landroid/view/ViewGroup;Landroid/os/Bundle;)Landroid/view/View; -> origin=OTHER element=KtNamedFunction descriptor=IrBasedSimpleFunctionDescriptor: FUN name:onCreateView visibility:public modality:OPEN <> ($this:com.leo.paleorecipes.ui.search.RecipeSearchFragment, inflater:android.view.LayoutInflater, container:android.view.ViewGroup?, savedInstanceState:android.os.Bundle?) returnType:android.view.View
i: [kapt] method onViewCreated(Landroid/view/View;Landroid/os/Bundle;)V -> origin=OTHER element=KtNamedFunction descriptor=IrBasedSimpleFunctionDescriptor: FUN name:onViewCreated visibility:public modality:OPEN <> ($this:com.leo.paleorecipes.ui.search.RecipeSearchFragment, view:android.view.View, savedInstanceState:android.os.Bundle?) returnType:kotlin.Unit
i: [kapt] method setupRecyclerView()V -> origin=OTHER element=KtNamedFunction descriptor=IrBasedSimpleFunctionDescriptor: FUN name:setupRecyclerView visibility:private modality:FINAL <> ($this:com.leo.paleorecipes.ui.search.RecipeSearchFragment) returnType:kotlin.Unit
i: [kapt] method observeViewModel()V -> origin=OTHER element=KtNamedFunction descriptor=IrBasedSimpleFunctionDescriptor: FUN name:observeViewModel visibility:private modality:FINAL <> ($this:com.leo.paleorecipes.ui.search.RecipeSearchFragment) returnType:kotlin.Unit
i: [kapt] method showRecipes(Ljava/util/List;)V -> origin=OTHER element=KtNamedFunction descriptor=IrBasedSimpleFunctionDescriptor: FUN name:showRecipes visibility:private modality:FINAL <> ($this:com.leo.paleorecipes.ui.search.RecipeSearchFragment, recipes:kotlin.collections.List<com.leo.paleorecipes.data.Recipe>) returnType:kotlin.Unit
i: [kapt] method showEmptyState(Ljava/lang/String;)V -> origin=OTHER element=KtNamedFunction descriptor=IrBasedSimpleFunctionDescriptor: FUN name:showEmptyState visibility:private modality:FINAL <> ($this:com.leo.paleorecipes.ui.search.RecipeSearchFragment, message:kotlin.String) returnType:kotlin.Unit
i: [kapt] method showError(Ljava/lang/String;)V -> origin=OTHER element=KtNamedFunction descriptor=IrBasedSimpleFunctionDescriptor: FUN name:showError visibility:private modality:FINAL <> ($this:com.leo.paleorecipes.ui.search.RecipeSearchFragment, error:kotlin.String) returnType:kotlin.Unit
i: [kapt] method onDestroyView()V -> origin=OTHER element=KtNamedFunction descriptor=IrBasedSimpleFunctionDescriptor: FUN name:onDestroyView visibility:public modality:OPEN <> ($this:com.leo.paleorecipes.ui.search.RecipeSearchFragment) returnType:kotlin.Unit
i: [kapt] field Companion:Lcom/leo/paleorecipes/ui/search/RecipeSearchFragment$Companion; -> origin=OTHER element=null descriptor=IrBasedFieldDescriptor: FIELD FIELD_FOR_OBJECT_INSTANCE name:Companion type:com.leo.paleorecipes.ui.search.RecipeSearchFragment.Companion visibility:public [final,static]
i: [kapt] field _binding:Lcom/leo/paleorecipes/databinding/FragmentRecipeSearchListBinding; -> origin=OTHER element=KtProperty descriptor=IrBasedFieldDescriptor: FIELD PROPERTY_BACKING_FIELD name:_binding type:com.leo.paleorecipes.databinding.FragmentRecipeSearchListBinding? visibility:private
i: [kapt] field adapter:Lcom/leo/paleorecipes/adapter/RecipesAdapter; -> origin=OTHER element=KtProperty descriptor=IrBasedFieldDescriptor: FIELD PROPERTY_BACKING_FIELD name:adapter type:com.leo.paleorecipes.adapter.RecipesAdapter? visibility:private
i: [kapt] field ingredients$delegate:Lkotlin/Lazy; -> origin=OTHER element=KtProperty descriptor=IrBasedFieldDescriptor: FIELD PROPERTY_DELEGATE name:ingredients$delegate type:kotlin.Lazy<*> visibility:private [final]
i: [kapt] field ARG_INGREDIENTS:Ljava/lang/String; -> origin=OTHER element=KtProperty descriptor=IrBasedFieldDescriptor: FIELD COMPANION_PROPERTY_BACKING_FIELD name:ARG_INGREDIENTS type:kotlin.String visibility:private [final,static]
i: [kapt] class com/leo/paleorecipes/ui/search/RecipeSearchFragment$Companion -> origin=OTHER element=KtObjectDeclaration descriptor=IrBasedClassDescriptor: CLASS OBJECT name:Companion modality:FINAL visibility:public [companion] superTypes:[kotlin.Any]
i: [kapt] method <init>()V -> origin=OTHER element=KtObjectDeclaration descriptor=IrBasedClassConstructorDescriptor: CONSTRUCTOR visibility:private <> () returnType:com.leo.paleorecipes.ui.search.RecipeSearchFragment.Companion [primary]
i: [kapt] method newInstance(Ljava/util/List;)Lcom/leo/paleorecipes/ui/search/RecipeSearchFragment; -> origin=OTHER element=KtNamedFunction descriptor=IrBasedSimpleFunctionDescriptor: FUN name:newInstance visibility:public modality:FINAL <> ($this:com.leo.paleorecipes.ui.search.RecipeSearchFragment.Companion, ingredients:kotlin.collections.List<kotlin.String>) returnType:com.leo.paleorecipes.ui.search.RecipeSearchFragment
i: [kapt] method <init>(Lkotlin/jvm/internal/DefaultConstructorMarker;)V -> origin=OTHER element=null descriptor=IrBasedClassConstructorDescriptor: CONSTRUCTOR SYNTHETIC_ACCESSOR visibility:public <> ($constructor_marker:kotlin.jvm.internal.DefaultConstructorMarker?) returnType:com.leo.paleorecipes.ui.search.RecipeSearchFragment.Companion
i: [kapt] class com/leo/paleorecipes/ui/search/RecipeSearchViewModel -> origin=OTHER element=KtClass descriptor=IrBasedClassDescriptor: CLASS CLASS name:RecipeSearchViewModel modality:FINAL visibility:public superTypes:[androidx.lifecycle.ViewModel]
i: [kapt] method <init>(Lcom/leo/paleorecipes/data/repository/RecipeRepository;)V -> origin=OTHER element=KtClass descriptor=IrBasedClassConstructorDescriptor: CONSTRUCTOR visibility:public <> (repository:com.leo.paleorecipes.data.repository.RecipeRepository) returnType:com.leo.paleorecipes.ui.search.RecipeSearchViewModel [primary]
i: [kapt] method getRecipes()Landroidx/lifecycle/LiveData; -> origin=OTHER element=KtProperty descriptor=IrBasedPropertyGetterDescriptor: FUN DEFAULT_PROPERTY_ACCESSOR name:<get-recipes> visibility:public modality:FINAL <> ($this:com.leo.paleorecipes.ui.search.RecipeSearchViewModel) returnType:androidx.lifecycle.LiveData<kotlin.collections.List<com.leo.paleorecipes.data.Recipe>>
i: [kapt] method getError()Landroidx/lifecycle/LiveData; -> origin=OTHER element=KtProperty descriptor=IrBasedPropertyGetterDescriptor: FUN DEFAULT_PROPERTY_ACCESSOR name:<get-error> visibility:public modality:FINAL <> ($this:com.leo.paleorecipes.ui.search.RecipeSearchViewModel) returnType:androidx.lifecycle.LiveData<kotlin.String?>
i: [kapt] method isLoading()Landroidx/lifecycle/LiveData; -> origin=OTHER element=KtProperty descriptor=IrBasedPropertyGetterDescriptor: FUN DEFAULT_PROPERTY_ACCESSOR name:<get-isLoading> visibility:public modality:FINAL <> ($this:com.leo.paleorecipes.ui.search.RecipeSearchViewModel) returnType:androidx.lifecycle.LiveData<kotlin.Boolean>
i: [kapt] method searchRecipes(Ljava/util/List;)V -> origin=OTHER element=KtNamedFunction descriptor=IrBasedSimpleFunctionDescriptor: FUN name:searchRecipes visibility:public modality:FINAL <> ($this:com.leo.paleorecipes.ui.search.RecipeSearchViewModel, ingredients:kotlin.collections.List<kotlin.String>) returnType:kotlin.Unit
i: [kapt] method toggleFavorite(Lcom/leo/paleorecipes/data/Recipe;)V -> origin=OTHER element=KtNamedFunction descriptor=IrBasedSimpleFunctionDescriptor: FUN name:toggleFavorite visibility:public modality:FINAL <> ($this:com.leo.paleorecipes.ui.search.RecipeSearchViewModel, recipe:com.leo.paleorecipes.data.Recipe) returnType:kotlin.Unit
i: [kapt] method onCleared()V -> origin=OTHER element=KtNamedFunction descriptor=IrBasedSimpleFunctionDescriptor: FUN name:onCleared visibility:protected modality:OPEN <> ($this:com.leo.paleorecipes.ui.search.RecipeSearchViewModel) returnType:kotlin.Unit
i: [kapt] field repository:Lcom/leo/paleorecipes/data/repository/RecipeRepository; -> origin=OTHER element=KtParameter descriptor=IrBasedFieldDescriptor: FIELD PROPERTY_BACKING_FIELD name:repository type:com.leo.paleorecipes.data.repository.RecipeRepository visibility:private [final]
i: [kapt] field _recipes:Landroidx/lifecycle/MutableLiveData; -> origin=OTHER element=KtProperty descriptor=IrBasedFieldDescriptor: FIELD PROPERTY_BACKING_FIELD name:_recipes type:androidx.lifecycle.MutableLiveData<kotlin.collections.List<com.leo.paleorecipes.data.Recipe>> visibility:private [final]
i: [kapt] field recipes:Landroidx/lifecycle/LiveData; -> origin=OTHER element=KtProperty descriptor=IrBasedFieldDescriptor: FIELD PROPERTY_BACKING_FIELD name:recipes type:androidx.lifecycle.LiveData<kotlin.collections.List<com.leo.paleorecipes.data.Recipe>> visibility:private [final]
i: [kapt] field _error:Landroidx/lifecycle/MutableLiveData; -> origin=OTHER element=KtProperty descriptor=IrBasedFieldDescriptor: FIELD PROPERTY_BACKING_FIELD name:_error type:androidx.lifecycle.MutableLiveData<kotlin.String?> visibility:private [final]
i: [kapt] field error:Landroidx/lifecycle/LiveData; -> origin=OTHER element=KtProperty descriptor=IrBasedFieldDescriptor: FIELD PROPERTY_BACKING_FIELD name:error type:androidx.lifecycle.LiveData<kotlin.String?> visibility:private [final]
i: [kapt] field _isLoading:Landroidx/lifecycle/MutableLiveData; -> origin=OTHER element=KtProperty descriptor=IrBasedFieldDescriptor: FIELD PROPERTY_BACKING_FIELD name:_isLoading type:androidx.lifecycle.MutableLiveData<kotlin.Boolean> visibility:private [final]
i: [kapt] field isLoading:Landroidx/lifecycle/LiveData; -> origin=OTHER element=KtProperty descriptor=IrBasedFieldDescriptor: FIELD PROPERTY_BACKING_FIELD name:isLoading type:androidx.lifecycle.LiveData<kotlin.Boolean> visibility:private [final]
i: [kapt] field searchJob:Lkotlinx/coroutines/Job; -> origin=OTHER element=KtProperty descriptor=IrBasedFieldDescriptor: FIELD PROPERTY_BACKING_FIELD name:searchJob type:kotlinx.coroutines.Job? visibility:private
i: [kapt] class com/leo/paleorecipes/ui/theme/ColorsKt -> origin=PACKAGE_PART element=KtFile descriptor=IrBasedClassDescriptor: CLASS FILE_CLASS CLASS name:ColorsKt modality:FINAL visibility:public superTypes:[kotlin.Any]
i: [kapt] method getPurple40()J -> origin=OTHER element=KtProperty descriptor=IrBasedPropertyGetterDescriptor: FUN DEFAULT_PROPERTY_ACCESSOR name:<get-Purple40> visibility:public modality:FINAL <> () returnType:androidx.compose.ui.graphics.Color
i: [kapt] method getPurpleGrey40()J -> origin=OTHER element=KtProperty descriptor=IrBasedPropertyGetterDescriptor: FUN DEFAULT_PROPERTY_ACCESSOR name:<get-PurpleGrey40> visibility:public modality:FINAL <> () returnType:androidx.compose.ui.graphics.Color
i: [kapt] method getPink40()J -> origin=OTHER element=KtProperty descriptor=IrBasedPropertyGetterDescriptor: FUN DEFAULT_PROPERTY_ACCESSOR name:<get-Pink40> visibility:public modality:FINAL <> () returnType:androidx.compose.ui.graphics.Color
i: [kapt] method getPurple80()J -> origin=OTHER element=KtProperty descriptor=IrBasedPropertyGetterDescriptor: FUN DEFAULT_PROPERTY_ACCESSOR name:<get-Purple80> visibility:public modality:FINAL <> () returnType:androidx.compose.ui.graphics.Color
i: [kapt] method getPurpleGrey80()J -> origin=OTHER element=KtProperty descriptor=IrBasedPropertyGetterDescriptor: FUN DEFAULT_PROPERTY_ACCESSOR name:<get-PurpleGrey80> visibility:public modality:FINAL <> () returnType:androidx.compose.ui.graphics.Color
i: [kapt] method getPink80()J -> origin=OTHER element=KtProperty descriptor=IrBasedPropertyGetterDescriptor: FUN DEFAULT_PROPERTY_ACCESSOR name:<get-Pink80> visibility:public modality:FINAL <> () returnType:androidx.compose.ui.graphics.Color
i: [kapt] method getPurple30()J -> origin=OTHER element=KtProperty descriptor=IrBasedPropertyGetterDescriptor: FUN DEFAULT_PROPERTY_ACCESSOR name:<get-Purple30> visibility:public modality:FINAL <> () returnType:androidx.compose.ui.graphics.Color
i: [kapt] method getPurple90()J -> origin=OTHER element=KtProperty descriptor=IrBasedPropertyGetterDescriptor: FUN DEFAULT_PROPERTY_ACCESSOR name:<get-Purple90> visibility:public modality:FINAL <> () returnType:androidx.compose.ui.graphics.Color
i: [kapt] method getPurpleGrey30()J -> origin=OTHER element=KtProperty descriptor=IrBasedPropertyGetterDescriptor: FUN DEFAULT_PROPERTY_ACCESSOR name:<get-PurpleGrey30> visibility:public modality:FINAL <> () returnType:androidx.compose.ui.graphics.Color
i: [kapt] method getPurpleGrey90()J -> origin=OTHER element=KtProperty descriptor=IrBasedPropertyGetterDescriptor: FUN DEFAULT_PROPERTY_ACCESSOR name:<get-PurpleGrey90> visibility:public modality:FINAL <> () returnType:androidx.compose.ui.graphics.Color
i: [kapt] method getPink30()J -> origin=OTHER element=KtProperty descriptor=IrBasedPropertyGetterDescriptor: FUN DEFAULT_PROPERTY_ACCESSOR name:<get-Pink30> visibility:public modality:FINAL <> () returnType:androidx.compose.ui.graphics.Color
i: [kapt] method getPink90()J -> origin=OTHER element=KtProperty descriptor=IrBasedPropertyGetterDescriptor: FUN DEFAULT_PROPERTY_ACCESSOR name:<get-Pink90> visibility:public modality:FINAL <> () returnType:androidx.compose.ui.graphics.Color
i: [kapt] method getPrimary()J -> origin=OTHER element=KtProperty descriptor=IrBasedPropertyGetterDescriptor: FUN DEFAULT_PROPERTY_ACCESSOR name:<get-primary> visibility:public modality:FINAL <> () returnType:androidx.compose.ui.graphics.Color
i: [kapt] method getPrimary_dark()J -> origin=OTHER element=KtProperty descriptor=IrBasedPropertyGetterDescriptor: FUN DEFAULT_PROPERTY_ACCESSOR name:<get-primary_dark> visibility:public modality:FINAL <> () returnType:androidx.compose.ui.graphics.Color
i: [kapt] method getPrimary_light()J -> origin=OTHER element=KtProperty descriptor=IrBasedPropertyGetterDescriptor: FUN DEFAULT_PROPERTY_ACCESSOR name:<get-primary_light> visibility:public modality:FINAL <> () returnType:androidx.compose.ui.graphics.Color
i: [kapt] method getBackground()J -> origin=OTHER element=KtProperty descriptor=IrBasedPropertyGetterDescriptor: FUN DEFAULT_PROPERTY_ACCESSOR name:<get-background> visibility:public modality:FINAL <> () returnType:androidx.compose.ui.graphics.Color
i: [kapt] method getOn_primary()J -> origin=OTHER element=KtProperty descriptor=IrBasedPropertyGetterDescriptor: FUN DEFAULT_PROPERTY_ACCESSOR name:<get-on_primary> visibility:public modality:FINAL <> () returnType:androidx.compose.ui.graphics.Color
i: [kapt] field Purple40:J -> origin=OTHER element=KtProperty descriptor=IrBasedFieldDescriptor: FIELD PROPERTY_BACKING_FIELD name:Purple40 type:androidx.compose.ui.graphics.Color visibility:private [final,static]
i: [kapt] field PurpleGrey40:J -> origin=OTHER element=KtProperty descriptor=IrBasedFieldDescriptor: FIELD PROPERTY_BACKING_FIELD name:PurpleGrey40 type:androidx.compose.ui.graphics.Color visibility:private [final,static]
i: [kapt] field Pink40:J -> origin=OTHER element=KtProperty descriptor=IrBasedFieldDescriptor: FIELD PROPERTY_BACKING_FIELD name:Pink40 type:androidx.compose.ui.graphics.Color visibility:private [final,static]
i: [kapt] field Purple80:J -> origin=OTHER element=KtProperty descriptor=IrBasedFieldDescriptor: FIELD PROPERTY_BACKING_FIELD name:Purple80 type:androidx.compose.ui.graphics.Color visibility:private [final,static]
i: [kapt] field PurpleGrey80:J -> origin=OTHER element=KtProperty descriptor=IrBasedFieldDescriptor: FIELD PROPERTY_BACKING_FIELD name:PurpleGrey80 type:androidx.compose.ui.graphics.Color visibility:private [final,static]
i: [kapt] field Pink80:J -> origin=OTHER element=KtProperty descriptor=IrBasedFieldDescriptor: FIELD PROPERTY_BACKING_FIELD name:Pink80 type:androidx.compose.ui.graphics.Color visibility:private [final,static]
i: [kapt] field Purple30:J -> origin=OTHER element=KtProperty descriptor=IrBasedFieldDescriptor: FIELD PROPERTY_BACKING_FIELD name:Purple30 type:androidx.compose.ui.graphics.Color visibility:private [final,static]
i: [kapt] field Purple90:J -> origin=OTHER element=KtProperty descriptor=IrBasedFieldDescriptor: FIELD PROPERTY_BACKING_FIELD name:Purple90 type:androidx.compose.ui.graphics.Color visibility:private [final,static]
i: [kapt] field PurpleGrey30:J -> origin=OTHER element=KtProperty descriptor=IrBasedFieldDescriptor: FIELD PROPERTY_BACKING_FIELD name:PurpleGrey30 type:androidx.compose.ui.graphics.Color visibility:private [final,static]
i: [kapt] field PurpleGrey90:J -> origin=OTHER element=KtProperty descriptor=IrBasedFieldDescriptor: FIELD PROPERTY_BACKING_FIELD name:PurpleGrey90 type:androidx.compose.ui.graphics.Color visibility:private [final,static]
i: [kapt] field Pink30:J -> origin=OTHER element=KtProperty descriptor=IrBasedFieldDescriptor: FIELD PROPERTY_BACKING_FIELD name:Pink30 type:androidx.compose.ui.graphics.Color visibility:private [final,static]
i: [kapt] field Pink90:J -> origin=OTHER element=KtProperty descriptor=IrBasedFieldDescriptor: FIELD PROPERTY_BACKING_FIELD name:Pink90 type:androidx.compose.ui.graphics.Color visibility:private [final,static]
i: [kapt] field primary:J -> origin=OTHER element=KtProperty descriptor=IrBasedFieldDescriptor: FIELD PROPERTY_BACKING_FIELD name:primary type:androidx.compose.ui.graphics.Color visibility:private [final,static]
i: [kapt] field primary_dark:J -> origin=OTHER element=KtProperty descriptor=IrBasedFieldDescriptor: FIELD PROPERTY_BACKING_FIELD name:primary_dark type:androidx.compose.ui.graphics.Color visibility:private [final,static]
i: [kapt] field primary_light:J -> origin=OTHER element=KtProperty descriptor=IrBasedFieldDescriptor: FIELD PROPERTY_BACKING_FIELD name:primary_light type:androidx.compose.ui.graphics.Color visibility:private [final,static]
i: [kapt] field background:J -> origin=OTHER element=KtProperty descriptor=IrBasedFieldDescriptor: FIELD PROPERTY_BACKING_FIELD name:background type:androidx.compose.ui.graphics.Color visibility:private [final,static]
i: [kapt] field on_primary:J -> origin=OTHER element=KtProperty descriptor=IrBasedFieldDescriptor: FIELD PROPERTY_BACKING_FIELD name:on_primary type:androidx.compose.ui.graphics.Color visibility:private [final,static]
i: [kapt] class com/leo/paleorecipes/ui/theme/ThemeKt -> origin=PACKAGE_PART element=KtFile descriptor=IrBasedClassDescriptor: CLASS FILE_CLASS CLASS name:ThemeKt modality:FINAL visibility:public superTypes:[kotlin.Any]
i: [kapt] method PaleoRecipesTheme(ZZLkotlin/jvm/functions/Function0;)V -> origin=OTHER element=KtNamedFunction descriptor=IrBasedSimpleFunctionDescriptor: FUN name:PaleoRecipesTheme visibility:public modality:FINAL <> (darkTheme:kotlin.Boolean, dynamicColor:kotlin.Boolean, content:@[Composable] kotlin.Function0<kotlin.Unit>) returnType:kotlin.Unit
i: [kapt] method PaleoRecipesTheme$default(ZZLkotlin/jvm/functions/Function0;ILjava/lang/Object;)V -> origin=OTHER element=KtNamedFunction descriptor=IrBasedSimpleFunctionDescriptor: FUN FUNCTION_FOR_DEFAULT_PARAMETER name:PaleoRecipesTheme$default visibility:public modality:FINAL <> (darkTheme:kotlin.Boolean, dynamicColor:kotlin.Boolean, content:@[Composable] kotlin.Function0<kotlin.Unit>, $mask0:kotlin.Int, $handler:kotlin.Any?) returnType:kotlin.Unit
i: [kapt] field DarkColorScheme:Landroidx/compose/material3/ColorScheme; -> origin=OTHER element=KtProperty descriptor=IrBasedFieldDescriptor: FIELD PROPERTY_BACKING_FIELD name:DarkColorScheme type:androidx.compose.material3.ColorScheme visibility:private [final,static]
i: [kapt] field LightColorScheme:Landroidx/compose/material3/ColorScheme; -> origin=OTHER element=KtProperty descriptor=IrBasedFieldDescriptor: FIELD PROPERTY_BACKING_FIELD name:LightColorScheme type:androidx.compose.material3.ColorScheme visibility:private [final,static]
i: [kapt] class com/leo/paleorecipes/ui/theme/TypeKt -> origin=PACKAGE_PART element=KtFile descriptor=IrBasedClassDescriptor: CLASS FILE_CLASS CLASS name:TypeKt modality:FINAL visibility:public superTypes:[kotlin.Any]
i: [kapt] method getTypography()Landroidx/compose/material3/Typography; -> origin=OTHER element=KtProperty descriptor=IrBasedPropertyGetterDescriptor: FUN DEFAULT_PROPERTY_ACCESSOR name:<get-Typography> visibility:public modality:FINAL <> () returnType:androidx.compose.material3.Typography
i: [kapt] field Typography:Landroidx/compose/material3/Typography; -> origin=OTHER element=KtProperty descriptor=IrBasedFieldDescriptor: FIELD PROPERTY_BACKING_FIELD name:Typography type:androidx.compose.material3.Typography visibility:private [final,static]
i: [kapt] class com/leo/paleorecipes/util/SingleLiveEvent -> origin=OTHER element=KtClass descriptor=IrBasedClassDescriptor: CLASS CLASS name:SingleLiveEvent modality:FINAL visibility:public superTypes:[androidx.lifecycle.MutableLiveData<T of com.leo.paleorecipes.util.SingleLiveEvent>]
i: [kapt] method <init>()V -> origin=OTHER element=KtClass descriptor=IrBasedClassConstructorDescriptor: CONSTRUCTOR visibility:public <> () returnType:com.leo.paleorecipes.util.SingleLiveEvent<T of com.leo.paleorecipes.util.SingleLiveEvent> [primary]
i: [kapt] method observe(Landroidx/lifecycle/LifecycleOwner;Landroidx/lifecycle/Observer;)V -> origin=OTHER element=KtNamedFunction descriptor=IrBasedSimpleFunctionDescriptor: FUN name:observe visibility:public modality:OPEN <> ($this:com.leo.paleorecipes.util.SingleLiveEvent<T of com.leo.paleorecipes.util.SingleLiveEvent>, owner:androidx.lifecycle.LifecycleOwner, observer:androidx.lifecycle.Observer<in T of com.leo.paleorecipes.util.SingleLiveEvent>) returnType:kotlin.Unit
i: [kapt] method setValue(Ljava/lang/Object;)V -> origin=OTHER element=KtNamedFunction descriptor=IrBasedSimpleFunctionDescriptor: FUN name:setValue visibility:public modality:OPEN <> ($this:com.leo.paleorecipes.util.SingleLiveEvent<T of com.leo.paleorecipes.util.SingleLiveEvent>, t:T of com.leo.paleorecipes.util.SingleLiveEvent?) returnType:kotlin.Unit
i: [kapt] method call()V -> origin=OTHER element=KtNamedFunction descriptor=IrBasedSimpleFunctionDescriptor: FUN name:call visibility:public modality:FINAL <> ($this:com.leo.paleorecipes.util.SingleLiveEvent<T of com.leo.paleorecipes.util.SingleLiveEvent>) returnType:kotlin.Unit
i: [kapt] field pending:Ljava/util/concurrent/atomic/AtomicBoolean; -> origin=OTHER element=KtProperty descriptor=IrBasedFieldDescriptor: FIELD PROPERTY_BACKING_FIELD name:pending type:java.util.concurrent.atomic.AtomicBoolean visibility:private [final]
i: [kapt] class com/leo/paleorecipes/utils/ApiErrorHandler -> origin=OTHER element=KtObjectDeclaration descriptor=IrBasedClassDescriptor: CLASS OBJECT name:ApiErrorHandler modality:FINAL visibility:public superTypes:[kotlin.Any]
i: [kapt] method <init>()V -> origin=OTHER element=KtObjectDeclaration descriptor=IrBasedClassConstructorDescriptor: CONSTRUCTOR visibility:private <> () returnType:com.leo.paleorecipes.utils.ApiErrorHandler [primary]
i: [kapt] method getErrorMessage(Ljava/lang/Throwable;Landroid/content/Context;)Ljava/lang/String; -> origin=OTHER element=KtNamedFunction descriptor=IrBasedSimpleFunctionDescriptor: FUN name:getErrorMessage visibility:public modality:FINAL <> ($this:com.leo.paleorecipes.utils.ApiErrorHandler, throwable:kotlin.Throwable, context:android.content.Context) returnType:kotlin.String
i: [kapt] method getErrorMessageSuspend(Ljava/lang/Throwable;Landroid/content/Context;Lkotlin/coroutines/Continuation;)Ljava/lang/Object; -> origin=OTHER element=KtNamedFunction descriptor=IrBasedSimpleFunctionDescriptor: FUN name:getErrorMessageSuspend visibility:public modality:FINAL <> ($this:com.leo.paleorecipes.utils.ApiErrorHandler, throwable:kotlin.Throwable, context:android.content.Context, $completion:kotlin.coroutines.Continuation<kotlin.String>) returnType:kotlin.Any? [suspend]
i: [kapt] field INSTANCE:Lcom/leo/paleorecipes/utils/ApiErrorHandler; -> origin=OTHER element=null descriptor=IrBasedFieldDescriptor: FIELD FIELD_FOR_OBJECT_INSTANCE name:INSTANCE type:com.leo.paleorecipes.utils.ApiErrorHandler visibility:public [final,static]
i: [kapt] class com/leo/paleorecipes/utils/ApiResponse -> origin=OTHER element=KtClass descriptor=IrBasedClassDescriptor: CLASS CLASS name:ApiResponse modality:SEALED visibility:public superTypes:[kotlin.Any]
i: [kapt] method <init>()V -> origin=OTHER element=KtClass descriptor=IrBasedClassConstructorDescriptor: CONSTRUCTOR visibility:private <> () returnType:com.leo.paleorecipes.utils.ApiResponse<T of com.leo.paleorecipes.utils.ApiResponse> [primary]
i: [kapt] method toString()Ljava/lang/String; -> origin=OTHER element=KtNamedFunction descriptor=IrBasedSimpleFunctionDescriptor: FUN name:toString visibility:public modality:OPEN <> ($this:com.leo.paleorecipes.utils.ApiResponse<T of com.leo.paleorecipes.utils.ApiResponse>) returnType:kotlin.String
i: [kapt] method <init>(Lkotlin/jvm/internal/DefaultConstructorMarker;)V -> origin=OTHER element=null descriptor=IrBasedClassConstructorDescriptor: CONSTRUCTOR SYNTHETIC_ACCESSOR_FOR_HIDDEN_CONSTRUCTOR visibility:public <> ($constructor_marker:kotlin.jvm.internal.DefaultConstructorMarker?) returnType:com.leo.paleorecipes.utils.ApiResponse<T of com.leo.paleorecipes.utils.ApiResponse>
i: [kapt] class com/leo/paleorecipes/utils/ApiResponse$Success -> origin=OTHER element=KtClass descriptor=IrBasedClassDescriptor: CLASS CLASS name:Success modality:FINAL visibility:public [data] superTypes:[com.leo.paleorecipes.utils.ApiResponse<T of com.leo.paleorecipes.utils.ApiResponse.Success>]
i: [kapt] method <init>(Ljava/lang/Object;)V -> origin=OTHER element=KtClass descriptor=IrBasedClassConstructorDescriptor: CONSTRUCTOR visibility:public <> (data:T of com.leo.paleorecipes.utils.ApiResponse.Success) returnType:com.leo.paleorecipes.utils.ApiResponse.Success<T of com.leo.paleorecipes.utils.ApiResponse.Success> [primary]
i: [kapt] method getData()Ljava/lang/Object; -> origin=OTHER element=KtParameter descriptor=IrBasedPropertyGetterDescriptor: FUN DEFAULT_PROPERTY_ACCESSOR name:<get-data> visibility:public modality:FINAL <> ($this:com.leo.paleorecipes.utils.ApiResponse.Success<T of com.leo.paleorecipes.utils.ApiResponse.Success>) returnType:T of com.leo.paleorecipes.utils.ApiResponse.Success
i: [kapt] method component1()Ljava/lang/Object; -> origin=OTHER element=null descriptor=IrBasedSimpleFunctionDescriptor: FUN GENERATED_DATA_CLASS_MEMBER name:component1 visibility:public modality:FINAL <> ($this:com.leo.paleorecipes.utils.ApiResponse.Success<T of com.leo.paleorecipes.utils.ApiResponse.Success>) returnType:T of com.leo.paleorecipes.utils.ApiResponse.Success [operator]
i: [kapt] method copy(Ljava/lang/Object;)Lcom/leo/paleorecipes/utils/ApiResponse$Success; -> origin=OTHER element=null descriptor=IrBasedSimpleFunctionDescriptor: FUN GENERATED_DATA_CLASS_MEMBER name:copy visibility:public modality:FINAL <> ($this:com.leo.paleorecipes.utils.ApiResponse.Success<T of com.leo.paleorecipes.utils.ApiResponse.Success>, data:T of com.leo.paleorecipes.utils.ApiResponse.Success) returnType:com.leo.paleorecipes.utils.ApiResponse.Success<T of com.leo.paleorecipes.utils.ApiResponse.Success>
i: [kapt] method toString()Ljava/lang/String; -> origin=OTHER element=null descriptor=IrBasedSimpleFunctionDescriptor: FUN GENERATED_DATA_CLASS_MEMBER name:toString visibility:public modality:OPEN <> ($this:com.leo.paleorecipes.utils.ApiResponse.Success<T of com.leo.paleorecipes.utils.ApiResponse.Success>) returnType:kotlin.String
i: [kapt] method hashCode()I -> origin=OTHER element=null descriptor=IrBasedSimpleFunctionDescriptor: FUN GENERATED_DATA_CLASS_MEMBER name:hashCode visibility:public modality:OPEN <> ($this:com.leo.paleorecipes.utils.ApiResponse.Success<T of com.leo.paleorecipes.utils.ApiResponse.Success>) returnType:kotlin.Int
i: [kapt] method equals(Ljava/lang/Object;)Z -> origin=OTHER element=null descriptor=IrBasedSimpleFunctionDescriptor: FUN GENERATED_DATA_CLASS_MEMBER name:equals visibility:public modality:OPEN <> ($this:com.leo.paleorecipes.utils.ApiResponse.Success<T of com.leo.paleorecipes.utils.ApiResponse.Success>, other:kotlin.Any?) returnType:kotlin.Boolean [operator]
i: [kapt] field data:Ljava/lang/Object; -> origin=OTHER element=KtParameter descriptor=IrBasedFieldDescriptor: FIELD PROPERTY_BACKING_FIELD name:data type:T of com.leo.paleorecipes.utils.ApiResponse.Success visibility:private [final]
i: [kapt] class com/leo/paleorecipes/utils/ApiResponse$Error -> origin=OTHER element=KtClass descriptor=IrBasedClassDescriptor: CLASS CLASS name:Error modality:FINAL visibility:public [data] superTypes:[com.leo.paleorecipes.utils.ApiResponse<kotlin.Nothing>]
i: [kapt] method <init>(Ljava/lang/Exception;)V -> origin=OTHER element=KtClass descriptor=IrBasedClassConstructorDescriptor: CONSTRUCTOR visibility:public <> (exception:java.lang.Exception{ kotlin.TypeAliasesKt.Exception }) returnType:com.leo.paleorecipes.utils.ApiResponse.Error [primary]
i: [kapt] method getException()Ljava/lang/Exception; -> origin=OTHER element=KtParameter descriptor=IrBasedPropertyGetterDescriptor: FUN DEFAULT_PROPERTY_ACCESSOR name:<get-exception> visibility:public modality:FINAL <> ($this:com.leo.paleorecipes.utils.ApiResponse.Error) returnType:java.lang.Exception{ kotlin.TypeAliasesKt.Exception }
i: [kapt] method component1()Ljava/lang/Exception; -> origin=OTHER element=null descriptor=IrBasedSimpleFunctionDescriptor: FUN GENERATED_DATA_CLASS_MEMBER name:component1 visibility:public modality:FINAL <> ($this:com.leo.paleorecipes.utils.ApiResponse.Error) returnType:java.lang.Exception{ kotlin.TypeAliasesKt.Exception } [operator]
i: [kapt] method copy(Ljava/lang/Exception;)Lcom/leo/paleorecipes/utils/ApiResponse$Error; -> origin=OTHER element=null descriptor=IrBasedSimpleFunctionDescriptor: FUN GENERATED_DATA_CLASS_MEMBER name:copy visibility:public modality:FINAL <> ($this:com.leo.paleorecipes.utils.ApiResponse.Error, exception:java.lang.Exception{ kotlin.TypeAliasesKt.Exception }) returnType:com.leo.paleorecipes.utils.ApiResponse.Error
i: [kapt] method toString()Ljava/lang/String; -> origin=OTHER element=null descriptor=IrBasedSimpleFunctionDescriptor: FUN GENERATED_DATA_CLASS_MEMBER name:toString visibility:public modality:OPEN <> ($this:com.leo.paleorecipes.utils.ApiResponse.Error) returnType:kotlin.String
i: [kapt] method hashCode()I -> origin=OTHER element=null descriptor=IrBasedSimpleFunctionDescriptor: FUN GENERATED_DATA_CLASS_MEMBER name:hashCode visibility:public modality:OPEN <> ($this:com.leo.paleorecipes.utils.ApiResponse.Error) returnType:kotlin.Int
i: [kapt] method equals(Ljava/lang/Object;)Z -> origin=OTHER element=null descriptor=IrBasedSimpleFunctionDescriptor: FUN GENERATED_DATA_CLASS_MEMBER name:equals visibility:public modality:OPEN <> ($this:com.leo.paleorecipes.utils.ApiResponse.Error, other:kotlin.Any?) returnType:kotlin.Boolean [operator]
i: [kapt] field exception:Ljava/lang/Exception; -> origin=OTHER element=KtParameter descriptor=IrBasedFieldDescriptor: FIELD PROPERTY_BACKING_FIELD name:exception type:java.lang.Exception{ kotlin.TypeAliasesKt.Exception } visibility:private [final]
i: [kapt] class com/leo/paleorecipes/utils/ApiResponse$Loading -> origin=OTHER element=KtObjectDeclaration descriptor=IrBasedClassDescriptor: CLASS OBJECT name:Loading modality:FINAL visibility:public superTypes:[com.leo.paleorecipes.utils.ApiResponse<kotlin.Nothing>]
i: [kapt] method <init>()V -> origin=OTHER element=KtObjectDeclaration descriptor=IrBasedClassConstructorDescriptor: CONSTRUCTOR visibility:private <> () returnType:com.leo.paleorecipes.utils.ApiResponse.Loading [primary]
i: [kapt] field INSTANCE:Lcom/leo/paleorecipes/utils/ApiResponse$Loading; -> origin=OTHER element=null descriptor=IrBasedFieldDescriptor: FIELD FIELD_FOR_OBJECT_INSTANCE name:INSTANCE type:com.leo.paleorecipes.utils.ApiResponse.Loading visibility:public [final,static]
i: [kapt] class com/leo/paleorecipes/utils/ApiResponse$Empty -> origin=OTHER element=KtObjectDeclaration descriptor=IrBasedClassDescriptor: CLASS OBJECT name:Empty modality:FINAL visibility:public superTypes:[com.leo.paleorecipes.utils.ApiResponse<kotlin.Nothing>]
i: [kapt] method <init>()V -> origin=OTHER element=KtObjectDeclaration descriptor=IrBasedClassConstructorDescriptor: CONSTRUCTOR visibility:private <> () returnType:com.leo.paleorecipes.utils.ApiResponse.Empty [primary]
i: [kapt] field INSTANCE:Lcom/leo/paleorecipes/utils/ApiResponse$Empty; -> origin=OTHER element=null descriptor=IrBasedFieldDescriptor: FIELD FIELD_FOR_OBJECT_INSTANCE name:INSTANCE type:com.leo.paleorecipes.utils.ApiResponse.Empty visibility:public [final,static]
i: [kapt] class com/leo/paleorecipes/utils/ApiResponseKt -> origin=PACKAGE_PART element=KtFile descriptor=IrBasedClassDescriptor: CLASS FILE_CLASS CLASS name:ApiResponseKt modality:FINAL visibility:public superTypes:[kotlin.Any]
i: [kapt] method getSucceeded(Lcom/leo/paleorecipes/utils/ApiResponse;)Z -> origin=OTHER element=KtPropertyAccessor descriptor=IrBasedPropertyGetterDescriptor: FUN name:<get-succeeded> visibility:public modality:FINAL <> ($receiver:com.leo.paleorecipes.utils.ApiResponse<*>) returnType:kotlin.Boolean
i: [kapt] method map(Lcom/leo/paleorecipes/utils/ApiResponse;Lkotlin/jvm/functions/Function1;)Lcom/leo/paleorecipes/utils/ApiResponse; -> origin=OTHER element=KtNamedFunction descriptor=IrBasedSimpleFunctionDescriptor: FUN name:map visibility:public modality:FINAL <T, R> ($receiver:com.leo.paleorecipes.utils.ApiResponse<T of com.leo.paleorecipes.utils.ApiResponseKt.map>, transform:kotlin.Function1<T of com.leo.paleorecipes.utils.ApiResponseKt.map, R of com.leo.paleorecipes.utils.ApiResponseKt.map>) returnType:com.leo.paleorecipes.utils.ApiResponse<R of com.leo.paleorecipes.utils.ApiResponseKt.map> [inline]
i: [kapt] method getOrNull(Lcom/leo/paleorecipes/utils/ApiResponse;)Ljava/lang/Object; -> origin=OTHER element=KtNamedFunction descriptor=IrBasedSimpleFunctionDescriptor: FUN name:getOrNull visibility:public modality:FINAL <T> ($receiver:com.leo.paleorecipes.utils.ApiResponse<T of com.leo.paleorecipes.utils.ApiResponseKt.getOrNull>) returnType:T of com.leo.paleorecipes.utils.ApiResponseKt.getOrNull?
i: [kapt] method getOrDefault(Lcom/leo/paleorecipes/utils/ApiResponse;Ljava/lang/Object;)Ljava/lang/Object; -> origin=OTHER element=KtNamedFunction descriptor=IrBasedSimpleFunctionDescriptor: FUN name:getOrDefault visibility:public modality:FINAL <T> ($receiver:com.leo.paleorecipes.utils.ApiResponse<T of com.leo.paleorecipes.utils.ApiResponseKt.getOrDefault>, default:T of com.leo.paleorecipes.utils.ApiResponseKt.getOrDefault) returnType:T of com.leo.paleorecipes.utils.ApiResponseKt.getOrDefault
i: [kapt] method getOrThrow(Lcom/leo/paleorecipes/utils/ApiResponse;)Ljava/lang/Object; -> origin=OTHER element=KtNamedFunction descriptor=IrBasedSimpleFunctionDescriptor: FUN name:getOrThrow visibility:public modality:FINAL <T> ($receiver:com.leo.paleorecipes.utils.ApiResponse<T of com.leo.paleorecipes.utils.ApiResponseKt.getOrThrow>) returnType:T of com.leo.paleorecipes.utils.ApiResponseKt.getOrThrow
i: [kapt] method flatMap(Lcom/leo/paleorecipes/utils/ApiResponse;Lkotlin/jvm/functions/Function1;)Lcom/leo/paleorecipes/utils/ApiResponse; -> origin=OTHER element=KtNamedFunction descriptor=IrBasedSimpleFunctionDescriptor: FUN name:flatMap visibility:public modality:FINAL <T, R> ($receiver:com.leo.paleorecipes.utils.ApiResponse<T of com.leo.paleorecipes.utils.ApiResponseKt.flatMap>, transform:kotlin.Function1<T of com.leo.paleorecipes.utils.ApiResponseKt.flatMap, com.leo.paleorecipes.utils.ApiResponse<R of com.leo.paleorecipes.utils.ApiResponseKt.flatMap>>) returnType:com.leo.paleorecipes.utils.ApiResponse<R of com.leo.paleorecipes.utils.ApiResponseKt.flatMap> [inline]
i: [kapt] class com/leo/paleorecipes/utils/ConnectivityManagerNetworkMonitor -> origin=OTHER element=KtClass descriptor=IrBasedClassDescriptor: CLASS CLASS name:ConnectivityManagerNetworkMonitor modality:FINAL visibility:public superTypes:[com.leo.paleorecipes.utils.NetworkMonitor]
i: [kapt] method <init>(Landroid/content/Context;)V -> origin=OTHER element=KtClass descriptor=IrBasedClassConstructorDescriptor: CONSTRUCTOR visibility:public <> (context:android.content.Context) returnType:com.leo.paleorecipes.utils.ConnectivityManagerNetworkMonitor [primary]
i: [kapt] method isOnline()Lkotlinx/coroutines/flow/Flow; -> origin=OTHER element=KtProperty descriptor=IrBasedPropertyGetterDescriptor: FUN DEFAULT_PROPERTY_ACCESSOR name:<get-isOnline> visibility:public modality:OPEN <> ($this:com.leo.paleorecipes.utils.ConnectivityManagerNetworkMonitor) returnType:kotlinx.coroutines.flow.Flow<kotlin.Boolean>
i: [kapt] field isOnline:Lkotlinx/coroutines/flow/Flow; -> origin=OTHER element=KtProperty descriptor=IrBasedFieldDescriptor: FIELD PROPERTY_BACKING_FIELD name:isOnline type:kotlinx.coroutines.flow.Flow<kotlin.Boolean> visibility:private [final]
i: [kapt] class com/leo/paleorecipes/utils/DispatcherProvider -> origin=OTHER element=KtClass descriptor=IrBasedClassDescriptor: CLASS INTERFACE name:DispatcherProvider modality:ABSTRACT visibility:public superTypes:[kotlin.Any]
i: [kapt] method getMain()Lkotlinx/coroutines/CoroutineDispatcher; -> origin=OTHER element=KtProperty descriptor=IrBasedPropertyGetterDescriptor: FUN DEFAULT_PROPERTY_ACCESSOR name:<get-main> visibility:public modality:ABSTRACT <> ($this:com.leo.paleorecipes.utils.DispatcherProvider) returnType:kotlinx.coroutines.CoroutineDispatcher
i: [kapt] method getIo()Lkotlinx/coroutines/CoroutineDispatcher; -> origin=OTHER element=KtProperty descriptor=IrBasedPropertyGetterDescriptor: FUN DEFAULT_PROPERTY_ACCESSOR name:<get-io> visibility:public modality:ABSTRACT <> ($this:com.leo.paleorecipes.utils.DispatcherProvider) returnType:kotlinx.coroutines.CoroutineDispatcher
i: [kapt] method getDefault()Lkotlinx/coroutines/CoroutineDispatcher; -> origin=OTHER element=KtProperty descriptor=IrBasedPropertyGetterDescriptor: FUN DEFAULT_PROPERTY_ACCESSOR name:<get-default> visibility:public modality:ABSTRACT <> ($this:com.leo.paleorecipes.utils.DispatcherProvider) returnType:kotlinx.coroutines.CoroutineDispatcher
i: [kapt] method getUnconfined()Lkotlinx/coroutines/CoroutineDispatcher; -> origin=OTHER element=KtProperty descriptor=IrBasedPropertyGetterDescriptor: FUN DEFAULT_PROPERTY_ACCESSOR name:<get-unconfined> visibility:public modality:ABSTRACT <> ($this:com.leo.paleorecipes.utils.DispatcherProvider) returnType:kotlinx.coroutines.CoroutineDispatcher
i: [kapt] class com/leo/paleorecipes/utils/DefaultDispatcherProvider -> origin=OTHER element=KtClass descriptor=IrBasedClassDescriptor: CLASS CLASS name:DefaultDispatcherProvider modality:FINAL visibility:public superTypes:[com.leo.paleorecipes.utils.DispatcherProvider]
i: [kapt] method <init>()V -> origin=OTHER element=KtClass descriptor=IrBasedClassConstructorDescriptor: CONSTRUCTOR visibility:public <> () returnType:com.leo.paleorecipes.utils.DefaultDispatcherProvider [primary]
i: [kapt] method getMain()Lkotlinx/coroutines/CoroutineDispatcher; -> origin=OTHER element=KtPropertyAccessor descriptor=IrBasedPropertyGetterDescriptor: FUN name:<get-main> visibility:public modality:OPEN <> ($this:com.leo.paleorecipes.utils.DefaultDispatcherProvider) returnType:kotlinx.coroutines.CoroutineDispatcher
i: [kapt] method getIo()Lkotlinx/coroutines/CoroutineDispatcher; -> origin=OTHER element=KtPropertyAccessor descriptor=IrBasedPropertyGetterDescriptor: FUN name:<get-io> visibility:public modality:OPEN <> ($this:com.leo.paleorecipes.utils.DefaultDispatcherProvider) returnType:kotlinx.coroutines.CoroutineDispatcher
i: [kapt] method getDefault()Lkotlinx/coroutines/CoroutineDispatcher; -> origin=OTHER element=KtPropertyAccessor descriptor=IrBasedPropertyGetterDescriptor: FUN name:<get-default> visibility:public modality:OPEN <> ($this:com.leo.paleorecipes.utils.DefaultDispatcherProvider) returnType:kotlinx.coroutines.CoroutineDispatcher
i: [kapt] method getUnconfined()Lkotlinx/coroutines/CoroutineDispatcher; -> origin=OTHER element=KtPropertyAccessor descriptor=IrBasedPropertyGetterDescriptor: FUN name:<get-unconfined> visibility:public modality:OPEN <> ($this:com.leo.paleorecipes.utils.DefaultDispatcherProvider) returnType:kotlinx.coroutines.CoroutineDispatcher
i: [kapt] class com/leo/paleorecipes/utils/TestDispatcherProvider -> origin=OTHER element=KtClass descriptor=IrBasedClassDescriptor: CLASS CLASS name:TestDispatcherProvider modality:FINAL visibility:public superTypes:[com.leo.paleorecipes.utils.DispatcherProvider]
i: [kapt] method <init>(Lkotlinx/coroutines/CoroutineDispatcher;Lkotlinx/coroutines/CoroutineDispatcher;Lkotlinx/coroutines/CoroutineDispatcher;Lkotlinx/coroutines/CoroutineDispatcher;)V -> origin=OTHER element=KtClass descriptor=IrBasedClassConstructorDescriptor: CONSTRUCTOR visibility:public <> (main:kotlinx.coroutines.CoroutineDispatcher, io:kotlinx.coroutines.CoroutineDispatcher, default:kotlinx.coroutines.CoroutineDispatcher, unconfined:kotlinx.coroutines.CoroutineDispatcher) returnType:com.leo.paleorecipes.utils.TestDispatcherProvider [primary]
i: [kapt] method <init>(Lkotlinx/coroutines/CoroutineDispatcher;Lkotlinx/coroutines/CoroutineDispatcher;Lkotlinx/coroutines/CoroutineDispatcher;Lkotlinx/coroutines/CoroutineDispatcher;ILkotlin/jvm/internal/DefaultConstructorMarker;)V -> origin=OTHER element=KtClass descriptor=IrBasedClassConstructorDescriptor: CONSTRUCTOR FUNCTION_FOR_DEFAULT_PARAMETER visibility:public <> (main:kotlinx.coroutines.CoroutineDispatcher?, io:kotlinx.coroutines.CoroutineDispatcher?, default:kotlinx.coroutines.CoroutineDispatcher?, unconfined:kotlinx.coroutines.CoroutineDispatcher?, $mask0:kotlin.Int, $marker:kotlin.jvm.internal.DefaultConstructorMarker?) returnType:com.leo.paleorecipes.utils.TestDispatcherProvider
i: [kapt] method getMain()Lkotlinx/coroutines/CoroutineDispatcher; -> origin=OTHER element=KtParameter descriptor=IrBasedPropertyGetterDescriptor: FUN DEFAULT_PROPERTY_ACCESSOR name:<get-main> visibility:public modality:OPEN <> ($this:com.leo.paleorecipes.utils.TestDispatcherProvider) returnType:kotlinx.coroutines.CoroutineDispatcher
i: [kapt] method getIo()Lkotlinx/coroutines/CoroutineDispatcher; -> origin=OTHER element=KtParameter descriptor=IrBasedPropertyGetterDescriptor: FUN DEFAULT_PROPERTY_ACCESSOR name:<get-io> visibility:public modality:OPEN <> ($this:com.leo.paleorecipes.utils.TestDispatcherProvider) returnType:kotlinx.coroutines.CoroutineDispatcher
i: [kapt] method getDefault()Lkotlinx/coroutines/CoroutineDispatcher; -> origin=OTHER element=KtParameter descriptor=IrBasedPropertyGetterDescriptor: FUN DEFAULT_PROPERTY_ACCESSOR name:<get-default> visibility:public modality:OPEN <> ($this:com.leo.paleorecipes.utils.TestDispatcherProvider) returnType:kotlinx.coroutines.CoroutineDispatcher
i: [kapt] method getUnconfined()Lkotlinx/coroutines/CoroutineDispatcher; -> origin=OTHER element=KtParameter descriptor=IrBasedPropertyGetterDescriptor: FUN DEFAULT_PROPERTY_ACCESSOR name:<get-unconfined> visibility:public modality:OPEN <> ($this:com.leo.paleorecipes.utils.TestDispatcherProvider) returnType:kotlinx.coroutines.CoroutineDispatcher
i: [kapt] method <init>()V -> origin=OTHER element=null descriptor=IrBasedClassConstructorDescriptor: CONSTRUCTOR visibility:public <> () returnType:com.leo.paleorecipes.utils.TestDispatcherProvider
i: [kapt] field main:Lkotlinx/coroutines/CoroutineDispatcher; -> origin=OTHER element=KtParameter descriptor=IrBasedFieldDescriptor: FIELD PROPERTY_BACKING_FIELD name:main type:kotlinx.coroutines.CoroutineDispatcher visibility:private [final]
i: [kapt] field io:Lkotlinx/coroutines/CoroutineDispatcher; -> origin=OTHER element=KtParameter descriptor=IrBasedFieldDescriptor: FIELD PROPERTY_BACKING_FIELD name:io type:kotlinx.coroutines.CoroutineDispatcher visibility:private [final]
i: [kapt] field default:Lkotlinx/coroutines/CoroutineDispatcher; -> origin=OTHER element=KtParameter descriptor=IrBasedFieldDescriptor: FIELD PROPERTY_BACKING_FIELD name:default type:kotlinx.coroutines.CoroutineDispatcher visibility:private [final]
i: [kapt] field unconfined:Lkotlinx/coroutines/CoroutineDispatcher; -> origin=OTHER element=KtParameter descriptor=IrBasedFieldDescriptor: FIELD PROPERTY_BACKING_FIELD name:unconfined type:kotlinx.coroutines.CoroutineDispatcher visibility:private [final]
i: [kapt] class com/leo/paleorecipes/utils/DateTimeUtils -> origin=OTHER element=KtClass descriptor=IrBasedClassDescriptor: CLASS CLASS name:DateTimeUtils modality:FINAL visibility:public superTypes:[kotlin.Any]
i: [kapt] method <init>()V -> origin=OTHER element=KtClass descriptor=IrBasedClassConstructorDescriptor: CONSTRUCTOR visibility:public <> () returnType:com.leo.paleorecipes.utils.DateTimeUtils [primary]
i: [kapt] method formatDate(Ljava/util/Date;Ljava/lang/String;)Ljava/lang/String; -> origin=OTHER element=KtNamedFunction descriptor=IrBasedSimpleFunctionDescriptor: FUN name:formatDate visibility:public modality:FINAL <> ($this:com.leo.paleorecipes.utils.DateTimeUtils, date:java.util.Date, pattern:kotlin.String) returnType:kotlin.String
i: [kapt] method formatDate$default(Lcom/leo/paleorecipes/utils/DateTimeUtils;Ljava/util/Date;Ljava/lang/String;ILjava/lang/Object;)Ljava/lang/String; -> origin=OTHER element=KtNamedFunction descriptor=IrBasedSimpleFunctionDescriptor: FUN FUNCTION_FOR_DEFAULT_PARAMETER name:formatDate$default visibility:public modality:FINAL <> ($this:com.leo.paleorecipes.utils.DateTimeUtils, date:java.util.Date, pattern:kotlin.String?, $mask0:kotlin.Int, $handler:kotlin.Any?) returnType:kotlin.String
i: [kapt] method parseDate(Ljava/lang/String;Ljava/lang/String;)Ljava/util/Date; -> origin=OTHER element=KtNamedFunction descriptor=IrBasedSimpleFunctionDescriptor: FUN name:parseDate visibility:public modality:FINAL <> ($this:com.leo.paleorecipes.utils.DateTimeUtils, dateString:kotlin.String, pattern:kotlin.String) returnType:java.util.Date?
i: [kapt] method parseDate$default(Lcom/leo/paleorecipes/utils/DateTimeUtils;Ljava/lang/String;Ljava/lang/String;ILjava/lang/Object;)Ljava/util/Date; -> origin=OTHER element=KtNamedFunction descriptor=IrBasedSimpleFunctionDescriptor: FUN FUNCTION_FOR_DEFAULT_PARAMETER name:parseDate$default visibility:public modality:FINAL <> ($this:com.leo.paleorecipes.utils.DateTimeUtils, dateString:kotlin.String, pattern:kotlin.String?, $mask0:kotlin.Int, $handler:kotlin.Any?) returnType:java.util.Date?
i: [kapt] method getCurrentDateTime()Ljava/util/Date; -> origin=OTHER element=KtNamedFunction descriptor=IrBasedSimpleFunctionDescriptor: FUN name:getCurrentDateTime visibility:public modality:FINAL <> ($this:com.leo.paleorecipes.utils.DateTimeUtils) returnType:java.util.Date
i: [kapt] method getCurrentDateTimeFormatted(Ljava/lang/String;)Ljava/lang/String; -> origin=OTHER element=KtNamedFunction descriptor=IrBasedSimpleFunctionDescriptor: FUN name:getCurrentDateTimeFormatted visibility:public modality:FINAL <> ($this:com.leo.paleorecipes.utils.DateTimeUtils, pattern:kotlin.String) returnType:kotlin.String
i: [kapt] method getCurrentDateTimeFormatted$default(Lcom/leo/paleorecipes/utils/DateTimeUtils;Ljava/lang/String;ILjava/lang/Object;)Ljava/lang/String; -> origin=OTHER element=KtNamedFunction descriptor=IrBasedSimpleFunctionDescriptor: FUN FUNCTION_FOR_DEFAULT_PARAMETER name:getCurrentDateTimeFormatted$default visibility:public modality:FINAL <> ($this:com.leo.paleorecipes.utils.DateTimeUtils, pattern:kotlin.String?, $mask0:kotlin.Int, $handler:kotlin.Any?) returnType:kotlin.String
i: [kapt] method addDays(Ljava/util/Date;I)Ljava/util/Date; -> origin=OTHER element=KtNamedFunction descriptor=IrBasedSimpleFunctionDescriptor: FUN name:addDays visibility:public modality:FINAL <> ($this:com.leo.paleorecipes.utils.DateTimeUtils, date:java.util.Date, days:kotlin.Int) returnType:java.util.Date
i: [kapt] method getDaysBetween(Ljava/util/Date;Ljava/util/Date;)J -> origin=OTHER element=KtNamedFunction descriptor=IrBasedSimpleFunctionDescriptor: FUN name:getDaysBetween visibility:public modality:FINAL <> ($this:com.leo.paleorecipes.utils.DateTimeUtils, startDate:java.util.Date, endDate:java.util.Date) returnType:kotlin.Long
i: [kapt] method timestampToDateString(JLjava/lang/String;)Ljava/lang/String; -> origin=OTHER element=KtNamedFunction descriptor=IrBasedSimpleFunctionDescriptor: FUN name:timestampToDateString visibility:public modality:FINAL <> ($this:com.leo.paleorecipes.utils.DateTimeUtils, timestamp:kotlin.Long, pattern:kotlin.String) returnType:kotlin.String
i: [kapt] method timestampToDateString$default(Lcom/leo/paleorecipes/utils/DateTimeUtils;JLjava/lang/String;ILjava/lang/Object;)Ljava/lang/String; -> origin=OTHER element=KtNamedFunction descriptor=IrBasedSimpleFunctionDescriptor: FUN FUNCTION_FOR_DEFAULT_PARAMETER name:timestampToDateString$default visibility:public modality:FINAL <> ($this:com.leo.paleorecipes.utils.DateTimeUtils, timestamp:kotlin.Long, pattern:kotlin.String?, $mask0:kotlin.Int, $handler:kotlin.Any?) returnType:kotlin.String
i: [kapt] method dateStringToTimestamp(Ljava/lang/String;Ljava/lang/String;)J -> origin=OTHER element=KtNamedFunction descriptor=IrBasedSimpleFunctionDescriptor: FUN name:dateStringToTimestamp visibility:public modality:FINAL <> ($this:com.leo.paleorecipes.utils.DateTimeUtils, dateString:kotlin.String, pattern:kotlin.String) returnType:kotlin.Long
i: [kapt] method dateStringToTimestamp$default(Lcom/leo/paleorecipes/utils/DateTimeUtils;Ljava/lang/String;Ljava/lang/String;ILjava/lang/Object;)J -> origin=OTHER element=KtNamedFunction descriptor=IrBasedSimpleFunctionDescriptor: FUN FUNCTION_FOR_DEFAULT_PARAMETER name:dateStringToTimestamp$default visibility:public modality:FINAL <> ($this:com.leo.paleorecipes.utils.DateTimeUtils, dateString:kotlin.String, pattern:kotlin.String?, $mask0:kotlin.Int, $handler:kotlin.Any?) returnType:kotlin.Long
i: [kapt] method isToday(Ljava/util/Date;)Z -> origin=OTHER element=KtNamedFunction descriptor=IrBasedSimpleFunctionDescriptor: FUN name:isToday visibility:public modality:FINAL <> ($this:com.leo.paleorecipes.utils.DateTimeUtils, date:java.util.Date) returnType:kotlin.Boolean
i: [kapt] method isPastDate(Ljava/util/Date;)Z -> origin=OTHER element=KtNamedFunction descriptor=IrBasedSimpleFunctionDescriptor: FUN name:isPastDate visibility:public modality:FINAL <> ($this:com.leo.paleorecipes.utils.DateTimeUtils, date:java.util.Date) returnType:kotlin.Boolean
i: [kapt] method getRelativeTimeSpanString(Ljava/util/Date;)Ljava/lang/String; -> origin=OTHER element=KtNamedFunction descriptor=IrBasedSimpleFunctionDescriptor: FUN name:getRelativeTimeSpanString visibility:public modality:FINAL <> ($this:com.leo.paleorecipes.utils.DateTimeUtils, date:java.util.Date) returnType:kotlin.String
i: [kapt] field Companion:Lcom/leo/paleorecipes/utils/DateTimeUtils$Companion; -> origin=OTHER element=null descriptor=IrBasedFieldDescriptor: FIELD FIELD_FOR_OBJECT_INSTANCE name:Companion type:com.leo.paleorecipes.utils.DateTimeUtils.Companion visibility:public [final,static]
i: [kapt] field defaultLocale:Ljava/util/Locale; -> origin=OTHER element=KtProperty descriptor=IrBasedFieldDescriptor: FIELD PROPERTY_BACKING_FIELD name:defaultLocale type:@[FlexibleNullability] java.util.Locale? visibility:private [final]
i: [kapt] field DATE_FORMAT:Ljava/lang/String; -> origin=OTHER element=KtProperty descriptor=IrBasedFieldDescriptor: FIELD COMPANION_PROPERTY_BACKING_FIELD name:DATE_FORMAT type:kotlin.String visibility:public [final,static]
i: [kapt] field TIME_FORMAT:Ljava/lang/String; -> origin=OTHER element=KtProperty descriptor=IrBasedFieldDescriptor: FIELD COMPANION_PROPERTY_BACKING_FIELD name:TIME_FORMAT type:kotlin.String visibility:public [final,static]
i: [kapt] field DATE_TIME_FORMAT:Ljava/lang/String; -> origin=OTHER element=KtProperty descriptor=IrBasedFieldDescriptor: FIELD COMPANION_PROPERTY_BACKING_FIELD name:DATE_TIME_FORMAT type:kotlin.String visibility:public [final,static]
i: [kapt] field DISPLAY_DATE_FORMAT:Ljava/lang/String; -> origin=OTHER element=KtProperty descriptor=IrBasedFieldDescriptor: FIELD COMPANION_PROPERTY_BACKING_FIELD name:DISPLAY_DATE_FORMAT type:kotlin.String visibility:public [final,static]
i: [kapt] field DISPLAY_TIME_FORMAT:Ljava/lang/String; -> origin=OTHER element=KtProperty descriptor=IrBasedFieldDescriptor: FIELD COMPANION_PROPERTY_BACKING_FIELD name:DISPLAY_TIME_FORMAT type:kotlin.String visibility:public [final,static]
i: [kapt] field DISPLAY_DATE_TIME_FORMAT:Ljava/lang/String; -> origin=OTHER element=KtProperty descriptor=IrBasedFieldDescriptor: FIELD COMPANION_PROPERTY_BACKING_FIELD name:DISPLAY_DATE_TIME_FORMAT type:kotlin.String visibility:public [final,static]
i: [kapt] field ISO_8601_FORMAT:Ljava/lang/String; -> origin=OTHER element=KtProperty descriptor=IrBasedFieldDescriptor: FIELD COMPANION_PROPERTY_BACKING_FIELD name:ISO_8601_FORMAT type:kotlin.String visibility:public [final,static]
i: [kapt] class com/leo/paleorecipes/utils/DateTimeUtils$Companion -> origin=OTHER element=KtObjectDeclaration descriptor=IrBasedClassDescriptor: CLASS OBJECT name:Companion modality:FINAL visibility:public [companion] superTypes:[kotlin.Any]
i: [kapt] method <init>()V -> origin=OTHER element=KtObjectDeclaration descriptor=IrBasedClassConstructorDescriptor: CONSTRUCTOR visibility:private <> () returnType:com.leo.paleorecipes.utils.DateTimeUtils.Companion [primary]
i: [kapt] method <init>(Lkotlin/jvm/internal/DefaultConstructorMarker;)V -> origin=OTHER element=null descriptor=IrBasedClassConstructorDescriptor: CONSTRUCTOR SYNTHETIC_ACCESSOR visibility:public <> ($constructor_marker:kotlin.jvm.internal.DefaultConstructorMarker?) returnType:com.leo.paleorecipes.utils.DateTimeUtils.Companion
i: [kapt] class com/leo/paleorecipes/utils/FileUtils -> origin=OTHER element=KtClass descriptor=IrBasedClassDescriptor: CLASS CLASS name:FileUtils modality:FINAL visibility:public superTypes:[kotlin.Any]
i: [kapt] method <init>(Landroid/content/Context;)V -> origin=OTHER element=KtClass descriptor=IrBasedClassConstructorDescriptor: CONSTRUCTOR visibility:public <> (context:android.content.Context) returnType:com.leo.paleorecipes.utils.FileUtils [primary]
i: [kapt] method getAuthority()Ljava/lang/String; -> origin=OTHER element=KtProperty descriptor=IrBasedPropertyGetterDescriptor: FUN DELEGATED_PROPERTY_ACCESSOR name:<get-authority> visibility:private modality:FINAL <> ($this:com.leo.paleorecipes.utils.FileUtils) returnType:kotlin.String
i: [kapt] method createTempFile(Ljava/lang/String;Ljava/lang/String;)Ljava/io/File; -> origin=OTHER element=KtNamedFunction descriptor=IrBasedSimpleFunctionDescriptor: FUN name:createTempFile visibility:public modality:FINAL <> ($this:com.leo.paleorecipes.utils.FileUtils, prefix:kotlin.String, suffix:kotlin.String) returnType:java.io.File
i: [kapt] method createTempFile$default(Lcom/leo/paleorecipes/utils/FileUtils;Ljava/lang/String;Ljava/lang/String;ILjava/lang/Object;)Ljava/io/File; -> origin=OTHER element=KtNamedFunction descriptor=IrBasedSimpleFunctionDescriptor: FUN FUNCTION_FOR_DEFAULT_PARAMETER name:createTempFile$default visibility:public modality:FINAL <> ($this:com.leo.paleorecipes.utils.FileUtils, prefix:kotlin.String?, suffix:kotlin.String?, $mask0:kotlin.Int, $handler:kotlin.Any?) returnType:java.io.File
i: [kapt] method createImageFile(Ljava/lang/String;)Ljava/io/File; -> origin=OTHER element=KtNamedFunction descriptor=IrBasedSimpleFunctionDescriptor: FUN name:createImageFile visibility:public modality:FINAL <> ($this:com.leo.paleorecipes.utils.FileUtils, prefix:kotlin.String) returnType:java.io.File
i: [kapt] method createImageFile$default(Lcom/leo/paleorecipes/utils/FileUtils;Ljava/lang/String;ILjava/lang/Object;)Ljava/io/File; -> origin=OTHER element=KtNamedFunction descriptor=IrBasedSimpleFunctionDescriptor: FUN FUNCTION_FOR_DEFAULT_PARAMETER name:createImageFile$default visibility:public modality:FINAL <> ($this:com.leo.paleorecipes.utils.FileUtils, prefix:kotlin.String?, $mask0:kotlin.Int, $handler:kotlin.Any?) returnType:java.io.File
i: [kapt] method getFileExtension(Ljava/lang/String;)Ljava/lang/String; -> origin=OTHER element=KtNamedFunction descriptor=IrBasedSimpleFunctionDescriptor: FUN name:getFileExtension visibility:public modality:FINAL <> ($this:com.leo.paleorecipes.utils.FileUtils, fileName:kotlin.String) returnType:kotlin.String
i: [kapt] method getUriForFile(Ljava/io/File;)Landroid/net/Uri; -> origin=OTHER element=KtNamedFunction descriptor=IrBasedSimpleFunctionDescriptor: FUN name:getUriForFile visibility:public modality:FINAL <> ($this:com.leo.paleorecipes.utils.FileUtils, file:java.io.File) returnType:android.net.Uri
i: [kapt] method getRealPathFromUri(Landroid/net/Uri;)Ljava/lang/String; -> origin=OTHER element=KtNamedFunction descriptor=IrBasedSimpleFunctionDescriptor: FUN name:getRealPathFromUri visibility:public modality:FINAL <> ($this:com.leo.paleorecipes.utils.FileUtils, uri:android.net.Uri) returnType:kotlin.String?
i: [kapt] method getFileName(Landroid/net/Uri;)Ljava/lang/String; -> origin=OTHER element=KtNamedFunction descriptor=IrBasedSimpleFunctionDescriptor: FUN name:getFileName visibility:public modality:FINAL <> ($this:com.leo.paleorecipes.utils.FileUtils, uri:android.net.Uri) returnType:kotlin.String?
i: [kapt] method copyFile(Landroid/net/Uri;Ljava/io/File;)Z -> origin=OTHER element=KtNamedFunction descriptor=IrBasedSimpleFunctionDescriptor: FUN name:copyFile visibility:public modality:FINAL <> ($this:com.leo.paleorecipes.utils.FileUtils, sourceUri:android.net.Uri, destFile:java.io.File) returnType:kotlin.Boolean
i: [kapt] method deleteRecursive(Ljava/io/File;)Z -> origin=OTHER element=KtNamedFunction descriptor=IrBasedSimpleFunctionDescriptor: FUN name:deleteRecursive visibility:public modality:FINAL <> ($this:com.leo.paleorecipes.utils.FileUtils, fileOrDirectory:java.io.File) returnType:kotlin.Boolean
i: [kapt] method getDirectorySize(Ljava/io/File;)J -> origin=OTHER element=KtNamedFunction descriptor=IrBasedSimpleFunctionDescriptor: FUN name:getDirectorySize visibility:public modality:FINAL <> ($this:com.leo.paleorecipes.utils.FileUtils, directory:java.io.File) returnType:kotlin.Long
i: [kapt] method formatFileSize(J)Ljava/lang/String; -> origin=OTHER element=KtNamedFunction descriptor=IrBasedSimpleFunctionDescriptor: FUN name:formatFileSize visibility:public modality:FINAL <> ($this:com.leo.paleorecipes.utils.FileUtils, size:kotlin.Long) returnType:kotlin.String
i: [kapt] method isExternalStorageDocument(Landroid/net/Uri;)Z -> origin=OTHER element=KtNamedFunction descriptor=IrBasedSimpleFunctionDescriptor: FUN name:isExternalStorageDocument visibility:private modality:FINAL <> ($this:com.leo.paleorecipes.utils.FileUtils, uri:android.net.Uri) returnType:kotlin.Boolean
i: [kapt] method isDownloadsDocument(Landroid/net/Uri;)Z -> origin=OTHER element=KtNamedFunction descriptor=IrBasedSimpleFunctionDescriptor: FUN name:isDownloadsDocument visibility:private modality:FINAL <> ($this:com.leo.paleorecipes.utils.FileUtils, uri:android.net.Uri) returnType:kotlin.Boolean
i: [kapt] method isMediaDocument(Landroid/net/Uri;)Z -> origin=OTHER element=KtNamedFunction descriptor=IrBasedSimpleFunctionDescriptor: FUN name:isMediaDocument visibility:private modality:FINAL <> ($this:com.leo.paleorecipes.utils.FileUtils, uri:android.net.Uri) returnType:kotlin.Boolean
i: [kapt] method getDataColumn(Landroid/content/Context;Landroid/net/Uri;Ljava/lang/String;[Ljava/lang/String;)Ljava/lang/String; -> origin=OTHER element=KtNamedFunction descriptor=IrBasedSimpleFunctionDescriptor: FUN name:getDataColumn visibility:private modality:FINAL <> ($this:com.leo.paleorecipes.utils.FileUtils, context:android.content.Context, uri:android.net.Uri, selection:kotlin.String?, selectionArgs:kotlin.Array<kotlin.String>?) returnType:kotlin.String?
i: [kapt] method getMimeType(Ljava/io/File;)Ljava/lang/String; -> origin=OTHER element=null descriptor=IrBasedSimpleFunctionDescriptor: FUN JVM_STATIC_WRAPPER name:getMimeType visibility:public modality:FINAL <> (file:java.io.File) returnType:kotlin.String
i: [kapt] field Companion:Lcom/leo/paleorecipes/utils/FileUtils$Companion; -> origin=OTHER element=null descriptor=IrBasedFieldDescriptor: FIELD FIELD_FOR_OBJECT_INSTANCE name:Companion type:com.leo.paleorecipes.utils.FileUtils.Companion visibility:public [final,static]
i: [kapt] field authority$delegate:Lkotlin/Lazy; -> origin=OTHER element=KtProperty descriptor=IrBasedFieldDescriptor: FIELD PROPERTY_DELEGATE name:authority$delegate type:kotlin.Lazy<*> visibility:private [final]
i: [kapt] field IMAGE_DIRECTORY:Ljava/lang/String; -> origin=OTHER element=KtProperty descriptor=IrBasedFieldDescriptor: FIELD COMPANION_PROPERTY_BACKING_FIELD name:IMAGE_DIRECTORY type:kotlin.String visibility:private [final,static]
i: [kapt] field TEMP_FILE_PREFIX:Ljava/lang/String; -> origin=OTHER element=KtProperty descriptor=IrBasedFieldDescriptor: FIELD COMPANION_PROPERTY_BACKING_FIELD name:TEMP_FILE_PREFIX type:kotlin.String visibility:private [final,static]
i: [kapt] field TEMP_FILE_SUFFIX:Ljava/lang/String; -> origin=OTHER element=KtProperty descriptor=IrBasedFieldDescriptor: FIELD COMPANION_PROPERTY_BACKING_FIELD name:TEMP_FILE_SUFFIX type:kotlin.String visibility:private [final,static]
i: [kapt] class com/leo/paleorecipes/utils/FileUtils$Companion -> origin=OTHER element=KtObjectDeclaration descriptor=IrBasedClassDescriptor: CLASS OBJECT name:Companion modality:FINAL visibility:public [companion] superTypes:[kotlin.Any]
i: [kapt] method <init>()V -> origin=OTHER element=KtObjectDeclaration descriptor=IrBasedClassConstructorDescriptor: CONSTRUCTOR visibility:private <> () returnType:com.leo.paleorecipes.utils.FileUtils.Companion [primary]
i: [kapt] method getMimeType(Ljava/io/File;)Ljava/lang/String; -> origin=OTHER element=KtNamedFunction descriptor=IrBasedSimpleFunctionDescriptor: FUN name:getMimeType visibility:public modality:FINAL <> ($this:com.leo.paleorecipes.utils.FileUtils.Companion, file:java.io.File) returnType:kotlin.String
i: [kapt] method <init>(Lkotlin/jvm/internal/DefaultConstructorMarker;)V -> origin=OTHER element=null descriptor=IrBasedClassConstructorDescriptor: CONSTRUCTOR SYNTHETIC_ACCESSOR visibility:public <> ($constructor_marker:kotlin.jvm.internal.DefaultConstructorMarker?) returnType:com.leo.paleorecipes.utils.FileUtils.Companion
i: [kapt] class com/leo/paleorecipes/utils/ImageLoader -> origin=OTHER element=KtClass descriptor=IrBasedClassDescriptor: CLASS CLASS name:ImageLoader modality:FINAL visibility:public superTypes:[kotlin.Any]
i: [kapt] method <init>(Landroid/content/Context;)V -> origin=OTHER element=KtClass descriptor=IrBasedClassConstructorDescriptor: CONSTRUCTOR visibility:public <> (context:android.content.Context) returnType:com.leo.paleorecipes.utils.ImageLoader [primary]
i: [kapt] method loadImage(Ljava/lang/String;Landroid/widget/ImageView;IIZZLkotlin/jvm/functions/Function0;Lkotlin/jvm/functions/Function1;)V -> origin=OTHER element=KtNamedFunction descriptor=IrBasedSimpleFunctionDescriptor: FUN name:loadImage visibility:public modality:FINAL <> ($this:com.leo.paleorecipes.utils.ImageLoader, url:kotlin.String?, imageView:android.widget.ImageView, placeholderResId:kotlin.Int, errorResId:kotlin.Int, centerCrop:kotlin.Boolean, circleCrop:kotlin.Boolean, onSuccess:kotlin.Function0<kotlin.Unit>?, onError:kotlin.Function1<@[ParameterName(name = 'e')] com.bumptech.glide.load.engine.GlideException?, kotlin.Unit>?) returnType:kotlin.Unit
i: [kapt] method loadImage$default(Lcom/leo/paleorecipes/utils/ImageLoader;Ljava/lang/String;Landroid/widget/ImageView;IIZZLkotlin/jvm/functions/Function0;Lkotlin/jvm/functions/Function1;ILjava/lang/Object;)V -> origin=OTHER element=KtNamedFunction descriptor=IrBasedSimpleFunctionDescriptor: FUN FUNCTION_FOR_DEFAULT_PARAMETER name:loadImage$default visibility:public modality:FINAL <> ($this:com.leo.paleorecipes.utils.ImageLoader, url:kotlin.String?, imageView:android.widget.ImageView, placeholderResId:kotlin.Int, errorResId:kotlin.Int, centerCrop:kotlin.Boolean, circleCrop:kotlin.Boolean, onSuccess:kotlin.Function0<kotlin.Unit>?, onError:kotlin.Function1<@[ParameterName(name = 'e')] com.bumptech.glide.load.engine.GlideException?, kotlin.Unit>?, $mask0:kotlin.Int, $handler:kotlin.Any?) returnType:kotlin.Unit
i: [kapt] method loadImage(ILandroid/widget/ImageView;ZZ)V -> origin=OTHER element=KtNamedFunction descriptor=IrBasedSimpleFunctionDescriptor: FUN name:loadImage visibility:public modality:FINAL <> ($this:com.leo.paleorecipes.utils.ImageLoader, resourceId:kotlin.Int, imageView:android.widget.ImageView, centerCrop:kotlin.Boolean, circleCrop:kotlin.Boolean) returnType:kotlin.Unit
i: [kapt] method loadImage$default(Lcom/leo/paleorecipes/utils/ImageLoader;ILandroid/widget/ImageView;ZZILjava/lang/Object;)V -> origin=OTHER element=KtNamedFunction descriptor=IrBasedSimpleFunctionDescriptor: FUN FUNCTION_FOR_DEFAULT_PARAMETER name:loadImage$default visibility:public modality:FINAL <> ($this:com.leo.paleorecipes.utils.ImageLoader, resourceId:kotlin.Int, imageView:android.widget.ImageView, centerCrop:kotlin.Boolean, circleCrop:kotlin.Boolean, $mask0:kotlin.Int, $handler:kotlin.Any?) returnType:kotlin.Unit
i: [kapt] method loadImage(Landroid/net/Uri;Landroid/widget/ImageView;IIZZ)V -> origin=OTHER element=KtNamedFunction descriptor=IrBasedSimpleFunctionDescriptor: FUN name:loadImage visibility:public modality:FINAL <> ($this:com.leo.paleorecipes.utils.ImageLoader, uri:android.net.Uri?, imageView:android.widget.ImageView, placeholderResId:kotlin.Int, errorResId:kotlin.Int, centerCrop:kotlin.Boolean, circleCrop:kotlin.Boolean) returnType:kotlin.Unit
i: [kapt] method loadImage$default(Lcom/leo/paleorecipes/utils/ImageLoader;Landroid/net/Uri;Landroid/widget/ImageView;IIZZILjava/lang/Object;)V -> origin=OTHER element=KtNamedFunction descriptor=IrBasedSimpleFunctionDescriptor: FUN FUNCTION_FOR_DEFAULT_PARAMETER name:loadImage$default visibility:public modality:FINAL <> ($this:com.leo.paleorecipes.utils.ImageLoader, uri:android.net.Uri?, imageView:android.widget.ImageView, placeholderResId:kotlin.Int, errorResId:kotlin.Int, centerCrop:kotlin.Boolean, circleCrop:kotlin.Boolean, $mask0:kotlin.Int, $handler:kotlin.Any?) returnType:kotlin.Unit
i: [kapt] method loadImageAsBitmap(Ljava/lang/String;Lkotlin/jvm/functions/Function1;Lkotlin/jvm/functions/Function1;)V -> origin=OTHER element=KtNamedFunction descriptor=IrBasedSimpleFunctionDescriptor: FUN name:loadImageAsBitmap visibility:public modality:FINAL <> ($this:com.leo.paleorecipes.utils.ImageLoader, url:kotlin.String?, onSuccess:kotlin.Function1<android.graphics.Bitmap, kotlin.Unit>, onError:kotlin.Function1<@[ParameterName(name = 'e')] java.lang.Exception{ kotlin.TypeAliasesKt.Exception }, kotlin.Unit>) returnType:kotlin.Unit
i: [kapt] method loadImageAsBitmap$default(Lcom/leo/paleorecipes/utils/ImageLoader;Ljava/lang/String;Lkotlin/jvm/functions/Function1;Lkotlin/jvm/functions/Function1;ILjava/lang/Object;)V -> origin=OTHER element=KtNamedFunction descriptor=IrBasedSimpleFunctionDescriptor: FUN FUNCTION_FOR_DEFAULT_PARAMETER name:loadImageAsBitmap$default visibility:public modality:FINAL <> ($this:com.leo.paleorecipes.utils.ImageLoader, url:kotlin.String?, onSuccess:kotlin.Function1<android.graphics.Bitmap, kotlin.Unit>, onError:kotlin.Function1<@[ParameterName(name = 'e')] java.lang.Exception, kotlin.Unit>?, $mask0:kotlin.Int, $handler:kotlin.Any?) returnType:kotlin.Unit
i: [kapt] method clearMemoryCache()V -> origin=OTHER element=KtNamedFunction descriptor=IrBasedSimpleFunctionDescriptor: FUN name:clearMemoryCache visibility:public modality:FINAL <> ($this:com.leo.paleorecipes.utils.ImageLoader) returnType:kotlin.Unit
i: [kapt] method clearDiskCache()V -> origin=OTHER element=KtNamedFunction descriptor=IrBasedSimpleFunctionDescriptor: FUN name:clearDiskCache visibility:public modality:FINAL <> ($this:com.leo.paleorecipes.utils.ImageLoader) returnType:kotlin.Unit
i: [kapt] method clearView(Landroid/widget/ImageView;)V -> origin=OTHER element=KtNamedFunction descriptor=IrBasedSimpleFunctionDescriptor: FUN name:clearView visibility:public modality:FINAL <> ($this:com.leo.paleorecipes.utils.ImageLoader, view:android.widget.ImageView) returnType:kotlin.Unit
i: [kapt] method createGlideListener(Lkotlin/jvm/functions/Function0;Lkotlin/jvm/functions/Function1;)Lcom/bumptech/glide/request/RequestListener; -> origin=OTHER element=KtNamedFunction descriptor=IrBasedSimpleFunctionDescriptor: FUN name:createGlideListener visibility:private modality:FINAL <T> ($this:com.leo.paleorecipes.utils.ImageLoader, onSuccess:kotlin.Function0<kotlin.Unit>?, onError:kotlin.Function1<@[ParameterName(name = 'e')] com.bumptech.glide.load.engine.GlideException?, kotlin.Unit>?) returnType:com.bumptech.glide.request.RequestListener<T of com.leo.paleorecipes.utils.ImageLoader.createGlideListener>?
i: [kapt] method applyTransformations(Lcom/bumptech/glide/RequestBuilder;ZZ)V -> origin=OTHER element=KtNamedFunction descriptor=IrBasedSimpleFunctionDescriptor: FUN name:applyTransformations visibility:private modality:FINAL <T> ($this:com.leo.paleorecipes.utils.ImageLoader, requestBuilder:com.bumptech.glide.RequestBuilder<T of com.leo.paleorecipes.utils.ImageLoader.applyTransformations>, centerCrop:kotlin.Boolean, circleCrop:kotlin.Boolean) returnType:kotlin.Unit
i: [kapt] field Companion:Lcom/leo/paleorecipes/utils/ImageLoader$Companion; -> origin=OTHER element=null descriptor=IrBasedFieldDescriptor: FIELD FIELD_FOR_OBJECT_INSTANCE name:Companion type:com.leo.paleorecipes.utils.ImageLoader.Companion visibility:public [final,static]
i: [kapt] class com/leo/paleorecipes/utils/ImageLoader$Companion -> origin=OTHER element=KtObjectDeclaration descriptor=IrBasedClassDescriptor: CLASS OBJECT name:Companion modality:FINAL visibility:public [companion] superTypes:[kotlin.Any]
i: [kapt] method <init>()V -> origin=OTHER element=KtObjectDeclaration descriptor=IrBasedClassConstructorDescriptor: CONSTRUCTOR visibility:private <> () returnType:com.leo.paleorecipes.utils.ImageLoader.Companion [primary]
i: [kapt] method preloadImage(Landroid/content/Context;Ljava/lang/String;)V -> origin=OTHER element=KtNamedFunction descriptor=IrBasedSimpleFunctionDescriptor: FUN name:preloadImage visibility:public modality:FINAL <> ($this:com.leo.paleorecipes.utils.ImageLoader.Companion, context:android.content.Context, url:kotlin.String) returnType:kotlin.Unit
i: [kapt] method clearAllCaches(Landroid/content/Context;)V -> origin=OTHER element=KtNamedFunction descriptor=IrBasedSimpleFunctionDescriptor: FUN name:clearAllCaches visibility:public modality:FINAL <> ($this:com.leo.paleorecipes.utils.ImageLoader.Companion, context:android.content.Context) returnType:kotlin.Unit
i: [kapt] method <init>(Lkotlin/jvm/internal/DefaultConstructorMarker;)V -> origin=OTHER element=null descriptor=IrBasedClassConstructorDescriptor: CONSTRUCTOR SYNTHETIC_ACCESSOR visibility:public <> ($constructor_marker:kotlin.jvm.internal.DefaultConstructorMarker?) returnType:com.leo.paleorecipes.utils.ImageLoader.Companion
i: [kapt] class com/leo/paleorecipes/utils/ImageUtils -> origin=OTHER element=KtObjectDeclaration descriptor=IrBasedClassDescriptor: CLASS OBJECT name:ImageUtils modality:FINAL visibility:public superTypes:[kotlin.Any]
i: [kapt] method <init>()V -> origin=OTHER element=KtObjectDeclaration descriptor=IrBasedClassConstructorDescriptor: CONSTRUCTOR visibility:private <> () returnType:com.leo.paleorecipes.utils.ImageUtils [primary]
i: [kapt] method initImageCache(Landroid/content/Context;)V -> origin=OTHER element=KtNamedFunction descriptor=IrBasedSimpleFunctionDescriptor: FUN name:initImageCache visibility:public modality:FINAL <> ($this:com.leo.paleorecipes.utils.ImageUtils, context:android.content.Context) returnType:kotlin.Unit
i: [kapt] method saveImageToInternalStorage(Landroid/content/Context;Landroid/net/Uri;)Ljava/lang/String; -> origin=OTHER element=KtNamedFunction descriptor=IrBasedSimpleFunctionDescriptor: FUN name:saveImageToInternalStorage visibility:public modality:FINAL <> ($this:com.leo.paleorecipes.utils.ImageUtils, context:android.content.Context, imageUri:android.net.Uri) returnType:kotlin.String?
i: [kapt] method getFilePathFromUri(Landroid/content/Context;Ljava/lang/String;)Ljava/lang/String; -> origin=OTHER element=KtNamedFunction descriptor=IrBasedSimpleFunctionDescriptor: FUN name:getFilePathFromUri visibility:public modality:FINAL <> ($this:com.leo.paleorecipes.utils.ImageUtils, context:android.content.Context, uri:kotlin.String) returnType:kotlin.String?
i: [kapt] method isImageFileExists(Ljava/lang/String;)Z -> origin=OTHER element=KtNamedFunction descriptor=IrBasedSimpleFunctionDescriptor: FUN name:isImageFileExists visibility:public modality:FINAL <> ($this:com.leo.paleorecipes.utils.ImageUtils, filePath:kotlin.String?) returnType:kotlin.Boolean
i: [kapt] method cleanupOrphanedImages(Landroid/content/Context;Ljava/util/List;)V -> origin=OTHER element=KtNamedFunction descriptor=IrBasedSimpleFunctionDescriptor: FUN name:cleanupOrphanedImages visibility:public modality:FINAL <> ($this:com.leo.paleorecipes.utils.ImageUtils, context:android.content.Context, imageUris:kotlin.collections.List<kotlin.String?>) returnType:kotlin.Unit
i: [kapt] field INSTANCE:Lcom/leo/paleorecipes/utils/ImageUtils; -> origin=OTHER element=null descriptor=IrBasedFieldDescriptor: FIELD FIELD_FOR_OBJECT_INSTANCE name:INSTANCE type:com.leo.paleorecipes.utils.ImageUtils visibility:public [final,static]
i: [kapt] field TAG:Ljava/lang/String; -> origin=OTHER element=KtProperty descriptor=IrBasedFieldDescriptor: FIELD PROPERTY_BACKING_FIELD name:TAG type:kotlin.String visibility:private [final,static]
i: [kapt] field IMAGE_DIR:Ljava/lang/String; -> origin=OTHER element=KtProperty descriptor=IrBasedFieldDescriptor: FIELD PROPERTY_BACKING_FIELD name:IMAGE_DIR type:kotlin.String visibility:private [final,static]
i: [kapt] field imageCacheDir:Ljava/io/File; -> origin=OTHER element=KtProperty descriptor=IrBasedFieldDescriptor: FIELD PROPERTY_BACKING_FIELD name:imageCacheDir type:java.io.File? visibility:private [static]
i: [kapt] class com/leo/paleorecipes/utils/NetworkConnectivityObserver -> origin=OTHER element=KtClass descriptor=IrBasedClassDescriptor: CLASS CLASS name:NetworkConnectivityObserver modality:FINAL visibility:public superTypes:[com.leo.paleorecipes.utils.NetworkMonitor]
i: [kapt] method <init>(Landroid/content/Context;)V -> origin=OTHER element=KtClass descriptor=IrBasedClassConstructorDescriptor: CONSTRUCTOR visibility:public <> (context:android.content.Context) returnType:com.leo.paleorecipes.utils.NetworkConnectivityObserver [primary]
i: [kapt] method isOnline()Lkotlinx/coroutines/flow/Flow; -> origin=OTHER element=KtProperty descriptor=IrBasedPropertyGetterDescriptor: FUN DEFAULT_PROPERTY_ACCESSOR name:<get-isOnline> visibility:public modality:OPEN <> ($this:com.leo.paleorecipes.utils.NetworkConnectivityObserver) returnType:kotlinx.coroutines.flow.Flow<kotlin.Boolean>
i: [kapt] method isCurrentlyConnected()Z -> origin=OTHER element=KtNamedFunction descriptor=IrBasedSimpleFunctionDescriptor: FUN name:isCurrentlyConnected visibility:public modality:FINAL <> ($this:com.leo.paleorecipes.utils.NetworkConnectivityObserver) returnType:kotlin.Boolean
i: [kapt] field connectivityManager:Landroid/net/ConnectivityManager; -> origin=OTHER element=KtProperty descriptor=IrBasedFieldDescriptor: FIELD PROPERTY_BACKING_FIELD name:connectivityManager type:android.net.ConnectivityManager visibility:private [final]
i: [kapt] class com/leo/paleorecipes/utils/NetworkMonitor -> origin=OTHER element=KtClass descriptor=IrBasedClassDescriptor: CLASS INTERFACE name:NetworkMonitor modality:ABSTRACT visibility:public superTypes:[kotlin.Any]
i: [kapt] method isOnline()Lkotlinx/coroutines/flow/Flow; -> origin=OTHER element=KtProperty descriptor=IrBasedPropertyGetterDescriptor: FUN DEFAULT_PROPERTY_ACCESSOR name:<get-isOnline> visibility:public modality:ABSTRACT <> ($this:com.leo.paleorecipes.utils.NetworkMonitor) returnType:kotlinx.coroutines.flow.Flow<kotlin.Boolean>
i: [kapt] class com/leo/paleorecipes/utils/NetworkUtils -> origin=OTHER element=KtObjectDeclaration descriptor=IrBasedClassDescriptor: CLASS OBJECT name:NetworkUtils modality:FINAL visibility:public superTypes:[kotlin.Any]
i: [kapt] method <init>()V -> origin=OTHER element=KtObjectDeclaration descriptor=IrBasedClassConstructorDescriptor: CONSTRUCTOR visibility:private <> () returnType:com.leo.paleorecipes.utils.NetworkUtils [primary]
i: [kapt] method isNetworkAvailable(Landroid/content/Context;)Z -> origin=OTHER element=KtNamedFunction descriptor=IrBasedSimpleFunctionDescriptor: FUN name:isNetworkAvailable visibility:public modality:FINAL <> ($this:com.leo.paleorecipes.utils.NetworkUtils, context:android.content.Context) returnType:kotlin.Boolean
i: [kapt] method isMeteredNetwork(Landroid/content/Context;)Z -> origin=OTHER element=KtNamedFunction descriptor=IrBasedSimpleFunctionDescriptor: FUN name:isMeteredNetwork visibility:public modality:FINAL <> ($this:com.leo.paleorecipes.utils.NetworkUtils, context:android.content.Context) returnType:kotlin.Boolean
i: [kapt] field INSTANCE:Lcom/leo/paleorecipes/utils/NetworkUtils; -> origin=OTHER element=null descriptor=IrBasedFieldDescriptor: FIELD FIELD_FOR_OBJECT_INSTANCE name:INSTANCE type:com.leo.paleorecipes.utils.NetworkUtils visibility:public [final,static]
i: [kapt] class com/leo/paleorecipes/utils/PreferenceHelper -> origin=OTHER element=KtClass descriptor=IrBasedClassDescriptor: CLASS CLASS name:PreferenceHelper modality:FINAL visibility:public superTypes:[kotlin.Any]
i: [kapt] method <init>(Landroid/content/Context;Ljava/lang/String;)V -> origin=OTHER element=KtClass descriptor=IrBasedClassConstructorDescriptor: CONSTRUCTOR visibility:public <> (context:android.content.Context, preferenceName:kotlin.String) returnType:com.leo.paleorecipes.utils.PreferenceHelper [primary]
i: [kapt] method <init>(Landroid/content/Context;Ljava/lang/String;ILkotlin/jvm/internal/DefaultConstructorMarker;)V -> origin=OTHER element=KtClass descriptor=IrBasedClassConstructorDescriptor: CONSTRUCTOR FUNCTION_FOR_DEFAULT_PARAMETER visibility:public <> (context:android.content.Context, preferenceName:kotlin.String?, $mask0:kotlin.Int, $marker:kotlin.jvm.internal.DefaultConstructorMarker?) returnType:com.leo.paleorecipes.utils.PreferenceHelper
i: [kapt] method save(Ljava/lang/String;Ljava/lang/Object;)V -> origin=OTHER element=KtNamedFunction descriptor=IrBasedSimpleFunctionDescriptor: FUN name:save visibility:public modality:FINAL <T> ($this:com.leo.paleorecipes.utils.PreferenceHelper, key:kotlin.String, value:T of com.leo.paleorecipes.utils.PreferenceHelper.save) returnType:kotlin.Unit
i: [kapt] method get(Ljava/lang/String;Ljava/lang/Object;)Ljava/lang/Object; -> origin=OTHER element=KtNamedFunction descriptor=IrBasedSimpleFunctionDescriptor: FUN name:get visibility:public modality:FINAL <T> ($this:com.leo.paleorecipes.utils.PreferenceHelper, key:kotlin.String, defaultValue:T of com.leo.paleorecipes.utils.PreferenceHelper.get) returnType:T of com.leo.paleorecipes.utils.PreferenceHelper.get
i: [kapt] method remove(Ljava/lang/String;)V -> origin=OTHER element=KtNamedFunction descriptor=IrBasedSimpleFunctionDescriptor: FUN name:remove visibility:public modality:FINAL <> ($this:com.leo.paleorecipes.utils.PreferenceHelper, key:kotlin.String) returnType:kotlin.Unit
i: [kapt] method contains(Ljava/lang/String;)Z -> origin=OTHER element=KtNamedFunction descriptor=IrBasedSimpleFunctionDescriptor: FUN name:contains visibility:public modality:FINAL <> ($this:com.leo.paleorecipes.utils.PreferenceHelper, key:kotlin.String) returnType:kotlin.Boolean
i: [kapt] method clear()V -> origin=OTHER element=KtNamedFunction descriptor=IrBasedSimpleFunctionDescriptor: FUN name:clear visibility:public modality:FINAL <> ($this:com.leo.paleorecipes.utils.PreferenceHelper) returnType:kotlin.Unit
i: [kapt] method registerOnSharedPreferenceChangeListener(Landroid/content/SharedPreferences$OnSharedPreferenceChangeListener;)V -> origin=OTHER element=KtNamedFunction descriptor=IrBasedSimpleFunctionDescriptor: FUN name:registerOnSharedPreferenceChangeListener visibility:public modality:FINAL <> ($this:com.leo.paleorecipes.utils.PreferenceHelper, listener:android.content.SharedPreferences.OnSharedPreferenceChangeListener) returnType:kotlin.Unit
i: [kapt] method unregisterOnSharedPreferenceChangeListener(Landroid/content/SharedPreferences$OnSharedPreferenceChangeListener;)V -> origin=OTHER element=KtNamedFunction descriptor=IrBasedSimpleFunctionDescriptor: FUN name:unregisterOnSharedPreferenceChangeListener visibility:public modality:FINAL <> ($this:com.leo.paleorecipes.utils.PreferenceHelper, listener:android.content.SharedPreferences.OnSharedPreferenceChangeListener) returnType:kotlin.Unit
i: [kapt] field preferenceName:Ljava/lang/String; -> origin=OTHER element=KtParameter descriptor=IrBasedFieldDescriptor: FIELD PROPERTY_BACKING_FIELD name:preferenceName type:kotlin.String visibility:private [final]
i: [kapt] field prefs:Lkotlin/Lazy; -> origin=OTHER element=KtProperty descriptor=IrBasedFieldDescriptor: FIELD PROPERTY_BACKING_FIELD name:prefs type:kotlin.Lazy<android.content.SharedPreferences> visibility:private [final]
i: [kapt] class com/leo/paleorecipes/utils/Resource -> origin=OTHER element=KtClass descriptor=IrBasedClassDescriptor: CLASS CLASS name:Resource modality:SEALED visibility:public superTypes:[kotlin.Any]
i: [kapt] method <init>(Ljava/lang/Object;Ljava/lang/String;Ljava/lang/Throwable;)V -> origin=OTHER element=KtClass descriptor=IrBasedClassConstructorDescriptor: CONSTRUCTOR visibility:private <> (data:T of com.leo.paleorecipes.utils.Resource?, message:kotlin.String?, throwable:kotlin.Throwable?) returnType:com.leo.paleorecipes.utils.Resource<T of com.leo.paleorecipes.utils.Resource> [primary]
i: [kapt] method <init>(Ljava/lang/Object;Ljava/lang/String;Ljava/lang/Throwable;ILkotlin/jvm/internal/DefaultConstructorMarker;)V -> origin=OTHER element=KtClass descriptor=IrBasedClassConstructorDescriptor: CONSTRUCTOR FUNCTION_FOR_DEFAULT_PARAMETER visibility:public <> (data:T of com.leo.paleorecipes.utils.Resource?, message:kotlin.String?, throwable:kotlin.Throwable?, $mask0:kotlin.Int, $marker:kotlin.jvm.internal.DefaultConstructorMarker?) returnType:com.leo.paleorecipes.utils.Resource<T of com.leo.paleorecipes.utils.Resource>
i: [kapt] method getData()Ljava/lang/Object; -> origin=OTHER element=KtParameter descriptor=IrBasedPropertyGetterDescriptor: FUN DEFAULT_PROPERTY_ACCESSOR name:<get-data> visibility:public modality:FINAL <> ($this:com.leo.paleorecipes.utils.Resource<T of com.leo.paleorecipes.utils.Resource>) returnType:T of com.leo.paleorecipes.utils.Resource?
i: [kapt] method getMessage()Ljava/lang/String; -> origin=OTHER element=KtParameter descriptor=IrBasedPropertyGetterDescriptor: FUN DEFAULT_PROPERTY_ACCESSOR name:<get-message> visibility:public modality:FINAL <> ($this:com.leo.paleorecipes.utils.Resource<T of com.leo.paleorecipes.utils.Resource>) returnType:kotlin.String?
i: [kapt] method getThrowable()Ljava/lang/Throwable; -> origin=OTHER element=KtParameter descriptor=IrBasedPropertyGetterDescriptor: FUN DEFAULT_PROPERTY_ACCESSOR name:<get-throwable> visibility:public modality:FINAL <> ($this:com.leo.paleorecipes.utils.Resource<T of com.leo.paleorecipes.utils.Resource>) returnType:kotlin.Throwable?
i: [kapt] method isSuccess()Z -> origin=OTHER element=KtPropertyAccessor descriptor=IrBasedPropertyGetterDescriptor: FUN name:<get-isSuccess> visibility:public modality:FINAL <> ($this:com.leo.paleorecipes.utils.Resource<T of com.leo.paleorecipes.utils.Resource>) returnType:kotlin.Boolean
i: [kapt] method isLoading()Z -> origin=OTHER element=KtPropertyAccessor descriptor=IrBasedPropertyGetterDescriptor: FUN name:<get-isLoading> visibility:public modality:FINAL <> ($this:com.leo.paleorecipes.utils.Resource<T of com.leo.paleorecipes.utils.Resource>) returnType:kotlin.Boolean
i: [kapt] method isError()Z -> origin=OTHER element=KtPropertyAccessor descriptor=IrBasedPropertyGetterDescriptor: FUN name:<get-isError> visibility:public modality:FINAL <> ($this:com.leo.paleorecipes.utils.Resource<T of com.leo.paleorecipes.utils.Resource>) returnType:kotlin.Boolean
i: [kapt] method getOrNull()Ljava/lang/Object; -> origin=OTHER element=KtNamedFunction descriptor=IrBasedSimpleFunctionDescriptor: FUN name:getOrNull visibility:public modality:FINAL <> ($this:com.leo.paleorecipes.utils.Resource<T of com.leo.paleorecipes.utils.Resource>) returnType:T of com.leo.paleorecipes.utils.Resource?
i: [kapt] method getOrDefault(Ljava/lang/Object;)Ljava/lang/Object; -> origin=OTHER element=KtNamedFunction descriptor=IrBasedSimpleFunctionDescriptor: FUN name:getOrDefault visibility:public modality:FINAL <> ($this:com.leo.paleorecipes.utils.Resource<T of com.leo.paleorecipes.utils.Resource>, default:T of com.leo.paleorecipes.utils.Resource) returnType:T of com.leo.paleorecipes.utils.Resource
i: [kapt] method getOrThrow()Ljava/lang/Object; -> origin=OTHER element=KtNamedFunction descriptor=IrBasedSimpleFunctionDescriptor: FUN name:getOrThrow visibility:public modality:FINAL <> ($this:com.leo.paleorecipes.utils.Resource<T of com.leo.paleorecipes.utils.Resource>) returnType:T of com.leo.paleorecipes.utils.Resource
i: [kapt] method map(Lkotlin/jvm/functions/Function1;)Lcom/leo/paleorecipes/utils/Resource; -> origin=OTHER element=KtNamedFunction descriptor=IrBasedSimpleFunctionDescriptor: FUN name:map visibility:public modality:FINAL <R> ($this:com.leo.paleorecipes.utils.Resource<T of com.leo.paleorecipes.utils.Resource>, transform:kotlin.Function1<T of com.leo.paleorecipes.utils.Resource, R of com.leo.paleorecipes.utils.Resource.map>) returnType:com.leo.paleorecipes.utils.Resource<R of com.leo.paleorecipes.utils.Resource.map>
i: [kapt] method flatMap(Lkotlin/jvm/functions/Function1;)Lcom/leo/paleorecipes/utils/Resource; -> origin=OTHER element=KtNamedFunction descriptor=IrBasedSimpleFunctionDescriptor: FUN name:flatMap visibility:public modality:FINAL <R> ($this:com.leo.paleorecipes.utils.Resource<T of com.leo.paleorecipes.utils.Resource>, transform:kotlin.Function1<T of com.leo.paleorecipes.utils.Resource, com.leo.paleorecipes.utils.Resource<R of com.leo.paleorecipes.utils.Resource.flatMap>>) returnType:com.leo.paleorecipes.utils.Resource<R of com.leo.paleorecipes.utils.Resource.flatMap>
i: [kapt] method onSuccess(Lkotlin/jvm/functions/Function1;)Lcom/leo/paleorecipes/utils/Resource; -> origin=OTHER element=KtNamedFunction descriptor=IrBasedSimpleFunctionDescriptor: FUN name:onSuccess visibility:public modality:FINAL <> ($this:com.leo.paleorecipes.utils.Resource<T of com.leo.paleorecipes.utils.Resource>, action:kotlin.Function1<T of com.leo.paleorecipes.utils.Resource, kotlin.Unit>) returnType:com.leo.paleorecipes.utils.Resource<T of com.leo.paleorecipes.utils.Resource>
i: [kapt] method onError(Lkotlin/jvm/functions/Function2;)Lcom/leo/paleorecipes/utils/Resource; -> origin=OTHER element=KtNamedFunction descriptor=IrBasedSimpleFunctionDescriptor: FUN name:onError visibility:public modality:FINAL <> ($this:com.leo.paleorecipes.utils.Resource<T of com.leo.paleorecipes.utils.Resource>, action:kotlin.Function2<@[ParameterName(name = 'message')] kotlin.String?, @[ParameterName(name = 'throwable')] kotlin.Throwable?, kotlin.Unit>) returnType:com.leo.paleorecipes.utils.Resource<T of com.leo.paleorecipes.utils.Resource>
i: [kapt] method onLoading(Lkotlin/jvm/functions/Function1;)Lcom/leo/paleorecipes/utils/Resource; -> origin=OTHER element=KtNamedFunction descriptor=IrBasedSimpleFunctionDescriptor: FUN name:onLoading visibility:public modality:FINAL <> ($this:com.leo.paleorecipes.utils.Resource<T of com.leo.paleorecipes.utils.Resource>, action:kotlin.Function1<T of com.leo.paleorecipes.utils.Resource?, kotlin.Unit>) returnType:com.leo.paleorecipes.utils.Resource<T of com.leo.paleorecipes.utils.Resource>
i: [kapt] method <init>(Ljava/lang/Object;Ljava/lang/String;)V -> origin=OTHER element=null descriptor=IrBasedClassConstructorDescriptor: CONSTRUCTOR JVM_OVERLOADS_WRAPPER visibility:private <> (data:T of com.leo.paleorecipes.utils.Resource?, message:kotlin.String?) returnType:com.leo.paleorecipes.utils.Resource<T of com.leo.paleorecipes.utils.Resource>
i: [kapt] method <init>(Ljava/lang/Object;)V -> origin=OTHER element=null descriptor=IrBasedClassConstructorDescriptor: CONSTRUCTOR JVM_OVERLOADS_WRAPPER visibility:private <> (data:T of com.leo.paleorecipes.utils.Resource?) returnType:com.leo.paleorecipes.utils.Resource<T of com.leo.paleorecipes.utils.Resource>
i: [kapt] method <init>()V -> origin=OTHER element=null descriptor=IrBasedClassConstructorDescriptor: CONSTRUCTOR JVM_OVERLOADS_WRAPPER visibility:private <> () returnType:com.leo.paleorecipes.utils.Resource<T of com.leo.paleorecipes.utils.Resource>
i: [kapt] method <init>(Ljava/lang/Object;Ljava/lang/String;Ljava/lang/Throwable;Lkotlin/jvm/internal/DefaultConstructorMarker;)V -> origin=OTHER element=null descriptor=IrBasedClassConstructorDescriptor: CONSTRUCTOR SYNTHETIC_ACCESSOR_FOR_HIDDEN_CONSTRUCTOR visibility:public <> (data:T of com.leo.paleorecipes.utils.Resource?, message:kotlin.String?, throwable:kotlin.Throwable?, $constructor_marker:kotlin.jvm.internal.DefaultConstructorMarker?) returnType:com.leo.paleorecipes.utils.Resource<T of com.leo.paleorecipes.utils.Resource>
i: [kapt] method <init>(Ljava/lang/Object;Ljava/lang/String;Lkotlin/jvm/internal/DefaultConstructorMarker;)V -> origin=OTHER element=null descriptor=IrBasedClassConstructorDescriptor: CONSTRUCTOR SYNTHETIC_ACCESSOR_FOR_HIDDEN_CONSTRUCTOR visibility:public <> (data:T of com.leo.paleorecipes.utils.Resource?, message:kotlin.String?, $constructor_marker:kotlin.jvm.internal.DefaultConstructorMarker?) returnType:com.leo.paleorecipes.utils.Resource<T of com.leo.paleorecipes.utils.Resource>
i: [kapt] method <init>(Ljava/lang/Object;Lkotlin/jvm/internal/DefaultConstructorMarker;)V -> origin=OTHER element=null descriptor=IrBasedClassConstructorDescriptor: CONSTRUCTOR SYNTHETIC_ACCESSOR_FOR_HIDDEN_CONSTRUCTOR visibility:public <> (data:T of com.leo.paleorecipes.utils.Resource?, $constructor_marker:kotlin.jvm.internal.DefaultConstructorMarker?) returnType:com.leo.paleorecipes.utils.Resource<T of com.leo.paleorecipes.utils.Resource>
i: [kapt] method <init>(Lkotlin/jvm/internal/DefaultConstructorMarker;)V -> origin=OTHER element=null descriptor=IrBasedClassConstructorDescriptor: CONSTRUCTOR SYNTHETIC_ACCESSOR_FOR_HIDDEN_CONSTRUCTOR visibility:public <> ($constructor_marker:kotlin.jvm.internal.DefaultConstructorMarker?) returnType:com.leo.paleorecipes.utils.Resource<T of com.leo.paleorecipes.utils.Resource>
i: [kapt] field Companion:Lcom/leo/paleorecipes/utils/Resource$Companion; -> origin=OTHER element=null descriptor=IrBasedFieldDescriptor: FIELD FIELD_FOR_OBJECT_INSTANCE name:Companion type:com.leo.paleorecipes.utils.Resource.Companion visibility:public [final,static]
i: [kapt] field data:Ljava/lang/Object; -> origin=OTHER element=KtParameter descriptor=IrBasedFieldDescriptor: FIELD PROPERTY_BACKING_FIELD name:data type:T of com.leo.paleorecipes.utils.Resource? visibility:private [final]
i: [kapt] field message:Ljava/lang/String; -> origin=OTHER element=KtParameter descriptor=IrBasedFieldDescriptor: FIELD PROPERTY_BACKING_FIELD name:message type:kotlin.String? visibility:private [final]
i: [kapt] field throwable:Ljava/lang/Throwable; -> origin=OTHER element=KtParameter descriptor=IrBasedFieldDescriptor: FIELD PROPERTY_BACKING_FIELD name:throwable type:kotlin.Throwable? visibility:private [final]
i: [kapt] class com/leo/paleorecipes/utils/Resource$Success -> origin=OTHER element=KtClass descriptor=IrBasedClassDescriptor: CLASS CLASS name:Success modality:FINAL visibility:public superTypes:[com.leo.paleorecipes.utils.Resource<T of com.leo.paleorecipes.utils.Resource.Success>]
i: [kapt] method <init>(Ljava/lang/Object;)V -> origin=OTHER element=KtClass descriptor=IrBasedClassConstructorDescriptor: CONSTRUCTOR visibility:public <> (data:T of com.leo.paleorecipes.utils.Resource.Success) returnType:com.leo.paleorecipes.utils.Resource.Success<T of com.leo.paleorecipes.utils.Resource.Success> [primary]
i: [kapt] class com/leo/paleorecipes/utils/Resource$Loading -> origin=OTHER element=KtClass descriptor=IrBasedClassDescriptor: CLASS CLASS name:Loading modality:FINAL visibility:public superTypes:[com.leo.paleorecipes.utils.Resource<T of com.leo.paleorecipes.utils.Resource.Loading>]
i: [kapt] method <init>(Ljava/lang/Object;)V -> origin=OTHER element=KtClass descriptor=IrBasedClassConstructorDescriptor: CONSTRUCTOR visibility:public <> (data:T of com.leo.paleorecipes.utils.Resource.Loading?) returnType:com.leo.paleorecipes.utils.Resource.Loading<T of com.leo.paleorecipes.utils.Resource.Loading> [primary]
i: [kapt] method <init>(Ljava/lang/Object;ILkotlin/jvm/internal/DefaultConstructorMarker;)V -> origin=OTHER element=KtClass descriptor=IrBasedClassConstructorDescriptor: CONSTRUCTOR FUNCTION_FOR_DEFAULT_PARAMETER visibility:public <> (data:T of com.leo.paleorecipes.utils.Resource.Loading?, $mask0:kotlin.Int, $marker:kotlin.jvm.internal.DefaultConstructorMarker?) returnType:com.leo.paleorecipes.utils.Resource.Loading<T of com.leo.paleorecipes.utils.Resource.Loading>
i: [kapt] method <init>()V -> origin=OTHER element=null descriptor=IrBasedClassConstructorDescriptor: CONSTRUCTOR visibility:public <> () returnType:com.leo.paleorecipes.utils.Resource.Loading<T of com.leo.paleorecipes.utils.Resource.Loading>
i: [kapt] class com/leo/paleorecipes/utils/Resource$Error -> origin=OTHER element=KtClass descriptor=IrBasedClassDescriptor: CLASS CLASS name:Error modality:FINAL visibility:public superTypes:[com.leo.paleorecipes.utils.Resource<T of com.leo.paleorecipes.utils.Resource.Error>]
i: [kapt] method <init>(Ljava/lang/String;Ljava/lang/Throwable;Ljava/lang/Object;)V -> origin=OTHER element=KtClass descriptor=IrBasedClassConstructorDescriptor: CONSTRUCTOR visibility:public <> (message:kotlin.String, throwable:kotlin.Throwable?, data:T of com.leo.paleorecipes.utils.Resource.Error?) returnType:com.leo.paleorecipes.utils.Resource.Error<T of com.leo.paleorecipes.utils.Resource.Error> [primary]
i: [kapt] method <init>(Ljava/lang/String;Ljava/lang/Throwable;Ljava/lang/Object;ILkotlin/jvm/internal/DefaultConstructorMarker;)V -> origin=OTHER element=KtClass descriptor=IrBasedClassConstructorDescriptor: CONSTRUCTOR FUNCTION_FOR_DEFAULT_PARAMETER visibility:public <> (message:kotlin.String, throwable:kotlin.Throwable?, data:T of com.leo.paleorecipes.utils.Resource.Error?, $mask0:kotlin.Int, $marker:kotlin.jvm.internal.DefaultConstructorMarker?) returnType:com.leo.paleorecipes.utils.Resource.Error<T of com.leo.paleorecipes.utils.Resource.Error>
i: [kapt] class com/leo/paleorecipes/utils/Resource$Companion -> origin=OTHER element=KtObjectDeclaration descriptor=IrBasedClassDescriptor: CLASS OBJECT name:Companion modality:FINAL visibility:public [companion] superTypes:[kotlin.Any]
i: [kapt] method <init>()V -> origin=OTHER element=KtObjectDeclaration descriptor=IrBasedClassConstructorDescriptor: CONSTRUCTOR visibility:private <> () returnType:com.leo.paleorecipes.utils.Resource.Companion [primary]
i: [kapt] method success(Ljava/lang/Object;)Lcom/leo/paleorecipes/utils/Resource; -> origin=OTHER element=KtNamedFunction descriptor=IrBasedSimpleFunctionDescriptor: FUN name:success visibility:public modality:FINAL <T> ($this:com.leo.paleorecipes.utils.Resource.Companion, data:T of com.leo.paleorecipes.utils.Resource.Companion.success) returnType:com.leo.paleorecipes.utils.Resource<T of com.leo.paleorecipes.utils.Resource.Companion.success>
i: [kapt] method loading(Ljava/lang/Object;)Lcom/leo/paleorecipes/utils/Resource; -> origin=OTHER element=KtNamedFunction descriptor=IrBasedSimpleFunctionDescriptor: FUN name:loading visibility:public modality:FINAL <T> ($this:com.leo.paleorecipes.utils.Resource.Companion, data:T of com.leo.paleorecipes.utils.Resource.Companion.loading?) returnType:com.leo.paleorecipes.utils.Resource<T of com.leo.paleorecipes.utils.Resource.Companion.loading>
i: [kapt] method loading$default(Lcom/leo/paleorecipes/utils/Resource$Companion;Ljava/lang/Object;ILjava/lang/Object;)Lcom/leo/paleorecipes/utils/Resource; -> origin=OTHER element=KtNamedFunction descriptor=IrBasedSimpleFunctionDescriptor: FUN FUNCTION_FOR_DEFAULT_PARAMETER name:loading$default visibility:public modality:FINAL <T> ($this:com.leo.paleorecipes.utils.Resource.Companion, data:T of com.leo.paleorecipes.utils.Resource.Companion.loading$default?, $mask0:kotlin.Int, $handler:kotlin.Any?) returnType:com.leo.paleorecipes.utils.Resource<T of com.leo.paleorecipes.utils.Resource.Companion.loading$default>
i: [kapt] method error(Ljava/lang/String;Ljava/lang/Throwable;Ljava/lang/Object;)Lcom/leo/paleorecipes/utils/Resource; -> origin=OTHER element=KtNamedFunction descriptor=IrBasedSimpleFunctionDescriptor: FUN name:error visibility:public modality:FINAL <T> ($this:com.leo.paleorecipes.utils.Resource.Companion, message:kotlin.String, throwable:kotlin.Throwable?, data:T of com.leo.paleorecipes.utils.Resource.Companion.error?) returnType:com.leo.paleorecipes.utils.Resource<T of com.leo.paleorecipes.utils.Resource.Companion.error>
i: [kapt] method error$default(Lcom/leo/paleorecipes/utils/Resource$Companion;Ljava/lang/String;Ljava/lang/Throwable;Ljava/lang/Object;ILjava/lang/Object;)Lcom/leo/paleorecipes/utils/Resource; -> origin=OTHER element=KtNamedFunction descriptor=IrBasedSimpleFunctionDescriptor: FUN FUNCTION_FOR_DEFAULT_PARAMETER name:error$default visibility:public modality:FINAL <T> ($this:com.leo.paleorecipes.utils.Resource.Companion, message:kotlin.String, throwable:kotlin.Throwable?, data:T of com.leo.paleorecipes.utils.Resource.Companion.error$default?, $mask0:kotlin.Int, $handler:kotlin.Any?) returnType:com.leo.paleorecipes.utils.Resource<T of com.leo.paleorecipes.utils.Resource.Companion.error$default>
i: [kapt] method <init>(Lkotlin/jvm/internal/DefaultConstructorMarker;)V -> origin=OTHER element=null descriptor=IrBasedClassConstructorDescriptor: CONSTRUCTOR SYNTHETIC_ACCESSOR visibility:public <> ($constructor_marker:kotlin.jvm.internal.DefaultConstructorMarker?) returnType:com.leo.paleorecipes.utils.Resource.Companion
i: [kapt] class com/leo/paleorecipes/viewmodel/RecipeViewModel -> origin=OTHER element=KtClass descriptor=IrBasedClassDescriptor: CLASS CLASS name:RecipeViewModel modality:FINAL visibility:public superTypes:[androidx.lifecycle.AndroidViewModel]
i: [kapt] method <init>(Landroid/app/Application;Lcom/leo/paleorecipes/data/repository/RecipeRepository;)V -> origin=OTHER element=KtClass descriptor=IrBasedClassConstructorDescriptor: CONSTRUCTOR visibility:public <> (application:android.app.Application, repository:com.leo.paleorecipes.data.repository.RecipeRepository) returnType:com.leo.paleorecipes.viewmodel.RecipeViewModel [primary]
i: [kapt] method getAllUserRecipes()Landroidx/lifecycle/LiveData; -> origin=OTHER element=KtProperty descriptor=IrBasedPropertyGetterDescriptor: FUN DEFAULT_PROPERTY_ACCESSOR name:<get-allUserRecipes> visibility:public modality:FINAL <> ($this:com.leo.paleorecipes.viewmodel.RecipeViewModel) returnType:androidx.lifecycle.LiveData<kotlin.collections.List<com.leo.paleorecipes.data.Recipe>>
i: [kapt] method getUiState()Lkotlinx/coroutines/flow/StateFlow; -> origin=OTHER element=KtProperty descriptor=IrBasedPropertyGetterDescriptor: FUN DEFAULT_PROPERTY_ACCESSOR name:<get-uiState> visibility:public modality:FINAL <> ($this:com.leo.paleorecipes.viewmodel.RecipeViewModel) returnType:kotlinx.coroutines.flow.StateFlow<com.leo.paleorecipes.viewmodel.RecipeViewModel.RecipeUiState>
i: [kapt] method getSelectedRecipe()Landroidx/lifecycle/LiveData; -> origin=OTHER element=KtProperty descriptor=IrBasedPropertyGetterDescriptor: FUN DEFAULT_PROPERTY_ACCESSOR name:<get-selectedRecipe> visibility:public modality:FINAL <> ($this:com.leo.paleorecipes.viewmodel.RecipeViewModel) returnType:androidx.lifecycle.LiveData<com.leo.paleorecipes.data.Recipe>
i: [kapt] method getSearchResults()Landroidx/lifecycle/LiveData; -> origin=OTHER element=KtProperty descriptor=IrBasedPropertyGetterDescriptor: FUN DEFAULT_PROPERTY_ACCESSOR name:<get-searchResults> visibility:public modality:FINAL <> ($this:com.leo.paleorecipes.viewmodel.RecipeViewModel) returnType:androidx.lifecycle.LiveData<kotlin.collections.List<com.leo.paleorecipes.data.Recipe>>
i: [kapt] method insertRecipe(Lcom/leo/paleorecipes/data/Recipe;)V -> origin=OTHER element=KtNamedFunction descriptor=IrBasedSimpleFunctionDescriptor: FUN name:insertRecipe visibility:public modality:FINAL <> ($this:com.leo.paleorecipes.viewmodel.RecipeViewModel, recipe:com.leo.paleorecipes.data.Recipe) returnType:kotlin.Unit
i: [kapt] method updateRecipe(Lcom/leo/paleorecipes/data/Recipe;)V -> origin=OTHER element=KtNamedFunction descriptor=IrBasedSimpleFunctionDescriptor: FUN name:updateRecipe visibility:public modality:FINAL <> ($this:com.leo.paleorecipes.viewmodel.RecipeViewModel, recipe:com.leo.paleorecipes.data.Recipe) returnType:kotlin.Unit
i: [kapt] method deleteRecipe(Lcom/leo/paleorecipes/data/Recipe;)V -> origin=OTHER element=KtNamedFunction descriptor=IrBasedSimpleFunctionDescriptor: FUN name:deleteRecipe visibility:public modality:FINAL <> ($this:com.leo.paleorecipes.viewmodel.RecipeViewModel, recipe:com.leo.paleorecipes.data.Recipe) returnType:kotlin.Unit
i: [kapt] method toggleFavorite(Lcom/leo/paleorecipes/data/Recipe;)V -> origin=OTHER element=KtNamedFunction descriptor=IrBasedSimpleFunctionDescriptor: FUN name:toggleFavorite visibility:public modality:FINAL <> ($this:com.leo.paleorecipes.viewmodel.RecipeViewModel, recipe:com.leo.paleorecipes.data.Recipe) returnType:kotlin.Unit
i: [kapt] method setSelectedRecipe(Lcom/leo/paleorecipes/data/Recipe;)V -> origin=OTHER element=KtNamedFunction descriptor=IrBasedSimpleFunctionDescriptor: FUN name:setSelectedRecipe visibility:public modality:FINAL <> ($this:com.leo.paleorecipes.viewmodel.RecipeViewModel, recipe:com.leo.paleorecipes.data.Recipe) returnType:kotlin.Unit
i: [kapt] method loadRecipeById(J)V -> origin=OTHER element=KtNamedFunction descriptor=IrBasedSimpleFunctionDescriptor: FUN name:loadRecipeById visibility:public modality:FINAL <> ($this:com.leo.paleorecipes.viewmodel.RecipeViewModel, id:kotlin.Long) returnType:kotlin.Unit
i: [kapt] method searchRecipesByIngredients(Ljava/util/List;)V -> origin=OTHER element=KtNamedFunction descriptor=IrBasedSimpleFunctionDescriptor: FUN name:searchRecipesByIngredients visibility:public modality:FINAL <> ($this:com.leo.paleorecipes.viewmodel.RecipeViewModel, ingredients:kotlin.collections.List<kotlin.String>) returnType:kotlin.Unit
i: [kapt] method searchUserRecipes(Ljava/lang/String;)V -> origin=OTHER element=KtNamedFunction descriptor=IrBasedSimpleFunctionDescriptor: FUN name:searchUserRecipes visibility:public modality:FINAL <> ($this:com.leo.paleorecipes.viewmodel.RecipeViewModel, query:kotlin.String) returnType:kotlin.Unit
i: [kapt] method loadFavoriteRecipes()V -> origin=OTHER element=KtNamedFunction descriptor=IrBasedSimpleFunctionDescriptor: FUN name:loadFavoriteRecipes visibility:public modality:FINAL <> ($this:com.leo.paleorecipes.viewmodel.RecipeViewModel) returnType:kotlin.Unit
i: [kapt] method getCurrentSearchQuery()Ljava/lang/String; -> origin=OTHER element=KtNamedFunction descriptor=IrBasedSimpleFunctionDescriptor: FUN name:getCurrentSearchQuery visibility:public modality:FINAL <> ($this:com.leo.paleorecipes.viewmodel.RecipeViewModel) returnType:kotlin.String
i: [kapt] method clearSearchResults()V -> origin=OTHER element=KtNamedFunction descriptor=IrBasedSimpleFunctionDescriptor: FUN name:clearSearchResults visibility:public modality:FINAL <> ($this:com.leo.paleorecipes.viewmodel.RecipeViewModel) returnType:kotlin.Unit
i: [kapt] method getRecipeById(J)Landroidx/lifecycle/LiveData; -> origin=OTHER element=KtNamedFunction descriptor=IrBasedSimpleFunctionDescriptor: FUN name:getRecipeById visibility:public modality:FINAL <> ($this:com.leo.paleorecipes.viewmodel.RecipeViewModel, id:kotlin.Long) returnType:androidx.lifecycle.LiveData<com.leo.paleorecipes.data.Recipe?>
i: [kapt] method onCleared()V -> origin=OTHER element=KtNamedFunction descriptor=IrBasedSimpleFunctionDescriptor: FUN name:onCleared visibility:protected modality:OPEN <> ($this:com.leo.paleorecipes.viewmodel.RecipeViewModel) returnType:kotlin.Unit
i: [kapt] field _allUserRecipes:Landroidx/lifecycle/MutableLiveData; -> origin=OTHER element=KtProperty descriptor=IrBasedFieldDescriptor: FIELD PROPERTY_BACKING_FIELD name:_allUserRecipes type:androidx.lifecycle.MutableLiveData<kotlin.collections.List<com.leo.paleorecipes.data.Recipe>> visibility:private [final]
i: [kapt] field allUserRecipes:Landroidx/lifecycle/LiveData; -> origin=OTHER element=KtProperty descriptor=IrBasedFieldDescriptor: FIELD PROPERTY_BACKING_FIELD name:allUserRecipes type:androidx.lifecycle.LiveData<kotlin.collections.List<com.leo.paleorecipes.data.Recipe>> visibility:private [final]
i: [kapt] field _uiState:Lkotlinx/coroutines/flow/MutableStateFlow; -> origin=OTHER element=KtProperty descriptor=IrBasedFieldDescriptor: FIELD PROPERTY_BACKING_FIELD name:_uiState type:kotlinx.coroutines.flow.MutableStateFlow<com.leo.paleorecipes.viewmodel.RecipeViewModel.RecipeUiState> visibility:private [final]
i: [kapt] field uiState:Lkotlinx/coroutines/flow/StateFlow; -> origin=OTHER element=KtProperty descriptor=IrBasedFieldDescriptor: FIELD PROPERTY_BACKING_FIELD name:uiState type:kotlinx.coroutines.flow.StateFlow<com.leo.paleorecipes.viewmodel.RecipeViewModel.RecipeUiState> visibility:private [final]
i: [kapt] field _selectedRecipe:Landroidx/lifecycle/MutableLiveData; -> origin=OTHER element=KtProperty descriptor=IrBasedFieldDescriptor: FIELD PROPERTY_BACKING_FIELD name:_selectedRecipe type:androidx.lifecycle.MutableLiveData<com.leo.paleorecipes.data.Recipe> visibility:private [final]
i: [kapt] field selectedRecipe:Landroidx/lifecycle/LiveData; -> origin=OTHER element=KtProperty descriptor=IrBasedFieldDescriptor: FIELD PROPERTY_BACKING_FIELD name:selectedRecipe type:androidx.lifecycle.LiveData<com.leo.paleorecipes.data.Recipe> visibility:private [final]
i: [kapt] field _searchResults:Landroidx/lifecycle/MutableLiveData; -> origin=OTHER element=KtProperty descriptor=IrBasedFieldDescriptor: FIELD PROPERTY_BACKING_FIELD name:_searchResults type:androidx.lifecycle.MutableLiveData<kotlin.collections.List<com.leo.paleorecipes.data.Recipe>> visibility:private [final]
i: [kapt] field searchResults:Landroidx/lifecycle/LiveData; -> origin=OTHER element=KtProperty descriptor=IrBasedFieldDescriptor: FIELD PROPERTY_BACKING_FIELD name:searchResults type:androidx.lifecycle.LiveData<kotlin.collections.List<com.leo.paleorecipes.data.Recipe>> visibility:private [final]
i: [kapt] field currentSearchQuery:Ljava/lang/String; -> origin=OTHER element=KtProperty descriptor=IrBasedFieldDescriptor: FIELD PROPERTY_BACKING_FIELD name:currentSearchQuery type:kotlin.String visibility:private
i: [kapt] class com/leo/paleorecipes/viewmodel/RecipeViewModel$RecipeUiState -> origin=OTHER element=KtClass descriptor=IrBasedClassDescriptor: CLASS CLASS name:RecipeUiState modality:SEALED visibility:public superTypes:[kotlin.Any]
i: [kapt] method <init>()V -> origin=OTHER element=KtClass descriptor=IrBasedClassConstructorDescriptor: CONSTRUCTOR visibility:private <> () returnType:com.leo.paleorecipes.viewmodel.RecipeViewModel.RecipeUiState [primary]
i: [kapt] method <init>(Lkotlin/jvm/internal/DefaultConstructorMarker;)V -> origin=OTHER element=null descriptor=IrBasedClassConstructorDescriptor: CONSTRUCTOR SYNTHETIC_ACCESSOR_FOR_HIDDEN_CONSTRUCTOR visibility:public <> ($constructor_marker:kotlin.jvm.internal.DefaultConstructorMarker?) returnType:com.leo.paleorecipes.viewmodel.RecipeViewModel.RecipeUiState
i: [kapt] class com/leo/paleorecipes/viewmodel/RecipeViewModel$RecipeUiState$Loading -> origin=OTHER element=KtObjectDeclaration descriptor=IrBasedClassDescriptor: CLASS OBJECT name:Loading modality:FINAL visibility:public superTypes:[com.leo.paleorecipes.viewmodel.RecipeViewModel.RecipeUiState]
i: [kapt] method <init>()V -> origin=OTHER element=KtObjectDeclaration descriptor=IrBasedClassConstructorDescriptor: CONSTRUCTOR visibility:private <> () returnType:com.leo.paleorecipes.viewmodel.RecipeViewModel.RecipeUiState.Loading [primary]
i: [kapt] field INSTANCE:Lcom/leo/paleorecipes/viewmodel/RecipeViewModel$RecipeUiState$Loading; -> origin=OTHER element=null descriptor=IrBasedFieldDescriptor: FIELD FIELD_FOR_OBJECT_INSTANCE name:INSTANCE type:com.leo.paleorecipes.viewmodel.RecipeViewModel.RecipeUiState.Loading visibility:public [final,static]
i: [kapt] class com/leo/paleorecipes/viewmodel/RecipeViewModel$RecipeUiState$Success -> origin=OTHER element=KtClass descriptor=IrBasedClassDescriptor: CLASS CLASS name:Success modality:FINAL visibility:public [data] superTypes:[com.leo.paleorecipes.viewmodel.RecipeViewModel.RecipeUiState]
i: [kapt] method <init>(Ljava/lang/String;)V -> origin=OTHER element=KtClass descriptor=IrBasedClassConstructorDescriptor: CONSTRUCTOR visibility:public <> (message:kotlin.String) returnType:com.leo.paleorecipes.viewmodel.RecipeViewModel.RecipeUiState.Success [primary]
i: [kapt] method getMessage()Ljava/lang/String; -> origin=OTHER element=KtParameter descriptor=IrBasedPropertyGetterDescriptor: FUN DEFAULT_PROPERTY_ACCESSOR name:<get-message> visibility:public modality:FINAL <> ($this:com.leo.paleorecipes.viewmodel.RecipeViewModel.RecipeUiState.Success) returnType:kotlin.String
i: [kapt] method component1()Ljava/lang/String; -> origin=OTHER element=null descriptor=IrBasedSimpleFunctionDescriptor: FUN GENERATED_DATA_CLASS_MEMBER name:component1 visibility:public modality:FINAL <> ($this:com.leo.paleorecipes.viewmodel.RecipeViewModel.RecipeUiState.Success) returnType:kotlin.String [operator]
i: [kapt] method copy(Ljava/lang/String;)Lcom/leo/paleorecipes/viewmodel/RecipeViewModel$RecipeUiState$Success; -> origin=OTHER element=null descriptor=IrBasedSimpleFunctionDescriptor: FUN GENERATED_DATA_CLASS_MEMBER name:copy visibility:public modality:FINAL <> ($this:com.leo.paleorecipes.viewmodel.RecipeViewModel.RecipeUiState.Success, message:kotlin.String) returnType:com.leo.paleorecipes.viewmodel.RecipeViewModel.RecipeUiState.Success
i: [kapt] method toString()Ljava/lang/String; -> origin=OTHER element=null descriptor=IrBasedSimpleFunctionDescriptor: FUN GENERATED_DATA_CLASS_MEMBER name:toString visibility:public modality:OPEN <> ($this:com.leo.paleorecipes.viewmodel.RecipeViewModel.RecipeUiState.Success) returnType:kotlin.String
i: [kapt] method hashCode()I -> origin=OTHER element=null descriptor=IrBasedSimpleFunctionDescriptor: FUN GENERATED_DATA_CLASS_MEMBER name:hashCode visibility:public modality:OPEN <> ($this:com.leo.paleorecipes.viewmodel.RecipeViewModel.RecipeUiState.Success) returnType:kotlin.Int
i: [kapt] method equals(Ljava/lang/Object;)Z -> origin=OTHER element=null descriptor=IrBasedSimpleFunctionDescriptor: FUN GENERATED_DATA_CLASS_MEMBER name:equals visibility:public modality:OPEN <> ($this:com.leo.paleorecipes.viewmodel.RecipeViewModel.RecipeUiState.Success, other:kotlin.Any?) returnType:kotlin.Boolean [operator]
i: [kapt] field message:Ljava/lang/String; -> origin=OTHER element=KtParameter descriptor=IrBasedFieldDescriptor: FIELD PROPERTY_BACKING_FIELD name:message type:kotlin.String visibility:private [final]
i: [kapt] class com/leo/paleorecipes/viewmodel/RecipeViewModel$RecipeUiState$Error -> origin=OTHER element=KtClass descriptor=IrBasedClassDescriptor: CLASS CLASS name:Error modality:FINAL visibility:public [data] superTypes:[com.leo.paleorecipes.viewmodel.RecipeViewModel.RecipeUiState]
i: [kapt] method <init>(Ljava/lang/String;)V -> origin=OTHER element=KtClass descriptor=IrBasedClassConstructorDescriptor: CONSTRUCTOR visibility:public <> (message:kotlin.String) returnType:com.leo.paleorecipes.viewmodel.RecipeViewModel.RecipeUiState.Error [primary]
i: [kapt] method getMessage()Ljava/lang/String; -> origin=OTHER element=KtParameter descriptor=IrBasedPropertyGetterDescriptor: FUN DEFAULT_PROPERTY_ACCESSOR name:<get-message> visibility:public modality:FINAL <> ($this:com.leo.paleorecipes.viewmodel.RecipeViewModel.RecipeUiState.Error) returnType:kotlin.String
i: [kapt] method component1()Ljava/lang/String; -> origin=OTHER element=null descriptor=IrBasedSimpleFunctionDescriptor: FUN GENERATED_DATA_CLASS_MEMBER name:component1 visibility:public modality:FINAL <> ($this:com.leo.paleorecipes.viewmodel.RecipeViewModel.RecipeUiState.Error) returnType:kotlin.String [operator]
i: [kapt] method copy(Ljava/lang/String;)Lcom/leo/paleorecipes/viewmodel/RecipeViewModel$RecipeUiState$Error; -> origin=OTHER element=null descriptor=IrBasedSimpleFunctionDescriptor: FUN GENERATED_DATA_CLASS_MEMBER name:copy visibility:public modality:FINAL <> ($this:com.leo.paleorecipes.viewmodel.RecipeViewModel.RecipeUiState.Error, message:kotlin.String) returnType:com.leo.paleorecipes.viewmodel.RecipeViewModel.RecipeUiState.Error
i: [kapt] method toString()Ljava/lang/String; -> origin=OTHER element=null descriptor=IrBasedSimpleFunctionDescriptor: FUN GENERATED_DATA_CLASS_MEMBER name:toString visibility:public modality:OPEN <> ($this:com.leo.paleorecipes.viewmodel.RecipeViewModel.RecipeUiState.Error) returnType:kotlin.String
i: [kapt] method hashCode()I -> origin=OTHER element=null descriptor=IrBasedSimpleFunctionDescriptor: FUN GENERATED_DATA_CLASS_MEMBER name:hashCode visibility:public modality:OPEN <> ($this:com.leo.paleorecipes.viewmodel.RecipeViewModel.RecipeUiState.Error) returnType:kotlin.Int
i: [kapt] method equals(Ljava/lang/Object;)Z -> origin=OTHER element=null descriptor=IrBasedSimpleFunctionDescriptor: FUN GENERATED_DATA_CLASS_MEMBER name:equals visibility:public modality:OPEN <> ($this:com.leo.paleorecipes.viewmodel.RecipeViewModel.RecipeUiState.Error, other:kotlin.Any?) returnType:kotlin.Boolean [operator]
i: [kapt] class com/leo/paleorecipes/viewmodel/RecipeViewModel$RecipeUiState$Empty -> origin=OTHER element=KtClass descriptor=IrBasedClassDescriptor: CLASS CLASS name:Empty modality:FINAL visibility:public [data] superTypes:[com.leo.paleorecipes.viewmodel.RecipeViewModel.RecipeUiState]
i: [kapt] method <init>(Ljava/lang/String;)V -> origin=OTHER element=KtClass descriptor=IrBasedClassConstructorDescriptor: CONSTRUCTOR visibility:public <> (message:kotlin.String) returnType:com.leo.paleorecipes.viewmodel.RecipeViewModel.RecipeUiState.Empty [primary]
i: [kapt] method getMessage()Ljava/lang/String; -> origin=OTHER element=KtParameter descriptor=IrBasedPropertyGetterDescriptor: FUN DEFAULT_PROPERTY_ACCESSOR name:<get-message> visibility:public modality:FINAL <> ($this:com.leo.paleorecipes.viewmodel.RecipeViewModel.RecipeUiState.Empty) returnType:kotlin.String
i: [kapt] method component1()Ljava/lang/String; -> origin=OTHER element=null descriptor=IrBasedSimpleFunctionDescriptor: FUN GENERATED_DATA_CLASS_MEMBER name:component1 visibility:public modality:FINAL <> ($this:com.leo.paleorecipes.viewmodel.RecipeViewModel.RecipeUiState.Empty) returnType:kotlin.String [operator]
i: [kapt] method copy(Ljava/lang/String;)Lcom/leo/paleorecipes/viewmodel/RecipeViewModel$RecipeUiState$Empty; -> origin=OTHER element=null descriptor=IrBasedSimpleFunctionDescriptor: FUN GENERATED_DATA_CLASS_MEMBER name:copy visibility:public modality:FINAL <> ($this:com.leo.paleorecipes.viewmodel.RecipeViewModel.RecipeUiState.Empty, message:kotlin.String) returnType:com.leo.paleorecipes.viewmodel.RecipeViewModel.RecipeUiState.Empty
i: [kapt] method toString()Ljava/lang/String; -> origin=OTHER element=null descriptor=IrBasedSimpleFunctionDescriptor: FUN GENERATED_DATA_CLASS_MEMBER name:toString visibility:public modality:OPEN <> ($this:com.leo.paleorecipes.viewmodel.RecipeViewModel.RecipeUiState.Empty) returnType:kotlin.String
i: [kapt] method hashCode()I -> origin=OTHER element=null descriptor=IrBasedSimpleFunctionDescriptor: FUN GENERATED_DATA_CLASS_MEMBER name:hashCode visibility:public modality:OPEN <> ($this:com.leo.paleorecipes.viewmodel.RecipeViewModel.RecipeUiState.Empty) returnType:kotlin.Int
i: [kapt] method equals(Ljava/lang/Object;)Z -> origin=OTHER element=null descriptor=IrBasedSimpleFunctionDescriptor: FUN GENERATED_DATA_CLASS_MEMBER name:equals visibility:public modality:OPEN <> ($this:com.leo.paleorecipes.viewmodel.RecipeViewModel.RecipeUiState.Empty, other:kotlin.Any?) returnType:kotlin.Boolean [operator]
i: [kapt] class com/leo/paleorecipes/viewmodel/RecipeViewModel$RecipeUiState$RecipeLoaded -> origin=OTHER element=KtClass descriptor=IrBasedClassDescriptor: CLASS CLASS name:RecipeLoaded modality:FINAL visibility:public [data] superTypes:[com.leo.paleorecipes.viewmodel.RecipeViewModel.RecipeUiState]
i: [kapt] method <init>(Lcom/leo/paleorecipes/data/Recipe;)V -> origin=OTHER element=KtClass descriptor=IrBasedClassConstructorDescriptor: CONSTRUCTOR visibility:public <> (recipe:com.leo.paleorecipes.data.Recipe) returnType:com.leo.paleorecipes.viewmodel.RecipeViewModel.RecipeUiState.RecipeLoaded [primary]
i: [kapt] method getRecipe()Lcom/leo/paleorecipes/data/Recipe; -> origin=OTHER element=KtParameter descriptor=IrBasedPropertyGetterDescriptor: FUN DEFAULT_PROPERTY_ACCESSOR name:<get-recipe> visibility:public modality:FINAL <> ($this:com.leo.paleorecipes.viewmodel.RecipeViewModel.RecipeUiState.RecipeLoaded) returnType:com.leo.paleorecipes.data.Recipe
i: [kapt] method component1()Lcom/leo/paleorecipes/data/Recipe; -> origin=OTHER element=null descriptor=IrBasedSimpleFunctionDescriptor: FUN GENERATED_DATA_CLASS_MEMBER name:component1 visibility:public modality:FINAL <> ($this:com.leo.paleorecipes.viewmodel.RecipeViewModel.RecipeUiState.RecipeLoaded) returnType:com.leo.paleorecipes.data.Recipe [operator]
i: [kapt] method copy(Lcom/leo/paleorecipes/data/Recipe;)Lcom/leo/paleorecipes/viewmodel/RecipeViewModel$RecipeUiState$RecipeLoaded; -> origin=OTHER element=null descriptor=IrBasedSimpleFunctionDescriptor: FUN GENERATED_DATA_CLASS_MEMBER name:copy visibility:public modality:FINAL <> ($this:com.leo.paleorecipes.viewmodel.RecipeViewModel.RecipeUiState.RecipeLoaded, recipe:com.leo.paleorecipes.data.Recipe) returnType:com.leo.paleorecipes.viewmodel.RecipeViewModel.RecipeUiState.RecipeLoaded
i: [kapt] method toString()Ljava/lang/String; -> origin=OTHER element=null descriptor=IrBasedSimpleFunctionDescriptor: FUN GENERATED_DATA_CLASS_MEMBER name:toString visibility:public modality:OPEN <> ($this:com.leo.paleorecipes.viewmodel.RecipeViewModel.RecipeUiState.RecipeLoaded) returnType:kotlin.String
i: [kapt] method hashCode()I -> origin=OTHER element=null descriptor=IrBasedSimpleFunctionDescriptor: FUN GENERATED_DATA_CLASS_MEMBER name:hashCode visibility:public modality:OPEN <> ($this:com.leo.paleorecipes.viewmodel.RecipeViewModel.RecipeUiState.RecipeLoaded) returnType:kotlin.Int
i: [kapt] method equals(Ljava/lang/Object;)Z -> origin=OTHER element=null descriptor=IrBasedSimpleFunctionDescriptor: FUN GENERATED_DATA_CLASS_MEMBER name:equals visibility:public modality:OPEN <> ($this:com.leo.paleorecipes.viewmodel.RecipeViewModel.RecipeUiState.RecipeLoaded, other:kotlin.Any?) returnType:kotlin.Boolean [operator]
i: [kapt] class com/leo/paleorecipes/workers/ChildWorkerFactory -> origin=OTHER element=KtClass descriptor=IrBasedClassDescriptor: CLASS INTERFACE name:ChildWorkerFactory modality:ABSTRACT visibility:public superTypes:[kotlin.Any]
i: [kapt] method create(Landroid/content/Context;Landroidx/work/WorkerParameters;)Landroidx/work/ListenableWorker; -> origin=OTHER element=KtNamedFunction descriptor=IrBasedSimpleFunctionDescriptor: FUN name:create visibility:public modality:ABSTRACT <> ($this:com.leo.paleorecipes.workers.ChildWorkerFactory, context:android.content.Context, workerParams:androidx.work.WorkerParameters) returnType:androidx.work.ListenableWorker
i: [kapt] class com/leo/paleorecipes/workers/SyncRecipesWorker -> origin=OTHER element=KtClass descriptor=IrBasedClassDescriptor: CLASS CLASS name:SyncRecipesWorker modality:FINAL visibility:public superTypes:[androidx.work.CoroutineWorker]
i: [kapt] method <init>(Landroid/content/Context;Landroidx/work/WorkerParameters;Lcom/leo/paleorecipes/data/repository/RecipeRepository;)V -> origin=OTHER element=KtClass descriptor=IrBasedClassConstructorDescriptor: CONSTRUCTOR visibility:public <> (appContext:android.content.Context, workerParams:androidx.work.WorkerParameters, repository:com.leo.paleorecipes.data.repository.RecipeRepository) returnType:com.leo.paleorecipes.workers.SyncRecipesWorker [primary]
i: [kapt] method doWork(Lkotlin/coroutines/Continuation;)Ljava/lang/Object; -> origin=OTHER element=KtNamedFunction descriptor=IrBasedSimpleFunctionDescriptor: FUN name:doWork visibility:public modality:OPEN <> ($this:com.leo.paleorecipes.workers.SyncRecipesWorker, $completion:kotlin.coroutines.Continuation<androidx.work.ListenableWorker.Result>) returnType:kotlin.Any? [suspend]
i: [kapt] field Companion:Lcom/leo/paleorecipes/workers/SyncRecipesWorker$Companion; -> origin=OTHER element=null descriptor=IrBasedFieldDescriptor: FIELD FIELD_FOR_OBJECT_INSTANCE name:Companion type:com.leo.paleorecipes.workers.SyncRecipesWorker.Companion visibility:public [final,static]
i: [kapt] field appContext:Landroid/content/Context; -> origin=OTHER element=KtParameter descriptor=IrBasedFieldDescriptor: FIELD PROPERTY_BACKING_FIELD name:appContext type:android.content.Context visibility:private [final]
i: [kapt] field workerParams:Landroidx/work/WorkerParameters; -> origin=OTHER element=KtParameter descriptor=IrBasedFieldDescriptor: FIELD PROPERTY_BACKING_FIELD name:workerParams type:androidx.work.WorkerParameters visibility:private [final]
i: [kapt] field TAG:Ljava/lang/String; -> origin=OTHER element=KtProperty descriptor=IrBasedFieldDescriptor: FIELD COMPANION_PROPERTY_BACKING_FIELD name:TAG type:kotlin.String visibility:public [final,static]
i: [kapt] field WORK_NAME:Ljava/lang/String; -> origin=OTHER element=KtProperty descriptor=IrBasedFieldDescriptor: FIELD COMPANION_PROPERTY_BACKING_FIELD name:WORK_NAME type:kotlin.String visibility:public [final,static]
i: [kapt] field KEY_FORCE_REFRESH:Ljava/lang/String; -> origin=OTHER element=KtProperty descriptor=IrBasedFieldDescriptor: FIELD COMPANION_PROPERTY_BACKING_FIELD name:KEY_FORCE_REFRESH type:kotlin.String visibility:public [final,static]
i: [kapt] field BACKOFF_DELAY_MINUTES:J -> origin=OTHER element=KtProperty descriptor=IrBasedFieldDescriptor: FIELD COMPANION_PROPERTY_BACKING_FIELD name:BACKOFF_DELAY_MINUTES type:kotlin.Long visibility:public [final,static]
i: [kapt] class com/leo/paleorecipes/workers/SyncRecipesWorker$Companion -> origin=OTHER element=KtObjectDeclaration descriptor=IrBasedClassDescriptor: CLASS OBJECT name:Companion modality:FINAL visibility:public [companion] superTypes:[kotlin.Any]
i: [kapt] method <init>()V -> origin=OTHER element=KtObjectDeclaration descriptor=IrBasedClassConstructorDescriptor: CONSTRUCTOR visibility:private <> () returnType:com.leo.paleorecipes.workers.SyncRecipesWorker.Companion [primary]
i: [kapt] method <init>(Lkotlin/jvm/internal/DefaultConstructorMarker;)V -> origin=OTHER element=null descriptor=IrBasedClassConstructorDescriptor: CONSTRUCTOR SYNTHETIC_ACCESSOR visibility:public <> ($constructor_marker:kotlin.jvm.internal.DefaultConstructorMarker?) returnType:com.leo.paleorecipes.workers.SyncRecipesWorker.Companion
i: [kapt] class com/leo/paleorecipes/workers/SyncRecipesWorker$Factory -> origin=OTHER element=KtClass descriptor=IrBasedClassDescriptor: CLASS INTERFACE name:Factory modality:ABSTRACT visibility:public superTypes:[com.leo.paleorecipes.workers.ChildWorkerFactory]
i: [kapt] method create(Landroid/content/Context;Landroidx/work/WorkerParameters;)Lcom/leo/paleorecipes/workers/SyncRecipesWorker; -> origin=OTHER element=KtNamedFunction descriptor=IrBasedSimpleFunctionDescriptor: FUN name:create visibility:public modality:ABSTRACT <> ($this:com.leo.paleorecipes.workers.SyncRecipesWorker.Factory, appContext:android.content.Context, params:androidx.work.WorkerParameters) returnType:com.leo.paleorecipes.workers.SyncRecipesWorker
i: [kapt] class com/leo/paleorecipes/workers/WorkManagerHelper -> origin=OTHER element=KtClass descriptor=IrBasedClassDescriptor: CLASS CLASS name:WorkManagerHelper modality:FINAL visibility:public superTypes:[kotlin.Any]
i: [kapt] method <init>(Landroidx/work/WorkManager;)V -> origin=OTHER element=KtClass descriptor=IrBasedClassConstructorDescriptor: CONSTRUCTOR visibility:public <> (workManager:androidx.work.WorkManager) returnType:com.leo.paleorecipes.workers.WorkManagerHelper [primary]
i: [kapt] method scheduleRecipeSync(Z)V -> origin=OTHER element=KtNamedFunction descriptor=IrBasedSimpleFunctionDescriptor: FUN name:scheduleRecipeSync visibility:public modality:FINAL <> ($this:com.leo.paleorecipes.workers.WorkManagerHelper, forceRefresh:kotlin.Boolean) returnType:kotlin.Unit
i: [kapt] method scheduleRecipeSync$default(Lcom/leo/paleorecipes/workers/WorkManagerHelper;ZILjava/lang/Object;)V -> origin=OTHER element=KtNamedFunction descriptor=IrBasedSimpleFunctionDescriptor: FUN FUNCTION_FOR_DEFAULT_PARAMETER name:scheduleRecipeSync$default visibility:public modality:FINAL <> ($this:com.leo.paleorecipes.workers.WorkManagerHelper, forceRefresh:kotlin.Boolean, $mask0:kotlin.Int, $handler:kotlin.Any?) returnType:kotlin.Unit
i: [kapt] method cancelRecipeSync()V -> origin=OTHER element=KtNamedFunction descriptor=IrBasedSimpleFunctionDescriptor: FUN name:cancelRecipeSync visibility:public modality:FINAL <> ($this:com.leo.paleorecipes.workers.WorkManagerHelper) returnType:kotlin.Unit
i: [kapt] field workManager:Landroidx/work/WorkManager; -> origin=OTHER element=KtParameter descriptor=IrBasedFieldDescriptor: FIELD PROPERTY_BACKING_FIELD name:workManager type:androidx.work.WorkManager visibility:private [final]
i: [kapt] Java stub generation took 163 ms
i: [kapt] Stubs for Kotlin classes: com/leo/paleorecipes/AboutActivity.java, com/leo/paleorecipes/AboutPaleoActivity.java, com/leo/paleorecipes/AddEditRecipeActivity.java, com/leo/paleorecipes/AddRecipeActivity.java, com/leo/paleorecipes/BaseActivity.java, com/leo/paleorecipes/FridgeActivity.java, com/leo/paleorecipes/MainActivity.java, com/leo/paleorecipes/MainActivityCompose.java, com/leo/paleorecipes/MainActivityComposeKt.java, com/leo/paleorecipes/PaleoRecipesApplication.java, com/leo/paleorecipes/RecipeAdapter.java, com/leo/paleorecipes/RecipeDiffCallback.java, com/leo/paleorecipes/RecipeDetailActivity.java, com/leo/paleorecipes/RecipeListActivity.java, com/leo/paleorecipes/RecipePrintAdapter.java, com/leo/paleorecipes/SettingsActivity.java, com/leo/paleorecipes/SplashActivity.java, com/leo/paleorecipes/adapter/IngredientsAdapter.java, com/leo/paleorecipes/adapter/IngredientDiffCallback.java, com/leo/paleorecipes/adapter/RecipesAdapter.java, com/leo/paleorecipes/adapter/RecipeDiffCallback.java, com/leo/paleorecipes/data/AppDatabase.java, com/leo/paleorecipes/data/Converters.java, com/leo/paleorecipes/data/Recipe.java, com/leo/paleorecipes/data/RecipeDao.java, com/leo/paleorecipes/data/RecipeMapper.java, com/leo/paleorecipes/data/api/ApiClient.java, com/leo/paleorecipes/data/api/SpoonacularApiService.java, com/leo/paleorecipes/data/api/model/ApiRecipe.java, com/leo/paleorecipes/data/api/model/ApiRecipeDetail.java, com/leo/paleorecipes/data/api/model/ApiIngredient.java, com/leo/paleorecipes/data/api/model/ApiAnalyzedInstruction.java, com/leo/paleorecipes/data/api/model/ApiInstructionStep.java, com/leo/paleorecipes/data/api/model/ApiEquipment.java, com/leo/paleorecipes/data/local/dao/IngredientDao.java, com/leo/paleorecipes/data/local/entity/IngredientEntity.java, com/leo/paleorecipes/data/model/RecipeResponse.java, com/leo/paleorecipes/data/model/Ingredient.java, com/leo/paleorecipes/data/model/RecipeDetailResponse.java, com/leo/paleorecipes/data/model/ExtendedIngredient.java, com/leo/paleorecipes/data/model/DomainRecipe.java, com/leo/paleorecipes/data/model/Recipe.java, com/leo/paleorecipes/data/model/RecipeDetail.java, com/leo/paleorecipes/data/model/AnalyzedInstruction.java, com/leo/paleorecipes/data/model/Step.java, com/leo/paleorecipes/data/model/Length.java, com/leo/paleorecipes/data/model/Equipment.java, com/leo/paleorecipes/data/model/Temperature.java, com/leo/paleorecipes/data/repository/IngredientRepository.java, com/leo/paleorecipes/data/repository/IngredientRepositoryImpl.java, com/leo/paleorecipes/data/repository/RecipeRepository.java, com/leo/paleorecipes/data/repository/RecipeRepositoryImpl.java, com/leo/paleorecipes/di/AppModule.java, com/leo/paleorecipes/di/DatabaseModule.java, com/leo/paleorecipes/di/HiltWorkerFactory.java, com/leo/paleorecipes/di/WorkerFactoryModule.java, com/leo/paleorecipes/di/RepositoryModule.java, com/leo/paleorecipes/di/TestModule.java, com/leo/paleorecipes/di/WorkerHelperModule.java, com/leo/paleorecipes/di/WorkerModule.java, com/leo/paleorecipes/network/SpoonacularApi.java, com/leo/paleorecipes/network/SpoonacularService.java, com/leo/paleorecipes/network/RecipeDetailResponse.java, com/leo/paleorecipes/network/ExtendedIngredient.java, com/leo/paleorecipes/ui/components/BlackTextInputEditText.java, com/leo/paleorecipes/ui/fridge/FridgeFragment.java, com/leo/paleorecipes/ui/fridge/FridgeViewModel.java, com/leo/paleorecipes/ui/search/RecipeSearchActivity.java, com/leo/paleorecipes/ui/search/RecipeSearchFragment.java, com/leo/paleorecipes/ui/search/RecipeSearchViewModel.java, com/leo/paleorecipes/ui/theme/ColorsKt.java, com/leo/paleorecipes/ui/theme/ThemeKt.java, com/leo/paleorecipes/ui/theme/TypeKt.java, com/leo/paleorecipes/util/SingleLiveEvent.java, com/leo/paleorecipes/utils/ApiErrorHandler.java, com/leo/paleorecipes/utils/ApiResponse.java, com/leo/paleorecipes/utils/ApiResponseKt.java, com/leo/paleorecipes/utils/ConnectivityManagerNetworkMonitor.java, com/leo/paleorecipes/utils/DispatcherProvider.java, com/leo/paleorecipes/utils/DefaultDispatcherProvider.java, com/leo/paleorecipes/utils/TestDispatcherProvider.java, com/leo/paleorecipes/utils/DateTimeUtils.java, com/leo/paleorecipes/utils/FileUtils.java, com/leo/paleorecipes/utils/ImageLoader.java, com/leo/paleorecipes/utils/ImageUtils.java, com/leo/paleorecipes/utils/NetworkConnectivityObserver.java, com/leo/paleorecipes/utils/NetworkMonitor.java, com/leo/paleorecipes/utils/NetworkUtils.java, com/leo/paleorecipes/utils/PreferenceHelper.java, com/leo/paleorecipes/utils/Resource.java, com/leo/paleorecipes/viewmodel/RecipeViewModel.java, com/leo/paleorecipes/workers/ChildWorkerFactory.java, com/leo/paleorecipes/workers/SyncRecipesWorker.java, com/leo/paleorecipes/workers/WorkManagerHelper.java, error/NonExistentClass.java
Resolve mutations for :app:kaptDebugKotlin (Thread[#887,Execution worker,5,main]) started.
:app:kaptDebugKotlin (Thread[#887,Execution worker,5,main]) started.
Resolve mutations for :app:kaptReleaseKotlin (Thread[#889,Execution worker Thread 3,5,main]) started.
:app:kaptReleaseKotlin (Thread[#889,Execution worker Thread 3,5,main]) started.

> Task :app:kaptDebugKotlin
Transforming R.jar with StructureTransformAction
Transforming databinding-runtime-8.1.0-api.jar with StructureTransformAction
Transforming viewbinding-8.1.0-api.jar with StructureTransformAction
Transforming databinding-adapters-8.1.0-api.jar with StructureTransformAction
Transforming databinding-common-8.1.0.jar with StructureTransformAction
Transforming databinding-ktx-8.1.0-api.jar with StructureTransformAction
Transforming navigation-common-2.7.6-api.jar with StructureTransformAction
Transforming navigation-common-ktx-2.7.6-api.jar with StructureTransformAction
Transforming navigation-runtime-2.7.6-api.jar with StructureTransformAction
Transforming navigation-runtime-ktx-2.7.6-api.jar with StructureTransformAction
Transforming navigation-fragment-2.7.6-api.jar with StructureTransformAction
Transforming navigation-fragment-ktx-2.7.6-api.jar with StructureTransformAction
Transforming navigation-ui-ktx-2.7.6-api.jar with StructureTransformAction
Transforming navigation-ui-2.7.6-api.jar with StructureTransformAction
Transforming material-1.11.0-api.jar with StructureTransformAction
Transforming appcompat-1.6.1-api.jar with StructureTransformAction
Transforming hilt-work-1.0.0-api.jar with StructureTransformAction
Transforming hilt-android-2.46.1-api.jar with StructureTransformAction
Transforming okhttp3-integration-4.16.0-api.jar with StructureTransformAction
Transforming glide-4.16.0-api.jar with StructureTransformAction
Transforming viewpager2-1.0.0-api.jar with StructureTransformAction
Transforming fragment-1.6.2-api.jar with StructureTransformAction
Transforming fragment-ktx-1.6.2-api.jar with StructureTransformAction
Transforming material3-1.1.2-api.jar with StructureTransformAction
Transforming material-icons-core-release-api.jar with StructureTransformAction
Transforming material-ripple-release-api.jar with StructureTransformAction
Transforming animation-core-release-api.jar with StructureTransformAction
Transforming animation-release-api.jar with StructureTransformAction
Transforming foundation-layout-release-api.jar with StructureTransformAction
Transforming foundation-release-api.jar with StructureTransformAction
Transforming runtime-saveable-release-api.jar with StructureTransformAction
Transforming ui-unit-release-api.jar with StructureTransformAction
Transforming ui-geometry-release-api.jar with StructureTransformAction
Transforming ui-text-release-api.jar with StructureTransformAction
Transforming ui-graphics-release-api.jar with StructureTransformAction
Transforming ui-tooling-data-release-api.jar with StructureTransformAction
Transforming runtime-release-api.jar with StructureTransformAction
Transforming runtime-livedata-1.5.4-api.jar with StructureTransformAction
Transforming lifecycle-livedata-core-2.7.0-api.jar with StructureTransformAction
Transforming lifecycle-common-2.7.0.jar with StructureTransformAction
Transforming lifecycle-viewmodel-savedstate-2.7.0-api.jar with StructureTransformAction
Transforming lifecycle-common-java8-2.7.0.jar with StructureTransformAction
Transforming lifecycle-livedata-core-ktx-2.7.0-api.jar with StructureTransformAction
Transforming dynamicanimation-1.0.0-api.jar with StructureTransformAction
Transforming legacy-support-core-utils-1.0.0-api.jar with StructureTransformAction
Transforming loader-1.0.0-api.jar with StructureTransformAction
Transforming lifecycle-viewmodel-2.7.0-api.jar with StructureTransformAction
Transforming lifecycle-service-2.7.0-api.jar with StructureTransformAction
Transforming lifecycle-process-2.7.0-api.jar with StructureTransformAction
Transforming work-runtime-ktx-2.9.0-api.jar with StructureTransformAction
Transforming work-runtime-2.9.0-api.jar with StructureTransformAction
Transforming lifecycle-livedata-2.7.0-api.jar with StructureTransformAction
Transforming lifecycle-runtime-ktx-2.7.0-api.jar with StructureTransformAction
Transforming appcompat-resources-1.6.1-api.jar with StructureTransformAction
Transforming drawerlayout-1.1.1-api.jar with StructureTransformAction
Transforming coordinatorlayout-1.1.0-api.jar with StructureTransformAction
Transforming recyclerview-1.1.0-api.jar with StructureTransformAction
Transforming transition-1.4.1-api.jar with StructureTransformAction
Transforming vectordrawable-animated-1.1.0-api.jar with StructureTransformAction
Transforming vectordrawable-1.1.0-api.jar with StructureTransformAction
Transforming viewpager-1.0.0-api.jar with StructureTransformAction
Transforming slidingpanelayout-1.2.0-api.jar with StructureTransformAction
Transforming customview-1.1.0-api.jar with StructureTransformAction
Transforming core-1.12.0-api.jar with StructureTransformAction
Transforming lifecycle-runtime-2.7.0-api.jar with StructureTransformAction
Transforming lifecycle-viewmodel-ktx-2.7.0-api.jar with StructureTransformAction
Transforming lifecycle-livedata-ktx-2.7.0-api.jar with StructureTransformAction
Transforming lifecycle-viewmodel-compose-2.7.0-api.jar with StructureTransformAction
Transforming ui-release-api.jar with StructureTransformAction
Transforming ui-tooling-preview-release-api.jar with StructureTransformAction
Transforming ui-tooling-release-api.jar with StructureTransformAction
Transforming ui-test-manifest-1.5.4-api.jar with StructureTransformAction
Transforming activity-1.8.2-api.jar with StructureTransformAction
Transforming activity-compose-1.8.2-api.jar with StructureTransformAction
Transforming activity-ktx-1.8.2-api.jar with StructureTransformAction
Transforming core-ktx-1.12.0-api.jar with StructureTransformAction
Transforming room-common-2.6.1.jar with StructureTransformAction
Transforming room-runtime-2.6.1-api.jar with StructureTransformAction
Transforming room-ktx-2.6.1-api.jar with StructureTransformAction
Transforming timber-5.0.1-api.jar with StructureTransformAction
Transforming savedstate-ktx-1.2.1-api.jar with StructureTransformAction
Transforming savedstate-1.2.1-api.jar with StructureTransformAction
Transforming annotation-experimental-1.3.0-api.jar with StructureTransformAction
Transforming collection-ktx-1.1.0.jar with StructureTransformAction
Transforming logging-interceptor-4.12.0.jar with StructureTransformAction
Transforming kotlinx-coroutines-core-jvm-1.7.1.jar with StructureTransformAction
Transforming kotlinx-coroutines-android-1.7.1.jar with StructureTransformAction
Transforming converter-gson-2.9.0.jar with StructureTransformAction
Transforming retrofit-2.9.0.jar with StructureTransformAction
Transforming okhttp-4.12.0.jar with StructureTransformAction
Transforming okio-jvm-3.6.0.jar with StructureTransformAction
Transforming kotlin-stdlib-jdk8-1.9.10.jar with StructureTransformAction
Transforming cursoradapter-1.0.0-api.jar with StructureTransformAction
Transforming cardview-1.0.0-api.jar with StructureTransformAction
Transforming sqlite-framework-2.4.0-api.jar with StructureTransformAction
Transforming sqlite-2.4.0-api.jar with StructureTransformAction
Transforming gifdecoder-4.16.0-api.jar with StructureTransformAction
Transforming core-runtime-2.2.0-api.jar with StructureTransformAction
Transforming core-common-2.2.0.jar with StructureTransformAction
Transforming versionedparcelable-1.1.1-api.jar with StructureTransformAction
Transforming collection-1.1.0.jar with StructureTransformAction
Transforming interpolator-1.0.0-api.jar with StructureTransformAction
Transforming documentfile-1.0.0-api.jar with StructureTransformAction
Transforming localbroadcastmanager-1.0.0-api.jar with StructureTransformAction
Transforming print-1.0.0-api.jar with StructureTransformAction
Transforming annotation-jvm-1.6.0.jar with StructureTransformAction
Transforming kotlin-stdlib-jdk7-1.9.10.jar with StructureTransformAction
Transforming kotlin-stdlib-1.9.21.jar with StructureTransformAction
Transforming annotations-23.0.0.jar with StructureTransformAction
Transforming startup-runtime-1.1.1-api.jar with StructureTransformAction
Transforming tracing-1.0.0-api.jar with StructureTransformAction
Transforming listenablefuture-1.0.jar with StructureTransformAction
Transforming resourceinspection-annotation-1.0.1.jar with StructureTransformAction
Transforming constraintlayout-2.1.4-api.jar with StructureTransformAction
Transforming hilt-core-2.46.1.jar with StructureTransformAction
Transforming dagger-2.46.1.jar with StructureTransformAction
Transforming javax.inject-1.jar with StructureTransformAction
Transforming dagger-lint-aar-2.46.1-api.jar with StructureTransformAction
Transforming jsr305-3.0.2.jar with StructureTransformAction
Transforming disklrucache-4.16.0.jar with StructureTransformAction
Transforming annotations-4.16.0.jar with StructureTransformAction
Transforming exifinterface-1.3.6-api.jar with StructureTransformAction
Transforming gson-2.8.5.jar with StructureTransformAction
Transforming hilt-common-1.0.0.jar with StructureTransformAction
Transforming android.jar with StructureTransformAction
Transforming core-lambda-stubs.jar with StructureTransformAction
file or directory 'C:\Users\leoja\AndroidStudioProjects\PaleobyLeoRecipes\app\src\debug\kotlin', not found
file or directory 'C:\Users\leoja\AndroidStudioProjects\PaleobyLeoRecipes\app\src\debug\kotlin', not found
file or directory 'C:\Users\leoja\AndroidStudioProjects\PaleobyLeoRecipes\app\src\debug\java', not found
file or directory 'C:\Users\leoja\AndroidStudioProjects\PaleobyLeoRecipes\app\src\debug\kotlin', not found
file or directory 'C:\Users\leoja\AndroidStudioProjects\PaleobyLeoRecipes\app\src\debug\java', not found
file or directory 'C:\Users\leoja\AndroidStudioProjects\PaleobyLeoRecipes\app\src\main\kotlin', not found
file or directory 'C:\Users\leoja\AndroidStudioProjects\PaleobyLeoRecipes\app\src\main\kotlin', not found
file or directory 'C:\Users\leoja\AndroidStudioProjects\PaleobyLeoRecipes\app\src\main\kotlin', not found
file or directory 'C:\Users\leoja\AndroidStudioProjects\PaleobyLeoRecipes\app\src\main\kotlin', not found
file or directory 'C:\Users\leoja\AndroidStudioProjects\PaleobyLeoRecipes\app\src\main\kotlin', not found
file or directory 'C:\Users\leoja\AndroidStudioProjects\PaleobyLeoRecipes\app\src\main\kotlin', not found
file or directory 'C:\Users\leoja\AndroidStudioProjects\PaleobyLeoRecipes\app\src\debug\kotlin', not found
file or directory 'C:\Users\leoja\AndroidStudioProjects\PaleobyLeoRecipes\app\src\debug\kotlin', not found
file or directory 'C:\Users\leoja\AndroidStudioProjects\PaleobyLeoRecipes\app\src\debug\java', not found
file or directory 'C:\Users\leoja\AndroidStudioProjects\PaleobyLeoRecipes\app\src\debug\kotlin', not found
file or directory 'C:\Users\leoja\AndroidStudioProjects\PaleobyLeoRecipes\app\src\debug\java', not found
file or directory 'C:\Users\leoja\AndroidStudioProjects\PaleobyLeoRecipes\app\src\debug\java', not found
Caching disabled for task ':app:kaptDebugKotlin' because:
  Build cache is disabled
Task ':app:kaptDebugKotlin' is not up-to-date because:
  Output property 'annotationProcessorOptionProviders.$0.$1.aarOutDir' file C:\Users\leoja\AndroidStudioProjects\PaleobyLeoRecipes\app\build\intermediates\data_binding_artifact\debug\kaptDebugKotlin has been removed.
  Output property 'annotationProcessorOptionProviders.$0.$1.aarOutDir' file C:\Users\leoja\AndroidStudioProjects\PaleobyLeoRecipes\app\build\intermediates\data_binding_artifact\debug\kaptDebugKotlin\com.leo.paleorecipes-br.bin has been removed.
  Output property 'annotationProcessorOptionProviders.$0.$1.aarOutDir' file C:\Users\leoja\AndroidStudioProjects\PaleobyLeoRecipes\app\build\intermediates\data_binding_artifact\debug\kaptDebugKotlin\com.leo.paleorecipes-setter_store.json has been removed.
  Output property 'classesDir' file C:\Users\leoja\AndroidStudioProjects\PaleobyLeoRecipes\app\build\tmp\kapt3\classes\debug has been removed.
The input changes require a full rebuild for incremental task ':app:kaptDebugKotlin'.
Running kapt annotation processing using the Gradle Worker API
Using workers NONE isolation mode to run kapt
[INFO] All Javac options: {-Aroom.schemaLocation=C:\Users\leoja\AndroidStudioProjects\PaleobyLeoRecipes\app/schemas=-Aroom.schemaLocation=C:\Users\leoja\AndroidStudioProjects\PaleobyLeoRecipes\app/schemas, -Aroom.incremental=true=-Aroom.incremental=true, -Aroom.expandProjection=true=-Aroom.expandProjection=true, -Akapt.kotlin.generated=C:\Users\leoja\AndroidStudioProjects\PaleobyLeoRecipes\app\build\generated\source\kaptKotlin\debug=-Akapt.kotlin.generated=C:\Users\leoja\AndroidStudioProjects\PaleobyLeoRecipes\app\build\generated\source\kaptKotlin\debug, -Adagger.fastInit=enabled=-Adagger.fastInit=enabled, -Adagger.hilt.android.internal.disableAndroidSuperclassValidation=true=-Adagger.hilt.android.internal.disableAndroidSuperclassValidation=true, -Adagger.hilt.android.internal.projectType=APP=-Adagger.hilt.android.internal.projectType=APP, -Adagger.hilt.internal.useAggregatingRootProcessor=false=-Adagger.hilt.internal.useAggregatingRootProcessor=false, -Aandroid.databinding.dependenciesRFiles=C:\Users\leoja\.gradle\caches\transforms-3\8fd1d1dbaef9ad15d508af45566ce503\transformed\androidx.databinding.library.baseAdapters-r.txt;C:\Users\leoja\.gradle\caches\transforms-3\53027f4cee1bfc328ae36c19ff29988b\transformed\androidx.databinding.ktx-r.txt;C:\Users\leoja\.gradle\caches\transforms-3\085905df7e4e6783606e9e0d0eccabd2\transformed\androidx.databinding.library-r.txt;C:\Users\leoja\.gradle\caches\transforms-3\2f9d83c59ac45285fd2ac0f4a69e65b3\transformed\androidx.viewbinding-r.txt;C:\Users\leoja\.gradle\caches\transforms-3\f8120f107fb362742afd32426636bcf6\transformed\androidx.navigation.common-r.txt;C:\Users\leoja\.gradle\caches\transforms-3\11322458a85239552d2a6cbd95989eb6\transformed\androidx.navigation.common.ktx-r.txt;C:\Users\leoja\.gradle\caches\transforms-3\41ec0281c7f47e373b4506fa247ed123\transformed\androidx.navigation-r.txt;C:\Users\leoja\.gradle\caches\transforms-3\ca6af70c9f9196fb90660e7c256a2ac5\transformed\androidx.navigation.ktx-r.txt;C:\Users\leoja\.gradle\caches\transforms-3\91b278a5aba58f13c41ff3331e871136\transformed\androidx.navigation.fragment-r.txt;C:\Users\leoja\.gradle\caches\transforms-3\f6cd7b2cb38bbadf1fd6831ad4836372\transformed\androidx.navigation.fragment.ktx-r.txt;C:\Users\leoja\.gradle\caches\transforms-3\cb32aa9bbd34bde301a954ca37394d49\transformed\androidx.navigation.ui.ktx-r.txt;C:\Users\leoja\.gradle\caches\transforms-3\fa2c00864768831fd11680d400b50f69\transformed\androidx.navigation.ui-r.txt;C:\Users\leoja\.gradle\caches\transforms-3\4e6d12199101551f30c4e0bee756402e\transformed\com.google.android.material-r.txt;C:\Users\leoja\.gradle\caches\transforms-3\84fa296ed04c5458ccbf4d2b5fe0915d\transformed\androidx.constraintlayout.widget-r.txt;C:\Users\leoja\.gradle\caches\transforms-3\002e93abecfafa691816fbad3805c8e5\transformed\androidx.appcompat.resources-r.txt;C:\Users\leoja\.gradle\caches\transforms-3\c0a91fbd555282e180e6261d56e697c8\transformed\androidx.appcompat-r.txt;C:\Users\leoja\.gradle\caches\transforms-3\d355e39e8c0d10007a6c75b18a18059c\transformed\androidx.hilt.work-r.txt;C:\Users\leoja\.gradle\caches\transforms-3\89ed7fb99771582d32bf867c7ce12637\transformed\dagger.hilt.android-r.txt;C:\Users\leoja\.gradle\caches\transforms-3\ac6303fee835d5f45cb348a6506f04af\transformed\com.bumptech.glide.integration.okhttp-r.txt;C:\Users\leoja\.gradle\caches\transforms-3\5c415c50287381c76ca39f232e2f2438\transformed\com.bumptech.glide-r.txt;C:\Users\leoja\.gradle\caches\transforms-3\d03eb502e5d7e49b1701b2cce46fd3ef\transformed\androidx.viewpager2-r.txt;C:\Users\leoja\.gradle\caches\transforms-3\c918ce0bf5fdd854b7957812eea8cea1\transformed\androidx.fragment-r.txt;C:\Users\leoja\.gradle\caches\transforms-3\c737c9464db4e4e029a9ba4b30c13b0d\transformed\androidx.fragment.ktx-r.txt;C:\Users\leoja\.gradle\caches\transforms-3\bf6a49c7e658aad334c953ccbf935b72\transformed\androidx.compose.material3-r.txt;C:\Users\leoja\.gradle\caches\transforms-3\ee6ed416759d90ea95b109c1dfb56905\transformed\androidx.compose.material.ripple-r.txt;C:\Users\leoja\.gradle\caches\transforms-3\421e1cbac3aa8852faa1b73603612384\transformed\androidx.compose.material.icons-r.txt;C:\Users\leoja\.gradle\caches\transforms-3\05f20fd02a2f7eab75da00c6fae23d26\transformed\androidx.compose.material-r.txt;C:\Users\leoja\.gradle\caches\transforms-3\2ea42744b2bf058e7d5a06e0ca2de7df\transformed\androidx.compose.animation.core-r.txt;C:\Users\leoja\.gradle\caches\transforms-3\f0d2774392a74c5056a790103bf7ab4b\transformed\androidx.compose.animation-r.txt;C:\Users\leoja\.gradle\caches\transforms-3\0f426e03d77aa8c67088069b60b57c13\transformed\androidx.compose.foundation.layout-r.txt;C:\Users\leoja\.gradle\caches\transforms-3\01cbd25bbc6eee66ce0222013ba81923\transformed\androidx.compose.foundation-r.txt;C:\Users\leoja\.gradle\caches\transforms-3\e556d2d37062198d5e3d51a4109fc28a\transformed\androidx.compose.ui.unit-r.txt;C:\Users\leoja\.gradle\caches\transforms-3\9bbca79cc65916aac68500e25688e29e\transformed\androidx.compose.ui.geometry-r.txt;C:\Users\leoja\.gradle\caches\transforms-3\bbbde48913660de3d4abde2ee7da03e3\transformed\androidx.compose.ui.tooling.data-r.txt;C:\Users\leoja\.gradle\caches\transforms-3\0b814276679abc40c8874927a7149216\transformed\androidx.compose.ui.util-r.txt;C:\Users\leoja\.gradle\caches\transforms-3\26d8be253b3b9efd3c1fbf6b08806773\transformed\androidx.compose.ui.graphics-r.txt;C:\Users\leoja\.gradle\caches\transforms-3\83c92443a083ee6b1fbd4f49b3f4cbcd\transformed\androidx.compose.ui.text-r.txt;C:\Users\leoja\.gradle\caches\transforms-3\cb1fb21354e607fc69408e5a836130a7\transformed\androidx.compose.runtime.saveable-r.txt;C:\Users\leoja\.gradle\caches\transforms-3\306618a9e4c6dc891c1fcb1904da17dd\transformed\androidx.compose.runtime-r.txt;C:\Users\leoja\.gradle\caches\transforms-3\0f873d946ec09649ec8c079ff5acbb52\transformed\androidx.compose.runtime.livedata-r.txt;C:\Users\leoja\.gradle\caches\transforms-3\b3c7e64e07535f9cf63dba6b16eeab7f\transformed\androidx.drawerlayout-r.txt;C:\Users\leoja\.gradle\caches\transforms-3\53f50b3094f90f64dc07044c2b1402ec\transformed\androidx.coordinatorlayout-r.txt;C:\Users\leoja\.gradle\caches\transforms-3\e131ed5203d31002a5150c4b770439f8\transformed\androidx.dynamicanimation-r.txt;C:\Users\leoja\.gradle\caches\transforms-3\037308ac63e9b32f6776b4f7b0c66473\transformed\androidx.vectordrawable.animated-r.txt;C:\Users\leoja\.gradle\caches\transforms-3\c488e1fe1ff70958a2f25eaa53aa05b5\transformed\androidx.vectordrawable-r.txt;C:\Users\leoja\.gradle\caches\transforms-3\21425fd06e87503828d875447f95e2b3\transformed\androidx.work.ktx-r.txt;C:\Users\leoja\.gradle\caches\transforms-3\c9f547415cede28196877fd6dac299d8\transformed\androidx.work-r.txt;C:\Users\leoja\.gradle\caches\transforms-3\72b3b815bdcb492d60e089fd1929cd56\transformed\androidx.recyclerview-r.txt;C:\Users\leoja\.gradle\caches\transforms-3\f6f8aa023264b12411c9e07c306786ba\transformed\androidx.viewpager-r.txt;C:\Users\leoja\.gradle\caches\transforms-3\e86ce7f03214aaec8e7436a3c052a31a\transformed\androidx.slidingpanelayout-r.txt;C:\Users\leoja\.gradle\caches\transforms-3\069117b7cd8bdccf0415859a82649f6a\transformed\androidx.customview-r.txt;C:\Users\leoja\.gradle\caches\transforms-3\1e98e32f464490a3d902a35e1ecea693\transformed\androidx.legacy.coreutils-r.txt;C:\Users\leoja\.gradle\caches\transforms-3\6fc35067b58f23f03df8c6e25c9e19b4\transformed\androidx.loader-r.txt;C:\Users\leoja\.gradle\caches\transforms-3\736a9258a95262ec80b9039f4169e87a\transformed\androidx.transition-r.txt;C:\Users\leoja\.gradle\caches\transforms-3\29094a55675fb68264b49dde70ef5e7d\transformed\androidx.window-r.txt;C:\Users\leoja\.gradle\caches\transforms-3\021f1e0912ef7b880bb296e97e55414b\transformed\androidx.autofill-r.txt;C:\Users\leoja\.gradle\caches\transforms-3\4d3b329d151534d57d7d96fdeb2ad3d8\transformed\androidx.emoji2.viewsintegration-r.txt;C:\Users\leoja\.gradle\caches\transforms-3\eb2f5c057f972a70052f94b002b14bb6\transformed\androidx.emoji2-r.txt;C:\Users\leoja\.gradle\caches\transforms-3\147040b3cdb16017e914cb207f66764e\transformed\androidx.core-r.txt;C:\Users\leoja\.gradle\caches\transforms-3\ddae9fe2327428860074eb80aaa605bc\transformed\androidx.lifecycle.livedata.core-r.txt;C:\Users\leoja\.gradle\caches\transforms-3\f5f386d7223303b0d81eb358d0ca0172\transformed\androidx.savedstate.ktx-r.txt;C:\Users\leoja\.gradle\caches\transforms-3\87335b26216971dee5dd20227163a63f\transformed\androidx.savedstate-r.txt;C:\Users\leoja\.gradle\caches\transforms-3\188a670f122d5a9d2aa0324cdafb125c\transformed\androidx.lifecycle.viewmodel.savedstate-r.txt;C:\Users\leoja\.gradle\caches\transforms-3\fd502922b1bbbe6de422d2c5e6654f10\transformed\androidx.lifecycle.livedata.core.ktx-r.txt;C:\Users\leoja\.gradle\caches\transforms-3\839024a0e60fee63f63236a3f632d68e\transformed\androidx.lifecycle.viewmodel-r.txt;C:\Users\leoja\.gradle\caches\transforms-3\583c4ec0d090e6e7e7e7c3b528f4e96d\transformed\androidx.lifecycle.service-r.txt;C:\Users\leoja\.gradle\caches\transforms-3\1d1da2d04f16fc2c8b0329b865d3de06\transformed\androidx.lifecycle.ktx-r.txt;C:\Users\leoja\.gradle\caches\transforms-3\1dc3cf4de50ce57b3a7e1c52fb1ed13d\transformed\androidx.lifecycle.runtime-r.txt;C:\Users\leoja\.gradle\caches\transforms-3\1d9363fb1cf189de119ef44ed845e946\transformed\androidx.lifecycle.process-r.txt;C:\Users\leoja\.gradle\caches\transforms-3\54734093375e2fa0c0aebff4d2434377\transformed\androidx.lifecycle.livedata-r.txt;C:\Users\leoja\.gradle\caches\transforms-3\85d7e1ff6bdda2b71526a56eccb8aa0a\transformed\androidx.lifecycle.viewmodel.ktx-r.txt;C:\Users\leoja\.gradle\caches\transforms-3\aa87b80c8d1a6763fca358d70a76d3fa\transformed\androidx.lifecycle.livedata.ktx-r.txt;C:\Users\leoja\.gradle\caches\transforms-3\faad50ae6ef2698f847b02fb8c2aebad\transformed\androidx.lifecycle.viewmodel.compose-r.txt;C:\Users\leoja\.gradle\caches\transforms-3\f1207d95594c4d8ee9a257051bd27206\transformed\androidx.compose.ui-r.txt;C:\Users\leoja\.gradle\caches\transforms-3\a69591ec9757951037146c224a808f0b\transformed\androidx.compose.ui.tooling.preview-r.txt;C:\Users\leoja\.gradle\caches\transforms-3\51bf3350108f3358b1cf898be8338d3f\transformed\androidx.compose.ui.tooling-r.txt;C:\Users\leoja\.gradle\caches\transforms-3\2f84cb2540284bbb01c961e9ba3adcce\transformed\androidx.compose.ui.test.manifest-r.txt;C:\Users\leoja\.gradle\caches\transforms-3\0ddd3d5981b8b311217e9057bb005d47\transformed\androidx.activity-r.txt;C:\Users\leoja\.gradle\caches\transforms-3\426a0aaaa4662b04da2cc1784ff93b50\transformed\androidx.activity.compose-r.txt;C:\Users\leoja\.gradle\caches\transforms-3\79fe2270732c65cee929d163c9881be9\transformed\androidx.activity.ktx-r.txt;C:\Users\leoja\.gradle\caches\transforms-3\e3edde4babeb360d89d65656fe420d01\transformed\androidx.customview.poolingcontainer-r.txt;C:\Users\leoja\.gradle\caches\transforms-3\84f02b2d98bb0d69ceb49c270c6738d9\transformed\androidx.core.ktx-r.txt;C:\Users\leoja\.gradle\caches\transforms-3\15d60a7e5290fb97834ae731afc1b2f7\transformed\androidx.room-r.txt;C:\Users\leoja\.gradle\caches\transforms-3\dfabfb2f6581df09d9c12a9754fe9882\transformed\androidx.room.ktx-r.txt;C:\Users\leoja\.gradle\caches\transforms-3\72cf38b945b3a86d0984b231d60b9cb2\transformed\timber.log-r.txt;C:\Users\leoja\.gradle\caches\transforms-3\98993231648f000c82996e8453cdacc1\transformed\androidx.sqlite.db.framework-r.txt;C:\Users\leoja\.gradle\caches\transforms-3\d0d8eb9219085a9825f01fb118b1aefe\transformed\androidx.sqlite.db-r.txt;C:\Users\leoja\.gradle\caches\transforms-3\2caa99c3954a6bfd291cc36d3d7e31ee\transformed\androidx.annotation.experimental-r.txt;C:\Users\leoja\.gradle\caches\transforms-3\42fc2255340b8a9376e3c2eab450f546\transformed\androidx.cursoradapter-r.txt;C:\Users\leoja\.gradle\caches\transforms-3\3708cfccdc809adf9bcc10b60ed3350b\transformed\androidx.cardview-r.txt;C:\Users\leoja\.gradle\caches\transforms-3\32bd61e018052d03bb6f049f12379bbd\transformed\androidx.arch.core-r.txt;C:\Users\leoja\.gradle\caches\transforms-3\5cd9bc7c73769a2a51d20caeb4b2193a\transformed\com.bumptech.glide.gifdecoder-r.txt;C:\Users\leoja\.gradle\caches\transforms-3\bbbcb834d99b2d912474138a2d6a2173\transformed\androidx.exifinterface-r.txt;C:\Users\leoja\.gradle\caches\transforms-3\141e404fb6af04fed4ab0721a0755079\transformed\androidx.profileinstaller-r.txt;C:\Users\leoja\.gradle\caches\transforms-3\0c09dc90f036bcb5441406cbbd9f7514\transformed\androidx.startup-r.txt;C:\Users\leoja\.gradle\caches\transforms-3\c6d9925756d4293b90c8a01929ccd258\transformed\androidx.tracing-r.txt;C:\Users\leoja\.gradle\caches\transforms-3\6fede0e0972e2633efa9fe79557c566b\transformed\androidx.interpolator-r.txt;C:\Users\leoja\.gradle\caches\transforms-3\f44ffb7b3b8e0ea405658417a3fa688a\transformed\androidx.versionedparcelable-r.txt;C:\Users\leoja\.gradle\caches\transforms-3\8f6feaa739977d5d827191926745153a\transformed\androidx.documentfile-r.txt;C:\Users\leoja\.gradle\caches\transforms-3\ff3200b2429682bb589c01f8ff8d49dc\transformed\androidx.localbroadcastmanager-r.txt;C:\Users\leoja\.gradle\caches\transforms-3\c8f174694d3d1b19569119a3f521d185\transformed\androidx.print-r.txt;C:\Users\leoja\.gradle\caches\transforms-3\465c59e826d4c66fb21fd8011bddc930\transformed\dagger.lint-r.txt=-Aandroid.databinding.dependenciesRFiles=C:\Users\leoja\.gradle\caches\transforms-3\8fd1d1dbaef9ad15d508af45566ce503\transformed\androidx.databinding.library.baseAdapters-r.txt;C:\Users\leoja\.gradle\caches\transforms-3\53027f4cee1bfc328ae36c19ff29988b\transformed\androidx.databinding.ktx-r.txt;C:\Users\leoja\.gradle\caches\transforms-3\085905df7e4e6783606e9e0d0eccabd2\transformed\androidx.databinding.library-r.txt;C:\Users\leoja\.gradle\caches\transforms-3\2f9d83c59ac45285fd2ac0f4a69e65b3\transformed\androidx.viewbinding-r.txt;C:\Users\leoja\.gradle\caches\transforms-3\f8120f107fb362742afd32426636bcf6\transformed\androidx.navigation.common-r.txt;C:\Users\leoja\.gradle\caches\transforms-3\11322458a85239552d2a6cbd95989eb6\transformed\androidx.navigation.common.ktx-r.txt;C:\Users\leoja\.gradle\caches\transforms-3\41ec0281c7f47e373b4506fa247ed123\transformed\androidx.navigation-r.txt;C:\Users\leoja\.gradle\caches\transforms-3\ca6af70c9f9196fb90660e7c256a2ac5\transformed\androidx.navigation.ktx-r.txt;C:\Users\leoja\.gradle\caches\transforms-3\91b278a5aba58f13c41ff3331e871136\transformed\androidx.navigation.fragment-r.txt;C:\Users\leoja\.gradle\caches\transforms-3\f6cd7b2cb38bbadf1fd6831ad4836372\transformed\androidx.navigation.fragment.ktx-r.txt;C:\Users\leoja\.gradle\caches\transforms-3\cb32aa9bbd34bde301a954ca37394d49\transformed\androidx.navigation.ui.ktx-r.txt;C:\Users\leoja\.gradle\caches\transforms-3\fa2c00864768831fd11680d400b50f69\transformed\androidx.navigation.ui-r.txt;C:\Users\leoja\.gradle\caches\transforms-3\4e6d12199101551f30c4e0bee756402e\transformed\com.google.android.material-r.txt;C:\Users\leoja\.gradle\caches\transforms-3\84fa296ed04c5458ccbf4d2b5fe0915d\transformed\androidx.constraintlayout.widget-r.txt;C:\Users\leoja\.gradle\caches\transforms-3\002e93abecfafa691816fbad3805c8e5\transformed\androidx.appcompat.resources-r.txt;C:\Users\leoja\.gradle\caches\transforms-3\c0a91fbd555282e180e6261d56e697c8\transformed\androidx.appcompat-r.txt;C:\Users\leoja\.gradle\caches\transforms-3\d355e39e8c0d10007a6c75b18a18059c\transformed\androidx.hilt.work-r.txt;C:\Users\leoja\.gradle\caches\transforms-3\89ed7fb99771582d32bf867c7ce12637\transformed\dagger.hilt.android-r.txt;C:\Users\leoja\.gradle\caches\transforms-3\ac6303fee835d5f45cb348a6506f04af\transformed\com.bumptech.glide.integration.okhttp-r.txt;C:\Users\leoja\.gradle\caches\transforms-3\5c415c50287381c76ca39f232e2f2438\transformed\com.bumptech.glide-r.txt;C:\Users\leoja\.gradle\caches\transforms-3\d03eb502e5d7e49b1701b2cce46fd3ef\transformed\androidx.viewpager2-r.txt;C:\Users\leoja\.gradle\caches\transforms-3\c918ce0bf5fdd854b7957812eea8cea1\transformed\androidx.fragment-r.txt;C:\Users\leoja\.gradle\caches\transforms-3\c737c9464db4e4e029a9ba4b30c13b0d\transformed\androidx.fragment.ktx-r.txt;C:\Users\leoja\.gradle\caches\transforms-3\bf6a49c7e658aad334c953ccbf935b72\transformed\androidx.compose.material3-r.txt;C:\Users\leoja\.gradle\caches\transforms-3\ee6ed416759d90ea95b109c1dfb56905\transformed\androidx.compose.material.ripple-r.txt;C:\Users\leoja\.gradle\caches\transforms-3\421e1cbac3aa8852faa1b73603612384\transformed\androidx.compose.material.icons-r.txt;C:\Users\leoja\.gradle\caches\transforms-3\05f20fd02a2f7eab75da00c6fae23d26\transformed\androidx.compose.material-r.txt;C:\Users\leoja\.gradle\caches\transforms-3\2ea42744b2bf058e7d5a06e0ca2de7df\transformed\androidx.compose.animation.core-r.txt;C:\Users\leoja\.gradle\caches\transforms-3\f0d2774392a74c5056a790103bf7ab4b\transformed\androidx.compose.animation-r.txt;C:\Users\leoja\.gradle\caches\transforms-3\0f426e03d77aa8c67088069b60b57c13\transformed\androidx.compose.foundation.layout-r.txt;C:\Users\leoja\.gradle\caches\transforms-3\01cbd25bbc6eee66ce0222013ba81923\transformed\androidx.compose.foundation-r.txt;C:\Users\leoja\.gradle\caches\transforms-3\e556d2d37062198d5e3d51a4109fc28a\transformed\androidx.compose.ui.unit-r.txt;C:\Users\leoja\.gradle\caches\transforms-3\9bbca79cc65916aac68500e25688e29e\transformed\androidx.compose.ui.geometry-r.txt;C:\Users\leoja\.gradle\caches\transforms-3\bbbde48913660de3d4abde2ee7da03e3\transformed\androidx.compose.ui.tooling.data-r.txt;C:\Users\leoja\.gradle\caches\transforms-3\0b814276679abc40c8874927a7149216\transformed\androidx.compose.ui.util-r.txt;C:\Users\leoja\.gradle\caches\transforms-3\26d8be253b3b9efd3c1fbf6b08806773\transformed\androidx.compose.ui.graphics-r.txt;C:\Users\leoja\.gradle\caches\transforms-3\83c92443a083ee6b1fbd4f49b3f4cbcd\transformed\androidx.compose.ui.text-r.txt;C:\Users\leoja\.gradle\caches\transforms-3\cb1fb21354e607fc69408e5a836130a7\transformed\androidx.compose.runtime.saveable-r.txt;C:\Users\leoja\.gradle\caches\transforms-3\306618a9e4c6dc891c1fcb1904da17dd\transformed\androidx.compose.runtime-r.txt;C:\Users\leoja\.gradle\caches\transforms-3\0f873d946ec09649ec8c079ff5acbb52\transformed\androidx.compose.runtime.livedata-r.txt;C:\Users\leoja\.gradle\caches\transforms-3\b3c7e64e07535f9cf63dba6b16eeab7f\transformed\androidx.drawerlayout-r.txt;C:\Users\leoja\.gradle\caches\transforms-3\53f50b3094f90f64dc07044c2b1402ec\transformed\androidx.coordinatorlayout-r.txt;C:\Users\leoja\.gradle\caches\transforms-3\e131ed5203d31002a5150c4b770439f8\transformed\androidx.dynamicanimation-r.txt;C:\Users\leoja\.gradle\caches\transforms-3\037308ac63e9b32f6776b4f7b0c66473\transformed\androidx.vectordrawable.animated-r.txt;C:\Users\leoja\.gradle\caches\transforms-3\c488e1fe1ff70958a2f25eaa53aa05b5\transformed\androidx.vectordrawable-r.txt;C:\Users\leoja\.gradle\caches\transforms-3\21425fd06e87503828d875447f95e2b3\transformed\androidx.work.ktx-r.txt;C:\Users\leoja\.gradle\caches\transforms-3\c9f547415cede28196877fd6dac299d8\transformed\androidx.work-r.txt;C:\Users\leoja\.gradle\caches\transforms-3\72b3b815bdcb492d60e089fd1929cd56\transformed\androidx.recyclerview-r.txt;C:\Users\leoja\.gradle\caches\transforms-3\f6f8aa023264b12411c9e07c306786ba\transformed\androidx.viewpager-r.txt;C:\Users\leoja\.gradle\caches\transforms-3\e86ce7f03214aaec8e7436a3c052a31a\transformed\androidx.slidingpanelayout-r.txt;C:\Users\leoja\.gradle\caches\transforms-3\069117b7cd8bdccf0415859a82649f6a\transformed\androidx.customview-r.txt;C:\Users\leoja\.gradle\caches\transforms-3\1e98e32f464490a3d902a35e1ecea693\transformed\androidx.legacy.coreutils-r.txt;C:\Users\leoja\.gradle\caches\transforms-3\6fc35067b58f23f03df8c6e25c9e19b4\transformed\androidx.loader-r.txt;C:\Users\leoja\.gradle\caches\transforms-3\736a9258a95262ec80b9039f4169e87a\transformed\androidx.transition-r.txt;C:\Users\leoja\.gradle\caches\transforms-3\29094a55675fb68264b49dde70ef5e7d\transformed\androidx.window-r.txt;C:\Users\leoja\.gradle\caches\transforms-3\021f1e0912ef7b880bb296e97e55414b\transformed\androidx.autofill-r.txt;C:\Users\leoja\.gradle\caches\transforms-3\4d3b329d151534d57d7d96fdeb2ad3d8\transformed\androidx.emoji2.viewsintegration-r.txt;C:\Users\leoja\.gradle\caches\transforms-3\eb2f5c057f972a70052f94b002b14bb6\transformed\androidx.emoji2-r.txt;C:\Users\leoja\.gradle\caches\transforms-3\147040b3cdb16017e914cb207f66764e\transformed\androidx.core-r.txt;C:\Users\leoja\.gradle\caches\transforms-3\ddae9fe2327428860074eb80aaa605bc\transformed\androidx.lifecycle.livedata.core-r.txt;C:\Users\leoja\.gradle\caches\transforms-3\f5f386d7223303b0d81eb358d0ca0172\transformed\androidx.savedstate.ktx-r.txt;C:\Users\leoja\.gradle\caches\transforms-3\87335b26216971dee5dd20227163a63f\transformed\androidx.savedstate-r.txt;C:\Users\leoja\.gradle\caches\transforms-3\188a670f122d5a9d2aa0324cdafb125c\transformed\androidx.lifecycle.viewmodel.savedstate-r.txt;C:\Users\leoja\.gradle\caches\transforms-3\fd502922b1bbbe6de422d2c5e6654f10\transformed\androidx.lifecycle.livedata.core.ktx-r.txt;C:\Users\leoja\.gradle\caches\transforms-3\839024a0e60fee63f63236a3f632d68e\transformed\androidx.lifecycle.viewmodel-r.txt;C:\Users\leoja\.gradle\caches\transforms-3\583c4ec0d090e6e7e7e7c3b528f4e96d\transformed\androidx.lifecycle.service-r.txt;C:\Users\leoja\.gradle\caches\transforms-3\1d1da2d04f16fc2c8b0329b865d3de06\transformed\androidx.lifecycle.ktx-r.txt;C:\Users\leoja\.gradle\caches\transforms-3\1dc3cf4de50ce57b3a7e1c52fb1ed13d\transformed\androidx.lifecycle.runtime-r.txt;C:\Users\leoja\.gradle\caches\transforms-3\1d9363fb1cf189de119ef44ed845e946\transformed\androidx.lifecycle.process-r.txt;C:\Users\leoja\.gradle\caches\transforms-3\54734093375e2fa0c0aebff4d2434377\transformed\androidx.lifecycle.livedata-r.txt;C:\Users\leoja\.gradle\caches\transforms-3\85d7e1ff6bdda2b71526a56eccb8aa0a\transformed\androidx.lifecycle.viewmodel.ktx-r.txt;C:\Users\leoja\.gradle\caches\transforms-3\aa87b80c8d1a6763fca358d70a76d3fa\transformed\androidx.lifecycle.livedata.ktx-r.txt;C:\Users\leoja\.gradle\caches\transforms-3\faad50ae6ef2698f847b02fb8c2aebad\transformed\androidx.lifecycle.viewmodel.compose-r.txt;C:\Users\leoja\.gradle\caches\transforms-3\f1207d95594c4d8ee9a257051bd27206\transformed\androidx.compose.ui-r.txt;C:\Users\leoja\.gradle\caches\transforms-3\a69591ec9757951037146c224a808f0b\transformed\androidx.compose.ui.tooling.preview-r.txt;C:\Users\leoja\.gradle\caches\transforms-3\51bf3350108f3358b1cf898be8338d3f\transformed\androidx.compose.ui.tooling-r.txt;C:\Users\leoja\.gradle\caches\transforms-3\2f84cb2540284bbb01c961e9ba3adcce\transformed\androidx.compose.ui.test.manifest-r.txt;C:\Users\leoja\.gradle\caches\transforms-3\0ddd3d5981b8b311217e9057bb005d47\transformed\androidx.activity-r.txt;C:\Users\leoja\.gradle\caches\transforms-3\426a0aaaa4662b04da2cc1784ff93b50\transformed\androidx.activity.compose-r.txt;C:\Users\leoja\.gradle\caches\transforms-3\79fe2270732c65cee929d163c9881be9\transformed\androidx.activity.ktx-r.txt;C:\Users\leoja\.gradle\caches\transforms-3\e3edde4babeb360d89d65656fe420d01\transformed\androidx.customview.poolingcontainer-r.txt;C:\Users\leoja\.gradle\caches\transforms-3\84f02b2d98bb0d69ceb49c270c6738d9\transformed\androidx.core.ktx-r.txt;C:\Users\leoja\.gradle\caches\transforms-3\15d60a7e5290fb97834ae731afc1b2f7\transformed\androidx.room-r.txt;C:\Users\leoja\.gradle\caches\transforms-3\dfabfb2f6581df09d9c12a9754fe9882\transformed\androidx.room.ktx-r.txt;C:\Users\leoja\.gradle\caches\transforms-3\72cf38b945b3a86d0984b231d60b9cb2\transformed\timber.log-r.txt;C:\Users\leoja\.gradle\caches\transforms-3\98993231648f000c82996e8453cdacc1\transformed\androidx.sqlite.db.framework-r.txt;C:\Users\leoja\.gradle\caches\transforms-3\d0d8eb9219085a9825f01fb118b1aefe\transformed\androidx.sqlite.db-r.txt;C:\Users\leoja\.gradle\caches\transforms-3\2caa99c3954a6bfd291cc36d3d7e31ee\transformed\androidx.annotation.experimental-r.txt;C:\Users\leoja\.gradle\caches\transforms-3\42fc2255340b8a9376e3c2eab450f546\transformed\androidx.cursoradapter-r.txt;C:\Users\leoja\.gradle\caches\transforms-3\3708cfccdc809adf9bcc10b60ed3350b\transformed\androidx.cardview-r.txt;C:\Users\leoja\.gradle\caches\transforms-3\32bd61e018052d03bb6f049f12379bbd\transformed\androidx.arch.core-r.txt;C:\Users\leoja\.gradle\caches\transforms-3\5cd9bc7c73769a2a51d20caeb4b2193a\transformed\com.bumptech.glide.gifdecoder-r.txt;C:\Users\leoja\.gradle\caches\transforms-3\bbbcb834d99b2d912474138a2d6a2173\transformed\androidx.exifinterface-r.txt;C:\Users\leoja\.gradle\caches\transforms-3\141e404fb6af04fed4ab0721a0755079\transformed\androidx.profileinstaller-r.txt;C:\Users\leoja\.gradle\caches\transforms-3\0c09dc90f036bcb5441406cbbd9f7514\transformed\androidx.startup-r.txt;C:\Users\leoja\.gradle\caches\transforms-3\c6d9925756d4293b90c8a01929ccd258\transformed\androidx.tracing-r.txt;C:\Users\leoja\.gradle\caches\transforms-3\6fede0e0972e2633efa9fe79557c566b\transformed\androidx.interpolator-r.txt;C:\Users\leoja\.gradle\caches\transforms-3\f44ffb7b3b8e0ea405658417a3fa688a\transformed\androidx.versionedparcelable-r.txt;C:\Users\leoja\.gradle\caches\transforms-3\8f6feaa739977d5d827191926745153a\transformed\androidx.documentfile-r.txt;C:\Users\leoja\.gradle\caches\transforms-3\ff3200b2429682bb589c01f8ff8d49dc\transformed\androidx.localbroadcastmanager-r.txt;C:\Users\leoja\.gradle\caches\transforms-3\c8f174694d3d1b19569119a3f521d185\transformed\androidx.print-r.txt;C:\Users\leoja\.gradle\caches\transforms-3\465c59e826d4c66fb21fd8011bddc930\transformed\dagger.lint-r.txt, -Aandroid.databinding.minApi=24=-Aandroid.databinding.minApi=24, -Aandroid.databinding.classLogDir=C:\Users\leoja\AndroidStudioProjects\PaleobyLeoRecipes\app\build\intermediates\data_binding_base_class_log_artifact\debug\out=-Aandroid.databinding.classLogDir=C:\Users\leoja\AndroidStudioProjects\PaleobyLeoRecipes\app\build\intermediates\data_binding_base_class_log_artifact\debug\out, -Aandroid.databinding.aarOutDir=C:\Users\leoja\AndroidStudioProjects\PaleobyLeoRecipes\app\build\intermediates\data_binding_artifact\debug\kaptDebugKotlin=-Aandroid.databinding.aarOutDir=C:\Users\leoja\AndroidStudioProjects\PaleobyLeoRecipes\app\build\intermediates\data_binding_artifact\debug\kaptDebugKotlin, -Aandroid.databinding.enableDebugLogs=0=-Aandroid.databinding.enableDebugLogs=0, -Aandroid.databinding.dependencyArtifactsDir=C:\Users\leoja\AndroidStudioProjects\PaleobyLeoRecipes\app\build\intermediates\data_binding_dependency_artifacts\debug=-Aandroid.databinding.dependencyArtifactsDir=C:\Users\leoja\AndroidStudioProjects\PaleobyLeoRecipes\app\build\intermediates\data_binding_dependency_artifacts\debug, -Aandroid.databinding.enableForTests=0=-Aandroid.databinding.enableForTests=0, -Aandroid.databinding.enableV2=1=-Aandroid.databinding.enableV2=1, -Aandroid.databinding.modulePackage=com.leo.paleorecipes=-Aandroid.databinding.modulePackage=com.leo.paleorecipes, -Aandroid.databinding.artifactType=APPLICATION=-Aandroid.databinding.artifactType=APPLICATION, -Aandroid.databinding.isTestVariant=0=-Aandroid.databinding.isTestVariant=0, -Aandroid.databinding.apiFile=C:\Users\leoja\AppData\Local\Android\Sdk\platforms\android-34\data\api-versions.xml=-Aandroid.databinding.apiFile=C:\Users\leoja\AppData\Local\Android\Sdk\platforms\android-34\data\api-versions.xml, -Aandroid.databinding.incremental=1=-Aandroid.databinding.incremental=1, -Aandroid.databinding.localResourceFile=C:\Users\leoja\AndroidStudioProjects\PaleobyLeoRecipes\app\build\intermediates\local_only_symbol_list\debug\R-def.txt=-Aandroid.databinding.localResourceFile=C:\Users\leoja\AndroidStudioProjects\PaleobyLeoRecipes\app\build\intermediates\local_only_symbol_list\debug\R-def.txt, -Aandroid.databinding.printEncodedErrorLogs=0=-Aandroid.databinding.printEncodedErrorLogs=0, -Aandroid.databinding.layoutInfoDir=C:\Users\leoja\AndroidStudioProjects\PaleobyLeoRecipes\app\build\intermediates\data_binding_layout_info_type_merge\debug\out=-Aandroid.databinding.layoutInfoDir=C:\Users\leoja\AndroidStudioProjects\PaleobyLeoRecipes\app\build\intermediates\data_binding_layout_info_type_merge\debug\out, --source=21, -proc:=only, accessInternalAPI=true, --class-path=C:\Users\leoja\AndroidStudioProjects\PaleobyLeoRecipes\app\build\intermediates\compile_and_runtime_not_namespaced_r_class_jar\debug\R.jar;C:\Users\leoja\.gradle\caches\transforms-3\f49bf0f66b836319ecb7b03b712e15aa\transformed\databinding-runtime-8.1.0-api.jar;C:\Users\leoja\.gradle\caches\transforms-3\891fafeafff99247d77edfdd984a6798\transformed\viewbinding-8.1.0-api.jar;C:\Users\leoja\.gradle\caches\transforms-3\dfc000f292b14402f228266d0a29aebf\transformed\databinding-adapters-8.1.0-api.jar;C:\Users\leoja\.gradle\caches\modules-2\files-2.1\androidx.databinding\databinding-common\8.1.0\2be3530b78477835e69dce953b17adc1dbc5c6fa\databinding-common-8.1.0.jar;C:\Users\leoja\.gradle\caches\transforms-3\76e3e79701839d3ef92f4bab4ec688c7\transformed\databinding-ktx-8.1.0-api.jar;C:\Users\leoja\.gradle\caches\transforms-3\cb878bc15339cd4072c5ec28d92b8be1\transformed\navigation-common-2.7.6-api.jar;C:\Users\leoja\.gradle\caches\transforms-3\a9a8b6491e9e00dd600d5e3202ea043e\transformed\navigation-common-ktx-2.7.6-api.jar;C:\Users\leoja\.gradle\caches\transforms-3\7d9832543a5e6653f3c670dd519577d5\transformed\navigation-runtime-2.7.6-api.jar;C:\Users\leoja\.gradle\caches\transforms-3\fb595f47b989ba01d3734d976474ed12\transformed\navigation-runtime-ktx-2.7.6-api.jar;C:\Users\leoja\.gradle\caches\transforms-3\df2462af91f230b25f5ae837a324a45f\transformed\navigation-fragment-2.7.6-api.jar;C:\Users\leoja\.gradle\caches\transforms-3\d20a5139c8a0fea12eda143e76b9b68b\transformed\navigation-fragment-ktx-2.7.6-api.jar;C:\Users\leoja\.gradle\caches\transforms-3\b31a6a33c0bfcfcbc0d512073b69239f\transformed\navigation-ui-ktx-2.7.6-api.jar;C:\Users\leoja\.gradle\caches\transforms-3\ab9e571522114e87564ca15cd9385111\transformed\navigation-ui-2.7.6-api.jar;C:\Users\leoja\.gradle\caches\transforms-3\1e57c69845abae1c63e2286bec4c515a\transformed\material-1.11.0-api.jar;C:\Users\leoja\.gradle\caches\transforms-3\8d87dc66d26557fecef040a4ab2fc267\transformed\appcompat-1.6.1-api.jar;C:\Users\leoja\.gradle\caches\transforms-3\f177ac596d3fef4234d78cb86d47bc46\transformed\hilt-work-1.0.0-api.jar;C:\Users\leoja\.gradle\caches\transforms-3\302f6689f7f4b105ea6985e1ea4b467a\transformed\hilt-android-2.46.1-api.jar;C:\Users\leoja\.gradle\caches\transforms-3\0a560d915f791797d5e38faae4a16844\transformed\okhttp3-integration-4.16.0-api.jar;C:\Users\leoja\.gradle\caches\transforms-3\ca621cbf0b2d23a3de05b547847227e7\transformed\glide-4.16.0-api.jar;C:\Users\leoja\.gradle\caches\transforms-3\4b0a4c9a532b19db353ae182608c2638\transformed\viewpager2-1.0.0-api.jar;C:\Users\leoja\.gradle\caches\transforms-3\ef83b5e1e3e47478c22184bed42a0bb3\transformed\fragment-1.6.2-api.jar;C:\Users\leoja\.gradle\caches\transforms-3\ad8ef0fccb3959d223cfce57b642dc9d\transformed\fragment-ktx-1.6.2-api.jar;C:\Users\leoja\.gradle\caches\transforms-3\2b58e803469d7c95465a4e63e5c4ec7b\transformed\material3-1.1.2-api.jar;C:\Users\leoja\.gradle\caches\transforms-3\642d53251572e6cdfee22d6b45de9d5d\transformed\material-icons-core-release-api.jar;C:\Users\leoja\.gradle\caches\transforms-3\e6efbd564d7b9c720a017a8c315de7fe\transformed\material-ripple-release-api.jar;C:\Users\leoja\.gradle\caches\transforms-3\28906a3fd93902be292cbd7fd132303e\transformed\animation-core-release-api.jar;C:\Users\leoja\.gradle\caches\transforms-3\34e420e5654b6a730f53e87f30ea9585\transformed\animation-release-api.jar;C:\Users\leoja\.gradle\caches\transforms-3\22d24e55a25ffc1ff385760e47a3e492\transformed\foundation-layout-release-api.jar;C:\Users\leoja\.gradle\caches\transforms-3\dba6734d497b94c43f343b8e4a3a28ed\transformed\foundation-release-api.jar;C:\Users\leoja\.gradle\caches\transforms-3\d75e1babda830266f4e62d4452c3bc85\transformed\runtime-saveable-release-api.jar;C:\Users\leoja\.gradle\caches\transforms-3\ff7f153aeef9ea8ccf0b75cc09e6d97c\transformed\ui-unit-release-api.jar;C:\Users\leoja\.gradle\caches\transforms-3\65be5b597eba989b7cde52aba0f1a646\transformed\ui-geometry-release-api.jar;C:\Users\leoja\.gradle\caches\transforms-3\79ff55918d19907f322016d61c407144\transformed\ui-text-release-api.jar;C:\Users\leoja\.gradle\caches\transforms-3\422a7d886ef827c0ff728c3f8898915b\transformed\ui-graphics-release-api.jar;C:\Users\leoja\.gradle\caches\transforms-3\40fa4dd3b0d7b28350ce57f15a6bf198\transformed\ui-tooling-data-release-api.jar;C:\Users\leoja\.gradle\caches\transforms-3\c6b6e0b9aedf9bf6101f4fc8376b906a\transformed\runtime-release-api.jar;C:\Users\leoja\.gradle\caches\transforms-3\9da9d23293af35847c298d197a876dcc\transformed\runtime-livedata-1.5.4-api.jar;C:\Users\leoja\.gradle\caches\transforms-3\d1fc0c24fa648909602e2dd43547b0ff\transformed\lifecycle-livedata-core-2.7.0-api.jar;C:\Users\leoja\.gradle\caches\modules-2\files-2.1\androidx.lifecycle\lifecycle-common\2.7.0\85334205d65cca70ed0109c3acbd29e22a2d9cb1\lifecycle-common-2.7.0.jar;C:\Users\leoja\.gradle\caches\transforms-3\7b10ffa28c7b0b37f9a5597eaa62987a\transformed\lifecycle-viewmodel-savedstate-2.7.0-api.jar;C:\Users\leoja\.gradle\caches\modules-2\files-2.1\androidx.lifecycle\lifecycle-common-java8\2.7.0\2ad14aed781c4a73ed4dbb421966d408a0a06686\lifecycle-common-java8-2.7.0.jar;C:\Users\leoja\.gradle\caches\transforms-3\8174b6fac7bd7b93dfa6eb13d6920fb1\transformed\lifecycle-livedata-core-ktx-2.7.0-api.jar;C:\Users\leoja\.gradle\caches\transforms-3\cfa7f7fb831d145772d14d9659f9fdaa\transformed\dynamicanimation-1.0.0-api.jar;C:\Users\leoja\.gradle\caches\transforms-3\a9f426d32959a09a02f5e9975a52ad7e\transformed\legacy-support-core-utils-1.0.0-api.jar;C:\Users\leoja\.gradle\caches\transforms-3\15016f5bd754cfabe690ea2960a54261\transformed\loader-1.0.0-api.jar;C:\Users\leoja\.gradle\caches\transforms-3\38eb5dfe1150352db8c75e4a7f18404d\transformed\lifecycle-viewmodel-2.7.0-api.jar;C:\Users\leoja\.gradle\caches\transforms-3\3c5b5e5b24979e3db94e09c748b3890b\transformed\lifecycle-service-2.7.0-api.jar;C:\Users\leoja\.gradle\caches\transforms-3\c704fd5e6820c5045d5d36e3f453947f\transformed\lifecycle-process-2.7.0-api.jar;C:\Users\leoja\.gradle\caches\transforms-3\f4834198d33bd0bce3b11a9c8e501873\transformed\work-runtime-ktx-2.9.0-api.jar;C:\Users\leoja\.gradle\caches\transforms-3\4559dd1625818b06be8bca1239656ab8\transformed\work-runtime-2.9.0-api.jar;C:\Users\leoja\.gradle\caches\transforms-3\b3f6799363f4dd00664f76d567eae13d\transformed\lifecycle-livedata-2.7.0-api.jar;C:\Users\leoja\.gradle\caches\transforms-3\cb0721182121f2eda5c2ddd1eeedf050\transformed\lifecycle-runtime-ktx-2.7.0-api.jar;C:\Users\leoja\.gradle\caches\transforms-3\cd9a69e882a70d989b9282962c52ad93\transformed\appcompat-resources-1.6.1-api.jar;C:\Users\leoja\.gradle\caches\transforms-3\f533757ce47b86ec0751ee14ecd65863\transformed\drawerlayout-1.1.1-api.jar;C:\Users\leoja\.gradle\caches\transforms-3\4416bf719ccc8e299ece31eacef80399\transformed\coordinatorlayout-1.1.0-api.jar;C:\Users\leoja\.gradle\caches\transforms-3\0252a6acff1698e484055abf705c4fbd\transformed\recyclerview-1.1.0-api.jar;C:\Users\leoja\.gradle\caches\transforms-3\1b3bfb90ceb2cf9f68792b873dac00d0\transformed\transition-1.4.1-api.jar;C:\Users\leoja\.gradle\caches\transforms-3\2ae9d9a3fc993172ff8c4f6699ec7782\transformed\vectordrawable-animated-1.1.0-api.jar;C:\Users\leoja\.gradle\caches\transforms-3\f32bf90656ca1b7180360ec5fe49519b\transformed\vectordrawable-1.1.0-api.jar;C:\Users\leoja\.gradle\caches\transforms-3\3c57d0750b88da03605df81e52a5a1cf\transformed\viewpager-1.0.0-api.jar;C:\Users\leoja\.gradle\caches\transforms-3\10453a4911f02c5ec903fcaf76e09378\transformed\slidingpanelayout-1.2.0-api.jar;C:\Users\leoja\.gradle\caches\transforms-3\60682d6ef85379c86995d92777af9e6c\transformed\customview-1.1.0-api.jar;C:\Users\leoja\.gradle\caches\transforms-3\eb5c9f19b443ad2aa92a614852014fde\transformed\core-1.12.0-api.jar;C:\Users\leoja\.gradle\caches\transforms-3\fbc4cc3bcbccf5214c0bb18d2016f82f\transformed\lifecycle-runtime-2.7.0-api.jar;C:\Users\leoja\.gradle\caches\transforms-3\193c6af5fdae46925d29a7e34b02159a\transformed\lifecycle-viewmodel-ktx-2.7.0-api.jar;C:\Users\leoja\.gradle\caches\transforms-3\1aa305f14d93b49602edd18a5de4e287\transformed\lifecycle-livedata-ktx-2.7.0-api.jar;C:\Users\leoja\.gradle\caches\transforms-3\4d1122b506cfa45c2c54623ed3b1f6da\transformed\lifecycle-viewmodel-compose-2.7.0-api.jar;C:\Users\leoja\.gradle\caches\transforms-3\448769df45cb97e78ba4fdd1806b89bc\transformed\ui-release-api.jar;C:\Users\leoja\.gradle\caches\transforms-3\fc8d80fefb21094fbaefe5b96a6e3f0e\transformed\ui-tooling-preview-release-api.jar;C:\Users\leoja\.gradle\caches\transforms-3\8d57d4c561b75e4b08c8b2f368c7636a\transformed\ui-tooling-release-api.jar;C:\Users\leoja\.gradle\caches\transforms-3\b257244ae648be2f5020711bd08220b3\transformed\ui-test-manifest-1.5.4-api.jar;C:\Users\leoja\.gradle\caches\transforms-3\fc791cb4035f7f8487b63cdfde0acf00\transformed\activity-1.8.2-api.jar;C:\Users\leoja\.gradle\caches\transforms-3\4f9431b99a3678c122ff5e9514df8679\transformed\activity-compose-1.8.2-api.jar;C:\Users\leoja\.gradle\caches\transforms-3\28f5d61248ea6d8aa80b51f3e27c2b53\transformed\activity-ktx-1.8.2-api.jar;C:\Users\leoja\.gradle\caches\transforms-3\ceb341e23d605126082169f803333aa2\transformed\core-ktx-1.12.0-api.jar;C:\Users\leoja\.gradle\caches\modules-2\files-2.1\androidx.room\room-common\2.6.1\ff1b9580850a9b7eef56554e356628d225785265\room-common-2.6.1.jar;C:\Users\leoja\.gradle\caches\transforms-3\4b9a547487a52349783b4f9781f57f25\transformed\room-runtime-2.6.1-api.jar;C:\Users\leoja\.gradle\caches\transforms-3\8dd38aab49d99be2c530d85c5053a419\transformed\room-ktx-2.6.1-api.jar;C:\Users\leoja\.gradle\caches\transforms-3\88ab74477ac4d93b94fb1bbe6cbf6ff9\transformed\timber-5.0.1-api.jar;C:\Users\leoja\.gradle\caches\transforms-3\20b4a4384f826d47c659bfd727910b0b\transformed\savedstate-ktx-1.2.1-api.jar;C:\Users\leoja\.gradle\caches\transforms-3\9f22f38010ee99e90ac16ef7f3561ba6\transformed\savedstate-1.2.1-api.jar;C:\Users\leoja\.gradle\caches\transforms-3\978ff4e94ab235d13263e9d05ca067e5\transformed\annotation-experimental-1.3.0-api.jar;C:\Users\leoja\.gradle\caches\modules-2\files-2.1\androidx.collection\collection-ktx\1.1.0\f807b2f366f7b75142a67d2f3c10031065b5168\collection-ktx-1.1.0.jar;C:\Users\leoja\.gradle\caches\modules-2\files-2.1\com.squareup.okhttp3\logging-interceptor\4.12.0\e922c1f14d365c0f2bed140cc0825e18462c2778\logging-interceptor-4.12.0.jar;C:\Users\leoja\.gradle\caches\modules-2\files-2.1\org.jetbrains.kotlinx\kotlinx-coroutines-core-jvm\1.7.1\63a0779cf668e2a47d13fda7c3b0c4f8dc7762f4\kotlinx-coroutines-core-jvm-1.7.1.jar;C:\Users\leoja\.gradle\caches\modules-2\files-2.1\org.jetbrains.kotlinx\kotlinx-coroutines-android\1.7.1\c2d86b569f10b7fc7e28d3f50c0eed97897d77a7\kotlinx-coroutines-android-1.7.1.jar;C:\Users\leoja\.gradle\caches\modules-2\files-2.1\com.squareup.retrofit2\converter-gson\2.9.0\fc93484fc67ab52b1e0ccbdaa3922d8a6678e097\converter-gson-2.9.0.jar;C:\Users\leoja\.gradle\caches\modules-2\files-2.1\com.squareup.retrofit2\retrofit\2.9.0\d8fdfbd5da952141a665a403348b74538efc05ff\retrofit-2.9.0.jar;C:\Users\leoja\.gradle\caches\modules-2\files-2.1\com.squareup.okhttp3\okhttp\4.12.0\2f4525d4a200e97e1b87449c2cd9bd2e25b7e8cd\okhttp-4.12.0.jar;C:\Users\leoja\.gradle\caches\modules-2\files-2.1\com.squareup.okio\okio-jvm\3.6.0\5600569133b7bdefe1daf9ec7f4abeb6d13e1786\okio-jvm-3.6.0.jar;C:\Users\leoja\.gradle\caches\modules-2\files-2.1\org.jetbrains.kotlin\kotlin-stdlib-jdk8\1.9.10\c7510d64a83411a649c76f2778304ddf71d7437b\kotlin-stdlib-jdk8-1.9.10.jar;C:\Users\leoja\.gradle\caches\transforms-3\4a7dc48357636ae3c46e6f6fd2f195bd\transformed\cursoradapter-1.0.0-api.jar;C:\Users\leoja\.gradle\caches\transforms-3\b61e28cdec1966681391e30f159d4284\transformed\cardview-1.0.0-api.jar;C:\Users\leoja\.gradle\caches\transforms-3\ff924fe302accc5e2edf4448411b3570\transformed\sqlite-framework-2.4.0-api.jar;C:\Users\leoja\.gradle\caches\transforms-3\ef460c8b7386bc65bd85f1d7f3bed773\transformed\sqlite-2.4.0-api.jar;C:\Users\leoja\.gradle\caches\transforms-3\5b12659c7ec62f653acc52b97a721fa5\transformed\gifdecoder-4.16.0-api.jar;C:\Users\leoja\.gradle\caches\transforms-3\fadfd15ffb1d15a51e860d8539309831\transformed\core-runtime-2.2.0-api.jar;C:\Users\leoja\.gradle\caches\modules-2\files-2.1\androidx.arch.core\core-common\2.2.0\5e1b8b81dfd5f52c56a8d53b18ca759c19a301f3\core-common-2.2.0.jar;C:\Users\leoja\.gradle\caches\transforms-3\01d40390f4e13ce5e63a5fa45662f241\transformed\versionedparcelable-1.1.1-api.jar;C:\Users\leoja\.gradle\caches\modules-2\files-2.1\androidx.collection\collection\1.1.0\1f27220b47669781457de0d600849a5de0e89909\collection-1.1.0.jar;C:\Users\leoja\.gradle\caches\transforms-3\cff61172ed9af5e866882e8094e3c684\transformed\interpolator-1.0.0-api.jar;C:\Users\leoja\.gradle\caches\transforms-3\d810a606712169beec3dd2b83c03ff42\transformed\documentfile-1.0.0-api.jar;C:\Users\leoja\.gradle\caches\transforms-3\a90d9f45808c38eac14b10a685e45b36\transformed\localbroadcastmanager-1.0.0-api.jar;C:\Users\leoja\.gradle\caches\transforms-3\647998b24bb910bc34ba348ffed9ed5d\transformed\print-1.0.0-api.jar;C:\Users\leoja\.gradle\caches\modules-2\files-2.1\androidx.annotation\annotation-jvm\1.6.0\a7257339a052df0f91433cf9651231bbb802b502\annotation-jvm-1.6.0.jar;C:\Users\leoja\.gradle\caches\modules-2\files-2.1\org.jetbrains.kotlin\kotlin-stdlib-jdk7\1.9.10\bc5bfc2690338defd5195b05c57562f2194eeb10\kotlin-stdlib-jdk7-1.9.10.jar;C:\Users\leoja\.gradle\caches\modules-2\files-2.1\org.jetbrains.kotlin\kotlin-stdlib\1.9.21\17ee3e873d439566c7d8354403b5f3d9744c4c9c\kotlin-stdlib-1.9.21.jar;C:\Users\leoja\.gradle\caches\modules-2\files-2.1\org.jetbrains\annotations\23.0.0\8cc20c07506ec18e0834947b84a864bfc094484e\annotations-23.0.0.jar;C:\Users\leoja\.gradle\caches\transforms-3\6707ec695d1e03c75889005214df65ec\transformed\startup-runtime-1.1.1-api.jar;C:\Users\leoja\.gradle\caches\transforms-3\73e730f0cf2c9891064a47c8e472c9c0\transformed\tracing-1.0.0-api.jar;C:\Users\leoja\.gradle\caches\modules-2\files-2.1\com.google.guava\listenablefuture\1.0\c949a840a6acbc5268d088e47b04177bf90b3cad\listenablefuture-1.0.jar;C:\Users\leoja\.gradle\caches\modules-2\files-2.1\androidx.resourceinspection\resourceinspection-annotation\1.0.1\8c21f8ff5d96d5d52c948707f7e4d6ca6773feef\resourceinspection-annotation-1.0.1.jar;C:\Users\leoja\.gradle\caches\transforms-3\1abd341585f99fa152f2f30423465eed\transformed\constraintlayout-2.1.4-api.jar;C:\Users\leoja\.gradle\caches\modules-2\files-2.1\com.google.dagger\hilt-core\2.46.1\848183d99f6abf4fc7f29a97dbafc21d46a8ed27\hilt-core-2.46.1.jar;C:\Users\leoja\.gradle\caches\modules-2\files-2.1\com.google.dagger\dagger\2.46.1\8554769ea04410d4cbbd0e5f92ce5fd4e7b7f61\dagger-2.46.1.jar;C:\Users\leoja\.gradle\caches\modules-2\files-2.1\javax.inject\javax.inject\1\6975da39a7040257bd51d21a231b76c915872d38\javax.inject-1.jar;C:\Users\leoja\.gradle\caches\transforms-3\43f89e60308d636cd05695aa574026b2\transformed\dagger-lint-aar-2.46.1-api.jar;C:\Users\leoja\.gradle\caches\modules-2\files-2.1\com.google.code.findbugs\jsr305\3.0.2\25ea2e8b0c338a877313bd4672d3fe056ea78f0d\jsr305-3.0.2.jar;C:\Users\leoja\.gradle\caches\modules-2\files-2.1\com.github.bumptech.glide\disklrucache\4.16.0\411aa175d50d10b37c7a1a04d21a4e7145249557\disklrucache-4.16.0.jar;C:\Users\leoja\.gradle\caches\modules-2\files-2.1\com.github.bumptech.glide\annotations\4.16.0\90730f6498299d207aa0878124ab7585969808f0\annotations-4.16.0.jar;C:\Users\leoja\.gradle\caches\transforms-3\e630e905ac9af92e4877f133cc765e5c\transformed\exifinterface-1.3.6-api.jar;C:\Users\leoja\.gradle\caches\modules-2\files-2.1\com.google.code.gson\gson\2.8.5\f645ed69d595b24d4cf8b3fbb64cc505bede8829\gson-2.8.5.jar;C:\Users\leoja\.gradle\caches\modules-2\files-2.1\androidx.hilt\hilt-common\1.0.0\3c8727e21f194dd46aa78e44acbdf937ab045ebb\hilt-common-1.0.0.jar;C:\Users\leoja\AppData\Local\Android\Sdk\platforms\android-34\android.jar;C:\Users\leoja\AppData\Local\Android\Sdk\build-tools\33.0.1\core-lambda-stubs.jar, --processor-path=C:\Users\leoja\.gradle\caches\modules-2\files-2.1\com.google.dagger\hilt-android-compiler\2.46.1\7938f34d3318a5d75de85646757991af2a56ccd3\hilt-android-compiler-2.46.1.jar;C:\Users\leoja\.gradle\caches\modules-2\files-2.1\androidx.hilt\hilt-compiler\1.0.0\282fb739f492e9dd5b9dcf1bef8f8c9b7a2b5c18\hilt-compiler-1.0.0.jar;C:\Users\leoja\.gradle\caches\modules-2\files-2.1\androidx.room\room-migration\2.6.1\8d8218e4ccfe9b34485619a8ca68f8760840301d\room-migration-2.6.1.jar;C:\Users\leoja\.gradle\caches\modules-2\files-2.1\androidx.room\room-compiler-processing\2.6.1\64891dd45a3adbb4137f338563b6d716dca7c456\room-compiler-processing-2.6.1.jar;C:\Users\leoja\.gradle\caches\modules-2\files-2.1\androidx.room\room-common\2.6.1\ff1b9580850a9b7eef56554e356628d225785265\room-common-2.6.1.jar;C:\Users\leoja\.gradle\caches\modules-2\files-2.1\androidx.room\room-compiler\2.6.1\d789379e27b40fa5cc6e17f4c56988d6500a4036\room-compiler-2.6.1.jar;C:\Users\leoja\.gradle\caches\modules-2\files-2.1\com.github.bumptech.glide\compiler\4.16.0\1749a31b9b16306702244fc6faec167340599549\compiler-4.16.0.jar;C:\Users\leoja\.gradle\caches\modules-2\files-2.1\androidx.databinding\databinding-compiler\8.1.0\a324e499c3fe87870c6bfcd93200194fe02bb78f\databinding-compiler-8.1.0.jar;C:\Users\leoja\.gradle\caches\modules-2\files-2.1\com.google.dagger\dagger-compiler\2.46.1\29d5d3b9eee228457d9df70fa2a41dbdf1c82bd7\dagger-compiler-2.46.1.jar;C:\Users\leoja\.gradle\caches\modules-2\files-2.1\com.google.dagger\dagger-spi\2.46.1\e8dc8f60a8c08a48ff36f5dca847f729af8d6c35\dagger-spi-2.46.1.jar;C:\Users\leoja\.gradle\caches\modules-2\files-2.1\com.google.dagger\dagger-producers\2.46.1\6286f1ed8921cefe8d0a7606f7e765be72a67484\dagger-producers-2.46.1.jar;C:\Users\leoja\.gradle\caches\modules-2\files-2.1\com.google.dagger\dagger\2.46.1\8554769ea04410d4cbbd0e5f92ce5fd4e7b7f61\dagger-2.46.1.jar;C:\Users\leoja\.gradle\caches\modules-2\files-2.1\com.google.auto\auto-common\0.11\345a7dc983e11c123c8000a53383cc2b83848caf\auto-common-0.11.jar;C:\Users\leoja\.gradle\caches\modules-2\files-2.1\androidx.databinding\databinding-compiler-common\8.1.0\a1c7a90144aedb0b918534ea90f928e18855264b\databinding-compiler-common-8.1.0.jar;C:\Users\leoja\.gradle\caches\modules-2\files-2.1\com.google.googlejavaformat\google-java-format\1.5\fba7f130d29061d2d2ea384b4880c10cae92ef73\google-java-format-1.5.jar;C:\Users\leoja\.gradle\caches\modules-2\files-2.1\com.google.guava\guava\31.1-jre\60458f877d055d0c9114d9e1a2efb737b4bc282c\guava-31.1-jre.jar;C:\Users\leoja\.gradle\caches\modules-2\files-2.1\com.google.code.findbugs\jsr305\3.0.2\25ea2e8b0c338a877313bd4672d3fe056ea78f0d\jsr305-3.0.2.jar;C:\Users\leoja\.gradle\caches\modules-2\files-2.1\com.google.guava\failureaccess\1.0.1\1dcf1de382a0bf95a3d8b0849546c88bac1292c9\failureaccess-1.0.1.jar;C:\Users\leoja\.gradle\caches\modules-2\files-2.1\com.squareup\kotlinpoet-javapoet\1.14.2\e4481d491afe47e3dcce952c87628141dc16454b\kotlinpoet-javapoet-1.14.2.jar;C:\Users\leoja\.gradle\caches\modules-2\files-2.1\com.squareup\javapoet\1.13.0\d6562d385049f35eb50403fa86bb11cce76b866a\javapoet-1.13.0.jar;C:\Users\leoja\.gradle\caches\modules-2\files-2.1\javax.annotation\javax.annotation-api\1.3.2\934c04d3cfef185a8008e7bf34331b79730a9d43\javax.annotation-api-1.3.2.jar;C:\Users\leoja\.gradle\caches\modules-2\files-2.1\javax.inject\javax.inject\1\6975da39a7040257bd51d21a231b76c915872d38\javax.inject-1.jar;C:\Users\leoja\.gradle\caches\modules-2\files-2.1\net.ltgt.gradle.incap\incap\0.2\c73e3db9bee414d6ee27995d951fcdbee09acad\incap-0.2.jar;C:\Users\leoja\.gradle\caches\modules-2\files-2.1\com.google.devtools.ksp\symbol-processing-api\1.9.0-1.0.13\c001c57ba3e093c65d23e124adfcdf5df9dde8a2\symbol-processing-api-1.9.0-1.0.13.jar;C:\Users\leoja\.gradle\caches\modules-2\files-2.1\com.squareup\kotlinpoet\1.14.2\b6741951260d555a05932e39de177fc64ef450bd\kotlinpoet-1.14.2.jar;C:\Users\leoja\.gradle\caches\modules-2\files-2.1\org.jetbrains.kotlin\kotlin-stdlib-jdk8\1.8.22\b25c86d47d6b962b9cf0f8c3f320c8a10eea3dd1\kotlin-stdlib-jdk8-1.8.22.jar;C:\Users\leoja\.gradle\caches\modules-2\files-2.1\org.jetbrains.kotlin\kotlin-reflect\1.8.21\662838019bc1141f8a311180d93b9e13765c7f55\kotlin-reflect-1.8.21.jar;C:\Users\leoja\.gradle\caches\modules-2\files-2.1\com.android.tools.build.jetifier\jetifier-core\1.0.0-beta10\6e621022a9c95af12a7004d6b55805bbd1126837\jetifier-core-1.0.0-beta10.jar;C:\Users\leoja\.gradle\caches\modules-2\files-2.1\org.jetbrains.kotlin\kotlin-stdlib-jdk7\1.8.22\4dabb8248310d833bb6a8b516024a91fd3d275c\kotlin-stdlib-jdk7-1.8.22.jar;C:\Users\leoja\.gradle\caches\modules-2\files-2.1\org.jetbrains.kotlin\kotlin-stdlib\1.9.0\8ee15ef0c67dc83d874f412d84378d7f0eb50b63\kotlin-stdlib-1.9.0.jar;C:\Users\leoja\.gradle\caches\modules-2\files-2.1\com.google.auto.value\auto-value-annotations\1.6.3\b88c1bb7f149f6d2cc03898359283e57b08f39cc\auto-value-annotations-1.6.3.jar;C:\Users\leoja\.gradle\caches\modules-2\files-2.1\com.intellij\annotations\12.0\bbcf6448f6d40abe506e2c83b70a3e8bfd2b4539\annotations-12.0.jar;C:\Users\leoja\.gradle\caches\modules-2\files-2.1\commons-codec\commons-codec\1.15\49d94806b6e3dc933dacbd8acb0fdbab8ebd1e5d\commons-codec-1.15.jar;C:\Users\leoja\.gradle\caches\modules-2\files-2.1\org.xerial\sqlite-jdbc\3.41.2.2\ddeb8d3a3004f412ed19b4c98b3aec11d9452ab5\sqlite-jdbc-3.41.2.2.jar;C:\Users\leoja\.gradle\caches\modules-2\files-2.1\com.github.bumptech.glide\annotations\4.16.0\90730f6498299d207aa0878124ab7585969808f0\annotations-4.16.0.jar;C:\Users\leoja\.gradle\caches\modules-2\files-2.1\androidx.databinding\databinding-common\8.1.0\2be3530b78477835e69dce953b17adc1dbc5c6fa\databinding-common-8.1.0.jar;C:\Users\leoja\.gradle\caches\modules-2\files-2.1\com.android.tools\annotations\31.1.0\d70720d1aed8e56163636f82782985acfe66eba8\annotations-31.1.0.jar;C:\Users\leoja\.gradle\caches\modules-2\files-2.1\com.google.code.gson\gson\2.9.0\8a1167e089096758b49f9b34066ef98b2f4b37aa\gson-2.9.0.jar;C:\Users\leoja\.gradle\caches\modules-2\files-2.1\com.googlecode.juniversalchardet\juniversalchardet\1.0.3\cd49678784c46aa8789c060538e0154013bb421b\juniversalchardet-1.0.3.jar;C:\Users\leoja\.gradle\caches\modules-2\files-2.1\commons-io\commons-io\2.4\b1b6ea3b7e4aa4f492509a4952029cd8e48019ad\commons-io-2.4.jar;C:\Users\leoja\.gradle\caches\modules-2\files-2.1\org.glassfish.jaxb\jaxb-runtime\2.3.2\5528bc882ea499a09d720b42af11785c4fc6be2a\jaxb-runtime-2.3.2.jar;C:\Users\leoja\.gradle\caches\modules-2\files-2.1\org.checkerframework\checker-compat-qual\2.5.5\435dc33e3019c9f019e15f01aa111de9d6b2b79c\checker-compat-qual-2.5.5.jar;C:\Users\leoja\.gradle\caches\modules-2\files-2.1\org.jetbrains.kotlin\kotlin-stdlib-common\1.9.0\cd65c21cfd1eec4d44ef09f9f52b6d9f8a720636\kotlin-stdlib-common-1.9.0.jar;C:\Users\leoja\.gradle\caches\modules-2\files-2.1\org.jetbrains\annotations\13.0\919f0dfe192fb4e063e7dacadee7f8bb9a2672a9\annotations-13.0.jar;C:\Users\leoja\.gradle\caches\modules-2\files-2.1\androidx.annotation\annotation\1.3.0\21f49f5f9b85fc49de712539f79123119740595\annotation-1.3.0.jar;C:\Users\leoja\.gradle\caches\modules-2\files-2.1\com.google.guava\listenablefuture\9999.0-empty-to-avoid-conflict-with-guava\b421526c5f297295adef1c886e5246c39d4ac629\listenablefuture-9999.0-empty-to-avoid-conflict-with-guava.jar;C:\Users\leoja\.gradle\caches\modules-2\files-2.1\org.checkerframework\checker-qual\3.12.0\d5692f0526415fcc6de94bb5bfbd3afd9dd3b3e5\checker-qual-3.12.0.jar;C:\Users\leoja\.gradle\caches\modules-2\files-2.1\com.google.errorprone\error_prone_annotations\2.11.0\c5a0ace696d3f8b1c1d8cc036d8c03cc0cbe6b69\error_prone_annotations-2.11.0.jar;C:\Users\leoja\.gradle\caches\modules-2\files-2.1\com.google.j2objc\j2objc-annotations\1.3\ba035118bc8bac37d7eff77700720999acd9986d\j2objc-annotations-1.3.jar;C:\Users\leoja\.gradle\caches\modules-2\files-2.1\com.android.databinding\baseLibrary\8.1.0\7e7399239e52d4069896277615e005add7ae8e5a\baseLibrary-8.1.0.jar;C:\Users\leoja\.gradle\caches\modules-2\files-2.1\org.jvnet.staxex\stax-ex\1.8.1\78011e483a21102fb4858f3e8f269a677e50aa23\stax-ex-1.8.1.jar;C:\Users\leoja\.gradle\caches\modules-2\files-2.1\jakarta.xml.bind\jakarta.xml.bind-api\2.3.2\8d49996a4338670764d7ca4b85a1c4ccf7fe665d\jakarta.xml.bind-api-2.3.2.jar;C:\Users\leoja\.gradle\caches\modules-2\files-2.1\org.glassfish.jaxb\txw2\2.3.2\ce5be7da2e442c25ec14c766cb60cb802741727b\txw2-2.3.2.jar;C:\Users\leoja\.gradle\caches\modules-2\files-2.1\com.sun.istack\istack-commons-runtime\3.0.8\d6a97364045aa6b99bf2d3c566a3f98599c2d296\istack-commons-runtime-3.0.8.jar;C:\Users\leoja\.gradle\caches\modules-2\files-2.1\com.sun.xml.fastinfoset\FastInfoset\1.2.16\4eb6a0adad553bf759ffe86927df6f3b848c8bea\FastInfoset-1.2.16.jar;C:\Users\leoja\.gradle\caches\modules-2\files-2.1\jakarta.activation\jakarta.activation-api\1.2.1\562a587face36ec7eff2db7f2fc95425c6602bc1\jakarta.activation-api-1.2.1.jar;C:\Users\leoja\.gradle\caches\modules-2\files-2.1\com.google.errorprone\javac-shaded\9-dev-r4023-3\72b688efd290280a0afde5f9892b0fde6f362d1d\javac-shaded-9-dev-r4023-3.jar, -s=C:\Users\leoja\AndroidStudioProjects\PaleobyLeoRecipes\app\build\generated\source\kapt\debug, -d=C:\Users\leoja\AndroidStudioProjects\PaleobyLeoRecipes\app\build\tmp\kapt3\classes\debug, -encoding=UTF-8}
[INFO] Kapt is enabled (stand-alone mode).
Annotation processing mode: apt
Memory leak detection mode: none
Show processor stats: false
Verbose mode: true
Info as warnings: false
Use light analysis: false
Correct error types: false
Dump default parameter values: false
Map diagnostic locations: false
Strict mode: false
Detect annotation processors in compile classpath: false
Incremental annotation processing (apt mode): false
Strip @Metadata annotations from stubs: false
Keep KDoc comments in stubs: false
Use JVM IR backend: false
Use K2: false
Project base dir: C:\Users\leoja\AndroidStudioProjects\PaleobyLeoRecipes\app
Compile classpath: C:\Users\leoja\AndroidStudioProjects\PaleobyLeoRecipes\app\build\intermediates\compile_and_runtime_not_namespaced_r_class_jar\debug\R.jar, C:\Users\leoja\.gradle\caches\transforms-3\f49bf0f66b836319ecb7b03b712e15aa\transformed\databinding-runtime-8.1.0-api.jar, C:\Users\leoja\.gradle\caches\transforms-3\891fafeafff99247d77edfdd984a6798\transformed\viewbinding-8.1.0-api.jar, C:\Users\leoja\.gradle\caches\transforms-3\dfc000f292b14402f228266d0a29aebf\transformed\databinding-adapters-8.1.0-api.jar, C:\Users\leoja\.gradle\caches\modules-2\files-2.1\androidx.databinding\databinding-common\8.1.0\2be3530b78477835e69dce953b17adc1dbc5c6fa\databinding-common-8.1.0.jar, C:\Users\leoja\.gradle\caches\transforms-3\76e3e79701839d3ef92f4bab4ec688c7\transformed\databinding-ktx-8.1.0-api.jar, C:\Users\leoja\.gradle\caches\transforms-3\cb878bc15339cd4072c5ec28d92b8be1\transformed\navigation-common-2.7.6-api.jar, C:\Users\leoja\.gradle\caches\transforms-3\a9a8b6491e9e00dd600d5e3202ea043e\transformed\navigation-common-ktx-2.7.6-api.jar, C:\Users\leoja\.gradle\caches\transforms-3\7d9832543a5e6653f3c670dd519577d5\transformed\navigation-runtime-2.7.6-api.jar, C:\Users\leoja\.gradle\caches\transforms-3\fb595f47b989ba01d3734d976474ed12\transformed\navigation-runtime-ktx-2.7.6-api.jar, C:\Users\leoja\.gradle\caches\transforms-3\df2462af91f230b25f5ae837a324a45f\transformed\navigation-fragment-2.7.6-api.jar, C:\Users\leoja\.gradle\caches\transforms-3\d20a5139c8a0fea12eda143e76b9b68b\transformed\navigation-fragment-ktx-2.7.6-api.jar, C:\Users\leoja\.gradle\caches\transforms-3\b31a6a33c0bfcfcbc0d512073b69239f\transformed\navigation-ui-ktx-2.7.6-api.jar, C:\Users\leoja\.gradle\caches\transforms-3\ab9e571522114e87564ca15cd9385111\transformed\navigation-ui-2.7.6-api.jar, C:\Users\leoja\.gradle\caches\transforms-3\1e57c69845abae1c63e2286bec4c515a\transformed\material-1.11.0-api.jar, C:\Users\leoja\.gradle\caches\transforms-3\8d87dc66d26557fecef040a4ab2fc267\transformed\appcompat-1.6.1-api.jar, C:\Users\leoja\.gradle\caches\transforms-3\f177ac596d3fef4234d78cb86d47bc46\transformed\hilt-work-1.0.0-api.jar, C:\Users\leoja\.gradle\caches\transforms-3\302f6689f7f4b105ea6985e1ea4b467a\transformed\hilt-android-2.46.1-api.jar, C:\Users\leoja\.gradle\caches\transforms-3\0a560d915f791797d5e38faae4a16844\transformed\okhttp3-integration-4.16.0-api.jar, C:\Users\leoja\.gradle\caches\transforms-3\ca621cbf0b2d23a3de05b547847227e7\transformed\glide-4.16.0-api.jar, C:\Users\leoja\.gradle\caches\transforms-3\4b0a4c9a532b19db353ae182608c2638\transformed\viewpager2-1.0.0-api.jar, C:\Users\leoja\.gradle\caches\transforms-3\ef83b5e1e3e47478c22184bed42a0bb3\transformed\fragment-1.6.2-api.jar, C:\Users\leoja\.gradle\caches\transforms-3\ad8ef0fccb3959d223cfce57b642dc9d\transformed\fragment-ktx-1.6.2-api.jar, C:\Users\leoja\.gradle\caches\transforms-3\2b58e803469d7c95465a4e63e5c4ec7b\transformed\material3-1.1.2-api.jar, C:\Users\leoja\.gradle\caches\transforms-3\642d53251572e6cdfee22d6b45de9d5d\transformed\material-icons-core-release-api.jar, C:\Users\leoja\.gradle\caches\transforms-3\e6efbd564d7b9c720a017a8c315de7fe\transformed\material-ripple-release-api.jar, C:\Users\leoja\.gradle\caches\transforms-3\28906a3fd93902be292cbd7fd132303e\transformed\animation-core-release-api.jar, C:\Users\leoja\.gradle\caches\transforms-3\34e420e5654b6a730f53e87f30ea9585\transformed\animation-release-api.jar, C:\Users\leoja\.gradle\caches\transforms-3\22d24e55a25ffc1ff385760e47a3e492\transformed\foundation-layout-release-api.jar, C:\Users\leoja\.gradle\caches\transforms-3\dba6734d497b94c43f343b8e4a3a28ed\transformed\foundation-release-api.jar, C:\Users\leoja\.gradle\caches\transforms-3\d75e1babda830266f4e62d4452c3bc85\transformed\runtime-saveable-release-api.jar, C:\Users\leoja\.gradle\caches\transforms-3\ff7f153aeef9ea8ccf0b75cc09e6d97c\transformed\ui-unit-release-api.jar, C:\Users\leoja\.gradle\caches\transforms-3\65be5b597eba989b7cde52aba0f1a646\transformed\ui-geometry-release-api.jar, C:\Users\leoja\.gradle\caches\transforms-3\79ff55918d19907f322016d61c407144\transformed\ui-text-release-api.jar, C:\Users\leoja\.gradle\caches\transforms-3\422a7d886ef827c0ff728c3f8898915b\transformed\ui-graphics-release-api.jar, C:\Users\leoja\.gradle\caches\transforms-3\40fa4dd3b0d7b28350ce57f15a6bf198\transformed\ui-tooling-data-release-api.jar, C:\Users\leoja\.gradle\caches\transforms-3\c6b6e0b9aedf9bf6101f4fc8376b906a\transformed\runtime-release-api.jar, C:\Users\leoja\.gradle\caches\transforms-3\9da9d23293af35847c298d197a876dcc\transformed\runtime-livedata-1.5.4-api.jar, C:\Users\leoja\.gradle\caches\transforms-3\d1fc0c24fa648909602e2dd43547b0ff\transformed\lifecycle-livedata-core-2.7.0-api.jar, C:\Users\leoja\.gradle\caches\modules-2\files-2.1\androidx.lifecycle\lifecycle-common\2.7.0\85334205d65cca70ed0109c3acbd29e22a2d9cb1\lifecycle-common-2.7.0.jar, C:\Users\leoja\.gradle\caches\transforms-3\7b10ffa28c7b0b37f9a5597eaa62987a\transformed\lifecycle-viewmodel-savedstate-2.7.0-api.jar, C:\Users\leoja\.gradle\caches\modules-2\files-2.1\androidx.lifecycle\lifecycle-common-java8\2.7.0\2ad14aed781c4a73ed4dbb421966d408a0a06686\lifecycle-common-java8-2.7.0.jar, C:\Users\leoja\.gradle\caches\transforms-3\8174b6fac7bd7b93dfa6eb13d6920fb1\transformed\lifecycle-livedata-core-ktx-2.7.0-api.jar, C:\Users\leoja\.gradle\caches\transforms-3\cfa7f7fb831d145772d14d9659f9fdaa\transformed\dynamicanimation-1.0.0-api.jar, C:\Users\leoja\.gradle\caches\transforms-3\a9f426d32959a09a02f5e9975a52ad7e\transformed\legacy-support-core-utils-1.0.0-api.jar, C:\Users\leoja\.gradle\caches\transforms-3\15016f5bd754cfabe690ea2960a54261\transformed\loader-1.0.0-api.jar, C:\Users\leoja\.gradle\caches\transforms-3\38eb5dfe1150352db8c75e4a7f18404d\transformed\lifecycle-viewmodel-2.7.0-api.jar, C:\Users\leoja\.gradle\caches\transforms-3\3c5b5e5b24979e3db94e09c748b3890b\transformed\lifecycle-service-2.7.0-api.jar, C:\Users\leoja\.gradle\caches\transforms-3\c704fd5e6820c5045d5d36e3f453947f\transformed\lifecycle-process-2.7.0-api.jar, C:\Users\leoja\.gradle\caches\transforms-3\f4834198d33bd0bce3b11a9c8e501873\transformed\work-runtime-ktx-2.9.0-api.jar, C:\Users\leoja\.gradle\caches\transforms-3\4559dd1625818b06be8bca1239656ab8\transformed\work-runtime-2.9.0-api.jar, C:\Users\leoja\.gradle\caches\transforms-3\b3f6799363f4dd00664f76d567eae13d\transformed\lifecycle-livedata-2.7.0-api.jar, C:\Users\leoja\.gradle\caches\transforms-3\cb0721182121f2eda5c2ddd1eeedf050\transformed\lifecycle-runtime-ktx-2.7.0-api.jar, C:\Users\leoja\.gradle\caches\transforms-3\cd9a69e882a70d989b9282962c52ad93\transformed\appcompat-resources-1.6.1-api.jar, C:\Users\leoja\.gradle\caches\transforms-3\f533757ce47b86ec0751ee14ecd65863\transformed\drawerlayout-1.1.1-api.jar, C:\Users\leoja\.gradle\caches\transforms-3\4416bf719ccc8e299ece31eacef80399\transformed\coordinatorlayout-1.1.0-api.jar, C:\Users\leoja\.gradle\caches\transforms-3\0252a6acff1698e484055abf705c4fbd\transformed\recyclerview-1.1.0-api.jar, C:\Users\leoja\.gradle\caches\transforms-3\1b3bfb90ceb2cf9f68792b873dac00d0\transformed\transition-1.4.1-api.jar, C:\Users\leoja\.gradle\caches\transforms-3\2ae9d9a3fc993172ff8c4f6699ec7782\transformed\vectordrawable-animated-1.1.0-api.jar, C:\Users\leoja\.gradle\caches\transforms-3\f32bf90656ca1b7180360ec5fe49519b\transformed\vectordrawable-1.1.0-api.jar, C:\Users\leoja\.gradle\caches\transforms-3\3c57d0750b88da03605df81e52a5a1cf\transformed\viewpager-1.0.0-api.jar, C:\Users\leoja\.gradle\caches\transforms-3\10453a4911f02c5ec903fcaf76e09378\transformed\slidingpanelayout-1.2.0-api.jar, C:\Users\leoja\.gradle\caches\transforms-3\60682d6ef85379c86995d92777af9e6c\transformed\customview-1.1.0-api.jar, C:\Users\leoja\.gradle\caches\transforms-3\eb5c9f19b443ad2aa92a614852014fde\transformed\core-1.12.0-api.jar, C:\Users\leoja\.gradle\caches\transforms-3\fbc4cc3bcbccf5214c0bb18d2016f82f\transformed\lifecycle-runtime-2.7.0-api.jar, C:\Users\leoja\.gradle\caches\transforms-3\193c6af5fdae46925d29a7e34b02159a\transformed\lifecycle-viewmodel-ktx-2.7.0-api.jar, C:\Users\leoja\.gradle\caches\transforms-3\1aa305f14d93b49602edd18a5de4e287\transformed\lifecycle-livedata-ktx-2.7.0-api.jar, C:\Users\leoja\.gradle\caches\transforms-3\4d1122b506cfa45c2c54623ed3b1f6da\transformed\lifecycle-viewmodel-compose-2.7.0-api.jar, C:\Users\leoja\.gradle\caches\transforms-3\448769df45cb97e78ba4fdd1806b89bc\transformed\ui-release-api.jar, C:\Users\leoja\.gradle\caches\transforms-3\fc8d80fefb21094fbaefe5b96a6e3f0e\transformed\ui-tooling-preview-release-api.jar, C:\Users\leoja\.gradle\caches\transforms-3\8d57d4c561b75e4b08c8b2f368c7636a\transformed\ui-tooling-release-api.jar, C:\Users\leoja\.gradle\caches\transforms-3\b257244ae648be2f5020711bd08220b3\transformed\ui-test-manifest-1.5.4-api.jar, C:\Users\leoja\.gradle\caches\transforms-3\fc791cb4035f7f8487b63cdfde0acf00\transformed\activity-1.8.2-api.jar, C:\Users\leoja\.gradle\caches\transforms-3\4f9431b99a3678c122ff5e9514df8679\transformed\activity-compose-1.8.2-api.jar, C:\Users\leoja\.gradle\caches\transforms-3\28f5d61248ea6d8aa80b51f3e27c2b53\transformed\activity-ktx-1.8.2-api.jar, C:\Users\leoja\.gradle\caches\transforms-3\ceb341e23d605126082169f803333aa2\transformed\core-ktx-1.12.0-api.jar, C:\Users\leoja\.gradle\caches\modules-2\files-2.1\androidx.room\room-common\2.6.1\ff1b9580850a9b7eef56554e356628d225785265\room-common-2.6.1.jar, C:\Users\leoja\.gradle\caches\transforms-3\4b9a547487a52349783b4f9781f57f25\transformed\room-runtime-2.6.1-api.jar, C:\Users\leoja\.gradle\caches\transforms-3\8dd38aab49d99be2c530d85c5053a419\transformed\room-ktx-2.6.1-api.jar, C:\Users\leoja\.gradle\caches\transforms-3\88ab74477ac4d93b94fb1bbe6cbf6ff9\transformed\timber-5.0.1-api.jar, C:\Users\leoja\.gradle\caches\transforms-3\20b4a4384f826d47c659bfd727910b0b\transformed\savedstate-ktx-1.2.1-api.jar, C:\Users\leoja\.gradle\caches\transforms-3\9f22f38010ee99e90ac16ef7f3561ba6\transformed\savedstate-1.2.1-api.jar, C:\Users\leoja\.gradle\caches\transforms-3\978ff4e94ab235d13263e9d05ca067e5\transformed\annotation-experimental-1.3.0-api.jar, C:\Users\leoja\.gradle\caches\modules-2\files-2.1\androidx.collection\collection-ktx\1.1.0\f807b2f366f7b75142a67d2f3c10031065b5168\collection-ktx-1.1.0.jar, C:\Users\leoja\.gradle\caches\modules-2\files-2.1\com.squareup.okhttp3\logging-interceptor\4.12.0\e922c1f14d365c0f2bed140cc0825e18462c2778\logging-interceptor-4.12.0.jar, C:\Users\leoja\.gradle\caches\modules-2\files-2.1\org.jetbrains.kotlinx\kotlinx-coroutines-core-jvm\1.7.1\63a0779cf668e2a47d13fda7c3b0c4f8dc7762f4\kotlinx-coroutines-core-jvm-1.7.1.jar, C:\Users\leoja\.gradle\caches\modules-2\files-2.1\org.jetbrains.kotlinx\kotlinx-coroutines-android\1.7.1\c2d86b569f10b7fc7e28d3f50c0eed97897d77a7\kotlinx-coroutines-android-1.7.1.jar, C:\Users\leoja\.gradle\caches\modules-2\files-2.1\com.squareup.retrofit2\converter-gson\2.9.0\fc93484fc67ab52b1e0ccbdaa3922d8a6678e097\converter-gson-2.9.0.jar, C:\Users\leoja\.gradle\caches\modules-2\files-2.1\com.squareup.retrofit2\retrofit\2.9.0\d8fdfbd5da952141a665a403348b74538efc05ff\retrofit-2.9.0.jar, C:\Users\leoja\.gradle\caches\modules-2\files-2.1\com.squareup.okhttp3\okhttp\4.12.0\2f4525d4a200e97e1b87449c2cd9bd2e25b7e8cd\okhttp-4.12.0.jar, C:\Users\leoja\.gradle\caches\modules-2\files-2.1\com.squareup.okio\okio-jvm\3.6.0\5600569133b7bdefe1daf9ec7f4abeb6d13e1786\okio-jvm-3.6.0.jar, C:\Users\leoja\.gradle\caches\modules-2\files-2.1\org.jetbrains.kotlin\kotlin-stdlib-jdk8\1.9.10\c7510d64a83411a649c76f2778304ddf71d7437b\kotlin-stdlib-jdk8-1.9.10.jar, C:\Users\leoja\.gradle\caches\transforms-3\4a7dc48357636ae3c46e6f6fd2f195bd\transformed\cursoradapter-1.0.0-api.jar, C:\Users\leoja\.gradle\caches\transforms-3\b61e28cdec1966681391e30f159d4284\transformed\cardview-1.0.0-api.jar, C:\Users\leoja\.gradle\caches\transforms-3\ff924fe302accc5e2edf4448411b3570\transformed\sqlite-framework-2.4.0-api.jar, C:\Users\leoja\.gradle\caches\transforms-3\ef460c8b7386bc65bd85f1d7f3bed773\transformed\sqlite-2.4.0-api.jar, C:\Users\leoja\.gradle\caches\transforms-3\5b12659c7ec62f653acc52b97a721fa5\transformed\gifdecoder-4.16.0-api.jar, C:\Users\leoja\.gradle\caches\transforms-3\fadfd15ffb1d15a51e860d8539309831\transformed\core-runtime-2.2.0-api.jar, C:\Users\leoja\.gradle\caches\modules-2\files-2.1\androidx.arch.core\core-common\2.2.0\5e1b8b81dfd5f52c56a8d53b18ca759c19a301f3\core-common-2.2.0.jar, C:\Users\leoja\.gradle\caches\transforms-3\01d40390f4e13ce5e63a5fa45662f241\transformed\versionedparcelable-1.1.1-api.jar, C:\Users\leoja\.gradle\caches\modules-2\files-2.1\androidx.collection\collection\1.1.0\1f27220b47669781457de0d600849a5de0e89909\collection-1.1.0.jar, C:\Users\leoja\.gradle\caches\transforms-3\cff61172ed9af5e866882e8094e3c684\transformed\interpolator-1.0.0-api.jar, C:\Users\leoja\.gradle\caches\transforms-3\d810a606712169beec3dd2b83c03ff42\transformed\documentfile-1.0.0-api.jar, C:\Users\leoja\.gradle\caches\transforms-3\a90d9f45808c38eac14b10a685e45b36\transformed\localbroadcastmanager-1.0.0-api.jar, C:\Users\leoja\.gradle\caches\transforms-3\647998b24bb910bc34ba348ffed9ed5d\transformed\print-1.0.0-api.jar, C:\Users\leoja\.gradle\caches\modules-2\files-2.1\androidx.annotation\annotation-jvm\1.6.0\a7257339a052df0f91433cf9651231bbb802b502\annotation-jvm-1.6.0.jar, C:\Users\leoja\.gradle\caches\modules-2\files-2.1\org.jetbrains.kotlin\kotlin-stdlib-jdk7\1.9.10\bc5bfc2690338defd5195b05c57562f2194eeb10\kotlin-stdlib-jdk7-1.9.10.jar, C:\Users\leoja\.gradle\caches\modules-2\files-2.1\org.jetbrains.kotlin\kotlin-stdlib\1.9.21\17ee3e873d439566c7d8354403b5f3d9744c4c9c\kotlin-stdlib-1.9.21.jar, C:\Users\leoja\.gradle\caches\modules-2\files-2.1\org.jetbrains\annotations\23.0.0\8cc20c07506ec18e0834947b84a864bfc094484e\annotations-23.0.0.jar, C:\Users\leoja\.gradle\caches\transforms-3\6707ec695d1e03c75889005214df65ec\transformed\startup-runtime-1.1.1-api.jar, C:\Users\leoja\.gradle\caches\transforms-3\73e730f0cf2c9891064a47c8e472c9c0\transformed\tracing-1.0.0-api.jar, C:\Users\leoja\.gradle\caches\modules-2\files-2.1\com.google.guava\listenablefuture\1.0\c949a840a6acbc5268d088e47b04177bf90b3cad\listenablefuture-1.0.jar, C:\Users\leoja\.gradle\caches\modules-2\files-2.1\androidx.resourceinspection\resourceinspection-annotation\1.0.1\8c21f8ff5d96d5d52c948707f7e4d6ca6773feef\resourceinspection-annotation-1.0.1.jar, C:\Users\leoja\.gradle\caches\transforms-3\1abd341585f99fa152f2f30423465eed\transformed\constraintlayout-2.1.4-api.jar, C:\Users\leoja\.gradle\caches\modules-2\files-2.1\com.google.dagger\hilt-core\2.46.1\848183d99f6abf4fc7f29a97dbafc21d46a8ed27\hilt-core-2.46.1.jar, C:\Users\leoja\.gradle\caches\modules-2\files-2.1\com.google.dagger\dagger\2.46.1\8554769ea04410d4cbbd0e5f92ce5fd4e7b7f61\dagger-2.46.1.jar, C:\Users\leoja\.gradle\caches\modules-2\files-2.1\javax.inject\javax.inject\1\6975da39a7040257bd51d21a231b76c915872d38\javax.inject-1.jar, C:\Users\leoja\.gradle\caches\transforms-3\43f89e60308d636cd05695aa574026b2\transformed\dagger-lint-aar-2.46.1-api.jar, C:\Users\leoja\.gradle\caches\modules-2\files-2.1\com.google.code.findbugs\jsr305\3.0.2\25ea2e8b0c338a877313bd4672d3fe056ea78f0d\jsr305-3.0.2.jar, C:\Users\leoja\.gradle\caches\modules-2\files-2.1\com.github.bumptech.glide\disklrucache\4.16.0\411aa175d50d10b37c7a1a04d21a4e7145249557\disklrucache-4.16.0.jar, C:\Users\leoja\.gradle\caches\modules-2\files-2.1\com.github.bumptech.glide\annotations\4.16.0\90730f6498299d207aa0878124ab7585969808f0\annotations-4.16.0.jar, C:\Users\leoja\.gradle\caches\transforms-3\e630e905ac9af92e4877f133cc765e5c\transformed\exifinterface-1.3.6-api.jar, C:\Users\leoja\.gradle\caches\modules-2\files-2.1\com.google.code.gson\gson\2.8.5\f645ed69d595b24d4cf8b3fbb64cc505bede8829\gson-2.8.5.jar, C:\Users\leoja\.gradle\caches\modules-2\files-2.1\androidx.hilt\hilt-common\1.0.0\3c8727e21f194dd46aa78e44acbdf937ab045ebb\hilt-common-1.0.0.jar, C:\Users\leoja\AppData\Local\Android\Sdk\platforms\android-34\android.jar, C:\Users\leoja\AppData\Local\Android\Sdk\build-tools\33.0.1\core-lambda-stubs.jar
Java source roots: C:\Users\leoja\AndroidStudioProjects\PaleobyLeoRecipes\app\build\generated\source\buildConfig\debug\com\leo\paleorecipes\BuildConfig.java, C:\Users\leoja\AndroidStudioProjects\PaleobyLeoRecipes\app\build\generated\data_binding_base_class_source_out\debug\out\com\leo\paleorecipes\databinding\ActivityAboutPaleoBinding.java, C:\Users\leoja\AndroidStudioProjects\PaleobyLeoRecipes\app\build\generated\data_binding_base_class_source_out\debug\out\com\leo\paleorecipes\databinding\ActivityAddEditRecipeBinding.java, C:\Users\leoja\AndroidStudioProjects\PaleobyLeoRecipes\app\build\generated\data_binding_base_class_source_out\debug\out\com\leo\paleorecipes\databinding\ActivityAddRecipeBinding.java, C:\Users\leoja\AndroidStudioProjects\PaleobyLeoRecipes\app\build\generated\data_binding_base_class_source_out\debug\out\com\leo\paleorecipes\databinding\ActivityFridgeBinding.java, C:\Users\leoja\AndroidStudioProjects\PaleobyLeoRecipes\app\build\generated\data_binding_base_class_source_out\debug\out\com\leo\paleorecipes\databinding\ActivityMainBinding.java, C:\Users\leoja\AndroidStudioProjects\PaleobyLeoRecipes\app\build\generated\data_binding_base_class_source_out\debug\out\com\leo\paleorecipes\databinding\ActivityMainSimpleBinding.java, C:\Users\leoja\AndroidStudioProjects\PaleobyLeoRecipes\app\build\generated\data_binding_base_class_source_out\debug\out\com\leo\paleorecipes\databinding\ActivityRecipeDetailBinding.java, C:\Users\leoja\AndroidStudioProjects\PaleobyLeoRecipes\app\build\generated\data_binding_base_class_source_out\debug\out\com\leo\paleorecipes\databinding\ActivityRecipeDetailNewBinding.java, C:\Users\leoja\AndroidStudioProjects\PaleobyLeoRecipes\app\build\generated\data_binding_base_class_source_out\debug\out\com\leo\paleorecipes\databinding\ActivityRecipeListBinding.java, C:\Users\leoja\AndroidStudioProjects\PaleobyLeoRecipes\app\build\generated\data_binding_base_class_source_out\debug\out\com\leo\paleorecipes\databinding\ActivityRecipeSearchContainerBinding.java, C:\Users\leoja\AndroidStudioProjects\PaleobyLeoRecipes\app\build\generated\data_binding_base_class_source_out\debug\out\com\leo\paleorecipes\databinding\ActivitySettingsBinding.java, C:\Users\leoja\AndroidStudioProjects\PaleobyLeoRecipes\app\build\generated\data_binding_base_class_source_out\debug\out\com\leo\paleorecipes\databinding\ActivitySplashBinding.java, C:\Users\leoja\AndroidStudioProjects\PaleobyLeoRecipes\app\build\generated\data_binding_base_class_source_out\debug\out\com\leo\paleorecipes\databinding\CustomPopupMenuBinding.java, C:\Users\leoja\AndroidStudioProjects\PaleobyLeoRecipes\app\build\generated\data_binding_base_class_source_out\debug\out\com\leo\paleorecipes\databinding\FragmentFridgeBinding.java, C:\Users\leoja\AndroidStudioProjects\PaleobyLeoRecipes\app\build\generated\data_binding_base_class_source_out\debug\out\com\leo\paleorecipes\databinding\FragmentRecipeSearchBinding.java, C:\Users\leoja\AndroidStudioProjects\PaleobyLeoRecipes\app\build\generated\data_binding_base_class_source_out\debug\out\com\leo\paleorecipes\databinding\FragmentRecipeSearchListBinding.java, C:\Users\leoja\AndroidStudioProjects\PaleobyLeoRecipes\app\build\generated\data_binding_base_class_source_out\debug\out\com\leo\paleorecipes\databinding\ItemIngredientBinding.java, C:\Users\leoja\AndroidStudioProjects\PaleobyLeoRecipes\app\build\generated\data_binding_base_class_source_out\debug\out\com\leo\paleorecipes\databinding\ItemRecipeBasicBinding.java, C:\Users\leoja\AndroidStudioProjects\PaleobyLeoRecipes\app\build\generated\data_binding_base_class_source_out\debug\out\com\leo\paleorecipes\databinding\ItemRecipeBinding.java, C:\Users\leoja\AndroidStudioProjects\PaleobyLeoRecipes\app\build\generated\data_binding_base_class_source_out\debug\out\com\leo\paleorecipes\databinding\ItemRecipeSimpleBinding.java, C:\Users\leoja\AndroidStudioProjects\PaleobyLeoRecipes\app\build\generated\data_binding_base_class_source_out\debug\out\com\leo\paleorecipes\databinding\PopupMenuItemBinding.java, C:\Users\leoja\AndroidStudioProjects\PaleobyLeoRecipes\app\build\generated\data_binding_base_class_source_out\debug\out\com\leo\paleorecipes\databinding\PrintRecipeDetailBinding.java, C:\Users\leoja\AndroidStudioProjects\PaleobyLeoRecipes\app\build\generated\data_binding_trigger\debug\com\leo\paleorecipes\DataBindingTriggerClass.java, C:\Users\leoja\AndroidStudioProjects\PaleobyLeoRecipes\app\build\tmp\kapt3\stubs\debug\com\leo\paleorecipes\AboutActivity.java, C:\Users\leoja\AndroidStudioProjects\PaleobyLeoRecipes\app\build\tmp\kapt3\stubs\debug\com\leo\paleorecipes\AboutPaleoActivity.java, C:\Users\leoja\AndroidStudioProjects\PaleobyLeoRecipes\app\build\tmp\kapt3\stubs\debug\com\leo\paleorecipes\adapter\IngredientDiffCallback.java, C:\Users\leoja\AndroidStudioProjects\PaleobyLeoRecipes\app\build\tmp\kapt3\stubs\debug\com\leo\paleorecipes\adapter\IngredientsAdapter.java, C:\Users\leoja\AndroidStudioProjects\PaleobyLeoRecipes\app\build\tmp\kapt3\stubs\debug\com\leo\paleorecipes\adapter\RecipeDiffCallback.java, C:\Users\leoja\AndroidStudioProjects\PaleobyLeoRecipes\app\build\tmp\kapt3\stubs\debug\com\leo\paleorecipes\adapter\RecipesAdapter.java, C:\Users\leoja\AndroidStudioProjects\PaleobyLeoRecipes\app\build\tmp\kapt3\stubs\debug\com\leo\paleorecipes\AddEditRecipeActivity.java, C:\Users\leoja\AndroidStudioProjects\PaleobyLeoRecipes\app\build\tmp\kapt3\stubs\debug\com\leo\paleorecipes\AddRecipeActivity.java, C:\Users\leoja\AndroidStudioProjects\PaleobyLeoRecipes\app\build\tmp\kapt3\stubs\debug\com\leo\paleorecipes\BaseActivity.java, C:\Users\leoja\AndroidStudioProjects\PaleobyLeoRecipes\app\build\tmp\kapt3\stubs\debug\com\leo\paleorecipes\data\api\ApiClient.java, C:\Users\leoja\AndroidStudioProjects\PaleobyLeoRecipes\app\build\tmp\kapt3\stubs\debug\com\leo\paleorecipes\data\api\model\ApiAnalyzedInstruction.java, C:\Users\leoja\AndroidStudioProjects\PaleobyLeoRecipes\app\build\tmp\kapt3\stubs\debug\com\leo\paleorecipes\data\api\model\ApiEquipment.java, C:\Users\leoja\AndroidStudioProjects\PaleobyLeoRecipes\app\build\tmp\kapt3\stubs\debug\com\leo\paleorecipes\data\api\model\ApiIngredient.java, C:\Users\leoja\AndroidStudioProjects\PaleobyLeoRecipes\app\build\tmp\kapt3\stubs\debug\com\leo\paleorecipes\data\api\model\ApiInstructionStep.java, C:\Users\leoja\AndroidStudioProjects\PaleobyLeoRecipes\app\build\tmp\kapt3\stubs\debug\com\leo\paleorecipes\data\api\model\ApiRecipe.java, C:\Users\leoja\AndroidStudioProjects\PaleobyLeoRecipes\app\build\tmp\kapt3\stubs\debug\com\leo\paleorecipes\data\api\model\ApiRecipeDetail.java, C:\Users\leoja\AndroidStudioProjects\PaleobyLeoRecipes\app\build\tmp\kapt3\stubs\debug\com\leo\paleorecipes\data\api\SpoonacularApiService.java, C:\Users\leoja\AndroidStudioProjects\PaleobyLeoRecipes\app\build\tmp\kapt3\stubs\debug\com\leo\paleorecipes\data\AppDatabase.java, C:\Users\leoja\AndroidStudioProjects\PaleobyLeoRecipes\app\build\tmp\kapt3\stubs\debug\com\leo\paleorecipes\data\Converters.java, C:\Users\leoja\AndroidStudioProjects\PaleobyLeoRecipes\app\build\tmp\kapt3\stubs\debug\com\leo\paleorecipes\data\local\dao\IngredientDao.java, C:\Users\leoja\AndroidStudioProjects\PaleobyLeoRecipes\app\build\tmp\kapt3\stubs\debug\com\leo\paleorecipes\data\local\entity\IngredientEntity.java, C:\Users\leoja\AndroidStudioProjects\PaleobyLeoRecipes\app\build\tmp\kapt3\stubs\debug\com\leo\paleorecipes\data\model\AnalyzedInstruction.java, C:\Users\leoja\AndroidStudioProjects\PaleobyLeoRecipes\app\build\tmp\kapt3\stubs\debug\com\leo\paleorecipes\data\model\DomainRecipe.java, C:\Users\leoja\AndroidStudioProjects\PaleobyLeoRecipes\app\build\tmp\kapt3\stubs\debug\com\leo\paleorecipes\data\model\Equipment.java, C:\Users\leoja\AndroidStudioProjects\PaleobyLeoRecipes\app\build\tmp\kapt3\stubs\debug\com\leo\paleorecipes\data\model\ExtendedIngredient.java, C:\Users\leoja\AndroidStudioProjects\PaleobyLeoRecipes\app\build\tmp\kapt3\stubs\debug\com\leo\paleorecipes\data\model\Ingredient.java, C:\Users\leoja\AndroidStudioProjects\PaleobyLeoRecipes\app\build\tmp\kapt3\stubs\debug\com\leo\paleorecipes\data\model\Length.java, C:\Users\leoja\AndroidStudioProjects\PaleobyLeoRecipes\app\build\tmp\kapt3\stubs\debug\com\leo\paleorecipes\data\model\Recipe.java, C:\Users\leoja\AndroidStudioProjects\PaleobyLeoRecipes\app\build\tmp\kapt3\stubs\debug\com\leo\paleorecipes\data\model\RecipeDetail.java, C:\Users\leoja\AndroidStudioProjects\PaleobyLeoRecipes\app\build\tmp\kapt3\stubs\debug\com\leo\paleorecipes\data\model\RecipeDetailResponse.java, C:\Users\leoja\AndroidStudioProjects\PaleobyLeoRecipes\app\build\tmp\kapt3\stubs\debug\com\leo\paleorecipes\data\model\RecipeResponse.java, C:\Users\leoja\AndroidStudioProjects\PaleobyLeoRecipes\app\build\tmp\kapt3\stubs\debug\com\leo\paleorecipes\data\model\Step.java, C:\Users\leoja\AndroidStudioProjects\PaleobyLeoRecipes\app\build\tmp\kapt3\stubs\debug\com\leo\paleorecipes\data\model\Temperature.java, C:\Users\leoja\AndroidStudioProjects\PaleobyLeoRecipes\app\build\tmp\kapt3\stubs\debug\com\leo\paleorecipes\data\Recipe.java, C:\Users\leoja\AndroidStudioProjects\PaleobyLeoRecipes\app\build\tmp\kapt3\stubs\debug\com\leo\paleorecipes\data\RecipeDao.java, C:\Users\leoja\AndroidStudioProjects\PaleobyLeoRecipes\app\build\tmp\kapt3\stubs\debug\com\leo\paleorecipes\data\RecipeMapper.java, C:\Users\leoja\AndroidStudioProjects\PaleobyLeoRecipes\app\build\tmp\kapt3\stubs\debug\com\leo\paleorecipes\data\repository\IngredientRepository.java, C:\Users\leoja\AndroidStudioProjects\PaleobyLeoRecipes\app\build\tmp\kapt3\stubs\debug\com\leo\paleorecipes\data\repository\IngredientRepositoryImpl.java, C:\Users\leoja\AndroidStudioProjects\PaleobyLeoRecipes\app\build\tmp\kapt3\stubs\debug\com\leo\paleorecipes\data\repository\RecipeRepository.java, C:\Users\leoja\AndroidStudioProjects\PaleobyLeoRecipes\app\build\tmp\kapt3\stubs\debug\com\leo\paleorecipes\data\repository\RecipeRepositoryImpl.java, C:\Users\leoja\AndroidStudioProjects\PaleobyLeoRecipes\app\build\tmp\kapt3\stubs\debug\com\leo\paleorecipes\di\AppModule.java, C:\Users\leoja\AndroidStudioProjects\PaleobyLeoRecipes\app\build\tmp\kapt3\stubs\debug\com\leo\paleorecipes\di\DatabaseModule.java, C:\Users\leoja\AndroidStudioProjects\PaleobyLeoRecipes\app\build\tmp\kapt3\stubs\debug\com\leo\paleorecipes\di\HiltWorkerFactory.java, C:\Users\leoja\AndroidStudioProjects\PaleobyLeoRecipes\app\build\tmp\kapt3\stubs\debug\com\leo\paleorecipes\di\RepositoryModule.java, C:\Users\leoja\AndroidStudioProjects\PaleobyLeoRecipes\app\build\tmp\kapt3\stubs\debug\com\leo\paleorecipes\di\TestModule.java, C:\Users\leoja\AndroidStudioProjects\PaleobyLeoRecipes\app\build\tmp\kapt3\stubs\debug\com\leo\paleorecipes\di\WorkerFactoryModule.java, C:\Users\leoja\AndroidStudioProjects\PaleobyLeoRecipes\app\build\tmp\kapt3\stubs\debug\com\leo\paleorecipes\di\WorkerHelperModule.java, C:\Users\leoja\AndroidStudioProjects\PaleobyLeoRecipes\app\build\tmp\kapt3\stubs\debug\com\leo\paleorecipes\di\WorkerModule.java, C:\Users\leoja\AndroidStudioProjects\PaleobyLeoRecipes\app\build\tmp\kapt3\stubs\debug\com\leo\paleorecipes\FridgeActivity.java, C:\Users\leoja\AndroidStudioProjects\PaleobyLeoRecipes\app\build\tmp\kapt3\stubs\debug\com\leo\paleorecipes\MainActivity.java, C:\Users\leoja\AndroidStudioProjects\PaleobyLeoRecipes\app\build\tmp\kapt3\stubs\debug\com\leo\paleorecipes\MainActivityCompose.java, C:\Users\leoja\AndroidStudioProjects\PaleobyLeoRecipes\app\build\tmp\kapt3\stubs\debug\com\leo\paleorecipes\MainActivityComposeKt.java, C:\Users\leoja\AndroidStudioProjects\PaleobyLeoRecipes\app\build\tmp\kapt3\stubs\debug\com\leo\paleorecipes\network\ExtendedIngredient.java, C:\Users\leoja\AndroidStudioProjects\PaleobyLeoRecipes\app\build\tmp\kapt3\stubs\debug\com\leo\paleorecipes\network\RecipeDetailResponse.java, C:\Users\leoja\AndroidStudioProjects\PaleobyLeoRecipes\app\build\tmp\kapt3\stubs\debug\com\leo\paleorecipes\network\SpoonacularApi.java, C:\Users\leoja\AndroidStudioProjects\PaleobyLeoRecipes\app\build\tmp\kapt3\stubs\debug\com\leo\paleorecipes\network\SpoonacularService.java, C:\Users\leoja\AndroidStudioProjects\PaleobyLeoRecipes\app\build\tmp\kapt3\stubs\debug\com\leo\paleorecipes\PaleoRecipesApplication.java, C:\Users\leoja\AndroidStudioProjects\PaleobyLeoRecipes\app\build\tmp\kapt3\stubs\debug\com\leo\paleorecipes\RecipeAdapter.java, C:\Users\leoja\AndroidStudioProjects\PaleobyLeoRecipes\app\build\tmp\kapt3\stubs\debug\com\leo\paleorecipes\RecipeDetailActivity.java, C:\Users\leoja\AndroidStudioProjects\PaleobyLeoRecipes\app\build\tmp\kapt3\stubs\debug\com\leo\paleorecipes\RecipeDiffCallback.java, C:\Users\leoja\AndroidStudioProjects\PaleobyLeoRecipes\app\build\tmp\kapt3\stubs\debug\com\leo\paleorecipes\RecipeListActivity.java, C:\Users\leoja\AndroidStudioProjects\PaleobyLeoRecipes\app\build\tmp\kapt3\stubs\debug\com\leo\paleorecipes\RecipePrintAdapter.java, C:\Users\leoja\AndroidStudioProjects\PaleobyLeoRecipes\app\build\tmp\kapt3\stubs\debug\com\leo\paleorecipes\SettingsActivity.java, C:\Users\leoja\AndroidStudioProjects\PaleobyLeoRecipes\app\build\tmp\kapt3\stubs\debug\com\leo\paleorecipes\SplashActivity.java, C:\Users\leoja\AndroidStudioProjects\PaleobyLeoRecipes\app\build\tmp\kapt3\stubs\debug\com\leo\paleorecipes\ui\components\BlackTextInputEditText.java, C:\Users\leoja\AndroidStudioProjects\PaleobyLeoRecipes\app\build\tmp\kapt3\stubs\debug\com\leo\paleorecipes\ui\fridge\FridgeFragment.java, C:\Users\leoja\AndroidStudioProjects\PaleobyLeoRecipes\app\build\tmp\kapt3\stubs\debug\com\leo\paleorecipes\ui\fridge\FridgeViewModel.java, C:\Users\leoja\AndroidStudioProjects\PaleobyLeoRecipes\app\build\tmp\kapt3\stubs\debug\com\leo\paleorecipes\ui\search\RecipeSearchActivity.java, C:\Users\leoja\AndroidStudioProjects\PaleobyLeoRecipes\app\build\tmp\kapt3\stubs\debug\com\leo\paleorecipes\ui\search\RecipeSearchFragment.java, C:\Users\leoja\AndroidStudioProjects\PaleobyLeoRecipes\app\build\tmp\kapt3\stubs\debug\com\leo\paleorecipes\ui\search\RecipeSearchViewModel.java, C:\Users\leoja\AndroidStudioProjects\PaleobyLeoRecipes\app\build\tmp\kapt3\stubs\debug\com\leo\paleorecipes\ui\theme\ColorsKt.java, C:\Users\leoja\AndroidStudioProjects\PaleobyLeoRecipes\app\build\tmp\kapt3\stubs\debug\com\leo\paleorecipes\ui\theme\ThemeKt.java, C:\Users\leoja\AndroidStudioProjects\PaleobyLeoRecipes\app\build\tmp\kapt3\stubs\debug\com\leo\paleorecipes\ui\theme\TypeKt.java, C:\Users\leoja\AndroidStudioProjects\PaleobyLeoRecipes\app\build\tmp\kapt3\stubs\debug\com\leo\paleorecipes\util\SingleLiveEvent.java, C:\Users\leoja\AndroidStudioProjects\PaleobyLeoRecipes\app\build\tmp\kapt3\stubs\debug\com\leo\paleorecipes\utils\ApiErrorHandler.java, C:\Users\leoja\AndroidStudioProjects\PaleobyLeoRecipes\app\build\tmp\kapt3\stubs\debug\com\leo\paleorecipes\utils\ApiResponse.java, C:\Users\leoja\AndroidStudioProjects\PaleobyLeoRecipes\app\build\tmp\kapt3\stubs\debug\com\leo\paleorecipes\utils\ApiResponseKt.java, C:\Users\leoja\AndroidStudioProjects\PaleobyLeoRecipes\app\build\tmp\kapt3\stubs\debug\com\leo\paleorecipes\utils\ConnectivityManagerNetworkMonitor.java, C:\Users\leoja\AndroidStudioProjects\PaleobyLeoRecipes\app\build\tmp\kapt3\stubs\debug\com\leo\paleorecipes\utils\DateTimeUtils.java, C:\Users\leoja\AndroidStudioProjects\PaleobyLeoRecipes\app\build\tmp\kapt3\stubs\debug\com\leo\paleorecipes\utils\DefaultDispatcherProvider.java, C:\Users\leoja\AndroidStudioProjects\PaleobyLeoRecipes\app\build\tmp\kapt3\stubs\debug\com\leo\paleorecipes\utils\DispatcherProvider.java, C:\Users\leoja\AndroidStudioProjects\PaleobyLeoRecipes\app\build\tmp\kapt3\stubs\debug\com\leo\paleorecipes\utils\FileUtils.java, C:\Users\leoja\AndroidStudioProjects\PaleobyLeoRecipes\app\build\tmp\kapt3\stubs\debug\com\leo\paleorecipes\utils\ImageLoader.java, C:\Users\leoja\AndroidStudioProjects\PaleobyLeoRecipes\app\build\tmp\kapt3\stubs\debug\com\leo\paleorecipes\utils\ImageUtils.java, C:\Users\leoja\AndroidStudioProjects\PaleobyLeoRecipes\app\build\tmp\kapt3\stubs\debug\com\leo\paleorecipes\utils\NetworkConnectivityObserver.java, C:\Users\leoja\AndroidStudioProjects\PaleobyLeoRecipes\app\build\tmp\kapt3\stubs\debug\com\leo\paleorecipes\utils\NetworkMonitor.java, C:\Users\leoja\AndroidStudioProjects\PaleobyLeoRecipes\app\build\tmp\kapt3\stubs\debug\com\leo\paleorecipes\utils\NetworkUtils.java, C:\Users\leoja\AndroidStudioProjects\PaleobyLeoRecipes\app\build\tmp\kapt3\stubs\debug\com\leo\paleorecipes\utils\PreferenceHelper.java, C:\Users\leoja\AndroidStudioProjects\PaleobyLeoRecipes\app\build\tmp\kapt3\stubs\debug\com\leo\paleorecipes\utils\Resource.java, C:\Users\leoja\AndroidStudioProjects\PaleobyLeoRecipes\app\build\tmp\kapt3\stubs\debug\com\leo\paleorecipes\utils\TestDispatcherProvider.java, C:\Users\leoja\AndroidStudioProjects\PaleobyLeoRecipes\app\build\tmp\kapt3\stubs\debug\com\leo\paleorecipes\viewmodel\RecipeViewModel.java, C:\Users\leoja\AndroidStudioProjects\PaleobyLeoRecipes\app\build\tmp\kapt3\stubs\debug\com\leo\paleorecipes\workers\ChildWorkerFactory.java, C:\Users\leoja\AndroidStudioProjects\PaleobyLeoRecipes\app\build\tmp\kapt3\stubs\debug\com\leo\paleorecipes\workers\SyncRecipesWorker.java, C:\Users\leoja\AndroidStudioProjects\PaleobyLeoRecipes\app\build\tmp\kapt3\stubs\debug\com\leo\paleorecipes\workers\WorkManagerHelper.java, C:\Users\leoja\AndroidStudioProjects\PaleobyLeoRecipes\app\build\tmp\kapt3\stubs\debug\error\NonExistentClass.java
Sources output directory: C:\Users\leoja\AndroidStudioProjects\PaleobyLeoRecipes\app\build\generated\source\kapt\debug
Class files output directory: C:\Users\leoja\AndroidStudioProjects\PaleobyLeoRecipes\app\build\tmp\kapt3\classes\debug
Stubs output directory: C:\Users\leoja\AndroidStudioProjects\PaleobyLeoRecipes\app\build\tmp\kapt3\stubs\debug
Incremental data output directory: C:\Users\leoja\AndroidStudioProjects\PaleobyLeoRecipes\app\build\tmp\kapt3\stubs\debug
Annotation processing classpath: C:\Users\leoja\.gradle\caches\modules-2\files-2.1\com.google.dagger\hilt-android-compiler\2.46.1\7938f34d3318a5d75de85646757991af2a56ccd3\hilt-android-compiler-2.46.1.jar, C:\Users\leoja\.gradle\caches\modules-2\files-2.1\androidx.hilt\hilt-compiler\1.0.0\282fb739f492e9dd5b9dcf1bef8f8c9b7a2b5c18\hilt-compiler-1.0.0.jar, C:\Users\leoja\.gradle\caches\modules-2\files-2.1\androidx.room\room-migration\2.6.1\8d8218e4ccfe9b34485619a8ca68f8760840301d\room-migration-2.6.1.jar, C:\Users\leoja\.gradle\caches\modules-2\files-2.1\androidx.room\room-compiler-processing\2.6.1\64891dd45a3adbb4137f338563b6d716dca7c456\room-compiler-processing-2.6.1.jar, C:\Users\leoja\.gradle\caches\modules-2\files-2.1\androidx.room\room-common\2.6.1\ff1b9580850a9b7eef56554e356628d225785265\room-common-2.6.1.jar, C:\Users\leoja\.gradle\caches\modules-2\files-2.1\androidx.room\room-compiler\2.6.1\d789379e27b40fa5cc6e17f4c56988d6500a4036\room-compiler-2.6.1.jar, C:\Users\leoja\.gradle\caches\modules-2\files-2.1\com.github.bumptech.glide\compiler\4.16.0\1749a31b9b16306702244fc6faec167340599549\compiler-4.16.0.jar, C:\Users\leoja\.gradle\caches\modules-2\files-2.1\androidx.databinding\databinding-compiler\8.1.0\a324e499c3fe87870c6bfcd93200194fe02bb78f\databinding-compiler-8.1.0.jar, C:\Users\leoja\.gradle\caches\modules-2\files-2.1\com.google.dagger\dagger-compiler\2.46.1\29d5d3b9eee228457d9df70fa2a41dbdf1c82bd7\dagger-compiler-2.46.1.jar, C:\Users\leoja\.gradle\caches\modules-2\files-2.1\com.google.dagger\dagger-spi\2.46.1\e8dc8f60a8c08a48ff36f5dca847f729af8d6c35\dagger-spi-2.46.1.jar, C:\Users\leoja\.gradle\caches\modules-2\files-2.1\com.google.dagger\dagger-producers\2.46.1\6286f1ed8921cefe8d0a7606f7e765be72a67484\dagger-producers-2.46.1.jar, C:\Users\leoja\.gradle\caches\modules-2\files-2.1\com.google.dagger\dagger\2.46.1\8554769ea04410d4cbbd0e5f92ce5fd4e7b7f61\dagger-2.46.1.jar, C:\Users\leoja\.gradle\caches\modules-2\files-2.1\com.google.auto\auto-common\0.11\345a7dc983e11c123c8000a53383cc2b83848caf\auto-common-0.11.jar, C:\Users\leoja\.gradle\caches\modules-2\files-2.1\androidx.databinding\databinding-compiler-common\8.1.0\a1c7a90144aedb0b918534ea90f928e18855264b\databinding-compiler-common-8.1.0.jar, C:\Users\leoja\.gradle\caches\modules-2\files-2.1\com.google.googlejavaformat\google-java-format\1.5\fba7f130d29061d2d2ea384b4880c10cae92ef73\google-java-format-1.5.jar, C:\Users\leoja\.gradle\caches\modules-2\files-2.1\com.google.guava\guava\31.1-jre\60458f877d055d0c9114d9e1a2efb737b4bc282c\guava-31.1-jre.jar, C:\Users\leoja\.gradle\caches\modules-2\files-2.1\com.google.code.findbugs\jsr305\3.0.2\25ea2e8b0c338a877313bd4672d3fe056ea78f0d\jsr305-3.0.2.jar, C:\Users\leoja\.gradle\caches\modules-2\files-2.1\com.google.guava\failureaccess\1.0.1\1dcf1de382a0bf95a3d8b0849546c88bac1292c9\failureaccess-1.0.1.jar, C:\Users\leoja\.gradle\caches\modules-2\files-2.1\com.squareup\kotlinpoet-javapoet\1.14.2\e4481d491afe47e3dcce952c87628141dc16454b\kotlinpoet-javapoet-1.14.2.jar, C:\Users\leoja\.gradle\caches\modules-2\files-2.1\com.squareup\javapoet\1.13.0\d6562d385049f35eb50403fa86bb11cce76b866a\javapoet-1.13.0.jar, C:\Users\leoja\.gradle\caches\modules-2\files-2.1\javax.annotation\javax.annotation-api\1.3.2\934c04d3cfef185a8008e7bf34331b79730a9d43\javax.annotation-api-1.3.2.jar, C:\Users\leoja\.gradle\caches\modules-2\files-2.1\javax.inject\javax.inject\1\6975da39a7040257bd51d21a231b76c915872d38\javax.inject-1.jar, C:\Users\leoja\.gradle\caches\modules-2\files-2.1\net.ltgt.gradle.incap\incap\0.2\c73e3db9bee414d6ee27995d951fcdbee09acad\incap-0.2.jar, C:\Users\leoja\.gradle\caches\modules-2\files-2.1\com.google.devtools.ksp\symbol-processing-api\1.9.0-1.0.13\c001c57ba3e093c65d23e124adfcdf5df9dde8a2\symbol-processing-api-1.9.0-1.0.13.jar, C:\Users\leoja\.gradle\caches\modules-2\files-2.1\com.squareup\kotlinpoet\1.14.2\b6741951260d555a05932e39de177fc64ef450bd\kotlinpoet-1.14.2.jar, C:\Users\leoja\.gradle\caches\modules-2\files-2.1\org.jetbrains.kotlin\kotlin-stdlib-jdk8\1.8.22\b25c86d47d6b962b9cf0f8c3f320c8a10eea3dd1\kotlin-stdlib-jdk8-1.8.22.jar, C:\Users\leoja\.gradle\caches\modules-2\files-2.1\org.jetbrains.kotlin\kotlin-reflect\1.8.21\662838019bc1141f8a311180d93b9e13765c7f55\kotlin-reflect-1.8.21.jar, C:\Users\leoja\.gradle\caches\modules-2\files-2.1\com.android.tools.build.jetifier\jetifier-core\1.0.0-beta10\6e621022a9c95af12a7004d6b55805bbd1126837\jetifier-core-1.0.0-beta10.jar, C:\Users\leoja\.gradle\caches\modules-2\files-2.1\org.jetbrains.kotlin\kotlin-stdlib-jdk7\1.8.22\4dabb8248310d833bb6a8b516024a91fd3d275c\kotlin-stdlib-jdk7-1.8.22.jar, C:\Users\leoja\.gradle\caches\modules-2\files-2.1\org.jetbrains.kotlin\kotlin-stdlib\1.9.0\8ee15ef0c67dc83d874f412d84378d7f0eb50b63\kotlin-stdlib-1.9.0.jar, C:\Users\leoja\.gradle\caches\modules-2\files-2.1\com.google.auto.value\auto-value-annotations\1.6.3\b88c1bb7f149f6d2cc03898359283e57b08f39cc\auto-value-annotations-1.6.3.jar, C:\Users\leoja\.gradle\caches\modules-2\files-2.1\com.intellij\annotations\12.0\bbcf6448f6d40abe506e2c83b70a3e8bfd2b4539\annotations-12.0.jar, C:\Users\leoja\.gradle\caches\modules-2\files-2.1\commons-codec\commons-codec\1.15\49d94806b6e3dc933dacbd8acb0fdbab8ebd1e5d\commons-codec-1.15.jar, C:\Users\leoja\.gradle\caches\modules-2\files-2.1\org.xerial\sqlite-jdbc\3.41.2.2\ddeb8d3a3004f412ed19b4c98b3aec11d9452ab5\sqlite-jdbc-3.41.2.2.jar, C:\Users\leoja\.gradle\caches\modules-2\files-2.1\com.github.bumptech.glide\annotations\4.16.0\90730f6498299d207aa0878124ab7585969808f0\annotations-4.16.0.jar, C:\Users\leoja\.gradle\caches\modules-2\files-2.1\androidx.databinding\databinding-common\8.1.0\2be3530b78477835e69dce953b17adc1dbc5c6fa\databinding-common-8.1.0.jar, C:\Users\leoja\.gradle\caches\modules-2\files-2.1\com.android.tools\annotations\31.1.0\d70720d1aed8e56163636f82782985acfe66eba8\annotations-31.1.0.jar, C:\Users\leoja\.gradle\caches\modules-2\files-2.1\com.google.code.gson\gson\2.9.0\8a1167e089096758b49f9b34066ef98b2f4b37aa\gson-2.9.0.jar, C:\Users\leoja\.gradle\caches\modules-2\files-2.1\com.googlecode.juniversalchardet\juniversalchardet\1.0.3\cd49678784c46aa8789c060538e0154013bb421b\juniversalchardet-1.0.3.jar, C:\Users\leoja\.gradle\caches\modules-2\files-2.1\commons-io\commons-io\2.4\b1b6ea3b7e4aa4f492509a4952029cd8e48019ad\commons-io-2.4.jar, C:\Users\leoja\.gradle\caches\modules-2\files-2.1\org.glassfish.jaxb\jaxb-runtime\2.3.2\5528bc882ea499a09d720b42af11785c4fc6be2a\jaxb-runtime-2.3.2.jar, C:\Users\leoja\.gradle\caches\modules-2\files-2.1\org.checkerframework\checker-compat-qual\2.5.5\435dc33e3019c9f019e15f01aa111de9d6b2b79c\checker-compat-qual-2.5.5.jar, C:\Users\leoja\.gradle\caches\modules-2\files-2.1\org.jetbrains.kotlin\kotlin-stdlib-common\1.9.0\cd65c21cfd1eec4d44ef09f9f52b6d9f8a720636\kotlin-stdlib-common-1.9.0.jar, C:\Users\leoja\.gradle\caches\modules-2\files-2.1\org.jetbrains\annotations\13.0\919f0dfe192fb4e063e7dacadee7f8bb9a2672a9\annotations-13.0.jar, C:\Users\leoja\.gradle\caches\modules-2\files-2.1\androidx.annotation\annotation\1.3.0\21f49f5f9b85fc49de712539f79123119740595\annotation-1.3.0.jar, C:\Users\leoja\.gradle\caches\modules-2\files-2.1\com.google.guava\listenablefuture\9999.0-empty-to-avoid-conflict-with-guava\b421526c5f297295adef1c886e5246c39d4ac629\listenablefuture-9999.0-empty-to-avoid-conflict-with-guava.jar, C:\Users\leoja\.gradle\caches\modules-2\files-2.1\org.checkerframework\checker-qual\3.12.0\d5692f0526415fcc6de94bb5bfbd3afd9dd3b3e5\checker-qual-3.12.0.jar, C:\Users\leoja\.gradle\caches\modules-2\files-2.1\com.google.errorprone\error_prone_annotations\2.11.0\c5a0ace696d3f8b1c1d8cc036d8c03cc0cbe6b69\error_prone_annotations-2.11.0.jar, C:\Users\leoja\.gradle\caches\modules-2\files-2.1\com.google.j2objc\j2objc-annotations\1.3\ba035118bc8bac37d7eff77700720999acd9986d\j2objc-annotations-1.3.jar, C:\Users\leoja\.gradle\caches\modules-2\files-2.1\com.android.databinding\baseLibrary\8.1.0\7e7399239e52d4069896277615e005add7ae8e5a\baseLibrary-8.1.0.jar, C:\Users\leoja\.gradle\caches\modules-2\files-2.1\org.jvnet.staxex\stax-ex\1.8.1\78011e483a21102fb4858f3e8f269a677e50aa23\stax-ex-1.8.1.jar, C:\Users\leoja\.gradle\caches\modules-2\files-2.1\jakarta.xml.bind\jakarta.xml.bind-api\2.3.2\8d49996a4338670764d7ca4b85a1c4ccf7fe665d\jakarta.xml.bind-api-2.3.2.jar, C:\Users\leoja\.gradle\caches\modules-2\files-2.1\org.glassfish.jaxb\txw2\2.3.2\ce5be7da2e442c25ec14c766cb60cb802741727b\txw2-2.3.2.jar, C:\Users\leoja\.gradle\caches\modules-2\files-2.1\com.sun.istack\istack-commons-runtime\3.0.8\d6a97364045aa6b99bf2d3c566a3f98599c2d296\istack-commons-runtime-3.0.8.jar, C:\Users\leoja\.gradle\caches\modules-2\files-2.1\com.sun.xml.fastinfoset\FastInfoset\1.2.16\4eb6a0adad553bf759ffe86927df6f3b848c8bea\FastInfoset-1.2.16.jar, C:\Users\leoja\.gradle\caches\modules-2\files-2.1\jakarta.activation\jakarta.activation-api\1.2.1\562a587face36ec7eff2db7f2fc95425c6602bc1\jakarta.activation-api-1.2.1.jar, C:\Users\leoja\.gradle\caches\modules-2\files-2.1\com.google.errorprone\javac-shaded\9-dev-r4023-3\72b688efd290280a0afde5f9892b0fde6f362d1d\javac-shaded-9-dev-r4023-3.jar
Annotation processors: 
AP options: {room.schemaLocation=C:\Users\leoja\AndroidStudioProjects\PaleobyLeoRecipes\app/schemas, room.incremental=true, room.expandProjection=true, kapt.kotlin.generated=C:\Users\leoja\AndroidStudioProjects\PaleobyLeoRecipes\app\build\generated\source\kaptKotlin\debug, dagger.fastInit=enabled=, dagger.hilt.android.internal.disableAndroidSuperclassValidation=true=, dagger.hilt.android.internal.projectType=APP=, dagger.hilt.internal.useAggregatingRootProcessor=false=, android.databinding.dependenciesRFiles=C:\Users\leoja\.gradle\caches\transforms-3\8fd1d1dbaef9ad15d508af45566ce503\transformed\androidx.databinding.library.baseAdapters-r.txt;C:\Users\leoja\.gradle\caches\transforms-3\53027f4cee1bfc328ae36c19ff29988b\transformed\androidx.databinding.ktx-r.txt;C:\Users\leoja\.gradle\caches\transforms-3\085905df7e4e6783606e9e0d0eccabd2\transformed\androidx.databinding.library-r.txt;C:\Users\leoja\.gradle\caches\transforms-3\2f9d83c59ac45285fd2ac0f4a69e65b3\transformed\androidx.viewbinding-r.txt;C:\Users\leoja\.gradle\caches\transforms-3\f8120f107fb362742afd32426636bcf6\transformed\androidx.navigation.common-r.txt;C:\Users\leoja\.gradle\caches\transforms-3\11322458a85239552d2a6cbd95989eb6\transformed\androidx.navigation.common.ktx-r.txt;C:\Users\leoja\.gradle\caches\transforms-3\41ec0281c7f47e373b4506fa247ed123\transformed\androidx.navigation-r.txt;C:\Users\leoja\.gradle\caches\transforms-3\ca6af70c9f9196fb90660e7c256a2ac5\transformed\androidx.navigation.ktx-r.txt;C:\Users\leoja\.gradle\caches\transforms-3\91b278a5aba58f13c41ff3331e871136\transformed\androidx.navigation.fragment-r.txt;C:\Users\leoja\.gradle\caches\transforms-3\f6cd7b2cb38bbadf1fd6831ad4836372\transformed\androidx.navigation.fragment.ktx-r.txt;C:\Users\leoja\.gradle\caches\transforms-3\cb32aa9bbd34bde301a954ca37394d49\transformed\androidx.navigation.ui.ktx-r.txt;C:\Users\leoja\.gradle\caches\transforms-3\fa2c00864768831fd11680d400b50f69\transformed\androidx.navigation.ui-r.txt;C:\Users\leoja\.gradle\caches\transforms-3\4e6d12199101551f30c4e0bee756402e\transformed\com.google.android.material-r.txt;C:\Users\leoja\.gradle\caches\transforms-3\84fa296ed04c5458ccbf4d2b5fe0915d\transformed\androidx.constraintlayout.widget-r.txt;C:\Users\leoja\.gradle\caches\transforms-3\002e93abecfafa691816fbad3805c8e5\transformed\androidx.appcompat.resources-r.txt;C:\Users\leoja\.gradle\caches\transforms-3\c0a91fbd555282e180e6261d56e697c8\transformed\androidx.appcompat-r.txt;C:\Users\leoja\.gradle\caches\transforms-3\d355e39e8c0d10007a6c75b18a18059c\transformed\androidx.hilt.work-r.txt;C:\Users\leoja\.gradle\caches\transforms-3\89ed7fb99771582d32bf867c7ce12637\transformed\dagger.hilt.android-r.txt;C:\Users\leoja\.gradle\caches\transforms-3\ac6303fee835d5f45cb348a6506f04af\transformed\com.bumptech.glide.integration.okhttp-r.txt;C:\Users\leoja\.gradle\caches\transforms-3\5c415c50287381c76ca39f232e2f2438\transformed\com.bumptech.glide-r.txt;C:\Users\leoja\.gradle\caches\transforms-3\d03eb502e5d7e49b1701b2cce46fd3ef\transformed\androidx.viewpager2-r.txt;C:\Users\leoja\.gradle\caches\transforms-3\c918ce0bf5fdd854b7957812eea8cea1\transformed\androidx.fragment-r.txt;C:\Users\leoja\.gradle\caches\transforms-3\c737c9464db4e4e029a9ba4b30c13b0d\transformed\androidx.fragment.ktx-r.txt;C:\Users\leoja\.gradle\caches\transforms-3\bf6a49c7e658aad334c953ccbf935b72\transformed\androidx.compose.material3-r.txt;C:\Users\leoja\.gradle\caches\transforms-3\ee6ed416759d90ea95b109c1dfb56905\transformed\androidx.compose.material.ripple-r.txt;C:\Users\leoja\.gradle\caches\transforms-3\421e1cbac3aa8852faa1b73603612384\transformed\androidx.compose.material.icons-r.txt;C:\Users\leoja\.gradle\caches\transforms-3\05f20fd02a2f7eab75da00c6fae23d26\transformed\androidx.compose.material-r.txt;C:\Users\leoja\.gradle\caches\transforms-3\2ea42744b2bf058e7d5a06e0ca2de7df\transformed\androidx.compose.animation.core-r.txt;C:\Users\leoja\.gradle\caches\transforms-3\f0d2774392a74c5056a790103bf7ab4b\transformed\androidx.compose.animation-r.txt;C:\Users\leoja\.gradle\caches\transforms-3\0f426e03d77aa8c67088069b60b57c13\transformed\androidx.compose.foundation.layout-r.txt;C:\Users\leoja\.gradle\caches\transforms-3\01cbd25bbc6eee66ce0222013ba81923\transformed\androidx.compose.foundation-r.txt;C:\Users\leoja\.gradle\caches\transforms-3\e556d2d37062198d5e3d51a4109fc28a\transformed\androidx.compose.ui.unit-r.txt;C:\Users\leoja\.gradle\caches\transforms-3\9bbca79cc65916aac68500e25688e29e\transformed\androidx.compose.ui.geometry-r.txt;C:\Users\leoja\.gradle\caches\transforms-3\bbbde48913660de3d4abde2ee7da03e3\transformed\androidx.compose.ui.tooling.data-r.txt;C:\Users\leoja\.gradle\caches\transforms-3\0b814276679abc40c8874927a7149216\transformed\androidx.compose.ui.util-r.txt;C:\Users\leoja\.gradle\caches\transforms-3\26d8be253b3b9efd3c1fbf6b08806773\transformed\androidx.compose.ui.graphics-r.txt;C:\Users\leoja\.gradle\caches\transforms-3\83c92443a083ee6b1fbd4f49b3f4cbcd\transformed\androidx.compose.ui.text-r.txt;C:\Users\leoja\.gradle\caches\transforms-3\cb1fb21354e607fc69408e5a836130a7\transformed\androidx.compose.runtime.saveable-r.txt;C:\Users\leoja\.gradle\caches\transforms-3\306618a9e4c6dc891c1fcb1904da17dd\transformed\androidx.compose.runtime-r.txt;C:\Users\leoja\.gradle\caches\transforms-3\0f873d946ec09649ec8c079ff5acbb52\transformed\androidx.compose.runtime.livedata-r.txt;C:\Users\leoja\.gradle\caches\transforms-3\b3c7e64e07535f9cf63dba6b16eeab7f\transformed\androidx.drawerlayout-r.txt;C:\Users\leoja\.gradle\caches\transforms-3\53f50b3094f90f64dc07044c2b1402ec\transformed\androidx.coordinatorlayout-r.txt;C:\Users\leoja\.gradle\caches\transforms-3\e131ed5203d31002a5150c4b770439f8\transformed\androidx.dynamicanimation-r.txt;C:\Users\leoja\.gradle\caches\transforms-3\037308ac63e9b32f6776b4f7b0c66473\transformed\androidx.vectordrawable.animated-r.txt;C:\Users\leoja\.gradle\caches\transforms-3\c488e1fe1ff70958a2f25eaa53aa05b5\transformed\androidx.vectordrawable-r.txt;C:\Users\leoja\.gradle\caches\transforms-3\21425fd06e87503828d875447f95e2b3\transformed\androidx.work.ktx-r.txt;C:\Users\leoja\.gradle\caches\transforms-3\c9f547415cede28196877fd6dac299d8\transformed\androidx.work-r.txt;C:\Users\leoja\.gradle\caches\transforms-3\72b3b815bdcb492d60e089fd1929cd56\transformed\androidx.recyclerview-r.txt;C:\Users\leoja\.gradle\caches\transforms-3\f6f8aa023264b12411c9e07c306786ba\transformed\androidx.viewpager-r.txt;C:\Users\leoja\.gradle\caches\transforms-3\e86ce7f03214aaec8e7436a3c052a31a\transformed\androidx.slidingpanelayout-r.txt;C:\Users\leoja\.gradle\caches\transforms-3\069117b7cd8bdccf0415859a82649f6a\transformed\androidx.customview-r.txt;C:\Users\leoja\.gradle\caches\transforms-3\1e98e32f464490a3d902a35e1ecea693\transformed\androidx.legacy.coreutils-r.txt;C:\Users\leoja\.gradle\caches\transforms-3\6fc35067b58f23f03df8c6e25c9e19b4\transformed\androidx.loader-r.txt;C:\Users\leoja\.gradle\caches\transforms-3\736a9258a95262ec80b9039f4169e87a\transformed\androidx.transition-r.txt;C:\Users\leoja\.gradle\caches\transforms-3\29094a55675fb68264b49dde70ef5e7d\transformed\androidx.window-r.txt;C:\Users\leoja\.gradle\caches\transforms-3\021f1e0912ef7b880bb296e97e55414b\transformed\androidx.autofill-r.txt;C:\Users\leoja\.gradle\caches\transforms-3\4d3b329d151534d57d7d96fdeb2ad3d8\transformed\androidx.emoji2.viewsintegration-r.txt;C:\Users\leoja\.gradle\caches\transforms-3\eb2f5c057f972a70052f94b002b14bb6\transformed\androidx.emoji2-r.txt;C:\Users\leoja\.gradle\caches\transforms-3\147040b3cdb16017e914cb207f66764e\transformed\androidx.core-r.txt;C:\Users\leoja\.gradle\caches\transforms-3\ddae9fe2327428860074eb80aaa605bc\transformed\androidx.lifecycle.livedata.core-r.txt;C:\Users\leoja\.gradle\caches\transforms-3\f5f386d7223303b0d81eb358d0ca0172\transformed\androidx.savedstate.ktx-r.txt;C:\Users\leoja\.gradle\caches\transforms-3\87335b26216971dee5dd20227163a63f\transformed\androidx.savedstate-r.txt;C:\Users\leoja\.gradle\caches\transforms-3\188a670f122d5a9d2aa0324cdafb125c\transformed\androidx.lifecycle.viewmodel.savedstate-r.txt;C:\Users\leoja\.gradle\caches\transforms-3\fd502922b1bbbe6de422d2c5e6654f10\transformed\androidx.lifecycle.livedata.core.ktx-r.txt;C:\Users\leoja\.gradle\caches\transforms-3\839024a0e60fee63f63236a3f632d68e\transformed\androidx.lifecycle.viewmodel-r.txt;C:\Users\leoja\.gradle\caches\transforms-3\583c4ec0d090e6e7e7e7c3b528f4e96d\transformed\androidx.lifecycle.service-r.txt;C:\Users\leoja\.gradle\caches\transforms-3\1d1da2d04f16fc2c8b0329b865d3de06\transformed\androidx.lifecycle.ktx-r.txt;C:\Users\leoja\.gradle\caches\transforms-3\1dc3cf4de50ce57b3a7e1c52fb1ed13d\transformed\androidx.lifecycle.runtime-r.txt;C:\Users\leoja\.gradle\caches\transforms-3\1d9363fb1cf189de119ef44ed845e946\transformed\androidx.lifecycle.process-r.txt;C:\Users\leoja\.gradle\caches\transforms-3\54734093375e2fa0c0aebff4d2434377\transformed\androidx.lifecycle.livedata-r.txt;C:\Users\leoja\.gradle\caches\transforms-3\85d7e1ff6bdda2b71526a56eccb8aa0a\transformed\androidx.lifecycle.viewmodel.ktx-r.txt;C:\Users\leoja\.gradle\caches\transforms-3\aa87b80c8d1a6763fca358d70a76d3fa\transformed\androidx.lifecycle.livedata.ktx-r.txt;C:\Users\leoja\.gradle\caches\transforms-3\faad50ae6ef2698f847b02fb8c2aebad\transformed\androidx.lifecycle.viewmodel.compose-r.txt;C:\Users\leoja\.gradle\caches\transforms-3\f1207d95594c4d8ee9a257051bd27206\transformed\androidx.compose.ui-r.txt;C:\Users\leoja\.gradle\caches\transforms-3\a69591ec9757951037146c224a808f0b\transformed\androidx.compose.ui.tooling.preview-r.txt;C:\Users\leoja\.gradle\caches\transforms-3\51bf3350108f3358b1cf898be8338d3f\transformed\androidx.compose.ui.tooling-r.txt;C:\Users\leoja\.gradle\caches\transforms-3\2f84cb2540284bbb01c961e9ba3adcce\transformed\androidx.compose.ui.test.manifest-r.txt;C:\Users\leoja\.gradle\caches\transforms-3\0ddd3d5981b8b311217e9057bb005d47\transformed\androidx.activity-r.txt;C:\Users\leoja\.gradle\caches\transforms-3\426a0aaaa4662b04da2cc1784ff93b50\transformed\androidx.activity.compose-r.txt;C:\Users\leoja\.gradle\caches\transforms-3\79fe2270732c65cee929d163c9881be9\transformed\androidx.activity.ktx-r.txt;C:\Users\leoja\.gradle\caches\transforms-3\e3edde4babeb360d89d65656fe420d01\transformed\androidx.customview.poolingcontainer-r.txt;C:\Users\leoja\.gradle\caches\transforms-3\84f02b2d98bb0d69ceb49c270c6738d9\transformed\androidx.core.ktx-r.txt;C:\Users\leoja\.gradle\caches\transforms-3\15d60a7e5290fb97834ae731afc1b2f7\transformed\androidx.room-r.txt;C:\Users\leoja\.gradle\caches\transforms-3\dfabfb2f6581df09d9c12a9754fe9882\transformed\androidx.room.ktx-r.txt;C:\Users\leoja\.gradle\caches\transforms-3\72cf38b945b3a86d0984b231d60b9cb2\transformed\timber.log-r.txt;C:\Users\leoja\.gradle\caches\transforms-3\98993231648f000c82996e8453cdacc1\transformed\androidx.sqlite.db.framework-r.txt;C:\Users\leoja\.gradle\caches\transforms-3\d0d8eb9219085a9825f01fb118b1aefe\transformed\androidx.sqlite.db-r.txt;C:\Users\leoja\.gradle\caches\transforms-3\2caa99c3954a6bfd291cc36d3d7e31ee\transformed\androidx.annotation.experimental-r.txt;C:\Users\leoja\.gradle\caches\transforms-3\42fc2255340b8a9376e3c2eab450f546\transformed\androidx.cursoradapter-r.txt;C:\Users\leoja\.gradle\caches\transforms-3\3708cfccdc809adf9bcc10b60ed3350b\transformed\androidx.cardview-r.txt;C:\Users\leoja\.gradle\caches\transforms-3\32bd61e018052d03bb6f049f12379bbd\transformed\androidx.arch.core-r.txt;C:\Users\leoja\.gradle\caches\transforms-3\5cd9bc7c73769a2a51d20caeb4b2193a\transformed\com.bumptech.glide.gifdecoder-r.txt;C:\Users\leoja\.gradle\caches\transforms-3\bbbcb834d99b2d912474138a2d6a2173\transformed\androidx.exifinterface-r.txt;C:\Users\leoja\.gradle\caches\transforms-3\141e404fb6af04fed4ab0721a0755079\transformed\androidx.profileinstaller-r.txt;C:\Users\leoja\.gradle\caches\transforms-3\0c09dc90f036bcb5441406cbbd9f7514\transformed\androidx.startup-r.txt;C:\Users\leoja\.gradle\caches\transforms-3\c6d9925756d4293b90c8a01929ccd258\transformed\androidx.tracing-r.txt;C:\Users\leoja\.gradle\caches\transforms-3\6fede0e0972e2633efa9fe79557c566b\transformed\androidx.interpolator-r.txt;C:\Users\leoja\.gradle\caches\transforms-3\f44ffb7b3b8e0ea405658417a3fa688a\transformed\androidx.versionedparcelable-r.txt;C:\Users\leoja\.gradle\caches\transforms-3\8f6feaa739977d5d827191926745153a\transformed\androidx.documentfile-r.txt;C:\Users\leoja\.gradle\caches\transforms-3\ff3200b2429682bb589c01f8ff8d49dc\transformed\androidx.localbroadcastmanager-r.txt;C:\Users\leoja\.gradle\caches\transforms-3\c8f174694d3d1b19569119a3f521d185\transformed\androidx.print-r.txt;C:\Users\leoja\.gradle\caches\transforms-3\465c59e826d4c66fb21fd8011bddc930\transformed\dagger.lint-r.txt=, android.databinding.minApi=24=, android.databinding.classLogDir=C:\Users\leoja\AndroidStudioProjects\PaleobyLeoRecipes\app\build\intermediates\data_binding_base_class_log_artifact\debug\out=, android.databinding.aarOutDir=C:\Users\leoja\AndroidStudioProjects\PaleobyLeoRecipes\app\build\intermediates\data_binding_artifact\debug\kaptDebugKotlin=, android.databinding.enableDebugLogs=0=, android.databinding.dependencyArtifactsDir=C:\Users\leoja\AndroidStudioProjects\PaleobyLeoRecipes\app\build\intermediates\data_binding_dependency_artifacts\debug=, android.databinding.enableForTests=0=, android.databinding.enableV2=1=, android.databinding.modulePackage=com.leo.paleorecipes=, android.databinding.artifactType=APPLICATION=, android.databinding.isTestVariant=0=, android.databinding.apiFile=C:\Users\leoja\AppData\Local\Android\Sdk\platforms\android-34\data\api-versions.xml=, android.databinding.incremental=1=, android.databinding.localResourceFile=C:\Users\leoja\AndroidStudioProjects\PaleobyLeoRecipes\app\build\intermediates\local_only_symbol_list\debug\R-def.txt=, android.databinding.printEncodedErrorLogs=0=, android.databinding.layoutInfoDir=C:\Users\leoja\AndroidStudioProjects\PaleobyLeoRecipes\app\build\intermediates\data_binding_layout_info_type_merge\debug\out=}
Javac options: {--source=21}
[incremental apt] Changed files: []
[incremental apt] Compiled sources directories: C:\Users\leoja\AndroidStudioProjects\PaleobyLeoRecipes\app\build\tmp\kotlin-classes\debug, C:\Users\leoja\AndroidStudioProjects\PaleobyLeoRecipes\app\build\intermediates\javac\debug\classes
[incremental apt] Cache directory for incremental compilation: C:\Users\leoja\AndroidStudioProjects\PaleobyLeoRecipes\app\build\tmp\kapt3\incApCache\debug
[incremental apt] Changed classpath names: 

[INFO] Need to discovery annotation processors in the AP classpath
[INFO] Use own ClassLoader for processor 'dagger.hilt.processor.internal.uninstallmodules.UninstallModulesProcessor'
[INFO] Use own ClassLoader for processor 'dagger.hilt.processor.internal.aggregateddeps.AggregatedDepsProcessor'
[INFO] Use own ClassLoader for processor 'dagger.hilt.processor.internal.earlyentrypoint.EarlyEntryPointProcessor'
[INFO] Use own ClassLoader for processor 'dagger.hilt.android.processor.internal.customtestapplication.CustomTestApplicationProcessor'
[INFO] Use own ClassLoader for processor 'dagger.hilt.processor.internal.aliasof.AliasOfProcessor'
[INFO] Use own ClassLoader for processor 'dagger.hilt.processor.internal.originatingelement.OriginatingElementProcessor'
[INFO] Use own ClassLoader for processor 'dagger.hilt.processor.internal.root.RootProcessor'
[INFO] Use own ClassLoader for processor 'dagger.hilt.android.processor.internal.bindvalue.BindValueProcessor'
[INFO] Use own ClassLoader for processor 'dagger.hilt.processor.internal.root.ComponentTreeDepsProcessor'
[INFO] Use own ClassLoader for processor 'dagger.hilt.processor.internal.generatesrootinput.GeneratesRootInputProcessor'
[INFO] Use own ClassLoader for processor 'dagger.hilt.processor.internal.definecomponent.DefineComponentProcessor'
[INFO] Use own ClassLoader for processor 'dagger.hilt.android.processor.internal.viewmodel.ViewModelProcessor'
[INFO] Use own ClassLoader for processor 'dagger.hilt.android.processor.internal.androidentrypoint.AndroidEntryPointProcessor'
[INFO] Use own ClassLoader for processor 'androidx.hilt.AndroidXHiltProcessor'
[INFO] Use own ClassLoader for processor 'androidx.room.RoomProcessor'
[INFO] Use own ClassLoader for processor 'com.bumptech.glide.annotation.compiler.GlideAnnotationProcessor'
[INFO] Use own ClassLoader for processor 'android.databinding.annotationprocessor.ProcessDataBinding'
[INFO] Use own ClassLoader for processor 'dagger.internal.codegen.ComponentProcessor'
[INFO] Annotation processors: dagger.hilt.processor.internal.uninstallmodules.UninstallModulesProcessor, dagger.hilt.processor.internal.aggregateddeps.AggregatedDepsProcessor, dagger.hilt.processor.internal.earlyentrypoint.EarlyEntryPointProcessor, dagger.hilt.android.processor.internal.customtestapplication.CustomTestApplicationProcessor, dagger.hilt.processor.internal.aliasof.AliasOfProcessor, dagger.hilt.processor.internal.originatingelement.OriginatingElementProcessor, dagger.hilt.processor.internal.root.RootProcessor, dagger.hilt.android.processor.internal.bindvalue.BindValueProcessor, dagger.hilt.processor.internal.root.ComponentTreeDepsProcessor, dagger.hilt.processor.internal.generatesrootinput.GeneratesRootInputProcessor, dagger.hilt.processor.internal.definecomponent.DefineComponentProcessor, dagger.hilt.android.processor.internal.viewmodel.ViewModelProcessor, dagger.hilt.android.processor.internal.androidentrypoint.AndroidEntryPointProcessor, androidx.hilt.AndroidXHiltProcessor, androidx.room.RoomProcessor, com.bumptech.glide.annotation.compiler.GlideAnnotationProcessor, android.databinding.annotationprocessor.ProcessDataBinding, dagger.internal.codegen.ComponentProcessor
[INFO] Processing java sources with annotation processors: C:\Users\leoja\AndroidStudioProjects\PaleobyLeoRecipes\app\build\generated\source\buildConfig\debug\com\leo\paleorecipes\BuildConfig.java, C:\Users\leoja\AndroidStudioProjects\PaleobyLeoRecipes\app\build\generated\data_binding_base_class_source_out\debug\out\com\leo\paleorecipes\databinding\ActivityAboutPaleoBinding.java, C:\Users\leoja\AndroidStudioProjects\PaleobyLeoRecipes\app\build\generated\data_binding_base_class_source_out\debug\out\com\leo\paleorecipes\databinding\ActivityAddEditRecipeBinding.java, C:\Users\leoja\AndroidStudioProjects\PaleobyLeoRecipes\app\build\generated\data_binding_base_class_source_out\debug\out\com\leo\paleorecipes\databinding\ActivityAddRecipeBinding.java, C:\Users\leoja\AndroidStudioProjects\PaleobyLeoRecipes\app\build\generated\data_binding_base_class_source_out\debug\out\com\leo\paleorecipes\databinding\ActivityFridgeBinding.java, C:\Users\leoja\AndroidStudioProjects\PaleobyLeoRecipes\app\build\generated\data_binding_base_class_source_out\debug\out\com\leo\paleorecipes\databinding\ActivityMainBinding.java, C:\Users\leoja\AndroidStudioProjects\PaleobyLeoRecipes\app\build\generated\data_binding_base_class_source_out\debug\out\com\leo\paleorecipes\databinding\ActivityMainSimpleBinding.java, C:\Users\leoja\AndroidStudioProjects\PaleobyLeoRecipes\app\build\generated\data_binding_base_class_source_out\debug\out\com\leo\paleorecipes\databinding\ActivityRecipeDetailBinding.java, C:\Users\leoja\AndroidStudioProjects\PaleobyLeoRecipes\app\build\generated\data_binding_base_class_source_out\debug\out\com\leo\paleorecipes\databinding\ActivityRecipeDetailNewBinding.java, C:\Users\leoja\AndroidStudioProjects\PaleobyLeoRecipes\app\build\generated\data_binding_base_class_source_out\debug\out\com\leo\paleorecipes\databinding\ActivityRecipeListBinding.java, C:\Users\leoja\AndroidStudioProjects\PaleobyLeoRecipes\app\build\generated\data_binding_base_class_source_out\debug\out\com\leo\paleorecipes\databinding\ActivityRecipeSearchContainerBinding.java, C:\Users\leoja\AndroidStudioProjects\PaleobyLeoRecipes\app\build\generated\data_binding_base_class_source_out\debug\out\com\leo\paleorecipes\databinding\ActivitySettingsBinding.java, C:\Users\leoja\AndroidStudioProjects\PaleobyLeoRecipes\app\build\generated\data_binding_base_class_source_out\debug\out\com\leo\paleorecipes\databinding\ActivitySplashBinding.java, C:\Users\leoja\AndroidStudioProjects\PaleobyLeoRecipes\app\build\generated\data_binding_base_class_source_out\debug\out\com\leo\paleorecipes\databinding\CustomPopupMenuBinding.java, C:\Users\leoja\AndroidStudioProjects\PaleobyLeoRecipes\app\build\generated\data_binding_base_class_source_out\debug\out\com\leo\paleorecipes\databinding\FragmentFridgeBinding.java, C:\Users\leoja\AndroidStudioProjects\PaleobyLeoRecipes\app\build\generated\data_binding_base_class_source_out\debug\out\com\leo\paleorecipes\databinding\FragmentRecipeSearchBinding.java, C:\Users\leoja\AndroidStudioProjects\PaleobyLeoRecipes\app\build\generated\data_binding_base_class_source_out\debug\out\com\leo\paleorecipes\databinding\FragmentRecipeSearchListBinding.java, C:\Users\leoja\AndroidStudioProjects\PaleobyLeoRecipes\app\build\generated\data_binding_base_class_source_out\debug\out\com\leo\paleorecipes\databinding\ItemIngredientBinding.java, C:\Users\leoja\AndroidStudioProjects\PaleobyLeoRecipes\app\build\generated\data_binding_base_class_source_out\debug\out\com\leo\paleorecipes\databinding\ItemRecipeBasicBinding.java, C:\Users\leoja\AndroidStudioProjects\PaleobyLeoRecipes\app\build\generated\data_binding_base_class_source_out\debug\out\com\leo\paleorecipes\databinding\ItemRecipeBinding.java, C:\Users\leoja\AndroidStudioProjects\PaleobyLeoRecipes\app\build\generated\data_binding_base_class_source_out\debug\out\com\leo\paleorecipes\databinding\ItemRecipeSimpleBinding.java, C:\Users\leoja\AndroidStudioProjects\PaleobyLeoRecipes\app\build\generated\data_binding_base_class_source_out\debug\out\com\leo\paleorecipes\databinding\PopupMenuItemBinding.java, C:\Users\leoja\AndroidStudioProjects\PaleobyLeoRecipes\app\build\generated\data_binding_base_class_source_out\debug\out\com\leo\paleorecipes\databinding\PrintRecipeDetailBinding.java, C:\Users\leoja\AndroidStudioProjects\PaleobyLeoRecipes\app\build\generated\data_binding_trigger\debug\com\leo\paleorecipes\DataBindingTriggerClass.java, C:\Users\leoja\AndroidStudioProjects\PaleobyLeoRecipes\app\build\tmp\kapt3\stubs\debug\com\leo\paleorecipes\AboutActivity.java, C:\Users\leoja\AndroidStudioProjects\PaleobyLeoRecipes\app\build\tmp\kapt3\stubs\debug\com\leo\paleorecipes\AboutPaleoActivity.java, C:\Users\leoja\AndroidStudioProjects\PaleobyLeoRecipes\app\build\tmp\kapt3\stubs\debug\com\leo\paleorecipes\adapter\IngredientDiffCallback.java, C:\Users\leoja\AndroidStudioProjects\PaleobyLeoRecipes\app\build\tmp\kapt3\stubs\debug\com\leo\paleorecipes\adapter\IngredientsAdapter.java, C:\Users\leoja\AndroidStudioProjects\PaleobyLeoRecipes\app\build\tmp\kapt3\stubs\debug\com\leo\paleorecipes\adapter\RecipeDiffCallback.java, C:\Users\leoja\AndroidStudioProjects\PaleobyLeoRecipes\app\build\tmp\kapt3\stubs\debug\com\leo\paleorecipes\adapter\RecipesAdapter.java, C:\Users\leoja\AndroidStudioProjects\PaleobyLeoRecipes\app\build\tmp\kapt3\stubs\debug\com\leo\paleorecipes\AddEditRecipeActivity.java, C:\Users\leoja\AndroidStudioProjects\PaleobyLeoRecipes\app\build\tmp\kapt3\stubs\debug\com\leo\paleorecipes\AddRecipeActivity.java, C:\Users\leoja\AndroidStudioProjects\PaleobyLeoRecipes\app\build\tmp\kapt3\stubs\debug\com\leo\paleorecipes\BaseActivity.java, C:\Users\leoja\AndroidStudioProjects\PaleobyLeoRecipes\app\build\tmp\kapt3\stubs\debug\com\leo\paleorecipes\data\api\ApiClient.java, C:\Users\leoja\AndroidStudioProjects\PaleobyLeoRecipes\app\build\tmp\kapt3\stubs\debug\com\leo\paleorecipes\data\api\model\ApiAnalyzedInstruction.java, C:\Users\leoja\AndroidStudioProjects\PaleobyLeoRecipes\app\build\tmp\kapt3\stubs\debug\com\leo\paleorecipes\data\api\model\ApiEquipment.java, C:\Users\leoja\AndroidStudioProjects\PaleobyLeoRecipes\app\build\tmp\kapt3\stubs\debug\com\leo\paleorecipes\data\api\model\ApiIngredient.java, C:\Users\leoja\AndroidStudioProjects\PaleobyLeoRecipes\app\build\tmp\kapt3\stubs\debug\com\leo\paleorecipes\data\api\model\ApiInstructionStep.java, C:\Users\leoja\AndroidStudioProjects\PaleobyLeoRecipes\app\build\tmp\kapt3\stubs\debug\com\leo\paleorecipes\data\api\model\ApiRecipe.java, C:\Users\leoja\AndroidStudioProjects\PaleobyLeoRecipes\app\build\tmp\kapt3\stubs\debug\com\leo\paleorecipes\data\api\model\ApiRecipeDetail.java, C:\Users\leoja\AndroidStudioProjects\PaleobyLeoRecipes\app\build\tmp\kapt3\stubs\debug\com\leo\paleorecipes\data\api\SpoonacularApiService.java, C:\Users\leoja\AndroidStudioProjects\PaleobyLeoRecipes\app\build\tmp\kapt3\stubs\debug\com\leo\paleorecipes\data\AppDatabase.java, C:\Users\leoja\AndroidStudioProjects\PaleobyLeoRecipes\app\build\tmp\kapt3\stubs\debug\com\leo\paleorecipes\data\Converters.java, C:\Users\leoja\AndroidStudioProjects\PaleobyLeoRecipes\app\build\tmp\kapt3\stubs\debug\com\leo\paleorecipes\data\local\dao\IngredientDao.java, C:\Users\leoja\AndroidStudioProjects\PaleobyLeoRecipes\app\build\tmp\kapt3\stubs\debug\com\leo\paleorecipes\data\local\entity\IngredientEntity.java, C:\Users\leoja\AndroidStudioProjects\PaleobyLeoRecipes\app\build\tmp\kapt3\stubs\debug\com\leo\paleorecipes\data\model\AnalyzedInstruction.java, C:\Users\leoja\AndroidStudioProjects\PaleobyLeoRecipes\app\build\tmp\kapt3\stubs\debug\com\leo\paleorecipes\data\model\DomainRecipe.java, C:\Users\leoja\AndroidStudioProjects\PaleobyLeoRecipes\app\build\tmp\kapt3\stubs\debug\com\leo\paleorecipes\data\model\Equipment.java, C:\Users\leoja\AndroidStudioProjects\PaleobyLeoRecipes\app\build\tmp\kapt3\stubs\debug\com\leo\paleorecipes\data\model\ExtendedIngredient.java, C:\Users\leoja\AndroidStudioProjects\PaleobyLeoRecipes\app\build\tmp\kapt3\stubs\debug\com\leo\paleorecipes\data\model\Ingredient.java, C:\Users\leoja\AndroidStudioProjects\PaleobyLeoRecipes\app\build\tmp\kapt3\stubs\debug\com\leo\paleorecipes\data\model\Length.java, C:\Users\leoja\AndroidStudioProjects\PaleobyLeoRecipes\app\build\tmp\kapt3\stubs\debug\com\leo\paleorecipes\data\model\Recipe.java, C:\Users\leoja\AndroidStudioProjects\PaleobyLeoRecipes\app\build\tmp\kapt3\stubs\debug\com\leo\paleorecipes\data\model\RecipeDetail.java, C:\Users\leoja\AndroidStudioProjects\PaleobyLeoRecipes\app\build\tmp\kapt3\stubs\debug\com\leo\paleorecipes\data\model\RecipeDetailResponse.java, C:\Users\leoja\AndroidStudioProjects\PaleobyLeoRecipes\app\build\tmp\kapt3\stubs\debug\com\leo\paleorecipes\data\model\RecipeResponse.java, C:\Users\leoja\AndroidStudioProjects\PaleobyLeoRecipes\app\build\tmp\kapt3\stubs\debug\com\leo\paleorecipes\data\model\Step.java, C:\Users\leoja\AndroidStudioProjects\PaleobyLeoRecipes\app\build\tmp\kapt3\stubs\debug\com\leo\paleorecipes\data\model\Temperature.java, C:\Users\leoja\AndroidStudioProjects\PaleobyLeoRecipes\app\build\tmp\kapt3\stubs\debug\com\leo\paleorecipes\data\Recipe.java, C:\Users\leoja\AndroidStudioProjects\PaleobyLeoRecipes\app\build\tmp\kapt3\stubs\debug\com\leo\paleorecipes\data\RecipeDao.java, C:\Users\leoja\AndroidStudioProjects\PaleobyLeoRecipes\app\build\tmp\kapt3\stubs\debug\com\leo\paleorecipes\data\RecipeMapper.java, C:\Users\leoja\AndroidStudioProjects\PaleobyLeoRecipes\app\build\tmp\kapt3\stubs\debug\com\leo\paleorecipes\data\repository\IngredientRepository.java, C:\Users\leoja\AndroidStudioProjects\PaleobyLeoRecipes\app\build\tmp\kapt3\stubs\debug\com\leo\paleorecipes\data\repository\IngredientRepositoryImpl.java, C:\Users\leoja\AndroidStudioProjects\PaleobyLeoRecipes\app\build\tmp\kapt3\stubs\debug\com\leo\paleorecipes\data\repository\RecipeRepository.java, C:\Users\leoja\AndroidStudioProjects\PaleobyLeoRecipes\app\build\tmp\kapt3\stubs\debug\com\leo\paleorecipes\data\repository\RecipeRepositoryImpl.java, C:\Users\leoja\AndroidStudioProjects\PaleobyLeoRecipes\app\build\tmp\kapt3\stubs\debug\com\leo\paleorecipes\di\AppModule.java, C:\Users\leoja\AndroidStudioProjects\PaleobyLeoRecipes\app\build\tmp\kapt3\stubs\debug\com\leo\paleorecipes\di\DatabaseModule.java, C:\Users\leoja\AndroidStudioProjects\PaleobyLeoRecipes\app\build\tmp\kapt3\stubs\debug\com\leo\paleorecipes\di\HiltWorkerFactory.java, C:\Users\leoja\AndroidStudioProjects\PaleobyLeoRecipes\app\build\tmp\kapt3\stubs\debug\com\leo\paleorecipes\di\RepositoryModule.java, C:\Users\leoja\AndroidStudioProjects\PaleobyLeoRecipes\app\build\tmp\kapt3\stubs\debug\com\leo\paleorecipes\di\TestModule.java, C:\Users\leoja\AndroidStudioProjects\PaleobyLeoRecipes\app\build\tmp\kapt3\stubs\debug\com\leo\paleorecipes\di\WorkerFactoryModule.java, C:\Users\leoja\AndroidStudioProjects\PaleobyLeoRecipes\app\build\tmp\kapt3\stubs\debug\com\leo\paleorecipes\di\WorkerHelperModule.java, C:\Users\leoja\AndroidStudioProjects\PaleobyLeoRecipes\app\build\tmp\kapt3\stubs\debug\com\leo\paleorecipes\di\WorkerModule.java, C:\Users\leoja\AndroidStudioProjects\PaleobyLeoRecipes\app\build\tmp\kapt3\stubs\debug\com\leo\paleorecipes\FridgeActivity.java, C:\Users\leoja\AndroidStudioProjects\PaleobyLeoRecipes\app\build\tmp\kapt3\stubs\debug\com\leo\paleorecipes\MainActivity.java, C:\Users\leoja\AndroidStudioProjects\PaleobyLeoRecipes\app\build\tmp\kapt3\stubs\debug\com\leo\paleorecipes\MainActivityCompose.java, C:\Users\leoja\AndroidStudioProjects\PaleobyLeoRecipes\app\build\tmp\kapt3\stubs\debug\com\leo\paleorecipes\MainActivityComposeKt.java, C:\Users\leoja\AndroidStudioProjects\PaleobyLeoRecipes\app\build\tmp\kapt3\stubs\debug\com\leo\paleorecipes\network\ExtendedIngredient.java, C:\Users\leoja\AndroidStudioProjects\PaleobyLeoRecipes\app\build\tmp\kapt3\stubs\debug\com\leo\paleorecipes\network\RecipeDetailResponse.java, C:\Users\leoja\AndroidStudioProjects\PaleobyLeoRecipes\app\build\tmp\kapt3\stubs\debug\com\leo\paleorecipes\network\SpoonacularApi.java, C:\Users\leoja\AndroidStudioProjects\PaleobyLeoRecipes\app\build\tmp\kapt3\stubs\debug\com\leo\paleorecipes\network\SpoonacularService.java, C:\Users\leoja\AndroidStudioProjects\PaleobyLeoRecipes\app\build\tmp\kapt3\stubs\debug\com\leo\paleorecipes\PaleoRecipesApplication.java, C:\Users\leoja\AndroidStudioProjects\PaleobyLeoRecipes\app\build\tmp\kapt3\stubs\debug\com\leo\paleorecipes\RecipeAdapter.java, C:\Users\leoja\AndroidStudioProjects\PaleobyLeoRecipes\app\build\tmp\kapt3\stubs\debug\com\leo\paleorecipes\RecipeDetailActivity.java, C:\Users\leoja\AndroidStudioProjects\PaleobyLeoRecipes\app\build\tmp\kapt3\stubs\debug\com\leo\paleorecipes\RecipeDiffCallback.java, C:\Users\leoja\AndroidStudioProjects\PaleobyLeoRecipes\app\build\tmp\kapt3\stubs\debug\com\leo\paleorecipes\RecipeListActivity.java, C:\Users\leoja\AndroidStudioProjects\PaleobyLeoRecipes\app\build\tmp\kapt3\stubs\debug\com\leo\paleorecipes\RecipePrintAdapter.java, C:\Users\leoja\AndroidStudioProjects\PaleobyLeoRecipes\app\build\tmp\kapt3\stubs\debug\com\leo\paleorecipes\SettingsActivity.java, C:\Users\leoja\AndroidStudioProjects\PaleobyLeoRecipes\app\build\tmp\kapt3\stubs\debug\com\leo\paleorecipes\SplashActivity.java, C:\Users\leoja\AndroidStudioProjects\PaleobyLeoRecipes\app\build\tmp\kapt3\stubs\debug\com\leo\paleorecipes\ui\components\BlackTextInputEditText.java, C:\Users\leoja\AndroidStudioProjects\PaleobyLeoRecipes\app\build\tmp\kapt3\stubs\debug\com\leo\paleorecipes\ui\fridge\FridgeFragment.java, C:\Users\leoja\AndroidStudioProjects\PaleobyLeoRecipes\app\build\tmp\kapt3\stubs\debug\com\leo\paleorecipes\ui\fridge\FridgeViewModel.java, C:\Users\leoja\AndroidStudioProjects\PaleobyLeoRecipes\app\build\tmp\kapt3\stubs\debug\com\leo\paleorecipes\ui\search\RecipeSearchActivity.java, C:\Users\leoja\AndroidStudioProjects\PaleobyLeoRecipes\app\build\tmp\kapt3\stubs\debug\com\leo\paleorecipes\ui\search\RecipeSearchFragment.java, C:\Users\leoja\AndroidStudioProjects\PaleobyLeoRecipes\app\build\tmp\kapt3\stubs\debug\com\leo\paleorecipes\ui\search\RecipeSearchViewModel.java, C:\Users\leoja\AndroidStudioProjects\PaleobyLeoRecipes\app\build\tmp\kapt3\stubs\debug\com\leo\paleorecipes\ui\theme\ColorsKt.java, C:\Users\leoja\AndroidStudioProjects\PaleobyLeoRecipes\app\build\tmp\kapt3\stubs\debug\com\leo\paleorecipes\ui\theme\ThemeKt.java, C:\Users\leoja\AndroidStudioProjects\PaleobyLeoRecipes\app\build\tmp\kapt3\stubs\debug\com\leo\paleorecipes\ui\theme\TypeKt.java, C:\Users\leoja\AndroidStudioProjects\PaleobyLeoRecipes\app\build\tmp\kapt3\stubs\debug\com\leo\paleorecipes\util\SingleLiveEvent.java, C:\Users\leoja\AndroidStudioProjects\PaleobyLeoRecipes\app\build\tmp\kapt3\stubs\debug\com\leo\paleorecipes\utils\ApiErrorHandler.java, C:\Users\leoja\AndroidStudioProjects\PaleobyLeoRecipes\app\build\tmp\kapt3\stubs\debug\com\leo\paleorecipes\utils\ApiResponse.java, C:\Users\leoja\AndroidStudioProjects\PaleobyLeoRecipes\app\build\tmp\kapt3\stubs\debug\com\leo\paleorecipes\utils\ApiResponseKt.java, C:\Users\leoja\AndroidStudioProjects\PaleobyLeoRecipes\app\build\tmp\kapt3\stubs\debug\com\leo\paleorecipes\utils\ConnectivityManagerNetworkMonitor.java, C:\Users\leoja\AndroidStudioProjects\PaleobyLeoRecipes\app\build\tmp\kapt3\stubs\debug\com\leo\paleorecipes\utils\DateTimeUtils.java, C:\Users\leoja\AndroidStudioProjects\PaleobyLeoRecipes\app\build\tmp\kapt3\stubs\debug\com\leo\paleorecipes\utils\DefaultDispatcherProvider.java, C:\Users\leoja\AndroidStudioProjects\PaleobyLeoRecipes\app\build\tmp\kapt3\stubs\debug\com\leo\paleorecipes\utils\DispatcherProvider.java, C:\Users\leoja\AndroidStudioProjects\PaleobyLeoRecipes\app\build\tmp\kapt3\stubs\debug\com\leo\paleorecipes\utils\FileUtils.java, C:\Users\leoja\AndroidStudioProjects\PaleobyLeoRecipes\app\build\tmp\kapt3\stubs\debug\com\leo\paleorecipes\utils\ImageLoader.java, C:\Users\leoja\AndroidStudioProjects\PaleobyLeoRecipes\app\build\tmp\kapt3\stubs\debug\com\leo\paleorecipes\utils\ImageUtils.java, C:\Users\leoja\AndroidStudioProjects\PaleobyLeoRecipes\app\build\tmp\kapt3\stubs\debug\com\leo\paleorecipes\utils\NetworkConnectivityObserver.java, C:\Users\leoja\AndroidStudioProjects\PaleobyLeoRecipes\app\build\tmp\kapt3\stubs\debug\com\leo\paleorecipes\utils\NetworkMonitor.java, C:\Users\leoja\AndroidStudioProjects\PaleobyLeoRecipes\app\build\tmp\kapt3\stubs\debug\com\leo\paleorecipes\utils\NetworkUtils.java, C:\Users\leoja\AndroidStudioProjects\PaleobyLeoRecipes\app\build\tmp\kapt3\stubs\debug\com\leo\paleorecipes\utils\PreferenceHelper.java, C:\Users\leoja\AndroidStudioProjects\PaleobyLeoRecipes\app\build\tmp\kapt3\stubs\debug\com\leo\paleorecipes\utils\Resource.java, C:\Users\leoja\AndroidStudioProjects\PaleobyLeoRecipes\app\build\tmp\kapt3\stubs\debug\com\leo\paleorecipes\utils\TestDispatcherProvider.java, C:\Users\leoja\AndroidStudioProjects\PaleobyLeoRecipes\app\build\tmp\kapt3\stubs\debug\com\leo\paleorecipes\viewmodel\RecipeViewModel.java, C:\Users\leoja\AndroidStudioProjects\PaleobyLeoRecipes\app\build\tmp\kapt3\stubs\debug\com\leo\paleorecipes\workers\ChildWorkerFactory.java, C:\Users\leoja\AndroidStudioProjects\PaleobyLeoRecipes\app\build\tmp\kapt3\stubs\debug\com\leo\paleorecipes\workers\SyncRecipesWorker.java, C:\Users\leoja\AndroidStudioProjects\PaleobyLeoRecipes\app\build\tmp\kapt3\stubs\debug\com\leo\paleorecipes\workers\WorkManagerHelper.java, C:\Users\leoja\AndroidStudioProjects\PaleobyLeoRecipes\app\build\tmp\kapt3\stubs\debug\error\NonExistentClass.java
[INFO] Processing types with annotation processors: 
C:\Users\leoja\AndroidStudioProjects\PaleobyLeoRecipes\app\build\tmp\kapt3\stubs\debug\com\leo\paleorecipes\data\RecipeDao.java:62: warning: Using @RewriteQueriesToDropUnusedColumns annotation when room.expandProjection compiler flag is enabled will disable expandProjection for queries covered with @RewriteQueriesToDropUnusedColumns.
    public abstract kotlinx.coroutines.flow.Flow<java.util.List<com.leo.paleorecipes.data.Recipe>> searchRecipes(@org.jetbrains.annotations.NotNull()
                                                                                                   ^
C:\Users\leoja\AndroidStudioProjects\PaleobyLeoRecipes\app\build\tmp\kapt3\stubs\debug\com\leo\paleorecipes\data\RecipeDao.java:76: warning: Using @RewriteQueriesToDropUnusedColumns annotation when room.expandProjection compiler flag is enabled will disable expandProjection for queries covered with @RewriteQueriesToDropUnusedColumns.
    public abstract kotlinx.coroutines.flow.Flow<java.util.List<com.leo.paleorecipes.data.Recipe>> searchUserRecipes(@org.jetbrains.annotations.NotNull()
                                                                                                   ^
C:\Users\leoja\AndroidStudioProjects\PaleobyLeoRecipes\app\build\tmp\kapt3\stubs\debug\com\leo\paleorecipes\data\RecipeDao.java:82: warning: Using @RewriteQueriesToDropUnusedColumns annotation when room.expandProjection compiler flag is enabled will disable expandProjection for queries covered with @RewriteQueriesToDropUnusedColumns.
    public abstract kotlinx.coroutines.flow.Flow<java.util.List<com.leo.paleorecipes.data.Recipe>> searchPaleoRecipes(@org.jetbrains.annotations.NotNull()
                                                                                                   ^
C:\Users\leoja\AndroidStudioProjects\PaleobyLeoRecipes\app\build\tmp\kapt3\stubs\debug\com\leo\paleorecipes\data\RecipeDao.java:88: warning: Using @RewriteQueriesToDropUnusedColumns annotation when room.expandProjection compiler flag is enabled will disable expandProjection for queries covered with @RewriteQueriesToDropUnusedColumns.
    public abstract kotlinx.coroutines.flow.Flow<java.util.List<com.leo.paleorecipes.data.Recipe>> searchAllRecipes(@org.jetbrains.annotations.NotNull()
                                                                                                   ^
[INFO] Analyzing sources structure took 17[ms].
[INFO] Annotation processing complete, errors: 0, warnings: 4
[INFO] Annotation processor stats:
[INFO] dagger.hilt.processor.internal.uninstallmodules.UninstallModulesProcessor: total: 49 ms, init: 49 ms, 0 round(s): 
[INFO] dagger.hilt.processor.internal.aggregateddeps.AggregatedDepsProcessor: total: 307 ms, init: 0 ms, 4 round(s): 230 ms, 76 ms, 1 ms, 0 ms
[INFO] dagger.hilt.processor.internal.earlyentrypoint.EarlyEntryPointProcessor: total: 0 ms, init: 0 ms, 0 round(s): 
[INFO] dagger.hilt.android.processor.internal.customtestapplication.CustomTestApplicationProcessor: total: 0 ms, init: 0 ms, 0 round(s): 
[INFO] dagger.hilt.processor.internal.aliasof.AliasOfProcessor: total: 0 ms, init: 0 ms, 0 round(s): 
[INFO] dagger.hilt.processor.internal.originatingelement.OriginatingElementProcessor: total: 0 ms, init: 0 ms, 3 round(s): 0 ms, 0 ms, 0 ms
[INFO] dagger.hilt.processor.internal.root.RootProcessor: total: 16 ms, init: 3 ms, 4 round(s): 13 ms, 0 ms, 0 ms, 0 ms
[INFO] dagger.hilt.android.processor.internal.bindvalue.BindValueProcessor: total: 0 ms, init: 0 ms, 0 round(s): 
[INFO] dagger.hilt.processor.internal.root.ComponentTreeDepsProcessor: total: 2 ms, init: 2 ms, 0 round(s): 
[INFO] dagger.hilt.processor.internal.generatesrootinput.GeneratesRootInputProcessor: total: 0 ms, init: 0 ms, 0 round(s): 
[INFO] dagger.hilt.processor.internal.definecomponent.DefineComponentProcessor: total: 0 ms, init: 0 ms, 0 round(s): 
[INFO] dagger.hilt.android.processor.internal.viewmodel.ViewModelProcessor: total: 43 ms, init: 0 ms, 4 round(s): 43 ms, 0 ms, 0 ms, 0 ms
[INFO] dagger.hilt.android.processor.internal.androidentrypoint.AndroidEntryPointProcessor: total: 144 ms, init: 0 ms, 4 round(s): 143 ms, 1 ms, 0 ms, 0 ms
[INFO] androidx.hilt.AndroidXHiltProcessor: total: 22 ms, init: 2 ms, 4 round(s): 20 ms, 0 ms, 0 ms, 0 ms
[INFO] androidx.room.RoomProcessor: total: 1197 ms, init: 18 ms, 4 round(s): 1179 ms, 0 ms, 0 ms, 0 ms
[INFO] com.bumptech.glide.annotation.compiler.GlideAnnotationProcessor: total: 23 ms, init: 23 ms, 0 round(s): 
[INFO] android.databinding.annotationprocessor.ProcessDataBinding: total: 1351 ms, init: 9 ms, 4 round(s): 767 ms, 250 ms, 155 ms, 170 ms
[INFO] dagger.internal.codegen.ComponentProcessor: total: 1094 ms, init: 214 ms, 4 round(s): 806 ms, 68 ms, 3 ms, 3 ms
[INFO] Generated files report:
[INFO] dagger.hilt.processor.internal.uninstallmodules.UninstallModulesProcessor: total sources: 0, sources per round: 
[INFO] dagger.hilt.processor.internal.aggregateddeps.AggregatedDepsProcessor: total sources: 21, sources per round: 7, 14, 0, 0
[INFO] dagger.hilt.processor.internal.earlyentrypoint.EarlyEntryPointProcessor: total sources: 0, sources per round: 
[INFO] dagger.hilt.android.processor.internal.customtestapplication.CustomTestApplicationProcessor: total sources: 0, sources per round: 
[INFO] dagger.hilt.processor.internal.aliasof.AliasOfProcessor: total sources: 0, sources per round: 
[INFO] dagger.hilt.processor.internal.originatingelement.OriginatingElementProcessor: total sources: 14, sources per round: 14, 0, 0
[INFO] dagger.hilt.processor.internal.root.RootProcessor: total sources: 22, sources per round: 8, 14, 0, 0
[INFO] dagger.hilt.android.processor.internal.bindvalue.BindValueProcessor: total sources: 0, sources per round: 
[INFO] dagger.hilt.processor.internal.root.ComponentTreeDepsProcessor: total sources: 0, sources per round: 
[INFO] dagger.hilt.processor.internal.generatesrootinput.GeneratesRootInputProcessor: total sources: 0, sources per round: 
[INFO] dagger.hilt.processor.internal.definecomponent.DefineComponentProcessor: total sources: 0, sources per round: 
[INFO] dagger.hilt.android.processor.internal.viewmodel.ViewModelProcessor: total sources: 25, sources per round: 11, 14, 0, 0
[INFO] dagger.hilt.android.processor.internal.androidentrypoint.AndroidEntryPointProcessor: total sources: 38, sources per round: 24, 14, 0, 0
[INFO] androidx.hilt.AndroidXHiltProcessor: total sources: 40, sources per round: 26, 14, 0, 0
[INFO] androidx.room.RoomProcessor: total sources: 43, sources per round: 29, 14, 0, 0
[INFO] com.bumptech.glide.annotation.compiler.GlideAnnotationProcessor: total sources: 0, sources per round: 
[INFO] android.databinding.annotationprocessor.ProcessDataBinding: total sources: 48, sources per round: 34, 14, 0, 0
[INFO] dagger.internal.codegen.ComponentProcessor: total sources: 90, sources per round: 72, 18, 0, 0
File Object History : []
Open Type Names     : []
Gen. Src Names      : []
Gen. Cls Names      : []
Agg. Gen. Src Names : []
Agg. Gen. Cls Names : []
[INFO] Annotation processing took 5587 ms
Resolve mutations for :app:compileDebugKotlin (Thread[#887,Execution worker,5,main]) started.
:app:compileDebugKotlin (Thread[#887,Execution worker,5,main]) started.

> Task :app:kaptReleaseKotlin
Transforming R.jar with StructureTransformAction
Transforming databinding-runtime-8.1.0-api.jar with StructureTransformAction
Transforming viewbinding-8.1.0-api.jar with StructureTransformAction
Transforming databinding-adapters-8.1.0-api.jar with StructureTransformAction
Transforming databinding-common-8.1.0.jar with StructureTransformAction
Transforming databinding-ktx-8.1.0-api.jar with StructureTransformAction
Transforming navigation-common-2.7.6-api.jar with StructureTransformAction
Transforming navigation-common-ktx-2.7.6-api.jar with StructureTransformAction
Transforming navigation-runtime-2.7.6-api.jar with StructureTransformAction
Transforming navigation-runtime-ktx-2.7.6-api.jar with StructureTransformAction
Transforming navigation-fragment-2.7.6-api.jar with StructureTransformAction
Transforming navigation-fragment-ktx-2.7.6-api.jar with StructureTransformAction
Transforming navigation-ui-ktx-2.7.6-api.jar with StructureTransformAction
Transforming navigation-ui-2.7.6-api.jar with StructureTransformAction
Transforming material-1.11.0-api.jar with StructureTransformAction
Transforming appcompat-1.6.1-api.jar with StructureTransformAction
Transforming hilt-work-1.0.0-api.jar with StructureTransformAction
Transforming hilt-android-2.46.1-api.jar with StructureTransformAction
Transforming okhttp3-integration-4.16.0-api.jar with StructureTransformAction
Transforming glide-4.16.0-api.jar with StructureTransformAction
Transforming viewpager2-1.0.0-api.jar with StructureTransformAction
Transforming fragment-1.6.2-api.jar with StructureTransformAction
Transforming fragment-ktx-1.6.2-api.jar with StructureTransformAction
Transforming activity-1.8.2-api.jar with StructureTransformAction
Transforming activity-compose-1.8.2-api.jar with StructureTransformAction
Transforming activity-ktx-1.8.2-api.jar with StructureTransformAction
Transforming material3-1.1.2-api.jar with StructureTransformAction
Transforming material-icons-core-release-api.jar with StructureTransformAction
Transforming material-ripple-release-api.jar with StructureTransformAction
Transforming animation-core-release-api.jar with StructureTransformAction
Transforming animation-release-api.jar with StructureTransformAction
Transforming foundation-layout-release-api.jar with StructureTransformAction
Transforming foundation-release-api.jar with StructureTransformAction
Transforming ui-unit-release-api.jar with StructureTransformAction
Transforming ui-geometry-release-api.jar with StructureTransformAction
Transforming ui-text-release-api.jar with StructureTransformAction
Transforming ui-graphics-release-api.jar with StructureTransformAction
Transforming ui-release-api.jar with StructureTransformAction
Transforming ui-tooling-preview-release-api.jar with StructureTransformAction
Transforming runtime-saveable-release-api.jar with StructureTransformAction
Transforming runtime-release-api.jar with StructureTransformAction
Transforming runtime-livedata-1.5.4-api.jar with StructureTransformAction
Transforming lifecycle-livedata-core-2.7.0-api.jar with StructureTransformAction
Transforming lifecycle-common-2.7.0.jar with StructureTransformAction
Transforming lifecycle-common-java8-2.7.0.jar with StructureTransformAction
Transforming lifecycle-livedata-core-ktx-2.7.0-api.jar with StructureTransformAction
Transforming dynamicanimation-1.0.0-api.jar with StructureTransformAction
Transforming legacy-support-core-utils-1.0.0-api.jar with StructureTransformAction
Transforming loader-1.0.0-api.jar with StructureTransformAction
Transforming lifecycle-viewmodel-2.7.0-api.jar with StructureTransformAction
Transforming lifecycle-service-2.7.0-api.jar with StructureTransformAction
Transforming lifecycle-process-2.7.0-api.jar with StructureTransformAction
Transforming work-runtime-ktx-2.9.0-api.jar with StructureTransformAction
Transforming work-runtime-2.9.0-api.jar with StructureTransformAction
Transforming lifecycle-livedata-2.7.0-api.jar with StructureTransformAction
Transforming lifecycle-runtime-ktx-2.7.0-api.jar with StructureTransformAction
Transforming appcompat-resources-1.6.1-api.jar with StructureTransformAction
Transforming drawerlayout-1.1.1-api.jar with StructureTransformAction
Transforming coordinatorlayout-1.1.0-api.jar with StructureTransformAction
Transforming recyclerview-1.1.0-api.jar with StructureTransformAction
Transforming transition-1.4.1-api.jar with StructureTransformAction
Transforming vectordrawable-animated-1.1.0-api.jar with StructureTransformAction
Transforming vectordrawable-1.1.0-api.jar with StructureTransformAction
Transforming viewpager-1.0.0-api.jar with StructureTransformAction
Transforming slidingpanelayout-1.2.0-api.jar with StructureTransformAction
Transforming customview-1.1.0-api.jar with StructureTransformAction
Transforming core-1.12.0-api.jar with StructureTransformAction
Transforming lifecycle-runtime-2.7.0-api.jar with StructureTransformAction
Transforming lifecycle-viewmodel-ktx-2.7.0-api.jar with StructureTransformAction
Transforming lifecycle-livedata-ktx-2.7.0-api.jar with StructureTransformAction
Transforming lifecycle-viewmodel-compose-2.7.0-api.jar with StructureTransformAction
Transforming lifecycle-viewmodel-savedstate-2.7.0-api.jar with StructureTransformAction
Transforming core-ktx-1.12.0-api.jar with StructureTransformAction
Transforming room-common-2.6.1.jar with StructureTransformAction
Transforming room-runtime-2.6.1-api.jar with StructureTransformAction
Transforming room-ktx-2.6.1-api.jar with StructureTransformAction
Transforming timber-5.0.1-api.jar with StructureTransformAction
Transforming savedstate-ktx-1.2.1-api.jar with StructureTransformAction
Transforming savedstate-1.2.1-api.jar with StructureTransformAction
Transforming annotation-experimental-1.3.0-api.jar with StructureTransformAction
Transforming collection-ktx-1.1.0.jar with StructureTransformAction
Transforming logging-interceptor-4.12.0.jar with StructureTransformAction
Transforming kotlinx-coroutines-core-jvm-1.7.1.jar with StructureTransformAction
Transforming kotlinx-coroutines-android-1.7.1.jar with StructureTransformAction
Transforming converter-gson-2.9.0.jar with StructureTransformAction
Transforming retrofit-2.9.0.jar with StructureTransformAction
Transforming okhttp-4.12.0.jar with StructureTransformAction
Transforming okio-jvm-3.6.0.jar with StructureTransformAction
Transforming kotlin-stdlib-jdk8-1.9.10.jar with StructureTransformAction
Transforming cursoradapter-1.0.0-api.jar with StructureTransformAction
Transforming cardview-1.0.0-api.jar with StructureTransformAction
Transforming sqlite-framework-2.4.0-api.jar with StructureTransformAction
Transforming sqlite-2.4.0-api.jar with StructureTransformAction
Transforming gifdecoder-4.16.0-api.jar with StructureTransformAction
Transforming core-runtime-2.2.0-api.jar with StructureTransformAction
Transforming core-common-2.2.0.jar with StructureTransformAction
Transforming versionedparcelable-1.1.1-api.jar with StructureTransformAction
Transforming collection-1.1.0.jar with StructureTransformAction
Transforming interpolator-1.0.0-api.jar with StructureTransformAction
Transforming documentfile-1.0.0-api.jar with StructureTransformAction
Transforming localbroadcastmanager-1.0.0-api.jar with StructureTransformAction
Transforming print-1.0.0-api.jar with StructureTransformAction
Transforming annotation-jvm-1.6.0.jar with StructureTransformAction
Transforming kotlin-stdlib-jdk7-1.9.10.jar with StructureTransformAction
Transforming kotlin-stdlib-1.9.21.jar with StructureTransformAction
Transforming constraintlayout-2.1.4-api.jar with StructureTransformAction
Transforming annotations-4.16.0.jar with StructureTransformAction
Transforming annotations-23.0.0.jar with StructureTransformAction
Transforming startup-runtime-1.1.1-api.jar with StructureTransformAction
Transforming tracing-1.0.0-api.jar with StructureTransformAction
Transforming listenablefuture-1.0.jar with StructureTransformAction
Transforming resourceinspection-annotation-1.0.1.jar with StructureTransformAction
Transforming hilt-core-2.46.1.jar with StructureTransformAction
Transforming dagger-2.46.1.jar with StructureTransformAction
Transforming javax.inject-1.jar with StructureTransformAction
Transforming dagger-lint-aar-2.46.1-api.jar with StructureTransformAction
Transforming jsr305-3.0.2.jar with StructureTransformAction
Transforming disklrucache-4.16.0.jar with StructureTransformAction
Transforming exifinterface-1.3.6-api.jar with StructureTransformAction
Transforming gson-2.8.5.jar with StructureTransformAction
Transforming hilt-common-1.0.0.jar with StructureTransformAction
Transforming android.jar with StructureTransformAction
Transforming core-lambda-stubs.jar with StructureTransformAction
file or directory 'C:\Users\leoja\AndroidStudioProjects\PaleobyLeoRecipes\app\src\release\kotlin', not found
file or directory 'C:\Users\leoja\AndroidStudioProjects\PaleobyLeoRecipes\app\src\release\kotlin', not found
file or directory 'C:\Users\leoja\AndroidStudioProjects\PaleobyLeoRecipes\app\src\release\java', not found
file or directory 'C:\Users\leoja\AndroidStudioProjects\PaleobyLeoRecipes\app\src\release\kotlin', not found
file or directory 'C:\Users\leoja\AndroidStudioProjects\PaleobyLeoRecipes\app\src\release\java', not found
file or directory 'C:\Users\leoja\AndroidStudioProjects\PaleobyLeoRecipes\app\src\main\kotlin', not found
file or directory 'C:\Users\leoja\AndroidStudioProjects\PaleobyLeoRecipes\app\src\main\kotlin', not found
file or directory 'C:\Users\leoja\AndroidStudioProjects\PaleobyLeoRecipes\app\src\main\kotlin', not found
file or directory 'C:\Users\leoja\AndroidStudioProjects\PaleobyLeoRecipes\app\src\main\kotlin', not found
file or directory 'C:\Users\leoja\AndroidStudioProjects\PaleobyLeoRecipes\app\src\main\kotlin', not found
file or directory 'C:\Users\leoja\AndroidStudioProjects\PaleobyLeoRecipes\app\src\main\kotlin', not found
file or directory 'C:\Users\leoja\AndroidStudioProjects\PaleobyLeoRecipes\app\src\release\kotlin', not found
file or directory 'C:\Users\leoja\AndroidStudioProjects\PaleobyLeoRecipes\app\src\release\kotlin', not found
file or directory 'C:\Users\leoja\AndroidStudioProjects\PaleobyLeoRecipes\app\src\release\java', not found
file or directory 'C:\Users\leoja\AndroidStudioProjects\PaleobyLeoRecipes\app\src\release\kotlin', not found
file or directory 'C:\Users\leoja\AndroidStudioProjects\PaleobyLeoRecipes\app\src\release\java', not found
file or directory 'C:\Users\leoja\AndroidStudioProjects\PaleobyLeoRecipes\app\src\release\java', not found
Caching disabled for task ':app:kaptReleaseKotlin' because:
  Build cache is disabled
Task ':app:kaptReleaseKotlin' is not up-to-date because:
  Output property 'annotationProcessorOptionProviders.$0.$1.aarOutDir' file C:\Users\leoja\AndroidStudioProjects\PaleobyLeoRecipes\app\build\intermediates\data_binding_artifact\release\kaptReleaseKotlin has been removed.
  Output property 'annotationProcessorOptionProviders.$0.$1.aarOutDir' file C:\Users\leoja\AndroidStudioProjects\PaleobyLeoRecipes\app\build\intermediates\data_binding_artifact\release\kaptReleaseKotlin\com.leo.paleorecipes-br.bin has been removed.
  Output property 'annotationProcessorOptionProviders.$0.$1.aarOutDir' file C:\Users\leoja\AndroidStudioProjects\PaleobyLeoRecipes\app\build\intermediates\data_binding_artifact\release\kaptReleaseKotlin\com.leo.paleorecipes-setter_store.json has been removed.
  Output property 'classesDir' file C:\Users\leoja\AndroidStudioProjects\PaleobyLeoRecipes\app\build\tmp\kapt3\classes\release has been removed.
The input changes require a full rebuild for incremental task ':app:kaptReleaseKotlin'.
Running kapt annotation processing using the Gradle Worker API
Using workers NONE isolation mode to run kapt
[INFO] All Javac options: {-Aroom.schemaLocation=C:\Users\leoja\AndroidStudioProjects\PaleobyLeoRecipes\app/schemas=-Aroom.schemaLocation=C:\Users\leoja\AndroidStudioProjects\PaleobyLeoRecipes\app/schemas, -Aroom.incremental=true=-Aroom.incremental=true, -Aroom.expandProjection=true=-Aroom.expandProjection=true, -Akapt.kotlin.generated=C:\Users\leoja\AndroidStudioProjects\PaleobyLeoRecipes\app\build\generated\source\kaptKotlin\release=-Akapt.kotlin.generated=C:\Users\leoja\AndroidStudioProjects\PaleobyLeoRecipes\app\build\generated\source\kaptKotlin\release, -Adagger.fastInit=enabled=-Adagger.fastInit=enabled, -Adagger.hilt.android.internal.disableAndroidSuperclassValidation=true=-Adagger.hilt.android.internal.disableAndroidSuperclassValidation=true, -Adagger.hilt.android.internal.projectType=APP=-Adagger.hilt.android.internal.projectType=APP, -Adagger.hilt.internal.useAggregatingRootProcessor=false=-Adagger.hilt.internal.useAggregatingRootProcessor=false, -Aandroid.databinding.dependenciesRFiles=C:\Users\leoja\.gradle\caches\transforms-3\8fd1d1dbaef9ad15d508af45566ce503\transformed\androidx.databinding.library.baseAdapters-r.txt;C:\Users\leoja\.gradle\caches\transforms-3\53027f4cee1bfc328ae36c19ff29988b\transformed\androidx.databinding.ktx-r.txt;C:\Users\leoja\.gradle\caches\transforms-3\085905df7e4e6783606e9e0d0eccabd2\transformed\androidx.databinding.library-r.txt;C:\Users\leoja\.gradle\caches\transforms-3\2f9d83c59ac45285fd2ac0f4a69e65b3\transformed\androidx.viewbinding-r.txt;C:\Users\leoja\.gradle\caches\transforms-3\f8120f107fb362742afd32426636bcf6\transformed\androidx.navigation.common-r.txt;C:\Users\leoja\.gradle\caches\transforms-3\11322458a85239552d2a6cbd95989eb6\transformed\androidx.navigation.common.ktx-r.txt;C:\Users\leoja\.gradle\caches\transforms-3\41ec0281c7f47e373b4506fa247ed123\transformed\androidx.navigation-r.txt;C:\Users\leoja\.gradle\caches\transforms-3\ca6af70c9f9196fb90660e7c256a2ac5\transformed\androidx.navigation.ktx-r.txt;C:\Users\leoja\.gradle\caches\transforms-3\91b278a5aba58f13c41ff3331e871136\transformed\androidx.navigation.fragment-r.txt;C:\Users\leoja\.gradle\caches\transforms-3\f6cd7b2cb38bbadf1fd6831ad4836372\transformed\androidx.navigation.fragment.ktx-r.txt;C:\Users\leoja\.gradle\caches\transforms-3\cb32aa9bbd34bde301a954ca37394d49\transformed\androidx.navigation.ui.ktx-r.txt;C:\Users\leoja\.gradle\caches\transforms-3\fa2c00864768831fd11680d400b50f69\transformed\androidx.navigation.ui-r.txt;C:\Users\leoja\.gradle\caches\transforms-3\4e6d12199101551f30c4e0bee756402e\transformed\com.google.android.material-r.txt;C:\Users\leoja\.gradle\caches\transforms-3\84fa296ed04c5458ccbf4d2b5fe0915d\transformed\androidx.constraintlayout.widget-r.txt;C:\Users\leoja\.gradle\caches\transforms-3\002e93abecfafa691816fbad3805c8e5\transformed\androidx.appcompat.resources-r.txt;C:\Users\leoja\.gradle\caches\transforms-3\c0a91fbd555282e180e6261d56e697c8\transformed\androidx.appcompat-r.txt;C:\Users\leoja\.gradle\caches\transforms-3\d355e39e8c0d10007a6c75b18a18059c\transformed\androidx.hilt.work-r.txt;C:\Users\leoja\.gradle\caches\transforms-3\89ed7fb99771582d32bf867c7ce12637\transformed\dagger.hilt.android-r.txt;C:\Users\leoja\.gradle\caches\transforms-3\ac6303fee835d5f45cb348a6506f04af\transformed\com.bumptech.glide.integration.okhttp-r.txt;C:\Users\leoja\.gradle\caches\transforms-3\5c415c50287381c76ca39f232e2f2438\transformed\com.bumptech.glide-r.txt;C:\Users\leoja\.gradle\caches\transforms-3\d03eb502e5d7e49b1701b2cce46fd3ef\transformed\androidx.viewpager2-r.txt;C:\Users\leoja\.gradle\caches\transforms-3\c918ce0bf5fdd854b7957812eea8cea1\transformed\androidx.fragment-r.txt;C:\Users\leoja\.gradle\caches\transforms-3\c737c9464db4e4e029a9ba4b30c13b0d\transformed\androidx.fragment.ktx-r.txt;C:\Users\leoja\.gradle\caches\transforms-3\bf6a49c7e658aad334c953ccbf935b72\transformed\androidx.compose.material3-r.txt;C:\Users\leoja\.gradle\caches\transforms-3\0ddd3d5981b8b311217e9057bb005d47\transformed\androidx.activity-r.txt;C:\Users\leoja\.gradle\caches\transforms-3\426a0aaaa4662b04da2cc1784ff93b50\transformed\androidx.activity.compose-r.txt;C:\Users\leoja\.gradle\caches\transforms-3\2ea42744b2bf058e7d5a06e0ca2de7df\transformed\androidx.compose.animation.core-r.txt;C:\Users\leoja\.gradle\caches\transforms-3\421e1cbac3aa8852faa1b73603612384\transformed\androidx.compose.material.icons-r.txt;C:\Users\leoja\.gradle\caches\transforms-3\ee6ed416759d90ea95b109c1dfb56905\transformed\androidx.compose.material.ripple-r.txt;C:\Users\leoja\.gradle\caches\transforms-3\f0d2774392a74c5056a790103bf7ab4b\transformed\androidx.compose.animation-r.txt;C:\Users\leoja\.gradle\caches\transforms-3\0f426e03d77aa8c67088069b60b57c13\transformed\androidx.compose.foundation.layout-r.txt;C:\Users\leoja\.gradle\caches\transforms-3\01cbd25bbc6eee66ce0222013ba81923\transformed\androidx.compose.foundation-r.txt;C:\Users\leoja\.gradle\caches\transforms-3\e556d2d37062198d5e3d51a4109fc28a\transformed\androidx.compose.ui.unit-r.txt;C:\Users\leoja\.gradle\caches\transforms-3\9bbca79cc65916aac68500e25688e29e\transformed\androidx.compose.ui.geometry-r.txt;C:\Users\leoja\.gradle\caches\transforms-3\0b814276679abc40c8874927a7149216\transformed\androidx.compose.ui.util-r.txt;C:\Users\leoja\.gradle\caches\transforms-3\83c92443a083ee6b1fbd4f49b3f4cbcd\transformed\androidx.compose.ui.text-r.txt;C:\Users\leoja\.gradle\caches\transforms-3\26d8be253b3b9efd3c1fbf6b08806773\transformed\androidx.compose.ui.graphics-r.txt;C:\Users\leoja\.gradle\caches\transforms-3\a69591ec9757951037146c224a808f0b\transformed\androidx.compose.ui.tooling.preview-r.txt;C:\Users\leoja\.gradle\caches\transforms-3\cb1fb21354e607fc69408e5a836130a7\transformed\androidx.compose.runtime.saveable-r.txt;C:\Users\leoja\.gradle\caches\transforms-3\306618a9e4c6dc891c1fcb1904da17dd\transformed\androidx.compose.runtime-r.txt;C:\Users\leoja\.gradle\caches\transforms-3\0f873d946ec09649ec8c079ff5acbb52\transformed\androidx.compose.runtime.livedata-r.txt;C:\Users\leoja\.gradle\caches\transforms-3\b3c7e64e07535f9cf63dba6b16eeab7f\transformed\androidx.drawerlayout-r.txt;C:\Users\leoja\.gradle\caches\transforms-3\53f50b3094f90f64dc07044c2b1402ec\transformed\androidx.coordinatorlayout-r.txt;C:\Users\leoja\.gradle\caches\transforms-3\e131ed5203d31002a5150c4b770439f8\transformed\androidx.dynamicanimation-r.txt;C:\Users\leoja\.gradle\caches\transforms-3\037308ac63e9b32f6776b4f7b0c66473\transformed\androidx.vectordrawable.animated-r.txt;C:\Users\leoja\.gradle\caches\transforms-3\c488e1fe1ff70958a2f25eaa53aa05b5\transformed\androidx.vectordrawable-r.txt;C:\Users\leoja\.gradle\caches\transforms-3\21425fd06e87503828d875447f95e2b3\transformed\androidx.work.ktx-r.txt;C:\Users\leoja\.gradle\caches\transforms-3\c9f547415cede28196877fd6dac299d8\transformed\androidx.work-r.txt;C:\Users\leoja\.gradle\caches\transforms-3\72b3b815bdcb492d60e089fd1929cd56\transformed\androidx.recyclerview-r.txt;C:\Users\leoja\.gradle\caches\transforms-3\f6f8aa023264b12411c9e07c306786ba\transformed\androidx.viewpager-r.txt;C:\Users\leoja\.gradle\caches\transforms-3\e86ce7f03214aaec8e7436a3c052a31a\transformed\androidx.slidingpanelayout-r.txt;C:\Users\leoja\.gradle\caches\transforms-3\069117b7cd8bdccf0415859a82649f6a\transformed\androidx.customview-r.txt;C:\Users\leoja\.gradle\caches\transforms-3\1e98e32f464490a3d902a35e1ecea693\transformed\androidx.legacy.coreutils-r.txt;C:\Users\leoja\.gradle\caches\transforms-3\6fc35067b58f23f03df8c6e25c9e19b4\transformed\androidx.loader-r.txt;C:\Users\leoja\.gradle\caches\transforms-3\736a9258a95262ec80b9039f4169e87a\transformed\androidx.transition-r.txt;C:\Users\leoja\.gradle\caches\transforms-3\29094a55675fb68264b49dde70ef5e7d\transformed\androidx.window-r.txt;C:\Users\leoja\.gradle\caches\transforms-3\021f1e0912ef7b880bb296e97e55414b\transformed\androidx.autofill-r.txt;C:\Users\leoja\.gradle\caches\transforms-3\4d3b329d151534d57d7d96fdeb2ad3d8\transformed\androidx.emoji2.viewsintegration-r.txt;C:\Users\leoja\.gradle\caches\transforms-3\eb2f5c057f972a70052f94b002b14bb6\transformed\androidx.emoji2-r.txt;C:\Users\leoja\.gradle\caches\transforms-3\147040b3cdb16017e914cb207f66764e\transformed\androidx.core-r.txt;C:\Users\leoja\.gradle\caches\transforms-3\ddae9fe2327428860074eb80aaa605bc\transformed\androidx.lifecycle.livedata.core-r.txt;C:\Users\leoja\.gradle\caches\transforms-3\f5f386d7223303b0d81eb358d0ca0172\transformed\androidx.savedstate.ktx-r.txt;C:\Users\leoja\.gradle\caches\transforms-3\87335b26216971dee5dd20227163a63f\transformed\androidx.savedstate-r.txt;C:\Users\leoja\.gradle\caches\transforms-3\188a670f122d5a9d2aa0324cdafb125c\transformed\androidx.lifecycle.viewmodel.savedstate-r.txt;C:\Users\leoja\.gradle\caches\transforms-3\fd502922b1bbbe6de422d2c5e6654f10\transformed\androidx.lifecycle.livedata.core.ktx-r.txt;C:\Users\leoja\.gradle\caches\transforms-3\839024a0e60fee63f63236a3f632d68e\transformed\androidx.lifecycle.viewmodel-r.txt;C:\Users\leoja\.gradle\caches\transforms-3\583c4ec0d090e6e7e7e7c3b528f4e96d\transformed\androidx.lifecycle.service-r.txt;C:\Users\leoja\.gradle\caches\transforms-3\1d1da2d04f16fc2c8b0329b865d3de06\transformed\androidx.lifecycle.ktx-r.txt;C:\Users\leoja\.gradle\caches\transforms-3\1dc3cf4de50ce57b3a7e1c52fb1ed13d\transformed\androidx.lifecycle.runtime-r.txt;C:\Users\leoja\.gradle\caches\transforms-3\1d9363fb1cf189de119ef44ed845e946\transformed\androidx.lifecycle.process-r.txt;C:\Users\leoja\.gradle\caches\transforms-3\54734093375e2fa0c0aebff4d2434377\transformed\androidx.lifecycle.livedata-r.txt;C:\Users\leoja\.gradle\caches\transforms-3\85d7e1ff6bdda2b71526a56eccb8aa0a\transformed\androidx.lifecycle.viewmodel.ktx-r.txt;C:\Users\leoja\.gradle\caches\transforms-3\aa87b80c8d1a6763fca358d70a76d3fa\transformed\androidx.lifecycle.livedata.ktx-r.txt;C:\Users\leoja\.gradle\caches\transforms-3\faad50ae6ef2698f847b02fb8c2aebad\transformed\androidx.lifecycle.viewmodel.compose-r.txt;C:\Users\leoja\.gradle\caches\transforms-3\f1207d95594c4d8ee9a257051bd27206\transformed\androidx.compose.ui-r.txt;C:\Users\leoja\.gradle\caches\transforms-3\79fe2270732c65cee929d163c9881be9\transformed\androidx.activity.ktx-r.txt;C:\Users\leoja\.gradle\caches\transforms-3\e3edde4babeb360d89d65656fe420d01\transformed\androidx.customview.poolingcontainer-r.txt;C:\Users\leoja\.gradle\caches\transforms-3\84f02b2d98bb0d69ceb49c270c6738d9\transformed\androidx.core.ktx-r.txt;C:\Users\leoja\.gradle\caches\transforms-3\15d60a7e5290fb97834ae731afc1b2f7\transformed\androidx.room-r.txt;C:\Users\leoja\.gradle\caches\transforms-3\dfabfb2f6581df09d9c12a9754fe9882\transformed\androidx.room.ktx-r.txt;C:\Users\leoja\.gradle\caches\transforms-3\72cf38b945b3a86d0984b231d60b9cb2\transformed\timber.log-r.txt;C:\Users\leoja\.gradle\caches\transforms-3\98993231648f000c82996e8453cdacc1\transformed\androidx.sqlite.db.framework-r.txt;C:\Users\leoja\.gradle\caches\transforms-3\d0d8eb9219085a9825f01fb118b1aefe\transformed\androidx.sqlite.db-r.txt;C:\Users\leoja\.gradle\caches\transforms-3\2caa99c3954a6bfd291cc36d3d7e31ee\transformed\androidx.annotation.experimental-r.txt;C:\Users\leoja\.gradle\caches\transforms-3\42fc2255340b8a9376e3c2eab450f546\transformed\androidx.cursoradapter-r.txt;C:\Users\leoja\.gradle\caches\transforms-3\3708cfccdc809adf9bcc10b60ed3350b\transformed\androidx.cardview-r.txt;C:\Users\leoja\.gradle\caches\transforms-3\32bd61e018052d03bb6f049f12379bbd\transformed\androidx.arch.core-r.txt;C:\Users\leoja\.gradle\caches\transforms-3\5cd9bc7c73769a2a51d20caeb4b2193a\transformed\com.bumptech.glide.gifdecoder-r.txt;C:\Users\leoja\.gradle\caches\transforms-3\bbbcb834d99b2d912474138a2d6a2173\transformed\androidx.exifinterface-r.txt;C:\Users\leoja\.gradle\caches\transforms-3\141e404fb6af04fed4ab0721a0755079\transformed\androidx.profileinstaller-r.txt;C:\Users\leoja\.gradle\caches\transforms-3\0c09dc90f036bcb5441406cbbd9f7514\transformed\androidx.startup-r.txt;C:\Users\leoja\.gradle\caches\transforms-3\c6d9925756d4293b90c8a01929ccd258\transformed\androidx.tracing-r.txt;C:\Users\leoja\.gradle\caches\transforms-3\6fede0e0972e2633efa9fe79557c566b\transformed\androidx.interpolator-r.txt;C:\Users\leoja\.gradle\caches\transforms-3\f44ffb7b3b8e0ea405658417a3fa688a\transformed\androidx.versionedparcelable-r.txt;C:\Users\leoja\.gradle\caches\transforms-3\8f6feaa739977d5d827191926745153a\transformed\androidx.documentfile-r.txt;C:\Users\leoja\.gradle\caches\transforms-3\ff3200b2429682bb589c01f8ff8d49dc\transformed\androidx.localbroadcastmanager-r.txt;C:\Users\leoja\.gradle\caches\transforms-3\c8f174694d3d1b19569119a3f521d185\transformed\androidx.print-r.txt;C:\Users\leoja\.gradle\caches\transforms-3\465c59e826d4c66fb21fd8011bddc930\transformed\dagger.lint-r.txt=-Aandroid.databinding.dependenciesRFiles=C:\Users\leoja\.gradle\caches\transforms-3\8fd1d1dbaef9ad15d508af45566ce503\transformed\androidx.databinding.library.baseAdapters-r.txt;C:\Users\leoja\.gradle\caches\transforms-3\53027f4cee1bfc328ae36c19ff29988b\transformed\androidx.databinding.ktx-r.txt;C:\Users\leoja\.gradle\caches\transforms-3\085905df7e4e6783606e9e0d0eccabd2\transformed\androidx.databinding.library-r.txt;C:\Users\leoja\.gradle\caches\transforms-3\2f9d83c59ac45285fd2ac0f4a69e65b3\transformed\androidx.viewbinding-r.txt;C:\Users\leoja\.gradle\caches\transforms-3\f8120f107fb362742afd32426636bcf6\transformed\androidx.navigation.common-r.txt;C:\Users\leoja\.gradle\caches\transforms-3\11322458a85239552d2a6cbd95989eb6\transformed\androidx.navigation.common.ktx-r.txt;C:\Users\leoja\.gradle\caches\transforms-3\41ec0281c7f47e373b4506fa247ed123\transformed\androidx.navigation-r.txt;C:\Users\leoja\.gradle\caches\transforms-3\ca6af70c9f9196fb90660e7c256a2ac5\transformed\androidx.navigation.ktx-r.txt;C:\Users\leoja\.gradle\caches\transforms-3\91b278a5aba58f13c41ff3331e871136\transformed\androidx.navigation.fragment-r.txt;C:\Users\leoja\.gradle\caches\transforms-3\f6cd7b2cb38bbadf1fd6831ad4836372\transformed\androidx.navigation.fragment.ktx-r.txt;C:\Users\leoja\.gradle\caches\transforms-3\cb32aa9bbd34bde301a954ca37394d49\transformed\androidx.navigation.ui.ktx-r.txt;C:\Users\leoja\.gradle\caches\transforms-3\fa2c00864768831fd11680d400b50f69\transformed\androidx.navigation.ui-r.txt;C:\Users\leoja\.gradle\caches\transforms-3\4e6d12199101551f30c4e0bee756402e\transformed\com.google.android.material-r.txt;C:\Users\leoja\.gradle\caches\transforms-3\84fa296ed04c5458ccbf4d2b5fe0915d\transformed\androidx.constraintlayout.widget-r.txt;C:\Users\leoja\.gradle\caches\transforms-3\002e93abecfafa691816fbad3805c8e5\transformed\androidx.appcompat.resources-r.txt;C:\Users\leoja\.gradle\caches\transforms-3\c0a91fbd555282e180e6261d56e697c8\transformed\androidx.appcompat-r.txt;C:\Users\leoja\.gradle\caches\transforms-3\d355e39e8c0d10007a6c75b18a18059c\transformed\androidx.hilt.work-r.txt;C:\Users\leoja\.gradle\caches\transforms-3\89ed7fb99771582d32bf867c7ce12637\transformed\dagger.hilt.android-r.txt;C:\Users\leoja\.gradle\caches\transforms-3\ac6303fee835d5f45cb348a6506f04af\transformed\com.bumptech.glide.integration.okhttp-r.txt;C:\Users\leoja\.gradle\caches\transforms-3\5c415c50287381c76ca39f232e2f2438\transformed\com.bumptech.glide-r.txt;C:\Users\leoja\.gradle\caches\transforms-3\d03eb502e5d7e49b1701b2cce46fd3ef\transformed\androidx.viewpager2-r.txt;C:\Users\leoja\.gradle\caches\transforms-3\c918ce0bf5fdd854b7957812eea8cea1\transformed\androidx.fragment-r.txt;C:\Users\leoja\.gradle\caches\transforms-3\c737c9464db4e4e029a9ba4b30c13b0d\transformed\androidx.fragment.ktx-r.txt;C:\Users\leoja\.gradle\caches\transforms-3\bf6a49c7e658aad334c953ccbf935b72\transformed\androidx.compose.material3-r.txt;C:\Users\leoja\.gradle\caches\transforms-3\0ddd3d5981b8b311217e9057bb005d47\transformed\androidx.activity-r.txt;C:\Users\leoja\.gradle\caches\transforms-3\426a0aaaa4662b04da2cc1784ff93b50\transformed\androidx.activity.compose-r.txt;C:\Users\leoja\.gradle\caches\transforms-3\2ea42744b2bf058e7d5a06e0ca2de7df\transformed\androidx.compose.animation.core-r.txt;C:\Users\leoja\.gradle\caches\transforms-3\421e1cbac3aa8852faa1b73603612384\transformed\androidx.compose.material.icons-r.txt;C:\Users\leoja\.gradle\caches\transforms-3\ee6ed416759d90ea95b109c1dfb56905\transformed\androidx.compose.material.ripple-r.txt;C:\Users\leoja\.gradle\caches\transforms-3\f0d2774392a74c5056a790103bf7ab4b\transformed\androidx.compose.animation-r.txt;C:\Users\leoja\.gradle\caches\transforms-3\0f426e03d77aa8c67088069b60b57c13\transformed\androidx.compose.foundation.layout-r.txt;C:\Users\leoja\.gradle\caches\transforms-3\01cbd25bbc6eee66ce0222013ba81923\transformed\androidx.compose.foundation-r.txt;C:\Users\leoja\.gradle\caches\transforms-3\e556d2d37062198d5e3d51a4109fc28a\transformed\androidx.compose.ui.unit-r.txt;C:\Users\leoja\.gradle\caches\transforms-3\9bbca79cc65916aac68500e25688e29e\transformed\androidx.compose.ui.geometry-r.txt;C:\Users\leoja\.gradle\caches\transforms-3\0b814276679abc40c8874927a7149216\transformed\androidx.compose.ui.util-r.txt;C:\Users\leoja\.gradle\caches\transforms-3\83c92443a083ee6b1fbd4f49b3f4cbcd\transformed\androidx.compose.ui.text-r.txt;C:\Users\leoja\.gradle\caches\transforms-3\26d8be253b3b9efd3c1fbf6b08806773\transformed\androidx.compose.ui.graphics-r.txt;C:\Users\leoja\.gradle\caches\transforms-3\a69591ec9757951037146c224a808f0b\transformed\androidx.compose.ui.tooling.preview-r.txt;C:\Users\leoja\.gradle\caches\transforms-3\cb1fb21354e607fc69408e5a836130a7\transformed\androidx.compose.runtime.saveable-r.txt;C:\Users\leoja\.gradle\caches\transforms-3\306618a9e4c6dc891c1fcb1904da17dd\transformed\androidx.compose.runtime-r.txt;C:\Users\leoja\.gradle\caches\transforms-3\0f873d946ec09649ec8c079ff5acbb52\transformed\androidx.compose.runtime.livedata-r.txt;C:\Users\leoja\.gradle\caches\transforms-3\b3c7e64e07535f9cf63dba6b16eeab7f\transformed\androidx.drawerlayout-r.txt;C:\Users\leoja\.gradle\caches\transforms-3\53f50b3094f90f64dc07044c2b1402ec\transformed\androidx.coordinatorlayout-r.txt;C:\Users\leoja\.gradle\caches\transforms-3\e131ed5203d31002a5150c4b770439f8\transformed\androidx.dynamicanimation-r.txt;C:\Users\leoja\.gradle\caches\transforms-3\037308ac63e9b32f6776b4f7b0c66473\transformed\androidx.vectordrawable.animated-r.txt;C:\Users\leoja\.gradle\caches\transforms-3\c488e1fe1ff70958a2f25eaa53aa05b5\transformed\androidx.vectordrawable-r.txt;C:\Users\leoja\.gradle\caches\transforms-3\21425fd06e87503828d875447f95e2b3\transformed\androidx.work.ktx-r.txt;C:\Users\leoja\.gradle\caches\transforms-3\c9f547415cede28196877fd6dac299d8\transformed\androidx.work-r.txt;C:\Users\leoja\.gradle\caches\transforms-3\72b3b815bdcb492d60e089fd1929cd56\transformed\androidx.recyclerview-r.txt;C:\Users\leoja\.gradle\caches\transforms-3\f6f8aa023264b12411c9e07c306786ba\transformed\androidx.viewpager-r.txt;C:\Users\leoja\.gradle\caches\transforms-3\e86ce7f03214aaec8e7436a3c052a31a\transformed\androidx.slidingpanelayout-r.txt;C:\Users\leoja\.gradle\caches\transforms-3\069117b7cd8bdccf0415859a82649f6a\transformed\androidx.customview-r.txt;C:\Users\leoja\.gradle\caches\transforms-3\1e98e32f464490a3d902a35e1ecea693\transformed\androidx.legacy.coreutils-r.txt;C:\Users\leoja\.gradle\caches\transforms-3\6fc35067b58f23f03df8c6e25c9e19b4\transformed\androidx.loader-r.txt;C:\Users\leoja\.gradle\caches\transforms-3\736a9258a95262ec80b9039f4169e87a\transformed\androidx.transition-r.txt;C:\Users\leoja\.gradle\caches\transforms-3\29094a55675fb68264b49dde70ef5e7d\transformed\androidx.window-r.txt;C:\Users\leoja\.gradle\caches\transforms-3\021f1e0912ef7b880bb296e97e55414b\transformed\androidx.autofill-r.txt;C:\Users\leoja\.gradle\caches\transforms-3\4d3b329d151534d57d7d96fdeb2ad3d8\transformed\androidx.emoji2.viewsintegration-r.txt;C:\Users\leoja\.gradle\caches\transforms-3\eb2f5c057f972a70052f94b002b14bb6\transformed\androidx.emoji2-r.txt;C:\Users\leoja\.gradle\caches\transforms-3\147040b3cdb16017e914cb207f66764e\transformed\androidx.core-r.txt;C:\Users\leoja\.gradle\caches\transforms-3\ddae9fe2327428860074eb80aaa605bc\transformed\androidx.lifecycle.livedata.core-r.txt;C:\Users\leoja\.gradle\caches\transforms-3\f5f386d7223303b0d81eb358d0ca0172\transformed\androidx.savedstate.ktx-r.txt;C:\Users\leoja\.gradle\caches\transforms-3\87335b26216971dee5dd20227163a63f\transformed\androidx.savedstate-r.txt;C:\Users\leoja\.gradle\caches\transforms-3\188a670f122d5a9d2aa0324cdafb125c\transformed\androidx.lifecycle.viewmodel.savedstate-r.txt;C:\Users\leoja\.gradle\caches\transforms-3\fd502922b1bbbe6de422d2c5e6654f10\transformed\androidx.lifecycle.livedata.core.ktx-r.txt;C:\Users\leoja\.gradle\caches\transforms-3\839024a0e60fee63f63236a3f632d68e\transformed\androidx.lifecycle.viewmodel-r.txt;C:\Users\leoja\.gradle\caches\transforms-3\583c4ec0d090e6e7e7e7c3b528f4e96d\transformed\androidx.lifecycle.service-r.txt;C:\Users\leoja\.gradle\caches\transforms-3\1d1da2d04f16fc2c8b0329b865d3de06\transformed\androidx.lifecycle.ktx-r.txt;C:\Users\leoja\.gradle\caches\transforms-3\1dc3cf4de50ce57b3a7e1c52fb1ed13d\transformed\androidx.lifecycle.runtime-r.txt;C:\Users\leoja\.gradle\caches\transforms-3\1d9363fb1cf189de119ef44ed845e946\transformed\androidx.lifecycle.process-r.txt;C:\Users\leoja\.gradle\caches\transforms-3\54734093375e2fa0c0aebff4d2434377\transformed\androidx.lifecycle.livedata-r.txt;C:\Users\leoja\.gradle\caches\transforms-3\85d7e1ff6bdda2b71526a56eccb8aa0a\transformed\androidx.lifecycle.viewmodel.ktx-r.txt;C:\Users\leoja\.gradle\caches\transforms-3\aa87b80c8d1a6763fca358d70a76d3fa\transformed\androidx.lifecycle.livedata.ktx-r.txt;C:\Users\leoja\.gradle\caches\transforms-3\faad50ae6ef2698f847b02fb8c2aebad\transformed\androidx.lifecycle.viewmodel.compose-r.txt;C:\Users\leoja\.gradle\caches\transforms-3\f1207d95594c4d8ee9a257051bd27206\transformed\androidx.compose.ui-r.txt;C:\Users\leoja\.gradle\caches\transforms-3\79fe2270732c65cee929d163c9881be9\transformed\androidx.activity.ktx-r.txt;C:\Users\leoja\.gradle\caches\transforms-3\e3edde4babeb360d89d65656fe420d01\transformed\androidx.customview.poolingcontainer-r.txt;C:\Users\leoja\.gradle\caches\transforms-3\84f02b2d98bb0d69ceb49c270c6738d9\transformed\androidx.core.ktx-r.txt;C:\Users\leoja\.gradle\caches\transforms-3\15d60a7e5290fb97834ae731afc1b2f7\transformed\androidx.room-r.txt;C:\Users\leoja\.gradle\caches\transforms-3\dfabfb2f6581df09d9c12a9754fe9882\transformed\androidx.room.ktx-r.txt;C:\Users\leoja\.gradle\caches\transforms-3\72cf38b945b3a86d0984b231d60b9cb2\transformed\timber.log-r.txt;C:\Users\leoja\.gradle\caches\transforms-3\98993231648f000c82996e8453cdacc1\transformed\androidx.sqlite.db.framework-r.txt;C:\Users\leoja\.gradle\caches\transforms-3\d0d8eb9219085a9825f01fb118b1aefe\transformed\androidx.sqlite.db-r.txt;C:\Users\leoja\.gradle\caches\transforms-3\2caa99c3954a6bfd291cc36d3d7e31ee\transformed\androidx.annotation.experimental-r.txt;C:\Users\leoja\.gradle\caches\transforms-3\42fc2255340b8a9376e3c2eab450f546\transformed\androidx.cursoradapter-r.txt;C:\Users\leoja\.gradle\caches\transforms-3\3708cfccdc809adf9bcc10b60ed3350b\transformed\androidx.cardview-r.txt;C:\Users\leoja\.gradle\caches\transforms-3\32bd61e018052d03bb6f049f12379bbd\transformed\androidx.arch.core-r.txt;C:\Users\leoja\.gradle\caches\transforms-3\5cd9bc7c73769a2a51d20caeb4b2193a\transformed\com.bumptech.glide.gifdecoder-r.txt;C:\Users\leoja\.gradle\caches\transforms-3\bbbcb834d99b2d912474138a2d6a2173\transformed\androidx.exifinterface-r.txt;C:\Users\leoja\.gradle\caches\transforms-3\141e404fb6af04fed4ab0721a0755079\transformed\androidx.profileinstaller-r.txt;C:\Users\leoja\.gradle\caches\transforms-3\0c09dc90f036bcb5441406cbbd9f7514\transformed\androidx.startup-r.txt;C:\Users\leoja\.gradle\caches\transforms-3\c6d9925756d4293b90c8a01929ccd258\transformed\androidx.tracing-r.txt;C:\Users\leoja\.gradle\caches\transforms-3\6fede0e0972e2633efa9fe79557c566b\transformed\androidx.interpolator-r.txt;C:\Users\leoja\.gradle\caches\transforms-3\f44ffb7b3b8e0ea405658417a3fa688a\transformed\androidx.versionedparcelable-r.txt;C:\Users\leoja\.gradle\caches\transforms-3\8f6feaa739977d5d827191926745153a\transformed\androidx.documentfile-r.txt;C:\Users\leoja\.gradle\caches\transforms-3\ff3200b2429682bb589c01f8ff8d49dc\transformed\androidx.localbroadcastmanager-r.txt;C:\Users\leoja\.gradle\caches\transforms-3\c8f174694d3d1b19569119a3f521d185\transformed\androidx.print-r.txt;C:\Users\leoja\.gradle\caches\transforms-3\465c59e826d4c66fb21fd8011bddc930\transformed\dagger.lint-r.txt, -Aandroid.databinding.minApi=24=-Aandroid.databinding.minApi=24, -Aandroid.databinding.classLogDir=C:\Users\leoja\AndroidStudioProjects\PaleobyLeoRecipes\app\build\intermediates\data_binding_base_class_log_artifact\release\out=-Aandroid.databinding.classLogDir=C:\Users\leoja\AndroidStudioProjects\PaleobyLeoRecipes\app\build\intermediates\data_binding_base_class_log_artifact\release\out, -Aandroid.databinding.aarOutDir=C:\Users\leoja\AndroidStudioProjects\PaleobyLeoRecipes\app\build\intermediates\data_binding_artifact\release\kaptReleaseKotlin=-Aandroid.databinding.aarOutDir=C:\Users\leoja\AndroidStudioProjects\PaleobyLeoRecipes\app\build\intermediates\data_binding_artifact\release\kaptReleaseKotlin, -Aandroid.databinding.enableDebugLogs=0=-Aandroid.databinding.enableDebugLogs=0, -Aandroid.databinding.dependencyArtifactsDir=C:\Users\leoja\AndroidStudioProjects\PaleobyLeoRecipes\app\build\intermediates\data_binding_dependency_artifacts\release=-Aandroid.databinding.dependencyArtifactsDir=C:\Users\leoja\AndroidStudioProjects\PaleobyLeoRecipes\app\build\intermediates\data_binding_dependency_artifacts\release, -Aandroid.databinding.enableForTests=0=-Aandroid.databinding.enableForTests=0, -Aandroid.databinding.enableV2=1=-Aandroid.databinding.enableV2=1, -Aandroid.databinding.modulePackage=com.leo.paleorecipes=-Aandroid.databinding.modulePackage=com.leo.paleorecipes, -Aandroid.databinding.artifactType=APPLICATION=-Aandroid.databinding.artifactType=APPLICATION, -Aandroid.databinding.isTestVariant=0=-Aandroid.databinding.isTestVariant=0, -Aandroid.databinding.apiFile=C:\Users\leoja\AppData\Local\Android\Sdk\platforms\android-34\data\api-versions.xml=-Aandroid.databinding.apiFile=C:\Users\leoja\AppData\Local\Android\Sdk\platforms\android-34\data\api-versions.xml, -Aandroid.databinding.incremental=1=-Aandroid.databinding.incremental=1, -Aandroid.databinding.localResourceFile=C:\Users\leoja\AndroidStudioProjects\PaleobyLeoRecipes\app\build\intermediates\local_only_symbol_list\release\R-def.txt=-Aandroid.databinding.localResourceFile=C:\Users\leoja\AndroidStudioProjects\PaleobyLeoRecipes\app\build\intermediates\local_only_symbol_list\release\R-def.txt, -Aandroid.databinding.printEncodedErrorLogs=0=-Aandroid.databinding.printEncodedErrorLogs=0, -Aandroid.databinding.layoutInfoDir=C:\Users\leoja\AndroidStudioProjects\PaleobyLeoRecipes\app\build\intermediates\data_binding_layout_info_type_merge\release\out=-Aandroid.databinding.layoutInfoDir=C:\Users\leoja\AndroidStudioProjects\PaleobyLeoRecipes\app\build\intermediates\data_binding_layout_info_type_merge\release\out, --source=21, -proc:=only, accessInternalAPI=true, --class-path=C:\Users\leoja\AndroidStudioProjects\PaleobyLeoRecipes\app\build\intermediates\compile_and_runtime_not_namespaced_r_class_jar\release\R.jar;C:\Users\leoja\.gradle\caches\transforms-3\f49bf0f66b836319ecb7b03b712e15aa\transformed\databinding-runtime-8.1.0-api.jar;C:\Users\leoja\.gradle\caches\transforms-3\891fafeafff99247d77edfdd984a6798\transformed\viewbinding-8.1.0-api.jar;C:\Users\leoja\.gradle\caches\transforms-3\dfc000f292b14402f228266d0a29aebf\transformed\databinding-adapters-8.1.0-api.jar;C:\Users\leoja\.gradle\caches\modules-2\files-2.1\androidx.databinding\databinding-common\8.1.0\2be3530b78477835e69dce953b17adc1dbc5c6fa\databinding-common-8.1.0.jar;C:\Users\leoja\.gradle\caches\transforms-3\76e3e79701839d3ef92f4bab4ec688c7\transformed\databinding-ktx-8.1.0-api.jar;C:\Users\leoja\.gradle\caches\transforms-3\cb878bc15339cd4072c5ec28d92b8be1\transformed\navigation-common-2.7.6-api.jar;C:\Users\leoja\.gradle\caches\transforms-3\a9a8b6491e9e00dd600d5e3202ea043e\transformed\navigation-common-ktx-2.7.6-api.jar;C:\Users\leoja\.gradle\caches\transforms-3\7d9832543a5e6653f3c670dd519577d5\transformed\navigation-runtime-2.7.6-api.jar;C:\Users\leoja\.gradle\caches\transforms-3\fb595f47b989ba01d3734d976474ed12\transformed\navigation-runtime-ktx-2.7.6-api.jar;C:\Users\leoja\.gradle\caches\transforms-3\df2462af91f230b25f5ae837a324a45f\transformed\navigation-fragment-2.7.6-api.jar;C:\Users\leoja\.gradle\caches\transforms-3\d20a5139c8a0fea12eda143e76b9b68b\transformed\navigation-fragment-ktx-2.7.6-api.jar;C:\Users\leoja\.gradle\caches\transforms-3\b31a6a33c0bfcfcbc0d512073b69239f\transformed\navigation-ui-ktx-2.7.6-api.jar;C:\Users\leoja\.gradle\caches\transforms-3\ab9e571522114e87564ca15cd9385111\transformed\navigation-ui-2.7.6-api.jar;C:\Users\leoja\.gradle\caches\transforms-3\1e57c69845abae1c63e2286bec4c515a\transformed\material-1.11.0-api.jar;C:\Users\leoja\.gradle\caches\transforms-3\8d87dc66d26557fecef040a4ab2fc267\transformed\appcompat-1.6.1-api.jar;C:\Users\leoja\.gradle\caches\transforms-3\f177ac596d3fef4234d78cb86d47bc46\transformed\hilt-work-1.0.0-api.jar;C:\Users\leoja\.gradle\caches\transforms-3\302f6689f7f4b105ea6985e1ea4b467a\transformed\hilt-android-2.46.1-api.jar;C:\Users\leoja\.gradle\caches\transforms-3\0a560d915f791797d5e38faae4a16844\transformed\okhttp3-integration-4.16.0-api.jar;C:\Users\leoja\.gradle\caches\transforms-3\ca621cbf0b2d23a3de05b547847227e7\transformed\glide-4.16.0-api.jar;C:\Users\leoja\.gradle\caches\transforms-3\4b0a4c9a532b19db353ae182608c2638\transformed\viewpager2-1.0.0-api.jar;C:\Users\leoja\.gradle\caches\transforms-3\ef83b5e1e3e47478c22184bed42a0bb3\transformed\fragment-1.6.2-api.jar;C:\Users\leoja\.gradle\caches\transforms-3\ad8ef0fccb3959d223cfce57b642dc9d\transformed\fragment-ktx-1.6.2-api.jar;C:\Users\leoja\.gradle\caches\transforms-3\fc791cb4035f7f8487b63cdfde0acf00\transformed\activity-1.8.2-api.jar;C:\Users\leoja\.gradle\caches\transforms-3\4f9431b99a3678c122ff5e9514df8679\transformed\activity-compose-1.8.2-api.jar;C:\Users\leoja\.gradle\caches\transforms-3\28f5d61248ea6d8aa80b51f3e27c2b53\transformed\activity-ktx-1.8.2-api.jar;C:\Users\leoja\.gradle\caches\transforms-3\2b58e803469d7c95465a4e63e5c4ec7b\transformed\material3-1.1.2-api.jar;C:\Users\leoja\.gradle\caches\transforms-3\642d53251572e6cdfee22d6b45de9d5d\transformed\material-icons-core-release-api.jar;C:\Users\leoja\.gradle\caches\transforms-3\e6efbd564d7b9c720a017a8c315de7fe\transformed\material-ripple-release-api.jar;C:\Users\leoja\.gradle\caches\transforms-3\28906a3fd93902be292cbd7fd132303e\transformed\animation-core-release-api.jar;C:\Users\leoja\.gradle\caches\transforms-3\34e420e5654b6a730f53e87f30ea9585\transformed\animation-release-api.jar;C:\Users\leoja\.gradle\caches\transforms-3\22d24e55a25ffc1ff385760e47a3e492\transformed\foundation-layout-release-api.jar;C:\Users\leoja\.gradle\caches\transforms-3\dba6734d497b94c43f343b8e4a3a28ed\transformed\foundation-release-api.jar;C:\Users\leoja\.gradle\caches\transforms-3\ff7f153aeef9ea8ccf0b75cc09e6d97c\transformed\ui-unit-release-api.jar;C:\Users\leoja\.gradle\caches\transforms-3\65be5b597eba989b7cde52aba0f1a646\transformed\ui-geometry-release-api.jar;C:\Users\leoja\.gradle\caches\transforms-3\79ff55918d19907f322016d61c407144\transformed\ui-text-release-api.jar;C:\Users\leoja\.gradle\caches\transforms-3\422a7d886ef827c0ff728c3f8898915b\transformed\ui-graphics-release-api.jar;C:\Users\leoja\.gradle\caches\transforms-3\448769df45cb97e78ba4fdd1806b89bc\transformed\ui-release-api.jar;C:\Users\leoja\.gradle\caches\transforms-3\fc8d80fefb21094fbaefe5b96a6e3f0e\transformed\ui-tooling-preview-release-api.jar;C:\Users\leoja\.gradle\caches\transforms-3\d75e1babda830266f4e62d4452c3bc85\transformed\runtime-saveable-release-api.jar;C:\Users\leoja\.gradle\caches\transforms-3\c6b6e0b9aedf9bf6101f4fc8376b906a\transformed\runtime-release-api.jar;C:\Users\leoja\.gradle\caches\transforms-3\9da9d23293af35847c298d197a876dcc\transformed\runtime-livedata-1.5.4-api.jar;C:\Users\leoja\.gradle\caches\transforms-3\d1fc0c24fa648909602e2dd43547b0ff\transformed\lifecycle-livedata-core-2.7.0-api.jar;C:\Users\leoja\.gradle\caches\modules-2\files-2.1\androidx.lifecycle\lifecycle-common\2.7.0\85334205d65cca70ed0109c3acbd29e22a2d9cb1\lifecycle-common-2.7.0.jar;C:\Users\leoja\.gradle\caches\modules-2\files-2.1\androidx.lifecycle\lifecycle-common-java8\2.7.0\2ad14aed781c4a73ed4dbb421966d408a0a06686\lifecycle-common-java8-2.7.0.jar;C:\Users\leoja\.gradle\caches\transforms-3\8174b6fac7bd7b93dfa6eb13d6920fb1\transformed\lifecycle-livedata-core-ktx-2.7.0-api.jar;C:\Users\leoja\.gradle\caches\transforms-3\cfa7f7fb831d145772d14d9659f9fdaa\transformed\dynamicanimation-1.0.0-api.jar;C:\Users\leoja\.gradle\caches\transforms-3\a9f426d32959a09a02f5e9975a52ad7e\transformed\legacy-support-core-utils-1.0.0-api.jar;C:\Users\leoja\.gradle\caches\transforms-3\15016f5bd754cfabe690ea2960a54261\transformed\loader-1.0.0-api.jar;C:\Users\leoja\.gradle\caches\transforms-3\38eb5dfe1150352db8c75e4a7f18404d\transformed\lifecycle-viewmodel-2.7.0-api.jar;C:\Users\leoja\.gradle\caches\transforms-3\3c5b5e5b24979e3db94e09c748b3890b\transformed\lifecycle-service-2.7.0-api.jar;C:\Users\leoja\.gradle\caches\transforms-3\c704fd5e6820c5045d5d36e3f453947f\transformed\lifecycle-process-2.7.0-api.jar;C:\Users\leoja\.gradle\caches\transforms-3\f4834198d33bd0bce3b11a9c8e501873\transformed\work-runtime-ktx-2.9.0-api.jar;C:\Users\leoja\.gradle\caches\transforms-3\4559dd1625818b06be8bca1239656ab8\transformed\work-runtime-2.9.0-api.jar;C:\Users\leoja\.gradle\caches\transforms-3\b3f6799363f4dd00664f76d567eae13d\transformed\lifecycle-livedata-2.7.0-api.jar;C:\Users\leoja\.gradle\caches\transforms-3\cb0721182121f2eda5c2ddd1eeedf050\transformed\lifecycle-runtime-ktx-2.7.0-api.jar;C:\Users\leoja\.gradle\caches\transforms-3\cd9a69e882a70d989b9282962c52ad93\transformed\appcompat-resources-1.6.1-api.jar;C:\Users\leoja\.gradle\caches\transforms-3\f533757ce47b86ec0751ee14ecd65863\transformed\drawerlayout-1.1.1-api.jar;C:\Users\leoja\.gradle\caches\transforms-3\4416bf719ccc8e299ece31eacef80399\transformed\coordinatorlayout-1.1.0-api.jar;C:\Users\leoja\.gradle\caches\transforms-3\0252a6acff1698e484055abf705c4fbd\transformed\recyclerview-1.1.0-api.jar;C:\Users\leoja\.gradle\caches\transforms-3\1b3bfb90ceb2cf9f68792b873dac00d0\transformed\transition-1.4.1-api.jar;C:\Users\leoja\.gradle\caches\transforms-3\2ae9d9a3fc993172ff8c4f6699ec7782\transformed\vectordrawable-animated-1.1.0-api.jar;C:\Users\leoja\.gradle\caches\transforms-3\f32bf90656ca1b7180360ec5fe49519b\transformed\vectordrawable-1.1.0-api.jar;C:\Users\leoja\.gradle\caches\transforms-3\3c57d0750b88da03605df81e52a5a1cf\transformed\viewpager-1.0.0-api.jar;C:\Users\leoja\.gradle\caches\transforms-3\10453a4911f02c5ec903fcaf76e09378\transformed\slidingpanelayout-1.2.0-api.jar;C:\Users\leoja\.gradle\caches\transforms-3\60682d6ef85379c86995d92777af9e6c\transformed\customview-1.1.0-api.jar;C:\Users\leoja\.gradle\caches\transforms-3\eb5c9f19b443ad2aa92a614852014fde\transformed\core-1.12.0-api.jar;C:\Users\leoja\.gradle\caches\transforms-3\fbc4cc3bcbccf5214c0bb18d2016f82f\transformed\lifecycle-runtime-2.7.0-api.jar;C:\Users\leoja\.gradle\caches\transforms-3\193c6af5fdae46925d29a7e34b02159a\transformed\lifecycle-viewmodel-ktx-2.7.0-api.jar;C:\Users\leoja\.gradle\caches\transforms-3\1aa305f14d93b49602edd18a5de4e287\transformed\lifecycle-livedata-ktx-2.7.0-api.jar;C:\Users\leoja\.gradle\caches\transforms-3\4d1122b506cfa45c2c54623ed3b1f6da\transformed\lifecycle-viewmodel-compose-2.7.0-api.jar;C:\Users\leoja\.gradle\caches\transforms-3\7b10ffa28c7b0b37f9a5597eaa62987a\transformed\lifecycle-viewmodel-savedstate-2.7.0-api.jar;C:\Users\leoja\.gradle\caches\transforms-3\ceb341e23d605126082169f803333aa2\transformed\core-ktx-1.12.0-api.jar;C:\Users\leoja\.gradle\caches\modules-2\files-2.1\androidx.room\room-common\2.6.1\ff1b9580850a9b7eef56554e356628d225785265\room-common-2.6.1.jar;C:\Users\leoja\.gradle\caches\transforms-3\4b9a547487a52349783b4f9781f57f25\transformed\room-runtime-2.6.1-api.jar;C:\Users\leoja\.gradle\caches\transforms-3\8dd38aab49d99be2c530d85c5053a419\transformed\room-ktx-2.6.1-api.jar;C:\Users\leoja\.gradle\caches\transforms-3\88ab74477ac4d93b94fb1bbe6cbf6ff9\transformed\timber-5.0.1-api.jar;C:\Users\leoja\.gradle\caches\transforms-3\20b4a4384f826d47c659bfd727910b0b\transformed\savedstate-ktx-1.2.1-api.jar;C:\Users\leoja\.gradle\caches\transforms-3\9f22f38010ee99e90ac16ef7f3561ba6\transformed\savedstate-1.2.1-api.jar;C:\Users\leoja\.gradle\caches\transforms-3\978ff4e94ab235d13263e9d05ca067e5\transformed\annotation-experimental-1.3.0-api.jar;C:\Users\leoja\.gradle\caches\modules-2\files-2.1\androidx.collection\collection-ktx\1.1.0\f807b2f366f7b75142a67d2f3c10031065b5168\collection-ktx-1.1.0.jar;C:\Users\leoja\.gradle\caches\modules-2\files-2.1\com.squareup.okhttp3\logging-interceptor\4.12.0\e922c1f14d365c0f2bed140cc0825e18462c2778\logging-interceptor-4.12.0.jar;C:\Users\leoja\.gradle\caches\modules-2\files-2.1\org.jetbrains.kotlinx\kotlinx-coroutines-core-jvm\1.7.1\63a0779cf668e2a47d13fda7c3b0c4f8dc7762f4\kotlinx-coroutines-core-jvm-1.7.1.jar;C:\Users\leoja\.gradle\caches\modules-2\files-2.1\org.jetbrains.kotlinx\kotlinx-coroutines-android\1.7.1\c2d86b569f10b7fc7e28d3f50c0eed97897d77a7\kotlinx-coroutines-android-1.7.1.jar;C:\Users\leoja\.gradle\caches\modules-2\files-2.1\com.squareup.retrofit2\converter-gson\2.9.0\fc93484fc67ab52b1e0ccbdaa3922d8a6678e097\converter-gson-2.9.0.jar;C:\Users\leoja\.gradle\caches\modules-2\files-2.1\com.squareup.retrofit2\retrofit\2.9.0\d8fdfbd5da952141a665a403348b74538efc05ff\retrofit-2.9.0.jar;C:\Users\leoja\.gradle\caches\modules-2\files-2.1\com.squareup.okhttp3\okhttp\4.12.0\2f4525d4a200e97e1b87449c2cd9bd2e25b7e8cd\okhttp-4.12.0.jar;C:\Users\leoja\.gradle\caches\modules-2\files-2.1\com.squareup.okio\okio-jvm\3.6.0\5600569133b7bdefe1daf9ec7f4abeb6d13e1786\okio-jvm-3.6.0.jar;C:\Users\leoja\.gradle\caches\modules-2\files-2.1\org.jetbrains.kotlin\kotlin-stdlib-jdk8\1.9.10\c7510d64a83411a649c76f2778304ddf71d7437b\kotlin-stdlib-jdk8-1.9.10.jar;C:\Users\leoja\.gradle\caches\transforms-3\4a7dc48357636ae3c46e6f6fd2f195bd\transformed\cursoradapter-1.0.0-api.jar;C:\Users\leoja\.gradle\caches\transforms-3\b61e28cdec1966681391e30f159d4284\transformed\cardview-1.0.0-api.jar;C:\Users\leoja\.gradle\caches\transforms-3\ff924fe302accc5e2edf4448411b3570\transformed\sqlite-framework-2.4.0-api.jar;C:\Users\leoja\.gradle\caches\transforms-3\ef460c8b7386bc65bd85f1d7f3bed773\transformed\sqlite-2.4.0-api.jar;C:\Users\leoja\.gradle\caches\transforms-3\5b12659c7ec62f653acc52b97a721fa5\transformed\gifdecoder-4.16.0-api.jar;C:\Users\leoja\.gradle\caches\transforms-3\fadfd15ffb1d15a51e860d8539309831\transformed\core-runtime-2.2.0-api.jar;C:\Users\leoja\.gradle\caches\modules-2\files-2.1\androidx.arch.core\core-common\2.2.0\5e1b8b81dfd5f52c56a8d53b18ca759c19a301f3\core-common-2.2.0.jar;C:\Users\leoja\.gradle\caches\transforms-3\01d40390f4e13ce5e63a5fa45662f241\transformed\versionedparcelable-1.1.1-api.jar;C:\Users\leoja\.gradle\caches\modules-2\files-2.1\androidx.collection\collection\1.1.0\1f27220b47669781457de0d600849a5de0e89909\collection-1.1.0.jar;C:\Users\leoja\.gradle\caches\transforms-3\cff61172ed9af5e866882e8094e3c684\transformed\interpolator-1.0.0-api.jar;C:\Users\leoja\.gradle\caches\transforms-3\d810a606712169beec3dd2b83c03ff42\transformed\documentfile-1.0.0-api.jar;C:\Users\leoja\.gradle\caches\transforms-3\a90d9f45808c38eac14b10a685e45b36\transformed\localbroadcastmanager-1.0.0-api.jar;C:\Users\leoja\.gradle\caches\transforms-3\647998b24bb910bc34ba348ffed9ed5d\transformed\print-1.0.0-api.jar;C:\Users\leoja\.gradle\caches\modules-2\files-2.1\androidx.annotation\annotation-jvm\1.6.0\a7257339a052df0f91433cf9651231bbb802b502\annotation-jvm-1.6.0.jar;C:\Users\leoja\.gradle\caches\modules-2\files-2.1\org.jetbrains.kotlin\kotlin-stdlib-jdk7\1.9.10\bc5bfc2690338defd5195b05c57562f2194eeb10\kotlin-stdlib-jdk7-1.9.10.jar;C:\Users\leoja\.gradle\caches\modules-2\files-2.1\org.jetbrains.kotlin\kotlin-stdlib\1.9.21\17ee3e873d439566c7d8354403b5f3d9744c4c9c\kotlin-stdlib-1.9.21.jar;C:\Users\leoja\.gradle\caches\transforms-3\1abd341585f99fa152f2f30423465eed\transformed\constraintlayout-2.1.4-api.jar;C:\Users\leoja\.gradle\caches\modules-2\files-2.1\com.github.bumptech.glide\annotations\4.16.0\90730f6498299d207aa0878124ab7585969808f0\annotations-4.16.0.jar;C:\Users\leoja\.gradle\caches\modules-2\files-2.1\org.jetbrains\annotations\23.0.0\8cc20c07506ec18e0834947b84a864bfc094484e\annotations-23.0.0.jar;C:\Users\leoja\.gradle\caches\transforms-3\6707ec695d1e03c75889005214df65ec\transformed\startup-runtime-1.1.1-api.jar;C:\Users\leoja\.gradle\caches\transforms-3\73e730f0cf2c9891064a47c8e472c9c0\transformed\tracing-1.0.0-api.jar;C:\Users\leoja\.gradle\caches\modules-2\files-2.1\com.google.guava\listenablefuture\1.0\c949a840a6acbc5268d088e47b04177bf90b3cad\listenablefuture-1.0.jar;C:\Users\leoja\.gradle\caches\modules-2\files-2.1\androidx.resourceinspection\resourceinspection-annotation\1.0.1\8c21f8ff5d96d5d52c948707f7e4d6ca6773feef\resourceinspection-annotation-1.0.1.jar;C:\Users\leoja\.gradle\caches\modules-2\files-2.1\com.google.dagger\hilt-core\2.46.1\848183d99f6abf4fc7f29a97dbafc21d46a8ed27\hilt-core-2.46.1.jar;C:\Users\leoja\.gradle\caches\modules-2\files-2.1\com.google.dagger\dagger\2.46.1\8554769ea04410d4cbbd0e5f92ce5fd4e7b7f61\dagger-2.46.1.jar;C:\Users\leoja\.gradle\caches\modules-2\files-2.1\javax.inject\javax.inject\1\6975da39a7040257bd51d21a231b76c915872d38\javax.inject-1.jar;C:\Users\leoja\.gradle\caches\transforms-3\43f89e60308d636cd05695aa574026b2\transformed\dagger-lint-aar-2.46.1-api.jar;C:\Users\leoja\.gradle\caches\modules-2\files-2.1\com.google.code.findbugs\jsr305\3.0.2\25ea2e8b0c338a877313bd4672d3fe056ea78f0d\jsr305-3.0.2.jar;C:\Users\leoja\.gradle\caches\modules-2\files-2.1\com.github.bumptech.glide\disklrucache\4.16.0\411aa175d50d10b37c7a1a04d21a4e7145249557\disklrucache-4.16.0.jar;C:\Users\leoja\.gradle\caches\transforms-3\e630e905ac9af92e4877f133cc765e5c\transformed\exifinterface-1.3.6-api.jar;C:\Users\leoja\.gradle\caches\modules-2\files-2.1\com.google.code.gson\gson\2.8.5\f645ed69d595b24d4cf8b3fbb64cc505bede8829\gson-2.8.5.jar;C:\Users\leoja\.gradle\caches\modules-2\files-2.1\androidx.hilt\hilt-common\1.0.0\3c8727e21f194dd46aa78e44acbdf937ab045ebb\hilt-common-1.0.0.jar;C:\Users\leoja\AppData\Local\Android\Sdk\platforms\android-34\android.jar;C:\Users\leoja\AppData\Local\Android\Sdk\build-tools\33.0.1\core-lambda-stubs.jar, --processor-path=C:\Users\leoja\.gradle\caches\modules-2\files-2.1\com.google.dagger\hilt-android-compiler\2.46.1\7938f34d3318a5d75de85646757991af2a56ccd3\hilt-android-compiler-2.46.1.jar;C:\Users\leoja\.gradle\caches\modules-2\files-2.1\androidx.hilt\hilt-compiler\1.0.0\282fb739f492e9dd5b9dcf1bef8f8c9b7a2b5c18\hilt-compiler-1.0.0.jar;C:\Users\leoja\.gradle\caches\modules-2\files-2.1\androidx.room\room-migration\2.6.1\8d8218e4ccfe9b34485619a8ca68f8760840301d\room-migration-2.6.1.jar;C:\Users\leoja\.gradle\caches\modules-2\files-2.1\androidx.room\room-compiler-processing\2.6.1\64891dd45a3adbb4137f338563b6d716dca7c456\room-compiler-processing-2.6.1.jar;C:\Users\leoja\.gradle\caches\modules-2\files-2.1\androidx.room\room-common\2.6.1\ff1b9580850a9b7eef56554e356628d225785265\room-common-2.6.1.jar;C:\Users\leoja\.gradle\caches\modules-2\files-2.1\androidx.room\room-compiler\2.6.1\d789379e27b40fa5cc6e17f4c56988d6500a4036\room-compiler-2.6.1.jar;C:\Users\leoja\.gradle\caches\modules-2\files-2.1\com.github.bumptech.glide\compiler\4.16.0\1749a31b9b16306702244fc6faec167340599549\compiler-4.16.0.jar;C:\Users\leoja\.gradle\caches\modules-2\files-2.1\androidx.databinding\databinding-compiler\8.1.0\a324e499c3fe87870c6bfcd93200194fe02bb78f\databinding-compiler-8.1.0.jar;C:\Users\leoja\.gradle\caches\modules-2\files-2.1\com.google.dagger\dagger-compiler\2.46.1\29d5d3b9eee228457d9df70fa2a41dbdf1c82bd7\dagger-compiler-2.46.1.jar;C:\Users\leoja\.gradle\caches\modules-2\files-2.1\com.google.dagger\dagger-spi\2.46.1\e8dc8f60a8c08a48ff36f5dca847f729af8d6c35\dagger-spi-2.46.1.jar;C:\Users\leoja\.gradle\caches\modules-2\files-2.1\com.google.dagger\dagger-producers\2.46.1\6286f1ed8921cefe8d0a7606f7e765be72a67484\dagger-producers-2.46.1.jar;C:\Users\leoja\.gradle\caches\modules-2\files-2.1\com.google.dagger\dagger\2.46.1\8554769ea04410d4cbbd0e5f92ce5fd4e7b7f61\dagger-2.46.1.jar;C:\Users\leoja\.gradle\caches\modules-2\files-2.1\com.google.auto\auto-common\0.11\345a7dc983e11c123c8000a53383cc2b83848caf\auto-common-0.11.jar;C:\Users\leoja\.gradle\caches\modules-2\files-2.1\androidx.databinding\databinding-compiler-common\8.1.0\a1c7a90144aedb0b918534ea90f928e18855264b\databinding-compiler-common-8.1.0.jar;C:\Users\leoja\.gradle\caches\modules-2\files-2.1\com.google.googlejavaformat\google-java-format\1.5\fba7f130d29061d2d2ea384b4880c10cae92ef73\google-java-format-1.5.jar;C:\Users\leoja\.gradle\caches\modules-2\files-2.1\com.google.guava\guava\31.1-jre\60458f877d055d0c9114d9e1a2efb737b4bc282c\guava-31.1-jre.jar;C:\Users\leoja\.gradle\caches\modules-2\files-2.1\com.google.code.findbugs\jsr305\3.0.2\25ea2e8b0c338a877313bd4672d3fe056ea78f0d\jsr305-3.0.2.jar;C:\Users\leoja\.gradle\caches\modules-2\files-2.1\com.google.guava\failureaccess\1.0.1\1dcf1de382a0bf95a3d8b0849546c88bac1292c9\failureaccess-1.0.1.jar;C:\Users\leoja\.gradle\caches\modules-2\files-2.1\com.squareup\kotlinpoet-javapoet\1.14.2\e4481d491afe47e3dcce952c87628141dc16454b\kotlinpoet-javapoet-1.14.2.jar;C:\Users\leoja\.gradle\caches\modules-2\files-2.1\com.squareup\javapoet\1.13.0\d6562d385049f35eb50403fa86bb11cce76b866a\javapoet-1.13.0.jar;C:\Users\leoja\.gradle\caches\modules-2\files-2.1\javax.annotation\javax.annotation-api\1.3.2\934c04d3cfef185a8008e7bf34331b79730a9d43\javax.annotation-api-1.3.2.jar;C:\Users\leoja\.gradle\caches\modules-2\files-2.1\javax.inject\javax.inject\1\6975da39a7040257bd51d21a231b76c915872d38\javax.inject-1.jar;C:\Users\leoja\.gradle\caches\modules-2\files-2.1\net.ltgt.gradle.incap\incap\0.2\c73e3db9bee414d6ee27995d951fcdbee09acad\incap-0.2.jar;C:\Users\leoja\.gradle\caches\modules-2\files-2.1\com.google.devtools.ksp\symbol-processing-api\1.9.0-1.0.13\c001c57ba3e093c65d23e124adfcdf5df9dde8a2\symbol-processing-api-1.9.0-1.0.13.jar;C:\Users\leoja\.gradle\caches\modules-2\files-2.1\com.squareup\kotlinpoet\1.14.2\b6741951260d555a05932e39de177fc64ef450bd\kotlinpoet-1.14.2.jar;C:\Users\leoja\.gradle\caches\modules-2\files-2.1\org.jetbrains.kotlin\kotlin-stdlib-jdk8\1.8.22\b25c86d47d6b962b9cf0f8c3f320c8a10eea3dd1\kotlin-stdlib-jdk8-1.8.22.jar;C:\Users\leoja\.gradle\caches\modules-2\files-2.1\org.jetbrains.kotlin\kotlin-reflect\1.8.21\662838019bc1141f8a311180d93b9e13765c7f55\kotlin-reflect-1.8.21.jar;C:\Users\leoja\.gradle\caches\modules-2\files-2.1\com.android.tools.build.jetifier\jetifier-core\1.0.0-beta10\6e621022a9c95af12a7004d6b55805bbd1126837\jetifier-core-1.0.0-beta10.jar;C:\Users\leoja\.gradle\caches\modules-2\files-2.1\org.jetbrains.kotlin\kotlin-stdlib-jdk7\1.8.22\4dabb8248310d833bb6a8b516024a91fd3d275c\kotlin-stdlib-jdk7-1.8.22.jar;C:\Users\leoja\.gradle\caches\modules-2\files-2.1\org.jetbrains.kotlin\kotlin-stdlib\1.9.0\8ee15ef0c67dc83d874f412d84378d7f0eb50b63\kotlin-stdlib-1.9.0.jar;C:\Users\leoja\.gradle\caches\modules-2\files-2.1\com.google.auto.value\auto-value-annotations\1.6.3\b88c1bb7f149f6d2cc03898359283e57b08f39cc\auto-value-annotations-1.6.3.jar;C:\Users\leoja\.gradle\caches\modules-2\files-2.1\com.intellij\annotations\12.0\bbcf6448f6d40abe506e2c83b70a3e8bfd2b4539\annotations-12.0.jar;C:\Users\leoja\.gradle\caches\modules-2\files-2.1\commons-codec\commons-codec\1.15\49d94806b6e3dc933dacbd8acb0fdbab8ebd1e5d\commons-codec-1.15.jar;C:\Users\leoja\.gradle\caches\modules-2\files-2.1\org.xerial\sqlite-jdbc\3.41.2.2\ddeb8d3a3004f412ed19b4c98b3aec11d9452ab5\sqlite-jdbc-3.41.2.2.jar;C:\Users\leoja\.gradle\caches\modules-2\files-2.1\com.github.bumptech.glide\annotations\4.16.0\90730f6498299d207aa0878124ab7585969808f0\annotations-4.16.0.jar;C:\Users\leoja\.gradle\caches\modules-2\files-2.1\androidx.databinding\databinding-common\8.1.0\2be3530b78477835e69dce953b17adc1dbc5c6fa\databinding-common-8.1.0.jar;C:\Users\leoja\.gradle\caches\modules-2\files-2.1\com.android.tools\annotations\31.1.0\d70720d1aed8e56163636f82782985acfe66eba8\annotations-31.1.0.jar;C:\Users\leoja\.gradle\caches\modules-2\files-2.1\com.google.code.gson\gson\2.9.0\8a1167e089096758b49f9b34066ef98b2f4b37aa\gson-2.9.0.jar;C:\Users\leoja\.gradle\caches\modules-2\files-2.1\com.googlecode.juniversalchardet\juniversalchardet\1.0.3\cd49678784c46aa8789c060538e0154013bb421b\juniversalchardet-1.0.3.jar;C:\Users\leoja\.gradle\caches\modules-2\files-2.1\commons-io\commons-io\2.4\b1b6ea3b7e4aa4f492509a4952029cd8e48019ad\commons-io-2.4.jar;C:\Users\leoja\.gradle\caches\modules-2\files-2.1\org.glassfish.jaxb\jaxb-runtime\2.3.2\5528bc882ea499a09d720b42af11785c4fc6be2a\jaxb-runtime-2.3.2.jar;C:\Users\leoja\.gradle\caches\modules-2\files-2.1\org.checkerframework\checker-compat-qual\2.5.5\435dc33e3019c9f019e15f01aa111de9d6b2b79c\checker-compat-qual-2.5.5.jar;C:\Users\leoja\.gradle\caches\modules-2\files-2.1\org.jetbrains.kotlin\kotlin-stdlib-common\1.9.0\cd65c21cfd1eec4d44ef09f9f52b6d9f8a720636\kotlin-stdlib-common-1.9.0.jar;C:\Users\leoja\.gradle\caches\modules-2\files-2.1\org.jetbrains\annotations\13.0\919f0dfe192fb4e063e7dacadee7f8bb9a2672a9\annotations-13.0.jar;C:\Users\leoja\.gradle\caches\modules-2\files-2.1\androidx.annotation\annotation\1.3.0\21f49f5f9b85fc49de712539f79123119740595\annotation-1.3.0.jar;C:\Users\leoja\.gradle\caches\modules-2\files-2.1\com.google.guava\listenablefuture\9999.0-empty-to-avoid-conflict-with-guava\b421526c5f297295adef1c886e5246c39d4ac629\listenablefuture-9999.0-empty-to-avoid-conflict-with-guava.jar;C:\Users\leoja\.gradle\caches\modules-2\files-2.1\org.checkerframework\checker-qual\3.12.0\d5692f0526415fcc6de94bb5bfbd3afd9dd3b3e5\checker-qual-3.12.0.jar;C:\Users\leoja\.gradle\caches\modules-2\files-2.1\com.google.errorprone\error_prone_annotations\2.11.0\c5a0ace696d3f8b1c1d8cc036d8c03cc0cbe6b69\error_prone_annotations-2.11.0.jar;C:\Users\leoja\.gradle\caches\modules-2\files-2.1\com.google.j2objc\j2objc-annotations\1.3\ba035118bc8bac37d7eff77700720999acd9986d\j2objc-annotations-1.3.jar;C:\Users\leoja\.gradle\caches\modules-2\files-2.1\com.android.databinding\baseLibrary\8.1.0\7e7399239e52d4069896277615e005add7ae8e5a\baseLibrary-8.1.0.jar;C:\Users\leoja\.gradle\caches\modules-2\files-2.1\org.jvnet.staxex\stax-ex\1.8.1\78011e483a21102fb4858f3e8f269a677e50aa23\stax-ex-1.8.1.jar;C:\Users\leoja\.gradle\caches\modules-2\files-2.1\jakarta.xml.bind\jakarta.xml.bind-api\2.3.2\8d49996a4338670764d7ca4b85a1c4ccf7fe665d\jakarta.xml.bind-api-2.3.2.jar;C:\Users\leoja\.gradle\caches\modules-2\files-2.1\org.glassfish.jaxb\txw2\2.3.2\ce5be7da2e442c25ec14c766cb60cb802741727b\txw2-2.3.2.jar;C:\Users\leoja\.gradle\caches\modules-2\files-2.1\com.sun.istack\istack-commons-runtime\3.0.8\d6a97364045aa6b99bf2d3c566a3f98599c2d296\istack-commons-runtime-3.0.8.jar;C:\Users\leoja\.gradle\caches\modules-2\files-2.1\com.sun.xml.fastinfoset\FastInfoset\1.2.16\4eb6a0adad553bf759ffe86927df6f3b848c8bea\FastInfoset-1.2.16.jar;C:\Users\leoja\.gradle\caches\modules-2\files-2.1\jakarta.activation\jakarta.activation-api\1.2.1\562a587face36ec7eff2db7f2fc95425c6602bc1\jakarta.activation-api-1.2.1.jar;C:\Users\leoja\.gradle\caches\modules-2\files-2.1\com.google.errorprone\javac-shaded\9-dev-r4023-3\72b688efd290280a0afde5f9892b0fde6f362d1d\javac-shaded-9-dev-r4023-3.jar, -s=C:\Users\leoja\AndroidStudioProjects\PaleobyLeoRecipes\app\build\generated\source\kapt\release, -d=C:\Users\leoja\AndroidStudioProjects\PaleobyLeoRecipes\app\build\tmp\kapt3\classes\release, -encoding=UTF-8}
[INFO] Kapt is enabled (stand-alone mode).
Annotation processing mode: apt
Memory leak detection mode: none
Show processor stats: false
Verbose mode: true
Info as warnings: false
Use light analysis: false
Correct error types: false
Dump default parameter values: false
Map diagnostic locations: false
Strict mode: false
Detect annotation processors in compile classpath: false
Incremental annotation processing (apt mode): false
Strip @Metadata annotations from stubs: false
Keep KDoc comments in stubs: false
Use JVM IR backend: false
Use K2: false
Project base dir: C:\Users\leoja\AndroidStudioProjects\PaleobyLeoRecipes\app
Compile classpath: C:\Users\leoja\AndroidStudioProjects\PaleobyLeoRecipes\app\build\intermediates\compile_and_runtime_not_namespaced_r_class_jar\release\R.jar, C:\Users\leoja\.gradle\caches\transforms-3\f49bf0f66b836319ecb7b03b712e15aa\transformed\databinding-runtime-8.1.0-api.jar, C:\Users\leoja\.gradle\caches\transforms-3\891fafeafff99247d77edfdd984a6798\transformed\viewbinding-8.1.0-api.jar, C:\Users\leoja\.gradle\caches\transforms-3\dfc000f292b14402f228266d0a29aebf\transformed\databinding-adapters-8.1.0-api.jar, C:\Users\leoja\.gradle\caches\modules-2\files-2.1\androidx.databinding\databinding-common\8.1.0\2be3530b78477835e69dce953b17adc1dbc5c6fa\databinding-common-8.1.0.jar, C:\Users\leoja\.gradle\caches\transforms-3\76e3e79701839d3ef92f4bab4ec688c7\transformed\databinding-ktx-8.1.0-api.jar, C:\Users\leoja\.gradle\caches\transforms-3\cb878bc15339cd4072c5ec28d92b8be1\transformed\navigation-common-2.7.6-api.jar, C:\Users\leoja\.gradle\caches\transforms-3\a9a8b6491e9e00dd600d5e3202ea043e\transformed\navigation-common-ktx-2.7.6-api.jar, C:\Users\leoja\.gradle\caches\transforms-3\7d9832543a5e6653f3c670dd519577d5\transformed\navigation-runtime-2.7.6-api.jar, C:\Users\leoja\.gradle\caches\transforms-3\fb595f47b989ba01d3734d976474ed12\transformed\navigation-runtime-ktx-2.7.6-api.jar, C:\Users\leoja\.gradle\caches\transforms-3\df2462af91f230b25f5ae837a324a45f\transformed\navigation-fragment-2.7.6-api.jar, C:\Users\leoja\.gradle\caches\transforms-3\d20a5139c8a0fea12eda143e76b9b68b\transformed\navigation-fragment-ktx-2.7.6-api.jar, C:\Users\leoja\.gradle\caches\transforms-3\b31a6a33c0bfcfcbc0d512073b69239f\transformed\navigation-ui-ktx-2.7.6-api.jar, C:\Users\leoja\.gradle\caches\transforms-3\ab9e571522114e87564ca15cd9385111\transformed\navigation-ui-2.7.6-api.jar, C:\Users\leoja\.gradle\caches\transforms-3\1e57c69845abae1c63e2286bec4c515a\transformed\material-1.11.0-api.jar, C:\Users\leoja\.gradle\caches\transforms-3\8d87dc66d26557fecef040a4ab2fc267\transformed\appcompat-1.6.1-api.jar, C:\Users\leoja\.gradle\caches\transforms-3\f177ac596d3fef4234d78cb86d47bc46\transformed\hilt-work-1.0.0-api.jar, C:\Users\leoja\.gradle\caches\transforms-3\302f6689f7f4b105ea6985e1ea4b467a\transformed\hilt-android-2.46.1-api.jar, C:\Users\leoja\.gradle\caches\transforms-3\0a560d915f791797d5e38faae4a16844\transformed\okhttp3-integration-4.16.0-api.jar, C:\Users\leoja\.gradle\caches\transforms-3\ca621cbf0b2d23a3de05b547847227e7\transformed\glide-4.16.0-api.jar, C:\Users\leoja\.gradle\caches\transforms-3\4b0a4c9a532b19db353ae182608c2638\transformed\viewpager2-1.0.0-api.jar, C:\Users\leoja\.gradle\caches\transforms-3\ef83b5e1e3e47478c22184bed42a0bb3\transformed\fragment-1.6.2-api.jar, C:\Users\leoja\.gradle\caches\transforms-3\ad8ef0fccb3959d223cfce57b642dc9d\transformed\fragment-ktx-1.6.2-api.jar, C:\Users\leoja\.gradle\caches\transforms-3\fc791cb4035f7f8487b63cdfde0acf00\transformed\activity-1.8.2-api.jar, C:\Users\leoja\.gradle\caches\transforms-3\4f9431b99a3678c122ff5e9514df8679\transformed\activity-compose-1.8.2-api.jar, C:\Users\leoja\.gradle\caches\transforms-3\28f5d61248ea6d8aa80b51f3e27c2b53\transformed\activity-ktx-1.8.2-api.jar, C:\Users\leoja\.gradle\caches\transforms-3\2b58e803469d7c95465a4e63e5c4ec7b\transformed\material3-1.1.2-api.jar, C:\Users\leoja\.gradle\caches\transforms-3\642d53251572e6cdfee22d6b45de9d5d\transformed\material-icons-core-release-api.jar, C:\Users\leoja\.gradle\caches\transforms-3\e6efbd564d7b9c720a017a8c315de7fe\transformed\material-ripple-release-api.jar, C:\Users\leoja\.gradle\caches\transforms-3\28906a3fd93902be292cbd7fd132303e\transformed\animation-core-release-api.jar, C:\Users\leoja\.gradle\caches\transforms-3\34e420e5654b6a730f53e87f30ea9585\transformed\animation-release-api.jar, C:\Users\leoja\.gradle\caches\transforms-3\22d24e55a25ffc1ff385760e47a3e492\transformed\foundation-layout-release-api.jar, C:\Users\leoja\.gradle\caches\transforms-3\dba6734d497b94c43f343b8e4a3a28ed\transformed\foundation-release-api.jar, C:\Users\leoja\.gradle\caches\transforms-3\ff7f153aeef9ea8ccf0b75cc09e6d97c\transformed\ui-unit-release-api.jar, C:\Users\leoja\.gradle\caches\transforms-3\65be5b597eba989b7cde52aba0f1a646\transformed\ui-geometry-release-api.jar, C:\Users\leoja\.gradle\caches\transforms-3\79ff55918d19907f322016d61c407144\transformed\ui-text-release-api.jar, C:\Users\leoja\.gradle\caches\transforms-3\422a7d886ef827c0ff728c3f8898915b\transformed\ui-graphics-release-api.jar, C:\Users\leoja\.gradle\caches\transforms-3\448769df45cb97e78ba4fdd1806b89bc\transformed\ui-release-api.jar, C:\Users\leoja\.gradle\caches\transforms-3\fc8d80fefb21094fbaefe5b96a6e3f0e\transformed\ui-tooling-preview-release-api.jar, C:\Users\leoja\.gradle\caches\transforms-3\d75e1babda830266f4e62d4452c3bc85\transformed\runtime-saveable-release-api.jar, C:\Users\leoja\.gradle\caches\transforms-3\c6b6e0b9aedf9bf6101f4fc8376b906a\transformed\runtime-release-api.jar, C:\Users\leoja\.gradle\caches\transforms-3\9da9d23293af35847c298d197a876dcc\transformed\runtime-livedata-1.5.4-api.jar, C:\Users\leoja\.gradle\caches\transforms-3\d1fc0c24fa648909602e2dd43547b0ff\transformed\lifecycle-livedata-core-2.7.0-api.jar, C:\Users\leoja\.gradle\caches\modules-2\files-2.1\androidx.lifecycle\lifecycle-common\2.7.0\85334205d65cca70ed0109c3acbd29e22a2d9cb1\lifecycle-common-2.7.0.jar, C:\Users\leoja\.gradle\caches\modules-2\files-2.1\androidx.lifecycle\lifecycle-common-java8\2.7.0\2ad14aed781c4a73ed4dbb421966d408a0a06686\lifecycle-common-java8-2.7.0.jar, C:\Users\leoja\.gradle\caches\transforms-3\8174b6fac7bd7b93dfa6eb13d6920fb1\transformed\lifecycle-livedata-core-ktx-2.7.0-api.jar, C:\Users\leoja\.gradle\caches\transforms-3\cfa7f7fb831d145772d14d9659f9fdaa\transformed\dynamicanimation-1.0.0-api.jar, C:\Users\leoja\.gradle\caches\transforms-3\a9f426d32959a09a02f5e9975a52ad7e\transformed\legacy-support-core-utils-1.0.0-api.jar, C:\Users\leoja\.gradle\caches\transforms-3\15016f5bd754cfabe690ea2960a54261\transformed\loader-1.0.0-api.jar, C:\Users\leoja\.gradle\caches\transforms-3\38eb5dfe1150352db8c75e4a7f18404d\transformed\lifecycle-viewmodel-2.7.0-api.jar, C:\Users\leoja\.gradle\caches\transforms-3\3c5b5e5b24979e3db94e09c748b3890b\transformed\lifecycle-service-2.7.0-api.jar, C:\Users\leoja\.gradle\caches\transforms-3\c704fd5e6820c5045d5d36e3f453947f\transformed\lifecycle-process-2.7.0-api.jar, C:\Users\leoja\.gradle\caches\transforms-3\f4834198d33bd0bce3b11a9c8e501873\transformed\work-runtime-ktx-2.9.0-api.jar, C:\Users\leoja\.gradle\caches\transforms-3\4559dd1625818b06be8bca1239656ab8\transformed\work-runtime-2.9.0-api.jar, C:\Users\leoja\.gradle\caches\transforms-3\b3f6799363f4dd00664f76d567eae13d\transformed\lifecycle-livedata-2.7.0-api.jar, C:\Users\leoja\.gradle\caches\transforms-3\cb0721182121f2eda5c2ddd1eeedf050\transformed\lifecycle-runtime-ktx-2.7.0-api.jar, C:\Users\leoja\.gradle\caches\transforms-3\cd9a69e882a70d989b9282962c52ad93\transformed\appcompat-resources-1.6.1-api.jar, C:\Users\leoja\.gradle\caches\transforms-3\f533757ce47b86ec0751ee14ecd65863\transformed\drawerlayout-1.1.1-api.jar, C:\Users\leoja\.gradle\caches\transforms-3\4416bf719ccc8e299ece31eacef80399\transformed\coordinatorlayout-1.1.0-api.jar, C:\Users\leoja\.gradle\caches\transforms-3\0252a6acff1698e484055abf705c4fbd\transformed\recyclerview-1.1.0-api.jar, C:\Users\leoja\.gradle\caches\transforms-3\1b3bfb90ceb2cf9f68792b873dac00d0\transformed\transition-1.4.1-api.jar, C:\Users\leoja\.gradle\caches\transforms-3\2ae9d9a3fc993172ff8c4f6699ec7782\transformed\vectordrawable-animated-1.1.0-api.jar, C:\Users\leoja\.gradle\caches\transforms-3\f32bf90656ca1b7180360ec5fe49519b\transformed\vectordrawable-1.1.0-api.jar, C:\Users\leoja\.gradle\caches\transforms-3\3c57d0750b88da03605df81e52a5a1cf\transformed\viewpager-1.0.0-api.jar, C:\Users\leoja\.gradle\caches\transforms-3\10453a4911f02c5ec903fcaf76e09378\transformed\slidingpanelayout-1.2.0-api.jar, C:\Users\leoja\.gradle\caches\transforms-3\60682d6ef85379c86995d92777af9e6c\transformed\customview-1.1.0-api.jar, C:\Users\leoja\.gradle\caches\transforms-3\eb5c9f19b443ad2aa92a614852014fde\transformed\core-1.12.0-api.jar, C:\Users\leoja\.gradle\caches\transforms-3\fbc4cc3bcbccf5214c0bb18d2016f82f\transformed\lifecycle-runtime-2.7.0-api.jar, C:\Users\leoja\.gradle\caches\transforms-3\193c6af5fdae46925d29a7e34b02159a\transformed\lifecycle-viewmodel-ktx-2.7.0-api.jar, C:\Users\leoja\.gradle\caches\transforms-3\1aa305f14d93b49602edd18a5de4e287\transformed\lifecycle-livedata-ktx-2.7.0-api.jar, C:\Users\leoja\.gradle\caches\transforms-3\4d1122b506cfa45c2c54623ed3b1f6da\transformed\lifecycle-viewmodel-compose-2.7.0-api.jar, C:\Users\leoja\.gradle\caches\transforms-3\7b10ffa28c7b0b37f9a5597eaa62987a\transformed\lifecycle-viewmodel-savedstate-2.7.0-api.jar, C:\Users\leoja\.gradle\caches\transforms-3\ceb341e23d605126082169f803333aa2\transformed\core-ktx-1.12.0-api.jar, C:\Users\leoja\.gradle\caches\modules-2\files-2.1\androidx.room\room-common\2.6.1\ff1b9580850a9b7eef56554e356628d225785265\room-common-2.6.1.jar, C:\Users\leoja\.gradle\caches\transforms-3\4b9a547487a52349783b4f9781f57f25\transformed\room-runtime-2.6.1-api.jar, C:\Users\leoja\.gradle\caches\transforms-3\8dd38aab49d99be2c530d85c5053a419\transformed\room-ktx-2.6.1-api.jar, C:\Users\leoja\.gradle\caches\transforms-3\88ab74477ac4d93b94fb1bbe6cbf6ff9\transformed\timber-5.0.1-api.jar, C:\Users\leoja\.gradle\caches\transforms-3\20b4a4384f826d47c659bfd727910b0b\transformed\savedstate-ktx-1.2.1-api.jar, C:\Users\leoja\.gradle\caches\transforms-3\9f22f38010ee99e90ac16ef7f3561ba6\transformed\savedstate-1.2.1-api.jar, C:\Users\leoja\.gradle\caches\transforms-3\978ff4e94ab235d13263e9d05ca067e5\transformed\annotation-experimental-1.3.0-api.jar, C:\Users\leoja\.gradle\caches\modules-2\files-2.1\androidx.collection\collection-ktx\1.1.0\f807b2f366f7b75142a67d2f3c10031065b5168\collection-ktx-1.1.0.jar, C:\Users\leoja\.gradle\caches\modules-2\files-2.1\com.squareup.okhttp3\logging-interceptor\4.12.0\e922c1f14d365c0f2bed140cc0825e18462c2778\logging-interceptor-4.12.0.jar, C:\Users\leoja\.gradle\caches\modules-2\files-2.1\org.jetbrains.kotlinx\kotlinx-coroutines-core-jvm\1.7.1\63a0779cf668e2a47d13fda7c3b0c4f8dc7762f4\kotlinx-coroutines-core-jvm-1.7.1.jar, C:\Users\leoja\.gradle\caches\modules-2\files-2.1\org.jetbrains.kotlinx\kotlinx-coroutines-android\1.7.1\c2d86b569f10b7fc7e28d3f50c0eed97897d77a7\kotlinx-coroutines-android-1.7.1.jar, C:\Users\leoja\.gradle\caches\modules-2\files-2.1\com.squareup.retrofit2\converter-gson\2.9.0\fc93484fc67ab52b1e0ccbdaa3922d8a6678e097\converter-gson-2.9.0.jar, C:\Users\leoja\.gradle\caches\modules-2\files-2.1\com.squareup.retrofit2\retrofit\2.9.0\d8fdfbd5da952141a665a403348b74538efc05ff\retrofit-2.9.0.jar, C:\Users\leoja\.gradle\caches\modules-2\files-2.1\com.squareup.okhttp3\okhttp\4.12.0\2f4525d4a200e97e1b87449c2cd9bd2e25b7e8cd\okhttp-4.12.0.jar, C:\Users\leoja\.gradle\caches\modules-2\files-2.1\com.squareup.okio\okio-jvm\3.6.0\5600569133b7bdefe1daf9ec7f4abeb6d13e1786\okio-jvm-3.6.0.jar, C:\Users\leoja\.gradle\caches\modules-2\files-2.1\org.jetbrains.kotlin\kotlin-stdlib-jdk8\1.9.10\c7510d64a83411a649c76f2778304ddf71d7437b\kotlin-stdlib-jdk8-1.9.10.jar, C:\Users\leoja\.gradle\caches\transforms-3\4a7dc48357636ae3c46e6f6fd2f195bd\transformed\cursoradapter-1.0.0-api.jar, C:\Users\leoja\.gradle\caches\transforms-3\b61e28cdec1966681391e30f159d4284\transformed\cardview-1.0.0-api.jar, C:\Users\leoja\.gradle\caches\transforms-3\ff924fe302accc5e2edf4448411b3570\transformed\sqlite-framework-2.4.0-api.jar, C:\Users\leoja\.gradle\caches\transforms-3\ef460c8b7386bc65bd85f1d7f3bed773\transformed\sqlite-2.4.0-api.jar, C:\Users\leoja\.gradle\caches\transforms-3\5b12659c7ec62f653acc52b97a721fa5\transformed\gifdecoder-4.16.0-api.jar, C:\Users\leoja\.gradle\caches\transforms-3\fadfd15ffb1d15a51e860d8539309831\transformed\core-runtime-2.2.0-api.jar, C:\Users\leoja\.gradle\caches\modules-2\files-2.1\androidx.arch.core\core-common\2.2.0\5e1b8b81dfd5f52c56a8d53b18ca759c19a301f3\core-common-2.2.0.jar, C:\Users\leoja\.gradle\caches\transforms-3\01d40390f4e13ce5e63a5fa45662f241\transformed\versionedparcelable-1.1.1-api.jar, C:\Users\leoja\.gradle\caches\modules-2\files-2.1\androidx.collection\collection\1.1.0\1f27220b47669781457de0d600849a5de0e89909\collection-1.1.0.jar, C:\Users\leoja\.gradle\caches\transforms-3\cff61172ed9af5e866882e8094e3c684\transformed\interpolator-1.0.0-api.jar, C:\Users\leoja\.gradle\caches\transforms-3\d810a606712169beec3dd2b83c03ff42\transformed\documentfile-1.0.0-api.jar, C:\Users\leoja\.gradle\caches\transforms-3\a90d9f45808c38eac14b10a685e45b36\transformed\localbroadcastmanager-1.0.0-api.jar, C:\Users\leoja\.gradle\caches\transforms-3\647998b24bb910bc34ba348ffed9ed5d\transformed\print-1.0.0-api.jar, C:\Users\leoja\.gradle\caches\modules-2\files-2.1\androidx.annotation\annotation-jvm\1.6.0\a7257339a052df0f91433cf9651231bbb802b502\annotation-jvm-1.6.0.jar, C:\Users\leoja\.gradle\caches\modules-2\files-2.1\org.jetbrains.kotlin\kotlin-stdlib-jdk7\1.9.10\bc5bfc2690338defd5195b05c57562f2194eeb10\kotlin-stdlib-jdk7-1.9.10.jar, C:\Users\leoja\.gradle\caches\modules-2\files-2.1\org.jetbrains.kotlin\kotlin-stdlib\1.9.21\17ee3e873d439566c7d8354403b5f3d9744c4c9c\kotlin-stdlib-1.9.21.jar, C:\Users\leoja\.gradle\caches\transforms-3\1abd341585f99fa152f2f30423465eed\transformed\constraintlayout-2.1.4-api.jar, C:\Users\leoja\.gradle\caches\modules-2\files-2.1\com.github.bumptech.glide\annotations\4.16.0\90730f6498299d207aa0878124ab7585969808f0\annotations-4.16.0.jar, C:\Users\leoja\.gradle\caches\modules-2\files-2.1\org.jetbrains\annotations\23.0.0\8cc20c07506ec18e0834947b84a864bfc094484e\annotations-23.0.0.jar, C:\Users\leoja\.gradle\caches\transforms-3\6707ec695d1e03c75889005214df65ec\transformed\startup-runtime-1.1.1-api.jar, C:\Users\leoja\.gradle\caches\transforms-3\73e730f0cf2c9891064a47c8e472c9c0\transformed\tracing-1.0.0-api.jar, C:\Users\leoja\.gradle\caches\modules-2\files-2.1\com.google.guava\listenablefuture\1.0\c949a840a6acbc5268d088e47b04177bf90b3cad\listenablefuture-1.0.jar, C:\Users\leoja\.gradle\caches\modules-2\files-2.1\androidx.resourceinspection\resourceinspection-annotation\1.0.1\8c21f8ff5d96d5d52c948707f7e4d6ca6773feef\resourceinspection-annotation-1.0.1.jar, C:\Users\leoja\.gradle\caches\modules-2\files-2.1\com.google.dagger\hilt-core\2.46.1\848183d99f6abf4fc7f29a97dbafc21d46a8ed27\hilt-core-2.46.1.jar, C:\Users\leoja\.gradle\caches\modules-2\files-2.1\com.google.dagger\dagger\2.46.1\8554769ea04410d4cbbd0e5f92ce5fd4e7b7f61\dagger-2.46.1.jar, C:\Users\leoja\.gradle\caches\modules-2\files-2.1\javax.inject\javax.inject\1\6975da39a7040257bd51d21a231b76c915872d38\javax.inject-1.jar, C:\Users\leoja\.gradle\caches\transforms-3\43f89e60308d636cd05695aa574026b2\transformed\dagger-lint-aar-2.46.1-api.jar, C:\Users\leoja\.gradle\caches\modules-2\files-2.1\com.google.code.findbugs\jsr305\3.0.2\25ea2e8b0c338a877313bd4672d3fe056ea78f0d\jsr305-3.0.2.jar, C:\Users\leoja\.gradle\caches\modules-2\files-2.1\com.github.bumptech.glide\disklrucache\4.16.0\411aa175d50d10b37c7a1a04d21a4e7145249557\disklrucache-4.16.0.jar, C:\Users\leoja\.gradle\caches\transforms-3\e630e905ac9af92e4877f133cc765e5c\transformed\exifinterface-1.3.6-api.jar, C:\Users\leoja\.gradle\caches\modules-2\files-2.1\com.google.code.gson\gson\2.8.5\f645ed69d595b24d4cf8b3fbb64cc505bede8829\gson-2.8.5.jar, C:\Users\leoja\.gradle\caches\modules-2\files-2.1\androidx.hilt\hilt-common\1.0.0\3c8727e21f194dd46aa78e44acbdf937ab045ebb\hilt-common-1.0.0.jar, C:\Users\leoja\AppData\Local\Android\Sdk\platforms\android-34\android.jar, C:\Users\leoja\AppData\Local\Android\Sdk\build-tools\33.0.1\core-lambda-stubs.jar
Java source roots: C:\Users\leoja\AndroidStudioProjects\PaleobyLeoRecipes\app\build\generated\source\buildConfig\release\com\leo\paleorecipes\BuildConfig.java, C:\Users\leoja\AndroidStudioProjects\PaleobyLeoRecipes\app\build\generated\data_binding_base_class_source_out\release\out\com\leo\paleorecipes\databinding\ActivityAboutPaleoBinding.java, C:\Users\leoja\AndroidStudioProjects\PaleobyLeoRecipes\app\build\generated\data_binding_base_class_source_out\release\out\com\leo\paleorecipes\databinding\ActivityAddEditRecipeBinding.java, C:\Users\leoja\AndroidStudioProjects\PaleobyLeoRecipes\app\build\generated\data_binding_base_class_source_out\release\out\com\leo\paleorecipes\databinding\ActivityAddRecipeBinding.java, C:\Users\leoja\AndroidStudioProjects\PaleobyLeoRecipes\app\build\generated\data_binding_base_class_source_out\release\out\com\leo\paleorecipes\databinding\ActivityFridgeBinding.java, C:\Users\leoja\AndroidStudioProjects\PaleobyLeoRecipes\app\build\generated\data_binding_base_class_source_out\release\out\com\leo\paleorecipes\databinding\ActivityMainBinding.java, C:\Users\leoja\AndroidStudioProjects\PaleobyLeoRecipes\app\build\generated\data_binding_base_class_source_out\release\out\com\leo\paleorecipes\databinding\ActivityMainSimpleBinding.java, C:\Users\leoja\AndroidStudioProjects\PaleobyLeoRecipes\app\build\generated\data_binding_base_class_source_out\release\out\com\leo\paleorecipes\databinding\ActivityRecipeDetailBinding.java, C:\Users\leoja\AndroidStudioProjects\PaleobyLeoRecipes\app\build\generated\data_binding_base_class_source_out\release\out\com\leo\paleorecipes\databinding\ActivityRecipeDetailNewBinding.java, C:\Users\leoja\AndroidStudioProjects\PaleobyLeoRecipes\app\build\generated\data_binding_base_class_source_out\release\out\com\leo\paleorecipes\databinding\ActivityRecipeListBinding.java, C:\Users\leoja\AndroidStudioProjects\PaleobyLeoRecipes\app\build\generated\data_binding_base_class_source_out\release\out\com\leo\paleorecipes\databinding\ActivityRecipeSearchContainerBinding.java, C:\Users\leoja\AndroidStudioProjects\PaleobyLeoRecipes\app\build\generated\data_binding_base_class_source_out\release\out\com\leo\paleorecipes\databinding\ActivitySettingsBinding.java, C:\Users\leoja\AndroidStudioProjects\PaleobyLeoRecipes\app\build\generated\data_binding_base_class_source_out\release\out\com\leo\paleorecipes\databinding\ActivitySplashBinding.java, C:\Users\leoja\AndroidStudioProjects\PaleobyLeoRecipes\app\build\generated\data_binding_base_class_source_out\release\out\com\leo\paleorecipes\databinding\CustomPopupMenuBinding.java, C:\Users\leoja\AndroidStudioProjects\PaleobyLeoRecipes\app\build\generated\data_binding_base_class_source_out\release\out\com\leo\paleorecipes\databinding\FragmentFridgeBinding.java, C:\Users\leoja\AndroidStudioProjects\PaleobyLeoRecipes\app\build\generated\data_binding_base_class_source_out\release\out\com\leo\paleorecipes\databinding\FragmentRecipeSearchBinding.java, C:\Users\leoja\AndroidStudioProjects\PaleobyLeoRecipes\app\build\generated\data_binding_base_class_source_out\release\out\com\leo\paleorecipes\databinding\FragmentRecipeSearchListBinding.java, C:\Users\leoja\AndroidStudioProjects\PaleobyLeoRecipes\app\build\generated\data_binding_base_class_source_out\release\out\com\leo\paleorecipes\databinding\ItemIngredientBinding.java, C:\Users\leoja\AndroidStudioProjects\PaleobyLeoRecipes\app\build\generated\data_binding_base_class_source_out\release\out\com\leo\paleorecipes\databinding\ItemRecipeBasicBinding.java, C:\Users\leoja\AndroidStudioProjects\PaleobyLeoRecipes\app\build\generated\data_binding_base_class_source_out\release\out\com\leo\paleorecipes\databinding\ItemRecipeBinding.java, C:\Users\leoja\AndroidStudioProjects\PaleobyLeoRecipes\app\build\generated\data_binding_base_class_source_out\release\out\com\leo\paleorecipes\databinding\ItemRecipeSimpleBinding.java, C:\Users\leoja\AndroidStudioProjects\PaleobyLeoRecipes\app\build\generated\data_binding_base_class_source_out\release\out\com\leo\paleorecipes\databinding\PopupMenuItemBinding.java, C:\Users\leoja\AndroidStudioProjects\PaleobyLeoRecipes\app\build\generated\data_binding_base_class_source_out\release\out\com\leo\paleorecipes\databinding\PrintRecipeDetailBinding.java, C:\Users\leoja\AndroidStudioProjects\PaleobyLeoRecipes\app\build\generated\data_binding_trigger\release\com\leo\paleorecipes\DataBindingTriggerClass.java, C:\Users\leoja\AndroidStudioProjects\PaleobyLeoRecipes\app\build\tmp\kapt3\stubs\release\com\leo\paleorecipes\AboutActivity.java, C:\Users\leoja\AndroidStudioProjects\PaleobyLeoRecipes\app\build\tmp\kapt3\stubs\release\com\leo\paleorecipes\AboutPaleoActivity.java, C:\Users\leoja\AndroidStudioProjects\PaleobyLeoRecipes\app\build\tmp\kapt3\stubs\release\com\leo\paleorecipes\adapter\IngredientDiffCallback.java, C:\Users\leoja\AndroidStudioProjects\PaleobyLeoRecipes\app\build\tmp\kapt3\stubs\release\com\leo\paleorecipes\adapter\IngredientsAdapter.java, C:\Users\leoja\AndroidStudioProjects\PaleobyLeoRecipes\app\build\tmp\kapt3\stubs\release\com\leo\paleorecipes\adapter\RecipeDiffCallback.java, C:\Users\leoja\AndroidStudioProjects\PaleobyLeoRecipes\app\build\tmp\kapt3\stubs\release\com\leo\paleorecipes\adapter\RecipesAdapter.java, C:\Users\leoja\AndroidStudioProjects\PaleobyLeoRecipes\app\build\tmp\kapt3\stubs\release\com\leo\paleorecipes\AddEditRecipeActivity.java, C:\Users\leoja\AndroidStudioProjects\PaleobyLeoRecipes\app\build\tmp\kapt3\stubs\release\com\leo\paleorecipes\AddRecipeActivity.java, C:\Users\leoja\AndroidStudioProjects\PaleobyLeoRecipes\app\build\tmp\kapt3\stubs\release\com\leo\paleorecipes\BaseActivity.java, C:\Users\leoja\AndroidStudioProjects\PaleobyLeoRecipes\app\build\tmp\kapt3\stubs\release\com\leo\paleorecipes\data\api\ApiClient.java, C:\Users\leoja\AndroidStudioProjects\PaleobyLeoRecipes\app\build\tmp\kapt3\stubs\release\com\leo\paleorecipes\data\api\model\ApiAnalyzedInstruction.java, C:\Users\leoja\AndroidStudioProjects\PaleobyLeoRecipes\app\build\tmp\kapt3\stubs\release\com\leo\paleorecipes\data\api\model\ApiEquipment.java, C:\Users\leoja\AndroidStudioProjects\PaleobyLeoRecipes\app\build\tmp\kapt3\stubs\release\com\leo\paleorecipes\data\api\model\ApiIngredient.java, C:\Users\leoja\AndroidStudioProjects\PaleobyLeoRecipes\app\build\tmp\kapt3\stubs\release\com\leo\paleorecipes\data\api\model\ApiInstructionStep.java, C:\Users\leoja\AndroidStudioProjects\PaleobyLeoRecipes\app\build\tmp\kapt3\stubs\release\com\leo\paleorecipes\data\api\model\ApiRecipe.java, C:\Users\leoja\AndroidStudioProjects\PaleobyLeoRecipes\app\build\tmp\kapt3\stubs\release\com\leo\paleorecipes\data\api\model\ApiRecipeDetail.java, C:\Users\leoja\AndroidStudioProjects\PaleobyLeoRecipes\app\build\tmp\kapt3\stubs\release\com\leo\paleorecipes\data\api\SpoonacularApiService.java, C:\Users\leoja\AndroidStudioProjects\PaleobyLeoRecipes\app\build\tmp\kapt3\stubs\release\com\leo\paleorecipes\data\AppDatabase.java, C:\Users\leoja\AndroidStudioProjects\PaleobyLeoRecipes\app\build\tmp\kapt3\stubs\release\com\leo\paleorecipes\data\Converters.java, C:\Users\leoja\AndroidStudioProjects\PaleobyLeoRecipes\app\build\tmp\kapt3\stubs\release\com\leo\paleorecipes\data\local\dao\IngredientDao.java, C:\Users\leoja\AndroidStudioProjects\PaleobyLeoRecipes\app\build\tmp\kapt3\stubs\release\com\leo\paleorecipes\data\local\entity\IngredientEntity.java, C:\Users\leoja\AndroidStudioProjects\PaleobyLeoRecipes\app\build\tmp\kapt3\stubs\release\com\leo\paleorecipes\data\model\AnalyzedInstruction.java, C:\Users\leoja\AndroidStudioProjects\PaleobyLeoRecipes\app\build\tmp\kapt3\stubs\release\com\leo\paleorecipes\data\model\DomainRecipe.java, C:\Users\leoja\AndroidStudioProjects\PaleobyLeoRecipes\app\build\tmp\kapt3\stubs\release\com\leo\paleorecipes\data\model\Equipment.java, C:\Users\leoja\AndroidStudioProjects\PaleobyLeoRecipes\app\build\tmp\kapt3\stubs\release\com\leo\paleorecipes\data\model\ExtendedIngredient.java, C:\Users\leoja\AndroidStudioProjects\PaleobyLeoRecipes\app\build\tmp\kapt3\stubs\release\com\leo\paleorecipes\data\model\Ingredient.java, C:\Users\leoja\AndroidStudioProjects\PaleobyLeoRecipes\app\build\tmp\kapt3\stubs\release\com\leo\paleorecipes\data\model\Length.java, C:\Users\leoja\AndroidStudioProjects\PaleobyLeoRecipes\app\build\tmp\kapt3\stubs\release\com\leo\paleorecipes\data\model\Recipe.java, C:\Users\leoja\AndroidStudioProjects\PaleobyLeoRecipes\app\build\tmp\kapt3\stubs\release\com\leo\paleorecipes\data\model\RecipeDetail.java, C:\Users\leoja\AndroidStudioProjects\PaleobyLeoRecipes\app\build\tmp\kapt3\stubs\release\com\leo\paleorecipes\data\model\RecipeDetailResponse.java, C:\Users\leoja\AndroidStudioProjects\PaleobyLeoRecipes\app\build\tmp\kapt3\stubs\release\com\leo\paleorecipes\data\model\RecipeResponse.java, C:\Users\leoja\AndroidStudioProjects\PaleobyLeoRecipes\app\build\tmp\kapt3\stubs\release\com\leo\paleorecipes\data\model\Step.java, C:\Users\leoja\AndroidStudioProjects\PaleobyLeoRecipes\app\build\tmp\kapt3\stubs\release\com\leo\paleorecipes\data\model\Temperature.java, C:\Users\leoja\AndroidStudioProjects\PaleobyLeoRecipes\app\build\tmp\kapt3\stubs\release\com\leo\paleorecipes\data\Recipe.java, C:\Users\leoja\AndroidStudioProjects\PaleobyLeoRecipes\app\build\tmp\kapt3\stubs\release\com\leo\paleorecipes\data\RecipeDao.java, C:\Users\leoja\AndroidStudioProjects\PaleobyLeoRecipes\app\build\tmp\kapt3\stubs\release\com\leo\paleorecipes\data\RecipeMapper.java, C:\Users\leoja\AndroidStudioProjects\PaleobyLeoRecipes\app\build\tmp\kapt3\stubs\release\com\leo\paleorecipes\data\repository\IngredientRepository.java, C:\Users\leoja\AndroidStudioProjects\PaleobyLeoRecipes\app\build\tmp\kapt3\stubs\release\com\leo\paleorecipes\data\repository\IngredientRepositoryImpl.java, C:\Users\leoja\AndroidStudioProjects\PaleobyLeoRecipes\app\build\tmp\kapt3\stubs\release\com\leo\paleorecipes\data\repository\RecipeRepository.java, C:\Users\leoja\AndroidStudioProjects\PaleobyLeoRecipes\app\build\tmp\kapt3\stubs\release\com\leo\paleorecipes\data\repository\RecipeRepositoryImpl.java, C:\Users\leoja\AndroidStudioProjects\PaleobyLeoRecipes\app\build\tmp\kapt3\stubs\release\com\leo\paleorecipes\di\AppModule.java, C:\Users\leoja\AndroidStudioProjects\PaleobyLeoRecipes\app\build\tmp\kapt3\stubs\release\com\leo\paleorecipes\di\DatabaseModule.java, C:\Users\leoja\AndroidStudioProjects\PaleobyLeoRecipes\app\build\tmp\kapt3\stubs\release\com\leo\paleorecipes\di\HiltWorkerFactory.java, C:\Users\leoja\AndroidStudioProjects\PaleobyLeoRecipes\app\build\tmp\kapt3\stubs\release\com\leo\paleorecipes\di\RepositoryModule.java, C:\Users\leoja\AndroidStudioProjects\PaleobyLeoRecipes\app\build\tmp\kapt3\stubs\release\com\leo\paleorecipes\di\TestModule.java, C:\Users\leoja\AndroidStudioProjects\PaleobyLeoRecipes\app\build\tmp\kapt3\stubs\release\com\leo\paleorecipes\di\WorkerFactoryModule.java, C:\Users\leoja\AndroidStudioProjects\PaleobyLeoRecipes\app\build\tmp\kapt3\stubs\release\com\leo\paleorecipes\di\WorkerHelperModule.java, C:\Users\leoja\AndroidStudioProjects\PaleobyLeoRecipes\app\build\tmp\kapt3\stubs\release\com\leo\paleorecipes\di\WorkerModule.java, C:\Users\leoja\AndroidStudioProjects\PaleobyLeoRecipes\app\build\tmp\kapt3\stubs\release\com\leo\paleorecipes\FridgeActivity.java, C:\Users\leoja\AndroidStudioProjects\PaleobyLeoRecipes\app\build\tmp\kapt3\stubs\release\com\leo\paleorecipes\MainActivity.java, C:\Users\leoja\AndroidStudioProjects\PaleobyLeoRecipes\app\build\tmp\kapt3\stubs\release\com\leo\paleorecipes\MainActivityCompose.java, C:\Users\leoja\AndroidStudioProjects\PaleobyLeoRecipes\app\build\tmp\kapt3\stubs\release\com\leo\paleorecipes\MainActivityComposeKt.java, C:\Users\leoja\AndroidStudioProjects\PaleobyLeoRecipes\app\build\tmp\kapt3\stubs\release\com\leo\paleorecipes\network\ExtendedIngredient.java, C:\Users\leoja\AndroidStudioProjects\PaleobyLeoRecipes\app\build\tmp\kapt3\stubs\release\com\leo\paleorecipes\network\RecipeDetailResponse.java, C:\Users\leoja\AndroidStudioProjects\PaleobyLeoRecipes\app\build\tmp\kapt3\stubs\release\com\leo\paleorecipes\network\SpoonacularApi.java, C:\Users\leoja\AndroidStudioProjects\PaleobyLeoRecipes\app\build\tmp\kapt3\stubs\release\com\leo\paleorecipes\network\SpoonacularService.java, C:\Users\leoja\AndroidStudioProjects\PaleobyLeoRecipes\app\build\tmp\kapt3\stubs\release\com\leo\paleorecipes\PaleoRecipesApplication.java, C:\Users\leoja\AndroidStudioProjects\PaleobyLeoRecipes\app\build\tmp\kapt3\stubs\release\com\leo\paleorecipes\RecipeAdapter.java, C:\Users\leoja\AndroidStudioProjects\PaleobyLeoRecipes\app\build\tmp\kapt3\stubs\release\com\leo\paleorecipes\RecipeDetailActivity.java, C:\Users\leoja\AndroidStudioProjects\PaleobyLeoRecipes\app\build\tmp\kapt3\stubs\release\com\leo\paleorecipes\RecipeDiffCallback.java, C:\Users\leoja\AndroidStudioProjects\PaleobyLeoRecipes\app\build\tmp\kapt3\stubs\release\com\leo\paleorecipes\RecipeListActivity.java, C:\Users\leoja\AndroidStudioProjects\PaleobyLeoRecipes\app\build\tmp\kapt3\stubs\release\com\leo\paleorecipes\RecipePrintAdapter.java, C:\Users\leoja\AndroidStudioProjects\PaleobyLeoRecipes\app\build\tmp\kapt3\stubs\release\com\leo\paleorecipes\SettingsActivity.java, C:\Users\leoja\AndroidStudioProjects\PaleobyLeoRecipes\app\build\tmp\kapt3\stubs\release\com\leo\paleorecipes\SplashActivity.java, C:\Users\leoja\AndroidStudioProjects\PaleobyLeoRecipes\app\build\tmp\kapt3\stubs\release\com\leo\paleorecipes\ui\components\BlackTextInputEditText.java, C:\Users\leoja\AndroidStudioProjects\PaleobyLeoRecipes\app\build\tmp\kapt3\stubs\release\com\leo\paleorecipes\ui\fridge\FridgeFragment.java, C:\Users\leoja\AndroidStudioProjects\PaleobyLeoRecipes\app\build\tmp\kapt3\stubs\release\com\leo\paleorecipes\ui\fridge\FridgeViewModel.java, C:\Users\leoja\AndroidStudioProjects\PaleobyLeoRecipes\app\build\tmp\kapt3\stubs\release\com\leo\paleorecipes\ui\search\RecipeSearchActivity.java, C:\Users\leoja\AndroidStudioProjects\PaleobyLeoRecipes\app\build\tmp\kapt3\stubs\release\com\leo\paleorecipes\ui\search\RecipeSearchFragment.java, C:\Users\leoja\AndroidStudioProjects\PaleobyLeoRecipes\app\build\tmp\kapt3\stubs\release\com\leo\paleorecipes\ui\search\RecipeSearchViewModel.java, C:\Users\leoja\AndroidStudioProjects\PaleobyLeoRecipes\app\build\tmp\kapt3\stubs\release\com\leo\paleorecipes\ui\theme\ColorsKt.java, C:\Users\leoja\AndroidStudioProjects\PaleobyLeoRecipes\app\build\tmp\kapt3\stubs\release\com\leo\paleorecipes\ui\theme\ThemeKt.java, C:\Users\leoja\AndroidStudioProjects\PaleobyLeoRecipes\app\build\tmp\kapt3\stubs\release\com\leo\paleorecipes\ui\theme\TypeKt.java, C:\Users\leoja\AndroidStudioProjects\PaleobyLeoRecipes\app\build\tmp\kapt3\stubs\release\com\leo\paleorecipes\util\SingleLiveEvent.java, C:\Users\leoja\AndroidStudioProjects\PaleobyLeoRecipes\app\build\tmp\kapt3\stubs\release\com\leo\paleorecipes\utils\ApiErrorHandler.java, C:\Users\leoja\AndroidStudioProjects\PaleobyLeoRecipes\app\build\tmp\kapt3\stubs\release\com\leo\paleorecipes\utils\ApiResponse.java, C:\Users\leoja\AndroidStudioProjects\PaleobyLeoRecipes\app\build\tmp\kapt3\stubs\release\com\leo\paleorecipes\utils\ApiResponseKt.java, C:\Users\leoja\AndroidStudioProjects\PaleobyLeoRecipes\app\build\tmp\kapt3\stubs\release\com\leo\paleorecipes\utils\ConnectivityManagerNetworkMonitor.java, C:\Users\leoja\AndroidStudioProjects\PaleobyLeoRecipes\app\build\tmp\kapt3\stubs\release\com\leo\paleorecipes\utils\DateTimeUtils.java, C:\Users\leoja\AndroidStudioProjects\PaleobyLeoRecipes\app\build\tmp\kapt3\stubs\release\com\leo\paleorecipes\utils\DefaultDispatcherProvider.java, C:\Users\leoja\AndroidStudioProjects\PaleobyLeoRecipes\app\build\tmp\kapt3\stubs\release\com\leo\paleorecipes\utils\DispatcherProvider.java, C:\Users\leoja\AndroidStudioProjects\PaleobyLeoRecipes\app\build\tmp\kapt3\stubs\release\com\leo\paleorecipes\utils\FileUtils.java, C:\Users\leoja\AndroidStudioProjects\PaleobyLeoRecipes\app\build\tmp\kapt3\stubs\release\com\leo\paleorecipes\utils\ImageLoader.java, C:\Users\leoja\AndroidStudioProjects\PaleobyLeoRecipes\app\build\tmp\kapt3\stubs\release\com\leo\paleorecipes\utils\ImageUtils.java, C:\Users\leoja\AndroidStudioProjects\PaleobyLeoRecipes\app\build\tmp\kapt3\stubs\release\com\leo\paleorecipes\utils\NetworkConnectivityObserver.java, C:\Users\leoja\AndroidStudioProjects\PaleobyLeoRecipes\app\build\tmp\kapt3\stubs\release\com\leo\paleorecipes\utils\NetworkMonitor.java, C:\Users\leoja\AndroidStudioProjects\PaleobyLeoRecipes\app\build\tmp\kapt3\stubs\release\com\leo\paleorecipes\utils\NetworkUtils.java, C:\Users\leoja\AndroidStudioProjects\PaleobyLeoRecipes\app\build\tmp\kapt3\stubs\release\com\leo\paleorecipes\utils\PreferenceHelper.java, C:\Users\leoja\AndroidStudioProjects\PaleobyLeoRecipes\app\build\tmp\kapt3\stubs\release\com\leo\paleorecipes\utils\Resource.java, C:\Users\leoja\AndroidStudioProjects\PaleobyLeoRecipes\app\build\tmp\kapt3\stubs\release\com\leo\paleorecipes\utils\TestDispatcherProvider.java, C:\Users\leoja\AndroidStudioProjects\PaleobyLeoRecipes\app\build\tmp\kapt3\stubs\release\com\leo\paleorecipes\viewmodel\RecipeViewModel.java, C:\Users\leoja\AndroidStudioProjects\PaleobyLeoRecipes\app\build\tmp\kapt3\stubs\release\com\leo\paleorecipes\workers\ChildWorkerFactory.java, C:\Users\leoja\AndroidStudioProjects\PaleobyLeoRecipes\app\build\tmp\kapt3\stubs\release\com\leo\paleorecipes\workers\SyncRecipesWorker.java, C:\Users\leoja\AndroidStudioProjects\PaleobyLeoRecipes\app\build\tmp\kapt3\stubs\release\com\leo\paleorecipes\workers\WorkManagerHelper.java, C:\Users\leoja\AndroidStudioProjects\PaleobyLeoRecipes\app\build\tmp\kapt3\stubs\release\error\NonExistentClass.java
Sources output directory: C:\Users\leoja\AndroidStudioProjects\PaleobyLeoRecipes\app\build\generated\source\kapt\release
Class files output directory: C:\Users\leoja\AndroidStudioProjects\PaleobyLeoRecipes\app\build\tmp\kapt3\classes\release
Stubs output directory: C:\Users\leoja\AndroidStudioProjects\PaleobyLeoRecipes\app\build\tmp\kapt3\stubs\release
Incremental data output directory: C:\Users\leoja\AndroidStudioProjects\PaleobyLeoRecipes\app\build\tmp\kapt3\stubs\release
Annotation processing classpath: C:\Users\leoja\.gradle\caches\modules-2\files-2.1\com.google.dagger\hilt-android-compiler\2.46.1\7938f34d3318a5d75de85646757991af2a56ccd3\hilt-android-compiler-2.46.1.jar, C:\Users\leoja\.gradle\caches\modules-2\files-2.1\androidx.hilt\hilt-compiler\1.0.0\282fb739f492e9dd5b9dcf1bef8f8c9b7a2b5c18\hilt-compiler-1.0.0.jar, C:\Users\leoja\.gradle\caches\modules-2\files-2.1\androidx.room\room-migration\2.6.1\8d8218e4ccfe9b34485619a8ca68f8760840301d\room-migration-2.6.1.jar, C:\Users\leoja\.gradle\caches\modules-2\files-2.1\androidx.room\room-compiler-processing\2.6.1\64891dd45a3adbb4137f338563b6d716dca7c456\room-compiler-processing-2.6.1.jar, C:\Users\leoja\.gradle\caches\modules-2\files-2.1\androidx.room\room-common\2.6.1\ff1b9580850a9b7eef56554e356628d225785265\room-common-2.6.1.jar, C:\Users\leoja\.gradle\caches\modules-2\files-2.1\androidx.room\room-compiler\2.6.1\d789379e27b40fa5cc6e17f4c56988d6500a4036\room-compiler-2.6.1.jar, C:\Users\leoja\.gradle\caches\modules-2\files-2.1\com.github.bumptech.glide\compiler\4.16.0\1749a31b9b16306702244fc6faec167340599549\compiler-4.16.0.jar, C:\Users\leoja\.gradle\caches\modules-2\files-2.1\androidx.databinding\databinding-compiler\8.1.0\a324e499c3fe87870c6bfcd93200194fe02bb78f\databinding-compiler-8.1.0.jar, C:\Users\leoja\.gradle\caches\modules-2\files-2.1\com.google.dagger\dagger-compiler\2.46.1\29d5d3b9eee228457d9df70fa2a41dbdf1c82bd7\dagger-compiler-2.46.1.jar, C:\Users\leoja\.gradle\caches\modules-2\files-2.1\com.google.dagger\dagger-spi\2.46.1\e8dc8f60a8c08a48ff36f5dca847f729af8d6c35\dagger-spi-2.46.1.jar, C:\Users\leoja\.gradle\caches\modules-2\files-2.1\com.google.dagger\dagger-producers\2.46.1\6286f1ed8921cefe8d0a7606f7e765be72a67484\dagger-producers-2.46.1.jar, C:\Users\leoja\.gradle\caches\modules-2\files-2.1\com.google.dagger\dagger\2.46.1\8554769ea04410d4cbbd0e5f92ce5fd4e7b7f61\dagger-2.46.1.jar, C:\Users\leoja\.gradle\caches\modules-2\files-2.1\com.google.auto\auto-common\0.11\345a7dc983e11c123c8000a53383cc2b83848caf\auto-common-0.11.jar, C:\Users\leoja\.gradle\caches\modules-2\files-2.1\androidx.databinding\databinding-compiler-common\8.1.0\a1c7a90144aedb0b918534ea90f928e18855264b\databinding-compiler-common-8.1.0.jar, C:\Users\leoja\.gradle\caches\modules-2\files-2.1\com.google.googlejavaformat\google-java-format\1.5\fba7f130d29061d2d2ea384b4880c10cae92ef73\google-java-format-1.5.jar, C:\Users\leoja\.gradle\caches\modules-2\files-2.1\com.google.guava\guava\31.1-jre\60458f877d055d0c9114d9e1a2efb737b4bc282c\guava-31.1-jre.jar, C:\Users\leoja\.gradle\caches\modules-2\files-2.1\com.google.code.findbugs\jsr305\3.0.2\25ea2e8b0c338a877313bd4672d3fe056ea78f0d\jsr305-3.0.2.jar, C:\Users\leoja\.gradle\caches\modules-2\files-2.1\com.google.guava\failureaccess\1.0.1\1dcf1de382a0bf95a3d8b0849546c88bac1292c9\failureaccess-1.0.1.jar, C:\Users\leoja\.gradle\caches\modules-2\files-2.1\com.squareup\kotlinpoet-javapoet\1.14.2\e4481d491afe47e3dcce952c87628141dc16454b\kotlinpoet-javapoet-1.14.2.jar, C:\Users\leoja\.gradle\caches\modules-2\files-2.1\com.squareup\javapoet\1.13.0\d6562d385049f35eb50403fa86bb11cce76b866a\javapoet-1.13.0.jar, C:\Users\leoja\.gradle\caches\modules-2\files-2.1\javax.annotation\javax.annotation-api\1.3.2\934c04d3cfef185a8008e7bf34331b79730a9d43\javax.annotation-api-1.3.2.jar, C:\Users\leoja\.gradle\caches\modules-2\files-2.1\javax.inject\javax.inject\1\6975da39a7040257bd51d21a231b76c915872d38\javax.inject-1.jar, C:\Users\leoja\.gradle\caches\modules-2\files-2.1\net.ltgt.gradle.incap\incap\0.2\c73e3db9bee414d6ee27995d951fcdbee09acad\incap-0.2.jar, C:\Users\leoja\.gradle\caches\modules-2\files-2.1\com.google.devtools.ksp\symbol-processing-api\1.9.0-1.0.13\c001c57ba3e093c65d23e124adfcdf5df9dde8a2\symbol-processing-api-1.9.0-1.0.13.jar, C:\Users\leoja\.gradle\caches\modules-2\files-2.1\com.squareup\kotlinpoet\1.14.2\b6741951260d555a05932e39de177fc64ef450bd\kotlinpoet-1.14.2.jar, C:\Users\leoja\.gradle\caches\modules-2\files-2.1\org.jetbrains.kotlin\kotlin-stdlib-jdk8\1.8.22\b25c86d47d6b962b9cf0f8c3f320c8a10eea3dd1\kotlin-stdlib-jdk8-1.8.22.jar, C:\Users\leoja\.gradle\caches\modules-2\files-2.1\org.jetbrains.kotlin\kotlin-reflect\1.8.21\662838019bc1141f8a311180d93b9e13765c7f55\kotlin-reflect-1.8.21.jar, C:\Users\leoja\.gradle\caches\modules-2\files-2.1\com.android.tools.build.jetifier\jetifier-core\1.0.0-beta10\6e621022a9c95af12a7004d6b55805bbd1126837\jetifier-core-1.0.0-beta10.jar, C:\Users\leoja\.gradle\caches\modules-2\files-2.1\org.jetbrains.kotlin\kotlin-stdlib-jdk7\1.8.22\4dabb8248310d833bb6a8b516024a91fd3d275c\kotlin-stdlib-jdk7-1.8.22.jar, C:\Users\leoja\.gradle\caches\modules-2\files-2.1\org.jetbrains.kotlin\kotlin-stdlib\1.9.0\8ee15ef0c67dc83d874f412d84378d7f0eb50b63\kotlin-stdlib-1.9.0.jar, C:\Users\leoja\.gradle\caches\modules-2\files-2.1\com.google.auto.value\auto-value-annotations\1.6.3\b88c1bb7f149f6d2cc03898359283e57b08f39cc\auto-value-annotations-1.6.3.jar, C:\Users\leoja\.gradle\caches\modules-2\files-2.1\com.intellij\annotations\12.0\bbcf6448f6d40abe506e2c83b70a3e8bfd2b4539\annotations-12.0.jar, C:\Users\leoja\.gradle\caches\modules-2\files-2.1\commons-codec\commons-codec\1.15\49d94806b6e3dc933dacbd8acb0fdbab8ebd1e5d\commons-codec-1.15.jar, C:\Users\leoja\.gradle\caches\modules-2\files-2.1\org.xerial\sqlite-jdbc\3.41.2.2\ddeb8d3a3004f412ed19b4c98b3aec11d9452ab5\sqlite-jdbc-3.41.2.2.jar, C:\Users\leoja\.gradle\caches\modules-2\files-2.1\com.github.bumptech.glide\annotations\4.16.0\90730f6498299d207aa0878124ab7585969808f0\annotations-4.16.0.jar, C:\Users\leoja\.gradle\caches\modules-2\files-2.1\androidx.databinding\databinding-common\8.1.0\2be3530b78477835e69dce953b17adc1dbc5c6fa\databinding-common-8.1.0.jar, C:\Users\leoja\.gradle\caches\modules-2\files-2.1\com.android.tools\annotations\31.1.0\d70720d1aed8e56163636f82782985acfe66eba8\annotations-31.1.0.jar, C:\Users\leoja\.gradle\caches\modules-2\files-2.1\com.google.code.gson\gson\2.9.0\8a1167e089096758b49f9b34066ef98b2f4b37aa\gson-2.9.0.jar, C:\Users\leoja\.gradle\caches\modules-2\files-2.1\com.googlecode.juniversalchardet\juniversalchardet\1.0.3\cd49678784c46aa8789c060538e0154013bb421b\juniversalchardet-1.0.3.jar, C:\Users\leoja\.gradle\caches\modules-2\files-2.1\commons-io\commons-io\2.4\b1b6ea3b7e4aa4f492509a4952029cd8e48019ad\commons-io-2.4.jar, C:\Users\leoja\.gradle\caches\modules-2\files-2.1\org.glassfish.jaxb\jaxb-runtime\2.3.2\5528bc882ea499a09d720b42af11785c4fc6be2a\jaxb-runtime-2.3.2.jar, C:\Users\leoja\.gradle\caches\modules-2\files-2.1\org.checkerframework\checker-compat-qual\2.5.5\435dc33e3019c9f019e15f01aa111de9d6b2b79c\checker-compat-qual-2.5.5.jar, C:\Users\leoja\.gradle\caches\modules-2\files-2.1\org.jetbrains.kotlin\kotlin-stdlib-common\1.9.0\cd65c21cfd1eec4d44ef09f9f52b6d9f8a720636\kotlin-stdlib-common-1.9.0.jar, C:\Users\leoja\.gradle\caches\modules-2\files-2.1\org.jetbrains\annotations\13.0\919f0dfe192fb4e063e7dacadee7f8bb9a2672a9\annotations-13.0.jar, C:\Users\leoja\.gradle\caches\modules-2\files-2.1\androidx.annotation\annotation\1.3.0\21f49f5f9b85fc49de712539f79123119740595\annotation-1.3.0.jar, C:\Users\leoja\.gradle\caches\modules-2\files-2.1\com.google.guava\listenablefuture\9999.0-empty-to-avoid-conflict-with-guava\b421526c5f297295adef1c886e5246c39d4ac629\listenablefuture-9999.0-empty-to-avoid-conflict-with-guava.jar, C:\Users\leoja\.gradle\caches\modules-2\files-2.1\org.checkerframework\checker-qual\3.12.0\d5692f0526415fcc6de94bb5bfbd3afd9dd3b3e5\checker-qual-3.12.0.jar, C:\Users\leoja\.gradle\caches\modules-2\files-2.1\com.google.errorprone\error_prone_annotations\2.11.0\c5a0ace696d3f8b1c1d8cc036d8c03cc0cbe6b69\error_prone_annotations-2.11.0.jar, C:\Users\leoja\.gradle\caches\modules-2\files-2.1\com.google.j2objc\j2objc-annotations\1.3\ba035118bc8bac37d7eff77700720999acd9986d\j2objc-annotations-1.3.jar, C:\Users\leoja\.gradle\caches\modules-2\files-2.1\com.android.databinding\baseLibrary\8.1.0\7e7399239e52d4069896277615e005add7ae8e5a\baseLibrary-8.1.0.jar, C:\Users\leoja\.gradle\caches\modules-2\files-2.1\org.jvnet.staxex\stax-ex\1.8.1\78011e483a21102fb4858f3e8f269a677e50aa23\stax-ex-1.8.1.jar, C:\Users\leoja\.gradle\caches\modules-2\files-2.1\jakarta.xml.bind\jakarta.xml.bind-api\2.3.2\8d49996a4338670764d7ca4b85a1c4ccf7fe665d\jakarta.xml.bind-api-2.3.2.jar, C:\Users\leoja\.gradle\caches\modules-2\files-2.1\org.glassfish.jaxb\txw2\2.3.2\ce5be7da2e442c25ec14c766cb60cb802741727b\txw2-2.3.2.jar, C:\Users\leoja\.gradle\caches\modules-2\files-2.1\com.sun.istack\istack-commons-runtime\3.0.8\d6a97364045aa6b99bf2d3c566a3f98599c2d296\istack-commons-runtime-3.0.8.jar, C:\Users\leoja\.gradle\caches\modules-2\files-2.1\com.sun.xml.fastinfoset\FastInfoset\1.2.16\4eb6a0adad553bf759ffe86927df6f3b848c8bea\FastInfoset-1.2.16.jar, C:\Users\leoja\.gradle\caches\modules-2\files-2.1\jakarta.activation\jakarta.activation-api\1.2.1\562a587face36ec7eff2db7f2fc95425c6602bc1\jakarta.activation-api-1.2.1.jar, C:\Users\leoja\.gradle\caches\modules-2\files-2.1\com.google.errorprone\javac-shaded\9-dev-r4023-3\72b688efd290280a0afde5f9892b0fde6f362d1d\javac-shaded-9-dev-r4023-3.jar
Annotation processors: 
AP options: {room.schemaLocation=C:\Users\leoja\AndroidStudioProjects\PaleobyLeoRecipes\app/schemas, room.incremental=true, room.expandProjection=true, kapt.kotlin.generated=C:\Users\leoja\AndroidStudioProjects\PaleobyLeoRecipes\app\build\generated\source\kaptKotlin\release, dagger.fastInit=enabled=, dagger.hilt.android.internal.disableAndroidSuperclassValidation=true=, dagger.hilt.android.internal.projectType=APP=, dagger.hilt.internal.useAggregatingRootProcessor=false=, android.databinding.dependenciesRFiles=C:\Users\leoja\.gradle\caches\transforms-3\8fd1d1dbaef9ad15d508af45566ce503\transformed\androidx.databinding.library.baseAdapters-r.txt;C:\Users\leoja\.gradle\caches\transforms-3\53027f4cee1bfc328ae36c19ff29988b\transformed\androidx.databinding.ktx-r.txt;C:\Users\leoja\.gradle\caches\transforms-3\085905df7e4e6783606e9e0d0eccabd2\transformed\androidx.databinding.library-r.txt;C:\Users\leoja\.gradle\caches\transforms-3\2f9d83c59ac45285fd2ac0f4a69e65b3\transformed\androidx.viewbinding-r.txt;C:\Users\leoja\.gradle\caches\transforms-3\f8120f107fb362742afd32426636bcf6\transformed\androidx.navigation.common-r.txt;C:\Users\leoja\.gradle\caches\transforms-3\11322458a85239552d2a6cbd95989eb6\transformed\androidx.navigation.common.ktx-r.txt;C:\Users\leoja\.gradle\caches\transforms-3\41ec0281c7f47e373b4506fa247ed123\transformed\androidx.navigation-r.txt;C:\Users\leoja\.gradle\caches\transforms-3\ca6af70c9f9196fb90660e7c256a2ac5\transformed\androidx.navigation.ktx-r.txt;C:\Users\leoja\.gradle\caches\transforms-3\91b278a5aba58f13c41ff3331e871136\transformed\androidx.navigation.fragment-r.txt;C:\Users\leoja\.gradle\caches\transforms-3\f6cd7b2cb38bbadf1fd6831ad4836372\transformed\androidx.navigation.fragment.ktx-r.txt;C:\Users\leoja\.gradle\caches\transforms-3\cb32aa9bbd34bde301a954ca37394d49\transformed\androidx.navigation.ui.ktx-r.txt;C:\Users\leoja\.gradle\caches\transforms-3\fa2c00864768831fd11680d400b50f69\transformed\androidx.navigation.ui-r.txt;C:\Users\leoja\.gradle\caches\transforms-3\4e6d12199101551f30c4e0bee756402e\transformed\com.google.android.material-r.txt;C:\Users\leoja\.gradle\caches\transforms-3\84fa296ed04c5458ccbf4d2b5fe0915d\transformed\androidx.constraintlayout.widget-r.txt;C:\Users\leoja\.gradle\caches\transforms-3\002e93abecfafa691816fbad3805c8e5\transformed\androidx.appcompat.resources-r.txt;C:\Users\leoja\.gradle\caches\transforms-3\c0a91fbd555282e180e6261d56e697c8\transformed\androidx.appcompat-r.txt;C:\Users\leoja\.gradle\caches\transforms-3\d355e39e8c0d10007a6c75b18a18059c\transformed\androidx.hilt.work-r.txt;C:\Users\leoja\.gradle\caches\transforms-3\89ed7fb99771582d32bf867c7ce12637\transformed\dagger.hilt.android-r.txt;C:\Users\leoja\.gradle\caches\transforms-3\ac6303fee835d5f45cb348a6506f04af\transformed\com.bumptech.glide.integration.okhttp-r.txt;C:\Users\leoja\.gradle\caches\transforms-3\5c415c50287381c76ca39f232e2f2438\transformed\com.bumptech.glide-r.txt;C:\Users\leoja\.gradle\caches\transforms-3\d03eb502e5d7e49b1701b2cce46fd3ef\transformed\androidx.viewpager2-r.txt;C:\Users\leoja\.gradle\caches\transforms-3\c918ce0bf5fdd854b7957812eea8cea1\transformed\androidx.fragment-r.txt;C:\Users\leoja\.gradle\caches\transforms-3\c737c9464db4e4e029a9ba4b30c13b0d\transformed\androidx.fragment.ktx-r.txt;C:\Users\leoja\.gradle\caches\transforms-3\bf6a49c7e658aad334c953ccbf935b72\transformed\androidx.compose.material3-r.txt;C:\Users\leoja\.gradle\caches\transforms-3\0ddd3d5981b8b311217e9057bb005d47\transformed\androidx.activity-r.txt;C:\Users\leoja\.gradle\caches\transforms-3\426a0aaaa4662b04da2cc1784ff93b50\transformed\androidx.activity.compose-r.txt;C:\Users\leoja\.gradle\caches\transforms-3\2ea42744b2bf058e7d5a06e0ca2de7df\transformed\androidx.compose.animation.core-r.txt;C:\Users\leoja\.gradle\caches\transforms-3\421e1cbac3aa8852faa1b73603612384\transformed\androidx.compose.material.icons-r.txt;C:\Users\leoja\.gradle\caches\transforms-3\ee6ed416759d90ea95b109c1dfb56905\transformed\androidx.compose.material.ripple-r.txt;C:\Users\leoja\.gradle\caches\transforms-3\f0d2774392a74c5056a790103bf7ab4b\transformed\androidx.compose.animation-r.txt;C:\Users\leoja\.gradle\caches\transforms-3\0f426e03d77aa8c67088069b60b57c13\transformed\androidx.compose.foundation.layout-r.txt;C:\Users\leoja\.gradle\caches\transforms-3\01cbd25bbc6eee66ce0222013ba81923\transformed\androidx.compose.foundation-r.txt;C:\Users\leoja\.gradle\caches\transforms-3\e556d2d37062198d5e3d51a4109fc28a\transformed\androidx.compose.ui.unit-r.txt;C:\Users\leoja\.gradle\caches\transforms-3\9bbca79cc65916aac68500e25688e29e\transformed\androidx.compose.ui.geometry-r.txt;C:\Users\leoja\.gradle\caches\transforms-3\0b814276679abc40c8874927a7149216\transformed\androidx.compose.ui.util-r.txt;C:\Users\leoja\.gradle\caches\transforms-3\83c92443a083ee6b1fbd4f49b3f4cbcd\transformed\androidx.compose.ui.text-r.txt;C:\Users\leoja\.gradle\caches\transforms-3\26d8be253b3b9efd3c1fbf6b08806773\transformed\androidx.compose.ui.graphics-r.txt;C:\Users\leoja\.gradle\caches\transforms-3\a69591ec9757951037146c224a808f0b\transformed\androidx.compose.ui.tooling.preview-r.txt;C:\Users\leoja\.gradle\caches\transforms-3\cb1fb21354e607fc69408e5a836130a7\transformed\androidx.compose.runtime.saveable-r.txt;C:\Users\leoja\.gradle\caches\transforms-3\306618a9e4c6dc891c1fcb1904da17dd\transformed\androidx.compose.runtime-r.txt;C:\Users\leoja\.gradle\caches\transforms-3\0f873d946ec09649ec8c079ff5acbb52\transformed\androidx.compose.runtime.livedata-r.txt;C:\Users\leoja\.gradle\caches\transforms-3\b3c7e64e07535f9cf63dba6b16eeab7f\transformed\androidx.drawerlayout-r.txt;C:\Users\leoja\.gradle\caches\transforms-3\53f50b3094f90f64dc07044c2b1402ec\transformed\androidx.coordinatorlayout-r.txt;C:\Users\leoja\.gradle\caches\transforms-3\e131ed5203d31002a5150c4b770439f8\transformed\androidx.dynamicanimation-r.txt;C:\Users\leoja\.gradle\caches\transforms-3\037308ac63e9b32f6776b4f7b0c66473\transformed\androidx.vectordrawable.animated-r.txt;C:\Users\leoja\.gradle\caches\transforms-3\c488e1fe1ff70958a2f25eaa53aa05b5\transformed\androidx.vectordrawable-r.txt;C:\Users\leoja\.gradle\caches\transforms-3\21425fd06e87503828d875447f95e2b3\transformed\androidx.work.ktx-r.txt;C:\Users\leoja\.gradle\caches\transforms-3\c9f547415cede28196877fd6dac299d8\transformed\androidx.work-r.txt;C:\Users\leoja\.gradle\caches\transforms-3\72b3b815bdcb492d60e089fd1929cd56\transformed\androidx.recyclerview-r.txt;C:\Users\leoja\.gradle\caches\transforms-3\f6f8aa023264b12411c9e07c306786ba\transformed\androidx.viewpager-r.txt;C:\Users\leoja\.gradle\caches\transforms-3\e86ce7f03214aaec8e7436a3c052a31a\transformed\androidx.slidingpanelayout-r.txt;C:\Users\leoja\.gradle\caches\transforms-3\069117b7cd8bdccf0415859a82649f6a\transformed\androidx.customview-r.txt;C:\Users\leoja\.gradle\caches\transforms-3\1e98e32f464490a3d902a35e1ecea693\transformed\androidx.legacy.coreutils-r.txt;C:\Users\leoja\.gradle\caches\transforms-3\6fc35067b58f23f03df8c6e25c9e19b4\transformed\androidx.loader-r.txt;C:\Users\leoja\.gradle\caches\transforms-3\736a9258a95262ec80b9039f4169e87a\transformed\androidx.transition-r.txt;C:\Users\leoja\.gradle\caches\transforms-3\29094a55675fb68264b49dde70ef5e7d\transformed\androidx.window-r.txt;C:\Users\leoja\.gradle\caches\transforms-3\021f1e0912ef7b880bb296e97e55414b\transformed\androidx.autofill-r.txt;C:\Users\leoja\.gradle\caches\transforms-3\4d3b329d151534d57d7d96fdeb2ad3d8\transformed\androidx.emoji2.viewsintegration-r.txt;C:\Users\leoja\.gradle\caches\transforms-3\eb2f5c057f972a70052f94b002b14bb6\transformed\androidx.emoji2-r.txt;C:\Users\leoja\.gradle\caches\transforms-3\147040b3cdb16017e914cb207f66764e\transformed\androidx.core-r.txt;C:\Users\leoja\.gradle\caches\transforms-3\ddae9fe2327428860074eb80aaa605bc\transformed\androidx.lifecycle.livedata.core-r.txt;C:\Users\leoja\.gradle\caches\transforms-3\f5f386d7223303b0d81eb358d0ca0172\transformed\androidx.savedstate.ktx-r.txt;C:\Users\leoja\.gradle\caches\transforms-3\87335b26216971dee5dd20227163a63f\transformed\androidx.savedstate-r.txt;C:\Users\leoja\.gradle\caches\transforms-3\188a670f122d5a9d2aa0324cdafb125c\transformed\androidx.lifecycle.viewmodel.savedstate-r.txt;C:\Users\leoja\.gradle\caches\transforms-3\fd502922b1bbbe6de422d2c5e6654f10\transformed\androidx.lifecycle.livedata.core.ktx-r.txt;C:\Users\leoja\.gradle\caches\transforms-3\839024a0e60fee63f63236a3f632d68e\transformed\androidx.lifecycle.viewmodel-r.txt;C:\Users\leoja\.gradle\caches\transforms-3\583c4ec0d090e6e7e7e7c3b528f4e96d\transformed\androidx.lifecycle.service-r.txt;C:\Users\leoja\.gradle\caches\transforms-3\1d1da2d04f16fc2c8b0329b865d3de06\transformed\androidx.lifecycle.ktx-r.txt;C:\Users\leoja\.gradle\caches\transforms-3\1dc3cf4de50ce57b3a7e1c52fb1ed13d\transformed\androidx.lifecycle.runtime-r.txt;C:\Users\leoja\.gradle\caches\transforms-3\1d9363fb1cf189de119ef44ed845e946\transformed\androidx.lifecycle.process-r.txt;C:\Users\leoja\.gradle\caches\transforms-3\54734093375e2fa0c0aebff4d2434377\transformed\androidx.lifecycle.livedata-r.txt;C:\Users\leoja\.gradle\caches\transforms-3\85d7e1ff6bdda2b71526a56eccb8aa0a\transformed\androidx.lifecycle.viewmodel.ktx-r.txt;C:\Users\leoja\.gradle\caches\transforms-3\aa87b80c8d1a6763fca358d70a76d3fa\transformed\androidx.lifecycle.livedata.ktx-r.txt;C:\Users\leoja\.gradle\caches\transforms-3\faad50ae6ef2698f847b02fb8c2aebad\transformed\androidx.lifecycle.viewmodel.compose-r.txt;C:\Users\leoja\.gradle\caches\transforms-3\f1207d95594c4d8ee9a257051bd27206\transformed\androidx.compose.ui-r.txt;C:\Users\leoja\.gradle\caches\transforms-3\79fe2270732c65cee929d163c9881be9\transformed\androidx.activity.ktx-r.txt;C:\Users\leoja\.gradle\caches\transforms-3\e3edde4babeb360d89d65656fe420d01\transformed\androidx.customview.poolingcontainer-r.txt;C:\Users\leoja\.gradle\caches\transforms-3\84f02b2d98bb0d69ceb49c270c6738d9\transformed\androidx.core.ktx-r.txt;C:\Users\leoja\.gradle\caches\transforms-3\15d60a7e5290fb97834ae731afc1b2f7\transformed\androidx.room-r.txt;C:\Users\leoja\.gradle\caches\transforms-3\dfabfb2f6581df09d9c12a9754fe9882\transformed\androidx.room.ktx-r.txt;C:\Users\leoja\.gradle\caches\transforms-3\72cf38b945b3a86d0984b231d60b9cb2\transformed\timber.log-r.txt;C:\Users\leoja\.gradle\caches\transforms-3\98993231648f000c82996e8453cdacc1\transformed\androidx.sqlite.db.framework-r.txt;C:\Users\leoja\.gradle\caches\transforms-3\d0d8eb9219085a9825f01fb118b1aefe\transformed\androidx.sqlite.db-r.txt;C:\Users\leoja\.gradle\caches\transforms-3\2caa99c3954a6bfd291cc36d3d7e31ee\transformed\androidx.annotation.experimental-r.txt;C:\Users\leoja\.gradle\caches\transforms-3\42fc2255340b8a9376e3c2eab450f546\transformed\androidx.cursoradapter-r.txt;C:\Users\leoja\.gradle\caches\transforms-3\3708cfccdc809adf9bcc10b60ed3350b\transformed\androidx.cardview-r.txt;C:\Users\leoja\.gradle\caches\transforms-3\32bd61e018052d03bb6f049f12379bbd\transformed\androidx.arch.core-r.txt;C:\Users\leoja\.gradle\caches\transforms-3\5cd9bc7c73769a2a51d20caeb4b2193a\transformed\com.bumptech.glide.gifdecoder-r.txt;C:\Users\leoja\.gradle\caches\transforms-3\bbbcb834d99b2d912474138a2d6a2173\transformed\androidx.exifinterface-r.txt;C:\Users\leoja\.gradle\caches\transforms-3\141e404fb6af04fed4ab0721a0755079\transformed\androidx.profileinstaller-r.txt;C:\Users\leoja\.gradle\caches\transforms-3\0c09dc90f036bcb5441406cbbd9f7514\transformed\androidx.startup-r.txt;C:\Users\leoja\.gradle\caches\transforms-3\c6d9925756d4293b90c8a01929ccd258\transformed\androidx.tracing-r.txt;C:\Users\leoja\.gradle\caches\transforms-3\6fede0e0972e2633efa9fe79557c566b\transformed\androidx.interpolator-r.txt;C:\Users\leoja\.gradle\caches\transforms-3\f44ffb7b3b8e0ea405658417a3fa688a\transformed\androidx.versionedparcelable-r.txt;C:\Users\leoja\.gradle\caches\transforms-3\8f6feaa739977d5d827191926745153a\transformed\androidx.documentfile-r.txt;C:\Users\leoja\.gradle\caches\transforms-3\ff3200b2429682bb589c01f8ff8d49dc\transformed\androidx.localbroadcastmanager-r.txt;C:\Users\leoja\.gradle\caches\transforms-3\c8f174694d3d1b19569119a3f521d185\transformed\androidx.print-r.txt;C:\Users\leoja\.gradle\caches\transforms-3\465c59e826d4c66fb21fd8011bddc930\transformed\dagger.lint-r.txt=, android.databinding.minApi=24=, android.databinding.classLogDir=C:\Users\leoja\AndroidStudioProjects\PaleobyLeoRecipes\app\build\intermediates\data_binding_base_class_log_artifact\release\out=, android.databinding.aarOutDir=C:\Users\leoja\AndroidStudioProjects\PaleobyLeoRecipes\app\build\intermediates\data_binding_artifact\release\kaptReleaseKotlin=, android.databinding.enableDebugLogs=0=, android.databinding.dependencyArtifactsDir=C:\Users\leoja\AndroidStudioProjects\PaleobyLeoRecipes\app\build\intermediates\data_binding_dependency_artifacts\release=, android.databinding.enableForTests=0=, android.databinding.enableV2=1=, android.databinding.modulePackage=com.leo.paleorecipes=, android.databinding.artifactType=APPLICATION=, android.databinding.isTestVariant=0=, android.databinding.apiFile=C:\Users\leoja\AppData\Local\Android\Sdk\platforms\android-34\data\api-versions.xml=, android.databinding.incremental=1=, android.databinding.localResourceFile=C:\Users\leoja\AndroidStudioProjects\PaleobyLeoRecipes\app\build\intermediates\local_only_symbol_list\release\R-def.txt=, android.databinding.printEncodedErrorLogs=0=, android.databinding.layoutInfoDir=C:\Users\leoja\AndroidStudioProjects\PaleobyLeoRecipes\app\build\intermediates\data_binding_layout_info_type_merge\release\out=}
Javac options: {--source=21}
[incremental apt] Changed files: []
[incremental apt] Compiled sources directories: C:\Users\leoja\AndroidStudioProjects\PaleobyLeoRecipes\app\build\tmp\kotlin-classes\release, C:\Users\leoja\AndroidStudioProjects\PaleobyLeoRecipes\app\build\intermediates\javac\release\classes
[incremental apt] Cache directory for incremental compilation: C:\Users\leoja\AndroidStudioProjects\PaleobyLeoRecipes\app\build\tmp\kapt3\incApCache\release
[incremental apt] Changed classpath names: 

[INFO] Need to discovery annotation processors in the AP classpath
[INFO] Use own ClassLoader for processor 'dagger.hilt.processor.internal.uninstallmodules.UninstallModulesProcessor'
[INFO] Use own ClassLoader for processor 'dagger.hilt.processor.internal.aggregateddeps.AggregatedDepsProcessor'
[INFO] Use own ClassLoader for processor 'dagger.hilt.processor.internal.earlyentrypoint.EarlyEntryPointProcessor'
[INFO] Use own ClassLoader for processor 'dagger.hilt.android.processor.internal.customtestapplication.CustomTestApplicationProcessor'
[INFO] Use own ClassLoader for processor 'dagger.hilt.processor.internal.aliasof.AliasOfProcessor'
[INFO] Use own ClassLoader for processor 'dagger.hilt.processor.internal.originatingelement.OriginatingElementProcessor'
[INFO] Use own ClassLoader for processor 'dagger.hilt.processor.internal.root.RootProcessor'
[INFO] Use own ClassLoader for processor 'dagger.hilt.android.processor.internal.bindvalue.BindValueProcessor'
[INFO] Use own ClassLoader for processor 'dagger.hilt.processor.internal.root.ComponentTreeDepsProcessor'
[INFO] Use own ClassLoader for processor 'dagger.hilt.processor.internal.generatesrootinput.GeneratesRootInputProcessor'
[INFO] Use own ClassLoader for processor 'dagger.hilt.processor.internal.definecomponent.DefineComponentProcessor'
[INFO] Use own ClassLoader for processor 'dagger.hilt.android.processor.internal.viewmodel.ViewModelProcessor'
[INFO] Use own ClassLoader for processor 'dagger.hilt.android.processor.internal.androidentrypoint.AndroidEntryPointProcessor'
[INFO] Use own ClassLoader for processor 'androidx.hilt.AndroidXHiltProcessor'
[INFO] Use own ClassLoader for processor 'androidx.room.RoomProcessor'
[INFO] Use own ClassLoader for processor 'com.bumptech.glide.annotation.compiler.GlideAnnotationProcessor'
[INFO] Use own ClassLoader for processor 'android.databinding.annotationprocessor.ProcessDataBinding'
[INFO] Use own ClassLoader for processor 'dagger.internal.codegen.ComponentProcessor'
[INFO] Annotation processors: dagger.hilt.processor.internal.uninstallmodules.UninstallModulesProcessor, dagger.hilt.processor.internal.aggregateddeps.AggregatedDepsProcessor, dagger.hilt.processor.internal.earlyentrypoint.EarlyEntryPointProcessor, dagger.hilt.android.processor.internal.customtestapplication.CustomTestApplicationProcessor, dagger.hilt.processor.internal.aliasof.AliasOfProcessor, dagger.hilt.processor.internal.originatingelement.OriginatingElementProcessor, dagger.hilt.processor.internal.root.RootProcessor, dagger.hilt.android.processor.internal.bindvalue.BindValueProcessor, dagger.hilt.processor.internal.root.ComponentTreeDepsProcessor, dagger.hilt.processor.internal.generatesrootinput.GeneratesRootInputProcessor, dagger.hilt.processor.internal.definecomponent.DefineComponentProcessor, dagger.hilt.android.processor.internal.viewmodel.ViewModelProcessor, dagger.hilt.android.processor.internal.androidentrypoint.AndroidEntryPointProcessor, androidx.hilt.AndroidXHiltProcessor, androidx.room.RoomProcessor, com.bumptech.glide.annotation.compiler.GlideAnnotationProcessor, android.databinding.annotationprocessor.ProcessDataBinding, dagger.internal.codegen.ComponentProcessor
[INFO] Processing java sources with annotation processors: C:\Users\leoja\AndroidStudioProjects\PaleobyLeoRecipes\app\build\generated\source\buildConfig\release\com\leo\paleorecipes\BuildConfig.java, C:\Users\leoja\AndroidStudioProjects\PaleobyLeoRecipes\app\build\generated\data_binding_base_class_source_out\release\out\com\leo\paleorecipes\databinding\ActivityAboutPaleoBinding.java, C:\Users\leoja\AndroidStudioProjects\PaleobyLeoRecipes\app\build\generated\data_binding_base_class_source_out\release\out\com\leo\paleorecipes\databinding\ActivityAddEditRecipeBinding.java, C:\Users\leoja\AndroidStudioProjects\PaleobyLeoRecipes\app\build\generated\data_binding_base_class_source_out\release\out\com\leo\paleorecipes\databinding\ActivityAddRecipeBinding.java, C:\Users\leoja\AndroidStudioProjects\PaleobyLeoRecipes\app\build\generated\data_binding_base_class_source_out\release\out\com\leo\paleorecipes\databinding\ActivityFridgeBinding.java, C:\Users\leoja\AndroidStudioProjects\PaleobyLeoRecipes\app\build\generated\data_binding_base_class_source_out\release\out\com\leo\paleorecipes\databinding\ActivityMainBinding.java, C:\Users\leoja\AndroidStudioProjects\PaleobyLeoRecipes\app\build\generated\data_binding_base_class_source_out\release\out\com\leo\paleorecipes\databinding\ActivityMainSimpleBinding.java, C:\Users\leoja\AndroidStudioProjects\PaleobyLeoRecipes\app\build\generated\data_binding_base_class_source_out\release\out\com\leo\paleorecipes\databinding\ActivityRecipeDetailBinding.java, C:\Users\leoja\AndroidStudioProjects\PaleobyLeoRecipes\app\build\generated\data_binding_base_class_source_out\release\out\com\leo\paleorecipes\databinding\ActivityRecipeDetailNewBinding.java, C:\Users\leoja\AndroidStudioProjects\PaleobyLeoRecipes\app\build\generated\data_binding_base_class_source_out\release\out\com\leo\paleorecipes\databinding\ActivityRecipeListBinding.java, C:\Users\leoja\AndroidStudioProjects\PaleobyLeoRecipes\app\build\generated\data_binding_base_class_source_out\release\out\com\leo\paleorecipes\databinding\ActivityRecipeSearchContainerBinding.java, C:\Users\leoja\AndroidStudioProjects\PaleobyLeoRecipes\app\build\generated\data_binding_base_class_source_out\release\out\com\leo\paleorecipes\databinding\ActivitySettingsBinding.java, C:\Users\leoja\AndroidStudioProjects\PaleobyLeoRecipes\app\build\generated\data_binding_base_class_source_out\release\out\com\leo\paleorecipes\databinding\ActivitySplashBinding.java, C:\Users\leoja\AndroidStudioProjects\PaleobyLeoRecipes\app\build\generated\data_binding_base_class_source_out\release\out\com\leo\paleorecipes\databinding\CustomPopupMenuBinding.java, C:\Users\leoja\AndroidStudioProjects\PaleobyLeoRecipes\app\build\generated\data_binding_base_class_source_out\release\out\com\leo\paleorecipes\databinding\FragmentFridgeBinding.java, C:\Users\leoja\AndroidStudioProjects\PaleobyLeoRecipes\app\build\generated\data_binding_base_class_source_out\release\out\com\leo\paleorecipes\databinding\FragmentRecipeSearchBinding.java, C:\Users\leoja\AndroidStudioProjects\PaleobyLeoRecipes\app\build\generated\data_binding_base_class_source_out\release\out\com\leo\paleorecipes\databinding\FragmentRecipeSearchListBinding.java, C:\Users\leoja\AndroidStudioProjects\PaleobyLeoRecipes\app\build\generated\data_binding_base_class_source_out\release\out\com\leo\paleorecipes\databinding\ItemIngredientBinding.java, C:\Users\leoja\AndroidStudioProjects\PaleobyLeoRecipes\app\build\generated\data_binding_base_class_source_out\release\out\com\leo\paleorecipes\databinding\ItemRecipeBasicBinding.java, C:\Users\leoja\AndroidStudioProjects\PaleobyLeoRecipes\app\build\generated\data_binding_base_class_source_out\release\out\com\leo\paleorecipes\databinding\ItemRecipeBinding.java, C:\Users\leoja\AndroidStudioProjects\PaleobyLeoRecipes\app\build\generated\data_binding_base_class_source_out\release\out\com\leo\paleorecipes\databinding\ItemRecipeSimpleBinding.java, C:\Users\leoja\AndroidStudioProjects\PaleobyLeoRecipes\app\build\generated\data_binding_base_class_source_out\release\out\com\leo\paleorecipes\databinding\PopupMenuItemBinding.java, C:\Users\leoja\AndroidStudioProjects\PaleobyLeoRecipes\app\build\generated\data_binding_base_class_source_out\release\out\com\leo\paleorecipes\databinding\PrintRecipeDetailBinding.java, C:\Users\leoja\AndroidStudioProjects\PaleobyLeoRecipes\app\build\generated\data_binding_trigger\release\com\leo\paleorecipes\DataBindingTriggerClass.java, C:\Users\leoja\AndroidStudioProjects\PaleobyLeoRecipes\app\build\tmp\kapt3\stubs\release\com\leo\paleorecipes\AboutActivity.java, C:\Users\leoja\AndroidStudioProjects\PaleobyLeoRecipes\app\build\tmp\kapt3\stubs\release\com\leo\paleorecipes\AboutPaleoActivity.java, C:\Users\leoja\AndroidStudioProjects\PaleobyLeoRecipes\app\build\tmp\kapt3\stubs\release\com\leo\paleorecipes\adapter\IngredientDiffCallback.java, C:\Users\leoja\AndroidStudioProjects\PaleobyLeoRecipes\app\build\tmp\kapt3\stubs\release\com\leo\paleorecipes\adapter\IngredientsAdapter.java, C:\Users\leoja\AndroidStudioProjects\PaleobyLeoRecipes\app\build\tmp\kapt3\stubs\release\com\leo\paleorecipes\adapter\RecipeDiffCallback.java, C:\Users\leoja\AndroidStudioProjects\PaleobyLeoRecipes\app\build\tmp\kapt3\stubs\release\com\leo\paleorecipes\adapter\RecipesAdapter.java, C:\Users\leoja\AndroidStudioProjects\PaleobyLeoRecipes\app\build\tmp\kapt3\stubs\release\com\leo\paleorecipes\AddEditRecipeActivity.java, C:\Users\leoja\AndroidStudioProjects\PaleobyLeoRecipes\app\build\tmp\kapt3\stubs\release\com\leo\paleorecipes\AddRecipeActivity.java, C:\Users\leoja\AndroidStudioProjects\PaleobyLeoRecipes\app\build\tmp\kapt3\stubs\release\com\leo\paleorecipes\BaseActivity.java, C:\Users\leoja\AndroidStudioProjects\PaleobyLeoRecipes\app\build\tmp\kapt3\stubs\release\com\leo\paleorecipes\data\api\ApiClient.java, C:\Users\leoja\AndroidStudioProjects\PaleobyLeoRecipes\app\build\tmp\kapt3\stubs\release\com\leo\paleorecipes\data\api\model\ApiAnalyzedInstruction.java, C:\Users\leoja\AndroidStudioProjects\PaleobyLeoRecipes\app\build\tmp\kapt3\stubs\release\com\leo\paleorecipes\data\api\model\ApiEquipment.java, C:\Users\leoja\AndroidStudioProjects\PaleobyLeoRecipes\app\build\tmp\kapt3\stubs\release\com\leo\paleorecipes\data\api\model\ApiIngredient.java, C:\Users\leoja\AndroidStudioProjects\PaleobyLeoRecipes\app\build\tmp\kapt3\stubs\release\com\leo\paleorecipes\data\api\model\ApiInstructionStep.java, C:\Users\leoja\AndroidStudioProjects\PaleobyLeoRecipes\app\build\tmp\kapt3\stubs\release\com\leo\paleorecipes\data\api\model\ApiRecipe.java, C:\Users\leoja\AndroidStudioProjects\PaleobyLeoRecipes\app\build\tmp\kapt3\stubs\release\com\leo\paleorecipes\data\api\model\ApiRecipeDetail.java, C:\Users\leoja\AndroidStudioProjects\PaleobyLeoRecipes\app\build\tmp\kapt3\stubs\release\com\leo\paleorecipes\data\api\SpoonacularApiService.java, C:\Users\leoja\AndroidStudioProjects\PaleobyLeoRecipes\app\build\tmp\kapt3\stubs\release\com\leo\paleorecipes\data\AppDatabase.java, C:\Users\leoja\AndroidStudioProjects\PaleobyLeoRecipes\app\build\tmp\kapt3\stubs\release\com\leo\paleorecipes\data\Converters.java, C:\Users\leoja\AndroidStudioProjects\PaleobyLeoRecipes\app\build\tmp\kapt3\stubs\release\com\leo\paleorecipes\data\local\dao\IngredientDao.java, C:\Users\leoja\AndroidStudioProjects\PaleobyLeoRecipes\app\build\tmp\kapt3\stubs\release\com\leo\paleorecipes\data\local\entity\IngredientEntity.java, C:\Users\leoja\AndroidStudioProjects\PaleobyLeoRecipes\app\build\tmp\kapt3\stubs\release\com\leo\paleorecipes\data\model\AnalyzedInstruction.java, C:\Users\leoja\AndroidStudioProjects\PaleobyLeoRecipes\app\build\tmp\kapt3\stubs\release\com\leo\paleorecipes\data\model\DomainRecipe.java, C:\Users\leoja\AndroidStudioProjects\PaleobyLeoRecipes\app\build\tmp\kapt3\stubs\release\com\leo\paleorecipes\data\model\Equipment.java, C:\Users\leoja\AndroidStudioProjects\PaleobyLeoRecipes\app\build\tmp\kapt3\stubs\release\com\leo\paleorecipes\data\model\ExtendedIngredient.java, C:\Users\leoja\AndroidStudioProjects\PaleobyLeoRecipes\app\build\tmp\kapt3\stubs\release\com\leo\paleorecipes\data\model\Ingredient.java, C:\Users\leoja\AndroidStudioProjects\PaleobyLeoRecipes\app\build\tmp\kapt3\stubs\release\com\leo\paleorecipes\data\model\Length.java, C:\Users\leoja\AndroidStudioProjects\PaleobyLeoRecipes\app\build\tmp\kapt3\stubs\release\com\leo\paleorecipes\data\model\Recipe.java, C:\Users\leoja\AndroidStudioProjects\PaleobyLeoRecipes\app\build\tmp\kapt3\stubs\release\com\leo\paleorecipes\data\model\RecipeDetail.java, C:\Users\leoja\AndroidStudioProjects\PaleobyLeoRecipes\app\build\tmp\kapt3\stubs\release\com\leo\paleorecipes\data\model\RecipeDetailResponse.java, C:\Users\leoja\AndroidStudioProjects\PaleobyLeoRecipes\app\build\tmp\kapt3\stubs\release\com\leo\paleorecipes\data\model\RecipeResponse.java, C:\Users\leoja\AndroidStudioProjects\PaleobyLeoRecipes\app\build\tmp\kapt3\stubs\release\com\leo\paleorecipes\data\model\Step.java, C:\Users\leoja\AndroidStudioProjects\PaleobyLeoRecipes\app\build\tmp\kapt3\stubs\release\com\leo\paleorecipes\data\model\Temperature.java, C:\Users\leoja\AndroidStudioProjects\PaleobyLeoRecipes\app\build\tmp\kapt3\stubs\release\com\leo\paleorecipes\data\Recipe.java, C:\Users\leoja\AndroidStudioProjects\PaleobyLeoRecipes\app\build\tmp\kapt3\stubs\release\com\leo\paleorecipes\data\RecipeDao.java, C:\Users\leoja\AndroidStudioProjects\PaleobyLeoRecipes\app\build\tmp\kapt3\stubs\release\com\leo\paleorecipes\data\RecipeMapper.java, C:\Users\leoja\AndroidStudioProjects\PaleobyLeoRecipes\app\build\tmp\kapt3\stubs\release\com\leo\paleorecipes\data\repository\IngredientRepository.java, C:\Users\leoja\AndroidStudioProjects\PaleobyLeoRecipes\app\build\tmp\kapt3\stubs\release\com\leo\paleorecipes\data\repository\IngredientRepositoryImpl.java, C:\Users\leoja\AndroidStudioProjects\PaleobyLeoRecipes\app\build\tmp\kapt3\stubs\release\com\leo\paleorecipes\data\repository\RecipeRepository.java, C:\Users\leoja\AndroidStudioProjects\PaleobyLeoRecipes\app\build\tmp\kapt3\stubs\release\com\leo\paleorecipes\data\repository\RecipeRepositoryImpl.java, C:\Users\leoja\AndroidStudioProjects\PaleobyLeoRecipes\app\build\tmp\kapt3\stubs\release\com\leo\paleorecipes\di\AppModule.java, C:\Users\leoja\AndroidStudioProjects\PaleobyLeoRecipes\app\build\tmp\kapt3\stubs\release\com\leo\paleorecipes\di\DatabaseModule.java, C:\Users\leoja\AndroidStudioProjects\PaleobyLeoRecipes\app\build\tmp\kapt3\stubs\release\com\leo\paleorecipes\di\HiltWorkerFactory.java, C:\Users\leoja\AndroidStudioProjects\PaleobyLeoRecipes\app\build\tmp\kapt3\stubs\release\com\leo\paleorecipes\di\RepositoryModule.java, C:\Users\leoja\AndroidStudioProjects\PaleobyLeoRecipes\app\build\tmp\kapt3\stubs\release\com\leo\paleorecipes\di\TestModule.java, C:\Users\leoja\AndroidStudioProjects\PaleobyLeoRecipes\app\build\tmp\kapt3\stubs\release\com\leo\paleorecipes\di\WorkerFactoryModule.java, C:\Users\leoja\AndroidStudioProjects\PaleobyLeoRecipes\app\build\tmp\kapt3\stubs\release\com\leo\paleorecipes\di\WorkerHelperModule.java, C:\Users\leoja\AndroidStudioProjects\PaleobyLeoRecipes\app\build\tmp\kapt3\stubs\release\com\leo\paleorecipes\di\WorkerModule.java, C:\Users\leoja\AndroidStudioProjects\PaleobyLeoRecipes\app\build\tmp\kapt3\stubs\release\com\leo\paleorecipes\FridgeActivity.java, C:\Users\leoja\AndroidStudioProjects\PaleobyLeoRecipes\app\build\tmp\kapt3\stubs\release\com\leo\paleorecipes\MainActivity.java, C:\Users\leoja\AndroidStudioProjects\PaleobyLeoRecipes\app\build\tmp\kapt3\stubs\release\com\leo\paleorecipes\MainActivityCompose.java, C:\Users\leoja\AndroidStudioProjects\PaleobyLeoRecipes\app\build\tmp\kapt3\stubs\release\com\leo\paleorecipes\MainActivityComposeKt.java, C:\Users\leoja\AndroidStudioProjects\PaleobyLeoRecipes\app\build\tmp\kapt3\stubs\release\com\leo\paleorecipes\network\ExtendedIngredient.java, C:\Users\leoja\AndroidStudioProjects\PaleobyLeoRecipes\app\build\tmp\kapt3\stubs\release\com\leo\paleorecipes\network\RecipeDetailResponse.java, C:\Users\leoja\AndroidStudioProjects\PaleobyLeoRecipes\app\build\tmp\kapt3\stubs\release\com\leo\paleorecipes\network\SpoonacularApi.java, C:\Users\leoja\AndroidStudioProjects\PaleobyLeoRecipes\app\build\tmp\kapt3\stubs\release\com\leo\paleorecipes\network\SpoonacularService.java, C:\Users\leoja\AndroidStudioProjects\PaleobyLeoRecipes\app\build\tmp\kapt3\stubs\release\com\leo\paleorecipes\PaleoRecipesApplication.java, C:\Users\leoja\AndroidStudioProjects\PaleobyLeoRecipes\app\build\tmp\kapt3\stubs\release\com\leo\paleorecipes\RecipeAdapter.java, C:\Users\leoja\AndroidStudioProjects\PaleobyLeoRecipes\app\build\tmp\kapt3\stubs\release\com\leo\paleorecipes\RecipeDetailActivity.java, C:\Users\leoja\AndroidStudioProjects\PaleobyLeoRecipes\app\build\tmp\kapt3\stubs\release\com\leo\paleorecipes\RecipeDiffCallback.java, C:\Users\leoja\AndroidStudioProjects\PaleobyLeoRecipes\app\build\tmp\kapt3\stubs\release\com\leo\paleorecipes\RecipeListActivity.java, C:\Users\leoja\AndroidStudioProjects\PaleobyLeoRecipes\app\build\tmp\kapt3\stubs\release\com\leo\paleorecipes\RecipePrintAdapter.java, C:\Users\leoja\AndroidStudioProjects\PaleobyLeoRecipes\app\build\tmp\kapt3\stubs\release\com\leo\paleorecipes\SettingsActivity.java, C:\Users\leoja\AndroidStudioProjects\PaleobyLeoRecipes\app\build\tmp\kapt3\stubs\release\com\leo\paleorecipes\SplashActivity.java, C:\Users\leoja\AndroidStudioProjects\PaleobyLeoRecipes\app\build\tmp\kapt3\stubs\release\com\leo\paleorecipes\ui\components\BlackTextInputEditText.java, C:\Users\leoja\AndroidStudioProjects\PaleobyLeoRecipes\app\build\tmp\kapt3\stubs\release\com\leo\paleorecipes\ui\fridge\FridgeFragment.java, C:\Users\leoja\AndroidStudioProjects\PaleobyLeoRecipes\app\build\tmp\kapt3\stubs\release\com\leo\paleorecipes\ui\fridge\FridgeViewModel.java, C:\Users\leoja\AndroidStudioProjects\PaleobyLeoRecipes\app\build\tmp\kapt3\stubs\release\com\leo\paleorecipes\ui\search\RecipeSearchActivity.java, C:\Users\leoja\AndroidStudioProjects\PaleobyLeoRecipes\app\build\tmp\kapt3\stubs\release\com\leo\paleorecipes\ui\search\RecipeSearchFragment.java, C:\Users\leoja\AndroidStudioProjects\PaleobyLeoRecipes\app\build\tmp\kapt3\stubs\release\com\leo\paleorecipes\ui\search\RecipeSearchViewModel.java, C:\Users\leoja\AndroidStudioProjects\PaleobyLeoRecipes\app\build\tmp\kapt3\stubs\release\com\leo\paleorecipes\ui\theme\ColorsKt.java, C:\Users\leoja\AndroidStudioProjects\PaleobyLeoRecipes\app\build\tmp\kapt3\stubs\release\com\leo\paleorecipes\ui\theme\ThemeKt.java, C:\Users\leoja\AndroidStudioProjects\PaleobyLeoRecipes\app\build\tmp\kapt3\stubs\release\com\leo\paleorecipes\ui\theme\TypeKt.java, C:\Users\leoja\AndroidStudioProjects\PaleobyLeoRecipes\app\build\tmp\kapt3\stubs\release\com\leo\paleorecipes\util\SingleLiveEvent.java, C:\Users\leoja\AndroidStudioProjects\PaleobyLeoRecipes\app\build\tmp\kapt3\stubs\release\com\leo\paleorecipes\utils\ApiErrorHandler.java, C:\Users\leoja\AndroidStudioProjects\PaleobyLeoRecipes\app\build\tmp\kapt3\stubs\release\com\leo\paleorecipes\utils\ApiResponse.java, C:\Users\leoja\AndroidStudioProjects\PaleobyLeoRecipes\app\build\tmp\kapt3\stubs\release\com\leo\paleorecipes\utils\ApiResponseKt.java, C:\Users\leoja\AndroidStudioProjects\PaleobyLeoRecipes\app\build\tmp\kapt3\stubs\release\com\leo\paleorecipes\utils\ConnectivityManagerNetworkMonitor.java, C:\Users\leoja\AndroidStudioProjects\PaleobyLeoRecipes\app\build\tmp\kapt3\stubs\release\com\leo\paleorecipes\utils\DateTimeUtils.java, C:\Users\leoja\AndroidStudioProjects\PaleobyLeoRecipes\app\build\tmp\kapt3\stubs\release\com\leo\paleorecipes\utils\DefaultDispatcherProvider.java, C:\Users\leoja\AndroidStudioProjects\PaleobyLeoRecipes\app\build\tmp\kapt3\stubs\release\com\leo\paleorecipes\utils\DispatcherProvider.java, C:\Users\leoja\AndroidStudioProjects\PaleobyLeoRecipes\app\build\tmp\kapt3\stubs\release\com\leo\paleorecipes\utils\FileUtils.java, C:\Users\leoja\AndroidStudioProjects\PaleobyLeoRecipes\app\build\tmp\kapt3\stubs\release\com\leo\paleorecipes\utils\ImageLoader.java, C:\Users\leoja\AndroidStudioProjects\PaleobyLeoRecipes\app\build\tmp\kapt3\stubs\release\com\leo\paleorecipes\utils\ImageUtils.java, C:\Users\leoja\AndroidStudioProjects\PaleobyLeoRecipes\app\build\tmp\kapt3\stubs\release\com\leo\paleorecipes\utils\NetworkConnectivityObserver.java, C:\Users\leoja\AndroidStudioProjects\PaleobyLeoRecipes\app\build\tmp\kapt3\stubs\release\com\leo\paleorecipes\utils\NetworkMonitor.java, C:\Users\leoja\AndroidStudioProjects\PaleobyLeoRecipes\app\build\tmp\kapt3\stubs\release\com\leo\paleorecipes\utils\NetworkUtils.java, C:\Users\leoja\AndroidStudioProjects\PaleobyLeoRecipes\app\build\tmp\kapt3\stubs\release\com\leo\paleorecipes\utils\PreferenceHelper.java, C:\Users\leoja\AndroidStudioProjects\PaleobyLeoRecipes\app\build\tmp\kapt3\stubs\release\com\leo\paleorecipes\utils\Resource.java, C:\Users\leoja\AndroidStudioProjects\PaleobyLeoRecipes\app\build\tmp\kapt3\stubs\release\com\leo\paleorecipes\utils\TestDispatcherProvider.java, C:\Users\leoja\AndroidStudioProjects\PaleobyLeoRecipes\app\build\tmp\kapt3\stubs\release\com\leo\paleorecipes\viewmodel\RecipeViewModel.java, C:\Users\leoja\AndroidStudioProjects\PaleobyLeoRecipes\app\build\tmp\kapt3\stubs\release\com\leo\paleorecipes\workers\ChildWorkerFactory.java, C:\Users\leoja\AndroidStudioProjects\PaleobyLeoRecipes\app\build\tmp\kapt3\stubs\release\com\leo\paleorecipes\workers\SyncRecipesWorker.java, C:\Users\leoja\AndroidStudioProjects\PaleobyLeoRecipes\app\build\tmp\kapt3\stubs\release\com\leo\paleorecipes\workers\WorkManagerHelper.java, C:\Users\leoja\AndroidStudioProjects\PaleobyLeoRecipes\app\build\tmp\kapt3\stubs\release\error\NonExistentClass.java
[INFO] Processing types with annotation processors: 
C:\Users\leoja\AndroidStudioProjects\PaleobyLeoRecipes\app\build\tmp\kapt3\stubs\release\com\leo\paleorecipes\data\RecipeDao.java:62: warning: Using @RewriteQueriesToDropUnusedColumns annotation when room.expandProjection compiler flag is enabled will disable expandProjection for queries covered with @RewriteQueriesToDropUnusedColumns.
    public abstract kotlinx.coroutines.flow.Flow<java.util.List<com.leo.paleorecipes.data.Recipe>> searchRecipes(@org.jetbrains.annotations.NotNull()
                                                                                                   ^
C:\Users\leoja\AndroidStudioProjects\PaleobyLeoRecipes\app\build\tmp\kapt3\stubs\release\com\leo\paleorecipes\data\RecipeDao.java:76: warning: Using @RewriteQueriesToDropUnusedColumns annotation when room.expandProjection compiler flag is enabled will disable expandProjection for queries covered with @RewriteQueriesToDropUnusedColumns.
    public abstract kotlinx.coroutines.flow.Flow<java.util.List<com.leo.paleorecipes.data.Recipe>> searchUserRecipes(@org.jetbrains.annotations.NotNull()
                                                                                                   ^
C:\Users\leoja\AndroidStudioProjects\PaleobyLeoRecipes\app\build\tmp\kapt3\stubs\release\com\leo\paleorecipes\data\RecipeDao.java:82: warning: Using @RewriteQueriesToDropUnusedColumns annotation when room.expandProjection compiler flag is enabled will disable expandProjection for queries covered with @RewriteQueriesToDropUnusedColumns.
    public abstract kotlinx.coroutines.flow.Flow<java.util.List<com.leo.paleorecipes.data.Recipe>> searchPaleoRecipes(@org.jetbrains.annotations.NotNull()
                                                                                                   ^
C:\Users\leoja\AndroidStudioProjects\PaleobyLeoRecipes\app\build\tmp\kapt3\stubs\release\com\leo\paleorecipes\data\RecipeDao.java:88: warning: Using @RewriteQueriesToDropUnusedColumns annotation when room.expandProjection compiler flag is enabled will disable expandProjection for queries covered with @RewriteQueriesToDropUnusedColumns.
    public abstract kotlinx.coroutines.flow.Flow<java.util.List<com.leo.paleorecipes.data.Recipe>> searchAllRecipes(@org.jetbrains.annotations.NotNull()
                                                                                                   ^
[INFO] Analyzing sources structure took 12[ms].
[INFO] Annotation processing complete, errors: 0, warnings: 4
[INFO] Annotation processor stats:
[INFO] dagger.hilt.processor.internal.uninstallmodules.UninstallModulesProcessor: total: 79 ms, init: 79 ms, 0 round(s): 
[INFO] dagger.hilt.processor.internal.aggregateddeps.AggregatedDepsProcessor: total: 344 ms, init: 0 ms, 4 round(s): 285 ms, 59 ms, 0 ms, 0 ms
[INFO] dagger.hilt.processor.internal.earlyentrypoint.EarlyEntryPointProcessor: total: 0 ms, init: 0 ms, 0 round(s): 
[INFO] dagger.hilt.android.processor.internal.customtestapplication.CustomTestApplicationProcessor: total: 0 ms, init: 0 ms, 0 round(s): 
[INFO] dagger.hilt.processor.internal.aliasof.AliasOfProcessor: total: 0 ms, init: 0 ms, 0 round(s): 
[INFO] dagger.hilt.processor.internal.originatingelement.OriginatingElementProcessor: total: 2 ms, init: 0 ms, 3 round(s): 1 ms, 0 ms, 1 ms
[INFO] dagger.hilt.processor.internal.root.RootProcessor: total: 17 ms, init: 3 ms, 4 round(s): 13 ms, 1 ms, 0 ms, 0 ms
[INFO] dagger.hilt.android.processor.internal.bindvalue.BindValueProcessor: total: 0 ms, init: 0 ms, 0 round(s): 
[INFO] dagger.hilt.processor.internal.root.ComponentTreeDepsProcessor: total: 1 ms, init: 1 ms, 0 round(s): 
[INFO] dagger.hilt.processor.internal.generatesrootinput.GeneratesRootInputProcessor: total: 0 ms, init: 0 ms, 0 round(s): 
[INFO] dagger.hilt.processor.internal.definecomponent.DefineComponentProcessor: total: 0 ms, init: 0 ms, 0 round(s): 
[INFO] dagger.hilt.android.processor.internal.viewmodel.ViewModelProcessor: total: 41 ms, init: 0 ms, 4 round(s): 41 ms, 0 ms, 0 ms, 0 ms
[INFO] dagger.hilt.android.processor.internal.androidentrypoint.AndroidEntryPointProcessor: total: 140 ms, init: 0 ms, 4 round(s): 140 ms, 0 ms, 0 ms, 0 ms
[INFO] androidx.hilt.AndroidXHiltProcessor: total: 14 ms, init: 0 ms, 4 round(s): 14 ms, 0 ms, 0 ms, 0 ms
[INFO] androidx.room.RoomProcessor: total: 1464 ms, init: 11 ms, 4 round(s): 1453 ms, 0 ms, 0 ms, 0 ms
[INFO] com.bumptech.glide.annotation.compiler.GlideAnnotationProcessor: total: 21 ms, init: 21 ms, 0 round(s): 
[INFO] android.databinding.annotationprocessor.ProcessDataBinding: total: 1284 ms, init: 7 ms, 4 round(s): 844 ms, 134 ms, 120 ms, 179 ms
[INFO] dagger.internal.codegen.ComponentProcessor: total: 1184 ms, init: 185 ms, 4 round(s): 909 ms, 81 ms, 7 ms, 2 ms
[INFO] Generated files report:
[INFO] dagger.hilt.processor.internal.uninstallmodules.UninstallModulesProcessor: total sources: 0, sources per round: 
[INFO] dagger.hilt.processor.internal.aggregateddeps.AggregatedDepsProcessor: total sources: 21, sources per round: 7, 14, 0, 0
[INFO] dagger.hilt.processor.internal.earlyentrypoint.EarlyEntryPointProcessor: total sources: 0, sources per round: 
[INFO] dagger.hilt.android.processor.internal.customtestapplication.CustomTestApplicationProcessor: total sources: 0, sources per round: 
[INFO] dagger.hilt.processor.internal.aliasof.AliasOfProcessor: total sources: 0, sources per round: 
[INFO] dagger.hilt.processor.internal.originatingelement.OriginatingElementProcessor: total sources: 14, sources per round: 14, 0, 0
[INFO] dagger.hilt.processor.internal.root.RootProcessor: total sources: 22, sources per round: 8, 14, 0, 0
[INFO] dagger.hilt.android.processor.internal.bindvalue.BindValueProcessor: total sources: 0, sources per round: 
[INFO] dagger.hilt.processor.internal.root.ComponentTreeDepsProcessor: total sources: 0, sources per round: 
[INFO] dagger.hilt.processor.internal.generatesrootinput.GeneratesRootInputProcessor: total sources: 0, sources per round: 
[INFO] dagger.hilt.processor.internal.definecomponent.DefineComponentProcessor: total sources: 0, sources per round: 
[INFO] dagger.hilt.android.processor.internal.viewmodel.ViewModelProcessor: total sources: 25, sources per round: 11, 14, 0, 0
[INFO] dagger.hilt.android.processor.internal.androidentrypoint.AndroidEntryPointProcessor: total sources: 38, sources per round: 24, 14, 0, 0
[INFO] androidx.hilt.AndroidXHiltProcessor: total sources: 40, sources per round: 26, 14, 0, 0
[INFO] androidx.room.RoomProcessor: total sources: 43, sources per round: 29, 14, 0, 0
[INFO] com.bumptech.glide.annotation.compiler.GlideAnnotationProcessor: total sources: 0, sources per round: 
[INFO] android.databinding.annotationprocessor.ProcessDataBinding: total sources: 48, sources per round: 34, 14, 0, 0
[INFO] dagger.internal.codegen.ComponentProcessor: total sources: 90, sources per round: 72, 18, 0, 0
File Object History : []
Open Type Names     : []
Gen. Src Names      : []
Gen. Cls Names      : []
Agg. Gen. Src Names : []
Agg. Gen. Cls Names : []
[INFO] Annotation processing took 5817 ms
Resolve mutations for :app:compileReleaseKotlin (Thread[#889,Execution worker Thread 3,5,main]) started.
:app:compileReleaseKotlin (Thread[#889,Execution worker Thread 3,5,main]) started.

> Task :app:compileDebugKotlin
Transforming R.jar with ClasspathEntrySnapshotTransform
Transforming databinding-runtime-8.1.0-api.jar with ClasspathEntrySnapshotTransform
Transforming viewbinding-8.1.0-api.jar with ClasspathEntrySnapshotTransform
Transforming databinding-adapters-8.1.0-api.jar with ClasspathEntrySnapshotTransform
Transforming databinding-common-8.1.0.jar with ClasspathEntrySnapshotTransform
Transforming databinding-ktx-8.1.0-api.jar with ClasspathEntrySnapshotTransform
Transforming navigation-common-2.7.6-api.jar with ClasspathEntrySnapshotTransform
Transforming navigation-common-ktx-2.7.6-api.jar with ClasspathEntrySnapshotTransform
Transforming navigation-runtime-2.7.6-api.jar with ClasspathEntrySnapshotTransform
Transforming navigation-runtime-ktx-2.7.6-api.jar with ClasspathEntrySnapshotTransform
Transforming navigation-fragment-2.7.6-api.jar with ClasspathEntrySnapshotTransform
Transforming navigation-fragment-ktx-2.7.6-api.jar with ClasspathEntrySnapshotTransform
Transforming navigation-ui-ktx-2.7.6-api.jar with ClasspathEntrySnapshotTransform
Transforming navigation-ui-2.7.6-api.jar with ClasspathEntrySnapshotTransform
Transforming material-1.11.0-api.jar with ClasspathEntrySnapshotTransform
Transforming appcompat-1.6.1-api.jar with ClasspathEntrySnapshotTransform
Transforming hilt-work-1.0.0-api.jar with ClasspathEntrySnapshotTransform
Transforming hilt-android-2.46.1-api.jar with ClasspathEntrySnapshotTransform
Transforming okhttp3-integration-4.16.0-api.jar with ClasspathEntrySnapshotTransform
Transforming glide-4.16.0-api.jar with ClasspathEntrySnapshotTransform
Transforming viewpager2-1.0.0-api.jar with ClasspathEntrySnapshotTransform
Transforming fragment-1.6.2-api.jar with ClasspathEntrySnapshotTransform
Transforming fragment-ktx-1.6.2-api.jar with ClasspathEntrySnapshotTransform
Transforming material3-1.1.2-api.jar with ClasspathEntrySnapshotTransform
Transforming material-icons-core-release-api.jar with ClasspathEntrySnapshotTransform
Transforming material-ripple-release-api.jar with ClasspathEntrySnapshotTransform
Transforming animation-core-release-api.jar with ClasspathEntrySnapshotTransform
Transforming animation-release-api.jar with ClasspathEntrySnapshotTransform
Transforming foundation-layout-release-api.jar with ClasspathEntrySnapshotTransform
Transforming foundation-release-api.jar with ClasspathEntrySnapshotTransform
Transforming runtime-saveable-release-api.jar with ClasspathEntrySnapshotTransform
Transforming ui-unit-release-api.jar with ClasspathEntrySnapshotTransform
Transforming ui-geometry-release-api.jar with ClasspathEntrySnapshotTransform
Transforming ui-text-release-api.jar with ClasspathEntrySnapshotTransform
Transforming ui-graphics-release-api.jar with ClasspathEntrySnapshotTransform
Transforming ui-tooling-data-release-api.jar with ClasspathEntrySnapshotTransform
Transforming runtime-release-api.jar with ClasspathEntrySnapshotTransform
Transforming runtime-livedata-1.5.4-api.jar with ClasspathEntrySnapshotTransform
Transforming lifecycle-livedata-core-2.7.0-api.jar with ClasspathEntrySnapshotTransform
Transforming lifecycle-common-2.7.0.jar with ClasspathEntrySnapshotTransform
Transforming lifecycle-viewmodel-savedstate-2.7.0-api.jar with ClasspathEntrySnapshotTransform
Transforming lifecycle-common-java8-2.7.0.jar with ClasspathEntrySnapshotTransform
Transforming lifecycle-livedata-core-ktx-2.7.0-api.jar with ClasspathEntrySnapshotTransform
Transforming dynamicanimation-1.0.0-api.jar with ClasspathEntrySnapshotTransform
Transforming legacy-support-core-utils-1.0.0-api.jar with ClasspathEntrySnapshotTransform
Transforming loader-1.0.0-api.jar with ClasspathEntrySnapshotTransform
Transforming lifecycle-viewmodel-2.7.0-api.jar with ClasspathEntrySnapshotTransform
Transforming lifecycle-service-2.7.0-api.jar with ClasspathEntrySnapshotTransform
Transforming lifecycle-process-2.7.0-api.jar with ClasspathEntrySnapshotTransform
Transforming work-runtime-ktx-2.9.0-api.jar with ClasspathEntrySnapshotTransform
Transforming work-runtime-2.9.0-api.jar with ClasspathEntrySnapshotTransform
Transforming lifecycle-livedata-2.7.0-api.jar with ClasspathEntrySnapshotTransform
Transforming lifecycle-runtime-ktx-2.7.0-api.jar with ClasspathEntrySnapshotTransform
Transforming appcompat-resources-1.6.1-api.jar with ClasspathEntrySnapshotTransform
Transforming drawerlayout-1.1.1-api.jar with ClasspathEntrySnapshotTransform
Transforming coordinatorlayout-1.1.0-api.jar with ClasspathEntrySnapshotTransform
Transforming recyclerview-1.1.0-api.jar with ClasspathEntrySnapshotTransform
Transforming transition-1.4.1-api.jar with ClasspathEntrySnapshotTransform
Transforming vectordrawable-animated-1.1.0-api.jar with ClasspathEntrySnapshotTransform
Transforming vectordrawable-1.1.0-api.jar with ClasspathEntrySnapshotTransform
Transforming viewpager-1.0.0-api.jar with ClasspathEntrySnapshotTransform
Transforming slidingpanelayout-1.2.0-api.jar with ClasspathEntrySnapshotTransform
Transforming customview-1.1.0-api.jar with ClasspathEntrySnapshotTransform
Transforming core-1.12.0-api.jar with ClasspathEntrySnapshotTransform
Transforming lifecycle-runtime-2.7.0-api.jar with ClasspathEntrySnapshotTransform
Transforming lifecycle-viewmodel-ktx-2.7.0-api.jar with ClasspathEntrySnapshotTransform
Transforming lifecycle-livedata-ktx-2.7.0-api.jar with ClasspathEntrySnapshotTransform
Transforming lifecycle-viewmodel-compose-2.7.0-api.jar with ClasspathEntrySnapshotTransform
Transforming ui-release-api.jar with ClasspathEntrySnapshotTransform
Transforming ui-tooling-preview-release-api.jar with ClasspathEntrySnapshotTransform
Transforming ui-tooling-release-api.jar with ClasspathEntrySnapshotTransform
Transforming ui-test-manifest-1.5.4-api.jar with ClasspathEntrySnapshotTransform
Transforming activity-1.8.2-api.jar with ClasspathEntrySnapshotTransform
Transforming activity-compose-1.8.2-api.jar with ClasspathEntrySnapshotTransform
Transforming activity-ktx-1.8.2-api.jar with ClasspathEntrySnapshotTransform
Transforming core-ktx-1.12.0-api.jar with ClasspathEntrySnapshotTransform
Transforming room-common-2.6.1.jar with ClasspathEntrySnapshotTransform
Transforming room-runtime-2.6.1-api.jar with ClasspathEntrySnapshotTransform
Transforming room-ktx-2.6.1-api.jar with ClasspathEntrySnapshotTransform
Transforming timber-5.0.1-api.jar with ClasspathEntrySnapshotTransform
Transforming savedstate-ktx-1.2.1-api.jar with ClasspathEntrySnapshotTransform
Transforming savedstate-1.2.1-api.jar with ClasspathEntrySnapshotTransform
Transforming annotation-experimental-1.3.0-api.jar with ClasspathEntrySnapshotTransform
Transforming collection-ktx-1.1.0.jar with ClasspathEntrySnapshotTransform
Transforming logging-interceptor-4.12.0.jar with ClasspathEntrySnapshotTransform
Transforming kotlinx-coroutines-core-jvm-1.7.1.jar with ClasspathEntrySnapshotTransform
Transforming kotlinx-coroutines-android-1.7.1.jar with ClasspathEntrySnapshotTransform
Transforming converter-gson-2.9.0.jar with ClasspathEntrySnapshotTransform
Transforming retrofit-2.9.0.jar with ClasspathEntrySnapshotTransform
Transforming okhttp-4.12.0.jar with ClasspathEntrySnapshotTransform
Transforming okio-jvm-3.6.0.jar with ClasspathEntrySnapshotTransform
Transforming kotlin-stdlib-jdk8-1.9.10.jar with ClasspathEntrySnapshotTransform
Transforming cursoradapter-1.0.0-api.jar with ClasspathEntrySnapshotTransform
Transforming cardview-1.0.0-api.jar with ClasspathEntrySnapshotTransform
Transforming sqlite-framework-2.4.0-api.jar with ClasspathEntrySnapshotTransform
Transforming sqlite-2.4.0-api.jar with ClasspathEntrySnapshotTransform
Transforming gifdecoder-4.16.0-api.jar with ClasspathEntrySnapshotTransform
Transforming core-runtime-2.2.0-api.jar with ClasspathEntrySnapshotTransform
Transforming core-common-2.2.0.jar with ClasspathEntrySnapshotTransform
Transforming versionedparcelable-1.1.1-api.jar with ClasspathEntrySnapshotTransform
Transforming collection-1.1.0.jar with ClasspathEntrySnapshotTransform
Transforming interpolator-1.0.0-api.jar with ClasspathEntrySnapshotTransform
Transforming documentfile-1.0.0-api.jar with ClasspathEntrySnapshotTransform
Transforming localbroadcastmanager-1.0.0-api.jar with ClasspathEntrySnapshotTransform
Transforming print-1.0.0-api.jar with ClasspathEntrySnapshotTransform
Transforming annotation-jvm-1.6.0.jar with ClasspathEntrySnapshotTransform
Transforming kotlin-stdlib-jdk7-1.9.10.jar with ClasspathEntrySnapshotTransform
Transforming kotlin-stdlib-1.9.21.jar with ClasspathEntrySnapshotTransform
Transforming annotations-23.0.0.jar with ClasspathEntrySnapshotTransform
Transforming startup-runtime-1.1.1-api.jar with ClasspathEntrySnapshotTransform
Transforming tracing-1.0.0-api.jar with ClasspathEntrySnapshotTransform
Transforming listenablefuture-1.0.jar with ClasspathEntrySnapshotTransform
Transforming resourceinspection-annotation-1.0.1.jar with ClasspathEntrySnapshotTransform
Transforming constraintlayout-2.1.4-api.jar with ClasspathEntrySnapshotTransform
Transforming hilt-core-2.46.1.jar with ClasspathEntrySnapshotTransform
Transforming dagger-2.46.1.jar with ClasspathEntrySnapshotTransform
Transforming javax.inject-1.jar with ClasspathEntrySnapshotTransform
Transforming dagger-lint-aar-2.46.1-api.jar with ClasspathEntrySnapshotTransform
Transforming jsr305-3.0.2.jar with ClasspathEntrySnapshotTransform
Transforming disklrucache-4.16.0.jar with ClasspathEntrySnapshotTransform
Transforming annotations-4.16.0.jar with ClasspathEntrySnapshotTransform
Transforming exifinterface-1.3.6-api.jar with ClasspathEntrySnapshotTransform
Transforming gson-2.8.5.jar with ClasspathEntrySnapshotTransform
Transforming hilt-common-1.0.0.jar with ClasspathEntrySnapshotTransform
Transforming android.jar with ClasspathEntrySnapshotTransform
Transforming core-lambda-stubs.jar with ClasspathEntrySnapshotTransform
Transforming debug with ClasspathEntrySnapshotTransform
Caching disabled for task ':app:compileDebugKotlin' because:
  Build cache is disabled
Task ':app:compileDebugKotlin' is not up-to-date because:
  Output property 'classpathSnapshotProperties.classpathSnapshotDir' file C:\Users\leoja\AndroidStudioProjects\PaleobyLeoRecipes\app\build\kotlin\compileDebugKotlin\classpath-snapshot has been removed.
  Output property 'classpathSnapshotProperties.classpathSnapshotDir' file C:\Users\leoja\AndroidStudioProjects\PaleobyLeoRecipes\app\build\kotlin\compileDebugKotlin\classpath-snapshot\shrunk-classpath-snapshot.bin has been removed.
  Output property 'destinationDirectory' file C:\Users\leoja\AndroidStudioProjects\PaleobyLeoRecipes\app\build\tmp\kotlin-classes\debug has been removed.
The input changes require a full rebuild for incremental task ':app:compileDebugKotlin'.
file or directory 'C:\Users\leoja\AndroidStudioProjects\PaleobyLeoRecipes\app\src\debug\kotlin', not found
file or directory 'C:\Users\leoja\AndroidStudioProjects\PaleobyLeoRecipes\app\src\debug\kotlin', not found
file or directory 'C:\Users\leoja\AndroidStudioProjects\PaleobyLeoRecipes\app\src\debug\java', not found
file or directory 'C:\Users\leoja\AndroidStudioProjects\PaleobyLeoRecipes\app\src\debug\kotlin', not found
file or directory 'C:\Users\leoja\AndroidStudioProjects\PaleobyLeoRecipes\app\src\debug\java', not found
file or directory 'C:\Users\leoja\AndroidStudioProjects\PaleobyLeoRecipes\app\src\debug\kotlin', not found
file or directory 'C:\Users\leoja\AndroidStudioProjects\PaleobyLeoRecipes\app\src\debug\kotlin', not found
file or directory 'C:\Users\leoja\AndroidStudioProjects\PaleobyLeoRecipes\app\src\debug\java', not found
file or directory 'C:\Users\leoja\AndroidStudioProjects\PaleobyLeoRecipes\app\src\debug\kotlin', not found
file or directory 'C:\Users\leoja\AndroidStudioProjects\PaleobyLeoRecipes\app\src\debug\java', not found
file or directory 'C:\Users\leoja\AndroidStudioProjects\PaleobyLeoRecipes\app\src\main\kotlin', not found
file or directory 'C:\Users\leoja\AndroidStudioProjects\PaleobyLeoRecipes\app\src\main\kotlin', not found
file or directory 'C:\Users\leoja\AndroidStudioProjects\PaleobyLeoRecipes\app\src\main\kotlin', not found
file or directory 'C:\Users\leoja\AndroidStudioProjects\PaleobyLeoRecipes\app\src\main\kotlin', not found
file or directory 'C:\Users\leoja\AndroidStudioProjects\PaleobyLeoRecipes\app\src\main\kotlin', not found
file or directory 'C:\Users\leoja\AndroidStudioProjects\PaleobyLeoRecipes\app\src\main\kotlin', not found
file or directory 'C:\Users\leoja\AndroidStudioProjects\PaleobyLeoRecipes\app\src\debug\java', not found
file or directory 'C:\Users\leoja\AndroidStudioProjects\PaleobyLeoRecipes\app\src\debug\kotlin', not found
file or directory 'C:\Users\leoja\AndroidStudioProjects\PaleobyLeoRecipes\app\src\debug\kotlin', not found
file or directory 'C:\Users\leoja\AndroidStudioProjects\PaleobyLeoRecipes\app\src\debug\java', not found
file or directory 'C:\Users\leoja\AndroidStudioProjects\PaleobyLeoRecipes\app\src\debug\kotlin', not found
file or directory 'C:\Users\leoja\AndroidStudioProjects\PaleobyLeoRecipes\app\src\debug\java', not found
file or directory 'C:\Users\leoja\AndroidStudioProjects\PaleobyLeoRecipes\app\src\debug\kotlin', not found
file or directory 'C:\Users\leoja\AndroidStudioProjects\PaleobyLeoRecipes\app\src\debug\kotlin', not found
file or directory 'C:\Users\leoja\AndroidStudioProjects\PaleobyLeoRecipes\app\src\debug\java', not found
file or directory 'C:\Users\leoja\AndroidStudioProjects\PaleobyLeoRecipes\app\src\debug\kotlin', not found
file or directory 'C:\Users\leoja\AndroidStudioProjects\PaleobyLeoRecipes\app\src\debug\java', not found
file or directory 'C:\Users\leoja\AndroidStudioProjects\PaleobyLeoRecipes\app\src\main\kotlin', not found
file or directory 'C:\Users\leoja\AndroidStudioProjects\PaleobyLeoRecipes\app\src\main\kotlin', not found
file or directory 'C:\Users\leoja\AndroidStudioProjects\PaleobyLeoRecipes\app\src\debug\kotlin', not found
file or directory 'C:\Users\leoja\AndroidStudioProjects\PaleobyLeoRecipes\app\src\debug\kotlin', not found
file or directory 'C:\Users\leoja\AndroidStudioProjects\PaleobyLeoRecipes\app\src\debug\java', not found
file or directory 'C:\Users\leoja\AndroidStudioProjects\PaleobyLeoRecipes\app\src\debug\kotlin', not found
file or directory 'C:\Users\leoja\AndroidStudioProjects\PaleobyLeoRecipes\app\src\debug\java', not found
file or directory 'C:\Users\leoja\AndroidStudioProjects\PaleobyLeoRecipes\app\src\debug\kotlin', not found
file or directory 'C:\Users\leoja\AndroidStudioProjects\PaleobyLeoRecipes\app\src\debug\kotlin', not found
file or directory 'C:\Users\leoja\AndroidStudioProjects\PaleobyLeoRecipes\app\src\debug\java', not found
file or directory 'C:\Users\leoja\AndroidStudioProjects\PaleobyLeoRecipes\app\src\debug\kotlin', not found
file or directory 'C:\Users\leoja\AndroidStudioProjects\PaleobyLeoRecipes\app\src\debug\java', not found
file or directory 'C:\Users\leoja\AndroidStudioProjects\PaleobyLeoRecipes\app\src\main\kotlin', not found
file or directory 'C:\Users\leoja\AndroidStudioProjects\PaleobyLeoRecipes\app\src\main\kotlin', not found
file or directory 'C:\Users\leoja\AndroidStudioProjects\PaleobyLeoRecipes\app\src\main\kotlin', not found
file or directory 'C:\Users\leoja\AndroidStudioProjects\PaleobyLeoRecipes\app\src\main\kotlin', not found
file or directory 'C:\Users\leoja\AndroidStudioProjects\PaleobyLeoRecipes\app\src\main\kotlin', not found
file or directory 'C:\Users\leoja\AndroidStudioProjects\PaleobyLeoRecipes\app\src\main\kotlin', not found
file or directory 'C:\Users\leoja\AndroidStudioProjects\PaleobyLeoRecipes\app\src\debug\java', not found
file or directory 'C:\Users\leoja\AndroidStudioProjects\PaleobyLeoRecipes\app\src\debug\kotlin', not found
file or directory 'C:\Users\leoja\AndroidStudioProjects\PaleobyLeoRecipes\app\src\debug\kotlin', not found
file or directory 'C:\Users\leoja\AndroidStudioProjects\PaleobyLeoRecipes\app\src\debug\java', not found
file or directory 'C:\Users\leoja\AndroidStudioProjects\PaleobyLeoRecipes\app\src\debug\kotlin', not found
file or directory 'C:\Users\leoja\AndroidStudioProjects\PaleobyLeoRecipes\app\src\debug\java', not found
file or directory 'C:\Users\leoja\AndroidStudioProjects\PaleobyLeoRecipes\app\src\debug\kotlin', not found
file or directory 'C:\Users\leoja\AndroidStudioProjects\PaleobyLeoRecipes\app\src\debug\kotlin', not found
file or directory 'C:\Users\leoja\AndroidStudioProjects\PaleobyLeoRecipes\app\src\debug\java', not found
file or directory 'C:\Users\leoja\AndroidStudioProjects\PaleobyLeoRecipes\app\src\debug\kotlin', not found
file or directory 'C:\Users\leoja\AndroidStudioProjects\PaleobyLeoRecipes\app\src\debug\java', not found
file or directory 'C:\Users\leoja\AndroidStudioProjects\PaleobyLeoRecipes\app\src\main\kotlin', not found
file or directory 'C:\Users\leoja\AndroidStudioProjects\PaleobyLeoRecipes\app\src\main\kotlin', not found
file or directory 'C:\Users\leoja\AndroidStudioProjects\PaleobyLeoRecipes\app\src\main\kotlin', not found
file or directory 'C:\Users\leoja\AndroidStudioProjects\PaleobyLeoRecipes\app\src\main\kotlin', not found
file or directory 'C:\Users\leoja\AndroidStudioProjects\PaleobyLeoRecipes\app\src\main\kotlin', not found
file or directory 'C:\Users\leoja\AndroidStudioProjects\PaleobyLeoRecipes\app\src\main\kotlin', not found
file or directory 'C:\Users\leoja\AndroidStudioProjects\PaleobyLeoRecipes\app\src\debug\java', not found
file or directory 'C:\Users\leoja\AndroidStudioProjects\PaleobyLeoRecipes\app\src\debug\kotlin', not found
file or directory 'C:\Users\leoja\AndroidStudioProjects\PaleobyLeoRecipes\app\src\debug\kotlin', not found
file or directory 'C:\Users\leoja\AndroidStudioProjects\PaleobyLeoRecipes\app\src\debug\java', not found
file or directory 'C:\Users\leoja\AndroidStudioProjects\PaleobyLeoRecipes\app\src\debug\kotlin', not found
file or directory 'C:\Users\leoja\AndroidStudioProjects\PaleobyLeoRecipes\app\src\debug\java', not found
file or directory 'C:\Users\leoja\AndroidStudioProjects\PaleobyLeoRecipes\app\src\debug\kotlin', not found
file or directory 'C:\Users\leoja\AndroidStudioProjects\PaleobyLeoRecipes\app\src\debug\kotlin', not found
file or directory 'C:\Users\leoja\AndroidStudioProjects\PaleobyLeoRecipes\app\src\debug\java', not found
file or directory 'C:\Users\leoja\AndroidStudioProjects\PaleobyLeoRecipes\app\src\debug\kotlin', not found
file or directory 'C:\Users\leoja\AndroidStudioProjects\PaleobyLeoRecipes\app\src\debug\java', not found
file or directory 'C:\Users\leoja\AndroidStudioProjects\PaleobyLeoRecipes\app\src\main\kotlin', not found
file or directory 'C:\Users\leoja\AndroidStudioProjects\PaleobyLeoRecipes\app\src\main\kotlin', not found
file or directory 'C:\Users\leoja\AndroidStudioProjects\PaleobyLeoRecipes\app\src\main\kotlin', not found
file or directory 'C:\Users\leoja\AndroidStudioProjects\PaleobyLeoRecipes\app\src\main\kotlin', not found
file or directory 'C:\Users\leoja\AndroidStudioProjects\PaleobyLeoRecipes\app\src\main\kotlin', not found
file or directory 'C:\Users\leoja\AndroidStudioProjects\PaleobyLeoRecipes\app\src\main\kotlin', not found
file or directory 'C:\Users\leoja\AndroidStudioProjects\PaleobyLeoRecipes\app\src\debug\java', not found
Kotlin source files: C:\Users\leoja\AndroidStudioProjects\PaleobyLeoRecipes\app\src\main\java\com\leo\paleorecipes\AboutActivity.kt, C:\Users\leoja\AndroidStudioProjects\PaleobyLeoRecipes\app\src\main\java\com\leo\paleorecipes\AboutPaleoActivity.kt, C:\Users\leoja\AndroidStudioProjects\PaleobyLeoRecipes\app\src\main\java\com\leo\paleorecipes\adapter\IngredientsAdapter.kt, C:\Users\leoja\AndroidStudioProjects\PaleobyLeoRecipes\app\src\main\java\com\leo\paleorecipes\adapter\RecipesAdapter.kt, C:\Users\leoja\AndroidStudioProjects\PaleobyLeoRecipes\app\src\main\java\com\leo\paleorecipes\AddEditRecipeActivity.kt, C:\Users\leoja\AndroidStudioProjects\PaleobyLeoRecipes\app\src\main\java\com\leo\paleorecipes\AddRecipeActivity.kt, C:\Users\leoja\AndroidStudioProjects\PaleobyLeoRecipes\app\src\main\java\com\leo\paleorecipes\BaseActivity.kt, C:\Users\leoja\AndroidStudioProjects\PaleobyLeoRecipes\app\src\main\java\com\leo\paleorecipes\data\api\ApiClient.kt, C:\Users\leoja\AndroidStudioProjects\PaleobyLeoRecipes\app\src\main\java\com\leo\paleorecipes\data\api\model\ApiModels.kt, C:\Users\leoja\AndroidStudioProjects\PaleobyLeoRecipes\app\src\main\java\com\leo\paleorecipes\data\api\SpoonacularApiService.kt, C:\Users\leoja\AndroidStudioProjects\PaleobyLeoRecipes\app\src\main\java\com\leo\paleorecipes\data\AppDatabase.kt, C:\Users\leoja\AndroidStudioProjects\PaleobyLeoRecipes\app\src\main\java\com\leo\paleorecipes\data\Converters.kt, C:\Users\leoja\AndroidStudioProjects\PaleobyLeoRecipes\app\src\main\java\com\leo\paleorecipes\data\local\dao\IngredientDao.kt, C:\Users\leoja\AndroidStudioProjects\PaleobyLeoRecipes\app\src\main\java\com\leo\paleorecipes\data\local\entity\IngredientEntity.kt, C:\Users\leoja\AndroidStudioProjects\PaleobyLeoRecipes\app\src\main\java\com\leo\paleorecipes\data\model\ApiModels.kt, C:\Users\leoja\AndroidStudioProjects\PaleobyLeoRecipes\app\src\main\java\com\leo\paleorecipes\data\model\RecipeResponse.kt, C:\Users\leoja\AndroidStudioProjects\PaleobyLeoRecipes\app\src\main\java\com\leo\paleorecipes\data\Recipe.kt, C:\Users\leoja\AndroidStudioProjects\PaleobyLeoRecipes\app\src\main\java\com\leo\paleorecipes\data\RecipeDao.kt, C:\Users\leoja\AndroidStudioProjects\PaleobyLeoRecipes\app\src\main\java\com\leo\paleorecipes\data\RecipeMapper.kt, C:\Users\leoja\AndroidStudioProjects\PaleobyLeoRecipes\app\src\main\java\com\leo\paleorecipes\data\repository\IngredientRepository.kt, C:\Users\leoja\AndroidStudioProjects\PaleobyLeoRecipes\app\src\main\java\com\leo\paleorecipes\data\repository\IngredientRepositoryImpl.kt, C:\Users\leoja\AndroidStudioProjects\PaleobyLeoRecipes\app\src\main\java\com\leo\paleorecipes\data\repository\RecipeRepository.kt, C:\Users\leoja\AndroidStudioProjects\PaleobyLeoRecipes\app\src\main\java\com\leo\paleorecipes\data\repository\RecipeRepositoryImpl.kt, C:\Users\leoja\AndroidStudioProjects\PaleobyLeoRecipes\app\src\main\java\com\leo\paleorecipes\di\AppModule.kt, C:\Users\leoja\AndroidStudioProjects\PaleobyLeoRecipes\app\src\main\java\com\leo\paleorecipes\di\DatabaseModule.kt, C:\Users\leoja\AndroidStudioProjects\PaleobyLeoRecipes\app\src\main\java\com\leo\paleorecipes\di\HiltWorkerFactory.kt, C:\Users\leoja\AndroidStudioProjects\PaleobyLeoRecipes\app\src\main\java\com\leo\paleorecipes\di\RepositoryModule.kt, C:\Users\leoja\AndroidStudioProjects\PaleobyLeoRecipes\app\src\main\java\com\leo\paleorecipes\di\TestModule.kt, C:\Users\leoja\AndroidStudioProjects\PaleobyLeoRecipes\app\src\main\java\com\leo\paleorecipes\di\WorkerHelperModule.kt, C:\Users\leoja\AndroidStudioProjects\PaleobyLeoRecipes\app\src\main\java\com\leo\paleorecipes\di\WorkerModule.kt, C:\Users\leoja\AndroidStudioProjects\PaleobyLeoRecipes\app\src\main\java\com\leo\paleorecipes\FridgeActivity.kt, C:\Users\leoja\AndroidStudioProjects\PaleobyLeoRecipes\app\src\main\java\com\leo\paleorecipes\MainActivity.kt, C:\Users\leoja\AndroidStudioProjects\PaleobyLeoRecipes\app\src\main\java\com\leo\paleorecipes\MainActivityCompose.kt, C:\Users\leoja\AndroidStudioProjects\PaleobyLeoRecipes\app\src\main\java\com\leo\paleorecipes\network\SpoonacularApi.kt, C:\Users\leoja\AndroidStudioProjects\PaleobyLeoRecipes\app\src\main\java\com\leo\paleorecipes\network\SpoonacularService.kt, C:\Users\leoja\AndroidStudioProjects\PaleobyLeoRecipes\app\src\main\java\com\leo\paleorecipes\PaleoRecipesApplication.kt, C:\Users\leoja\AndroidStudioProjects\PaleobyLeoRecipes\app\src\main\java\com\leo\paleorecipes\RecipeAdapter.kt, C:\Users\leoja\AndroidStudioProjects\PaleobyLeoRecipes\app\src\main\java\com\leo\paleorecipes\RecipeDetailActivity.kt, C:\Users\leoja\AndroidStudioProjects\PaleobyLeoRecipes\app\src\main\java\com\leo\paleorecipes\RecipeListActivity.kt, C:\Users\leoja\AndroidStudioProjects\PaleobyLeoRecipes\app\src\main\java\com\leo\paleorecipes\RecipePrintAdapter.kt, C:\Users\leoja\AndroidStudioProjects\PaleobyLeoRecipes\app\src\main\java\com\leo\paleorecipes\SettingsActivity.kt, C:\Users\leoja\AndroidStudioProjects\PaleobyLeoRecipes\app\src\main\java\com\leo\paleorecipes\SplashActivity.kt, C:\Users\leoja\AndroidStudioProjects\PaleobyLeoRecipes\app\src\main\java\com\leo\paleorecipes\ui\components\BlackTextInputEditText.kt, C:\Users\leoja\AndroidStudioProjects\PaleobyLeoRecipes\app\src\main\java\com\leo\paleorecipes\ui\fridge\FridgeFragment.kt, C:\Users\leoja\AndroidStudioProjects\PaleobyLeoRecipes\app\src\main\java\com\leo\paleorecipes\ui\fridge\FridgeViewModel.kt, C:\Users\leoja\AndroidStudioProjects\PaleobyLeoRecipes\app\src\main\java\com\leo\paleorecipes\ui\search\RecipeSearchActivity.kt, C:\Users\leoja\AndroidStudioProjects\PaleobyLeoRecipes\app\src\main\java\com\leo\paleorecipes\ui\search\RecipeSearchFragment.kt, C:\Users\leoja\AndroidStudioProjects\PaleobyLeoRecipes\app\src\main\java\com\leo\paleorecipes\ui\search\RecipeSearchViewModel.kt, C:\Users\leoja\AndroidStudioProjects\PaleobyLeoRecipes\app\src\main\java\com\leo\paleorecipes\ui\theme\Colors.kt, C:\Users\leoja\AndroidStudioProjects\PaleobyLeoRecipes\app\src\main\java\com\leo\paleorecipes\ui\theme\Theme.kt, C:\Users\leoja\AndroidStudioProjects\PaleobyLeoRecipes\app\src\main\java\com\leo\paleorecipes\ui\theme\Type.kt, C:\Users\leoja\AndroidStudioProjects\PaleobyLeoRecipes\app\src\main\java\com\leo\paleorecipes\util\SingleLiveEvent.kt, C:\Users\leoja\AndroidStudioProjects\PaleobyLeoRecipes\app\src\main\java\com\leo\paleorecipes\utils\ApiErrorHandler.kt, C:\Users\leoja\AndroidStudioProjects\PaleobyLeoRecipes\app\src\main\java\com\leo\paleorecipes\utils\ApiResponse.kt, C:\Users\leoja\AndroidStudioProjects\PaleobyLeoRecipes\app\src\main\java\com\leo\paleorecipes\utils\ConnectivityManagerNetworkMonitor.kt, C:\Users\leoja\AndroidStudioProjects\PaleobyLeoRecipes\app\src\main\java\com\leo\paleorecipes\utils\CoroutineDispatchers.kt, C:\Users\leoja\AndroidStudioProjects\PaleobyLeoRecipes\app\src\main\java\com\leo\paleorecipes\utils\DateTimeUtils.kt, C:\Users\leoja\AndroidStudioProjects\PaleobyLeoRecipes\app\src\main\java\com\leo\paleorecipes\utils\FileUtils.kt, C:\Users\leoja\AndroidStudioProjects\PaleobyLeoRecipes\app\src\main\java\com\leo\paleorecipes\utils\ImageLoader.kt, C:\Users\leoja\AndroidStudioProjects\PaleobyLeoRecipes\app\src\main\java\com\leo\paleorecipes\utils\ImageUtils.kt, C:\Users\leoja\AndroidStudioProjects\PaleobyLeoRecipes\app\src\main\java\com\leo\paleorecipes\utils\NetworkConnectivityObserver.kt, C:\Users\leoja\AndroidStudioProjects\PaleobyLeoRecipes\app\src\main\java\com\leo\paleorecipes\utils\NetworkMonitor.kt, C:\Users\leoja\AndroidStudioProjects\PaleobyLeoRecipes\app\src\main\java\com\leo\paleorecipes\utils\NetworkUtils.kt, C:\Users\leoja\AndroidStudioProjects\PaleobyLeoRecipes\app\src\main\java\com\leo\paleorecipes\utils\PreferenceHelper.kt, C:\Users\leoja\AndroidStudioProjects\PaleobyLeoRecipes\app\src\main\java\com\leo\paleorecipes\utils\Resource.kt, C:\Users\leoja\AndroidStudioProjects\PaleobyLeoRecipes\app\src\main\java\com\leo\paleorecipes\viewmodel\RecipeViewModel.kt, C:\Users\leoja\AndroidStudioProjects\PaleobyLeoRecipes\app\src\main\java\com\leo\paleorecipes\workers\ChildWorkerFactory.kt, C:\Users\leoja\AndroidStudioProjects\PaleobyLeoRecipes\app\src\main\java\com\leo\paleorecipes\workers\SyncRecipesWorker.kt, C:\Users\leoja\AndroidStudioProjects\PaleobyLeoRecipes\app\src\main\java\com\leo\paleorecipes\workers\WorkManagerHelper.kt
Java source files: C:\Users\leoja\AndroidStudioProjects\PaleobyLeoRecipes\app\build\generated\source\buildConfig\debug\com\leo\paleorecipes\BuildConfig.java, C:\Users\leoja\AndroidStudioProjects\PaleobyLeoRecipes\app\build\generated\data_binding_base_class_source_out\debug\out\com\leo\paleorecipes\databinding\ActivityAboutPaleoBinding.java, C:\Users\leoja\AndroidStudioProjects\PaleobyLeoRecipes\app\build\generated\data_binding_base_class_source_out\debug\out\com\leo\paleorecipes\databinding\ActivityAddEditRecipeBinding.java, C:\Users\leoja\AndroidStudioProjects\PaleobyLeoRecipes\app\build\generated\data_binding_base_class_source_out\debug\out\com\leo\paleorecipes\databinding\ActivityAddRecipeBinding.java, C:\Users\leoja\AndroidStudioProjects\PaleobyLeoRecipes\app\build\generated\data_binding_base_class_source_out\debug\out\com\leo\paleorecipes\databinding\ActivityFridgeBinding.java, C:\Users\leoja\AndroidStudioProjects\PaleobyLeoRecipes\app\build\generated\data_binding_base_class_source_out\debug\out\com\leo\paleorecipes\databinding\ActivityMainBinding.java, C:\Users\leoja\AndroidStudioProjects\PaleobyLeoRecipes\app\build\generated\data_binding_base_class_source_out\debug\out\com\leo\paleorecipes\databinding\ActivityMainSimpleBinding.java, C:\Users\leoja\AndroidStudioProjects\PaleobyLeoRecipes\app\build\generated\data_binding_base_class_source_out\debug\out\com\leo\paleorecipes\databinding\ActivityRecipeDetailBinding.java, C:\Users\leoja\AndroidStudioProjects\PaleobyLeoRecipes\app\build\generated\data_binding_base_class_source_out\debug\out\com\leo\paleorecipes\databinding\ActivityRecipeDetailNewBinding.java, C:\Users\leoja\AndroidStudioProjects\PaleobyLeoRecipes\app\build\generated\data_binding_base_class_source_out\debug\out\com\leo\paleorecipes\databinding\ActivityRecipeListBinding.java, C:\Users\leoja\AndroidStudioProjects\PaleobyLeoRecipes\app\build\generated\data_binding_base_class_source_out\debug\out\com\leo\paleorecipes\databinding\ActivityRecipeSearchContainerBinding.java, C:\Users\leoja\AndroidStudioProjects\PaleobyLeoRecipes\app\build\generated\data_binding_base_class_source_out\debug\out\com\leo\paleorecipes\databinding\ActivitySettingsBinding.java, C:\Users\leoja\AndroidStudioProjects\PaleobyLeoRecipes\app\build\generated\data_binding_base_class_source_out\debug\out\com\leo\paleorecipes\databinding\ActivitySplashBinding.java, C:\Users\leoja\AndroidStudioProjects\PaleobyLeoRecipes\app\build\generated\data_binding_base_class_source_out\debug\out\com\leo\paleorecipes\databinding\CustomPopupMenuBinding.java, C:\Users\leoja\AndroidStudioProjects\PaleobyLeoRecipes\app\build\generated\data_binding_base_class_source_out\debug\out\com\leo\paleorecipes\databinding\FragmentFridgeBinding.java, C:\Users\leoja\AndroidStudioProjects\PaleobyLeoRecipes\app\build\generated\data_binding_base_class_source_out\debug\out\com\leo\paleorecipes\databinding\FragmentRecipeSearchBinding.java, C:\Users\leoja\AndroidStudioProjects\PaleobyLeoRecipes\app\build\generated\data_binding_base_class_source_out\debug\out\com\leo\paleorecipes\databinding\FragmentRecipeSearchListBinding.java, C:\Users\leoja\AndroidStudioProjects\PaleobyLeoRecipes\app\build\generated\data_binding_base_class_source_out\debug\out\com\leo\paleorecipes\databinding\ItemIngredientBinding.java, C:\Users\leoja\AndroidStudioProjects\PaleobyLeoRecipes\app\build\generated\data_binding_base_class_source_out\debug\out\com\leo\paleorecipes\databinding\ItemRecipeBasicBinding.java, C:\Users\leoja\AndroidStudioProjects\PaleobyLeoRecipes\app\build\generated\data_binding_base_class_source_out\debug\out\com\leo\paleorecipes\databinding\ItemRecipeBinding.java, C:\Users\leoja\AndroidStudioProjects\PaleobyLeoRecipes\app\build\generated\data_binding_base_class_source_out\debug\out\com\leo\paleorecipes\databinding\ItemRecipeSimpleBinding.java, C:\Users\leoja\AndroidStudioProjects\PaleobyLeoRecipes\app\build\generated\data_binding_base_class_source_out\debug\out\com\leo\paleorecipes\databinding\PopupMenuItemBinding.java, C:\Users\leoja\AndroidStudioProjects\PaleobyLeoRecipes\app\build\generated\data_binding_base_class_source_out\debug\out\com\leo\paleorecipes\databinding\PrintRecipeDetailBinding.java, C:\Users\leoja\AndroidStudioProjects\PaleobyLeoRecipes\app\build\generated\data_binding_trigger\debug\com\leo\paleorecipes\DataBindingTriggerClass.java, C:\Users\leoja\AndroidStudioProjects\PaleobyLeoRecipes\app\build\generated\source\kapt\debug\androidx\databinding\DataBinderMapperImpl.java, C:\Users\leoja\AndroidStudioProjects\PaleobyLeoRecipes\app\build\generated\source\kapt\debug\androidx\databinding\DataBindingComponent.java, C:\Users\leoja\AndroidStudioProjects\PaleobyLeoRecipes\app\build\generated\source\kapt\debug\androidx\databinding\library\baseAdapters\BR.java, C:\Users\leoja\AndroidStudioProjects\PaleobyLeoRecipes\app\build\generated\source\kapt\debug\com\leo\paleorecipes\AddEditRecipeActivity_GeneratedInjector.java, C:\Users\leoja\AndroidStudioProjects\PaleobyLeoRecipes\app\build\generated\source\kapt\debug\com\leo\paleorecipes\AddRecipeActivity_GeneratedInjector.java, C:\Users\leoja\AndroidStudioProjects\PaleobyLeoRecipes\app\build\generated\source\kapt\debug\com\leo\paleorecipes\AddRecipeActivity_MembersInjector.java, C:\Users\leoja\AndroidStudioProjects\PaleobyLeoRecipes\app\build\generated\source\kapt\debug\com\leo\paleorecipes\BR.java, C:\Users\leoja\AndroidStudioProjects\PaleobyLeoRecipes\app\build\generated\source\kapt\debug\com\leo\paleorecipes\data\api\ApiClient_Factory.java, C:\Users\leoja\AndroidStudioProjects\PaleobyLeoRecipes\app\build\generated\source\kapt\debug\com\leo\paleorecipes\data\AppDatabase_Impl.java, C:\Users\leoja\AndroidStudioProjects\PaleobyLeoRecipes\app\build\generated\source\kapt\debug\com\leo\paleorecipes\data\local\dao\IngredientDao_Impl.java, C:\Users\leoja\AndroidStudioProjects\PaleobyLeoRecipes\app\build\generated\source\kapt\debug\com\leo\paleorecipes\data\RecipeDao_Impl.java, C:\Users\leoja\AndroidStudioProjects\PaleobyLeoRecipes\app\build\generated\source\kapt\debug\com\leo\paleorecipes\data\repository\IngredientRepositoryImpl_Factory.java, C:\Users\leoja\AndroidStudioProjects\PaleobyLeoRecipes\app\build\generated\source\kapt\debug\com\leo\paleorecipes\data\repository\RecipeRepositoryImpl_Factory.java, C:\Users\leoja\AndroidStudioProjects\PaleobyLeoRecipes\app\build\generated\source\kapt\debug\com\leo\paleorecipes\DataBinderMapperImpl.java, C:\Users\leoja\AndroidStudioProjects\PaleobyLeoRecipes\app\build\generated\source\kapt\debug\com\leo\paleorecipes\di\AppModule_ProvideApiClientFactory.java, C:\Users\leoja\AndroidStudioProjects\PaleobyLeoRecipes\app\build\generated\source\kapt\debug\com\leo\paleorecipes\di\AppModule_ProvideAppDatabaseFactory.java, C:\Users\leoja\AndroidStudioProjects\PaleobyLeoRecipes\app\build\generated\source\kapt\debug\com\leo\paleorecipes\di\AppModule_ProvideIoDispatcherFactory.java, C:\Users\leoja\AndroidStudioProjects\PaleobyLeoRecipes\app\build\generated\source\kapt\debug\com\leo\paleorecipes\di\AppModule_ProvideMainDispatcherFactory.java, C:\Users\leoja\AndroidStudioProjects\PaleobyLeoRecipes\app\build\generated\source\kapt\debug\com\leo\paleorecipes\di\AppModule_ProvideNetworkMonitorFactory.java, C:\Users\leoja\AndroidStudioProjects\PaleobyLeoRecipes\app\build\generated\source\kapt\debug\com\leo\paleorecipes\di\AppModule_ProvideOkHttpClientFactory.java, C:\Users\leoja\AndroidStudioProjects\PaleobyLeoRecipes\app\build\generated\source\kapt\debug\com\leo\paleorecipes\di\AppModule_ProvideRecipeDaoFactory.java, C:\Users\leoja\AndroidStudioProjects\PaleobyLeoRecipes\app\build\generated\source\kapt\debug\com\leo\paleorecipes\di\AppModule_ProvideRecipeRepositoryFactory.java, C:\Users\leoja\AndroidStudioProjects\PaleobyLeoRecipes\app\build\generated\source\kapt\debug\com\leo\paleorecipes\di\AppModule_ProvideRetrofitFactory.java, C:\Users\leoja\AndroidStudioProjects\PaleobyLeoRecipes\app\build\generated\source\kapt\debug\com\leo\paleorecipes\di\AppModule_ProvideSpoonacularApiServiceFactory.java, C:\Users\leoja\AndroidStudioProjects\PaleobyLeoRecipes\app\build\generated\source\kapt\debug\com\leo\paleorecipes\di\AppModule_ProvideWorkManagerFactory.java, C:\Users\leoja\AndroidStudioProjects\PaleobyLeoRecipes\app\build\generated\source\kapt\debug\com\leo\paleorecipes\di\DatabaseModule_ProvideAppDatabaseFactory.java, C:\Users\leoja\AndroidStudioProjects\PaleobyLeoRecipes\app\build\generated\source\kapt\debug\com\leo\paleorecipes\di\DatabaseModule_ProvideIngredientDaoFactory.java, C:\Users\leoja\AndroidStudioProjects\PaleobyLeoRecipes\app\build\generated\source\kapt\debug\com\leo\paleorecipes\di\DatabaseModule_ProvideIngredientRepositoryFactory.java, C:\Users\leoja\AndroidStudioProjects\PaleobyLeoRecipes\app\build\generated\source\kapt\debug\com\leo\paleorecipes\di\DatabaseModule_ProvideRecipeDaoFactory.java, C:\Users\leoja\AndroidStudioProjects\PaleobyLeoRecipes\app\build\generated\source\kapt\debug\com\leo\paleorecipes\di\HiltWorkerFactory_Factory.java, C:\Users\leoja\AndroidStudioProjects\PaleobyLeoRecipes\app\build\generated\source\kapt\debug\com\leo\paleorecipes\di\TestModule_ProvideTestStringFactory.java, C:\Users\leoja\AndroidStudioProjects\PaleobyLeoRecipes\app\build\generated\source\kapt\debug\com\leo\paleorecipes\di\WorkerFactoryModule_Companion_ProvideHiltWorkerFactoryFactory.java, C:\Users\leoja\AndroidStudioProjects\PaleobyLeoRecipes\app\build\generated\source\kapt\debug\com\leo\paleorecipes\di\WorkerHelperModule_ProvideWorkManagerFactory.java, C:\Users\leoja\AndroidStudioProjects\PaleobyLeoRecipes\app\build\generated\source\kapt\debug\com\leo\paleorecipes\di\WorkerHelperModule_ProvideWorkManagerHelperFactory.java, C:\Users\leoja\AndroidStudioProjects\PaleobyLeoRecipes\app\build\generated\source\kapt\debug\com\leo\paleorecipes\di\WorkerModule_Companion_ProvideWorkManagerFactory.java, C:\Users\leoja\AndroidStudioProjects\PaleobyLeoRecipes\app\build\generated\source\kapt\debug\com\leo\paleorecipes\Hilt_AddEditRecipeActivity.java, C:\Users\leoja\AndroidStudioProjects\PaleobyLeoRecipes\app\build\generated\source\kapt\debug\com\leo\paleorecipes\Hilt_AddRecipeActivity.java, C:\Users\leoja\AndroidStudioProjects\PaleobyLeoRecipes\app\build\generated\source\kapt\debug\com\leo\paleorecipes\Hilt_RecipeListActivity.java, C:\Users\leoja\AndroidStudioProjects\PaleobyLeoRecipes\app\build\generated\source\kapt\debug\com\leo\paleorecipes\network\SpoonacularApi_Factory.java, C:\Users\leoja\AndroidStudioProjects\PaleobyLeoRecipes\app\build\generated\source\kapt\debug\com\leo\paleorecipes\PaleoRecipesApplication_GeneratedInjector.java, C:\Users\leoja\AndroidStudioProjects\PaleobyLeoRecipes\app\build\generated\source\kapt\debug\com\leo\paleorecipes\PaleoRecipesApplication_MembersInjector.java, C:\Users\leoja\AndroidStudioProjects\PaleobyLeoRecipes\app\build\generated\source\kapt\debug\com\leo\paleorecipes\RecipeListActivity_GeneratedInjector.java, C:\Users\leoja\AndroidStudioProjects\PaleobyLeoRecipes\app\build\generated\source\kapt\debug\com\leo\paleorecipes\ui\fridge\FridgeFragment_GeneratedInjector.java, C:\Users\leoja\AndroidStudioProjects\PaleobyLeoRecipes\app\build\generated\source\kapt\debug\com\leo\paleorecipes\ui\fridge\FridgeViewModel_Factory.java, C:\Users\leoja\AndroidStudioProjects\PaleobyLeoRecipes\app\build\generated\source\kapt\debug\com\leo\paleorecipes\ui\fridge\FridgeViewModel_HiltModules.java, C:\Users\leoja\AndroidStudioProjects\PaleobyLeoRecipes\app\build\generated\source\kapt\debug\com\leo\paleorecipes\ui\fridge\FridgeViewModel_HiltModules_KeyModule_ProvideFactory.java, C:\Users\leoja\AndroidStudioProjects\PaleobyLeoRecipes\app\build\generated\source\kapt\debug\com\leo\paleorecipes\ui\fridge\Hilt_FridgeFragment.java, C:\Users\leoja\AndroidStudioProjects\PaleobyLeoRecipes\app\build\generated\source\kapt\debug\com\leo\paleorecipes\ui\search\Hilt_RecipeSearchActivity.java, C:\Users\leoja\AndroidStudioProjects\PaleobyLeoRecipes\app\build\generated\source\kapt\debug\com\leo\paleorecipes\ui\search\Hilt_RecipeSearchFragment.java, C:\Users\leoja\AndroidStudioProjects\PaleobyLeoRecipes\app\build\generated\source\kapt\debug\com\leo\paleorecipes\ui\search\RecipeSearchActivity_GeneratedInjector.java, C:\Users\leoja\AndroidStudioProjects\PaleobyLeoRecipes\app\build\generated\source\kapt\debug\com\leo\paleorecipes\ui\search\RecipeSearchFragment_GeneratedInjector.java, C:\Users\leoja\AndroidStudioProjects\PaleobyLeoRecipes\app\build\generated\source\kapt\debug\com\leo\paleorecipes\ui\search\RecipeSearchViewModel_Factory.java, C:\Users\leoja\AndroidStudioProjects\PaleobyLeoRecipes\app\build\generated\source\kapt\debug\com\leo\paleorecipes\ui\search\RecipeSearchViewModel_HiltModules.java, C:\Users\leoja\AndroidStudioProjects\PaleobyLeoRecipes\app\build\generated\source\kapt\debug\com\leo\paleorecipes\ui\search\RecipeSearchViewModel_HiltModules_KeyModule_ProvideFactory.java, C:\Users\leoja\AndroidStudioProjects\PaleobyLeoRecipes\app\build\generated\source\kapt\debug\com\leo\paleorecipes\utils\DateTimeUtils_Factory.java, C:\Users\leoja\AndroidStudioProjects\PaleobyLeoRecipes\app\build\generated\source\kapt\debug\com\leo\paleorecipes\utils\FileUtils_Factory.java, C:\Users\leoja\AndroidStudioProjects\PaleobyLeoRecipes\app\build\generated\source\kapt\debug\com\leo\paleorecipes\utils\ImageLoader_Factory.java, C:\Users\leoja\AndroidStudioProjects\PaleobyLeoRecipes\app\build\generated\source\kapt\debug\com\leo\paleorecipes\utils\NetworkConnectivityObserver_Factory.java, C:\Users\leoja\AndroidStudioProjects\PaleobyLeoRecipes\app\build\generated\source\kapt\debug\com\leo\paleorecipes\utils\PreferenceHelper_Factory.java, C:\Users\leoja\AndroidStudioProjects\PaleobyLeoRecipes\app\build\generated\source\kapt\debug\com\leo\paleorecipes\viewmodel\RecipeViewModel_Factory.java, C:\Users\leoja\AndroidStudioProjects\PaleobyLeoRecipes\app\build\generated\source\kapt\debug\com\leo\paleorecipes\viewmodel\RecipeViewModel_HiltModules.java, C:\Users\leoja\AndroidStudioProjects\PaleobyLeoRecipes\app\build\generated\source\kapt\debug\com\leo\paleorecipes\viewmodel\RecipeViewModel_HiltModules_KeyModule_ProvideFactory.java, C:\Users\leoja\AndroidStudioProjects\PaleobyLeoRecipes\app\build\generated\source\kapt\debug\com\leo\paleorecipes\workers\SyncRecipesWorker_AssistedFactory.java, C:\Users\leoja\AndroidStudioProjects\PaleobyLeoRecipes\app\build\generated\source\kapt\debug\com\leo\paleorecipes\workers\SyncRecipesWorker_AssistedFactory_Impl.java, C:\Users\leoja\AndroidStudioProjects\PaleobyLeoRecipes\app\build\generated\source\kapt\debug\com\leo\paleorecipes\workers\SyncRecipesWorker_Factory.java, C:\Users\leoja\AndroidStudioProjects\PaleobyLeoRecipes\app\build\generated\source\kapt\debug\com\leo\paleorecipes\workers\SyncRecipesWorker_Factory_Impl.java, C:\Users\leoja\AndroidStudioProjects\PaleobyLeoRecipes\app\build\generated\source\kapt\debug\com\leo\paleorecipes\workers\SyncRecipesWorker_HiltModule.java, C:\Users\leoja\AndroidStudioProjects\PaleobyLeoRecipes\app\build\generated\source\kapt\debug\com\leo\paleorecipes\workers\WorkManagerHelper_Factory.java, C:\Users\leoja\AndroidStudioProjects\PaleobyLeoRecipes\app\build\generated\source\kapt\debug\dagger\hilt\internal\aggregatedroot\codegen\_com_leo_paleorecipes_PaleoRecipesApplication.java, C:\Users\leoja\AndroidStudioProjects\PaleobyLeoRecipes\app\build\generated\source\kapt\debug\hilt_aggregated_deps\_com_leo_paleorecipes_AddEditRecipeActivity_GeneratedInjector.java, C:\Users\leoja\AndroidStudioProjects\PaleobyLeoRecipes\app\build\generated\source\kapt\debug\hilt_aggregated_deps\_com_leo_paleorecipes_AddRecipeActivity_GeneratedInjector.java, C:\Users\leoja\AndroidStudioProjects\PaleobyLeoRecipes\app\build\generated\source\kapt\debug\hilt_aggregated_deps\_com_leo_paleorecipes_di_AppModule.java, C:\Users\leoja\AndroidStudioProjects\PaleobyLeoRecipes\app\build\generated\source\kapt\debug\hilt_aggregated_deps\_com_leo_paleorecipes_di_DatabaseModule.java, C:\Users\leoja\AndroidStudioProjects\PaleobyLeoRecipes\app\build\generated\source\kapt\debug\hilt_aggregated_deps\_com_leo_paleorecipes_di_RepositoryModule.java, C:\Users\leoja\AndroidStudioProjects\PaleobyLeoRecipes\app\build\generated\source\kapt\debug\hilt_aggregated_deps\_com_leo_paleorecipes_di_TestModule.java, C:\Users\leoja\AndroidStudioProjects\PaleobyLeoRecipes\app\build\generated\source\kapt\debug\hilt_aggregated_deps\_com_leo_paleorecipes_di_WorkerFactoryModule.java, C:\Users\leoja\AndroidStudioProjects\PaleobyLeoRecipes\app\build\generated\source\kapt\debug\hilt_aggregated_deps\_com_leo_paleorecipes_di_WorkerHelperModule.java, C:\Users\leoja\AndroidStudioProjects\PaleobyLeoRecipes\app\build\generated\source\kapt\debug\hilt_aggregated_deps\_com_leo_paleorecipes_di_WorkerModule.java, C:\Users\leoja\AndroidStudioProjects\PaleobyLeoRecipes\app\build\generated\source\kapt\debug\hilt_aggregated_deps\_com_leo_paleorecipes_PaleoRecipesApplication_GeneratedInjector.java, C:\Users\leoja\AndroidStudioProjects\PaleobyLeoRecipes\app\build\generated\source\kapt\debug\hilt_aggregated_deps\_com_leo_paleorecipes_RecipeListActivity_GeneratedInjector.java, C:\Users\leoja\AndroidStudioProjects\PaleobyLeoRecipes\app\build\generated\source\kapt\debug\hilt_aggregated_deps\_com_leo_paleorecipes_ui_fridge_FridgeFragment_GeneratedInjector.java, C:\Users\leoja\AndroidStudioProjects\PaleobyLeoRecipes\app\build\generated\source\kapt\debug\hilt_aggregated_deps\_com_leo_paleorecipes_ui_fridge_FridgeViewModel_HiltModules_BindsModule.java, C:\Users\leoja\AndroidStudioProjects\PaleobyLeoRecipes\app\build\generated\source\kapt\debug\hilt_aggregated_deps\_com_leo_paleorecipes_ui_fridge_FridgeViewModel_HiltModules_KeyModule.java, C:\Users\leoja\AndroidStudioProjects\PaleobyLeoRecipes\app\build\generated\source\kapt\debug\hilt_aggregated_deps\_com_leo_paleorecipes_ui_search_RecipeSearchActivity_GeneratedInjector.java, C:\Users\leoja\AndroidStudioProjects\PaleobyLeoRecipes\app\build\generated\source\kapt\debug\hilt_aggregated_deps\_com_leo_paleorecipes_ui_search_RecipeSearchFragment_GeneratedInjector.java, C:\Users\leoja\AndroidStudioProjects\PaleobyLeoRecipes\app\build\generated\source\kapt\debug\hilt_aggregated_deps\_com_leo_paleorecipes_ui_search_RecipeSearchViewModel_HiltModules_BindsModule.java, C:\Users\leoja\AndroidStudioProjects\PaleobyLeoRecipes\app\build\generated\source\kapt\debug\hilt_aggregated_deps\_com_leo_paleorecipes_ui_search_RecipeSearchViewModel_HiltModules_KeyModule.java, C:\Users\leoja\AndroidStudioProjects\PaleobyLeoRecipes\app\build\generated\source\kapt\debug\hilt_aggregated_deps\_com_leo_paleorecipes_viewmodel_RecipeViewModel_HiltModules_BindsModule.java, C:\Users\leoja\AndroidStudioProjects\PaleobyLeoRecipes\app\build\generated\source\kapt\debug\hilt_aggregated_deps\_com_leo_paleorecipes_viewmodel_RecipeViewModel_HiltModules_KeyModule.java, C:\Users\leoja\AndroidStudioProjects\PaleobyLeoRecipes\app\build\generated\source\kapt\debug\hilt_aggregated_deps\_com_leo_paleorecipes_workers_SyncRecipesWorker_HiltModule.java
Script source files: 
Script file extensions: 
Using Kotlin/JVM incremental compilation
[KOTLIN] Kotlin compilation 'jdkHome' argument: null
i: found daemon on port 17278 (16069858 ms old), trying to connect
i: connected to the daemon
Options for KOTLIN DAEMON: IncrementalCompilationOptions(super=CompilationOptions(compilerMode=INCREMENTAL_COMPILER, targetPlatform=JVM, reportCategories=[0, 3], reportSeverity=2, requestedCompilationResults=[0], kotlinScriptExtensions=[]), areFileChangesKnown=false, modifiedFiles=null, deletedFiles=null, classpathChanges=NotAvailableForNonIncrementalRun, workingDir=C:\Users\leoja\AndroidStudioProjects\PaleobyLeoRecipes\app\build\kotlin\compileDebugKotlin\cacheable, multiModuleICSettings=MultiModuleICSettings(buildHistoryFile=C:\Users\leoja\AndroidStudioProjects\PaleobyLeoRecipes\app\build\kotlin\compileDebugKotlin\local-state\build-history.bin, useModuleDetection=true), usePreciseJavaTracking=true, outputFiles=[C:\Users\leoja\AndroidStudioProjects\PaleobyLeoRecipes\app\build\tmp\kotlin-classes\debug, C:\Users\leoja\AndroidStudioProjects\PaleobyLeoRecipes\app\build\kotlin\compileDebugKotlin\cacheable, C:\Users\leoja\AndroidStudioProjects\PaleobyLeoRecipes\app\build\kotlin\compileDebugKotlin\local-state])

> Task :app:compileReleaseKotlin
Transforming R.jar with ClasspathEntrySnapshotTransform
Transforming databinding-runtime-8.1.0-api.jar with ClasspathEntrySnapshotTransform
Transforming viewbinding-8.1.0-api.jar with ClasspathEntrySnapshotTransform
Transforming databinding-adapters-8.1.0-api.jar with ClasspathEntrySnapshotTransform
Transforming databinding-common-8.1.0.jar with ClasspathEntrySnapshotTransform
Transforming databinding-ktx-8.1.0-api.jar with ClasspathEntrySnapshotTransform
Transforming navigation-common-2.7.6-api.jar with ClasspathEntrySnapshotTransform
Transforming navigation-common-ktx-2.7.6-api.jar with ClasspathEntrySnapshotTransform
Transforming navigation-runtime-2.7.6-api.jar with ClasspathEntrySnapshotTransform
Transforming navigation-runtime-ktx-2.7.6-api.jar with ClasspathEntrySnapshotTransform
Transforming navigation-fragment-2.7.6-api.jar with ClasspathEntrySnapshotTransform
Transforming navigation-fragment-ktx-2.7.6-api.jar with ClasspathEntrySnapshotTransform
Transforming navigation-ui-ktx-2.7.6-api.jar with ClasspathEntrySnapshotTransform
Transforming navigation-ui-2.7.6-api.jar with ClasspathEntrySnapshotTransform
Transforming material-1.11.0-api.jar with ClasspathEntrySnapshotTransform
Transforming appcompat-1.6.1-api.jar with ClasspathEntrySnapshotTransform
Transforming hilt-work-1.0.0-api.jar with ClasspathEntrySnapshotTransform
Transforming hilt-android-2.46.1-api.jar with ClasspathEntrySnapshotTransform
Transforming okhttp3-integration-4.16.0-api.jar with ClasspathEntrySnapshotTransform
Transforming glide-4.16.0-api.jar with ClasspathEntrySnapshotTransform
Transforming viewpager2-1.0.0-api.jar with ClasspathEntrySnapshotTransform
Transforming fragment-1.6.2-api.jar with ClasspathEntrySnapshotTransform
Transforming fragment-ktx-1.6.2-api.jar with ClasspathEntrySnapshotTransform
Transforming activity-1.8.2-api.jar with ClasspathEntrySnapshotTransform
Transforming activity-compose-1.8.2-api.jar with ClasspathEntrySnapshotTransform
Transforming activity-ktx-1.8.2-api.jar with ClasspathEntrySnapshotTransform
Transforming material3-1.1.2-api.jar with ClasspathEntrySnapshotTransform
Transforming material-icons-core-release-api.jar with ClasspathEntrySnapshotTransform
Transforming material-ripple-release-api.jar with ClasspathEntrySnapshotTransform
Transforming animation-core-release-api.jar with ClasspathEntrySnapshotTransform
Transforming animation-release-api.jar with ClasspathEntrySnapshotTransform
Transforming foundation-layout-release-api.jar with ClasspathEntrySnapshotTransform
Transforming foundation-release-api.jar with ClasspathEntrySnapshotTransform
Transforming ui-unit-release-api.jar with ClasspathEntrySnapshotTransform
Transforming ui-geometry-release-api.jar with ClasspathEntrySnapshotTransform
Transforming ui-text-release-api.jar with ClasspathEntrySnapshotTransform
Transforming ui-graphics-release-api.jar with ClasspathEntrySnapshotTransform
Transforming ui-release-api.jar with ClasspathEntrySnapshotTransform
Transforming ui-tooling-preview-release-api.jar with ClasspathEntrySnapshotTransform
Transforming runtime-saveable-release-api.jar with ClasspathEntrySnapshotTransform
Transforming runtime-release-api.jar with ClasspathEntrySnapshotTransform
Transforming runtime-livedata-1.5.4-api.jar with ClasspathEntrySnapshotTransform
Transforming lifecycle-livedata-core-2.7.0-api.jar with ClasspathEntrySnapshotTransform
Transforming lifecycle-common-2.7.0.jar with ClasspathEntrySnapshotTransform
Transforming lifecycle-common-java8-2.7.0.jar with ClasspathEntrySnapshotTransform
Transforming lifecycle-livedata-core-ktx-2.7.0-api.jar with ClasspathEntrySnapshotTransform
Transforming dynamicanimation-1.0.0-api.jar with ClasspathEntrySnapshotTransform
Transforming legacy-support-core-utils-1.0.0-api.jar with ClasspathEntrySnapshotTransform
Transforming loader-1.0.0-api.jar with ClasspathEntrySnapshotTransform
Transforming lifecycle-viewmodel-2.7.0-api.jar with ClasspathEntrySnapshotTransform
Transforming lifecycle-service-2.7.0-api.jar with ClasspathEntrySnapshotTransform
Transforming lifecycle-process-2.7.0-api.jar with ClasspathEntrySnapshotTransform
Transforming work-runtime-ktx-2.9.0-api.jar with ClasspathEntrySnapshotTransform
Transforming work-runtime-2.9.0-api.jar with ClasspathEntrySnapshotTransform
Transforming lifecycle-livedata-2.7.0-api.jar with ClasspathEntrySnapshotTransform
Transforming lifecycle-runtime-ktx-2.7.0-api.jar with ClasspathEntrySnapshotTransform
Transforming appcompat-resources-1.6.1-api.jar with ClasspathEntrySnapshotTransform
Transforming drawerlayout-1.1.1-api.jar with ClasspathEntrySnapshotTransform
Transforming coordinatorlayout-1.1.0-api.jar with ClasspathEntrySnapshotTransform
Transforming recyclerview-1.1.0-api.jar with ClasspathEntrySnapshotTransform
Transforming transition-1.4.1-api.jar with ClasspathEntrySnapshotTransform
Transforming vectordrawable-animated-1.1.0-api.jar with ClasspathEntrySnapshotTransform
Transforming vectordrawable-1.1.0-api.jar with ClasspathEntrySnapshotTransform
Transforming viewpager-1.0.0-api.jar with ClasspathEntrySnapshotTransform
Transforming slidingpanelayout-1.2.0-api.jar with ClasspathEntrySnapshotTransform
Transforming customview-1.1.0-api.jar with ClasspathEntrySnapshotTransform
Transforming core-1.12.0-api.jar with ClasspathEntrySnapshotTransform
Transforming lifecycle-runtime-2.7.0-api.jar with ClasspathEntrySnapshotTransform
Transforming lifecycle-viewmodel-ktx-2.7.0-api.jar with ClasspathEntrySnapshotTransform
Transforming lifecycle-livedata-ktx-2.7.0-api.jar with ClasspathEntrySnapshotTransform
Transforming lifecycle-viewmodel-compose-2.7.0-api.jar with ClasspathEntrySnapshotTransform
Transforming lifecycle-viewmodel-savedstate-2.7.0-api.jar with ClasspathEntrySnapshotTransform
Transforming core-ktx-1.12.0-api.jar with ClasspathEntrySnapshotTransform
Transforming room-common-2.6.1.jar with ClasspathEntrySnapshotTransform
Transforming room-runtime-2.6.1-api.jar with ClasspathEntrySnapshotTransform
Transforming room-ktx-2.6.1-api.jar with ClasspathEntrySnapshotTransform
Transforming timber-5.0.1-api.jar with ClasspathEntrySnapshotTransform
Transforming savedstate-ktx-1.2.1-api.jar with ClasspathEntrySnapshotTransform
Transforming savedstate-1.2.1-api.jar with ClasspathEntrySnapshotTransform
Transforming annotation-experimental-1.3.0-api.jar with ClasspathEntrySnapshotTransform
Transforming collection-ktx-1.1.0.jar with ClasspathEntrySnapshotTransform
Transforming logging-interceptor-4.12.0.jar with ClasspathEntrySnapshotTransform
Transforming kotlinx-coroutines-core-jvm-1.7.1.jar with ClasspathEntrySnapshotTransform
Transforming kotlinx-coroutines-android-1.7.1.jar with ClasspathEntrySnapshotTransform
Transforming converter-gson-2.9.0.jar with ClasspathEntrySnapshotTransform
Transforming retrofit-2.9.0.jar with ClasspathEntrySnapshotTransform
Transforming okhttp-4.12.0.jar with ClasspathEntrySnapshotTransform
Transforming okio-jvm-3.6.0.jar with ClasspathEntrySnapshotTransform
Transforming kotlin-stdlib-jdk8-1.9.10.jar with ClasspathEntrySnapshotTransform
Transforming cursoradapter-1.0.0-api.jar with ClasspathEntrySnapshotTransform
Transforming cardview-1.0.0-api.jar with ClasspathEntrySnapshotTransform
Transforming sqlite-framework-2.4.0-api.jar with ClasspathEntrySnapshotTransform
Transforming sqlite-2.4.0-api.jar with ClasspathEntrySnapshotTransform
Transforming gifdecoder-4.16.0-api.jar with ClasspathEntrySnapshotTransform
Transforming core-runtime-2.2.0-api.jar with ClasspathEntrySnapshotTransform
Transforming core-common-2.2.0.jar with ClasspathEntrySnapshotTransform
Transforming versionedparcelable-1.1.1-api.jar with ClasspathEntrySnapshotTransform
Transforming collection-1.1.0.jar with ClasspathEntrySnapshotTransform
Transforming interpolator-1.0.0-api.jar with ClasspathEntrySnapshotTransform
Transforming documentfile-1.0.0-api.jar with ClasspathEntrySnapshotTransform
Transforming localbroadcastmanager-1.0.0-api.jar with ClasspathEntrySnapshotTransform
Transforming print-1.0.0-api.jar with ClasspathEntrySnapshotTransform
Transforming annotation-jvm-1.6.0.jar with ClasspathEntrySnapshotTransform
Transforming kotlin-stdlib-jdk7-1.9.10.jar with ClasspathEntrySnapshotTransform
Transforming kotlin-stdlib-1.9.21.jar with ClasspathEntrySnapshotTransform
Transforming constraintlayout-2.1.4-api.jar with ClasspathEntrySnapshotTransform
Transforming annotations-4.16.0.jar with ClasspathEntrySnapshotTransform
Transforming annotations-23.0.0.jar with ClasspathEntrySnapshotTransform
Transforming startup-runtime-1.1.1-api.jar with ClasspathEntrySnapshotTransform
Transforming tracing-1.0.0-api.jar with ClasspathEntrySnapshotTransform
Transforming listenablefuture-1.0.jar with ClasspathEntrySnapshotTransform
Transforming resourceinspection-annotation-1.0.1.jar with ClasspathEntrySnapshotTransform
Transforming hilt-core-2.46.1.jar with ClasspathEntrySnapshotTransform
Transforming dagger-2.46.1.jar with ClasspathEntrySnapshotTransform
Transforming javax.inject-1.jar with ClasspathEntrySnapshotTransform
Transforming dagger-lint-aar-2.46.1-api.jar with ClasspathEntrySnapshotTransform
Transforming jsr305-3.0.2.jar with ClasspathEntrySnapshotTransform
Transforming disklrucache-4.16.0.jar with ClasspathEntrySnapshotTransform
Transforming exifinterface-1.3.6-api.jar with ClasspathEntrySnapshotTransform
Transforming gson-2.8.5.jar with ClasspathEntrySnapshotTransform
Transforming hilt-common-1.0.0.jar with ClasspathEntrySnapshotTransform
Transforming android.jar with ClasspathEntrySnapshotTransform
Transforming core-lambda-stubs.jar with ClasspathEntrySnapshotTransform
Transforming release with ClasspathEntrySnapshotTransform
Caching disabled for task ':app:compileReleaseKotlin' because:
  Build cache is disabled
Task ':app:compileReleaseKotlin' is not up-to-date because:
  Output property 'classpathSnapshotProperties.classpathSnapshotDir' file C:\Users\leoja\AndroidStudioProjects\PaleobyLeoRecipes\app\build\kotlin\compileReleaseKotlin\classpath-snapshot has been removed.
  Output property 'classpathSnapshotProperties.classpathSnapshotDir' file C:\Users\leoja\AndroidStudioProjects\PaleobyLeoRecipes\app\build\kotlin\compileReleaseKotlin\classpath-snapshot\shrunk-classpath-snapshot.bin has been removed.
  Output property 'destinationDirectory' file C:\Users\leoja\AndroidStudioProjects\PaleobyLeoRecipes\app\build\tmp\kotlin-classes\release has been removed.
The input changes require a full rebuild for incremental task ':app:compileReleaseKotlin'.
file or directory 'C:\Users\leoja\AndroidStudioProjects\PaleobyLeoRecipes\app\src\release\kotlin', not found
file or directory 'C:\Users\leoja\AndroidStudioProjects\PaleobyLeoRecipes\app\src\release\kotlin', not found
file or directory 'C:\Users\leoja\AndroidStudioProjects\PaleobyLeoRecipes\app\src\release\java', not found
file or directory 'C:\Users\leoja\AndroidStudioProjects\PaleobyLeoRecipes\app\src\release\kotlin', not found
file or directory 'C:\Users\leoja\AndroidStudioProjects\PaleobyLeoRecipes\app\src\release\java', not found
file or directory 'C:\Users\leoja\AndroidStudioProjects\PaleobyLeoRecipes\app\src\release\kotlin', not found
file or directory 'C:\Users\leoja\AndroidStudioProjects\PaleobyLeoRecipes\app\src\release\kotlin', not found
file or directory 'C:\Users\leoja\AndroidStudioProjects\PaleobyLeoRecipes\app\src\release\java', not found
file or directory 'C:\Users\leoja\AndroidStudioProjects\PaleobyLeoRecipes\app\src\release\kotlin', not found
file or directory 'C:\Users\leoja\AndroidStudioProjects\PaleobyLeoRecipes\app\src\release\java', not found
file or directory 'C:\Users\leoja\AndroidStudioProjects\PaleobyLeoRecipes\app\src\main\kotlin', not found
file or directory 'C:\Users\leoja\AndroidStudioProjects\PaleobyLeoRecipes\app\src\main\kotlin', not found
file or directory 'C:\Users\leoja\AndroidStudioProjects\PaleobyLeoRecipes\app\src\main\kotlin', not found
file or directory 'C:\Users\leoja\AndroidStudioProjects\PaleobyLeoRecipes\app\src\main\kotlin', not found
file or directory 'C:\Users\leoja\AndroidStudioProjects\PaleobyLeoRecipes\app\src\main\kotlin', not found
file or directory 'C:\Users\leoja\AndroidStudioProjects\PaleobyLeoRecipes\app\src\main\kotlin', not found
file or directory 'C:\Users\leoja\AndroidStudioProjects\PaleobyLeoRecipes\app\src\release\java', not found
file or directory 'C:\Users\leoja\AndroidStudioProjects\PaleobyLeoRecipes\app\src\release\kotlin', not found
file or directory 'C:\Users\leoja\AndroidStudioProjects\PaleobyLeoRecipes\app\src\release\kotlin', not found
file or directory 'C:\Users\leoja\AndroidStudioProjects\PaleobyLeoRecipes\app\src\release\java', not found
file or directory 'C:\Users\leoja\AndroidStudioProjects\PaleobyLeoRecipes\app\src\release\kotlin', not found
file or directory 'C:\Users\leoja\AndroidStudioProjects\PaleobyLeoRecipes\app\src\release\java', not found
file or directory 'C:\Users\leoja\AndroidStudioProjects\PaleobyLeoRecipes\app\src\release\kotlin', not found
file or directory 'C:\Users\leoja\AndroidStudioProjects\PaleobyLeoRecipes\app\src\release\kotlin', not found
file or directory 'C:\Users\leoja\AndroidStudioProjects\PaleobyLeoRecipes\app\src\release\java', not found
file or directory 'C:\Users\leoja\AndroidStudioProjects\PaleobyLeoRecipes\app\src\release\kotlin', not found
file or directory 'C:\Users\leoja\AndroidStudioProjects\PaleobyLeoRecipes\app\src\release\java', not found
file or directory 'C:\Users\leoja\AndroidStudioProjects\PaleobyLeoRecipes\app\src\main\kotlin', not found
file or directory 'C:\Users\leoja\AndroidStudioProjects\PaleobyLeoRecipes\app\src\main\kotlin', not found
file or directory 'C:\Users\leoja\AndroidStudioProjects\PaleobyLeoRecipes\app\src\release\kotlin', not found
file or directory 'C:\Users\leoja\AndroidStudioProjects\PaleobyLeoRecipes\app\src\release\kotlin', not found
file or directory 'C:\Users\leoja\AndroidStudioProjects\PaleobyLeoRecipes\app\src\release\java', not found
file or directory 'C:\Users\leoja\AndroidStudioProjects\PaleobyLeoRecipes\app\src\release\kotlin', not found
file or directory 'C:\Users\leoja\AndroidStudioProjects\PaleobyLeoRecipes\app\src\release\java', not found
file or directory 'C:\Users\leoja\AndroidStudioProjects\PaleobyLeoRecipes\app\src\release\kotlin', not found
file or directory 'C:\Users\leoja\AndroidStudioProjects\PaleobyLeoRecipes\app\src\release\kotlin', not found
file or directory 'C:\Users\leoja\AndroidStudioProjects\PaleobyLeoRecipes\app\src\release\java', not found
file or directory 'C:\Users\leoja\AndroidStudioProjects\PaleobyLeoRecipes\app\src\release\kotlin', not found
file or directory 'C:\Users\leoja\AndroidStudioProjects\PaleobyLeoRecipes\app\src\release\java', not found
file or directory 'C:\Users\leoja\AndroidStudioProjects\PaleobyLeoRecipes\app\src\main\kotlin', not found
file or directory 'C:\Users\leoja\AndroidStudioProjects\PaleobyLeoRecipes\app\src\main\kotlin', not found
file or directory 'C:\Users\leoja\AndroidStudioProjects\PaleobyLeoRecipes\app\src\main\kotlin', not found
file or directory 'C:\Users\leoja\AndroidStudioProjects\PaleobyLeoRecipes\app\src\main\kotlin', not found
file or directory 'C:\Users\leoja\AndroidStudioProjects\PaleobyLeoRecipes\app\src\main\kotlin', not found
file or directory 'C:\Users\leoja\AndroidStudioProjects\PaleobyLeoRecipes\app\src\main\kotlin', not found
file or directory 'C:\Users\leoja\AndroidStudioProjects\PaleobyLeoRecipes\app\src\release\java', not found
file or directory 'C:\Users\leoja\AndroidStudioProjects\PaleobyLeoRecipes\app\src\release\kotlin', not found
file or directory 'C:\Users\leoja\AndroidStudioProjects\PaleobyLeoRecipes\app\src\release\kotlin', not found
file or directory 'C:\Users\leoja\AndroidStudioProjects\PaleobyLeoRecipes\app\src\release\java', not found
file or directory 'C:\Users\leoja\AndroidStudioProjects\PaleobyLeoRecipes\app\src\release\kotlin', not found
file or directory 'C:\Users\leoja\AndroidStudioProjects\PaleobyLeoRecipes\app\src\release\java', not found
file or directory 'C:\Users\leoja\AndroidStudioProjects\PaleobyLeoRecipes\app\src\release\kotlin', not found
file or directory 'C:\Users\leoja\AndroidStudioProjects\PaleobyLeoRecipes\app\src\release\kotlin', not found
file or directory 'C:\Users\leoja\AndroidStudioProjects\PaleobyLeoRecipes\app\src\release\java', not found
file or directory 'C:\Users\leoja\AndroidStudioProjects\PaleobyLeoRecipes\app\src\release\kotlin', not found
file or directory 'C:\Users\leoja\AndroidStudioProjects\PaleobyLeoRecipes\app\src\release\java', not found
file or directory 'C:\Users\leoja\AndroidStudioProjects\PaleobyLeoRecipes\app\src\main\kotlin', not found
file or directory 'C:\Users\leoja\AndroidStudioProjects\PaleobyLeoRecipes\app\src\main\kotlin', not found
file or directory 'C:\Users\leoja\AndroidStudioProjects\PaleobyLeoRecipes\app\src\main\kotlin', not found
file or directory 'C:\Users\leoja\AndroidStudioProjects\PaleobyLeoRecipes\app\src\main\kotlin', not found
file or directory 'C:\Users\leoja\AndroidStudioProjects\PaleobyLeoRecipes\app\src\main\kotlin', not found
file or directory 'C:\Users\leoja\AndroidStudioProjects\PaleobyLeoRecipes\app\src\main\kotlin', not found
file or directory 'C:\Users\leoja\AndroidStudioProjects\PaleobyLeoRecipes\app\src\release\java', not found
file or directory 'C:\Users\leoja\AndroidStudioProjects\PaleobyLeoRecipes\app\src\release\kotlin', not found
file or directory 'C:\Users\leoja\AndroidStudioProjects\PaleobyLeoRecipes\app\src\release\kotlin', not found
file or directory 'C:\Users\leoja\AndroidStudioProjects\PaleobyLeoRecipes\app\src\release\java', not found
file or directory 'C:\Users\leoja\AndroidStudioProjects\PaleobyLeoRecipes\app\src\release\kotlin', not found
file or directory 'C:\Users\leoja\AndroidStudioProjects\PaleobyLeoRecipes\app\src\release\java', not found
file or directory 'C:\Users\leoja\AndroidStudioProjects\PaleobyLeoRecipes\app\src\release\kotlin', not found
file or directory 'C:\Users\leoja\AndroidStudioProjects\PaleobyLeoRecipes\app\src\release\kotlin', not found
file or directory 'C:\Users\leoja\AndroidStudioProjects\PaleobyLeoRecipes\app\src\release\java', not found
file or directory 'C:\Users\leoja\AndroidStudioProjects\PaleobyLeoRecipes\app\src\release\kotlin', not found
file or directory 'C:\Users\leoja\AndroidStudioProjects\PaleobyLeoRecipes\app\src\release\java', not found
file or directory 'C:\Users\leoja\AndroidStudioProjects\PaleobyLeoRecipes\app\src\main\kotlin', not found
file or directory 'C:\Users\leoja\AndroidStudioProjects\PaleobyLeoRecipes\app\src\main\kotlin', not found
file or directory 'C:\Users\leoja\AndroidStudioProjects\PaleobyLeoRecipes\app\src\main\kotlin', not found
file or directory 'C:\Users\leoja\AndroidStudioProjects\PaleobyLeoRecipes\app\src\main\kotlin', not found
file or directory 'C:\Users\leoja\AndroidStudioProjects\PaleobyLeoRecipes\app\src\main\kotlin', not found
file or directory 'C:\Users\leoja\AndroidStudioProjects\PaleobyLeoRecipes\app\src\main\kotlin', not found
file or directory 'C:\Users\leoja\AndroidStudioProjects\PaleobyLeoRecipes\app\src\release\java', not found
Kotlin source files: C:\Users\leoja\AndroidStudioProjects\PaleobyLeoRecipes\app\src\main\java\com\leo\paleorecipes\AboutActivity.kt, C:\Users\leoja\AndroidStudioProjects\PaleobyLeoRecipes\app\src\main\java\com\leo\paleorecipes\AboutPaleoActivity.kt, C:\Users\leoja\AndroidStudioProjects\PaleobyLeoRecipes\app\src\main\java\com\leo\paleorecipes\adapter\IngredientsAdapter.kt, C:\Users\leoja\AndroidStudioProjects\PaleobyLeoRecipes\app\src\main\java\com\leo\paleorecipes\adapter\RecipesAdapter.kt, C:\Users\leoja\AndroidStudioProjects\PaleobyLeoRecipes\app\src\main\java\com\leo\paleorecipes\AddEditRecipeActivity.kt, C:\Users\leoja\AndroidStudioProjects\PaleobyLeoRecipes\app\src\main\java\com\leo\paleorecipes\AddRecipeActivity.kt, C:\Users\leoja\AndroidStudioProjects\PaleobyLeoRecipes\app\src\main\java\com\leo\paleorecipes\BaseActivity.kt, C:\Users\leoja\AndroidStudioProjects\PaleobyLeoRecipes\app\src\main\java\com\leo\paleorecipes\data\api\ApiClient.kt, C:\Users\leoja\AndroidStudioProjects\PaleobyLeoRecipes\app\src\main\java\com\leo\paleorecipes\data\api\model\ApiModels.kt, C:\Users\leoja\AndroidStudioProjects\PaleobyLeoRecipes\app\src\main\java\com\leo\paleorecipes\data\api\SpoonacularApiService.kt, C:\Users\leoja\AndroidStudioProjects\PaleobyLeoRecipes\app\src\main\java\com\leo\paleorecipes\data\AppDatabase.kt, C:\Users\leoja\AndroidStudioProjects\PaleobyLeoRecipes\app\src\main\java\com\leo\paleorecipes\data\Converters.kt, C:\Users\leoja\AndroidStudioProjects\PaleobyLeoRecipes\app\src\main\java\com\leo\paleorecipes\data\local\dao\IngredientDao.kt, C:\Users\leoja\AndroidStudioProjects\PaleobyLeoRecipes\app\src\main\java\com\leo\paleorecipes\data\local\entity\IngredientEntity.kt, C:\Users\leoja\AndroidStudioProjects\PaleobyLeoRecipes\app\src\main\java\com\leo\paleorecipes\data\model\ApiModels.kt, C:\Users\leoja\AndroidStudioProjects\PaleobyLeoRecipes\app\src\main\java\com\leo\paleorecipes\data\model\RecipeResponse.kt, C:\Users\leoja\AndroidStudioProjects\PaleobyLeoRecipes\app\src\main\java\com\leo\paleorecipes\data\Recipe.kt, C:\Users\leoja\AndroidStudioProjects\PaleobyLeoRecipes\app\src\main\java\com\leo\paleorecipes\data\RecipeDao.kt, C:\Users\leoja\AndroidStudioProjects\PaleobyLeoRecipes\app\src\main\java\com\leo\paleorecipes\data\RecipeMapper.kt, C:\Users\leoja\AndroidStudioProjects\PaleobyLeoRecipes\app\src\main\java\com\leo\paleorecipes\data\repository\IngredientRepository.kt, C:\Users\leoja\AndroidStudioProjects\PaleobyLeoRecipes\app\src\main\java\com\leo\paleorecipes\data\repository\IngredientRepositoryImpl.kt, C:\Users\leoja\AndroidStudioProjects\PaleobyLeoRecipes\app\src\main\java\com\leo\paleorecipes\data\repository\RecipeRepository.kt, C:\Users\leoja\AndroidStudioProjects\PaleobyLeoRecipes\app\src\main\java\com\leo\paleorecipes\data\repository\RecipeRepositoryImpl.kt, C:\Users\leoja\AndroidStudioProjects\PaleobyLeoRecipes\app\src\main\java\com\leo\paleorecipes\di\AppModule.kt, C:\Users\leoja\AndroidStudioProjects\PaleobyLeoRecipes\app\src\main\java\com\leo\paleorecipes\di\DatabaseModule.kt, C:\Users\leoja\AndroidStudioProjects\PaleobyLeoRecipes\app\src\main\java\com\leo\paleorecipes\di\HiltWorkerFactory.kt, C:\Users\leoja\AndroidStudioProjects\PaleobyLeoRecipes\app\src\main\java\com\leo\paleorecipes\di\RepositoryModule.kt, C:\Users\leoja\AndroidStudioProjects\PaleobyLeoRecipes\app\src\main\java\com\leo\paleorecipes\di\TestModule.kt, C:\Users\leoja\AndroidStudioProjects\PaleobyLeoRecipes\app\src\main\java\com\leo\paleorecipes\di\WorkerHelperModule.kt, C:\Users\leoja\AndroidStudioProjects\PaleobyLeoRecipes\app\src\main\java\com\leo\paleorecipes\di\WorkerModule.kt, C:\Users\leoja\AndroidStudioProjects\PaleobyLeoRecipes\app\src\main\java\com\leo\paleorecipes\FridgeActivity.kt, C:\Users\leoja\AndroidStudioProjects\PaleobyLeoRecipes\app\src\main\java\com\leo\paleorecipes\MainActivity.kt, C:\Users\leoja\AndroidStudioProjects\PaleobyLeoRecipes\app\src\main\java\com\leo\paleorecipes\MainActivityCompose.kt, C:\Users\leoja\AndroidStudioProjects\PaleobyLeoRecipes\app\src\main\java\com\leo\paleorecipes\network\SpoonacularApi.kt, C:\Users\leoja\AndroidStudioProjects\PaleobyLeoRecipes\app\src\main\java\com\leo\paleorecipes\network\SpoonacularService.kt, C:\Users\leoja\AndroidStudioProjects\PaleobyLeoRecipes\app\src\main\java\com\leo\paleorecipes\PaleoRecipesApplication.kt, C:\Users\leoja\AndroidStudioProjects\PaleobyLeoRecipes\app\src\main\java\com\leo\paleorecipes\RecipeAdapter.kt, C:\Users\leoja\AndroidStudioProjects\PaleobyLeoRecipes\app\src\main\java\com\leo\paleorecipes\RecipeDetailActivity.kt, C:\Users\leoja\AndroidStudioProjects\PaleobyLeoRecipes\app\src\main\java\com\leo\paleorecipes\RecipeListActivity.kt, C:\Users\leoja\AndroidStudioProjects\PaleobyLeoRecipes\app\src\main\java\com\leo\paleorecipes\RecipePrintAdapter.kt, C:\Users\leoja\AndroidStudioProjects\PaleobyLeoRecipes\app\src\main\java\com\leo\paleorecipes\SettingsActivity.kt, C:\Users\leoja\AndroidStudioProjects\PaleobyLeoRecipes\app\src\main\java\com\leo\paleorecipes\SplashActivity.kt, C:\Users\leoja\AndroidStudioProjects\PaleobyLeoRecipes\app\src\main\java\com\leo\paleorecipes\ui\components\BlackTextInputEditText.kt, C:\Users\leoja\AndroidStudioProjects\PaleobyLeoRecipes\app\src\main\java\com\leo\paleorecipes\ui\fridge\FridgeFragment.kt, C:\Users\leoja\AndroidStudioProjects\PaleobyLeoRecipes\app\src\main\java\com\leo\paleorecipes\ui\fridge\FridgeViewModel.kt, C:\Users\leoja\AndroidStudioProjects\PaleobyLeoRecipes\app\src\main\java\com\leo\paleorecipes\ui\search\RecipeSearchActivity.kt, C:\Users\leoja\AndroidStudioProjects\PaleobyLeoRecipes\app\src\main\java\com\leo\paleorecipes\ui\search\RecipeSearchFragment.kt, C:\Users\leoja\AndroidStudioProjects\PaleobyLeoRecipes\app\src\main\java\com\leo\paleorecipes\ui\search\RecipeSearchViewModel.kt, C:\Users\leoja\AndroidStudioProjects\PaleobyLeoRecipes\app\src\main\java\com\leo\paleorecipes\ui\theme\Colors.kt, C:\Users\leoja\AndroidStudioProjects\PaleobyLeoRecipes\app\src\main\java\com\leo\paleorecipes\ui\theme\Theme.kt, C:\Users\leoja\AndroidStudioProjects\PaleobyLeoRecipes\app\src\main\java\com\leo\paleorecipes\ui\theme\Type.kt, C:\Users\leoja\AndroidStudioProjects\PaleobyLeoRecipes\app\src\main\java\com\leo\paleorecipes\util\SingleLiveEvent.kt, C:\Users\leoja\AndroidStudioProjects\PaleobyLeoRecipes\app\src\main\java\com\leo\paleorecipes\utils\ApiErrorHandler.kt, C:\Users\leoja\AndroidStudioProjects\PaleobyLeoRecipes\app\src\main\java\com\leo\paleorecipes\utils\ApiResponse.kt, C:\Users\leoja\AndroidStudioProjects\PaleobyLeoRecipes\app\src\main\java\com\leo\paleorecipes\utils\ConnectivityManagerNetworkMonitor.kt, C:\Users\leoja\AndroidStudioProjects\PaleobyLeoRecipes\app\src\main\java\com\leo\paleorecipes\utils\CoroutineDispatchers.kt, C:\Users\leoja\AndroidStudioProjects\PaleobyLeoRecipes\app\src\main\java\com\leo\paleorecipes\utils\DateTimeUtils.kt, C:\Users\leoja\AndroidStudioProjects\PaleobyLeoRecipes\app\src\main\java\com\leo\paleorecipes\utils\FileUtils.kt, C:\Users\leoja\AndroidStudioProjects\PaleobyLeoRecipes\app\src\main\java\com\leo\paleorecipes\utils\ImageLoader.kt, C:\Users\leoja\AndroidStudioProjects\PaleobyLeoRecipes\app\src\main\java\com\leo\paleorecipes\utils\ImageUtils.kt, C:\Users\leoja\AndroidStudioProjects\PaleobyLeoRecipes\app\src\main\java\com\leo\paleorecipes\utils\NetworkConnectivityObserver.kt, C:\Users\leoja\AndroidStudioProjects\PaleobyLeoRecipes\app\src\main\java\com\leo\paleorecipes\utils\NetworkMonitor.kt, C:\Users\leoja\AndroidStudioProjects\PaleobyLeoRecipes\app\src\main\java\com\leo\paleorecipes\utils\NetworkUtils.kt, C:\Users\leoja\AndroidStudioProjects\PaleobyLeoRecipes\app\src\main\java\com\leo\paleorecipes\utils\PreferenceHelper.kt, C:\Users\leoja\AndroidStudioProjects\PaleobyLeoRecipes\app\src\main\java\com\leo\paleorecipes\utils\Resource.kt, C:\Users\leoja\AndroidStudioProjects\PaleobyLeoRecipes\app\src\main\java\com\leo\paleorecipes\viewmodel\RecipeViewModel.kt, C:\Users\leoja\AndroidStudioProjects\PaleobyLeoRecipes\app\src\main\java\com\leo\paleorecipes\workers\ChildWorkerFactory.kt, C:\Users\leoja\AndroidStudioProjects\PaleobyLeoRecipes\app\src\main\java\com\leo\paleorecipes\workers\SyncRecipesWorker.kt, C:\Users\leoja\AndroidStudioProjects\PaleobyLeoRecipes\app\src\main\java\com\leo\paleorecipes\workers\WorkManagerHelper.kt
Java source files: C:\Users\leoja\AndroidStudioProjects\PaleobyLeoRecipes\app\build\generated\source\buildConfig\release\com\leo\paleorecipes\BuildConfig.java, C:\Users\leoja\AndroidStudioProjects\PaleobyLeoRecipes\app\build\generated\data_binding_base_class_source_out\release\out\com\leo\paleorecipes\databinding\ActivityAboutPaleoBinding.java, C:\Users\leoja\AndroidStudioProjects\PaleobyLeoRecipes\app\build\generated\data_binding_base_class_source_out\release\out\com\leo\paleorecipes\databinding\ActivityAddEditRecipeBinding.java, C:\Users\leoja\AndroidStudioProjects\PaleobyLeoRecipes\app\build\generated\data_binding_base_class_source_out\release\out\com\leo\paleorecipes\databinding\ActivityAddRecipeBinding.java, C:\Users\leoja\AndroidStudioProjects\PaleobyLeoRecipes\app\build\generated\data_binding_base_class_source_out\release\out\com\leo\paleorecipes\databinding\ActivityFridgeBinding.java, C:\Users\leoja\AndroidStudioProjects\PaleobyLeoRecipes\app\build\generated\data_binding_base_class_source_out\release\out\com\leo\paleorecipes\databinding\ActivityMainBinding.java, C:\Users\leoja\AndroidStudioProjects\PaleobyLeoRecipes\app\build\generated\data_binding_base_class_source_out\release\out\com\leo\paleorecipes\databinding\ActivityMainSimpleBinding.java, C:\Users\leoja\AndroidStudioProjects\PaleobyLeoRecipes\app\build\generated\data_binding_base_class_source_out\release\out\com\leo\paleorecipes\databinding\ActivityRecipeDetailBinding.java, C:\Users\leoja\AndroidStudioProjects\PaleobyLeoRecipes\app\build\generated\data_binding_base_class_source_out\release\out\com\leo\paleorecipes\databinding\ActivityRecipeDetailNewBinding.java, C:\Users\leoja\AndroidStudioProjects\PaleobyLeoRecipes\app\build\generated\data_binding_base_class_source_out\release\out\com\leo\paleorecipes\databinding\ActivityRecipeListBinding.java, C:\Users\leoja\AndroidStudioProjects\PaleobyLeoRecipes\app\build\generated\data_binding_base_class_source_out\release\out\com\leo\paleorecipes\databinding\ActivityRecipeSearchContainerBinding.java, C:\Users\leoja\AndroidStudioProjects\PaleobyLeoRecipes\app\build\generated\data_binding_base_class_source_out\release\out\com\leo\paleorecipes\databinding\ActivitySettingsBinding.java, C:\Users\leoja\AndroidStudioProjects\PaleobyLeoRecipes\app\build\generated\data_binding_base_class_source_out\release\out\com\leo\paleorecipes\databinding\ActivitySplashBinding.java, C:\Users\leoja\AndroidStudioProjects\PaleobyLeoRecipes\app\build\generated\data_binding_base_class_source_out\release\out\com\leo\paleorecipes\databinding\CustomPopupMenuBinding.java, C:\Users\leoja\AndroidStudioProjects\PaleobyLeoRecipes\app\build\generated\data_binding_base_class_source_out\release\out\com\leo\paleorecipes\databinding\FragmentFridgeBinding.java, C:\Users\leoja\AndroidStudioProjects\PaleobyLeoRecipes\app\build\generated\data_binding_base_class_source_out\release\out\com\leo\paleorecipes\databinding\FragmentRecipeSearchBinding.java, C:\Users\leoja\AndroidStudioProjects\PaleobyLeoRecipes\app\build\generated\data_binding_base_class_source_out\release\out\com\leo\paleorecipes\databinding\FragmentRecipeSearchListBinding.java, C:\Users\leoja\AndroidStudioProjects\PaleobyLeoRecipes\app\build\generated\data_binding_base_class_source_out\release\out\com\leo\paleorecipes\databinding\ItemIngredientBinding.java, C:\Users\leoja\AndroidStudioProjects\PaleobyLeoRecipes\app\build\generated\data_binding_base_class_source_out\release\out\com\leo\paleorecipes\databinding\ItemRecipeBasicBinding.java, C:\Users\leoja\AndroidStudioProjects\PaleobyLeoRecipes\app\build\generated\data_binding_base_class_source_out\release\out\com\leo\paleorecipes\databinding\ItemRecipeBinding.java, C:\Users\leoja\AndroidStudioProjects\PaleobyLeoRecipes\app\build\generated\data_binding_base_class_source_out\release\out\com\leo\paleorecipes\databinding\ItemRecipeSimpleBinding.java, C:\Users\leoja\AndroidStudioProjects\PaleobyLeoRecipes\app\build\generated\data_binding_base_class_source_out\release\out\com\leo\paleorecipes\databinding\PopupMenuItemBinding.java, C:\Users\leoja\AndroidStudioProjects\PaleobyLeoRecipes\app\build\generated\data_binding_base_class_source_out\release\out\com\leo\paleorecipes\databinding\PrintRecipeDetailBinding.java, C:\Users\leoja\AndroidStudioProjects\PaleobyLeoRecipes\app\build\generated\data_binding_trigger\release\com\leo\paleorecipes\DataBindingTriggerClass.java, C:\Users\leoja\AndroidStudioProjects\PaleobyLeoRecipes\app\build\generated\source\kapt\release\androidx\databinding\DataBinderMapperImpl.java, C:\Users\leoja\AndroidStudioProjects\PaleobyLeoRecipes\app\build\generated\source\kapt\release\androidx\databinding\DataBindingComponent.java, C:\Users\leoja\AndroidStudioProjects\PaleobyLeoRecipes\app\build\generated\source\kapt\release\androidx\databinding\library\baseAdapters\BR.java, C:\Users\leoja\AndroidStudioProjects\PaleobyLeoRecipes\app\build\generated\source\kapt\release\com\leo\paleorecipes\AddEditRecipeActivity_GeneratedInjector.java, C:\Users\leoja\AndroidStudioProjects\PaleobyLeoRecipes\app\build\generated\source\kapt\release\com\leo\paleorecipes\AddRecipeActivity_GeneratedInjector.java, C:\Users\leoja\AndroidStudioProjects\PaleobyLeoRecipes\app\build\generated\source\kapt\release\com\leo\paleorecipes\AddRecipeActivity_MembersInjector.java, C:\Users\leoja\AndroidStudioProjects\PaleobyLeoRecipes\app\build\generated\source\kapt\release\com\leo\paleorecipes\BR.java, C:\Users\leoja\AndroidStudioProjects\PaleobyLeoRecipes\app\build\generated\source\kapt\release\com\leo\paleorecipes\data\api\ApiClient_Factory.java, C:\Users\leoja\AndroidStudioProjects\PaleobyLeoRecipes\app\build\generated\source\kapt\release\com\leo\paleorecipes\data\AppDatabase_Impl.java, C:\Users\leoja\AndroidStudioProjects\PaleobyLeoRecipes\app\build\generated\source\kapt\release\com\leo\paleorecipes\data\local\dao\IngredientDao_Impl.java, C:\Users\leoja\AndroidStudioProjects\PaleobyLeoRecipes\app\build\generated\source\kapt\release\com\leo\paleorecipes\data\RecipeDao_Impl.java, C:\Users\leoja\AndroidStudioProjects\PaleobyLeoRecipes\app\build\generated\source\kapt\release\com\leo\paleorecipes\data\repository\IngredientRepositoryImpl_Factory.java, C:\Users\leoja\AndroidStudioProjects\PaleobyLeoRecipes\app\build\generated\source\kapt\release\com\leo\paleorecipes\data\repository\RecipeRepositoryImpl_Factory.java, C:\Users\leoja\AndroidStudioProjects\PaleobyLeoRecipes\app\build\generated\source\kapt\release\com\leo\paleorecipes\DataBinderMapperImpl.java, C:\Users\leoja\AndroidStudioProjects\PaleobyLeoRecipes\app\build\generated\source\kapt\release\com\leo\paleorecipes\di\AppModule_ProvideApiClientFactory.java, C:\Users\leoja\AndroidStudioProjects\PaleobyLeoRecipes\app\build\generated\source\kapt\release\com\leo\paleorecipes\di\AppModule_ProvideAppDatabaseFactory.java, C:\Users\leoja\AndroidStudioProjects\PaleobyLeoRecipes\app\build\generated\source\kapt\release\com\leo\paleorecipes\di\AppModule_ProvideIoDispatcherFactory.java, C:\Users\leoja\AndroidStudioProjects\PaleobyLeoRecipes\app\build\generated\source\kapt\release\com\leo\paleorecipes\di\AppModule_ProvideMainDispatcherFactory.java, C:\Users\leoja\AndroidStudioProjects\PaleobyLeoRecipes\app\build\generated\source\kapt\release\com\leo\paleorecipes\di\AppModule_ProvideNetworkMonitorFactory.java, C:\Users\leoja\AndroidStudioProjects\PaleobyLeoRecipes\app\build\generated\source\kapt\release\com\leo\paleorecipes\di\AppModule_ProvideOkHttpClientFactory.java, C:\Users\leoja\AndroidStudioProjects\PaleobyLeoRecipes\app\build\generated\source\kapt\release\com\leo\paleorecipes\di\AppModule_ProvideRecipeDaoFactory.java, C:\Users\leoja\AndroidStudioProjects\PaleobyLeoRecipes\app\build\generated\source\kapt\release\com\leo\paleorecipes\di\AppModule_ProvideRecipeRepositoryFactory.java, C:\Users\leoja\AndroidStudioProjects\PaleobyLeoRecipes\app\build\generated\source\kapt\release\com\leo\paleorecipes\di\AppModule_ProvideRetrofitFactory.java, C:\Users\leoja\AndroidStudioProjects\PaleobyLeoRecipes\app\build\generated\source\kapt\release\com\leo\paleorecipes\di\AppModule_ProvideSpoonacularApiServiceFactory.java, C:\Users\leoja\AndroidStudioProjects\PaleobyLeoRecipes\app\build\generated\source\kapt\release\com\leo\paleorecipes\di\AppModule_ProvideWorkManagerFactory.java, C:\Users\leoja\AndroidStudioProjects\PaleobyLeoRecipes\app\build\generated\source\kapt\release\com\leo\paleorecipes\di\DatabaseModule_ProvideAppDatabaseFactory.java, C:\Users\leoja\AndroidStudioProjects\PaleobyLeoRecipes\app\build\generated\source\kapt\release\com\leo\paleorecipes\di\DatabaseModule_ProvideIngredientDaoFactory.java, C:\Users\leoja\AndroidStudioProjects\PaleobyLeoRecipes\app\build\generated\source\kapt\release\com\leo\paleorecipes\di\DatabaseModule_ProvideIngredientRepositoryFactory.java, C:\Users\leoja\AndroidStudioProjects\PaleobyLeoRecipes\app\build\generated\source\kapt\release\com\leo\paleorecipes\di\DatabaseModule_ProvideRecipeDaoFactory.java, C:\Users\leoja\AndroidStudioProjects\PaleobyLeoRecipes\app\build\generated\source\kapt\release\com\leo\paleorecipes\di\HiltWorkerFactory_Factory.java, C:\Users\leoja\AndroidStudioProjects\PaleobyLeoRecipes\app\build\generated\source\kapt\release\com\leo\paleorecipes\di\TestModule_ProvideTestStringFactory.java, C:\Users\leoja\AndroidStudioProjects\PaleobyLeoRecipes\app\build\generated\source\kapt\release\com\leo\paleorecipes\di\WorkerFactoryModule_Companion_ProvideHiltWorkerFactoryFactory.java, C:\Users\leoja\AndroidStudioProjects\PaleobyLeoRecipes\app\build\generated\source\kapt\release\com\leo\paleorecipes\di\WorkerHelperModule_ProvideWorkManagerFactory.java, C:\Users\leoja\AndroidStudioProjects\PaleobyLeoRecipes\app\build\generated\source\kapt\release\com\leo\paleorecipes\di\WorkerHelperModule_ProvideWorkManagerHelperFactory.java, C:\Users\leoja\AndroidStudioProjects\PaleobyLeoRecipes\app\build\generated\source\kapt\release\com\leo\paleorecipes\di\WorkerModule_Companion_ProvideWorkManagerFactory.java, C:\Users\leoja\AndroidStudioProjects\PaleobyLeoRecipes\app\build\generated\source\kapt\release\com\leo\paleorecipes\Hilt_AddEditRecipeActivity.java, C:\Users\leoja\AndroidStudioProjects\PaleobyLeoRecipes\app\build\generated\source\kapt\release\com\leo\paleorecipes\Hilt_AddRecipeActivity.java, C:\Users\leoja\AndroidStudioProjects\PaleobyLeoRecipes\app\build\generated\source\kapt\release\com\leo\paleorecipes\Hilt_RecipeListActivity.java, C:\Users\leoja\AndroidStudioProjects\PaleobyLeoRecipes\app\build\generated\source\kapt\release\com\leo\paleorecipes\network\SpoonacularApi_Factory.java, C:\Users\leoja\AndroidStudioProjects\PaleobyLeoRecipes\app\build\generated\source\kapt\release\com\leo\paleorecipes\PaleoRecipesApplication_GeneratedInjector.java, C:\Users\leoja\AndroidStudioProjects\PaleobyLeoRecipes\app\build\generated\source\kapt\release\com\leo\paleorecipes\PaleoRecipesApplication_MembersInjector.java, C:\Users\leoja\AndroidStudioProjects\PaleobyLeoRecipes\app\build\generated\source\kapt\release\com\leo\paleorecipes\RecipeListActivity_GeneratedInjector.java, C:\Users\leoja\AndroidStudioProjects\PaleobyLeoRecipes\app\build\generated\source\kapt\release\com\leo\paleorecipes\ui\fridge\FridgeFragment_GeneratedInjector.java, C:\Users\leoja\AndroidStudioProjects\PaleobyLeoRecipes\app\build\generated\source\kapt\release\com\leo\paleorecipes\ui\fridge\FridgeViewModel_Factory.java, C:\Users\leoja\AndroidStudioProjects\PaleobyLeoRecipes\app\build\generated\source\kapt\release\com\leo\paleorecipes\ui\fridge\FridgeViewModel_HiltModules.java, C:\Users\leoja\AndroidStudioProjects\PaleobyLeoRecipes\app\build\generated\source\kapt\release\com\leo\paleorecipes\ui\fridge\FridgeViewModel_HiltModules_KeyModule_ProvideFactory.java, C:\Users\leoja\AndroidStudioProjects\PaleobyLeoRecipes\app\build\generated\source\kapt\release\com\leo\paleorecipes\ui\fridge\Hilt_FridgeFragment.java, C:\Users\leoja\AndroidStudioProjects\PaleobyLeoRecipes\app\build\generated\source\kapt\release\com\leo\paleorecipes\ui\search\Hilt_RecipeSearchActivity.java, C:\Users\leoja\AndroidStudioProjects\PaleobyLeoRecipes\app\build\generated\source\kapt\release\com\leo\paleorecipes\ui\search\Hilt_RecipeSearchFragment.java, C:\Users\leoja\AndroidStudioProjects\PaleobyLeoRecipes\app\build\generated\source\kapt\release\com\leo\paleorecipes\ui\search\RecipeSearchActivity_GeneratedInjector.java, C:\Users\leoja\AndroidStudioProjects\PaleobyLeoRecipes\app\build\generated\source\kapt\release\com\leo\paleorecipes\ui\search\RecipeSearchFragment_GeneratedInjector.java, C:\Users\leoja\AndroidStudioProjects\PaleobyLeoRecipes\app\build\generated\source\kapt\release\com\leo\paleorecipes\ui\search\RecipeSearchViewModel_Factory.java, C:\Users\leoja\AndroidStudioProjects\PaleobyLeoRecipes\app\build\generated\source\kapt\release\com\leo\paleorecipes\ui\search\RecipeSearchViewModel_HiltModules.java, C:\Users\leoja\AndroidStudioProjects\PaleobyLeoRecipes\app\build\generated\source\kapt\release\com\leo\paleorecipes\ui\search\RecipeSearchViewModel_HiltModules_KeyModule_ProvideFactory.java, C:\Users\leoja\AndroidStudioProjects\PaleobyLeoRecipes\app\build\generated\source\kapt\release\com\leo\paleorecipes\utils\DateTimeUtils_Factory.java, C:\Users\leoja\AndroidStudioProjects\PaleobyLeoRecipes\app\build\generated\source\kapt\release\com\leo\paleorecipes\utils\FileUtils_Factory.java, C:\Users\leoja\AndroidStudioProjects\PaleobyLeoRecipes\app\build\generated\source\kapt\release\com\leo\paleorecipes\utils\ImageLoader_Factory.java, C:\Users\leoja\AndroidStudioProjects\PaleobyLeoRecipes\app\build\generated\source\kapt\release\com\leo\paleorecipes\utils\NetworkConnectivityObserver_Factory.java, C:\Users\leoja\AndroidStudioProjects\PaleobyLeoRecipes\app\build\generated\source\kapt\release\com\leo\paleorecipes\utils\PreferenceHelper_Factory.java, C:\Users\leoja\AndroidStudioProjects\PaleobyLeoRecipes\app\build\generated\source\kapt\release\com\leo\paleorecipes\viewmodel\RecipeViewModel_Factory.java, C:\Users\leoja\AndroidStudioProjects\PaleobyLeoRecipes\app\build\generated\source\kapt\release\com\leo\paleorecipes\viewmodel\RecipeViewModel_HiltModules.java, C:\Users\leoja\AndroidStudioProjects\PaleobyLeoRecipes\app\build\generated\source\kapt\release\com\leo\paleorecipes\viewmodel\RecipeViewModel_HiltModules_KeyModule_ProvideFactory.java, C:\Users\leoja\AndroidStudioProjects\PaleobyLeoRecipes\app\build\generated\source\kapt\release\com\leo\paleorecipes\workers\SyncRecipesWorker_AssistedFactory.java, C:\Users\leoja\AndroidStudioProjects\PaleobyLeoRecipes\app\build\generated\source\kapt\release\com\leo\paleorecipes\workers\SyncRecipesWorker_AssistedFactory_Impl.java, C:\Users\leoja\AndroidStudioProjects\PaleobyLeoRecipes\app\build\generated\source\kapt\release\com\leo\paleorecipes\workers\SyncRecipesWorker_Factory.java, C:\Users\leoja\AndroidStudioProjects\PaleobyLeoRecipes\app\build\generated\source\kapt\release\com\leo\paleorecipes\workers\SyncRecipesWorker_Factory_Impl.java, C:\Users\leoja\AndroidStudioProjects\PaleobyLeoRecipes\app\build\generated\source\kapt\release\com\leo\paleorecipes\workers\SyncRecipesWorker_HiltModule.java, C:\Users\leoja\AndroidStudioProjects\PaleobyLeoRecipes\app\build\generated\source\kapt\release\com\leo\paleorecipes\workers\WorkManagerHelper_Factory.java, C:\Users\leoja\AndroidStudioProjects\PaleobyLeoRecipes\app\build\generated\source\kapt\release\dagger\hilt\internal\aggregatedroot\codegen\_com_leo_paleorecipes_PaleoRecipesApplication.java, C:\Users\leoja\AndroidStudioProjects\PaleobyLeoRecipes\app\build\generated\source\kapt\release\hilt_aggregated_deps\_com_leo_paleorecipes_AddEditRecipeActivity_GeneratedInjector.java, C:\Users\leoja\AndroidStudioProjects\PaleobyLeoRecipes\app\build\generated\source\kapt\release\hilt_aggregated_deps\_com_leo_paleorecipes_AddRecipeActivity_GeneratedInjector.java, C:\Users\leoja\AndroidStudioProjects\PaleobyLeoRecipes\app\build\generated\source\kapt\release\hilt_aggregated_deps\_com_leo_paleorecipes_di_AppModule.java, C:\Users\leoja\AndroidStudioProjects\PaleobyLeoRecipes\app\build\generated\source\kapt\release\hilt_aggregated_deps\_com_leo_paleorecipes_di_DatabaseModule.java, C:\Users\leoja\AndroidStudioProjects\PaleobyLeoRecipes\app\build\generated\source\kapt\release\hilt_aggregated_deps\_com_leo_paleorecipes_di_RepositoryModule.java, C:\Users\leoja\AndroidStudioProjects\PaleobyLeoRecipes\app\build\generated\source\kapt\release\hilt_aggregated_deps\_com_leo_paleorecipes_di_TestModule.java, C:\Users\leoja\AndroidStudioProjects\PaleobyLeoRecipes\app\build\generated\source\kapt\release\hilt_aggregated_deps\_com_leo_paleorecipes_di_WorkerFactoryModule.java, C:\Users\leoja\AndroidStudioProjects\PaleobyLeoRecipes\app\build\generated\source\kapt\release\hilt_aggregated_deps\_com_leo_paleorecipes_di_WorkerHelperModule.java, C:\Users\leoja\AndroidStudioProjects\PaleobyLeoRecipes\app\build\generated\source\kapt\release\hilt_aggregated_deps\_com_leo_paleorecipes_di_WorkerModule.java, C:\Users\leoja\AndroidStudioProjects\PaleobyLeoRecipes\app\build\generated\source\kapt\release\hilt_aggregated_deps\_com_leo_paleorecipes_PaleoRecipesApplication_GeneratedInjector.java, C:\Users\leoja\AndroidStudioProjects\PaleobyLeoRecipes\app\build\generated\source\kapt\release\hilt_aggregated_deps\_com_leo_paleorecipes_RecipeListActivity_GeneratedInjector.java, C:\Users\leoja\AndroidStudioProjects\PaleobyLeoRecipes\app\build\generated\source\kapt\release\hilt_aggregated_deps\_com_leo_paleorecipes_ui_fridge_FridgeFragment_GeneratedInjector.java, C:\Users\leoja\AndroidStudioProjects\PaleobyLeoRecipes\app\build\generated\source\kapt\release\hilt_aggregated_deps\_com_leo_paleorecipes_ui_fridge_FridgeViewModel_HiltModules_BindsModule.java, C:\Users\leoja\AndroidStudioProjects\PaleobyLeoRecipes\app\build\generated\source\kapt\release\hilt_aggregated_deps\_com_leo_paleorecipes_ui_fridge_FridgeViewModel_HiltModules_KeyModule.java, C:\Users\leoja\AndroidStudioProjects\PaleobyLeoRecipes\app\build\generated\source\kapt\release\hilt_aggregated_deps\_com_leo_paleorecipes_ui_search_RecipeSearchActivity_GeneratedInjector.java, C:\Users\leoja\AndroidStudioProjects\PaleobyLeoRecipes\app\build\generated\source\kapt\release\hilt_aggregated_deps\_com_leo_paleorecipes_ui_search_RecipeSearchFragment_GeneratedInjector.java, C:\Users\leoja\AndroidStudioProjects\PaleobyLeoRecipes\app\build\generated\source\kapt\release\hilt_aggregated_deps\_com_leo_paleorecipes_ui_search_RecipeSearchViewModel_HiltModules_BindsModule.java, C:\Users\leoja\AndroidStudioProjects\PaleobyLeoRecipes\app\build\generated\source\kapt\release\hilt_aggregated_deps\_com_leo_paleorecipes_ui_search_RecipeSearchViewModel_HiltModules_KeyModule.java, C:\Users\leoja\AndroidStudioProjects\PaleobyLeoRecipes\app\build\generated\source\kapt\release\hilt_aggregated_deps\_com_leo_paleorecipes_viewmodel_RecipeViewModel_HiltModules_BindsModule.java, C:\Users\leoja\AndroidStudioProjects\PaleobyLeoRecipes\app\build\generated\source\kapt\release\hilt_aggregated_deps\_com_leo_paleorecipes_viewmodel_RecipeViewModel_HiltModules_KeyModule.java, C:\Users\leoja\AndroidStudioProjects\PaleobyLeoRecipes\app\build\generated\source\kapt\release\hilt_aggregated_deps\_com_leo_paleorecipes_workers_SyncRecipesWorker_HiltModule.java
Script source files: 
Script file extensions: 
Using Kotlin/JVM incremental compilation
[KOTLIN] Kotlin compilation 'jdkHome' argument: null
i: found daemon on port 17278 (16070499 ms old), trying to connect
i: connected to the daemon
Options for KOTLIN DAEMON: IncrementalCompilationOptions(super=CompilationOptions(compilerMode=INCREMENTAL_COMPILER, targetPlatform=JVM, reportCategories=[0, 3], reportSeverity=2, requestedCompilationResults=[0], kotlinScriptExtensions=[]), areFileChangesKnown=false, modifiedFiles=null, deletedFiles=null, classpathChanges=NotAvailableForNonIncrementalRun, workingDir=C:\Users\leoja\AndroidStudioProjects\PaleobyLeoRecipes\app\build\kotlin\compileReleaseKotlin\cacheable, multiModuleICSettings=MultiModuleICSettings(buildHistoryFile=C:\Users\leoja\AndroidStudioProjects\PaleobyLeoRecipes\app\build\kotlin\compileReleaseKotlin\local-state\build-history.bin, useModuleDetection=true), usePreciseJavaTracking=true, outputFiles=[C:\Users\leoja\AndroidStudioProjects\PaleobyLeoRecipes\app\build\tmp\kotlin-classes\release, C:\Users\leoja\AndroidStudioProjects\PaleobyLeoRecipes\app\build\kotlin\compileReleaseKotlin\cacheable, C:\Users\leoja\AndroidStudioProjects\PaleobyLeoRecipes\app\build\kotlin\compileReleaseKotlin\local-state])
w: file:///C:/Users/leoja/AndroidStudioProjects/PaleobyLeoRecipes/app/src/main/java/com/leo/paleorecipes/AddEditRecipeActivity.kt:124:40 'getParcelableExtra(String!): T?' is deprecated. Deprecated in Java
w: file:///C:/Users/leoja/AndroidStudioProjects/PaleobyLeoRecipes/app/src/main/java/com/leo/paleorecipes/AddEditRecipeActivity.kt:148:13 'onBackPressed(): Unit' is deprecated. Deprecated in Java
w: file:///C:/Users/leoja/AndroidStudioProjects/PaleobyLeoRecipes/app/src/main/java/com/leo/paleorecipes/AddEditRecipeActivity.kt:177:25 'startActivityForResult(Intent, Int): Unit' is deprecated. Deprecated in Java
w: file:///C:/Users/leoja/AndroidStudioProjects/PaleobyLeoRecipes/app/src/main/java/com/leo/paleorecipes/AddRecipeActivity.kt:72:13 'onBackPressed(): Unit' is deprecated. Deprecated in Java
w: file:///C:/Users/leoja/AndroidStudioProjects/PaleobyLeoRecipes/app/src/main/java/com/leo/paleorecipes/AddRecipeActivity.kt:179:13 Variable 'category' is never used
w: file:///C:/Users/leoja/AndroidStudioProjects/PaleobyLeoRecipes/app/src/main/java/com/leo/paleorecipes/AddRecipeActivity.kt:180:13 Variable 'difficulty' is never used
w: file:///C:/Users/leoja/AndroidStudioProjects/PaleobyLeoRecipes/app/src/main/java/com/leo/paleorecipes/AddRecipeActivity.kt:181:13 Variable 'notes' is never used
w: file:///C:/Users/leoja/AndroidStudioProjects/PaleobyLeoRecipes/app/src/main/java/com/leo/paleorecipes/AddRecipeActivity.kt:221:25 Condition 'result != null' is always 'true'
w: file:///C:/Users/leoja/AndroidStudioProjects/PaleobyLeoRecipes/app/src/main/java/com/leo/paleorecipes/RecipeAdapter.kt:51:59 Elvis operator (?:) always returns the left operand of non-nullable type String
w: file:///C:/Users/leoja/AndroidStudioProjects/PaleobyLeoRecipes/app/src/main/java/com/leo/paleorecipes/RecipeDetailActivity.kt:52:17 Variable 'webView' is never used
w: file:///C:/Users/leoja/AndroidStudioProjects/PaleobyLeoRecipes/app/src/main/java/com/leo/paleorecipes/RecipeDetailActivity.kt:175:45 Unnecessary safe call on a non-null receiver of type String
w: file:///C:/Users/leoja/AndroidStudioProjects/PaleobyLeoRecipes/app/src/main/java/com/leo/paleorecipes/RecipeDetailActivity.kt:175:92 Elvis operator (?:) always returns the left operand of non-nullable type String
w: file:///C:/Users/leoja/AndroidStudioProjects/PaleobyLeoRecipes/app/src/main/java/com/leo/paleorecipes/RecipeDetailActivity.kt:240:58 Unnecessary safe call on a non-null receiver of type List<String>
w: file:///C:/Users/leoja/AndroidStudioProjects/PaleobyLeoRecipes/app/src/main/java/com/leo/paleorecipes/RecipeDetailActivity.kt:240:65 Elvis operator (?:) always returns the left operand of non-nullable type Int
w: file:///C:/Users/leoja/AndroidStudioProjects/PaleobyLeoRecipes/app/src/main/java/com/leo/paleorecipes/RecipeDetailActivity.kt:241:60 Unnecessary safe call on a non-null receiver of type List<String>
w: file:///C:/Users/leoja/AndroidStudioProjects/PaleobyLeoRecipes/app/src/main/java/com/leo/paleorecipes/RecipeDetailActivity.kt:241:67 Elvis operator (?:) always returns the left operand of non-nullable type Int
w: file:///C:/Users/leoja/AndroidStudioProjects/PaleobyLeoRecipes/app/src/main/java/com/leo/paleorecipes/RecipeDetailActivity.kt:248:63 Elvis operator (?:) always returns the left operand of non-nullable type String
w: file:///C:/Users/leoja/AndroidStudioProjects/PaleobyLeoRecipes/app/src/main/java/com/leo/paleorecipes/RecipeDetailActivity.kt:256:57 Unnecessary safe call on a non-null receiver of type List<String>
w: file:///C:/Users/leoja/AndroidStudioProjects/PaleobyLeoRecipes/app/src/main/java/com/leo/paleorecipes/RecipeDetailActivity.kt:256:86 Elvis operator (?:) always returns the left operand of non-nullable type String
w: file:///C:/Users/leoja/AndroidStudioProjects/PaleobyLeoRecipes/app/src/main/java/com/leo/paleorecipes/RecipeDetailActivity.kt:260:59 Unnecessary safe call on a non-null receiver of type List<String>
w: file:///C:/Users/leoja/AndroidStudioProjects/PaleobyLeoRecipes/app/src/main/java/com/leo/paleorecipes/RecipeDetailActivity.kt:260:82 Elvis operator (?:) always returns the left operand of non-nullable type String
w: file:///C:/Users/leoja/AndroidStudioProjects/PaleobyLeoRecipes/app/src/main/java/com/leo/paleorecipes/RecipeListActivity.kt:92:13 'onBackPressed(): Unit' is deprecated. Deprecated in Java
w: file:///C:/Users/leoja/AndroidStudioProjects/PaleobyLeoRecipes/app/src/main/java/com/leo/paleorecipes/RecipeListActivity.kt:135:51 No cast needed
w: file:///C:/Users/leoja/AndroidStudioProjects/PaleobyLeoRecipes/app/src/main/java/com/leo/paleorecipes/RecipeListActivity.kt:140:57 No cast needed
w: file:///C:/Users/leoja/AndroidStudioProjects/PaleobyLeoRecipes/app/src/main/java/com/leo/paleorecipes/RecipeListActivity.kt:143:40 No cast needed
w: file:///C:/Users/leoja/AndroidStudioProjects/PaleobyLeoRecipes/app/src/main/java/com/leo/paleorecipes/RecipeListActivity.kt:181:17 Condition 'binding.fab != null' is always 'true'
w: file:///C:/Users/leoja/AndroidStudioProjects/PaleobyLeoRecipes/app/src/main/java/com/leo/paleorecipes/RecipePrintAdapter.kt:73:39 Unnecessary safe call on a non-null receiver of type String
w: file:///C:/Users/leoja/AndroidStudioProjects/PaleobyLeoRecipes/app/src/main/java/com/leo/paleorecipes/RecipePrintAdapter.kt:88:51 'getExternalMediaDirs(): Array<(out) File!>!' is deprecated. Deprecated in Java
w: file:///C:/Users/leoja/AndroidStudioProjects/PaleobyLeoRecipes/app/src/main/java/com/leo/paleorecipes/RecipePrintAdapter.kt:171:52 'getExternalMediaDirs(): Array<(out) File!>!' is deprecated. Deprecated in Java
w: file:///C:/Users/leoja/AndroidStudioProjects/PaleobyLeoRecipes/app/src/main/java/com/leo/paleorecipes/data/RecipeMapper.kt:84:33 Elvis operator (?:) always returns the left operand of non-nullable type Int
w: file:///C:/Users/leoja/AndroidStudioProjects/PaleobyLeoRecipes/app/src/main/java/com/leo/paleorecipes/data/RecipeMapper.kt:85:33 Elvis operator (?:) always returns the left operand of non-nullable type Int
w: file:///C:/Users/leoja/AndroidStudioProjects/PaleobyLeoRecipes/app/src/main/java/com/leo/paleorecipes/data/repository/RecipeRepositoryImpl.kt:109:45 Elvis operator (?:) always returns the left operand of non-nullable type String
w: file:///C:/Users/leoja/AndroidStudioProjects/PaleobyLeoRecipes/app/src/main/java/com/leo/paleorecipes/data/repository/RecipeRepositoryImpl.kt:141:13 Variable 'query' is never used
w: file:///C:/Users/leoja/AndroidStudioProjects/PaleobyLeoRecipes/app/src/main/java/com/leo/paleorecipes/ui/search/RecipeSearchActivity.kt:39:13 'onBackPressed(): Unit' is deprecated. Deprecated in Java
w: file:///C:/Users/leoja/AndroidStudioProjects/PaleobyLeoRecipes/app/src/main/java/com/leo/paleorecipes/utils/NetworkUtils.kt:32:55 'getter for isConnected: Boolean' is deprecated. Deprecated in Java
w: file:///C:/Users/leoja/AndroidStudioProjects/PaleobyLeoRecipes/app/src/main/java/com/leo/paleorecipes/utils/NetworkUtils.kt:47:32 'getter for type: Int' is deprecated. Deprecated in Java
w: file:///C:/Users/leoja/AndroidStudioProjects/PaleobyLeoRecipes/app/src/main/java/com/leo/paleorecipes/utils/NetworkUtils.kt:48:37 'TYPE_MOBILE: Int' is deprecated. Deprecated in Java
w: file:///C:/Users/leoja/AndroidStudioProjects/PaleobyLeoRecipes/app/src/main/java/com/leo/paleorecipes/utils/NetworkUtils.kt:49:37 'TYPE_WIFI: Int' is deprecated. Deprecated in Java
w: file:///C:/Users/leoja/AndroidStudioProjects/PaleobyLeoRecipes/app/src/main/java/com/leo/paleorecipes/viewmodel/RecipeViewModel.kt:66:21 Variable 'insertedRecipe' is never used
w: file:///C:/Users/leoja/AndroidStudioProjects/PaleobyLeoRecipes/app/src/main/java/com/leo/paleorecipes/workers/SyncRecipesWorker.kt:71:13 The corresponding parameter in the supertype 'ChildWorkerFactory' is named 'context'. This may cause problems when calling this function with named arguments.
w: file:///C:/Users/leoja/AndroidStudioProjects/PaleobyLeoRecipes/app/src/main/java/com/leo/paleorecipes/workers/SyncRecipesWorker.kt:72:13 The corresponding parameter in the supertype 'ChildWorkerFactory' is named 'workerParams'. This may cause problems when calling this function with named arguments.
Resolve mutations for :app:compileReleaseJavaWithJavac (Thread[#889,Execution worker Thread 3,5,main]) started.
:app:compileReleaseJavaWithJavac (Thread[#889,Execution worker Thread 3,5,main]) started.

> Task :app:compileDebugKotlin
w: file:///C:/Users/leoja/AndroidStudioProjects/PaleobyLeoRecipes/app/src/main/java/com/leo/paleorecipes/AddEditRecipeActivity.kt:124:40 'getParcelableExtra(String!): T?' is deprecated. Deprecated in Java
w: file:///C:/Users/leoja/AndroidStudioProjects/PaleobyLeoRecipes/app/src/main/java/com/leo/paleorecipes/AddEditRecipeActivity.kt:148:13 'onBackPressed(): Unit' is deprecated. Deprecated in Java
w: file:///C:/Users/leoja/AndroidStudioProjects/PaleobyLeoRecipes/app/src/main/java/com/leo/paleorecipes/AddEditRecipeActivity.kt:177:25 'startActivityForResult(Intent, Int): Unit' is deprecated. Deprecated in Java
w: file:///C:/Users/leoja/AndroidStudioProjects/PaleobyLeoRecipes/app/src/main/java/com/leo/paleorecipes/AddRecipeActivity.kt:72:13 'onBackPressed(): Unit' is deprecated. Deprecated in Java
w: file:///C:/Users/leoja/AndroidStudioProjects/PaleobyLeoRecipes/app/src/main/java/com/leo/paleorecipes/AddRecipeActivity.kt:179:13 Variable 'category' is never used
w: file:///C:/Users/leoja/AndroidStudioProjects/PaleobyLeoRecipes/app/src/main/java/com/leo/paleorecipes/AddRecipeActivity.kt:180:13 Variable 'difficulty' is never used
w: file:///C:/Users/leoja/AndroidStudioProjects/PaleobyLeoRecipes/app/src/main/java/com/leo/paleorecipes/AddRecipeActivity.kt:181:13 Variable 'notes' is never used
w: file:///C:/Users/leoja/AndroidStudioProjects/PaleobyLeoRecipes/app/src/main/java/com/leo/paleorecipes/AddRecipeActivity.kt:221:25 Condition 'result != null' is always 'true'
w: file:///C:/Users/leoja/AndroidStudioProjects/PaleobyLeoRecipes/app/src/main/java/com/leo/paleorecipes/RecipeAdapter.kt:51:59 Elvis operator (?:) always returns the left operand of non-nullable type String
w: file:///C:/Users/leoja/AndroidStudioProjects/PaleobyLeoRecipes/app/src/main/java/com/leo/paleorecipes/RecipeDetailActivity.kt:52:17 Variable 'webView' is never used
w: file:///C:/Users/leoja/AndroidStudioProjects/PaleobyLeoRecipes/app/src/main/java/com/leo/paleorecipes/RecipeDetailActivity.kt:175:45 Unnecessary safe call on a non-null receiver of type String
w: file:///C:/Users/leoja/AndroidStudioProjects/PaleobyLeoRecipes/app/src/main/java/com/leo/paleorecipes/RecipeDetailActivity.kt:175:92 Elvis operator (?:) always returns the left operand of non-nullable type String
w: file:///C:/Users/leoja/AndroidStudioProjects/PaleobyLeoRecipes/app/src/main/java/com/leo/paleorecipes/RecipeDetailActivity.kt:240:58 Unnecessary safe call on a non-null receiver of type List<String>
w: file:///C:/Users/leoja/AndroidStudioProjects/PaleobyLeoRecipes/app/src/main/java/com/leo/paleorecipes/RecipeDetailActivity.kt:240:65 Elvis operator (?:) always returns the left operand of non-nullable type Int
w: file:///C:/Users/leoja/AndroidStudioProjects/PaleobyLeoRecipes/app/src/main/java/com/leo/paleorecipes/RecipeDetailActivity.kt:241:60 Unnecessary safe call on a non-null receiver of type List<String>
w: file:///C:/Users/leoja/AndroidStudioProjects/PaleobyLeoRecipes/app/src/main/java/com/leo/paleorecipes/RecipeDetailActivity.kt:241:67 Elvis operator (?:) always returns the left operand of non-nullable type Int
w: file:///C:/Users/leoja/AndroidStudioProjects/PaleobyLeoRecipes/app/src/main/java/com/leo/paleorecipes/RecipeDetailActivity.kt:248:63 Elvis operator (?:) always returns the left operand of non-nullable type String
w: file:///C:/Users/leoja/AndroidStudioProjects/PaleobyLeoRecipes/app/src/main/java/com/leo/paleorecipes/RecipeDetailActivity.kt:256:57 Unnecessary safe call on a non-null receiver of type List<String>
w: file:///C:/Users/leoja/AndroidStudioProjects/PaleobyLeoRecipes/app/src/main/java/com/leo/paleorecipes/RecipeDetailActivity.kt:256:86 Elvis operator (?:) always returns the left operand of non-nullable type String
w: file:///C:/Users/leoja/AndroidStudioProjects/PaleobyLeoRecipes/app/src/main/java/com/leo/paleorecipes/RecipeDetailActivity.kt:260:59 Unnecessary safe call on a non-null receiver of type List<String>
w: file:///C:/Users/leoja/AndroidStudioProjects/PaleobyLeoRecipes/app/src/main/java/com/leo/paleorecipes/RecipeDetailActivity.kt:260:82 Elvis operator (?:) always returns the left operand of non-nullable type String
w: file:///C:/Users/leoja/AndroidStudioProjects/PaleobyLeoRecipes/app/src/main/java/com/leo/paleorecipes/RecipeListActivity.kt:92:13 'onBackPressed(): Unit' is deprecated. Deprecated in Java
w: file:///C:/Users/leoja/AndroidStudioProjects/PaleobyLeoRecipes/app/src/main/java/com/leo/paleorecipes/RecipeListActivity.kt:135:51 No cast needed
w: file:///C:/Users/leoja/AndroidStudioProjects/PaleobyLeoRecipes/app/src/main/java/com/leo/paleorecipes/RecipeListActivity.kt:140:57 No cast needed
w: file:///C:/Users/leoja/AndroidStudioProjects/PaleobyLeoRecipes/app/src/main/java/com/leo/paleorecipes/RecipeListActivity.kt:143:40 No cast needed
w: file:///C:/Users/leoja/AndroidStudioProjects/PaleobyLeoRecipes/app/src/main/java/com/leo/paleorecipes/RecipeListActivity.kt:181:17 Condition 'binding.fab != null' is always 'true'
w: file:///C:/Users/leoja/AndroidStudioProjects/PaleobyLeoRecipes/app/src/main/java/com/leo/paleorecipes/RecipePrintAdapter.kt:73:39 Unnecessary safe call on a non-null receiver of type String
w: file:///C:/Users/leoja/AndroidStudioProjects/PaleobyLeoRecipes/app/src/main/java/com/leo/paleorecipes/RecipePrintAdapter.kt:88:51 'getExternalMediaDirs(): Array<(out) File!>!' is deprecated. Deprecated in Java
w: file:///C:/Users/leoja/AndroidStudioProjects/PaleobyLeoRecipes/app/src/main/java/com/leo/paleorecipes/RecipePrintAdapter.kt:171:52 'getExternalMediaDirs(): Array<(out) File!>!' is deprecated. Deprecated in Java
w: file:///C:/Users/leoja/AndroidStudioProjects/PaleobyLeoRecipes/app/src/main/java/com/leo/paleorecipes/data/RecipeMapper.kt:84:33 Elvis operator (?:) always returns the left operand of non-nullable type Int
w: file:///C:/Users/leoja/AndroidStudioProjects/PaleobyLeoRecipes/app/src/main/java/com/leo/paleorecipes/data/RecipeMapper.kt:85:33 Elvis operator (?:) always returns the left operand of non-nullable type Int
w: file:///C:/Users/leoja/AndroidStudioProjects/PaleobyLeoRecipes/app/src/main/java/com/leo/paleorecipes/data/repository/RecipeRepositoryImpl.kt:109:45 Elvis operator (?:) always returns the left operand of non-nullable type String
w: file:///C:/Users/leoja/AndroidStudioProjects/PaleobyLeoRecipes/app/src/main/java/com/leo/paleorecipes/data/repository/RecipeRepositoryImpl.kt:141:13 Variable 'query' is never used
w: file:///C:/Users/leoja/AndroidStudioProjects/PaleobyLeoRecipes/app/src/main/java/com/leo/paleorecipes/ui/search/RecipeSearchActivity.kt:39:13 'onBackPressed(): Unit' is deprecated. Deprecated in Java
w: file:///C:/Users/leoja/AndroidStudioProjects/PaleobyLeoRecipes/app/src/main/java/com/leo/paleorecipes/utils/NetworkUtils.kt:32:55 'getter for isConnected: Boolean' is deprecated. Deprecated in Java
w: file:///C:/Users/leoja/AndroidStudioProjects/PaleobyLeoRecipes/app/src/main/java/com/leo/paleorecipes/utils/NetworkUtils.kt:47:32 'getter for type: Int' is deprecated. Deprecated in Java
w: file:///C:/Users/leoja/AndroidStudioProjects/PaleobyLeoRecipes/app/src/main/java/com/leo/paleorecipes/utils/NetworkUtils.kt:48:37 'TYPE_MOBILE: Int' is deprecated. Deprecated in Java
w: file:///C:/Users/leoja/AndroidStudioProjects/PaleobyLeoRecipes/app/src/main/java/com/leo/paleorecipes/utils/NetworkUtils.kt:49:37 'TYPE_WIFI: Int' is deprecated. Deprecated in Java
w: file:///C:/Users/leoja/AndroidStudioProjects/PaleobyLeoRecipes/app/src/main/java/com/leo/paleorecipes/viewmodel/RecipeViewModel.kt:66:21 Variable 'insertedRecipe' is never used
w: file:///C:/Users/leoja/AndroidStudioProjects/PaleobyLeoRecipes/app/src/main/java/com/leo/paleorecipes/workers/SyncRecipesWorker.kt:71:13 The corresponding parameter in the supertype 'ChildWorkerFactory' is named 'context'. This may cause problems when calling this function with named arguments.
w: file:///C:/Users/leoja/AndroidStudioProjects/PaleobyLeoRecipes/app/src/main/java/com/leo/paleorecipes/workers/SyncRecipesWorker.kt:72:13 The corresponding parameter in the supertype 'ChildWorkerFactory' is named 'workerParams'. This may cause problems when calling this function with named arguments.

> Task :app:compileReleaseJavaWithJavac
Transforming commons-codec-1.11.jar (commons-codec:commons-codec:1.11) with IdentityTransform
Transforming gson-2.8.9.jar (com.google.code.gson:gson:2.8.9) with IdentityTransform
Transforming auto-common-0.10.jar (com.google.auto:auto-common:0.10) with IdentityTransform
Transforming kotlin-stdlib-jdk8-1.8.20-RC2.jar (org.jetbrains.kotlin:kotlin-stdlib-jdk8:1.8.20-RC2) with IdentityTransform
Transforming kotlin-stdlib-jdk7-1.8.20-RC2.jar (org.jetbrains.kotlin:kotlin-stdlib-jdk7:1.8.20-RC2) with IdentityTransform
Transforming kotlin-stdlib-1.8.20-RC2.jar (org.jetbrains.kotlin:kotlin-stdlib:1.8.20-RC2) with IdentityTransform
Transforming kotlin-stdlib-common-1.8.20-RC2.jar (org.jetbrains.kotlin:kotlin-stdlib-common:1.8.20-RC2) with IdentityTransform
Transforming javapoet-1.10.0.jar (com.squareup:javapoet:1.10.0) with IdentityTransform
Transforming core-for-system-modules.jar with JdkImageTransform
Caching disabled for JdkImageTransform: C:\Users\leoja\AppData\Local\Android\Sdk\platforms\android-34\core-for-system-modules.jar because:
  Build cache is disabled
JdkImageTransform: C:\Users\leoja\AppData\Local\Android\Sdk\platforms\android-34\core-for-system-modules.jar is not up-to-date because:
  Task has failed previously.
Starting process 'command 'C:\Java\jdk-21\bin\jlink.exe''. Working directory: C:\Users\leoja\AndroidStudioProjects\PaleobyLeoRecipes\app Command: C:\Java\jdk-21\bin\jlink.exe --version
Successfully started process 'command 'C:\Java\jdk-21\bin\jlink.exe''
Starting process 'command 'C:\Java\jdk-21\bin\javac.exe''. Working directory: C:\Users\leoja\AndroidStudioProjects\PaleobyLeoRecipes\app Command: C:\Java\jdk-21\bin\javac.exe --system=none --patch-module=java.base=C:\Users\leoja\AppData\Local\Android\Sdk\platforms\android-34\core-for-system-modules.jar -d C:\Users\leoja\.gradle\caches\transforms-3\b316eaede6d2e18449712c78efbc98e5\transformed\output\temp C:\Users\leoja\.gradle\caches\transforms-3\b316eaede6d2e18449712c78efbc98e5\transformed\output\temp\module-info.java
Successfully started process 'command 'C:\Java\jdk-21\bin\javac.exe''
Starting process 'command 'C:\Java\jdk-21\bin\jmod.exe''. Working directory: C:\Users\leoja\AndroidStudioProjects\PaleobyLeoRecipes\app Command: C:\Java\jdk-21\bin\jmod.exe create --module-version 21 --target-platform android --class-path C:\Users\leoja\.gradle\caches\transforms-3\b316eaede6d2e18449712c78efbc98e5\transformed\output\temp\module.jar C:\Users\leoja\.gradle\caches\transforms-3\b316eaede6d2e18449712c78efbc98e5\transformed\output\temp\jmod\java.base.jmod
Successfully started process 'command 'C:\Java\jdk-21\bin\jmod.exe''
Starting process 'command 'C:\Java\jdk-21\bin\jlink.exe''. Working directory: C:\Users\leoja\AndroidStudioProjects\PaleobyLeoRecipes\app Command: C:\Java\jdk-21\bin\jlink.exe --module-path C:\Users\leoja\.gradle\caches\transforms-3\b316eaede6d2e18449712c78efbc98e5\transformed\output\temp\jmod --add-modules java.base --output C:\Users\leoja\.gradle\caches\transforms-3\b316eaede6d2e18449712c78efbc98e5\transformed\output\jdkImage --disable-plugin system-modules
Successfully started process 'command 'C:\Java\jdk-21\bin\jlink.exe''
Error: jdk.tools.jlink.plugin.PluginException: ModuleTarget is malformed: platformString missing delimiter: android


> Task :app:compileReleaseJavaWithJavac FAILED
AAPT2 aapt2-8.1.0-10154469-windows Daemon #0: shutdown

FAILURE: Build failed with an exception.

* What went wrong:
Execution failed for task ':app:compileReleaseJavaWithJavac'.
> Could not resolve all files for configuration ':app:androidJdkImage'.
   > Failed to transform core-for-system-modules.jar to match attributes {artifactType=_internal_android_jdk_image, org.gradle.libraryelements=jar, org.gradle.usage=java-runtime}.
      > Execution failed for JdkImageTransform: C:\Users\leoja\AppData\Local\Android\Sdk\platforms\android-34\core-for-system-modules.jar.
         > Error while executing process C:\Java\jdk-21\bin\jlink.exe with arguments {--module-path C:\Users\leoja\.gradle\caches\transforms-3\b316eaede6d2e18449712c78efbc98e5\transformed\output\temp\jmod --add-modules java.base --output C:\Users\leoja\.gradle\caches\transforms-3\b316eaede6d2e18449712c78efbc98e5\transformed\output\jdkImage --disable-plugin system-modules}

* Try:
> Run with --stacktrace option to get the stack trace.
> Run with --debug option to get more log output.
> Run with --scan to get full insights.
> Get more help at https://help.gradle.org.

BUILD FAILED in 36s
71 actionable tasks: 70 executed, 1 up-to-date
Watched directory hierarchies: [C:\Users\leoja\AndroidStudioProjects\PaleobyLeoRecipes]
